SINGULAR_FQ2_POINT_COUNT_BEGIN
mode=shard
candidate_sha256=9061726295086f58f74f3751b2f7c2d59c5cb86de5e53ecd636687fd54daa7ce
field_modulus=a2-a+3
RECORD|index=6048|total=0|smooth=0|singular=0
RECORD|index=6049|total=1|smooth=1|singular=0
RECORD|index=6050|total=2|smooth=2|singular=0
RECORD|index=6051|total=0|smooth=0|singular=0
RECORD|index=6052|total=1|smooth=1|singular=0
RECORD|index=6053|total=1|smooth=1|singular=0
RECORD|index=6054|total=0|smooth=0|singular=0
RECORD|index=6055|total=0|smooth=0|singular=0
RECORD|index=6056|total=0|smooth=0|singular=0
RECORD|index=6057|total=0|smooth=0|singular=0
RECORD|index=6058|total=0|smooth=0|singular=0
RECORD|index=6059|total=0|smooth=0|singular=0
RECORD|index=6060|total=0|smooth=0|singular=0
RECORD|index=6061|total=0|smooth=0|singular=0
RECORD|index=6062|total=1|smooth=1|singular=0
RECORD|index=6063|total=2|smooth=2|singular=0
RECORD|index=6064|total=3|smooth=3|singular=0
RECORD|index=6065|total=2|smooth=2|singular=0
RECORD|index=6066|total=2|smooth=2|singular=0
RECORD|index=6067|total=0|smooth=0|singular=0
RECORD|index=6068|total=2|smooth=2|singular=0
RECORD|index=6069|total=0|smooth=0|singular=0
RECORD|index=6070|total=1|smooth=1|singular=0
RECORD|index=6071|total=1|smooth=1|singular=0
RECORD|index=6072|total=0|smooth=0|singular=0
RECORD|index=6073|total=1|smooth=1|singular=0
RECORD|index=6074|total=0|smooth=0|singular=0
RECORD|index=6075|total=1|smooth=1|singular=0
RECORD|index=6076|total=2|smooth=2|singular=0
RECORD|index=6077|total=1|smooth=1|singular=0
RECORD|index=6078|total=2|smooth=2|singular=0
RECORD|index=6079|total=0|smooth=0|singular=0
RECORD|index=6080|total=0|smooth=0|singular=0
RECORD|index=6081|total=0|smooth=0|singular=0
RECORD|index=6082|total=1|smooth=1|singular=0
RECORD|index=6083|total=1|smooth=1|singular=0
RECORD|index=6084|total=0|smooth=0|singular=0
RECORD|index=6085|total=1|smooth=1|singular=0
RECORD|index=6086|total=1|smooth=1|singular=0
RECORD|index=6087|total=1|smooth=1|singular=0
RECORD|index=6088|total=1|smooth=1|singular=0
RECORD|index=6089|total=1|smooth=1|singular=0
RECORD|index=6090|total=1|smooth=1|singular=0
RECORD|index=6091|total=2|smooth=2|singular=0
RECORD|index=6092|total=0|smooth=0|singular=0
RECORD|index=6093|total=0|smooth=0|singular=0
RECORD|index=6094|total=1|smooth=1|singular=0
RECORD|index=6095|total=2|smooth=2|singular=0
RECORD|index=6096|total=3|smooth=3|singular=0
RECORD|index=6097|total=0|smooth=0|singular=0
RECORD|index=6098|total=1|smooth=1|singular=0
RECORD|index=6099|total=0|smooth=0|singular=0
RECORD|index=6100|total=2|smooth=2|singular=0
RECORD|index=6101|total=0|smooth=0|singular=0
RECORD|index=6102|total=1|smooth=1|singular=0
RECORD|index=6103|total=0|smooth=0|singular=0
RECORD|index=6104|total=2|smooth=2|singular=0
RECORD|index=6105|total=0|smooth=0|singular=0
RECORD|index=6106|total=3|smooth=3|singular=0
RECORD|index=6107|total=0|smooth=0|singular=0
RECORD|index=6108|total=0|smooth=0|singular=0
RECORD|index=6109|total=1|smooth=1|singular=0
RECORD|index=6110|total=2|smooth=2|singular=0
RECORD|index=6111|total=0|smooth=0|singular=0
RECORD|index=6112|total=1|smooth=1|singular=0
RECORD|index=6113|total=1|smooth=1|singular=0
RECORD|index=6114|total=0|smooth=0|singular=0
RECORD|index=6115|total=1|smooth=1|singular=0
RECORD|index=6116|total=2|smooth=2|singular=0
RECORD|index=6117|total=0|smooth=0|singular=0
RECORD|index=6118|total=0|smooth=0|singular=0
RECORD|index=6119|total=1|smooth=1|singular=0
RECORD|index=6120|total=1|smooth=1|singular=0
RECORD|index=6121|total=0|smooth=0|singular=0
RECORD|index=6122|total=1|smooth=1|singular=0
RECORD|index=6123|total=0|smooth=0|singular=0
RECORD|index=6124|total=1|smooth=1|singular=0
RECORD|index=6125|total=1|smooth=1|singular=0
RECORD|index=6126|total=0|smooth=0|singular=0
RECORD|index=6127|total=1|smooth=1|singular=0
RECORD|index=6128|total=2|smooth=2|singular=0
RECORD|index=6129|total=0|smooth=0|singular=0
RECORD|index=6130|total=0|smooth=0|singular=0
RECORD|index=6131|total=0|smooth=0|singular=0
RECORD|index=6132|total=1|smooth=1|singular=0
RECORD|index=6133|total=1|smooth=1|singular=0
RECORD|index=6134|total=0|smooth=0|singular=0
RECORD|index=6135|total=1|smooth=1|singular=0
RECORD|index=6136|total=0|smooth=0|singular=0
RECORD|index=6137|total=2|smooth=2|singular=0
RECORD|index=6138|total=0|smooth=0|singular=0
RECORD|index=6139|total=1|smooth=1|singular=0
RECORD|index=6140|total=1|smooth=1|singular=0
RECORD|index=6141|total=2|smooth=2|singular=0
RECORD|index=6142|total=0|smooth=0|singular=0
RECORD|index=6143|total=1|smooth=1|singular=0
RECORD|index=6144|total=1|smooth=1|singular=0
RECORD|index=6145|total=1|smooth=1|singular=0
RECORD|index=6146|total=0|smooth=0|singular=0
RECORD|index=6147|total=3|smooth=3|singular=0
RECORD|index=6148|total=1|smooth=1|singular=0
RECORD|index=6149|total=0|smooth=0|singular=0
RECORD|index=6150|total=0|smooth=0|singular=0
RECORD|index=6151|total=1|smooth=1|singular=0
RECORD|index=6152|total=1|smooth=1|singular=0
RECORD|index=6153|total=0|smooth=0|singular=0
RECORD|index=6154|total=1|smooth=1|singular=0
RECORD|index=6155|total=1|smooth=1|singular=0
RECORD|index=6156|total=0|smooth=0|singular=0
RECORD|index=6157|total=0|smooth=0|singular=0
RECORD|index=6158|total=1|smooth=1|singular=0
RECORD|index=6159|total=1|smooth=1|singular=0
RECORD|index=6160|total=0|smooth=0|singular=0
RECORD|index=6161|total=1|smooth=1|singular=0
RECORD|index=6162|total=0|smooth=0|singular=0
RECORD|index=6163|total=2|smooth=2|singular=0
RECORD|index=6164|total=1|smooth=1|singular=0
RECORD|index=6165|total=1|smooth=1|singular=0
RECORD|index=6166|total=1|smooth=1|singular=0
RECORD|index=6167|total=0|smooth=0|singular=0
RECORD|index=6168|total=0|smooth=0|singular=0
RECORD|index=6169|total=1|smooth=1|singular=0
RECORD|index=6170|total=0|smooth=0|singular=0
RECORD|index=6171|total=1|smooth=1|singular=0
RECORD|index=6172|total=0|smooth=0|singular=0
RECORD|index=6173|total=3|smooth=3|singular=0
RECORD|index=6174|total=1|smooth=1|singular=0
RECORD|index=6175|total=1|smooth=1|singular=0
RECORD|index=6176|total=0|smooth=0|singular=0
RECORD|index=6177|total=2|smooth=2|singular=0
RECORD|index=6178|total=1|smooth=1|singular=0
RECORD|index=6179|total=0|smooth=0|singular=0
RECORD|index=6180|total=2|smooth=2|singular=0
RECORD|index=6181|total=1|smooth=1|singular=0
RECORD|index=6182|total=0|smooth=0|singular=0
RECORD|index=6183|total=2|smooth=2|singular=0
RECORD|index=6184|total=1|smooth=1|singular=0
RECORD|index=6185|total=0|smooth=0|singular=0
RECORD|index=6186|total=0|smooth=0|singular=0
RECORD|index=6187|total=1|smooth=1|singular=0
RECORD|index=6188|total=1|smooth=1|singular=0
RECORD|index=6189|total=2|smooth=2|singular=0
RECORD|index=6190|total=0|smooth=0|singular=0
RECORD|index=6191|total=1|smooth=1|singular=0
RECORD|index=6192|total=2|smooth=2|singular=0
RECORD|index=6193|total=1|smooth=1|singular=0
RECORD|index=6194|total=0|smooth=0|singular=0
RECORD|index=6195|total=0|smooth=0|singular=0
RECORD|index=6196|total=3|smooth=3|singular=0
RECORD|index=6197|total=1|smooth=1|singular=0
RECORD|index=6198|total=1|smooth=1|singular=0
RECORD|index=6199|total=0|smooth=0|singular=0
RECORD|index=6200|total=0|smooth=0|singular=0
RECORD|index=6201|total=2|smooth=2|singular=0
RECORD|index=6202|total=3|smooth=3|singular=0
RECORD|index=6203|total=4|smooth=4|singular=0
RECORD|index=6204|total=0|smooth=0|singular=0
RECORD|index=6205|total=0|smooth=0|singular=0
RECORD|index=6206|total=0|smooth=0|singular=0
RECORD|index=6207|total=1|smooth=1|singular=0
RECORD|index=6208|total=2|smooth=2|singular=0
RECORD|index=6209|total=0|smooth=0|singular=0
RECORD|index=6210|total=2|smooth=2|singular=0
RECORD|index=6211|total=3|smooth=3|singular=0
RECORD|index=6212|total=0|smooth=0|singular=0
RECORD|index=6213|total=1|smooth=1|singular=0
RECORD|index=6214|total=1|smooth=1|singular=0
RECORD|index=6215|total=1|smooth=1|singular=0
RECORD|index=6216|total=1|smooth=1|singular=0
RECORD|index=6217|total=0|smooth=0|singular=0
RECORD|index=6218|total=1|smooth=1|singular=0
RECORD|index=6219|total=1|smooth=1|singular=0
RECORD|index=6220|total=2|smooth=2|singular=0
RECORD|index=6221|total=2|smooth=2|singular=0
RECORD|index=6222|total=1|smooth=1|singular=0
RECORD|index=6223|total=0|smooth=0|singular=0
RECORD|index=6224|total=1|smooth=1|singular=0
RECORD|index=6225|total=0|smooth=0|singular=0
RECORD|index=6226|total=4|smooth=4|singular=0
RECORD|index=6227|total=1|smooth=1|singular=0
RECORD|index=6228|total=0|smooth=0|singular=0
RECORD|index=6229|total=1|smooth=1|singular=0
RECORD|index=6230|total=0|smooth=0|singular=0
RECORD|index=6231|total=0|smooth=0|singular=0
RECORD|index=6232|total=1|smooth=1|singular=0
RECORD|index=6233|total=1|smooth=1|singular=0
RECORD|index=6234|total=2|smooth=2|singular=0
RECORD|index=6235|total=1|smooth=1|singular=0
RECORD|index=6236|total=0|smooth=0|singular=0
RECORD|index=6237|total=2|smooth=2|singular=0
RECORD|index=6238|total=1|smooth=1|singular=0
RECORD|index=6239|total=0|smooth=0|singular=0
RECORD|index=6240|total=1|smooth=1|singular=0
RECORD|index=6241|total=1|smooth=1|singular=0
RECORD|index=6242|total=2|smooth=2|singular=0
RECORD|index=6243|total=0|smooth=0|singular=0
RECORD|index=6244|total=1|smooth=1|singular=0
RECORD|index=6245|total=1|smooth=1|singular=0
RECORD|index=6246|total=2|smooth=2|singular=0
RECORD|index=6247|total=2|smooth=2|singular=0
RECORD|index=6248|total=0|smooth=0|singular=0
RECORD|index=6249|total=1|smooth=1|singular=0
RECORD|index=6250|total=1|smooth=1|singular=0
RECORD|index=6251|total=1|smooth=1|singular=0
RECORD|index=6252|total=1|smooth=1|singular=0
RECORD|index=6253|total=0|smooth=0|singular=0
RECORD|index=6254|total=1|smooth=1|singular=0
RECORD|index=6255|total=0|smooth=0|singular=0
RECORD|index=6256|total=1|smooth=1|singular=0
RECORD|index=6257|total=1|smooth=1|singular=0
RECORD|index=6258|total=2|smooth=2|singular=0
RECORD|index=6259|total=1|smooth=1|singular=0
RECORD|index=6260|total=0|smooth=0|singular=0
RECORD|index=6261|total=1|smooth=1|singular=0
RECORD|index=6262|total=2|smooth=2|singular=0
RECORD|index=6263|total=5|smooth=5|singular=0
RECORD|index=6264|total=4|smooth=4|singular=0
RECORD|index=6265|total=4|smooth=4|singular=0
RECORD|index=6266|total=1|smooth=1|singular=0
RECORD|index=6267|total=0|smooth=0|singular=0
RECORD|index=6268|total=2|smooth=2|singular=0
RECORD|index=6269|total=2|smooth=2|singular=0
RECORD|index=6270|total=1|smooth=1|singular=0
RECORD|index=6271|total=1|smooth=1|singular=0
RECORD|index=6272|total=0|smooth=0|singular=0
RECORD|index=6273|total=3|smooth=3|singular=0
RECORD|index=6274|total=0|smooth=0|singular=0
RECORD|index=6275|total=1|smooth=1|singular=0
RECORD|index=6276|total=0|smooth=0|singular=0
RECORD|index=6277|total=1|smooth=1|singular=0
RECORD|index=6278|total=2|smooth=2|singular=0
RECORD|index=6279|total=1|smooth=1|singular=0
RECORD|index=6280|total=3|smooth=3|singular=0
RECORD|index=6281|total=1|smooth=1|singular=0
RECORD|index=6282|total=0|smooth=0|singular=0
RECORD|index=6283|total=0|smooth=0|singular=0
RECORD|index=6284|total=1|smooth=1|singular=0
RECORD|index=6285|total=0|smooth=0|singular=0
RECORD|index=6286|total=0|smooth=0|singular=0
RECORD|index=6287|total=2|smooth=2|singular=0
RECORD|index=6288|total=0|smooth=0|singular=0
RECORD|index=6289|total=0|smooth=0|singular=0
RECORD|index=6290|total=0|smooth=0|singular=0
RECORD|index=6291|total=0|smooth=0|singular=0
RECORD|index=6292|total=1|smooth=1|singular=0
RECORD|index=6293|total=2|smooth=2|singular=0
RECORD|index=6294|total=0|smooth=0|singular=0
RECORD|index=6295|total=0|smooth=0|singular=0
RECORD|index=6296|total=0|smooth=0|singular=0
RECORD|index=6297|total=0|smooth=0|singular=0
RECORD|index=6298|total=1|smooth=1|singular=0
RECORD|index=6299|total=0|smooth=0|singular=0
RECORD|index=6300|total=1|smooth=1|singular=0
RECORD|index=6301|total=1|smooth=1|singular=0
RECORD|index=6302|total=0|smooth=0|singular=0
RECORD|index=6303|total=0|smooth=0|singular=0
RECORD|index=6304|total=1|smooth=1|singular=0
RECORD|index=6305|total=0|smooth=0|singular=0
RECORD|index=6306|total=2|smooth=2|singular=0
RECORD|index=6307|total=1|smooth=1|singular=0
RECORD|index=6308|total=2|smooth=2|singular=0
RECORD|index=6309|total=1|smooth=1|singular=0
RECORD|index=6310|total=0|smooth=0|singular=0
RECORD|index=6311|total=0|smooth=0|singular=0
RECORD|index=6312|total=1|smooth=1|singular=0
RECORD|index=6313|total=0|smooth=0|singular=0
RECORD|index=6314|total=2|smooth=2|singular=0
RECORD|index=6315|total=0|smooth=0|singular=0
RECORD|index=6316|total=1|smooth=1|singular=0
RECORD|index=6317|total=1|smooth=1|singular=0
RECORD|index=6318|total=0|smooth=0|singular=0
RECORD|index=6319|total=2|smooth=2|singular=0
RECORD|index=6320|total=0|smooth=0|singular=0
RECORD|index=6321|total=1|smooth=1|singular=0
RECORD|index=6322|total=1|smooth=1|singular=0
RECORD|index=6323|total=1|smooth=1|singular=0
RECORD|index=6324|total=0|smooth=0|singular=0
RECORD|index=6325|total=0|smooth=0|singular=0
RECORD|index=6326|total=1|smooth=1|singular=0
RECORD|index=6327|total=0|smooth=0|singular=0
RECORD|index=6328|total=1|smooth=1|singular=0
RECORD|index=6329|total=0|smooth=0|singular=0
RECORD|index=6330|total=0|smooth=0|singular=0
RECORD|index=6331|total=0|smooth=0|singular=0
RECORD|index=6332|total=1|smooth=1|singular=0
RECORD|index=6333|total=1|smooth=1|singular=0
RECORD|index=6334|total=2|smooth=2|singular=0
RECORD|index=6335|total=4|smooth=4|singular=0
RECORD|index=6336|total=0|smooth=0|singular=0
RECORD|index=6337|total=1|smooth=1|singular=0
RECORD|index=6338|total=1|smooth=1|singular=0
RECORD|index=6339|total=0|smooth=0|singular=0
RECORD|index=6340|total=0|smooth=0|singular=0
RECORD|index=6341|total=0|smooth=0|singular=0
RECORD|index=6342|total=2|smooth=2|singular=0
RECORD|index=6343|total=1|smooth=1|singular=0
RECORD|index=6344|total=0|smooth=0|singular=0
RECORD|index=6345|total=1|smooth=1|singular=0
RECORD|index=6346|total=2|smooth=2|singular=0
RECORD|index=6347|total=2|smooth=2|singular=0
RECORD|index=6348|total=0|smooth=0|singular=0
RECORD|index=6349|total=1|smooth=1|singular=0
RECORD|index=6350|total=1|smooth=1|singular=0
RECORD|index=6351|total=2|smooth=2|singular=0
RECORD|index=6352|total=1|smooth=1|singular=0
RECORD|index=6353|total=0|smooth=0|singular=0
RECORD|index=6354|total=2|smooth=2|singular=0
RECORD|index=6355|total=0|smooth=0|singular=0
RECORD|index=6356|total=1|smooth=1|singular=0
RECORD|index=6357|total=0|smooth=0|singular=0
RECORD|index=6358|total=0|smooth=0|singular=0
RECORD|index=6359|total=1|smooth=1|singular=0
RECORD|index=6360|total=0|smooth=0|singular=0
RECORD|index=6361|total=1|smooth=1|singular=0
RECORD|index=6362|total=1|smooth=1|singular=0
RECORD|index=6363|total=0|smooth=0|singular=0
RECORD|index=6364|total=0|smooth=0|singular=0
RECORD|index=6365|total=0|smooth=0|singular=0
RECORD|index=6366|total=1|smooth=1|singular=0
RECORD|index=6367|total=0|smooth=0|singular=0
RECORD|index=6368|total=3|smooth=3|singular=0
RECORD|index=6369|total=0|smooth=0|singular=0
RECORD|index=6370|total=1|smooth=1|singular=0
RECORD|index=6371|total=0|smooth=0|singular=0
RECORD|index=6372|total=0|smooth=0|singular=0
RECORD|index=6373|total=1|smooth=1|singular=0
RECORD|index=6374|total=1|smooth=1|singular=0
RECORD|index=6375|total=2|smooth=2|singular=0
RECORD|index=6376|total=1|smooth=1|singular=0
RECORD|index=6377|total=2|smooth=2|singular=0
RECORD|index=6378|total=1|smooth=1|singular=0
RECORD|index=6379|total=2|smooth=2|singular=0
RECORD|index=6380|total=1|smooth=1|singular=0
RECORD|index=6381|total=3|smooth=3|singular=0
RECORD|index=6382|total=2|smooth=2|singular=0
RECORD|index=6383|total=0|smooth=0|singular=0
RECORD|index=6384|total=0|smooth=0|singular=0
RECORD|index=6385|total=1|smooth=1|singular=0
RECORD|index=6386|total=1|smooth=1|singular=0
RECORD|index=6387|total=1|smooth=1|singular=0
RECORD|index=6388|total=0|smooth=0|singular=0
RECORD|index=6389|total=1|smooth=1|singular=0
RECORD|index=6390|total=3|smooth=3|singular=0
RECORD|index=6391|total=1|smooth=1|singular=0
RECORD|index=6392|total=0|smooth=0|singular=0
RECORD|index=6393|total=0|smooth=0|singular=0
RECORD|index=6394|total=1|smooth=1|singular=0
RECORD|index=6395|total=1|smooth=1|singular=0
RECORD|index=6396|total=1|smooth=1|singular=0
RECORD|index=6397|total=0|smooth=0|singular=0
RECORD|index=6398|total=2|smooth=2|singular=0
RECORD|index=6399|total=2|smooth=2|singular=0
RECORD|index=6400|total=0|smooth=0|singular=0
RECORD|index=6401|total=1|smooth=1|singular=0
RECORD|index=6402|total=0|smooth=0|singular=0
RECORD|index=6403|total=0|smooth=0|singular=0
RECORD|index=6404|total=0|smooth=0|singular=0
RECORD|index=6405|total=2|smooth=2|singular=0
RECORD|index=6406|total=3|smooth=3|singular=0
RECORD|index=6407|total=0|smooth=0|singular=0
RECORD|index=6408|total=0|smooth=0|singular=0
RECORD|index=6409|total=0|smooth=0|singular=0
RECORD|index=6410|total=0|smooth=0|singular=0
RECORD|index=6411|total=1|smooth=1|singular=0
RECORD|index=6412|total=1|smooth=1|singular=0
RECORD|index=6413|total=1|smooth=1|singular=0
RECORD|index=6414|total=3|smooth=3|singular=0
RECORD|index=6415|total=1|smooth=1|singular=0
RECORD|index=6416|total=0|smooth=0|singular=0
RECORD|index=6417|total=1|smooth=1|singular=0
RECORD|index=6418|total=1|smooth=1|singular=0
RECORD|index=6419|total=2|smooth=2|singular=0
RECORD|index=6420|total=0|smooth=0|singular=0
RECORD|index=6421|total=0|smooth=0|singular=0
RECORD|index=6422|total=0|smooth=0|singular=0
RECORD|index=6423|total=1|smooth=1|singular=0
RECORD|index=6424|total=2|smooth=2|singular=0
RECORD|index=6425|total=0|smooth=0|singular=0
RECORD|index=6426|total=1|smooth=1|singular=0
RECORD|index=6427|total=0|smooth=0|singular=0
RECORD|index=6428|total=0|smooth=0|singular=0
RECORD|index=6429|total=0|smooth=0|singular=0
RECORD|index=6430|total=2|smooth=2|singular=0
RECORD|index=6431|total=0|smooth=0|singular=0
RECORD|index=6432|total=1|smooth=1|singular=0
RECORD|index=6433|total=1|smooth=1|singular=0
RECORD|index=6434|total=0|smooth=0|singular=0
RECORD|index=6435|total=0|smooth=0|singular=0
RECORD|index=6436|total=1|smooth=1|singular=0
RECORD|index=6437|total=0|smooth=0|singular=0
RECORD|index=6438|total=0|smooth=0|singular=0
RECORD|index=6439|total=1|smooth=1|singular=0
RECORD|index=6440|total=0|smooth=0|singular=0
RECORD|index=6441|total=1|smooth=1|singular=0
RECORD|index=6442|total=3|smooth=3|singular=0
RECORD|index=6443|total=2|smooth=2|singular=0
RECORD|index=6444|total=0|smooth=0|singular=0
RECORD|index=6445|total=2|smooth=2|singular=0
RECORD|index=6446|total=1|smooth=1|singular=0
RECORD|index=6447|total=1|smooth=1|singular=0
RECORD|index=6448|total=0|smooth=0|singular=0
RECORD|index=6449|total=1|smooth=1|singular=0
RECORD|index=6450|total=2|smooth=2|singular=0
RECORD|index=6451|total=1|smooth=1|singular=0
RECORD|index=6452|total=0|smooth=0|singular=0
RECORD|index=6453|total=0|smooth=0|singular=0
RECORD|index=6454|total=1|smooth=1|singular=0
RECORD|index=6455|total=2|smooth=2|singular=0
RECORD|index=6456|total=0|smooth=0|singular=0
RECORD|index=6457|total=1|smooth=1|singular=0
RECORD|index=6458|total=0|smooth=0|singular=0
RECORD|index=6459|total=0|smooth=0|singular=0
RECORD|index=6460|total=2|smooth=2|singular=0
RECORD|index=6461|total=0|smooth=0|singular=0
RECORD|index=6462|total=2|smooth=2|singular=0
RECORD|index=6463|total=2|smooth=2|singular=0
RECORD|index=6464|total=2|smooth=2|singular=0
RECORD|index=6465|total=1|smooth=1|singular=0
RECORD|index=6466|total=3|smooth=3|singular=0
RECORD|index=6467|total=1|smooth=1|singular=0
RECORD|index=6468|total=0|smooth=0|singular=0
RECORD|index=6469|total=1|smooth=1|singular=0
RECORD|index=6470|total=4|smooth=4|singular=0
RECORD|index=6471|total=0|smooth=0|singular=0
RECORD|index=6472|total=0|smooth=0|singular=0
RECORD|index=6473|total=3|smooth=3|singular=0
RECORD|index=6474|total=2|smooth=2|singular=0
RECORD|index=6475|total=1|smooth=1|singular=0
RECORD|index=6476|total=1|smooth=1|singular=0
RECORD|index=6477|total=0|smooth=0|singular=0
RECORD|index=6478|total=1|smooth=1|singular=0
RECORD|index=6479|total=0|smooth=0|singular=0
RECORD|index=6480|total=1|smooth=1|singular=0
RECORD|index=6481|total=0|smooth=0|singular=0
RECORD|index=6482|total=2|smooth=2|singular=0
RECORD|index=6483|total=1|smooth=1|singular=0
RECORD|index=6484|total=1|smooth=1|singular=0
RECORD|index=6485|total=4|smooth=4|singular=0
RECORD|index=6486|total=0|smooth=0|singular=0
RECORD|index=6487|total=1|smooth=1|singular=0
RECORD|index=6488|total=1|smooth=1|singular=0
RECORD|index=6489|total=0|smooth=0|singular=0
RECORD|index=6490|total=1|smooth=1|singular=0
RECORD|index=6491|total=0|smooth=0|singular=0
RECORD|index=6492|total=1|smooth=1|singular=0
RECORD|index=6493|total=0|smooth=0|singular=0
RECORD|index=6494|total=0|smooth=0|singular=0
RECORD|index=6495|total=0|smooth=0|singular=0
RECORD|index=6496|total=2|smooth=2|singular=0
RECORD|index=6497|total=0|smooth=0|singular=0
RECORD|index=6498|total=1|smooth=1|singular=0
RECORD|index=6499|total=2|smooth=2|singular=0
RECORD|index=6500|total=1|smooth=1|singular=0
RECORD|index=6501|total=2|smooth=2|singular=0
RECORD|index=6502|total=0|smooth=0|singular=0
RECORD|index=6503|total=2|smooth=2|singular=0
RECORD|index=6504|total=3|smooth=3|singular=0
RECORD|index=6505|total=1|smooth=1|singular=0
RECORD|index=6506|total=0|smooth=0|singular=0
RECORD|index=6507|total=0|smooth=0|singular=0
RECORD|index=6508|total=2|smooth=2|singular=0
RECORD|index=6509|total=0|smooth=0|singular=0
RECORD|index=6510|total=1|smooth=1|singular=0
RECORD|index=6511|total=2|smooth=2|singular=0
RECORD|index=6512|total=0|smooth=0|singular=0
RECORD|index=6513|total=2|smooth=2|singular=0
RECORD|index=6514|total=1|smooth=1|singular=0
RECORD|index=6515|total=0|smooth=0|singular=0
RECORD|index=6516|total=2|smooth=2|singular=0
RECORD|index=6517|total=1|smooth=1|singular=0
RECORD|index=6518|total=0|smooth=0|singular=0
RECORD|index=6519|total=0|smooth=0|singular=0
RECORD|index=6520|total=1|smooth=1|singular=0
RECORD|index=6521|total=1|smooth=1|singular=0
RECORD|index=6522|total=0|smooth=0|singular=0
RECORD|index=6523|total=0|smooth=0|singular=0
RECORD|index=6524|total=0|smooth=0|singular=0
RECORD|index=6525|total=0|smooth=0|singular=0
RECORD|index=6526|total=0|smooth=0|singular=0
RECORD|index=6527|total=0|smooth=0|singular=0
RECORD|index=6528|total=1|smooth=1|singular=0
RECORD|index=6529|total=1|smooth=1|singular=0
RECORD|index=6530|total=0|smooth=0|singular=0
RECORD|index=6531|total=1|smooth=1|singular=0
RECORD|index=6532|total=1|smooth=1|singular=0
RECORD|index=6533|total=0|smooth=0|singular=0
RECORD|index=6534|total=1|smooth=1|singular=0
RECORD|index=6535|total=1|smooth=1|singular=0
RECORD|index=6536|total=0|smooth=0|singular=0
RECORD|index=6537|total=1|smooth=1|singular=0
RECORD|index=6538|total=1|smooth=1|singular=0
RECORD|index=6539|total=3|smooth=3|singular=0
RECORD|index=6540|total=1|smooth=1|singular=0
RECORD|index=6541|total=0|smooth=0|singular=0
RECORD|index=6542|total=1|smooth=1|singular=0
RECORD|index=6543|total=0|smooth=0|singular=0
RECORD|index=6544|total=1|smooth=1|singular=0
RECORD|index=6545|total=0|smooth=0|singular=0
RECORD|index=6546|total=0|smooth=0|singular=0
RECORD|index=6547|total=1|smooth=1|singular=0
RECORD|index=6548|total=0|smooth=0|singular=0
RECORD|index=6549|total=2|smooth=2|singular=0
RECORD|index=6550|total=1|smooth=1|singular=0
RECORD|index=6551|total=0|smooth=0|singular=0
RECORD|index=6552|total=1|smooth=1|singular=0
RECORD|index=6553|total=1|smooth=1|singular=0
RECORD|index=6554|total=1|smooth=1|singular=0
RECORD|index=6555|total=1|smooth=1|singular=0
RECORD|index=6556|total=3|smooth=3|singular=0
RECORD|index=6557|total=2|smooth=2|singular=0
RECORD|index=6558|total=1|smooth=1|singular=0
RECORD|index=6559|total=0|smooth=0|singular=0
RECORD|index=6560|total=3|smooth=3|singular=0
RECORD|index=6561|total=0|smooth=0|singular=0
RECORD|index=6562|total=3|smooth=3|singular=0
RECORD|index=6563|total=0|smooth=0|singular=0
RECORD|index=6564|total=1|smooth=1|singular=0
RECORD|index=6565|total=5|smooth=5|singular=0
RECORD|index=6566|total=0|smooth=0|singular=0
RECORD|index=6567|total=2|smooth=2|singular=0
RECORD|index=6568|total=0|smooth=0|singular=0
RECORD|index=6569|total=0|smooth=0|singular=0
RECORD|index=6570|total=0|smooth=0|singular=0
RECORD|index=6571|total=0|smooth=0|singular=0
RECORD|index=6572|total=1|smooth=1|singular=0
RECORD|index=6573|total=2|smooth=2|singular=0
RECORD|index=6574|total=0|smooth=0|singular=0
RECORD|index=6575|total=2|smooth=2|singular=0
RECORD|index=6576|total=1|smooth=1|singular=0
RECORD|index=6577|total=0|smooth=0|singular=0
RECORD|index=6578|total=0|smooth=0|singular=0
RECORD|index=6579|total=1|smooth=1|singular=0
RECORD|index=6580|total=1|smooth=1|singular=0
RECORD|index=6581|total=0|smooth=0|singular=0
RECORD|index=6582|total=0|smooth=0|singular=0
RECORD|index=6583|total=0|smooth=0|singular=0
RECORD|index=6584|total=0|smooth=0|singular=0
RECORD|index=6585|total=2|smooth=2|singular=0
RECORD|index=6586|total=2|smooth=2|singular=0
RECORD|index=6587|total=0|smooth=0|singular=0
RECORD|index=6588|total=1|smooth=1|singular=0
RECORD|index=6589|total=1|smooth=1|singular=0
RECORD|index=6590|total=1|smooth=1|singular=0
RECORD|index=6591|total=1|smooth=1|singular=0
RECORD|index=6592|total=3|smooth=3|singular=0
RECORD|index=6593|total=3|smooth=3|singular=0
RECORD|index=6594|total=0|smooth=0|singular=0
RECORD|index=6595|total=0|smooth=0|singular=0
RECORD|index=6596|total=0|smooth=0|singular=0
RECORD|index=6597|total=1|smooth=1|singular=0
RECORD|index=6598|total=1|smooth=1|singular=0
RECORD|index=6599|total=1|smooth=1|singular=0
RECORD|index=6600|total=1|smooth=1|singular=0
RECORD|index=6601|total=1|smooth=1|singular=0
RECORD|index=6602|total=1|smooth=1|singular=0
RECORD|index=6603|total=1|smooth=1|singular=0
RECORD|index=6604|total=1|smooth=1|singular=0
RECORD|index=6605|total=0|smooth=0|singular=0
RECORD|index=6606|total=2|smooth=2|singular=0
RECORD|index=6607|total=1|smooth=1|singular=0
RECORD|index=6608|total=2|smooth=2|singular=0
RECORD|index=6609|total=1|smooth=1|singular=0
RECORD|index=6610|total=2|smooth=2|singular=0
RECORD|index=6611|total=0|smooth=0|singular=0
RECORD|index=6612|total=3|smooth=3|singular=0
RECORD|index=6613|total=3|smooth=3|singular=0
RECORD|index=6614|total=1|smooth=1|singular=0
RECORD|index=6615|total=0|smooth=0|singular=0
RECORD|index=6616|total=3|smooth=3|singular=0
RECORD|index=6617|total=2|smooth=2|singular=0
RECORD|index=6618|total=0|smooth=0|singular=0
RECORD|index=6619|total=0|smooth=0|singular=0
RECORD|index=6620|total=0|smooth=0|singular=0
RECORD|index=6621|total=1|smooth=1|singular=0
RECORD|index=6622|total=5|smooth=5|singular=0
RECORD|index=6623|total=1|smooth=1|singular=0
RECORD|index=6624|total=1|smooth=1|singular=0
RECORD|index=6625|total=1|smooth=1|singular=0
RECORD|index=6626|total=0|smooth=0|singular=0
RECORD|index=6627|total=2|smooth=2|singular=0
RECORD|index=6628|total=0|smooth=0|singular=0
RECORD|index=6629|total=0|smooth=0|singular=0
RECORD|index=6630|total=0|smooth=0|singular=0
RECORD|index=6631|total=0|smooth=0|singular=0
RECORD|index=6632|total=2|smooth=2|singular=0
RECORD|index=6633|total=3|smooth=3|singular=0
RECORD|index=6634|total=2|smooth=2|singular=0
RECORD|index=6635|total=1|smooth=1|singular=0
RECORD|index=6636|total=2|smooth=2|singular=0
RECORD|index=6637|total=2|smooth=1|singular=1
RECORD|index=6638|total=1|smooth=1|singular=0
RECORD|index=6639|total=0|smooth=0|singular=0
RECORD|index=6640|total=4|smooth=4|singular=0
RECORD|index=6641|total=2|smooth=2|singular=0
RECORD|index=6642|total=1|smooth=1|singular=0
RECORD|index=6643|total=0|smooth=0|singular=0
RECORD|index=6644|total=0|smooth=0|singular=0
RECORD|index=6645|total=2|smooth=2|singular=0
RECORD|index=6646|total=1|smooth=1|singular=0
RECORD|index=6647|total=1|smooth=1|singular=0
RECORD|index=6648|total=2|smooth=2|singular=0
RECORD|index=6649|total=0|smooth=0|singular=0
RECORD|index=6650|total=2|smooth=2|singular=0
RECORD|index=6651|total=0|smooth=0|singular=0
RECORD|index=6652|total=0|smooth=0|singular=0
RECORD|index=6653|total=0|smooth=0|singular=0
RECORD|index=6654|total=0|smooth=0|singular=0
RECORD|index=6655|total=2|smooth=2|singular=0
RECORD|index=6656|total=1|smooth=1|singular=0
RECORD|index=6657|total=2|smooth=2|singular=0
RECORD|index=6658|total=3|smooth=3|singular=0
RECORD|index=6659|total=2|smooth=2|singular=0
RECORD|index=6660|total=0|smooth=0|singular=0
RECORD|index=6661|total=0|smooth=0|singular=0
RECORD|index=6662|total=1|smooth=1|singular=0
RECORD|index=6663|total=0|smooth=0|singular=0
RECORD|index=6664|total=0|smooth=0|singular=0
RECORD|index=6665|total=2|smooth=2|singular=0
RECORD|index=6666|total=1|smooth=1|singular=0
RECORD|index=6667|total=0|smooth=0|singular=0
RECORD|index=6668|total=2|smooth=2|singular=0
RECORD|index=6669|total=0|smooth=0|singular=0
RECORD|index=6670|total=0|smooth=0|singular=0
RECORD|index=6671|total=1|smooth=1|singular=0
RECORD|index=6672|total=2|smooth=2|singular=0
RECORD|index=6673|total=0|smooth=0|singular=0
RECORD|index=6674|total=1|smooth=1|singular=0
RECORD|index=6675|total=2|smooth=2|singular=0
RECORD|index=6676|total=0|smooth=0|singular=0
RECORD|index=6677|total=1|smooth=1|singular=0
RECORD|index=6678|total=2|smooth=2|singular=0
RECORD|index=6679|total=0|smooth=0|singular=0
RECORD|index=6680|total=1|smooth=1|singular=0
RECORD|index=6681|total=1|smooth=1|singular=0
RECORD|index=6682|total=0|smooth=0|singular=0
RECORD|index=6683|total=2|smooth=2|singular=0
RECORD|index=6684|total=0|smooth=0|singular=0
RECORD|index=6685|total=1|smooth=1|singular=0
RECORD|index=6686|total=3|smooth=3|singular=0
RECORD|index=6687|total=5|smooth=5|singular=0
RECORD|index=6688|total=0|smooth=0|singular=0
RECORD|index=6689|total=3|smooth=3|singular=0
RECORD|index=6690|total=2|smooth=2|singular=0
RECORD|index=6691|total=0|smooth=0|singular=0
RECORD|index=6692|total=3|smooth=3|singular=0
RECORD|index=6693|total=0|smooth=0|singular=0
RECORD|index=6694|total=0|smooth=0|singular=0
RECORD|index=6695|total=1|smooth=1|singular=0
RECORD|index=6696|total=0|smooth=0|singular=0
RECORD|index=6697|total=1|smooth=1|singular=0
RECORD|index=6698|total=0|smooth=0|singular=0
RECORD|index=6699|total=2|smooth=2|singular=0
RECORD|index=6700|total=1|smooth=1|singular=0
RECORD|index=6701|total=0|smooth=0|singular=0
RECORD|index=6702|total=1|smooth=1|singular=0
RECORD|index=6703|total=0|smooth=0|singular=0
RECORD|index=6704|total=1|smooth=1|singular=0
RECORD|index=6705|total=0|smooth=0|singular=0
RECORD|index=6706|total=1|smooth=1|singular=0
RECORD|index=6707|total=2|smooth=2|singular=0
RECORD|index=6708|total=0|smooth=0|singular=0
RECORD|index=6709|total=2|smooth=2|singular=0
RECORD|index=6710|total=0|smooth=0|singular=0
RECORD|index=6711|total=2|smooth=2|singular=0
RECORD|index=6712|total=1|smooth=1|singular=0
RECORD|index=6713|total=0|smooth=0|singular=0
RECORD|index=6714|total=4|smooth=4|singular=0
RECORD|index=6715|total=3|smooth=3|singular=0
RECORD|index=6716|total=1|smooth=1|singular=0
RECORD|index=6717|total=3|smooth=3|singular=0
RECORD|index=6718|total=4|smooth=4|singular=0
RECORD|index=6719|total=2|smooth=2|singular=0
RECORD|index=6720|total=1|smooth=1|singular=0
RECORD|index=6721|total=1|smooth=1|singular=0
RECORD|index=6722|total=2|smooth=2|singular=0
RECORD|index=6723|total=0|smooth=0|singular=0
RECORD|index=6724|total=0|smooth=0|singular=0
RECORD|index=6725|total=1|smooth=1|singular=0
RECORD|index=6726|total=1|smooth=1|singular=0
RECORD|index=6727|total=1|smooth=1|singular=0
RECORD|index=6728|total=0|smooth=0|singular=0
RECORD|index=6729|total=1|smooth=1|singular=0
RECORD|index=6730|total=2|smooth=2|singular=0
RECORD|index=6731|total=1|smooth=1|singular=0
RECORD|index=6732|total=2|smooth=2|singular=0
RECORD|index=6733|total=0|smooth=0|singular=0
RECORD|index=6734|total=0|smooth=0|singular=0
RECORD|index=6735|total=1|smooth=1|singular=0
RECORD|index=6736|total=3|smooth=3|singular=0
RECORD|index=6737|total=3|smooth=3|singular=0
RECORD|index=6738|total=1|smooth=1|singular=0
RECORD|index=6739|total=1|smooth=1|singular=0
RECORD|index=6740|total=0|smooth=0|singular=0
RECORD|index=6741|total=2|smooth=2|singular=0
RECORD|index=6742|total=0|smooth=0|singular=0
RECORD|index=6743|total=0|smooth=0|singular=0
RECORD|index=6744|total=3|smooth=3|singular=0
RECORD|index=6745|total=1|smooth=1|singular=0
RECORD|index=6746|total=2|smooth=2|singular=0
RECORD|index=6747|total=0|smooth=0|singular=0
RECORD|index=6748|total=2|smooth=2|singular=0
RECORD|index=6749|total=0|smooth=0|singular=0
RECORD|index=6750|total=2|smooth=2|singular=0
RECORD|index=6751|total=1|smooth=1|singular=0
RECORD|index=6752|total=0|smooth=0|singular=0
RECORD|index=6753|total=0|smooth=0|singular=0
RECORD|index=6754|total=1|smooth=1|singular=0
RECORD|index=6755|total=1|smooth=1|singular=0
RECORD|index=6756|total=3|smooth=3|singular=0
RECORD|index=6757|total=0|smooth=0|singular=0
RECORD|index=6758|total=1|smooth=1|singular=0
RECORD|index=6759|total=0|smooth=0|singular=0
RECORD|index=6760|total=0|smooth=0|singular=0
RECORD|index=6761|total=0|smooth=0|singular=0
RECORD|index=6762|total=1|smooth=1|singular=0
RECORD|index=6763|total=0|smooth=0|singular=0
RECORD|index=6764|total=1|smooth=1|singular=0
RECORD|index=6765|total=1|smooth=1|singular=0
RECORD|index=6766|total=1|smooth=1|singular=0
RECORD|index=6767|total=2|smooth=2|singular=0
RECORD|index=6768|total=1|smooth=1|singular=0
RECORD|index=6769|total=3|smooth=3|singular=0
RECORD|index=6770|total=0|smooth=0|singular=0
RECORD|index=6771|total=1|smooth=1|singular=0
RECORD|index=6772|total=2|smooth=2|singular=0
RECORD|index=6773|total=0|smooth=0|singular=0
RECORD|index=6774|total=2|smooth=2|singular=0
RECORD|index=6775|total=2|smooth=2|singular=0
RECORD|index=6776|total=1|smooth=1|singular=0
RECORD|index=6777|total=0|smooth=0|singular=0
RECORD|index=6778|total=1|smooth=1|singular=0
RECORD|index=6779|total=2|smooth=2|singular=0
RECORD|index=6780|total=1|smooth=1|singular=0
RECORD|index=6781|total=2|smooth=2|singular=0
RECORD|index=6782|total=2|smooth=2|singular=0
RECORD|index=6783|total=1|smooth=1|singular=0
RECORD|index=6784|total=0|smooth=0|singular=0
RECORD|index=6785|total=0|smooth=0|singular=0
RECORD|index=6786|total=2|smooth=2|singular=0
RECORD|index=6787|total=2|smooth=2|singular=0
RECORD|index=6788|total=1|smooth=1|singular=0
RECORD|index=6789|total=0|smooth=0|singular=0
RECORD|index=6790|total=0|smooth=0|singular=0
RECORD|index=6791|total=1|smooth=1|singular=0
RECORD|index=6792|total=1|smooth=1|singular=0
RECORD|index=6793|total=1|smooth=1|singular=0
RECORD|index=6794|total=0|smooth=0|singular=0
RECORD|index=6795|total=1|smooth=1|singular=0
RECORD|index=6796|total=1|smooth=1|singular=0
RECORD|index=6797|total=2|smooth=2|singular=0
RECORD|index=6798|total=0|smooth=0|singular=0
RECORD|index=6799|total=2|smooth=2|singular=0
RECORD|index=6800|total=2|smooth=2|singular=0
RECORD|index=6801|total=0|smooth=0|singular=0
RECORD|index=6802|total=0|smooth=0|singular=0
RECORD|index=6803|total=0|smooth=0|singular=0
RECORD|index=6804|total=1|smooth=1|singular=0
RECORD|index=6805|total=1|smooth=1|singular=0
RECORD|index=6806|total=2|smooth=2|singular=0
RECORD|index=6807|total=0|smooth=0|singular=0
RECORD|index=6808|total=3|smooth=3|singular=0
RECORD|index=6809|total=3|smooth=3|singular=0
RECORD|index=6810|total=0|smooth=0|singular=0
RECORD|index=6811|total=0|smooth=0|singular=0
RECORD|index=6812|total=2|smooth=2|singular=0
RECORD|index=6813|total=0|smooth=0|singular=0
RECORD|index=6814|total=2|smooth=2|singular=0
RECORD|index=6815|total=1|smooth=1|singular=0
RECORD|index=6816|total=0|smooth=0|singular=0
RECORD|index=6817|total=2|smooth=2|singular=0
RECORD|index=6818|total=0|smooth=0|singular=0
RECORD|index=6819|total=0|smooth=0|singular=0
RECORD|index=6820|total=1|smooth=1|singular=0
RECORD|index=6821|total=1|smooth=1|singular=0
RECORD|index=6822|total=2|smooth=2|singular=0
RECORD|index=6823|total=1|smooth=1|singular=0
RECORD|index=6824|total=1|smooth=1|singular=0
RECORD|index=6825|total=3|smooth=3|singular=0
RECORD|index=6826|total=3|smooth=3|singular=0
RECORD|index=6827|total=1|smooth=1|singular=0
RECORD|index=6828|total=1|smooth=1|singular=0
RECORD|index=6829|total=0|smooth=0|singular=0
RECORD|index=6830|total=1|smooth=1|singular=0
RECORD|index=6831|total=0|smooth=0|singular=0
RECORD|index=6832|total=1|smooth=1|singular=0
RECORD|index=6833|total=0|smooth=0|singular=0
RECORD|index=6834|total=0|smooth=0|singular=0
RECORD|index=6835|total=1|smooth=1|singular=0
RECORD|index=6836|total=1|smooth=1|singular=0
RECORD|index=6837|total=0|smooth=0|singular=0
RECORD|index=6838|total=1|smooth=1|singular=0
RECORD|index=6839|total=0|smooth=0|singular=0
RECORD|index=6840|total=2|smooth=2|singular=0
RECORD|index=6841|total=0|smooth=0|singular=0
RECORD|index=6842|total=0|smooth=0|singular=0
RECORD|index=6843|total=1|smooth=1|singular=0
RECORD|index=6844|total=0|smooth=0|singular=0
RECORD|index=6845|total=1|smooth=1|singular=0
RECORD|index=6846|total=1|smooth=1|singular=0
RECORD|index=6847|total=1|smooth=1|singular=0
RECORD|index=6848|total=0|smooth=0|singular=0
RECORD|index=6849|total=2|smooth=2|singular=0
RECORD|index=6850|total=0|smooth=0|singular=0
RECORD|index=6851|total=1|smooth=1|singular=0
RECORD|index=6852|total=1|smooth=1|singular=0
RECORD|index=6853|total=1|smooth=1|singular=0
RECORD|index=6854|total=1|smooth=1|singular=0
RECORD|index=6855|total=1|smooth=1|singular=0
RECORD|index=6856|total=1|smooth=1|singular=0
RECORD|index=6857|total=1|smooth=1|singular=0
RECORD|index=6858|total=1|smooth=1|singular=0
RECORD|index=6859|total=1|smooth=1|singular=0
RECORD|index=6860|total=0|smooth=0|singular=0
RECORD|index=6861|total=1|smooth=1|singular=0
RECORD|index=6862|total=0|smooth=0|singular=0
RECORD|index=6863|total=0|smooth=0|singular=0
RECORD|index=6864|total=0|smooth=0|singular=0
RECORD|index=6865|total=2|smooth=2|singular=0
RECORD|index=6866|total=0|smooth=0|singular=0
RECORD|index=6867|total=0|smooth=0|singular=0
RECORD|index=6868|total=1|smooth=1|singular=0
RECORD|index=6869|total=1|smooth=1|singular=0
RECORD|index=6870|total=0|smooth=0|singular=0
RECORD|index=6871|total=0|smooth=0|singular=0
RECORD|index=6872|total=0|smooth=0|singular=0
RECORD|index=6873|total=1|smooth=1|singular=0
RECORD|index=6874|total=2|smooth=2|singular=0
RECORD|index=6875|total=1|smooth=1|singular=0
RECORD|index=6876|total=0|smooth=0|singular=0
RECORD|index=6877|total=1|smooth=1|singular=0
RECORD|index=6878|total=1|smooth=1|singular=0
RECORD|index=6879|total=0|smooth=0|singular=0
RECORD|index=6880|total=3|smooth=3|singular=0
RECORD|index=6881|total=1|smooth=1|singular=0
RECORD|index=6882|total=0|smooth=0|singular=0
RECORD|index=6883|total=1|smooth=1|singular=0
RECORD|index=6884|total=2|smooth=2|singular=0
RECORD|index=6885|total=1|smooth=1|singular=0
RECORD|index=6886|total=2|smooth=2|singular=0
RECORD|index=6887|total=1|smooth=1|singular=0
RECORD|index=6888|total=1|smooth=1|singular=0
RECORD|index=6889|total=0|smooth=0|singular=0
RECORD|index=6890|total=1|smooth=1|singular=0
RECORD|index=6891|total=2|smooth=2|singular=0
RECORD|index=6892|total=0|smooth=0|singular=0
RECORD|index=6893|total=2|smooth=2|singular=0
RECORD|index=6894|total=1|smooth=1|singular=0
RECORD|index=6895|total=0|smooth=0|singular=0
RECORD|index=6896|total=1|smooth=1|singular=0
RECORD|index=6897|total=2|smooth=2|singular=0
RECORD|index=6898|total=0|smooth=0|singular=0
RECORD|index=6899|total=1|smooth=1|singular=0
RECORD|index=6900|total=4|smooth=4|singular=0
RECORD|index=6901|total=1|smooth=1|singular=0
RECORD|index=6902|total=0|smooth=0|singular=0
RECORD|index=6903|total=0|smooth=0|singular=0
RECORD|index=6904|total=1|smooth=1|singular=0
RECORD|index=6905|total=3|smooth=3|singular=0
RECORD|index=6906|total=0|smooth=0|singular=0
RECORD|index=6907|total=0|smooth=0|singular=0
RECORD|index=6908|total=0|smooth=0|singular=0
RECORD|index=6909|total=3|smooth=3|singular=0
RECORD|index=6910|total=3|smooth=3|singular=0
RECORD|index=6911|total=1|smooth=1|singular=0
RECORD|index=6912|total=2|smooth=2|singular=0
RECORD|index=6913|total=2|smooth=2|singular=0
RECORD|index=6914|total=4|smooth=4|singular=0
RECORD|index=6915|total=2|smooth=2|singular=0
RECORD|index=6916|total=2|smooth=2|singular=0
RECORD|index=6917|total=0|smooth=0|singular=0
RECORD|index=6918|total=2|smooth=2|singular=0
RECORD|index=6919|total=0|smooth=0|singular=0
RECORD|index=6920|total=2|smooth=2|singular=0
RECORD|index=6921|total=3|smooth=3|singular=0
RECORD|index=6922|total=1|smooth=1|singular=0
RECORD|index=6923|total=3|smooth=3|singular=0
RECORD|index=6924|total=2|smooth=2|singular=0
RECORD|index=6925|total=1|smooth=1|singular=0
RECORD|index=6926|total=2|smooth=2|singular=0
RECORD|index=6927|total=2|smooth=2|singular=0
RECORD|index=6928|total=0|smooth=0|singular=0
RECORD|index=6929|total=1|smooth=1|singular=0
RECORD|index=6930|total=0|smooth=0|singular=0
RECORD|index=6931|total=1|smooth=1|singular=0
RECORD|index=6932|total=1|smooth=1|singular=0
RECORD|index=6933|total=4|smooth=4|singular=0
RECORD|index=6934|total=2|smooth=2|singular=0
RECORD|index=6935|total=0|smooth=0|singular=0
RECORD|index=6936|total=1|smooth=1|singular=0
RECORD|index=6937|total=2|smooth=2|singular=0
RECORD|index=6938|total=1|smooth=1|singular=0
RECORD|index=6939|total=3|smooth=3|singular=0
RECORD|index=6940|total=0|smooth=0|singular=0
RECORD|index=6941|total=0|smooth=0|singular=0
RECORD|index=6942|total=0|smooth=0|singular=0
RECORD|index=6943|total=0|smooth=0|singular=0
RECORD|index=6944|total=0|smooth=0|singular=0
RECORD|index=6945|total=1|smooth=1|singular=0
RECORD|index=6946|total=1|smooth=1|singular=0
RECORD|index=6947|total=1|smooth=1|singular=0
RECORD|index=6948|total=1|smooth=1|singular=0
RECORD|index=6949|total=0|smooth=0|singular=0
RECORD|index=6950|total=0|smooth=0|singular=0
RECORD|index=6951|total=3|smooth=3|singular=0
RECORD|index=6952|total=0|smooth=0|singular=0
RECORD|index=6953|total=0|smooth=0|singular=0
RECORD|index=6954|total=3|smooth=3|singular=0
RECORD|index=6955|total=2|smooth=2|singular=0
RECORD|index=6956|total=2|smooth=2|singular=0
RECORD|index=6957|total=1|smooth=1|singular=0
RECORD|index=6958|total=2|smooth=2|singular=0
RECORD|index=6959|total=1|smooth=1|singular=0
RECORD|index=6960|total=2|smooth=2|singular=0
RECORD|index=6961|total=0|smooth=0|singular=0
RECORD|index=6962|total=0|smooth=0|singular=0
RECORD|index=6963|total=2|smooth=2|singular=0
RECORD|index=6964|total=2|smooth=2|singular=0
RECORD|index=6965|total=0|smooth=0|singular=0
RECORD|index=6966|total=2|smooth=2|singular=0
RECORD|index=6967|total=0|smooth=0|singular=0
RECORD|index=6968|total=2|smooth=2|singular=0
RECORD|index=6969|total=2|smooth=2|singular=0
RECORD|index=6970|total=2|smooth=2|singular=0
RECORD|index=6971|total=0|smooth=0|singular=0
RECORD|index=6972|total=1|smooth=1|singular=0
RECORD|index=6973|total=3|smooth=3|singular=0
RECORD|index=6974|total=0|smooth=0|singular=0
RECORD|index=6975|total=0|smooth=0|singular=0
RECORD|index=6976|total=0|smooth=0|singular=0
RECORD|index=6977|total=0|smooth=0|singular=0
RECORD|index=6978|total=1|smooth=1|singular=0
RECORD|index=6979|total=1|smooth=1|singular=0
RECORD|index=6980|total=0|smooth=0|singular=0
RECORD|index=6981|total=4|smooth=4|singular=0
RECORD|index=6982|total=0|smooth=0|singular=0
RECORD|index=6983|total=0|smooth=0|singular=0
RECORD|index=6984|total=1|smooth=1|singular=0
RECORD|index=6985|total=1|smooth=1|singular=0
RECORD|index=6986|total=2|smooth=2|singular=0
RECORD|index=6987|total=0|smooth=0|singular=0
RECORD|index=6988|total=0|smooth=0|singular=0
RECORD|index=6989|total=1|smooth=1|singular=0
RECORD|index=6990|total=0|smooth=0|singular=0
RECORD|index=6991|total=2|smooth=2|singular=0
RECORD|index=6992|total=3|smooth=3|singular=0
RECORD|index=6993|total=0|smooth=0|singular=0
RECORD|index=6994|total=0|smooth=0|singular=0
RECORD|index=6995|total=0|smooth=0|singular=0
RECORD|index=6996|total=1|smooth=1|singular=0
RECORD|index=6997|total=0|smooth=0|singular=0
RECORD|index=6998|total=2|smooth=2|singular=0
RECORD|index=6999|total=0|smooth=0|singular=0
RECORD|index=7000|total=0|smooth=0|singular=0
RECORD|index=7001|total=1|smooth=1|singular=0
RECORD|index=7002|total=0|smooth=0|singular=0
RECORD|index=7003|total=0|smooth=0|singular=0
RECORD|index=7004|total=0|smooth=0|singular=0
RECORD|index=7005|total=0|smooth=0|singular=0
RECORD|index=7006|total=0|smooth=0|singular=0
RECORD|index=7007|total=1|smooth=1|singular=0
RECORD|index=7008|total=1|smooth=1|singular=0
RECORD|index=7009|total=0|smooth=0|singular=0
RECORD|index=7010|total=2|smooth=2|singular=0
RECORD|index=7011|total=0|smooth=0|singular=0
RECORD|index=7012|total=1|smooth=1|singular=0
RECORD|index=7013|total=2|smooth=2|singular=0
RECORD|index=7014|total=1|smooth=1|singular=0
RECORD|index=7015|total=0|smooth=0|singular=0
RECORD|index=7016|total=0|smooth=0|singular=0
RECORD|index=7017|total=0|smooth=0|singular=0
RECORD|index=7018|total=1|smooth=1|singular=0
RECORD|index=7019|total=2|smooth=2|singular=0
RECORD|index=7020|total=2|smooth=2|singular=0
RECORD|index=7021|total=1|smooth=1|singular=0
RECORD|index=7022|total=2|smooth=2|singular=0
RECORD|index=7023|total=1|smooth=1|singular=0
RECORD|index=7024|total=1|smooth=1|singular=0
RECORD|index=7025|total=1|smooth=1|singular=0
RECORD|index=7026|total=1|smooth=1|singular=0
RECORD|index=7027|total=4|smooth=4|singular=0
RECORD|index=7028|total=0|smooth=0|singular=0
RECORD|index=7029|total=1|smooth=1|singular=0
RECORD|index=7030|total=1|smooth=1|singular=0
RECORD|index=7031|total=3|smooth=3|singular=0
RECORD|index=7032|total=0|smooth=0|singular=0
RECORD|index=7033|total=0|smooth=0|singular=0
RECORD|index=7034|total=3|smooth=3|singular=0
RECORD|index=7035|total=2|smooth=2|singular=0
RECORD|index=7036|total=2|smooth=2|singular=0
RECORD|index=7037|total=0|smooth=0|singular=0
RECORD|index=7038|total=0|smooth=0|singular=0
RECORD|index=7039|total=2|smooth=2|singular=0
RECORD|index=7040|total=1|smooth=1|singular=0
RECORD|index=7041|total=2|smooth=2|singular=0
RECORD|index=7042|total=0|smooth=0|singular=0
RECORD|index=7043|total=2|smooth=2|singular=0
RECORD|index=7044|total=3|smooth=3|singular=0
RECORD|index=7045|total=1|smooth=1|singular=0
RECORD|index=7046|total=0|smooth=0|singular=0
RECORD|index=7047|total=0|smooth=0|singular=0
RECORD|index=7048|total=1|smooth=1|singular=0
RECORD|index=7049|total=0|smooth=0|singular=0
RECORD|index=7050|total=1|smooth=1|singular=0
RECORD|index=7051|total=1|smooth=1|singular=0
RECORD|index=7052|total=2|smooth=2|singular=0
RECORD|index=7053|total=1|smooth=1|singular=0
RECORD|index=7054|total=1|smooth=1|singular=0
RECORD|index=7055|total=3|smooth=3|singular=0
SINGULAR_FQ2_SHARD_PASS
