Warning: characteristic is too low for choosing 
probabilistic linear algebra
	 linear algebra option set to 2

--------------- INPUT DATA ---------------
#variables                     127
#equations                     177
#invalid equations               0
field characteristic         32003
homogeneous input?               0
signature-based computation      0
monomial order                 DRL
basis hash table resetting     OFF
linear algebra option            2
initial hash table size     131072 (2^17)
max pair selection            1000
reduce gb                        1
#threads                        30
info level                       2
generate pbm files               0
------------------------------------------
