
Legend for f4 information
--------------------------------------------------------
deg       current degree of pairs selected in this round
sel       number of pairs selected in this round
pairs     total number of pairs in pair list
mat       matrix dimensions (# rows x # columns)
density   density of the matrix
new data  # new elements for basis in this round
          # zero reductions during linear algebra
time(rd)  time of the current f4 round in seconds given
          for real and cpu time
--------------------------------------------------------

deg     sel   pairs        mat          density            new data         time(rd) in sec (real|cpu)
------------------------------------------------------------------------------------------------------
  2       5     514      16 x 24         10.42%        5 new       0 zero         0.00 | 0.03         
  3      18     514      72 x 118         2.41%       15 new       3 zero         0.00 | 0.06         
  3      43     661     133 x 170         1.49%       17 new      26 zero         0.00 | 0.08         
  3      78     839     205 x 194         1.29%       13 new      65 zero         0.00 | 0.08         
  3      15     919      49 x 66          3.96%        3 new      12 zero         0.00 | 0.02         
  4     197     935    1179 x 1898        0.21%       47 new     150 zero         0.02 | 0.36         
  3      27    1178     190 x 366         1.09%       22 new       5 zero         0.01 | 0.16         
  3      72    1332     219 x 254         1.09%       18 new      54 zero         0.01 | 0.14         
  4     486    1483    3136 x 4467        0.11%       96 new     390 zero         0.06 | 1.01         
  4     451    2342    3308 x 5032        0.13%       81 new     370 zero         0.06 | 1.09         
  4     139    3246    2295 x 4140        0.22%       30 new     109 zero         0.04 | 0.53         
  5    1000    3644   14892 x 22394       0.04%      152 new     848 zero         0.22 | 2.83         
  5    1000    5324   24918 x 38654       0.04%       93 new     907 zero         0.29 | 2.50         
  3      21    5924     119 x 195         1.91%       11 new      10 zero         0.02 | 0.36         
  3      63    5635     178 x 184         1.60%       11 new      52 zero         0.02 | 0.32         
  4     264    5493    1715 x 2630        0.29%       58 new     206 zero         0.08 | 1.48         
  4     175    5630    2536 x 4407        0.28%       29 new     146 zero         0.06 | 0.85         
  5    1000    5675   20369 x 30004       0.05%      110 new     891 zero         0.31 | 3.47         
  5    1000    6708   38249 x 58624       0.03%      106 new     894 zero         0.51 | 4.12         
  4      19    7664     481 x 1131        0.87%       17 new       2 zero         0.04 | 0.72         
  3      14    7677      77 x 96          3.38%        4 new      10 zero         0.01 | 0.23         
  4     212    7714    3726 x 6234        0.18%       59 new     153 zero         0.14 | 2.33         
  4     125    7359    2191 x 3656        0.37%       30 new      95 zero         0.08 | 1.24         
  5    1000    7470   19836 x 29336       0.05%      173 new     827 zero         0.53 | 7.52         
  5    1000    9458   36795 x 55370       0.03%      159 new     841 zero         0.76 | 8.51         
  4      19   10120    1705 x 4712        0.51%        8 new      11 zero         0.06 | 0.52         
  5    1000   10041   48907 x 79714       0.03%      247 new     753 zero         1.36 | 15.72        
  4      38   12641    1547 x 4028        0.46%       38 new       0 zero         0.16 | 2.68         
  4     247   11500    5227 x 10015       0.16%      120 new     127 zero         0.47 | 8.35         
  4     185   10504    2831 x 5082        0.36%       54 new     131 zero         0.22 | 3.80         
  5    1000   11146   14718 x 24804       0.09%      265 new     735 zero         1.23 | 20.78        
  5    1000   14710   22617 x 37410       0.06%      208 new     792 zero         1.26 | 18.60        
  5    1000   17656   30992 x 47541       0.06%      170 new     830 zero         1.30 | 16.12        
  5    1000   20047   34416 x 56976       0.06%      172 new     828 zero         1.53 | 17.52        
  5    1000   22520   50356 x 83144       0.04%      225 new     775 zero         2.30 | 23.64        
  5    1000   26087   57948 x 96552       0.04%      202 new     798 zero         2.60 | 21.88        
  5    1000   29032   58190 x 101240      0.05%      175 new     825 zero         2.79 | 19.70        
  5     704   31538   59147 x 113111      0.05%      131 new     573 zero         2.86 | 15.35        
  5      44   33108   17057 x 38281       0.16%       15 new      29 zero         0.71 | 2.34         
  5      49   33315   16288 x 42024       0.19%       24 new      25 zero         0.94 | 3.36         
  6    1000   33799   65006 x 123040      0.05%      123 new     878 zero         3.30 | 15.07        
  6    1000   35490   57493 x 89198       0.05%       99 new     901 zero         2.20 | 11.75        
  6    1000   36581   68549 x 113488      0.05%      109 new     893 zero         3.10 | 14.33        
  6    1000   37761   84873 x 138345      0.04%      111 new     889 zero         3.61 | 15.47        
  6    1000   38955   97414 x 153794      0.04%       94 new     909 zero         3.64 | 13.63        
  6    1000   39955  124330 x 189593      0.03%      123 new     878 zero         4.60 | 17.59        
  6    1000   41569  112816 x 183872      0.04%      148 new     857 zero         5.31 | 20.53        
  6    1001   43621  132390 x 220130      0.03%      173 new     828 zero         6.53 | 24.70        
  6    1000   46306  149331 x 243968      0.03%      115 new     887 zero         6.69 | 19.10        
  6    1000   47806  144753 x 259679      0.03%      149 new     851 zero         8.06 | 23.42        
  6    1000   50003  171434 x 296900      0.03%      167 new     847 zero         9.96 | 28.05        
  6    1000   52268  167175 x 313371      0.03%      180 new     821 zero        11.46 | 34.21        
  6    1000   55137  170590 x 293061      0.03%       66 new     934 zero         8.72 | 16.21        
  6    1000   55593  195974 x 342764      0.03%      171 new     830 zero        11.90 | 31.08        
  6    1000   58242  196090 x 337454      0.03%      150 new     851 zero        11.70 | 28.64        
  6    1000   60379  200058 x 327032      0.03%       65 new     935 zero        10.05 | 17.52        
  6    1000   60863  234422 x 388321      0.02%      124 new     876 zero        12.70 | 27.49        
  6    1000   62538  260917 x 429923      0.02%      141 new     860 zero        14.76 | 31.76        
  6    1000   64566  228956 x 376602      0.03%      108 new     893 zero        13.59 | 27.32        
  6    1000   65965  242627 x 395227      0.02%      114 new     892 zero        14.24 | 29.00        
  6    1000   67164  270757 x 432201      0.02%       66 new     934 zero        14.35 | 22.57        
  6    1000   67556  314400 x 497507      0.02%       70 new     930 zero        16.08 | 25.63        
  6    1000   68119  296572 x 484701      0.02%       86 new     914 zero        16.57 | 28.60        
  6    1000   68784  284671 x 448532      0.02%      126 new     875 zero        16.87 | 34.43        
  6    1001   70322  260826 x 409680      0.03%      152 new     849 zero        16.83 | 37.86        
  6    1000   72536  319083 x 524422      0.02%      152 new     848 zero        21.23 | 41.10        
  6    1000   74721  288754 x 497555      0.03%      256 new     744 zero        25.14 | 59.75        
  6    1000   79241  305641 x 514983      0.03%      210 new     792 zero        25.85 | 55.87        
  6    1000   82692  309723 x 583859      0.03%      210 new     790 zero        30.30 | 60.53        
  6    1000   86319  324638 x 585333      0.03%      155 new     845 zero        28.73 | 49.20        
  6    1000   88703  334745 x 564803      0.02%       99 new     901 zero        25.87 | 39.05        
  6    1000   89805  383172 x 643704      0.02%      125 new     875 zero        29.93 | 46.77        
  6    1000   91386  423754 x 657058      0.02%       83 new     917 zero        27.93 | 39.77        
  6    1000   92257  415940 x 661983      0.02%       91 new     910 zero        29.70 | 43.30        
  6    1000   93356  382538 x 625765      0.02%       90 new     912 zero        29.65 | 43.65        
  6    1000   94333  461609 x 767519      0.02%      151 new     849 zero        36.79 | 55.92        
  6    1001   96679  508397 x 818781      0.02%       97 new     904 zero        37.02 | 51.07        
  4      39   97632    1296 x 2978        0.55%       29 new      10 zero         1.18 | 4.19         
  4     244   95938    3659 x 6552        0.29%      108 new     136 zero         3.91 | 15.17        
  4     523   91748    4712 x 7882        0.28%      136 new     387 zero         5.39 | 23.16        
  4      49   86877     480 x 737         0.90%        9 new      40 zero         0.55 | 2.35         
  5    1000   86951    8411 x 12148       0.19%      175 new     827 zero         6.41 | 29.17        
  5    1000   84586   14254 x 20433       0.14%      137 new     865 zero         4.39 | 19.73        
  5    1000   84254   25347 x 43291       0.09%      209 new     793 zero         7.49 | 30.23        
  5    1000   79362   31234 x 49513       0.09%      179 new     821 zero         6.46 | 25.41        
  5    1000   76639   36380 x 56698       0.09%      138 new     862 zero         5.53 | 19.90        
  5    1000   74903   50026 x 82150       0.07%      156 new     844 zero         6.95 | 23.43        
  5    1000   72663   58575 x 96497       0.07%      167 new     833 zero         7.78 | 25.75        
  5    1000   71762   53257 x 90922       0.09%      167 new     833 zero         8.19 | 26.53        
  5     426   73204   52978 x 94971       0.11%       74 new     352 zero         5.65 | 13.62        
  6    1000   73965   48867 x 83851       0.09%      141 new     859 zero         7.17 | 22.24        
  6    1000   76266   61729 x 102376      0.08%      152 new     848 zero         7.91 | 24.03        
  6    1000   78633   65127 x 111707      0.09%      161 new     839 zero         9.11 | 25.17        
  6    1000   81278   77888 x 121536      0.07%       54 new     946 zero         5.77 | 11.49        
  6    1000   81439   97354 x 155803      0.05%       57 new     944 zero         7.15 | 13.70        
  6    1000   81649  112481 x 169781      0.05%       76 new     925 zero         8.10 | 16.79        
  6    1000   82378  153272 x 240080      0.03%      114 new     886 zero        12.25 | 24.54        
  6    1001   83692  156939 x 262004      0.04%      127 new     874 zero        14.37 | 29.06        
  6    1000   85611  127100 x 200749      0.05%      163 new     837 zero        13.73 | 32.94        
  6    1000   88139  145308 x 223555      0.05%       92 new     908 zero        12.51 | 24.69        
  6    1001   89323  170188 x 280699      0.04%      148 new     853 zero        17.98 | 33.94        
  6    1000   91470  194259 x 333435      0.04%      307 new     693 zero        27.59 | 64.58        
  6    1001   97751  179450 x 285831      0.04%      138 new     863 zero        18.67 | 34.08        
  6    1000  100101  192492 x 316745      0.04%      117 new     883 zero        20.42 | 34.20        
  6    1000  101769  227780 x 365132      0.04%      104 new     898 zero        22.06 | 35.06        
  6    1000  103215  229011 x 393245      0.04%      121 new     880 zero        26.87 | 42.90        
  6    1000  104971  227247 x 369265      0.04%       86 new     914 zero        22.72 | 33.69        
  6    1000  105968  249624 x 386088      0.03%       82 new     918 zero        22.03 | 33.25        
  6    1000  106988  253789 x 409113      0.03%       62 new     938 zero        23.25 | 32.97        
  6    1000  107469  253746 x 390353      0.03%       52 new     948 zero        21.60 | 29.33        
  6    1000  107828  279337 x 428737      0.03%       67 new     933 zero        24.28 | 33.79        
  6    1000  108449  312491 x 458453      0.03%       54 new     946 zero        24.57 | 32.77        
  6    1000  108768  356459 x 550199      0.02%       73 new     927 zero        31.22 | 41.46        
  6    1000  109375  334333 x 498390      0.03%      162 new     838 zero        35.06 | 60.31        
  6    1000  111798  376380 x 605669      0.03%      154 new     846 zero        42.77 | 67.47        
  6    1000  114388  337696 x 560541      0.03%      165 new     835 zero        44.24 | 67.63        
  6    1000  117054  412210 x 665406      0.03%      159 new     841 zero        50.80 | 79.70        
  6    1000  119571  398376 x 660194      0.03%      160 new     840 zero        52.58 | 83.66        
  6    1000  122133  455049 x 705796      0.02%      138 new     862 zero        53.65 | 78.27        
  6    1001  124152  461355 x 709572      0.02%      122 new     879 zero        54.14 | 76.42        
  6    1000  125834  508593 x 788052      0.02%      122 new     878 zero        58.65 | 82.82        
  6    1000  127590  592068 x 920701      0.02%      140 new     860 zero        66.25 | 90.22        
  4      21  129777    2484 x 5930        0.62%       21 new       0 zero         1.80 | 4.07         
  4     152  129370    5387 x 10889       0.28%       90 new      62 zero         6.63 | 16.17        
  4     359  126561    4147 x 6885        0.40%      120 new     239 zero         8.11 | 21.61        
  4     143  122541    2684 x 4716        0.57%       25 new     118 zero         1.94 | 4.67         
  4      22  122462     635 x 1272        1.72%       10 new      12 zero         0.83 | 2.00         
  5    1000  122320    9181 x 14019       0.21%      203 new     797 zero        13.46 | 34.53        
  5    1000  120724   13503 x 18950       0.16%      150 new     850 zero         9.58 | 25.90        
  5    1000  119295   20664 x 33146       0.12%      218 new     782 zero        13.52 | 35.88        
  5    1000  115993   27509 x 42738       0.12%      256 new     748 zero        16.05 | 41.90        
  5    1000  111037   33646 x 51646       0.11%      192 new     808 zero        12.76 | 32.53        
  5    1000  106974   45652 x 72266       0.10%      154 new     846 zero        11.44 | 27.41        
  5    1000  104388   64809 x 105181      0.07%      247 new     754 zero        18.51 | 45.05        
  5    1000   95439   74862 x 128340      0.06%      234 new     766 zero        19.19 | 44.06        
  5    1000   96535   41437 x 67880       0.15%      141 new     859 zero        11.85 | 26.31        
  5     946   97851   86002 x 149939      0.07%      144 new     802 zero        16.24 | 32.41        
  6    1000   99101   36907 x 57554       0.16%      116 new     884 zero        10.12 | 23.07        
  6    1000  100838   31473 x 49358       0.16%      126 new     874 zero        10.10 | 23.03        
  6    1000  102925   61196 x 96020       0.11%      180 new     821 zero        16.51 | 36.41        
  6    1000  105872   69106 x 111288      0.11%      310 new     691 zero        26.09 | 58.67        
  6    1001  112051   89946 x 135615      0.08%      187 new     814 zero        20.04 | 41.51        
  6    1001  115064   69826 x 117733      0.10%      151 new     850 zero        17.09 | 33.43        
  6    1000  117704   62682 x 113294      0.13%      177 new     823 zero        19.96 | 40.38        
  6    1000  120944   93600 x 159029      0.09%       93 new     907 zero        17.71 | 28.05        
  6    1000  122070   83324 x 131777      0.08%      102 new     898 zero        15.40 | 26.53        
  6    1000  122990   96039 x 156439      0.08%       61 new     939 zero        14.88 | 21.91        
  6    1000  123033  153649 x 256967      0.05%      102 new     898 zero        24.42 | 36.09        
  6    1000  123776  160247 x 243421      0.04%       93 new     907 zero        21.87 | 33.14        
  6    1000  124407  181846 x 273834      0.04%      199 new     801 zero        31.92 | 55.55        
  6    1000  128038  163038 x 248107      0.05%      161 new     839 zero        30.13 | 50.53        
  6    1000  130121  192322 x 289144      0.05%      100 new     901 zero        27.52 | 40.14        
  6    1000  131518  179415 x 275142      0.05%      131 new     870 zero        31.23 | 47.42        
  6    1002  133603  180833 x 269968      0.05%      129 new     873 zero        30.17 | 46.63        
  6    1000  135654  187470 x 292016      0.06%      269 new     731 zero        45.84 | 79.98        
  6    1000  140753  217305 x 332585      0.05%      144 new     856 zero        37.33 | 56.81        
  6    1000  143345  210197 x 325232      0.05%      158 new     843 zero        39.20 | 58.97        
  6    1000  146249  208618 x 316547      0.05%      108 new     892 zero        34.93 | 50.24        
  6    1001  147990  222321 x 337997      0.05%       52 new     949 zero        32.28 | 40.25        
  6    1000  148168  230433 x 343962      0.05%       36 new     964 zero        30.44 | 36.43        
  6    1000  148039  235280 x 351995      0.05%       97 new     904 zero        36.64 | 49.53        
  6    1000  149421  269399 x 418921      0.04%       69 new     931 zero        41.61 | 53.97        
  6    1000  150017  256501 x 354134      0.04%       90 new     910 zero        32.71 | 46.53        
  6    1000  151259  273921 x 391891      0.04%       55 new     945 zero        33.71 | 41.77        
  6    1000  151553  321631 x 482398      0.03%       85 new     915 zero        44.52 | 57.06        
  6    1000  152814  375103 x 547525      0.03%      102 new     898 zero        49.03 | 64.14        
  6    1000  154232  232516 x 346022      0.04%       19 new     981 zero        26.03 | 29.09        
  6    1000  153601  426292 x 634086      0.02%      142 new     858 zero        61.85 | 82.81        
  6    1000  156144  367082 x 505148      0.03%      157 new     843 zero        50.87 | 78.50        
  6    1000  158865  431447 x 655405      0.03%      182 new     818 zero        77.78 | 109.79       
  6    1000  162264  413024 x 627490      0.03%      116 new     884 zero        70.61 | 88.82        
  6    1000  163981  396686 x 618633      0.03%      197 new     803 zero        81.22 | 114.98       
  6    1000  167791  460500 x 706862      0.03%      141 new     859 zero        81.10 | 105.21       
  6    1000  170314  455684 x 712572      0.03%      190 new     810 zero        89.80 | 126.01       
  6    1000  174024  387098 x 615648      0.04%      221 new     779 zero        92.51 | 132.01       
  6    1000  178423  398147 x 637355      0.04%      214 new     786 zero        95.65 | 135.16       
  6    1000  182857  467153 x 712362      0.03%      102 new     898 zero        87.47 | 104.54       
  6    1000  184491  356410 x 507360      0.04%       76 new     924 zero        61.42 | 74.49        
  6    1000  185337  436885 x 664666      0.04%      131 new     869 zero        92.55 | 117.24       
  6    1000  187531  469521 x 714528      0.03%      101 new     899 zero        93.33 | 113.46       
  6    1000  189169  460991 x 753686      0.03%      203 new     797 zero       118.35 | 160.23       
  6    1000  193401  505991 x 813804      0.03%      132 new     868 zero       115.75 | 148.17       
  6    1000  195487  564119 x 839456      0.03%       80 new     920 zero       103.88 | 121.42       
  6    1000  196526  565555 x 848462      0.03%      126 new     874 zero       108.19 | 133.34       
  6    1001  198679  426905 x 603900      0.04%       57 new     944 zero        72.84 | 84.01        
  6    1000  199133  569600 x 834044      0.03%       65 new     935 zero        99.84 | 115.43       
  6    1000  199764  619507 x 885488      0.02%       36 new     964 zero        96.37 | 104.33       
  6    1000  199726  702103 x 1067187     0.02%      148 new     852 zero       135.72 | 172.36       
  5      19  201988    1109 x 8883        1.70%       19 new       0 zero         3.56 | 5.56         
  5     275  201377   55663 x 114785      0.10%      147 new     128 zero        27.02 | 41.62        
  5     392  194716   87289 x 160702      0.07%      181 new     211 zero        34.04 | 52.83        
  6    1000  186042  193810 x 321786      0.05%      379 new     621 zero        74.41 | 121.31       
  6    1000  183823  214280 x 332547      0.06%      294 new     706 zero        65.63 | 104.41       
  6    1000  186245  327620 x 535788      0.03%      228 new     772 zero        78.70 | 114.53       
  6    1000  190349  383929 x 605910      0.03%      196 new     804 zero        85.38 | 120.04       
  6    1000  192684  384692 x 563244      0.03%      121 new     879 zero        64.93 | 82.55        
  6    1000  194459  510508 x 816350      0.02%      455 new     545 zero       154.02 | 233.27       
  6    1000  204588  467439 x 716193      0.03%      247 new     753 zero       118.93 | 171.39       
  6    1001  209669  413665 x 656595      0.04%      293 new     708 zero       123.35 | 188.08       
  6    1000  215980  517355 x 801455      0.03%      141 new     859 zero       116.33 | 148.44       
  6    1000  218425  502575 x 825151      0.03%      227 new     773 zero       137.93 | 186.46       
  6    1000  222673