
Legend for f4 information
--------------------------------------------------------
deg       current degree of pairs selected in this round
sel       number of pairs selected in this round
pairs     total number of pairs in pair list
mat       matrix dimensions (# rows x # columns)
density   density of the matrix
new data  # new elements for basis in this round
          # zero reductions during linear algebra
time(rd)  time of the current f4 round in seconds given
          for real and cpu time
--------------------------------------------------------

deg     sel   pairs        mat          density            new data         time(rd) in sec (real|cpu)
------------------------------------------------------------------------------------------------------
  5       1      95       2 x 6          58.33%        1 new       0 zero         0.00 | 0.00         
  5       1      96       2 x 5          60.00%        1 new       0 zero         0.00 | 0.00         
  6       2      96       7 x 23         19.25%        2 new       0 zero         0.00 | 0.00         
  6       2     117       7 x 36         19.05%        2 new       0 zero         0.00 | 0.00         
  7       6     159      30 x 101         5.61%        5 new       1 zero         0.00 | 0.02         
  6       2     179       5 x 6          30.00%        1 new       1 zero         0.00 | 0.00         
  7      11     180     109 x 361         1.72%        8 new       3 zero         0.00 | 0.02         
  6       1     245       2 x 1         100.00%        0 new       1 zero         0.00 | 0.00         
  7       7     244      41 x 114         4.73%        4 new       3 zero         0.00 | 0.02         
  7      10     257      62 x 150         3.38%        3 new       7 zero         0.00 | 0.00         
  8      36     263     318 x 1062        0.85%       20 new      16 zero         0.01 | 0.19         
  8      44     364     423 x 1479        0.90%       28 new      16 zero         0.00 | 0.10         
  8      31     421     381 x 1496        0.91%       14 new      17 zero         0.01 | 0.10         
  8      13     468      61 x 109         3.25%        4 new       9 zero         0.00 | 0.02         
  9     160     480    2316 x 7856        0.21%       53 new     107 zero         0.03 | 0.29         
  9      59     636    1668 x 6661        0.28%       27 new      32 zero         0.02 | 0.25         
  8       1     698      11 x 288        12.50%        1 new       0 zero         0.00 | 0.02         
  9      22     715    1036 x 6170        0.30%       15 new       7 zero         0.02 | 0.22         
  9      25     722    1219 x 9150        0.30%       16 new       9 zero         0.03 | 0.29         
  9       3     794     152 x 2754        1.33%        2 new       1 zero         0.01 | 0.12         
 10     450     801   21310 x 96622       0.03%      165 new     285 zero         0.37 | 1.65         
  9       6    1375      86 x 1681        2.65%        3 new       3 zero         0.01 | 0.14         
  8       3    1368      47 x 2129        3.97%        3 new       0 zero         0.01 | 0.16         
  9      16    1393    1236 x 15257       0.25%       14 new       2 zero         0.04 | 0.32         
 10     381    1436   32686 x 196181      0.02%      175 new     206 zero         0.94 | 2.93         
 10      84    2283   17563 x 143226      0.04%       56 new      28 zero         0.69 | 1.54         
 10      10    2584    3478 x 36784       0.09%        7 new       3 zero         0.12 | 0.39         
 11    1000    2599   96819 x 520168      0.01%      380 new     620 zero         3.53 | 10.45        
 11    1000    4082  162601 x 853515      0.01%      378 new     622 zero         7.55 | 18.49        
 11    1000    5813  236823 x 1412420     0.01%      362 new     638 zero        15.76 | 31.94        
  9       3    7443      90 x 2582        3.56%        3 new       0 zero         0.03 | 0.30         
  9       3    7472     137 x 2807        2.00%        3 new       0 zero         0.03 | 0.32         
  9      11    7466     785 x 15673       0.36%       10 new       1 zero         0.12 | 0.74         
 10      82    7508   13067 x 150163      0.06%       51 new      31 zero         1.27 | 3.57         
 10     103    7473   23274 x 259222      0.03%       54 new      49 zero         2.13 | 4.63         
 10      37    7615   11225 x 164290      0.05%       17 new      20 zero         1.23 | 2.16         
 10       9    7716    1530 x 50230       0.31%        6 new       3 zero         0.37 | 0.85         
 11     996    7758  305855 x 2259616     0.01%      500 new     497 zero        34.45 | 69.72        
 11     665   10277  287778 x 2203149     0.01%      369 new     296 zero        41.41 | 71.31        
 11      38   12548  130935 x 1107655     0.02%       25 new      13 zero        23.06 | 25.38        
 12    1000   12727  405691 x 2507609     0.01%      334 new     666 zero        47.96 | 84.22        
 12    1000   14453  372149 x 2227605     0.01%      425 new     575 zero        49.81 | 93.26        
 12    1000   16929  704938 x 4232417     0.00%      284 new     716 zero       116.01 | 158.90       
 12    1000   18260