Command exited with non-zero status 1
	Command being timed: "timeout --signal=TERM --kill-after=30s 5400s Singular --cpus=1 --threads=1 --flint-threads=1 -q --no-rc /home/ubuntu/jc2/box/moh14-charts-20260905/hsupport-gate-20260905/source-complete/classes/C_n16m12_M6_13_ell3_s3/builders/C_n16m12_M6_13_ell3_s3_V4_3_builder.sing"
	User time (seconds): 179.50
	System time (seconds): 1.28
	Percent of CPU this job got: 24%
	Elapsed (wall clock) time (h:mm:ss or m:ss): 12:09.50
	Average shared text size (kbytes): 0
	Average unshared data size (kbytes): 0
	Average stack size (kbytes): 0
	Average total size (kbytes): 0
	Maximum resident set size (kbytes): 3424220
	Average resident set size (kbytes): 0
	Major (requiring I/O) page faults: 0
	Minor (reclaiming a frame) page faults: 1057687
	Voluntary context switches: 3
	Involuntary context switches: 61010
	Swaps: 0
	File system inputs: 0
	File system outputs: 24
	Socket messages sent: 0
	Socket messages received: 0
	Signals delivered: 0
	Page size (bytes): 4096
	Exit status: 1
