{"msg": "PASS source_hash", "rss_kib": 30232, "t": 0.0}
{"msg": "PASS residual_rows_empty", "rss_kib": 31768, "t": 0.0}
{"msg": "PASS normalization", "rss_kib": 31768, "t": 0.0}
{"msg": "PASS source_name_census", "rss_kib": 31768, "t": 0.0, "unused": ["Z55", "leader55", "target_c", "target_d", "target_e"]}
{"msg": "PASS header_ring", "rss_kib": 31768, "t": 0.0}
{"msg": "PASS variable_order_literal", "n_hfact": 160, "n_source": 439, "rss_kib": 31768, "t": 0.0}
{"deg_C": 35, "deg_C2": 14, "deg_C3": 14, "deg_D": 34, "deg_h": 33, "deg_h3": 11, "max_semdeg_C": 1, "max_semdeg_D": 1, "max_semdeg_h_source": 12, "msg": "PASS physical_degrees", "rss_kib": 49168, "support_C": 201, "support_D": 194, "support_h": 178, "t": 0.04, "terms_C": 228, "terms_D": 223, "terms_h_source": 9913}
{"msg": "PASS h_top_form_fixed", "rss_kib": 49168, "t": 0.04}
{"F_top": "W^72*(X+W)^27", "G_top": "W^48*(X+W)^18", "msg": "PASS FG_exact_degrees", "rss_kib": 49168, "t": 0.04}
{"constants": {"0_33": "1", "1_0": "1", "1_32": "9", "2_3": "-8", "2_31": "36", "3_30": "84", "3_6": "28", "4_29": "126", "4_9": "-56", "5_12": "70", "5_28": "126", "6_15": "-56", "6_27": "84", "7_18": "28", "7_26": "36", "8_21": "-8", "8_25": "9", "9_24": "1"}, "msg": "PASS sites_match_Hfact_list", "n_sites": 160, "rss_kib": 49452, "t": 0.04}
{"msg": "building brackets", "rss_kib": 49452, "t": 0.04}
{"cd": 47783, "ch": 38520, "hd": 37614, "msg": "brackets", "rss_kib": 188616, "t": 0.19}
{"msg": "A*hd", "rss_kib": 4786248, "t": 6.22, "terms": 7685332}
{"msg": "B*ch", "rss_kib": 6936136, "t": 8.25, "terms": 3556009}
{"msg": "Jmine", "rss_kib": 20489800, "semdeg": 101, "t": 13.77, "terms": 11289124}
{"lifted_terms": 12, "msg": "PASS J0_lift_compose_equals_source", "rss_kib": 20489800, "source_degree": 8, "source_terms": 45, "t": 13.78}
{"lifted_sha": "275d955b760e52bcea6a28923bdc6bc5134bd1b855da9016e225fd004fb53743", "msg": "PASS J0_json_texts", "rss_kib": 20489800, "source_sha": "63b5edb9fadbf9dd1b530b51613e4732ab2f2c94e62b29f287d4d425cc079d30", "t": 13.78}
{"msg": "streaming literal rows", "rss_kib": 20489800, "t": 13.78}
{"msg": "rows", "rows": 300, "rss_kib": 20489800, "t": 15.14, "terms": 154717}
{"msg": "rows", "rows": 600, "rss_kib": 20489800, "t": 33.68, "terms": 2671119}
{"msg": "rows", "rows": 900, "rss_kib": 20489800, "t": 65.9, "terms": 7299400}
{"msg": "rows", "rows": 1200, "rss_kib": 20489800, "t": 86.85, "terms": 10399480}
{"msg": "rows", "rows": 1500, "rss_kib": 20489800, "t": 92.88, "terms": 11273495}
{"msg": "PASS no_trailing_data", "rss_kib": 20489800, "t": 93.11}
{"msg": "PASS graph_rows_exact", "n_def": 160, "rss_kib": 20489800, "t": 93.11}
{"msg": "PASS inverse_row_exact", "rss_kib": 20489800, "t": 93.11}
{"generators": 1629, "msg": "PASS footer_counts_and_hash", "rss_kib": 20489800, "stream_sha": "9fd637ac64193872a7354502e3dca590d43ad8eebd0ca4dbc9f8579af5fa77f0", "t": 93.11, "terms": 11299180}
{"max_phys_degree": 99, "msg": "PASS J_row_census", "n_J": 1468, "rss_kib": 20489800, "t": 93.11}
{"msg": "tree sum of tagged rows", "n": 1468, "rss_kib": 20489800, "t": 93.11}
{"msg": "level", "n": 734, "rss_kib": 22643244, "t": 95.71}
{"msg": "level", "n": 367, "rss_kib": 29434412, "t": 98.35}
{"msg": "level", "n": 184, "rss_kib": 29434692, "t": 99.7}
{"msg": "level", "n": 92, "rss_kib": 29434696, "t": 101.66}
{"msg": "level", "n": 46, "rss_kib": 29436400, "t": 102.89}
{"msg": "level", "n": 23, "rss_kib": 29439488, "t": 104.78}
{"msg": "level", "n": 12, "rss_kib": 29567804, "t": 106.02}
{"msg": "level", "n": 6, "rss_kib": 29836020, "t": 107.96}
{"msg": "level", "n": 3, "rss_kib": 33109512, "t": 110.0}
{"msg": "level", "n": 2, "rss_kib": 33109512, "t": 111.08}
{"msg": "level", "n": 1, "rss_kib": 33109512, "t": 113.65}
{"msg": "Jlit", "rss_kib": 33109512, "t": 113.66, "terms": 11289112}
{"J0_terms": 12, "diff_terms": 12, "msg": "PASS EXACT_IDENTITY_full_J", "rss_kib": 33109512, "t": 115.14}
{"msg": "PASS control_sign_flip_detected", "rss_kib": 33109512, "t": 117.44}
{"msg": "PASS control_row_perturbation_detected", "rss_kib": 33109512, "t": 117.51}
{"dropped_row_terms": 30, "msg": "PASS control_dropped_row_detected", "rss_kib": 33109512, "t": 117.51}
{"msg": "PASS source_zero_control_D_C_vanish_at_rho1", "note": "then J(F,G)=J(h^3,h^2)=0: all positive rows vanish, J0=0, inverse row = -1: correctly NOT a point", "rss_kib": 33109512, "t": 117.51}
{"any_fail": false, "msg": "done", "rss_kib": 33109512, "t": 117.51}
