P2ROW|0|0|98|1
P2ROW|1|0|99|1
P2ROW|2|0|100|1
P2ROW|3|0|101|1
P2ROW|4|0|102|1
P2ROW|5|0|103|1
P2ROW|6|0|104|1
P2ROW|7|0|105|1
P2ROW|8|0|106|1
P2ROW|9|0|107|1
P2ROW|10|0|108|1
P2ROW|11|0|109|2
P2ROW|12|0|110|2
P2ROW|13|0|111|2
P2ROW|14|0|112|2
P2ROW|15|0|113|2
P2ROW|16|0|114|2
P2ROW|17|0|115|2
P2ROW|18|0|116|2
P2ROW|19|0|117|3
P2ROW|20|0|118|3
P2ROW|21|0|119|3
P2ROW|22|0|120|3
P2ROW|23|0|121|3
P2ROW|24|0|122|3
P2ROW|25|0|123|4
P2ROW|26|0|124|4
P2ROW|27|0|125|4
P2ROW|28|0|126|4
P2ROW|29|0|127|4
P2ROW|30|0|128|4
P2ROW|31|0|129|5
P2ROW|32|0|130|5
P2ROW|33|0|131|5
P2ROW|34|0|132|5
P2ROW|35|0|133|5
P2ROW|36|0|134|5
P2ROW|37|0|135|6
P2ROW|38|0|136|6
P2ROW|39|0|137|6
P2ROW|40|0|138|6
P2ROW|41|0|139|6
P2ROW|42|0|140|7
P2ROW|43|0|141|7
P2ROW|44|0|142|7
P2ROW|45|0|143|7
P2ROW|46|0|144|8
P2ROW|47|0|145|8
P2ROW|48|0|146|8
P2ROW|49|0|147|9
P2ROW|50|0|148|9
P2ROW|51|0|149|11
P2ROW|52|0|150|13
P2ROW|53|0|151|15
P2ROW|54|0|152|17
P2ROW|55|0|153|17
P2ROW|56|0|154|18
P2ROW|57|0|155|18
P2ROW|58|0|156|18
P2ROW|59|0|157|20
P2ROW|60|0|158|22
P2ROW|61|0|159|22
P2ROW|62|0|160|23
P2ROW|63|0|161|27
P2ROW|64|0|162|27
P2ROW|65|0|163|27
P2ROW|66|0|164|32
P2ROW|67|0|165|33
P2ROW|68|0|166|33
P2ROW|69|0|167|41
P2ROW|70|0|168|45
P2ROW|71|0|169|47
P2ROW|72|0|170|48
P2ROW|73|0|171|48
P2ROW|74|0|172|63
P2ROW|75|0|173|80
P2ROW|76|0|174|81
P2ROW|77|0|175|83
P2ROW|78|0|176|84
P2ROW|79|0|177|87
P2ROW|80|0|178|88
P2ROW|81|0|179|91
