== rigid-congruence-20260903 ==

-- hashes --
  [ok]   frozen moh_skeleton_full
  [ok]   frozen full_tree_partition
  [ok]   box copy moh_skeleton_full
  [ok]   box copy full_tree_partition

-- CONTROL: Moh's six survive every screen --
  [ok]   (64,48) (1)-(13)
  [ok]   (64,48) gap_partition
  [ok]   (64,48) gap_ode
  [ok]   (64,48) gap_passport
  [ok]   (64,48) C_FULL_TREE
  [ok]   (64,48) C_FULL_TREE_ODE
  [ok]   (84,56) M2=64,V2=2 (1)-(13)
  [ok]   (84,56) M2=64,V2=2 gap_partition
  [ok]   (84,56) M2=64,V2=2 gap_ode
  [ok]   (84,56) M2=64,V2=2 gap_passport
  [ok]   (84,56) M2=64,V2=2 C_FULL_TREE
  [ok]   (84,56) M2=64,V2=2 C_FULL_TREE_ODE
  [ok]   (84,56) M2=72,V2=5 (1)-(13)
  [ok]   (84,56) M2=72,V2=5 gap_partition
  [ok]   (84,56) M2=72,V2=5 gap_ode
  [ok]   (84,56) M2=72,V2=5 gap_passport
  [ok]   (84,56) M2=72,V2=5 C_FULL_TREE
  [ok]   (84,56) M2=72,V2=5 C_FULL_TREE_ODE
  [ok]   (75,50) V2=3 (1)-(13)
  [ok]   (75,50) V2=3 gap_partition
  [ok]   (75,50) V2=3 gap_ode
  [ok]   (75,50) V2=3 gap_passport
  [ok]   (75,50) V2=3 C_FULL_TREE
  [ok]   (75,50) V2=3 C_FULL_TREE_ODE
  [ok]   (75,50) V2=2 (1)-(13)
  [ok]   (75,50) V2=2 gap_partition
  [ok]   (75,50) V2=2 gap_ode
  [ok]   (75,50) V2=2 gap_passport
  [ok]   (75,50) V2=2 C_FULL_TREE
  [ok]   (75,50) V2=2 C_FULL_TREE_ODE
  [ok]   (99,66) (1)-(13)
  [ok]   (99,66) gap_partition
  [ok]   (99,66) gap_ode
  [ok]   (99,66) gap_passport
  [ok]   (99,66) C_FULL_TREE
  [ok]   (99,66) C_FULL_TREE_ODE

-- CONTROL: unscreened counts --
  [ok]   n<=100 (1)-(13) rows = 658
  [ok]   n<=100 (n,m) classes = 63
   n<=100 census 0.45s

-- CONTROL: gap-free / gapped residue at n<=100 --
   n<=100 screens 1.41s
  [ok]   gap_partition n<=100 = 348
  [ok]   gap_partition classes = 52
  [ok]   gap_ode n<=100 = 347
  [ok]   gap_passport n<=100 = 330
  [ok]   C_FULL_TREE n<=100 = 60
  [ok]   C_FULL_TREE_ODE n<=100 = 58

-- CONTROL: D48-200 unscreened + pre-screen u_s>1 --
   D48-200 census 13.20s  rows=23720 groups=14016
  [ok]   D48-200 V-assignments = 23720
  [ok]   D48-200 groups = 14016
  [ok]   pre-screen u_s>1 groups = 4012/14016

== (A) RIGID ∩ SCREEN ==
  [ok]   19 rigid specs recovered from census
   n=60 m=40 M=[-10, 45, 58] V={2: 11, 3: 8, 4: 4} expdim=0  gapP=True gapODE=True gapPASS=True  TREE=False ODE=False  killj=None
   n=80 m=60 M=[68, 78] V={2: 7, 3: 3} expdim=0  gapP=True gapODE=True gapPASS=True  TREE=False ODE=False  killj=None
   n=84 m=63 M=[49, 82] V={2: 7, 3: 5} expdim=0  gapP=True gapODE=True gapPASS=True  TREE=False ODE=False  killj=None
   n=96 m=72 M=[-8, 20, 94] V={2: 7, 3: 6, 4: 3} expdim=0  gapP=True gapODE=True gapPASS=True  TREE=False ODE=False  killj=None
   n=96 m=72 M=[-8, 76, 94] V={2: 7, 3: 6, 4: 3} expdim=0  gapP=True gapODE=True gapPASS=True  TREE=False ODE=False  killj=None
   n=96 m=72 M=[56, 92, 94] V={2: 7, 3: 5, 4: 3} expdim=0  gapP=True gapODE=True gapPASS=True  TREE=True ODE=True  killj=None
   n=96 m=72 M=[80, 84, 94] V={2: 7, 3: 6, 4: 3} expdim=0  gapP=True gapODE=True gapPASS=True  TREE=False ODE=False  killj=None
   n=100 m=75 M=[85, 98] V={2: 7, 3: 3} expdim=0  gapP=True gapODE=True gapPASS=True  TREE=False ODE=False  killj=None
   n=108 m=72 M=[60, 80, 106] V={2: 20, 3: 9, 4: 3} expdim=0  gapP=True gapODE=True gapPASS=True  TREE=False ODE=False  killj=None
   n=108 m=72 M=[60, 100, 106] V={2: 20, 3: 9, 4: 3} expdim=0  gapP=True gapODE=True gapPASS=True  TREE=False ODE=False  killj=None
   n=108 m=72 M=[90, 106] V={2: 17, 3: 16} expdim=0  gapP=True gapODE=True gapPASS=True  TREE=False ODE=False  killj=None
   n=108 m=72 M=[90, 99, 106] V={2: 17, 3: 16, 4: 8} expdim=0  gapP=True gapODE=True gapPASS=True  TREE=True ODE=True  killj=None
   n=120 m=72 M=[12, 44, 118] V={2: 8, 3: 9, 4: 3} expdim=0  gapP=True gapODE=True gapPASS=True  TREE=False ODE=False  killj=None
   n=120 m=72 M=[12, 76, 118] V={2: 8, 3: 9, 4: 3} expdim=0  gapP=True gapODE=True gapPASS=True  TREE=False ODE=False  killj=None
   n=120 m=90 M=[-10, 25, 118] V={2: 7, 3: 6, 4: 3} expdim=0  gapP=True gapODE=True gapPASS=True  TREE=False ODE=False  killj=None
   n=120 m=90 M=[-10, 95, 118] V={2: 7, 3: 6, 4: 3} expdim=0  gapP=True gapODE=True gapPASS=True  TREE=False ODE=False  killj=None
   n=120 m=90 M=[100, 105, 118] V={2: 7, 3: 6, 4: 3} expdim=0  gapP=True gapODE=True gapPASS=True  TREE=False ODE=False  killj=None
   n=120 m=80 M=[88, 118] V={2: 17, 3: 7} expdim=0  gapP=True gapODE=True gapPASS=True  TREE=False ODE=False  killj=None
   n=120 m=80 M=[100, 110, 118] V={2: 17, 3: 16, 4: 9} expdim=0  gapP=True gapODE=True gapPASS=True  TREE=True ODE=True  killj=None
   rigid survivors: gap_partition 19 / gap_passport 19 / C_FULL_TREE 3 / ODE 3  of 19

== (B) CONGRUENCE SCAN D=108,112,120 ==
   D=108 baseline=206  gapP=93 gapPASS=88 TREE=21 ODE=20
   D=112 baseline=76  gapP=31 gapPASS=31 TREE=8 ODE=8
   D=120 baseline=782  gapP=366 gapPASS=329 TREE=94 ODE=82
  [ok]   C_FULL_TREE D=108 rows = 21
  [ok]   C_FULL_TREE D=112 rows = 8
  [ok]   C_FULL_TREE D=120 rows = 94
  [ok]   C_FULL_TREE_ODE D=108 rows = 20

== (B) LINEAR FAMILY from a D=108 gap-free UNI survivor ==
   seed n=108 m=72 M=[81, 106] V={2: 7, 3: 7} de=(2, 3) s=3 u_s=2 N=[21]
   scanned 350 (λ,slope) pairs; hits with ≥6 cong members: 0
   pairs with any gap+N member: 350; constant-nonzero residue: 0

== (C) POST-SCREEN u_s>1 AND ANCHOR-ZERO, 48≤D≤200 ==
   ... 4000/23720 rows (4.9s)
   ... 8000/23720 rows (12.8s)
   ... 12000/23720 rows (21.5s)
   ... 16000/23720 rows (31.0s)
   ... 20000/23720 rows (44.6s)
   (C) wall 61.84s
  [ok]   H4: h = P/Q identically on selected nodes
   gap_partition  rows=12323 groups=6382  us>1 rows=3204 (0.2600) groups=1809 (0.2835)  us=1 anchor-zero rows=1591 groups=774
   gap_ode  rows=12061 groups=6277  us>1 rows=3091 (0.2563) groups=1742 (0.2775)  us=1 anchor-zero rows=1494 groups=759
   gap_passport  rows=11590 groups=6039  us>1 rows=3014 (0.2601) groups=1700 (0.2815)  us=1 anchor-zero rows=1345 groups=685
   C_FULL_TREE  rows=3090 groups=1516  us>1 rows=423 (0.1369) groups=260 (0.1715)  us=1 anchor-zero rows=1591 groups=774
   C_FULL_TREE_ODE  rows=2824 groups=1384  us>1 rows=310 (0.1098) groups=177 (0.1279)  us=1 anchor-zero rows=1494 groups=759
  [ok]   C_FULL_TREE D48-200 rows = 3090
  [ok]   C_FULL_TREE D48-200 groups = 1516
  [ok]   C_FULL_TREE_ODE D48-200 rows = 2824

Wrote /home/ubuntu/jc2/box/rigid-congruence-20260903/results.json (8922849 bytes) in 81.98s
ALL CONTROLS PASSED.
