/home/ubuntu/jc2/box/depth-drivers-20260902/moh.txt: OK
/home/ubuntu/jc2/box/moh14-charts-20260905/builder_fix.py: OK
/home/ubuntu/jc2/box/moh14-charts-20260905/hsupport-gate-20260905/compiler-validation.log: OK
/home/ubuntu/jc2/box/moh14-charts-20260905/hsupport-gate-20260905/control-s4-verification.json: OK
/home/ubuntu/jc2/box/moh14-charts-20260905/hsupport-gate-20260905/frozen-inputs.sha256: OK
/home/ubuntu/jc2/box/moh14-charts-20260905/hsupport-gate-20260905/independent-fibre-audit.json: OK
/home/ubuntu/jc2/box/moh14-charts-20260905/hsupport-gate-20260905/source-complete/circuit/C_n16m12_M6_13_ell3_s3/controls/C_n16m12_M6_13_ell3_s3_V1_1_seed1.log: OK
/home/ubuntu/jc2/box/moh14-charts-20260905/hsupport-gate-20260905/source-complete/circuit/C_n16m12_M6_13_ell3_s3/controls/C_n16m12_M6_13_ell3_s3_V1_1_seed1.sing: OK
/home/ubuntu/jc2/box/moh14-charts-20260905/hsupport-gate-20260905/source-complete/circuit/C_n16m12_M6_13_ell3_s3/controls/C_n16m12_M6_13_ell3_s3_V1_1_seed7.log: OK
/home/ubuntu/jc2/box/moh14-charts-20260905/hsupport-gate-20260905/source-complete/circuit/C_n16m12_M6_13_ell3_s3/controls/C_n16m12_M6_13_ell3_s3_V1_1_seed7.sing: OK
/home/ubuntu/jc2/box/moh14-charts-20260905/hsupport-gate-20260905/source-complete/circuit/C_n16m12_M6_13_ell3_s3/controls/C_n16m12_M6_13_ell3_s3_V1_3_seed1.log: OK
/home/ubuntu/jc2/box/moh14-charts-20260905/hsupport-gate-20260905/source-complete/circuit/C_n16m12_M6_13_ell3_s3/controls/C_n16m12_M6_13_ell3_s3_V1_3_seed1.sing: OK
/home/ubuntu/jc2/box/moh14-charts-20260905/hsupport-gate-20260905/source-complete/circuit/C_n16m12_M6_13_ell3_s3/controls/C_n16m12_M6_13_ell3_s3_V1_3_seed7.log: OK
/home/ubuntu/jc2/box/moh14-charts-20260905/hsupport-gate-20260905/source-complete/circuit/C_n16m12_M6_13_ell3_s3/controls/C_n16m12_M6_13_ell3_s3_V1_3_seed7.sing: OK
/home/ubuntu/jc2/box/moh14-charts-20260905/hsupport-gate-20260905/source-complete/circuit/C_n16m12_M6_13_ell3_s3/controls/C_n16m12_M6_13_ell3_s3_V4_3_seed1.log: OK
/home/ubuntu/jc2/box/moh14-charts-20260905/hsupport-gate-20260905/source-complete/circuit/C_n16m12_M6_13_ell3_s3/controls/C_n16m12_M6_13_ell3_s3_V4_3_seed1.sing: OK
/home/ubuntu/jc2/box/moh14-charts-20260905/hsupport-gate-20260905/source-complete/circuit/C_n16m12_M6_13_ell3_s3/controls/C_n16m12_M6_13_ell3_s3_V4_3_seed7.log: OK
/home/ubuntu/jc2/box/moh14-charts-20260905/hsupport-gate-20260905/source-complete/circuit/C_n16m12_M6_13_ell3_s3/controls/C_n16m12_M6_13_ell3_s3_V4_3_seed7.sing: OK
/home/ubuntu/jc2/box/moh14-charts-20260905/hsupport-gate-20260905/source-complete/circuit/C_n16m12_M6_13_ell3_s3/meta/C_n16m12_M6_13_ell3_s3_V1_1_circuit.json: OK
/home/ubuntu/jc2/box/moh14-charts-20260905/hsupport-gate-20260905/source-complete/circuit/C_n16m12_M6_13_ell3_s3/meta/C_n16m12_M6_13_ell3_s3_V1_3_circuit.json: OK
/home/ubuntu/jc2/box/moh14-charts-20260905/hsupport-gate-20260905/source-complete/circuit/C_n16m12_M6_13_ell3_s3/meta/C_n16m12_M6_13_ell3_s3_V4_3_circuit.json: OK
/home/ubuntu/jc2/box/moh14-charts-20260905/hsupport-gate-20260905/source-complete/circuit/C_n16m12_M6_13_ell3_s3/rows/C_n16m12_M6_13_ell3_s3_V1_1_circuit_rows.tsv: OK
/home/ubuntu/jc2/box/moh14-charts-20260905/hsupport-gate-20260905/source-complete/circuit/C_n16m12_M6_13_ell3_s3/rows/C_n16m12_M6_13_ell3_s3_V1_3_circuit_rows.tsv: OK
/home/ubuntu/jc2/box/moh14-charts-20260905/hsupport-gate-20260905/source-complete/circuit/C_n16m12_M6_13_ell3_s3/rows/C_n16m12_M6_13_ell3_s3_V4_3_circuit_rows.tsv: OK
/home/ubuntu/jc2/box/moh14-charts-20260905/hsupport-gate-20260905/source-complete/circuit/C_n18m12_M2_9_ell2_s3/controls/C_n18m12_M2_9_ell2_s3_V1_8_seed1.log: OK
/home/ubuntu/jc2/box/moh14-charts-20260905/hsupport-gate-20260905/source-complete/circuit/C_n18m12_M2_9_ell2_s3/controls/C_n18m12_M2_9_ell2_s3_V1_8_seed1.sing: OK
/home/ubuntu/jc2/box/moh14-charts-20260905/hsupport-gate-20260905/source-complete/circuit/C_n18m12_M2_9_ell2_s3/controls/C_n18m12_M2_9_ell2_s3_V1_8_seed7.log: OK
/home/ubuntu/jc2/box/moh14-charts-20260905/hsupport-gate-20260905/source-complete/circuit/C_n18m12_M2_9_ell2_s3/controls/C_n18m12_M2_9_ell2_s3_V1_8_seed7.sing: OK
/home/ubuntu/jc2/box/moh14-charts-20260905/hsupport-gate-20260905/source-complete/circuit/C_n18m12_M2_9_ell2_s3/controls/C_n18m12_M2_9_ell2_s3_V3_8_seed1.log: OK
/home/ubuntu/jc2/box/moh14-charts-20260905/hsupport-gate-20260905/source-complete/circuit/C_n18m12_M2_9_ell2_s3/controls/C_n18m12_M2_9_ell2_s3_V3_8_seed1.sing: OK
/home/ubuntu/jc2/box/moh14-charts-20260905/hsupport-gate-20260905/source-complete/circuit/C_n18m12_M2_9_ell2_s3/controls/C_n18m12_M2_9_ell2_s3_V3_8_seed7.log: OK
/home/ubuntu/jc2/box/moh14-charts-20260905/hsupport-gate-20260905/source-complete/circuit/C_n18m12_M2_9_ell2_s3/controls/C_n18m12_M2_9_ell2_s3_V3_8_seed7.sing: OK
/home/ubuntu/jc2/box/moh14-charts-20260905/hsupport-gate-20260905/source-complete/circuit/C_n18m12_M2_9_ell2_s3/meta/C_n18m12_M2_9_ell2_s3_V1_8_circuit.json: OK
/home/ubuntu/jc2/box/moh14-charts-20260905/hsupport-gate-20260905/source-complete/circuit/C_n18m12_M2_9_ell2_s3/meta/C_n18m12_M2_9_ell2_s3_V3_8_circuit.json: OK
/home/ubuntu/jc2/box/moh14-charts-20260905/hsupport-gate-20260905/source-complete/circuit/C_n18m12_M2_9_ell2_s3/rows/C_n18m12_M2_9_ell2_s3_V1_8_circuit_rows.tsv: OK
/home/ubuntu/jc2/box/moh14-charts-20260905/hsupport-gate-20260905/source-complete/circuit/C_n18m12_M2_9_ell2_s3/rows/C_n18m12_M2_9_ell2_s3_V3_8_circuit_rows.tsv: OK
/home/ubuntu/jc2/box/moh14-charts-20260905/hsupport-gate-20260905/source-complete/circuit/C_n24m16_M12_17_ell1_s3/controls/C_n24m16_M12_17_ell1_s3_V1_2_seed1.log: OK
/home/ubuntu/jc2/box/moh14-charts-20260905/hsupport-gate-20260905/source-complete/circuit/C_n24m16_M12_17_ell1_s3/controls/C_n24m16_M12_17_ell1_s3_V1_2_seed1.sing: OK
/home/ubuntu/jc2/box/moh14-charts-20260905/hsupport-gate-20260905/source-complete/circuit/C_n24m16_M12_17_ell1_s3/controls/C_n24m16_M12_17_ell1_s3_V1_2_seed7.log: OK
/home/ubuntu/jc2/box/moh14-charts-20260905/hsupport-gate-20260905/source-complete/circuit/C_n24m16_M12_17_ell1_s3/controls/C_n24m16_M12_17_ell1_s3_V1_2_seed7.sing: OK
/home/ubuntu/jc2/box/moh14-charts-20260905/hsupport-gate-20260905/source-complete/circuit/C_n24m16_M12_17_ell1_s3/controls/C_n24m16_M12_17_ell1_s3_V2_1_seed1.log: OK
/home/ubuntu/jc2/box/moh14-charts-20260905/hsupport-gate-20260905/source-complete/circuit/C_n24m16_M12_17_ell1_s3/controls/C_n24m16_M12_17_ell1_s3_V2_1_seed1.sing: OK
/home/ubuntu/jc2/box/moh14-charts-20260905/hsupport-gate-20260905/source-complete/circuit/C_n24m16_M12_17_ell1_s3/controls/C_n24m16_M12_17_ell1_s3_V2_1_seed7.log: OK
/home/ubuntu/jc2/box/moh14-charts-20260905/hsupport-gate-20260905/source-complete/circuit/C_n24m16_M12_17_ell1_s3/controls/C_n24m16_M12_17_ell1_s3_V2_1_seed7.sing: OK
/home/ubuntu/jc2/box/moh14-charts-20260905/hsupport-gate-20260905/source-complete/circuit/C_n24m16_M12_17_ell1_s3/controls/C_n24m16_M12_17_ell1_s3_V3_2_seed1.log: OK
/home/ubuntu/jc2/box/moh14-charts-20260905/hsupport-gate-20260905/source-complete/circuit/C_n24m16_M12_17_ell1_s3/controls/C_n24m16_M12_17_ell1_s3_V3_2_seed1.sing: OK
/home/ubuntu/jc2/box/moh14-charts-20260905/hsupport-gate-20260905/source-complete/circuit/C_n24m16_M12_17_ell1_s3/controls/C_n24m16_M12_17_ell1_s3_V3_2_seed7.log: OK
/home/ubuntu/jc2/box/moh14-charts-20260905/hsupport-gate-20260905/source-complete/circuit/C_n24m16_M12_17_ell1_s3/controls/C_n24m16_M12_17_ell1_s3_V3_2_seed7.sing: OK
/home/ubuntu/jc2/box/moh14-charts-20260905/hsupport-gate-20260905/source-complete/circuit/C_n24m16_M12_17_ell1_s3/meta/C_n24m16_M12_17_ell1_s3_V1_2_circuit.json: OK
/home/ubuntu/jc2/box/moh14-charts-20260905/hsupport-gate-20260905/source-complete/circuit/C_n24m16_M12_17_ell1_s3/meta/C_n24m16_M12_17_ell1_s3_V2_1_circuit.json: OK
/home/ubuntu/jc2/box/moh14-charts-20260905/hsupport-gate-20260905/source-complete/circuit/C_n24m16_M12_17_ell1_s3/meta/C_n24m16_M12_17_ell1_s3_V3_2_circuit.json: OK
/home/ubuntu/jc2/box/moh14-charts-20260905/hsupport-gate-20260905/source-complete/circuit/C_n24m16_M12_17_ell1_s3/rows/C_n24m16_M12_17_ell1_s3_V1_2_circuit_rows.tsv: OK
/home/ubuntu/jc2/box/moh14-charts-20260905/hsupport-gate-20260905/source-complete/circuit/C_n24m16_M12_17_ell1_s3/rows/C_n24m16_M12_17_ell1_s3_V2_1_circuit_rows.tsv: OK
/home/ubuntu/jc2/box/moh14-charts-20260905/hsupport-gate-20260905/source-complete/circuit/C_n24m16_M12_17_ell1_s3/rows/C_n24m16_M12_17_ell1_s3_V3_2_circuit_rows.tsv: OK
/home/ubuntu/jc2/box/moh14-charts-20260905/hsupport-gate-20260905/source-complete/circuit/C_n24m18_M9_20_ell1_s3/controls/C_n24m18_M9_20_ell1_s3_V1_9_seed1.log: OK
/home/ubuntu/jc2/box/moh14-charts-20260905/hsupport-gate-20260905/source-complete/circuit/C_n24m18_M9_20_ell1_s3/controls/C_n24m18_M9_20_ell1_s3_V1_9_seed1.sing: OK
/home/ubuntu/jc2/box/moh14-charts-20260905/hsupport-gate-20260905/source-complete/circuit/C_n24m18_M9_20_ell1_s3/controls/C_n24m18_M9_20_ell1_s3_V1_9_seed7.log: OK
/home/ubuntu/jc2/box/moh14-charts-20260905/hsupport-gate-20260905/source-complete/circuit/C_n24m18_M9_20_ell1_s3/controls/C_n24m18_M9_20_ell1_s3_V1_9_seed7.sing: OK
/home/ubuntu/jc2/box/moh14-charts-20260905/hsupport-gate-20260905/source-complete/circuit/C_n24m18_M9_20_ell1_s3/controls/C_n24m18_M9_20_ell1_s3_V4_9_seed1.log: OK
/home/ubuntu/jc2/box/moh14-charts-20260905/hsupport-gate-20260905/source-complete/circuit/C_n24m18_M9_20_ell1_s3/controls/C_n24m18_M9_20_ell1_s3_V4_9_seed1.sing: OK
/home/ubuntu/jc2/box/moh14-charts-20260905/hsupport-gate-20260905/source-complete/circuit/C_n24m18_M9_20_ell1_s3/controls/C_n24m18_M9_20_ell1_s3_V4_9_seed7.log: OK
/home/ubuntu/jc2/box/moh14-charts-20260905/hsupport-gate-20260905/source-complete/circuit/C_n24m18_M9_20_ell1_s3/controls/C_n24m18_M9_20_ell1_s3_V4_9_seed7.sing: OK
/home/ubuntu/jc2/box/moh14-charts-20260905/hsupport-gate-20260905/source-complete/circuit/C_n24m18_M9_20_ell1_s3/meta/C_n24m18_M9_20_ell1_s3_V1_9_circuit.json: OK
/home/ubuntu/jc2/box/moh14-charts-20260905/hsupport-gate-20260905/source-complete/circuit/C_n24m18_M9_20_ell1_s3/meta/C_n24m18_M9_20_ell1_s3_V4_9_circuit.json: OK
/home/ubuntu/jc2/box/moh14-charts-20260905/hsupport-gate-20260905/source-complete/circuit/C_n24m18_M9_20_ell1_s3/rows/C_n24m18_M9_20_ell1_s3_V1_9_circuit_rows.tsv: OK
/home/ubuntu/jc2/box/moh14-charts-20260905/hsupport-gate-20260905/source-complete/circuit/C_n24m18_M9_20_ell1_s3/rows/C_n24m18_M9_20_ell1_s3_V4_9_circuit_rows.tsv: OK
/home/ubuntu/jc2/box/moh14-charts-20260905/hsupport-gate-20260905/source-complete/circuit/C_n24m18_Mm15_14_ell1_s3/controls/C_n24m18_Mm15_14_ell1_s3_V1_9_seed1.log: OK
/home/ubuntu/jc2/box/moh14-charts-20260905/hsupport-gate-20260905/source-complete/circuit/C_n24m18_Mm15_14_ell1_s3/controls/C_n24m18_Mm15_14_ell1_s3_V1_9_seed1.sing: OK
/home/ubuntu/jc2/box/moh14-charts-20260905/hsupport-gate-20260905/source-complete/circuit/C_n24m18_Mm15_14_ell1_s3/controls/C_n24m18_Mm15_14_ell1_s3_V1_9_seed7.log: OK
/home/ubuntu/jc2/box/moh14-charts-20260905/hsupport-gate-20260905/source-complete/circuit/C_n24m18_Mm15_14_ell1_s3/controls/C_n24m18_Mm15_14_ell1_s3_V1_9_seed7.sing: OK
/home/ubuntu/jc2/box/moh14-charts-20260905/hsupport-gate-20260905/source-complete/circuit/C_n24m18_Mm15_14_ell1_s3/meta/C_n24m18_Mm15_14_ell1_s3_V1_9_circuit.json: OK
/home/ubuntu/jc2/box/moh14-charts-20260905/hsupport-gate-20260905/source-complete/circuit/C_n24m18_Mm15_14_ell1_s3/rows/C_n24m18_Mm15_14_ell1_s3_V1_9_circuit_rows.tsv: OK
/home/ubuntu/jc2/box/moh14-charts-20260905/hsupport-gate-20260905/source-complete/circuit-audit.json: OK
/home/ubuntu/jc2/box/moh14-charts-20260905/hsupport-gate-20260905/source-complete/classes/C_n16m12_M6_13_ell3_s3/builders/C_n16m12_M6_13_ell3_s3_V1_1_builder.sing: OK
/home/ubuntu/jc2/box/moh14-charts-20260905/hsupport-gate-20260905/source-complete/classes/C_n16m12_M6_13_ell3_s3/builders/C_n16m12_M6_13_ell3_s3_V1_1_direct_builder.sing: OK
/home/ubuntu/jc2/box/moh14-charts-20260905/hsupport-gate-20260905/source-complete/classes/C_n16m12_M6_13_ell3_s3/builders/C_n16m12_M6_13_ell3_s3_V1_3_builder.sing: OK
/home/ubuntu/jc2/box/moh14-charts-20260905/hsupport-gate-20260905/source-complete/classes/C_n16m12_M6_13_ell3_s3/builders/C_n16m12_M6_13_ell3_s3_V1_3_direct_builder.sing: OK
/home/ubuntu/jc2/box/moh14-charts-20260905/hsupport-gate-20260905/source-complete/classes/C_n16m12_M6_13_ell3_s3/builders/C_n16m12_M6_13_ell3_s3_V4_3_builder.sing: OK
/home/ubuntu/jc2/box/moh14-charts-20260905/hsupport-gate-20260905/source-complete/classes/C_n16m12_M6_13_ell3_s3/builders/C_n16m12_M6_13_ell3_s3_V4_3_direct_builder.sing: OK
/home/ubuntu/jc2/box/moh14-charts-20260905/hsupport-gate-20260905/source-complete/classes/C_n16m12_M6_13_ell3_s3/builders/C_n16m12_M6_13_ell3_s3_union_builder.sing: OK
/home/ubuntu/jc2/box/moh14-charts-20260905/hsupport-gate-20260905/source-complete/classes/C_n16m12_M6_13_ell3_s3/class.json: OK
/home/ubuntu/jc2/box/moh14-charts-20260905/hsupport-gate-20260905/source-complete/classes/C_n16m12_M6_13_ell3_s3/jobs/C_n16m12_M6_13_ell3_s3_V1_1_fleet.sh: OK
/home/ubuntu/jc2/box/moh14-charts-20260905/hsupport-gate-20260905/source-complete/classes/C_n16m12_M6_13_ell3_s3/jobs/C_n16m12_M6_13_ell3_s3_V1_3_fleet.sh: OK
/home/ubuntu/jc2/box/moh14-charts-20260905/hsupport-gate-20260905/source-complete/classes/C_n16m12_M6_13_ell3_s3/jobs/C_n16m12_M6_13_ell3_s3_V4_3_fleet.sh: OK
/home/ubuntu/jc2/box/moh14-charts-20260905/hsupport-gate-20260905/source-complete/classes/C_n16m12_M6_13_ell3_s3/jobs/C_n16m12_M6_13_ell3_s3_union_fleet.sh: OK
/home/ubuntu/jc2/box/moh14-charts-20260905/hsupport-gate-20260905/source-complete/classes/C_n16m12_M6_13_ell3_s3/meta/C_n16m12_M6_13_ell3_s3_V1_1.json: OK
/home/ubuntu/jc2/box/moh14-charts-20260905/hsupport-gate-20260905/source-complete/classes/C_n16m12_M6_13_ell3_s3/meta/C_n16m12_M6_13_ell3_s3_V1_3.json: OK
/home/ubuntu/jc2/box/moh14-charts-20260905/hsupport-gate-20260905/source-complete/classes/C_n16m12_M6_13_ell3_s3/meta/C_n16m12_M6_13_ell3_s3_V4_3.json: OK
/home/ubuntu/jc2/box/moh14-charts-20260905/hsupport-gate-20260905/source-complete/classes/C_n16m12_M6_13_ell3_s3/meta/C_n16m12_M6_13_ell3_s3_union.json: OK
/home/ubuntu/jc2/box/moh14-charts-20260905/hsupport-gate-20260905/source-complete/classes/C_n18m12_M2_9_ell2_s3/builders/C_n18m12_M2_9_ell2_s3_V1_8_builder.sing: OK
/home/ubuntu/jc2/box/moh14-charts-20260905/hsupport-gate-20260905/source-complete/classes/C_n18m12_M2_9_ell2_s3/builders/C_n18m12_M2_9_ell2_s3_V1_8_direct_builder.sing: OK
/home/ubuntu/jc2/box/moh14-charts-20260905/hsupport-gate-20260905/source-complete/classes/C_n18m12_M2_9_ell2_s3/builders/C_n18m12_M2_9_ell2_s3_V3_8_builder.sing: OK
/home/ubuntu/jc2/box/moh14-charts-20260905/hsupport-gate-20260905/source-complete/classes/C_n18m12_M2_9_ell2_s3/builders/C_n18m12_M2_9_ell2_s3_V3_8_direct_builder.sing: OK
/home/ubuntu/jc2/box/moh14-charts-20260905/hsupport-gate-20260905/source-complete/classes/C_n18m12_M2_9_ell2_s3/builders/C_n18m12_M2_9_ell2_s3_union_builder.sing: OK
/home/ubuntu/jc2/box/moh14-charts-20260905/hsupport-gate-20260905/source-complete/classes/C_n18m12_M2_9_ell2_s3/class.json: OK
/home/ubuntu/jc2/box/moh14-charts-20260905/hsupport-gate-20260905/source-complete/classes/C_n18m12_M2_9_ell2_s3/jobs/C_n18m12_M2_9_ell2_s3_V1_8_fleet.sh: OK
/home/ubuntu/jc2/box/moh14-charts-20260905/hsupport-gate-20260905/source-complete/classes/C_n18m12_M2_9_ell2_s3/jobs/C_n18m12_M2_9_ell2_s3_V3_8_fleet.sh: OK
/home/ubuntu/jc2/box/moh14-charts-20260905/hsupport-gate-20260905/source-complete/classes/C_n18m12_M2_9_ell2_s3/jobs/C_n18m12_M2_9_ell2_s3_union_fleet.sh: OK
/home/ubuntu/jc2/box/moh14-charts-20260905/hsupport-gate-20260905/source-complete/classes/C_n18m12_M2_9_ell2_s3/meta/C_n18m12_M2_9_ell2_s3_V1_8.json: OK
/home/ubuntu/jc2/box/moh14-charts-20260905/hsupport-gate-20260905/source-complete/classes/C_n18m12_M2_9_ell2_s3/meta/C_n18m12_M2_9_ell2_s3_V3_8.json: OK
/home/ubuntu/jc2/box/moh14-charts-20260905/hsupport-gate-20260905/source-complete/classes/C_n18m12_M2_9_ell2_s3/meta/C_n18m12_M2_9_ell2_s3_union.json: OK
/home/ubuntu/jc2/box/moh14-charts-20260905/hsupport-gate-20260905/source-complete/classes/C_n24m16_M12_17_ell1_s3/builders/C_n24m16_M12_17_ell1_s3_V1_2_builder.sing: OK
/home/ubuntu/jc2/box/moh14-charts-20260905/hsupport-gate-20260905/source-complete/classes/C_n24m16_M12_17_ell1_s3/builders/C_n24m16_M12_17_ell1_s3_V1_2_direct_builder.sing: OK
/home/ubuntu/jc2/box/moh14-charts-20260905/hsupport-gate-20260905/source-complete/classes/C_n24m16_M12_17_ell1_s3/builders/C_n24m16_M12_17_ell1_s3_V2_1_builder.sing: OK
/home/ubuntu/jc2/box/moh14-charts-20260905/hsupport-gate-20260905/source-complete/classes/C_n24m16_M12_17_ell1_s3/builders/C_n24m16_M12_17_ell1_s3_V2_1_direct_builder.sing: OK
/home/ubuntu/jc2/box/moh14-charts-20260905/hsupport-gate-20260905/source-complete/classes/C_n24m16_M12_17_ell1_s3/builders/C_n24m16_M12_17_ell1_s3_V3_2_builder.sing: OK
/home/ubuntu/jc2/box/moh14-charts-20260905/hsupport-gate-20260905/source-complete/classes/C_n24m16_M12_17_ell1_s3/builders/C_n24m16_M12_17_ell1_s3_V3_2_direct_builder.sing: OK
/home/ubuntu/jc2/box/moh14-charts-20260905/hsupport-gate-20260905/source-complete/classes/C_n24m16_M12_17_ell1_s3/builders/C_n24m16_M12_17_ell1_s3_union_builder.sing: OK
/home/ubuntu/jc2/box/moh14-charts-20260905/hsupport-gate-20260905/source-complete/classes/C_n24m16_M12_17_ell1_s3/class.json: OK
/home/ubuntu/jc2/box/moh14-charts-20260905/hsupport-gate-20260905/source-complete/classes/C_n24m16_M12_17_ell1_s3/jobs/C_n24m16_M12_17_ell1_s3_V1_2_fleet.sh: OK
/home/ubuntu/jc2/box/moh14-charts-20260905/hsupport-gate-20260905/source-complete/classes/C_n24m16_M12_17_ell1_s3/jobs/C_n24m16_M12_17_ell1_s3_V2_1_fleet.sh: OK
/home/ubuntu/jc2/box/moh14-charts-20260905/hsupport-gate-20260905/source-complete/classes/C_n24m16_M12_17_ell1_s3/jobs/C_n24m16_M12_17_ell1_s3_V3_2_fleet.sh: OK
/home/ubuntu/jc2/box/moh14-charts-20260905/hsupport-gate-20260905/source-complete/classes/C_n24m16_M12_17_ell1_s3/jobs/C_n24m16_M12_17_ell1_s3_union_fleet.sh: OK
/home/ubuntu/jc2/box/moh14-charts-20260905/hsupport-gate-20260905/source-complete/classes/C_n24m16_M12_17_ell1_s3/meta/C_n24m16_M12_17_ell1_s3_V1_2.json: OK
/home/ubuntu/jc2/box/moh14-charts-20260905/hsupport-gate-20260905/source-complete/classes/C_n24m16_M12_17_ell1_s3/meta/C_n24m16_M12_17_ell1_s3_V2_1.json: OK
/home/ubuntu/jc2/box/moh14-charts-20260905/hsupport-gate-20260905/source-complete/classes/C_n24m16_M12_17_ell1_s3/meta/C_n24m16_M12_17_ell1_s3_V3_2.json: OK
/home/ubuntu/jc2/box/moh14-charts-20260905/hsupport-gate-20260905/source-complete/classes/C_n24m16_M12_17_ell1_s3/meta/C_n24m16_M12_17_ell1_s3_union.json: OK
/home/ubuntu/jc2/box/moh14-charts-20260905/hsupport-gate-20260905/source-complete/classes/C_n24m16_Mm12_m2_5_ell1_s4/builders/C_n24m16_Mm12_m2_5_ell1_s4_V1_1_6_builder.sing: OK
/home/ubuntu/jc2/box/moh14-charts-20260905/hsupport-gate-20260905/source-complete/classes/C_n24m16_Mm12_m2_5_ell1_s4/builders/C_n24m16_Mm12_m2_5_ell1_s4_union_builder.sing: OK
/home/ubuntu/jc2/box/moh14-charts-20260905/hsupport-gate-20260905/source-complete/classes/C_n24m16_Mm12_m2_5_ell1_s4/class.json: OK
/home/ubuntu/jc2/box/moh14-charts-20260905/hsupport-gate-20260905/source-complete/classes/C_n24m16_Mm12_m2_5_ell1_s4/jobs/C_n24m16_Mm12_m2_5_ell1_s4_V1_1_6_fleet.sh: OK
/home/ubuntu/jc2/box/moh14-charts-20260905/hsupport-gate-20260905/source-complete/classes/C_n24m16_Mm12_m2_5_ell1_s4/jobs/C_n24m16_Mm12_m2_5_ell1_s4_union_fleet.sh: OK
/home/ubuntu/jc2/box/moh14-charts-20260905/hsupport-gate-20260905/source-complete/classes/C_n24m16_Mm12_m2_5_ell1_s4/meta/C_n24m16_Mm12_m2_5_ell1_s4_V1_1_6.json: OK
/home/ubuntu/jc2/box/moh14-charts-20260905/hsupport-gate-20260905/source-complete/classes/C_n24m16_Mm12_m2_5_ell1_s4/meta/C_n24m16_Mm12_m2_5_ell1_s4_union.json: OK
/home/ubuntu/jc2/box/moh14-charts-20260905/hsupport-gate-20260905/source-complete/classes/C_n24m18_M9_20_ell1_s3/builders/C_n24m18_M9_20_ell1_s3_V1_9_builder.sing: OK
/home/ubuntu/jc2/box/moh14-charts-20260905/hsupport-gate-20260905/source-complete/classes/C_n24m18_M9_20_ell1_s3/builders/C_n24m18_M9_20_ell1_s3_V1_9_direct_builder.sing: OK
/home/ubuntu/jc2/box/moh14-charts-20260905/hsupport-gate-20260905/source-complete/classes/C_n24m18_M9_20_ell1_s3/builders/C_n24m18_M9_20_ell1_s3_V4_9_builder.sing: OK
/home/ubuntu/jc2/box/moh14-charts-20260905/hsupport-gate-20260905/source-complete/classes/C_n24m18_M9_20_ell1_s3/builders/C_n24m18_M9_20_ell1_s3_V4_9_direct_builder.sing: OK
/home/ubuntu/jc2/box/moh14-charts-20260905/hsupport-gate-20260905/source-complete/classes/C_n24m18_M9_20_ell1_s3/builders/C_n24m18_M9_20_ell1_s3_union_builder.sing: OK
/home/ubuntu/jc2/box/moh14-charts-20260905/hsupport-gate-20260905/source-complete/classes/C_n24m18_M9_20_ell1_s3/class.json: OK
/home/ubuntu/jc2/box/moh14-charts-20260905/hsupport-gate-20260905/source-complete/classes/C_n24m18_M9_20_ell1_s3/jobs/C_n24m18_M9_20_ell1_s3_V1_9_fleet.sh: OK
/home/ubuntu/jc2/box/moh14-charts-20260905/hsupport-gate-20260905/source-complete/classes/C_n24m18_M9_20_ell1_s3/jobs/C_n24m18_M9_20_ell1_s3_V4_9_fleet.sh: OK
/home/ubuntu/jc2/box/moh14-charts-20260905/hsupport-gate-20260905/source-complete/classes/C_n24m18_M9_20_ell1_s3/jobs/C_n24m18_M9_20_ell1_s3_union_fleet.sh: OK
/home/ubuntu/jc2/box/moh14-charts-20260905/hsupport-gate-20260905/source-complete/classes/C_n24m18_M9_20_ell1_s3/meta/C_n24m18_M9_20_ell1_s3_V1_9.json: OK
/home/ubuntu/jc2/box/moh14-charts-20260905/hsupport-gate-20260905/source-complete/classes/C_n24m18_M9_20_ell1_s3/meta/C_n24m18_M9_20_ell1_s3_V4_9.json: OK
/home/ubuntu/jc2/box/moh14-charts-20260905/hsupport-gate-20260905/source-complete/classes/C_n24m18_M9_20_ell1_s3/meta/C_n24m18_M9_20_ell1_s3_union.json: OK
/home/ubuntu/jc2/box/moh14-charts-20260905/hsupport-gate-20260905/source-complete/classes/C_n24m18_Mm15_14_ell1_s3/builders/C_n24m18_Mm15_14_ell1_s3_V1_9_builder.sing: OK
/home/ubuntu/jc2/box/moh14-charts-20260905/hsupport-gate-20260905/source-complete/classes/C_n24m18_Mm15_14_ell1_s3/builders/C_n24m18_Mm15_14_ell1_s3_V1_9_direct_builder.sing: OK
/home/ubuntu/jc2/box/moh14-charts-20260905/hsupport-gate-20260905/source-complete/classes/C_n24m18_Mm15_14_ell1_s3/builders/C_n24m18_Mm15_14_ell1_s3_union_builder.sing: OK
/home/ubuntu/jc2/box/moh14-charts-20260905/hsupport-gate-20260905/source-complete/classes/C_n24m18_Mm15_14_ell1_s3/class.json: OK
/home/ubuntu/jc2/box/moh14-charts-20260905/hsupport-gate-20260905/source-complete/classes/C_n24m18_Mm15_14_ell1_s3/jobs/C_n24m18_Mm15_14_ell1_s3_V1_9_fleet.sh: OK
/home/ubuntu/jc2/box/moh14-charts-20260905/hsupport-gate-20260905/source-complete/classes/C_n24m18_Mm15_14_ell1_s3/jobs/C_n24m18_Mm15_14_ell1_s3_union_fleet.sh: OK
/home/ubuntu/jc2/box/moh14-charts-20260905/hsupport-gate-20260905/source-complete/classes/C_n24m18_Mm15_14_ell1_s3/meta/C_n24m18_Mm15_14_ell1_s3_V1_9.json: OK
/home/ubuntu/jc2/box/moh14-charts-20260905/hsupport-gate-20260905/source-complete/classes/C_n24m18_Mm15_14_ell1_s3/meta/C_n24m18_Mm15_14_ell1_s3_union.json: OK
/home/ubuntu/jc2/box/moh14-charts-20260905/hsupport-gate-20260905/source-complete/classes_manifest.json: OK
/home/ubuntu/jc2/box/moh14-charts-20260905/hsupport-gate-20260905/source-complete/ops/circuit-emission.json: OK
/home/ubuntu/jc2/box/moh14-charts-20260905/hsupport-gate-20260905/source-complete/ops/circuit-final-summary.json: OK
/home/ubuntu/jc2/box/moh14-charts-20260905/hsupport-gate-20260905/source-complete/ops/circuit_emit.py: OK
/home/ubuntu/jc2/box/moh14-charts-20260905/hsupport-gate-20260905/source-complete/ops/direct-controls/C_n16m12_M6_13_ell3_s3_V1_1_seed1.log: OK
/home/ubuntu/jc2/box/moh14-charts-20260905/hsupport-gate-20260905/source-complete/ops/direct-controls/C_n16m12_M6_13_ell3_s3_V1_1_seed1.sing: OK
/home/ubuntu/jc2/box/moh14-charts-20260905/hsupport-gate-20260905/source-complete/ops/direct-controls/C_n16m12_M6_13_ell3_s3_V1_1_seed7.log: OK
/home/ubuntu/jc2/box/moh14-charts-20260905/hsupport-gate-20260905/source-complete/ops/direct-controls/C_n16m12_M6_13_ell3_s3_V1_1_seed7.sing: OK
/home/ubuntu/jc2/box/moh14-charts-20260905/hsupport-gate-20260905/source-complete/ops/direct-controls/C_n16m12_M6_13_ell3_s3_V1_3_seed1.log: OK
/home/ubuntu/jc2/box/moh14-charts-20260905/hsupport-gate-20260905/source-complete/ops/direct-controls/C_n16m12_M6_13_ell3_s3_V1_3_seed1.sing: OK
/home/ubuntu/jc2/box/moh14-charts-20260905/hsupport-gate-20260905/source-complete/ops/direct-controls/C_n16m12_M6_13_ell3_s3_V1_3_seed7.log: OK
/home/ubuntu/jc2/box/moh14-charts-20260905/hsupport-gate-20260905/source-complete/ops/direct-controls/C_n16m12_M6_13_ell3_s3_V1_3_seed7.sing: OK
/home/ubuntu/jc2/box/moh14-charts-20260905/hsupport-gate-20260905/source-complete/ops/direct-controls/C_n16m12_M6_13_ell3_s3_V4_3_seed1.log: OK
/home/ubuntu/jc2/box/moh14-charts-20260905/hsupport-gate-20260905/source-complete/ops/direct-controls/C_n16m12_M6_13_ell3_s3_V4_3_seed1.sing: OK
/home/ubuntu/jc2/box/moh14-charts-20260905/hsupport-gate-20260905/source-complete/ops/direct-controls/C_n16m12_M6_13_ell3_s3_V4_3_seed7.log: OK
/home/ubuntu/jc2/box/moh14-charts-20260905/hsupport-gate-20260905/source-complete/ops/direct-controls/C_n16m12_M6_13_ell3_s3_V4_3_seed7.sing: OK
/home/ubuntu/jc2/box/moh14-charts-20260905/hsupport-gate-20260905/source-complete/ops/direct-controls/C_n18m12_M2_9_ell2_s3_V1_8_seed1.log: OK
/home/ubuntu/jc2/box/moh14-charts-20260905/hsupport-gate-20260905/source-complete/ops/direct-controls/C_n18m12_M2_9_ell2_s3_V1_8_seed1.sing: OK
/home/ubuntu/jc2/box/moh14-charts-20260905/hsupport-gate-20260905/source-complete/ops/direct-controls/C_n18m12_M2_9_ell2_s3_V1_8_seed7.log: OK
/home/ubuntu/jc2/box/moh14-charts-20260905/hsupport-gate-20260905/source-complete/ops/direct-controls/C_n18m12_M2_9_ell2_s3_V1_8_seed7.sing: OK
/home/ubuntu/jc2/box/moh14-charts-20260905/hsupport-gate-20260905/source-complete/ops/direct-controls/C_n18m12_M2_9_ell2_s3_V3_8_seed1.log: OK
/home/ubuntu/jc2/box/moh14-charts-20260905/hsupport-gate-20260905/source-complete/ops/direct-controls/C_n18m12_M2_9_ell2_s3_V3_8_seed1.sing: OK
/home/ubuntu/jc2/box/moh14-charts-20260905/hsupport-gate-20260905/source-complete/ops/direct-controls/C_n18m12_M2_9_ell2_s3_V3_8_seed7.log: OK
/home/ubuntu/jc2/box/moh14-charts-20260905/hsupport-gate-20260905/source-complete/ops/direct-controls/C_n18m12_M2_9_ell2_s3_V3_8_seed7.sing: OK
/home/ubuntu/jc2/box/moh14-charts-20260905/hsupport-gate-20260905/source-complete/ops/direct-controls/C_n24m16_M12_17_ell1_s3_V1_2_seed1.log: OK
/home/ubuntu/jc2/box/moh14-charts-20260905/hsupport-gate-20260905/source-complete/ops/direct-controls/C_n24m16_M12_17_ell1_s3_V1_2_seed1.sing: OK
/home/ubuntu/jc2/box/moh14-charts-20260905/hsupport-gate-20260905/source-complete/ops/direct-controls/C_n24m16_M12_17_ell1_s3_V1_2_seed7.log: OK
/home/ubuntu/jc2/box/moh14-charts-20260905/hsupport-gate-20260905/source-complete/ops/direct-controls/C_n24m16_M12_17_ell1_s3_V1_2_seed7.sing: OK
/home/ubuntu/jc2/box/moh14-charts-20260905/hsupport-gate-20260905/source-complete/ops/direct-controls/C_n24m16_M12_17_ell1_s3_V2_1_seed1.log: OK
/home/ubuntu/jc2/box/moh14-charts-20260905/hsupport-gate-20260905/source-complete/ops/direct-controls/C_n24m16_M12_17_ell1_s3_V2_1_seed1.sing: OK
/home/ubuntu/jc2/box/moh14-charts-20260905/hsupport-gate-20260905/source-complete/ops/direct-controls/C_n24m16_M12_17_ell1_s3_V2_1_seed7.log: OK
/home/ubuntu/jc2/box/moh14-charts-20260905/hsupport-gate-20260905/source-complete/ops/direct-controls/C_n24m16_M12_17_ell1_s3_V2_1_seed7.sing: OK
/home/ubuntu/jc2/box/moh14-charts-20260905/hsupport-gate-20260905/source-complete/ops/direct-controls/C_n24m16_M12_17_ell1_s3_V3_2_seed1.log: OK
/home/ubuntu/jc2/box/moh14-charts-20260905/hsupport-gate-20260905/source-complete/ops/direct-controls/C_n24m16_M12_17_ell1_s3_V3_2_seed1.sing: OK
/home/ubuntu/jc2/box/moh14-charts-20260905/hsupport-gate-20260905/source-complete/ops/direct-controls/C_n24m16_M12_17_ell1_s3_V3_2_seed7.log: OK
/home/ubuntu/jc2/box/moh14-charts-20260905/hsupport-gate-20260905/source-complete/ops/direct-controls/C_n24m16_M12_17_ell1_s3_V3_2_seed7.sing: OK
/home/ubuntu/jc2/box/moh14-charts-20260905/hsupport-gate-20260905/source-complete/ops/direct-controls/C_n24m18_M9_20_ell1_s3_V1_9_seed1.log: OK
/home/ubuntu/jc2/box/moh14-charts-20260905/hsupport-gate-20260905/source-complete/ops/direct-controls/C_n24m18_M9_20_ell1_s3_V1_9_seed1.sing: OK
/home/ubuntu/jc2/box/moh14-charts-20260905/hsupport-gate-20260905/source-complete/ops/direct-controls/C_n24m18_M9_20_ell1_s3_V1_9_seed7.log: OK
/home/ubuntu/jc2/box/moh14-charts-20260905/hsupport-gate-20260905/source-complete/ops/direct-controls/C_n24m18_M9_20_ell1_s3_V1_9_seed7.sing: OK
/home/ubuntu/jc2/box/moh14-charts-20260905/hsupport-gate-20260905/source-complete/ops/direct-controls/C_n24m18_M9_20_ell1_s3_V4_9_seed1.log: OK
/home/ubuntu/jc2/box/moh14-charts-20260905/hsupport-gate-20260905/source-complete/ops/direct-controls/C_n24m18_M9_20_ell1_s3_V4_9_seed1.sing: OK
/home/ubuntu/jc2/box/moh14-charts-20260905/hsupport-gate-20260905/source-complete/ops/direct-controls/C_n24m18_M9_20_ell1_s3_V4_9_seed7.log: OK
/home/ubuntu/jc2/box/moh14-charts-20260905/hsupport-gate-20260905/source-complete/ops/direct-controls/C_n24m18_M9_20_ell1_s3_V4_9_seed7.sing: OK
/home/ubuntu/jc2/box/moh14-charts-20260905/hsupport-gate-20260905/source-complete/ops/direct-controls/C_n24m18_Mm15_14_ell1_s3_V1_9_seed1.log: OK
/home/ubuntu/jc2/box/moh14-charts-20260905/hsupport-gate-20260905/source-complete/ops/direct-controls/C_n24m18_Mm15_14_ell1_s3_V1_9_seed1.sing: OK
/home/ubuntu/jc2/box/moh14-charts-20260905/hsupport-gate-20260905/source-complete/ops/direct-controls/C_n24m18_Mm15_14_ell1_s3_V1_9_seed7.log: OK
/home/ubuntu/jc2/box/moh14-charts-20260905/hsupport-gate-20260905/source-complete/ops/direct-controls/C_n24m18_Mm15_14_ell1_s3_V1_9_seed7.sing: OK
/home/ubuntu/jc2/box/moh14-charts-20260905/hsupport-gate-20260905/source-complete/ops/direct-transform.json: OK
/home/ubuntu/jc2/box/moh14-charts-20260905/hsupport-gate-20260905/source-complete/ops/direct_transform.py: OK
/home/ubuntu/jc2/box/moh14-charts-20260905/hsupport-gate-20260905/source-complete/support-completion.json: OK
/home/ubuntu/jc2/box/moh14-charts-20260905/hsupport-gate-20260905/source-complete/verification.json: OK
/home/ubuntu/jc2/box/moh14-charts-20260905/hsupport-gate-20260905/source-proof.md: OK
/home/ubuntu/jc2/box/moh14-charts-20260905/hsupport-gate-20260905/source_complete_emit.py: OK
/home/ubuntu/jc2/box/moh14-charts-20260905/hsupport-gate-20260905/support-countercontrols.json: OK
/home/ubuntu/jc2/box/moh14-charts-20260905/hsupport-gate-20260905/support_countercontrols.py: OK
/home/ubuntu/jc2/box/moh14-charts-20260905/hsupport-gate-20260905/verification.json: OK
/home/ubuntu/jc2/box/moh14-charts-20260905/hsupport-gate-20260905/verify_hsupport.py: OK
/home/ubuntu/jc2/box/moh14-charts-20260905/hsupport-gate-20260905/verify_source_complete.py: OK
/home/ubuntu/jc2/box/moh14-charts-20260905/msolve_chart.py: OK
/home/ubuntu/jc2/box/moh14-charts-20260905/sprime3_compiler.py: OK
/home/ubuntu/jc2/box/orderbasis-20260903/order_basis_full.py: OK
/home/ubuntu/jc2/refs/moh1983_jram340_configurations_of_roots.pdf: OK
