  EMIT C_n16m12_M6_13_ell3_s3  union_unk=487  fibre=3  dest=box/moh14-charts-20260905/hsupport-gate-20260905/source-complete/classes/C_n16m12_M6_13_ell3_s3
  EMIT C_n18m12_M2_9_ell2_s3  union_unk=136  fibre=2  dest=box/moh14-charts-20260905/hsupport-gate-20260905/source-complete/classes/C_n18m12_M2_9_ell2_s3
  EMIT C_n24m16_Mm12_m2_5_ell1_s4  union_unk=77  fibre=1  dest=box/moh14-charts-20260905/hsupport-gate-20260905/source-complete/classes/C_n24m16_Mm12_m2_5_ell1_s4
  EMIT C_n24m16_M12_17_ell1_s3  union_unk=292  fibre=3  dest=box/moh14-charts-20260905/hsupport-gate-20260905/source-complete/classes/C_n24m16_M12_17_ell1_s3
  EMIT C_n24m18_Mm15_14_ell1_s3  union_unk=129  fibre=1  dest=box/moh14-charts-20260905/hsupport-gate-20260905/source-complete/classes/C_n24m18_Mm15_14_ell1_s3
  EMIT C_n24m18_M9_20_ell1_s3  union_unk=376  fibre=2  dest=box/moh14-charts-20260905/hsupport-gate-20260905/source-complete/classes/C_n24m18_M9_20_ell1_s3
[
  {
    "stem": "C_n18m12_M2_9_ell2_s3_V1_8",
    "unknowns": 136
  },
  {
    "stem": "C_n18m12_M2_9_ell2_s3_V3_8",
    "unknowns": 111
  },
  {
    "stem": "C_n24m18_Mm15_14_ell1_s3_V1_9",
    "unknowns": 129
  },
  {
    "stem": "C_n24m18_M9_20_ell1_s3_V1_9",
    "unknowns": 376
  },
  {
    "stem": "C_n24m18_M9_20_ell1_s3_V4_9",
    "unknowns": 343
  },
  {
    "stem": "C_n16m12_M6_13_ell3_s3_V1_1",
    "unknowns": 487
  },
  {
    "stem": "C_n16m12_M6_13_ell3_s3_V1_3",
    "unknowns": 473
  },
  {
    "stem": "C_n16m12_M6_13_ell3_s3_V4_3",
    "unknowns": 455
  },
  {
    "stem": "C_n24m16_M12_17_ell1_s3_V2_1",
    "unknowns": 218
  },
  {
    "stem": "C_n24m16_M12_17_ell1_s3_V1_2",
    "unknowns": 292
  },
  {
    "stem": "C_n24m16_M12_17_ell1_s3_V3_2",
    "unknowns": 185
  },
  {
    "stem": "C_n24m16_Mm12_m2_5_ell1_s4_V1_1_6",
    "unknowns": 77
  }
]
