[delta52 stage0] remaining=1063 residual=0
[delta52 stage0] k2=37, localcap=8, Jcap=1; emitting small-block local rows
[delta52 stage0] factored Jacobian, 11 new scalar slots
[delta52 stage0] QQ*=41, residual=0; Singular exact Q
[delta52 stage0] dimension=1022; point=FOUND_EXACT_Q; 4.77s
[delta52 stage1] remaining=1022 residual=0
[delta52 stage1] k2=45, localcap=9, Jcap=1; emitting small-block local rows
[delta52 stage1] factored Jacobian, 135 new scalar slots
[delta52 stage1] QQ*=88, residual=0; Singular exact Q
[delta52 stage1] dimension=975; point=FOUND_EXACT_Q; 5.85s
[delta52 stage2] remaining=975 residual=0
[delta52 stage2] k2=45, localcap=10, Jcap=2; emitting small-block local rows
[delta52 stage2] factored Jacobian, 162 new scalar slots
[delta52 stage2] QQ*=130, residual=0; Singular exact Q
[delta52 stage2] dimension=933; point=FOUND_EXACT_Q; 6.06s
[delta52 stage3] remaining=933 residual=0
[delta52 stage3] k2=53, localcap=11, Jcap=3; emitting small-block local rows
[delta52 stage3] factored Jacobian, 161 new scalar slots
[delta52 stage3] QQ*=164, residual=0; Singular exact Q
[delta52 stage3] dimension=899; point=FOUND_EXACT_Q; 5.86s
[delta52 stage4] remaining=899 residual=0
[delta52 stage4] k2=53, localcap=12, Jcap=4; emitting small-block local rows
[delta52 stage4] factored Jacobian, 160 new scalar slots
[delta52 stage4] QQ*=191, residual=0; Singular exact Q
[delta52 stage4] dimension=872; point=FOUND_EXACT_Q; 5.00s
[delta52 stage5] remaining=872 residual=0
[delta52 stage5] k2=61, localcap=13, Jcap=5; emitting small-block local rows
[delta52 stage5] factored Jacobian, 159 new scalar slots
[delta52 stage5] QQ*=210, residual=0; Singular exact Q
[delta52 stage5] dimension=853; point=FOUND_EXACT_Q; 4.74s
[delta52 stage6] remaining=853 residual=0
[delta52 stage6] k2=61, localcap=14, Jcap=6; emitting small-block local rows
[delta52 stage6] factored Jacobian, 158 new scalar slots
[delta52 stage6] QQ*=224, residual=0; Singular exact Q
[delta52 stage6] dimension=839; point=FOUND_EXACT_Q; 4.90s
[delta52 stage7] remaining=839 residual=0
[delta52 stage7] k2=69, localcap=15, Jcap=7; emitting small-block local rows
[delta52 stage7] factored Jacobian, 157 new scalar slots
[delta52 stage7] QQ*=235, residual=0; Singular exact Q
[delta52 stage7] dimension=828; point=FOUND_EXACT_Q; 4.85s
[delta52 stage8] remaining=828 residual=0
[delta52 stage8] k2=69, localcap=16, Jcap=8; emitting small-block local rows
[delta52 stage8] factored Jacobian, 156 new scalar slots
[delta52 stage8] QQ*=242, residual=0; Singular exact Q
[delta52 stage8] dimension=821; point=FOUND_EXACT_Q; 4.21s
[delta52 deep9] remaining=821 residual=0
[delta52 accelerated] composing C2 through local42
[delta52 accelerated] composing C3 through local63
[delta52 accelerated inner_strict local16] rows=1 QQ*=1 dim=820 point=FOUND_EXACT_Q
[delta52 accelerated inner_strict local18] rows=1 QQ*=1 dim=819 point=FOUND_EXACT_Q
[delta52 accelerated inner_strict local20] rows=1 QQ*=1 dim=818 point=FOUND_EXACT_Q
[delta52 accelerated inner_strict local22] rows=1 QQ*=1 dim=817 point=FOUND_EXACT_Q
[delta52 accelerated inner_strict local23] rows=1 QQ*=0 dim=817 point=FOUND_EXACT_Q
[delta52 accelerated inner_strict local24] rows=1 QQ*=1 dim=816 point=FOUND_EXACT_Q
[delta52 accelerated inner_strict local25] rows=1 QQ*=0 dim=816 point=FOUND_EXACT_Q
[delta52 accelerated inner_strict local26] rows=1 QQ*=1 dim=815 point=FOUND_EXACT_Q
[delta52 accelerated inner_strict local27] rows=1 QQ*=1 dim=814 point=FOUND_EXACT_Q
[delta52 accelerated inner_strict local28] rows=1 QQ*=1 dim=813 point=FOUND_EXACT_Q
[delta52 accelerated inner_strict local29] rows=1 QQ*=1 dim=812 point=FOUND_EXACT_Q
[delta52 accelerated inner_strict local30] rows=2 QQ*=1 dim=811 point=FOUND_EXACT_Q
[delta52 accelerated inner_strict local31] rows=1 QQ*=1 dim=810 point=FOUND_EXACT_Q
[delta52 accelerated inner_strict local32] rows=2 QQ*=1 dim=809 point=FOUND_EXACT_Q
[delta52 accelerated inner_strict local33] rows=1 QQ*=1 dim=808 point=FOUND_EXACT_Q
[delta52 accelerated inner_strict local34] rows=2 QQ*=1 dim=807 point=FOUND_EXACT_Q
[delta52 accelerated inner_strict local35] rows=1 QQ*=1 dim=806 point=FOUND_EXACT_Q
[delta52 accelerated inner_strict local36] rows=2 QQ*=2 dim=804 point=FOUND_EXACT_Q
[delta52 accelerated inner_strict local37] rows=2 QQ*=1 dim=803 point=FOUND_EXACT_Q
[delta52 accelerated inner_strict local38] rows=3 QQ*=3 dim=800 point=FOUND_EXACT_Q
[delta52 accelerated inner_strict local39] rows=2 QQ*=1 dim=799 point=FOUND_EXACT_Q
[delta52 accelerated inner_strict local40] rows=3 QQ*=3 dim=796 point=FOUND_EXACT_Q
[delta52 accelerated inner_strict local41] rows=2 QQ*=1 dim=795 point=FOUND_EXACT_Q
[delta52 accelerated inner_strict local42] rows=1 QQ*=1 dim=794 point=FOUND_EXACT_Q
[delta52 accelerated inner_strict local44] rows=1 QQ*=1 dim=793 point=FOUND_EXACT_Q
[delta52 accelerated inner_strict local45] rows=1 QQ*=0 dim=793 point=FOUND_EXACT_Q
[delta52 accelerated inner_strict local46] rows=1 QQ*=1 dim=792 point=FOUND_EXACT_Q
[delta52 accelerated inner_strict local47] rows=1 QQ*=1 dim=791 point=FOUND_EXACT_Q
[delta52 accelerated inner_strict local48] rows=1 QQ*=1 dim=790 point=FOUND_EXACT_Q
[delta52 accelerated inner_strict local49] rows=1 QQ*=1 dim=789 point=FOUND_EXACT_Q
[delta52 accelerated inner_strict local50] rows=1 QQ*=1 dim=788 point=FOUND_EXACT_Q
[delta52 accelerated inner_strict local51] rows=1 QQ*=1 dim=787 point=FOUND_EXACT_Q
[delta52 accelerated inner_strict local52] rows=2 QQ*=1 dim=786 point=FOUND_EXACT_Q
[delta52 accelerated inner_strict local53] rows=1 QQ*=1 dim=785 point=FOUND_EXACT_Q
[delta52 accelerated inner_strict local54] rows=2 QQ*=1 dim=784 point=FOUND_EXACT_Q
[delta52 accelerated inner_strict local55] rows=1 QQ*=1 dim=783 point=FOUND_EXACT_Q
[delta52 accelerated inner_strict local56] rows=2 QQ*=1 dim=782 point=FOUND_EXACT_Q
[delta52 accelerated inner_strict local57] rows=1 QQ*=1 dim=781 point=FOUND_EXACT_Q
[delta52 accelerated inner_strict local58] rows=2 QQ*=2 dim=779 point=FOUND_EXACT_Q
[delta52 accelerated inner_strict local59] rows=2 QQ*=1 dim=778 point=FOUND_EXACT_Q
[delta52 accelerated inner_strict local60] rows=2 QQ*=2 dim=776 point=FOUND_EXACT_Q
[delta52 accelerated inner_strict local61] rows=2 QQ*=1 dim=775 point=FOUND_EXACT_Q
[delta52 accelerated inner_strict local62] rows=2 QQ*=2 dim=773 point=FOUND_EXACT_Q
[delta52 accelerated inner_target local63] rows=3 QQ*=3 dim=770 point=FOUND_EXACT_Q
[delta52 accelerated] composing A2 through local124
[delta52 accelerated] composing A3 through local187
[delta52 accelerated] composing B1 through local61
[delta52 accelerated] composing B2 through local124
[delta52 accelerated outer_strict local16] rows=1 QQ*=1 dim=769 point=FOUND_EXACT_Q
[delta52 accelerated outer_strict local18] rows=1 QQ*=1 dim=768 point=FOUND_EXACT_Q
[delta52 accelerated outer_strict local20] rows=1 QQ*=1 dim=767 point=FOUND_EXACT_Q
[delta52 accelerated outer_strict local22] rows=1 QQ*=1 dim=766 point=FOUND_EXACT_Q
[delta52 accelerated outer_strict local23] rows=1 QQ*=1 dim=765 point=FOUND_EXACT_Q
[delta52 accelerated outer_strict local24] rows=1 QQ*=1 dim=764 point=FOUND_EXACT_Q
[delta52 accelerated outer_strict local25] rows=1 QQ*=1 dim=763 point=FOUND_EXACT_Q
[delta52 accelerated outer_strict local26] rows=1 QQ*=1 dim=762 point=FOUND_EXACT_Q
[delta52 accelerated outer_strict local27] rows=1 QQ*=1 dim=761 point=FOUND_EXACT_Q
[delta52 accelerated outer_strict local28] rows=1 QQ*=1 dim=760 point=FOUND_EXACT_Q
[delta52 accelerated outer_strict local29] rows=1 QQ*=1 dim=759 point=FOUND_EXACT_Q
[delta52 accelerated outer_strict local30] rows=2 QQ*=2 dim=757 point=FOUND_EXACT_Q
[delta52 accelerated outer_strict local31] rows=1 QQ*=1 dim=756 point=FOUND_EXACT_Q
[delta52 accelerated outer_strict local32] rows=2 QQ*=2 dim=754 point=FOUND_EXACT_Q
[delta52 accelerated outer_strict local33] rows=1 QQ*=1 dim=753 point=FOUND_EXACT_Q
[delta52 accelerated outer_strict local34] rows=2 QQ*=2 dim=751 point=FOUND_EXACT_Q
[delta52 accelerated outer_strict local35] rows=1 QQ*=1 dim=750 point=FOUND_EXACT_Q
[delta52 accelerated outer_strict local36] rows=2 QQ*=2 dim=748 point=FOUND_EXACT_Q
[delta52 accelerated outer_strict local37] rows=2 QQ*=2 dim=746 point=FOUND_EXACT_Q
[delta52 accelerated outer_strict local38] rows=2 QQ*=2 dim=744 point=FOUND_EXACT_Q
[delta52 accelerated outer_strict local39] rows=2 QQ*=2 dim=742 point=FOUND_EXACT_Q
[delta52 accelerated outer_strict local40] rows=2 QQ*=2 dim=740 point=FOUND_EXACT_Q
[delta52 accelerated outer_strict local41] rows=2 QQ*=2 dim=738 point=FOUND_EXACT_Q
[delta52 accelerated outer_strict local42] rows=4 QQ*=4 dim=734 point=FOUND_EXACT_Q
[delta52 accelerated outer_strict local43] rows=2 QQ*=2 dim=732 point=FOUND_EXACT_Q
[delta52 accelerated outer_strict local44] rows=5 QQ*=5 dim=727 point=FOUND_EXACT_Q
[delta52 accelerated outer_strict local45] rows=2 QQ*=2 dim=725 point=FOUND_EXACT_Q
[delta52 accelerated outer_strict local46] rows=5 QQ*=5 dim=720 point=FOUND_EXACT_Q
[delta52 accelerated outer_strict local47] rows=2 QQ*=2 dim=718 point=FOUND_EXACT_Q
[delta52 accelerated outer_strict local48] rows=5 QQ*=5 dim=713 point=FOUND_EXACT_Q
[delta52 accelerated outer_strict local49] rows=4 QQ*=2 dim=711 point=FOUND_EXACT_Q
[delta52 accelerated outer_strict local50] rows=5 QQ*=5 dim=706 point=FOUND_EXACT_Q
[delta52 accelerated outer_strict local51] rows=5 QQ*=3 dim=703 point=FOUND_EXACT_Q
[delta52 accelerated outer_strict local52] rows=5 QQ*=5 dim=698 point=FOUND_EXACT_Q
[delta52 accelerated outer_strict local53] rows=5 QQ*=5 dim=693 point=FOUND_EXACT_Q
[delta52 accelerated outer_strict local54] rows=5 QQ*=5 dim=688 point=FOUND_EXACT_Q
[delta52 accelerated outer_strict local55] rows=5 QQ*=5 dim=683 point=FOUND_EXACT_Q
[delta52 accelerated outer_strict local56] rows=7 QQ*=5 dim=678 point=FOUND_EXACT_Q
[delta52 accelerated outer_strict local57] rows=5 QQ*=5 dim=673 point=FOUND_EXACT_Q
[delta52 accelerated outer_strict local58] rows=8 QQ*=6 dim=667 point=FOUND_EXACT_Q
[delta52 accelerated outer_strict local59] rows=5 QQ*=5 dim=662 point=FOUND_EXACT_Q
[delta52 accelerated outer_strict local60] rows=8 QQ*=6 dim=656 point=FOUND_EXACT_Q
[delta52 accelerated outer_strict local61] rows=2 QQ*=2 dim=654 point=FOUND_EXACT_Q
[delta52 accelerated outer_strict local62] rows=4 QQ*=4 dim=650 point=FOUND_EXACT_Q
[delta52 accelerated outer_strict local63] rows=4 QQ*=2 dim=648 point=FOUND_EXACT_Q
[delta52 accelerated outer_strict local64] rows=4 QQ*=4 dim=644 point=FOUND_EXACT_Q
[delta52 accelerated outer_strict local65] rows=4 QQ*=2 dim=642 point=FOUND_EXACT_Q
[delta52 accelerated outer_strict local66] rows=4 QQ*=4 dim=638 point=FOUND_EXACT_Q
[delta52 accelerated outer_strict local67] rows=4 QQ*=2 dim=636 point=FOUND_EXACT_Q
[delta52 accelerated outer_strict local68] rows=4 QQ*=4 dim=632 point=FOUND_EXACT_Q
[delta52 accelerated outer_strict local69] rows=4 QQ*=2 dim=630 point=FOUND_EXACT_Q
[delta52 accelerated outer_strict local70] rows=6 QQ*=4 dim=626 point=FOUND_EXACT_Q
[delta52 accelerated outer_strict local71] rows=4 QQ*=2 dim=624 point=FOUND_EXACT_Q
[delta52 accelerated outer_strict local72] rows=6 QQ*=4 dim=620 point=FOUND_EXACT_Q
[delta52 accelerated outer_strict local73] rows=4 QQ*=4 dim=616 point=FOUND_EXACT_Q
[delta52 accelerated outer_strict local74] rows=6 QQ*=4 dim=612 point=FOUND_EXACT_Q
[delta52 accelerated outer_strict local75] rows=4 QQ*=4 dim=608 point=FOUND_EXACT_Q
[delta52 accelerated outer_strict local76] rows=6 QQ*=4 dim=604 point=FOUND_EXACT_Q
[delta52 accelerated outer_strict local77] rows=6 QQ*=4 dim=600 point=FOUND_EXACT_Q
[delta52 accelerated outer_strict local78] rows=6 QQ*=4 dim=596 point=FOUND_EXACT_Q
[delta52 accelerated outer_strict local79] rows=6 QQ*=4 dim=592 point=FOUND_EXACT_Q
[delta52 accelerated outer_strict local80] rows=6 QQ*=4 dim=588 point=FOUND_EXACT_Q
[delta52 accelerated outer_strict local81] rows=6 QQ*=4 dim=584 point=FOUND_EXACT_Q
[delta52 accelerated outer_strict local82] rows=6 QQ*=6 dim=578 point=FOUND_EXACT_Q
[delta52 accelerated outer_strict local83] rows=6 QQ*=4 dim=574 point=FOUND_EXACT_Q
[delta52 accelerated outer_strict local84] rows=8 QQ*=6 dim=568 point=FOUND_EXACT_Q
[delta52 accelerated outer_strict local85] rows=6 QQ*=4 dim=564 point=FOUND_EXACT_Q
[delta52 accelerated outer_strict local86] rows=8 QQ*=6 dim=558 point=FOUND_EXACT_Q
[delta52 accelerated outer_strict local87] rows=6 QQ*=4 dim=554 point=FOUND_EXACT_Q
[delta52 accelerated outer_strict local88] rows=8 QQ*=6 dim=548 point=FOUND_EXACT_Q
[delta52 accelerated outer_strict local89] rows=6 QQ*=4 dim=544 point=FOUND_EXACT_Q
[delta52 accelerated outer_strict local90] rows=8 QQ*=6 dim=538 point=FOUND_EXACT_Q
[delta52 accelerated outer_strict local91] rows=8 QQ*=6 dim=532 point=FOUND_EXACT_Q
[delta52 accelerated outer_strict local92] rows=8 QQ*=6 dim=526 point=FOUND_EXACT_Q
[delta52 accelerated outer_strict local93] rows=8 QQ*=6 dim=520 point=FOUND_EXACT_Q
[delta52 accelerated outer_strict local94] rows=8 QQ*=6 dim=514 point=FOUND_EXACT_Q
[delta52 accelerated outer_strict local95] rows=8 QQ*=6 dim=508 point=FOUND_EXACT_Q
[delta52 accelerated outer_strict local96] rows=8 QQ*=6 dim=502 point=FOUND_EXACT_Q
[delta52 accelerated outer_strict local97] rows=8 QQ*=6 dim=496 point=FOUND_EXACT_Q
[delta52 accelerated outer_strict local98] rows=10 QQ*=6 dim=490 point=FOUND_EXACT_Q
[delta52 accelerated outer_strict local99] rows=8 QQ*=6 dim=484 point=FOUND_EXACT_Q
[delta52 accelerated outer_strict local100] rows=10 QQ*=6 dim=478 point=FOUND_EXACT_Q
[delta52 accelerated outer_strict local101] rows=8 QQ*=6 dim=472 point=FOUND_EXACT_Q
[delta52 accelerated outer_strict local102] rows=10 QQ*=8 dim=464 point=FOUND_EXACT_Q
[delta52 accelerated outer_strict local103] rows=8 QQ*=6 dim=458 point=FOUND_EXACT_Q
[delta52 accelerated outer_strict local104] rows=10 QQ*=8 dim=450 point=FOUND_EXACT_Q
[delta52 accelerated outer_strict local105] rows=10 QQ*=6 dim=444 point=FOUND_EXACT_Q
[delta52 accelerated outer_strict local106] rows=10 QQ*=8 dim=436 point=FOUND_EXACT_Q
[delta52 accelerated outer_strict local107] rows=10 QQ*=6 dim=430 point=FOUND_EXACT_Q
[delta52 accelerated outer_strict local108] rows=11 QQ*=9 dim=421 point=FOUND_EXACT_Q
[delta52 accelerated outer_strict local109] rows=10 QQ*=6 dim=415 point=FOUND_EXACT_Q
[delta52 accelerated outer_strict local110] rows=11 QQ*=9 dim=406 point=FOUND_EXACT_Q
[delta52 accelerated outer_strict local111] rows=10 QQ*=8 dim=398 point=FOUND_EXACT_Q
[delta52 accelerated outer_strict local112] rows=13 QQ*=9 dim=389 point=FOUND_EXACT_Q
[delta52 accelerated outer_strict local113] rows=10 QQ*=8 dim=381 point=FOUND_EXACT_Q
[delta52 accelerated outer_strict local114] rows=13 QQ*=9 dim=372 point=FOUND_EXACT_Q
[delta52 accelerated outer_strict local115] rows=11 QQ*=8 dim=364 point=FOUND_EXACT_Q
[delta52 accelerated outer_strict local116] rows=13 QQ*=9 dim=355 point=FOUND_EXACT_Q
[delta52 accelerated outer_strict local117] rows=11 QQ*=8 dim=347 point=FOUND_EXACT_Q
[delta52 accelerated outer_strict local118] rows=13 QQ*=9 dim=338 point=FOUND_EXACT_Q
[delta52 accelerated outer_strict local119] rows=13 QQ*=9 dim=329 point=FOUND_EXACT_Q
[delta52 accelerated outer_strict local120] rows=13 QQ*=11 dim=318 point=FOUND_EXACT_Q
[delta52 accelerated outer_strict local121] rows=13 QQ*=9 dim=309 point=FOUND_EXACT_Q
[delta52 accelerated outer_strict local122] rows=14 QQ*=11 dim=298 point=FOUND_EXACT_Q
[delta52 accelerated outer_strict local123] rows=13 QQ*=9 dim=289 point=FOUND_EXACT_Q
[delta52 accelerated outer_strict local124] rows=2 QQ*=1 dim=288 point=FOUND_EXACT_Q
[delta52 accelerated outer_strict local125] rows=1 QQ*=1 dim=287 point=FOUND_EXACT_Q
[delta52 accelerated outer_strict local126] rows=2 QQ*=1 dim=286 point=FOUND_EXACT_Q
[delta52 accelerated outer_strict local127] rows=1 QQ*=1 dim=285 point=FOUND_EXACT_Q
[delta52 accelerated outer_strict local128] rows=2 QQ*=2 dim=283 point=FOUND_EXACT_Q
[delta52 accelerated outer_strict local129] rows=2 QQ*=1 dim=282 point=FOUND_EXACT_Q
[delta52 accelerated outer_strict local130] rows=2 QQ*=2 dim=280 point=FOUND_EXACT_Q
[delta52 accelerated outer_strict local131] rows=2 QQ*=1 dim=279 point=FOUND_EXACT_Q
[delta52 accelerated outer_strict local132] rows=2 QQ*=2 dim=277 point=FOUND_EXACT_Q
[delta52 accelerated outer_strict local133] rows=2 QQ*=1 dim=276 point=FOUND_EXACT_Q
[delta52 accelerated outer_strict local134] rows=2 QQ*=2 dim=274 point=FOUND_EXACT_Q
[delta52 accelerated outer_strict local135] rows=2 QQ*=1 dim=273 point=FOUND_EXACT_Q
[delta52 accelerated outer_strict local136] rows=3 QQ*=2 dim=271 point=FOUND_EXACT_Q
[delta52 accelerated outer_strict local137] rows=2 QQ*=2 dim=269 point=FOUND_EXACT_Q
[delta52 accelerated outer_strict local138] rows=3 QQ*=2 dim=267 point=FOUND_EXACT_Q
[delta52 accelerated outer_strict local139] rows=2 QQ*=2 dim=265 point=FOUND_EXACT_Q
[delta52 accelerated outer_strict local140] rows=3 QQ*=2 dim=263 point=FOUND_EXACT_Q
[delta52 accelerated outer_strict local141] rows=2 QQ*=2 dim=261 point=FOUND_EXACT_Q
[delta52 accelerated outer_strict local142] rows=3 QQ*=2 dim=259 point=FOUND_EXACT_Q
[delta52 accelerated outer_strict local143] rows=3 QQ*=2 dim=257 point=FOUND_EXACT_Q
[delta52 accelerated outer_strict local144] rows=3 QQ*=2 dim=255 point=FOUND_EXACT_Q
[delta52 accelerated outer_strict local145] rows=3 QQ*=2 dim=253 point=FOUND_EXACT_Q
[delta52 accelerated outer_strict local146] rows=3 QQ*=2 dim=251 point=FOUND_EXACT_Q
[delta52 accelerated outer_strict local147] rows=3 QQ*=2 dim=249 point=FOUND_EXACT_Q
[delta52 accelerated outer_strict local148] rows=3 QQ*=3 dim=246 point=FOUND_EXACT_Q
[delta52 accelerated outer_strict local149] rows=3 QQ*=2 dim=244 point=FOUND_EXACT_Q
[delta52 accelerated outer_strict local150] rows=4 QQ*=3 dim=241 point=FOUND_EXACT_Q
[delta52 accelerated outer_strict local151] rows=3 QQ*=2 dim=239 point=FOUND_EXACT_Q
[delta52 accelerated outer_strict local152] rows=4 QQ*=3 dim=236 point=FOUND_EXACT_Q
[delta52 accelerated outer_strict local153] rows=3 QQ*=2 dim=234 point=FOUND_EXACT_Q
[delta52 accelerated outer_strict local154] rows=4 QQ*=3 dim=231 point=FOUND_EXACT_Q
[delta52 accelerated outer_strict local155] rows=3 QQ*=2 dim=229 point=FOUND_EXACT_Q
[delta52 accelerated outer_strict local156] rows=4 QQ*=3 dim=226 point=FOUND_EXACT_Q
[delta52 accelerated outer_strict local157] rows=4 QQ*=3 dim=223 point=FOUND_EXACT_Q
[delta52 accelerated outer_strict local158] rows=4 QQ*=3 dim=220 point=FOUND_EXACT_Q
[delta52 accelerated outer_strict local159] rows=4 QQ*=3 dim=217 point=FOUND_EXACT_Q
[delta52 accelerated outer_strict local160] rows=4 QQ*=3 dim=214 point=FOUND_EXACT_Q
[delta52 accelerated outer_strict local161] rows=4 QQ*=3 dim=211 point=FOUND_EXACT_Q
[delta52 accelerated outer_strict local162] rows=4 QQ*=3 dim=208 point=FOUND_EXACT_Q
[delta52 accelerated outer_strict local163] rows=4 QQ*=3 dim=205 point=FOUND_EXACT_Q
[delta52 accelerated outer_strict local164] rows=5 QQ*=3 dim=202 point=FOUND_EXACT_Q
[delta52 accelerated outer_strict local165] rows=4 QQ*=3 dim=199 point=FOUND_EXACT_Q
[delta52 accelerated outer_strict local166] rows=5 QQ*=3 dim=196 point=FOUND_EXACT_Q
[delta52 accelerated outer_strict local167] rows=4 QQ*=3 dim=193 point=FOUND_EXACT_Q
[delta52 accelerated outer_strict local168] rows=5 QQ*=4 dim=189 point=FOUND_EXACT_Q
[delta52 accelerated outer_strict local169] rows=4 QQ*=3 dim=186 point=FOUND_EXACT_Q
[delta52 accelerated outer_strict local170] rows=5 QQ*=4 dim=182 point=FOUND_EXACT_Q
[delta52 accelerated outer_strict local171] rows=5 QQ*=3 dim=179 point=FOUND_EXACT_Q
[delta52 accelerated outer_strict local172] rows=5 QQ*=4 dim=175 point=FOUND_EXACT_Q
[delta52 accelerated outer_strict local173] rows=5 QQ*=3 dim=172 point=FOUND_EXACT_Q
[delta52 accelerated outer_strict local174] rows=5 QQ*=4 dim=168 point=FOUND_EXACT_Q
[delta52 accelerated outer_strict local175] rows=5 QQ*=3 dim=165 point=FOUND_EXACT_Q
[delta52 accelerated outer_strict local176] rows=5 QQ*=4 dim=161 point=FOUND_EXACT_Q
[delta52 accelerated outer_strict local177] rows=5 QQ*=4 dim=157 point=FOUND_EXACT_Q
[delta52 accelerated outer_strict local178] rows=6 QQ*=4 dim=153 point=FOUND_EXACT_Q
[delta52 accelerated outer_strict local179] rows=5 QQ*=4 dim=149 point=FOUND_EXACT_Q
[delta52 accelerated outer_strict local180] rows=6 QQ*=4 dim=145 point=FOUND_EXACT_Q
[delta52 accelerated outer_strict local181] rows=5 QQ*=4 dim=141 point=FOUND_EXACT_Q
[delta52 accelerated outer_strict local182] rows=6 QQ*=4 dim=137 point=FOUND_EXACT_Q
[delta52 accelerated outer_strict local183] rows=5 QQ*=4 dim=133 point=FOUND_EXACT_Q
[delta52 accelerated outer_strict local184] rows=6 QQ*=4 dim=129 point=FOUND_EXACT_Q
[delta52 accelerated outer_strict local185] rows=6 QQ*=4 dim=125 point=FOUND_EXACT_Q
[delta52 accelerated outer_strict local186] rows=6 QQ*=5 dim=120 point=FOUND_EXACT_Q
[delta52 accelerated FG_targets local189] rows=17 QQ*=17 dim=103 point=FOUND_EXACT_Q
