P2ROW|0|0|99|1
P2ROW|1|0|100|1
P2ROW|2|0|101|1
P2ROW|3|0|102|1
P2ROW|4|1|102|4
P2ROW|5|2|102|7
P2ROW|6|2|103|7
P2ROW|7|2|104|7
P2ROW|8|2|105|7
P2ROW|9|3|105|13
P2ROW|10|3|106|13
P2ROW|11|3|107|13
P2ROW|12|4|107|21
P2ROW|13|4|108|21
P2ROW|14|4|109|21
P2ROW|15|5|109|35
P2ROW|16|5|110|35
P2ROW|17|5|111|35
P2ROW|18|5|112|36
P2ROW|19|5|113|36
P2ROW|20|5|114|36
P2ROW|21|6|114|51
P2ROW|22|6|115|51
P2ROW|23|6|116|51
P2ROW|24|6|117|52
P2ROW|25|6|118|52
P2ROW|26|6|119|52
P2ROW|27|6|120|52
P2ROW|28|6|121|53
P2ROW|29|7|121|77
P2ROW|30|7|122|78
P2ROW|31|7|123|78
P2ROW|32|7|124|78
P2ROW|33|7|125|79
P2ROW|34|7|126|79
P2ROW|35|7|127|79
