component=b3half
constant_tower_relation=Z^2-(0)Z-(2)
center_weight_X=(-5t^2+20t-4)/(t-2)^2
square_weight_Y=16t/(t-2)^2
dummy_outer_square=U^3
B3_scaled_relation_bXY_zero=true
B3_scaled_plus_one_negative_control=true
birational_parameter_w=V0/U0
raw_curve_w_zero_is_origin=true
target_function_field_degree_over_QU=1
exceptional_denominator_factor_zero=true
B3_parameter_t=1/2
B3_parameter_center_identity_zero=true
B3_parameter_inverse_formulas=true
B3_parameter_plus_one_negative_control=true
auxiliary_outer_curve_extension_only=true
weighted_scaling_used=false
first_pivot_order=reverse
center_stratum=B3 birational t=1/2 raw curve over Q(w)
p3_transport rows=0;pivots=1;events=0;chart_degree=0
p3_transport rows=250;pivots=251;events=0;chart_degree=0
p3_transport rows=1500;pivots=684;events=0;chart_degree=0
p3_transport rows=1750;pivots=934;events=0;chart_degree=0
p3_transport rows=2000;pivots=1184;events=0;chart_degree=0
p3_transport rows=2250;pivots=1434;events=0;chart_degree=0
p3_transport rows=4750;pivots=1716;events=0;chart_degree=0
p3_transport rows=5000;pivots=1966;events=1;chart_degree=16
p3_transport rows=5250;pivots=2215;events=1;chart_degree=16
p3_transport rows=5500;pivots=2465;events=2;chart_degree=16
p3_transport rows=5750;pivots=2715;events=2;chart_degree=16
p3_transport rows=6000;pivots=2965;events=2;chart_degree=16
p3_transport rows=6250;pivots=3215;events=2;chart_degree=16
p3_transport rows=6500;pivots=3465;events=2;chart_degree=16
transport_rank=3470/3602
transport_compatibility_count=0
transport_event_count=2
transport_event[0]=4804,('f', 'X', -1, 2),193;norm_num=(6561/268435456*x^16);norm_den=(1)
transport_event[1]=5282,('g', 'X', 0, 1),1185;norm_num=(6561/65536*x^8);norm_den=(1)
transport_chart_radical=(x^16)
transport_chart_summary=(16, 1, 'a6d451f6e447a69ddc3f29f044c596adbb2158871ace88df55aaa1d48b78bc6e')
transport_chart_factor=(1, [(x, 16)])
TD6 exceptional-curve quotient transport PASS
first_rank=38/132
first_incompatibility_count=0
TD6 exceptional-curve quotient first band PASS
TD6 exceptional-curve quotient genuine P12 PASS
raw_terms=2893
raw_sha256=b9c4175d0a95b0811679dadff611627ef597592e00353bfeed4039103da37248
remainder_sha256=12df78ff1e405f8b7a0fc40f2fd3f289c5d4b37d8f677b915f2012555e9a6ccb
expected_sha256=84fd09d504fc8df8c37affedb6b5b64dcffd22672ff82af8a3fcf162934db68f
remainder_is_expected_constant=true
remainder_is_constant_unit=true
source_nonzero_rows=38
source_multiplier_terms=2152
source_relation_original_first_row_replay=true
source_relation_plus_one_negative_control=true
raw_denominator=(x^2)
raw_denominator_factor=(1, [(x, 2)])
first_denominator=(x^2)
first_denominator_factor=(1, [(x, 2)])
relation_denominator=(x^12)
relation_denominator_factor=(1, [(x, 12)])
termwise_denominator=(x^14)
termwise_denominator_factor=(1, [(x, 14)])
cleared_relation_coefficients_polynomial=true
termwise_polynomial_clear_checks=true
termwise_clear_slot_count=60343
certificate_chart=(x^34)
certificate_chart_factor=(1, [(x, 34)])
only_U_exception=true
rational_constant_subfield_descent=true
auxiliary_curve_subfield_descent=true
component_intersection_U_zero_is_origin=true
RatU_inverse_count=7598
Quad_inverse_count=7598
Curve_inverse_count=7598
component_generic_open_killed=true
component_whole_curve_killed=false
full_three_center_family_killed=false
SP2_killed=false
JC2_resolved=false
TD6-C1-C2-C3-EXCEPTIONAL-CURVE-QUOTIENT PASS
