	Command being timed: "timeout 28800 /home/ubuntu/venvs/td6/bin/python /home/ubuntu/runs/td6_v26_b3_thalf_reverse_box03_20260825T0330Z/td6-aws-handoff-20260824-v26/jc2/cases/td6_c1_c3_two_center_cover_20260824/c1_c2_c3_p3_quotient.py --component=b3half --reverse-first"
	User time (seconds): 2601.98
	System time (seconds): 0.91
	Percent of CPU this job got: 99%
	Elapsed (wall clock) time (h:mm:ss or m:ss): 43:22.90
	Average shared text size (kbytes): 0
	Average unshared data size (kbytes): 0
	Average stack size (kbytes): 0
	Average total size (kbytes): 0
	Maximum resident set size (kbytes): 1244416
	Average resident set size (kbytes): 0
	Major (requiring I/O) page faults: 1
	Minor (reclaiming a frame) page faults: 369380
	Voluntary context switches: 19
	Involuntary context switches: 2341
	Swaps: 0
	File system inputs: 16
	File system outputs: 944
	Socket messages sent: 0
	Socket messages received: 0
	Signals delivered: 0
	Page size (bytes): 4096
	Exit status: 0
