	Command being timed: "timeout --signal=TERM --kill-after=120s 8h /home/ubuntu/venvs/td6/bin/python jc2/cases/td6_c1_c2_c3_q2_beta_u_h_zero_v70_20260825/replay_v70.py --stratum=origin"
	User time (seconds): 15.91
	System time (seconds): 0.02
	Percent of CPU this job got: 100%
	Elapsed (wall clock) time (h:mm:ss or m:ss): 0:15.94
	Average shared text size (kbytes): 0
	Average unshared data size (kbytes): 0
	Average stack size (kbytes): 0
	Average total size (kbytes): 0
	Maximum resident set size (kbytes): 61524
	Average resident set size (kbytes): 0
	Major (requiring I/O) page faults: 0
	Minor (reclaiming a frame) page faults: 11446
	Voluntary context switches: 3
	Involuntary context switches: 20
	Swaps: 0
	File system inputs: 0
	File system outputs: 8
	Socket messages sent: 0
	Socket messages received: 0
	Signals delivered: 0
	Page size (bytes): 4096
	Exit status: 0
