	Command being timed: "python3 box/k16t5gate-20260903/replay_t5_heuristic.py --out-dir box/k16t5gate-20260903"
	User time (seconds): 509.20
	System time (seconds): 0.50
	Percent of CPU this job got: 54%
	Elapsed (wall clock) time (h:mm:ss or m:ss): 15:33.60
	Average shared text size (kbytes): 0
	Average unshared data size (kbytes): 0
	Average stack size (kbytes): 0
	Average total size (kbytes): 0
	Maximum resident set size (kbytes): 198080
	Average resident set size (kbytes): 0
	Major (requiring I/O) page faults: 0
	Minor (reclaiming a frame) page faults: 48577
	Voluntary context switches: 1
	Involuntary context switches: 268226
	Swaps: 0
	File system inputs: 0
	File system outputs: 4720
	Socket messages sent: 0
	Socket messages received: 0
	Signals delivered: 0
	Page size (bytes): 4096
	Exit status: 0
