Command exited with non-zero status 1
	Command being timed: "timeout --signal=TERM --kill-after=30s 3000s Singular --cpus=1 --threads=1 --flint-threads=1 -q --no-rc /home/ubuntu/jc2/box/moh14-charts-20260905/hsupport-gate-20260905/classes/C_n24m16_M12_17_ell1_s3/builders/C_n24m16_M12_17_ell1_s3_V2_1_direct_builder.sing"
	User time (seconds): 87.00
	System time (seconds): 0.61
	Percent of CPU this job got: 33%
	Elapsed (wall clock) time (h:mm:ss or m:ss): 4:23.44
	Average shared text size (kbytes): 0
	Average unshared data size (kbytes): 0
	Average stack size (kbytes): 0
	Average total size (kbytes): 0
	Maximum resident set size (kbytes): 1977884
	Average resident set size (kbytes): 0
	Major (requiring I/O) page faults: 0
	Minor (reclaiming a frame) page faults: 499246
	Voluntary context switches: 3
	Involuntary context switches: 29630
	Swaps: 0
	File system inputs: 0
	File system outputs: 24
	Socket messages sent: 0
	Socket messages received: 0
	Signals delivered: 0
	Page size (bytes): 4096
	Exit status: 1
