utc=2026-09-05T15:11:14Z msolve_pid=13623
VmPeak:	 1084128 kB
VmSize:	 1084128 kB
VmHWM:	   21288 kB
VmRSS:	   21288 kB
utc=2026-09-05T15:11:34Z msolve_pid=13623
VmPeak:	 3364928 kB
VmSize:	 3364928 kB
VmHWM:	 1519448 kB
VmRSS:	 1519448 kB
utc=2026-09-05T15:11:54Z msolve_pid=13623
VmPeak:	 4301984 kB
VmSize:	 4301984 kB
VmHWM:	 1639352 kB
VmRSS:	 1639352 kB
utc=2026-09-05T15:12:14Z msolve_pid=13623
VmPeak:	 5758348 kB
VmSize:	 5758348 kB
VmHWM:	 2595124 kB
VmRSS:	 2595124 kB
utc=2026-09-05T15:12:34Z msolve_pid=13623
VmPeak:	 8336808 kB
VmSize:	 8273740 kB
VmHWM:	 5912156 kB
VmRSS:	 5912156 kB
utc=2026-09-05T15:12:54Z msolve_pid=13623
VmPeak:	 9734272 kB
VmSize:	 9670488 kB
VmHWM:	 7212380 kB
VmRSS:	 7212380 kB
utc=2026-09-05T15:13:14Z msolve_pid=13623
VmPeak:	11252140 kB
VmSize:	11252140 kB
VmHWM:	 8690472 kB
VmRSS:	 8690472 kB
utc=2026-09-05T15:13:34Z msolve_pid=13623
VmPeak:	12172000 kB
VmSize:	12172000 kB
VmHWM:	 9713400 kB
VmRSS:	 9713400 kB
utc=2026-09-05T15:13:54Z msolve_pid=13623
VmPeak:	13024232 kB
VmSize:	12958696 kB
VmHWM:	10398080 kB
VmRSS:	10398080 kB
utc=2026-09-05T15:14:14Z msolve_pid=13623
VmPeak:	13286376 kB
VmSize:	13220840 kB
VmHWM:	10730344 kB
VmRSS:	10730344 kB
utc=2026-09-05T15:14:34Z msolve_pid=13623
VmPeak:	13286376 kB
VmSize:	13286376 kB
VmHWM:	10924788 kB
VmRSS:	10924788 kB
utc=2026-09-05T15:14:54Z msolve_pid=13623
VmPeak:	13548520 kB
VmSize:	13548520 kB
VmHWM:	11014292 kB
VmRSS:	11014292 kB
utc=2026-09-05T15:15:14Z msolve_pid=13623
VmPeak:	13548520 kB
VmSize:	13548520 kB
VmHWM:	11060428 kB
VmRSS:	11060428 kB
utc=2026-09-05T15:15:34Z msolve_pid=13623
VmPeak:	13548520 kB
VmSize:	13548520 kB
VmHWM:	11093784 kB
VmRSS:	11093784 kB
utc=2026-09-05T15:15:54Z msolve_pid=13623
VmPeak:	13548520 kB
VmSize:	13548520 kB
VmHWM:	11101456 kB
VmRSS:	11101456 kB
utc=2026-09-05T15:16:14Z msolve_pid=13623
VmPeak:	13548520 kB
VmSize:	13272264 kB
VmHWM:	11087924 kB
VmRSS:	10825308 kB
utc=2026-09-05T15:16:34Z msolve_pid=13623
VmPeak:	13548520 kB
VmSize:	12764260 kB
VmHWM:	11087924 kB
VmRSS:	10412760 kB
utc=2026-09-05T15:16:54Z msolve_pid=13623
VmPeak:	18133356 kB
VmSize:	18133356 kB
VmHWM:	15503592 kB
VmRSS:	15503592 kB
utc=2026-09-05T15:17:14Z msolve_pid=13623
VmPeak:	29340012 kB
VmSize:	29340012 kB
VmHWM:	20244524 kB
VmRSS:	20244524 kB
utc=2026-09-05T15:17:34Z msolve_pid=13623
VmPeak:	29340012 kB
VmSize:	29340012 kB
VmHWM:	23694236 kB
VmRSS:	23694236 kB
utc=2026-09-05T15:17:54Z msolve_pid=13623
VmPeak:	29340012 kB
VmSize:	29340012 kB
VmHWM:	26489608 kB
VmRSS:	26489608 kB
utc=2026-09-05T15:18:14Z msolve_pid=13623
VmPeak:	44282220 kB
VmSize:	44282220 kB
VmHWM:	29401200 kB
VmRSS:	29401200 kB
utc=2026-09-05T15:18:34Z msolve_pid=13623
VmPeak:	44282220 kB
VmSize:	44282220 kB
VmHWM:	32638964 kB
VmRSS:	32638964 kB
utc=2026-09-05T15:18:54Z msolve_pid=13623
VmPeak:	44282220 kB
VmSize:	44282220 kB
VmHWM:	37092580 kB
VmRSS:	37092580 kB
utc=2026-09-05T15:19:14Z msolve_pid=13623
VmPeak:	44282220 kB
VmSize:	44282220 kB
VmHWM:	40572128 kB
VmRSS:	40572128 kB
utc=2026-09-05T15:19:34Z msolve_pid=13623
VmPeak:	74166636 kB
VmSize:	74166636 kB
VmHWM:	44596280 kB
VmRSS:	44596280 kB
utc=2026-09-05T15:19:54Z msolve_pid=13623
VmPeak:	74166636 kB
VmSize:	74166636 kB
VmHWM:	47083792 kB
VmRSS:	47083792 kB
utc=2026-09-05T15:20:14Z msolve_pid=13623
VmPeak:	74166636 kB
VmSize:	74166636 kB
VmHWM:	49307068 kB
VmRSS:	49307068 kB
utc=2026-09-05T15:20:34Z msolve_pid=13623
VmPeak:	74166636 kB
VmSize:	74166636 kB
VmHWM:	51008800 kB
VmRSS:	51008800 kB
utc=2026-09-05T15:20:54Z msolve_pid=13623
VmPeak:	74166636 kB
VmSize:	74166636 kB
VmHWM:	52680188 kB
VmRSS:	52680188 kB
utc=2026-09-05T15:21:15Z msolve_pid=13623
VmPeak:	74166636 kB
VmSize:	74166636 kB
VmHWM:	54139304 kB
VmRSS:	54139304 kB
utc=2026-09-05T15:21:35Z msolve_pid=13623
VmPeak:	74166636 kB
VmSize:	74166636 kB
VmHWM:	55320044 kB
VmRSS:	55320044 kB
utc=2026-09-05T15:21:55Z msolve_pid=13623
VmPeak:	74166636 kB
VmSize:	74166636 kB
VmHWM:	56520544 kB
VmRSS:	56520544 kB
utc=2026-09-05T15:22:15Z msolve_pid=13623
VmPeak:	74166636 kB
VmSize:	74166636 kB
VmHWM:	57717064 kB
VmRSS:	57717064 kB
utc=2026-09-05T15:22:35Z msolve_pid=13623
VmPeak:	74166636 kB
VmSize:	74166636 kB
VmHWM:	58910468 kB
VmRSS:	58910468 kB
utc=2026-09-05T15:22:55Z msolve_pid=13623
VmPeak:	74166636 kB
VmSize:	74166636 kB
VmHWM:	60773636 kB
VmRSS:	60773636 kB
utc=2026-09-05T15:23:15Z msolve_pid=13623
VmPeak:	74166636 kB
VmSize:	74166636 kB
VmHWM:	64409864 kB
VmRSS:	64409864 kB
utc=2026-09-05T15:23:35Z msolve_pid=13623
VmPeak:	74166636 kB
VmSize:	74166636 kB
VmHWM:	67841236 kB
VmRSS:	67841236 kB
utc=2026-09-05T15:23:55Z msolve_pid=13623
VmPeak:	74166636 kB
VmSize:	74166636 kB
VmHWM:	70344932 kB
VmRSS:	70344932 kB
utc=2026-09-05T15:24:15Z msolve_pid=13623
VmPeak:	133935468 kB
VmSize:	133935468 kB
VmHWM:	74462488 kB
VmRSS:	74462488 kB
utc=2026-09-05T15:24:35Z msolve_pid=13623
VmPeak:	133935468 kB
VmSize:	133935468 kB
VmHWM:	77155500 kB
VmRSS:	77155500 kB
utc=2026-09-05T15:24:55Z msolve_pid=13623
VmPeak:	133935468 kB
VmSize:	133935468 kB
VmHWM:	80869836 kB
VmRSS:	80869836 kB
utc=2026-09-05T15:25:15Z msolve_pid=13623
VmPeak:	133935468 kB
VmSize:	133935468 kB
VmHWM:	84737460 kB
VmRSS:	84737460 kB
utc=2026-09-05T15:25:35Z msolve_pid=13623
VmPeak:	133935468 kB
VmSize:	133935468 kB
VmHWM:	88012496 kB
VmRSS:	88012496 kB
utc=2026-09-05T15:25:55Z msolve_pid=13623
VmPeak:	133935468 kB
VmSize:	133935468 kB
VmHWM:	91302256 kB
VmRSS:	91302256 kB
utc=2026-09-05T15:26:15Z msolve_pid=13623
VmPeak:	133935468 kB
VmSize:	133935468 kB
VmHWM:	94994764 kB
VmRSS:	94994764 kB
utc=2026-09-05T15:26:35Z msolve_pid=13623
VmPeak:	133935468 kB
VmSize:	133935468 kB
VmHWM:	98342560 kB
VmRSS:	98342560 kB
utc=2026-09-05T15:26:55Z msolve_pid=13623
VmPeak:	133935468 kB
VmSize:	133935468 kB
VmHWM:	101810800 kB
VmRSS:	101810800 kB
utc=2026-09-05T15:27:15Z msolve_pid=13623
VmPeak:	133935468 kB
VmSize:	133935468 kB
VmHWM:	105361644 kB
VmRSS:	105361644 kB
utc=2026-09-05T15:27:35Z msolve_pid=13623
VmPeak:	133935468 kB
VmSize:	133935468 kB
VmHWM:	108729680 kB
VmRSS:	108729680 kB
utc=2026-09-05T15:27:55Z msolve_pid=13623
VmPeak:	133935468 kB
VmSize:	133935468 kB
VmHWM:	112097764 kB
VmRSS:	112097764 kB
utc=2026-09-05T15:28:15Z msolve_pid=13623
VmPeak:	133935468 kB
VmSize:	133935468 kB
VmHWM:	115311040 kB
VmRSS:	115311040 kB
utc=2026-09-05T15:28:35Z msolve_pid=13623
VmPeak:	133935468 kB
VmSize:	133935468 kB
VmHWM:	118598480 kB
VmRSS:	118598480 kB
utc=2026-09-05T15:28:55Z msolve_pid=13623
VmPeak:	133935468 kB
VmSize:	133935468 kB
VmHWM:	123075472 kB
VmRSS:	123075472 kB
utc=2026-09-05T15:29:15Z msolve_pid=13623
VmPeak:	133935468 kB
VmSize:	133935468 kB
VmHWM:	127509668 kB
VmRSS:	127509668 kB
utc=2026-09-05T15:29:35Z msolve_pid=13623
VmPeak:	136032620 kB
VmSize:	136032620 kB
VmHWM:	132258008 kB
VmRSS:	132258008 kB
utc=2026-09-05T15:29:55Z msolve_pid=13623
VmPeak:	253473132 kB
VmSize:	253473132 kB
VmHWM:	139240984 kB
VmRSS:	139240984 kB
utc=2026-09-05T15:30:15Z msolve_pid=13623
VmPeak:	253473132 kB
VmSize:	253473132 kB
VmHWM:	142524580 kB
VmRSS:	142524580 kB
utc=2026-09-05T15:30:35Z msolve_pid=13623
VmPeak:	253473132 kB
VmSize:	253468684 kB
VmHWM:	145409432 kB
VmRSS:	145409432 kB
utc=2026-09-05T15:30:55Z msolve_pid=13623
VmPeak:	255336460 kB
VmSize:	255336460 kB
VmHWM:	146991152 kB
VmRSS:	146991152 kB
utc=2026-09-05T15:31:15Z msolve_pid=13623
VmPeak:	255336460 kB
VmSize:	255336460 kB
VmHWM:	146991276 kB
VmRSS:	146991276 kB
utc=2026-09-05T15:31:35Z msolve_pid=13623
VmPeak:	255336460 kB
VmSize:	255336460 kB
VmHWM:	146991492 kB
VmRSS:	146991492 kB
utc=2026-09-05T15:31:55Z msolve_pid=13623
VmPeak:	255336460 kB
VmSize:	255336460 kB
VmHWM:	146991700 kB
VmRSS:	146991700 kB
utc=2026-09-05T15:32:15Z msolve_pid=13623
VmPeak:	255336460 kB
VmSize:	255336460 kB
VmHWM:	146992512 kB
VmRSS:	146992512 kB
utc=2026-09-05T15:32:35Z msolve_pid=13623
VmPeak:	255336460 kB
VmSize:	255336460 kB
VmHWM:	146992960 kB
VmRSS:	146992960 kB
utc=2026-09-05T15:32:56Z msolve_pid=13623
VmPeak:	255336460 kB
VmSize:	255336460 kB
VmHWM:	146993372 kB
VmRSS:	146993372 kB
utc=2026-09-05T15:33:16Z msolve_pid=13623
VmPeak:	255336460 kB
VmSize:	255336460 kB
VmHWM:	146997272 kB
VmRSS:	146997272 kB
utc=2026-09-05T15:33:36Z msolve_pid=13623
VmPeak:	255336460 kB
VmSize:	255336460 kB
VmHWM:	146998244 kB
VmRSS:	146998244 kB
utc=2026-09-05T15:33:56Z msolve_pid=13623
VmPeak:	255336460 kB
VmSize:	255336460 kB
VmHWM:	146999772 kB
VmRSS:	146999772 kB
utc=2026-09-05T15:34:16Z msolve_pid=13623
VmPeak:	255336460 kB
VmSize:	255336460 kB
VmHWM:	147001160 kB
VmRSS:	147001160 kB
utc=2026-09-05T15:34:36Z msolve_pid=13623
VmPeak:	255336460 kB
VmSize:	255336460 kB
VmHWM:	147002396 kB
VmRSS:	147002396 kB
utc=2026-09-05T15:34:56Z msolve_pid=13623
VmPeak:	255336460 kB
VmSize:	255336460 kB
VmHWM:	147003056 kB
VmRSS:	147003056 kB
utc=2026-09-05T15:35:16Z msolve_pid=13623
VmPeak:	255336460 kB
VmSize:	255336460 kB
VmHWM:	147004320 kB
VmRSS:	147004320 kB
utc=2026-09-05T15:35:36Z msolve_pid=13623
VmPeak:	255336460 kB
VmSize:	255336460 kB
VmHWM:	147005160 kB
VmRSS:	147005160 kB
utc=2026-09-05T15:35:56Z msolve_pid=13623
VmPeak:	255336460 kB
VmSize:	255336460 kB
VmHWM:	147006744 kB
VmRSS:	147006744 kB
utc=2026-09-05T15:36:16Z msolve_pid=13623
VmPeak:	255336460 kB
VmSize:	255336460 kB
VmHWM:	147009668 kB
VmRSS:	147009668 kB
utc=2026-09-05T15:36:36Z msolve_pid=13623
VmPeak:	255336460 kB
VmSize:	255336460 kB
VmHWM:	147011468 kB
VmRSS:	147011468 kB
utc=2026-09-05T15:36:56Z msolve_pid=13623
VmPeak:	255336460 kB
VmSize:	255336460 kB
VmHWM:	147011980 kB
VmRSS:	147011980 kB
utc=2026-09-05T15:37:16Z msolve_pid=13623
VmPeak:	255336460 kB
VmSize:	255336460 kB
VmHWM:	147013300 kB
VmRSS:	147013300 kB
utc=2026-09-05T15:37:36Z msolve_pid=13623
VmPeak:	255336460 kB
VmSize:	255336460 kB
VmHWM:	147014268 kB
VmRSS:	147014268 kB
utc=2026-09-05T15:37:56Z msolve_pid=13623
VmPeak:	255336460 kB
VmSize:	255336460 kB
VmHWM:	147018632 kB
VmRSS:	147018632 kB
utc=2026-09-05T15:38:16Z msolve_pid=13623
VmPeak:	255336460 kB
VmSize:	255336460 kB
VmHWM:	147020708 kB
VmRSS:	147020708 kB
utc=2026-09-05T15:38:36Z msolve_pid=13623
VmPeak:	255336460 kB
VmSize:	255336460 kB
VmHWM:	147023912 kB
VmRSS:	147023912 kB
utc=2026-09-05T15:38:56Z msolve_pid=13623
VmPeak:	255336460 kB
VmSize:	255336460 kB
VmHWM:	147026740 kB
VmRSS:	147026740 kB
utc=2026-09-05T15:39:16Z msolve_pid=13623
VmPeak:	255336460 kB
VmSize:	255336460 kB
VmHWM:	147027116 kB
VmRSS:	147027116 kB
utc=2026-09-05T15:39:36Z msolve_pid=13623
VmPeak:	255336460 kB
VmSize:	255336460 kB
VmHWM:	147028624 kB
VmRSS:	147028624 kB
utc=2026-09-05T15:39:56Z msolve_pid=13623
VmPeak:	255336460 kB
VmSize:	255336460 kB
VmHWM:	147029324 kB
VmRSS:	147029324 kB
utc=2026-09-05T15:40:16Z msolve_pid=13623
VmPeak:	255336460 kB
VmSize:	255336460 kB
VmHWM:	147031432 kB
VmRSS:	147031432 kB
utc=2026-09-05T15:40:36Z msolve_pid=13623
VmPeak:	255336460 kB
VmSize:	255336460 kB
VmHWM:	147032756 kB
VmRSS:	147032756 kB
utc=2026-09-05T15:40:56Z msolve_pid=13623
VmPeak:	255336460 kB
VmSize:	255336460 kB
VmHWM:	147035176 kB
VmRSS:	147035176 kB
utc=2026-09-05T15:41:16Z msolve_pid=13623
VmPeak:	255336460 kB
VmSize:	255336460 kB
VmHWM:	147037676 kB
VmRSS:	147037676 kB
utc=2026-09-05T15:41:36Z msolve_pid=13623
VmPeak:	255336460 kB
VmSize:	255336460 kB
VmHWM:	147037904 kB
VmRSS:	147037904 kB
utc=2026-09-05T15:41:56Z msolve_pid=13623
VmPeak:	255336460 kB
VmSize:	255336460 kB
VmHWM:	147038232 kB
VmRSS:	147038232 kB
utc=2026-09-05T15:42:16Z msolve_pid=13623
VmPeak:	255336460 kB
VmSize:	255336460 kB
VmHWM:	147038460 kB
VmRSS:	147038460 kB
utc=2026-09-05T15:42:36Z msolve_pid=13623
VmPeak:	255336460 kB
VmSize:	255336460 kB
VmHWM:	147038872 kB
VmRSS:	147038872 kB
utc=2026-09-05T15:42:56Z msolve_pid=13623
VmPeak:	255336460 kB
VmSize:	255336460 kB
VmHWM:	147040084 kB
VmRSS:	147040084 kB
utc=2026-09-05T15:43:16Z msolve_pid=13623
VmPeak:	255336460 kB
VmSize:	255336460 kB
VmHWM:	147042720 kB
VmRSS:	147042720 kB
utc=2026-09-05T15:43:36Z msolve_pid=13623
VmPeak:	255336460 kB
VmSize:	255336460 kB
VmHWM:	147044028 kB
VmRSS:	147044028 kB
utc=2026-09-05T15:43:56Z msolve_pid=13623
VmPeak:	255336460 kB
VmSize:	255336460 kB
VmHWM:	147047292 kB
VmRSS:	147047292 kB
utc=2026-09-05T15:44:16Z msolve_pid=13623
VmPeak:	255336460 kB
VmSize:	255336460 kB
VmHWM:	147051304 kB
VmRSS:	147051304 kB
utc=2026-09-05T15:44:36Z msolve_pid=13623
VmPeak:	255336460 kB
VmSize:	255336460 kB
VmHWM:	147054704 kB
VmRSS:	147054704 kB
utc=2026-09-05T15:44:56Z msolve_pid=13623
VmPeak:	255336460 kB
VmSize:	255336460 kB
VmHWM:	147062368 kB
VmRSS:	147062368 kB
utc=2026-09-05T15:45:16Z msolve_pid=13623
VmPeak:	255336460 kB
VmSize:	255336460 kB
VmHWM:	147065204 kB
VmRSS:	147065204 kB
utc=2026-09-05T15:45:36Z msolve_pid=13623
VmPeak:	255336460 kB
VmSize:	255336460 kB
VmHWM:	147076676 kB
VmRSS:	147076676 kB
utc=2026-09-05T15:45:57Z msolve_pid=13623
VmPeak:	255336460 kB
VmSize:	255336460 kB
VmHWM:	147079772 kB
VmRSS:	147079772 kB
utc=2026-09-05T15:46:17Z msolve_pid=13623
VmPeak:	255336460 kB
VmSize:	255336460 kB
VmHWM:	147085828 kB
VmRSS:	147085828 kB
utc=2026-09-05T15:46:37Z msolve_pid=13623
VmPeak:	255336460 kB
VmSize:	255336460 kB
VmHWM:	147092352 kB
VmRSS:	147092352 kB
utc=2026-09-05T15:46:57Z msolve_pid=13623
VmPeak:	255336460 kB
VmSize:	255336460 kB
VmHWM:	147122304 kB
VmRSS:	147122304 kB
utc=2026-09-05T15:47:17Z msolve_pid=13623
VmPeak:	255336460 kB
VmSize:	255336460 kB
VmHWM:	147135956 kB
VmRSS:	147135956 kB
utc=2026-09-05T15:47:37Z msolve_pid=13623
VmPeak:	255336460 kB
VmSize:	255336460 kB
VmHWM:	147138324 kB
VmRSS:	147138324 kB
utc=2026-09-05T15:47:57Z msolve_pid=13623
VmPeak:	255336460 kB
VmSize:	255336460 kB
VmHWM:	147139876 kB
VmRSS:	147139876 kB
utc=2026-09-05T15:48:17Z msolve_pid=13623
VmPeak:	255336460 kB
VmSize:	255336460 kB
VmHWM:	147142312 kB
VmRSS:	147142312 kB
utc=2026-09-05T15:48:37Z msolve_pid=13623
VmPeak:	255336460 kB
VmSize:	255336460 kB
VmHWM:	147145332 kB
VmRSS:	147145332 kB
utc=2026-09-05T15:48:57Z msolve_pid=13623
VmPeak:	255336460 kB
VmSize:	255336460 kB
VmHWM:	147146368 kB
VmRSS:	147146368 kB
utc=2026-09-05T15:49:17Z msolve_pid=13623
VmPeak:	255336460 kB
VmSize:	255336460 kB
VmHWM:	147151008 kB
VmRSS:	147151008 kB
utc=2026-09-05T15:49:37Z msolve_pid=13623
VmPeak:	255336460 kB
VmSize:	255336460 kB
VmHWM:	147153136 kB
VmRSS:	147153136 kB
utc=2026-09-05T15:49:57Z msolve_pid=13623
VmPeak:	255336460 kB
VmSize:	255336460 kB
VmHWM:	147155492 kB
VmRSS:	147155492 kB
utc=2026-09-05T15:50:17Z msolve_pid=13623
VmPeak:	255336460 kB
VmSize:	255336460 kB
VmHWM:	147157672 kB
VmRSS:	147157672 kB
utc=2026-09-05T15:50:37Z msolve_pid=13623
VmPeak:	255336460 kB
VmSize:	255336460 kB
VmHWM:	147159540 kB
VmRSS:	147159540 kB
utc=2026-09-05T15:50:57Z msolve_pid=13623
VmPeak:	255336460 kB
VmSize:	255336460 kB
VmHWM:	147165220 kB
VmRSS:	147165220 kB
utc=2026-09-05T15:51:17Z msolve_pid=13623
VmPeak:	255336460 kB
VmSize:	255336460 kB
VmHWM:	147166616 kB
VmRSS:	147166616 kB
utc=2026-09-05T15:51:37Z msolve_pid=13623
VmPeak:	255336460 kB
VmSize:	255336460 kB
VmHWM:	147172232 kB
VmRSS:	147172232 kB
utc=2026-09-05T15:51:57Z msolve_pid=13623
VmPeak:	255336460 kB
VmSize:	255336460 kB
VmHWM:	147174324 kB
VmRSS:	147174324 kB
utc=2026-09-05T15:52:17Z msolve_pid=13623
VmPeak:	255336460 kB
VmSize:	255336460 kB
VmHWM:	147177588 kB
VmRSS:	147177588 kB
utc=2026-09-05T15:52:37Z msolve_pid=13623
VmPeak:	255336460 kB
VmSize:	255336460 kB
VmHWM:	147180380 kB
VmRSS:	147180380 kB
utc=2026-09-05T15:52:57Z msolve_pid=13623
VmPeak:	255336460 kB
VmSize:	255336460 kB
VmHWM:	147182556 kB
VmRSS:	147182556 kB
utc=2026-09-05T15:53:17Z msolve_pid=13623
VmPeak:	255336460 kB
VmSize:	255336460 kB
VmHWM:	147185464 kB
VmRSS:	147185464 kB
utc=2026-09-05T15:53:37Z msolve_pid=13623
VmPeak:	255336460 kB
VmSize:	255336460 kB
VmHWM:	147189972 kB
VmRSS:	147189972 kB
utc=2026-09-05T15:53:57Z msolve_pid=13623
VmPeak:	255336460 kB
VmSize:	255336460 kB
VmHWM:	147195284 kB
VmRSS:	147195284 kB
utc=2026-09-05T15:54:17Z msolve_pid=13623
VmPeak:	255336460 kB
VmSize:	255336460 kB
VmHWM:	147196496 kB
VmRSS:	147196496 kB
utc=2026-09-05T15:54:37Z msolve_pid=13623
VmPeak:	255336460 kB
VmSize:	255336460 kB
VmHWM:	147196808 kB
VmRSS:	147196808 kB
utc=2026-09-05T15:54:57Z msolve_pid=13623
VmPeak:	255336460 kB
VmSize:	255336460 kB
VmHWM:	147197696 kB
VmRSS:	147197696 kB
utc=2026-09-05T15:55:17Z msolve_pid=13623
VmPeak:	255336460 kB
VmSize:	255336460 kB
VmHWM:	147198076 kB
VmRSS:	147198076 kB
utc=2026-09-05T15:55:37Z msolve_pid=13623
VmPeak:	255336460 kB
VmSize:	255336460 kB
VmHWM:	147201356 kB
VmRSS:	147201356 kB
utc=2026-09-05T15:55:57Z msolve_pid=13623
VmPeak:	255336460 kB
VmSize:	255336460 kB
VmHWM:	147205156 kB
VmRSS:	147205156 kB
utc=2026-09-05T15:56:17Z msolve_pid=13623
VmPeak:	255336460 kB
VmSize:	255336460 kB
VmHWM:	147209604 kB
VmRSS:	147209604 kB
utc=2026-09-05T15:56:37Z msolve_pid=13623
VmPeak:	255336460 kB
VmSize:	255336460 kB
VmHWM:	147211648 kB
VmRSS:	147211648 kB
utc=2026-09-05T15:56:57Z msolve_pid=13623
VmPeak:	255336460 kB
VmSize:	255336460 kB
VmHWM:	147216276 kB
VmRSS:	147216276 kB
utc=2026-09-05T15:57:17Z msolve_pid=13623
VmPeak:	255336460 kB
VmSize:	255336460 kB
VmHWM:	147224296 kB
VmRSS:	147224296 kB
utc=2026-09-05T15:57:37Z msolve_pid=13623
VmPeak:	255336460 kB
VmSize:	255336460 kB
VmHWM:	147226040 kB
VmRSS:	147226040 kB
utc=2026-09-05T15:57:57Z msolve_pid=13623
VmPeak:	255336460 kB
VmSize:	255336460 kB
VmHWM:	147228232 kB
VmRSS:	147228232 kB
utc=2026-09-05T15:58:17Z msolve_pid=13623
VmPeak:	255336460 kB
VmSize:	255336460 kB
VmHWM:	147231560 kB
VmRSS:	147231560 kB
utc=2026-09-05T15:58:37Z msolve_pid=13623
VmPeak:	255336460 kB
VmSize:	255336460 kB
VmHWM:	147235540 kB
VmRSS:	147235540 kB
utc=2026-09-05T15:58:58Z msolve_pid=13623
VmPeak:	255336460 kB
VmSize:	255336460 kB
VmHWM:	147240052 kB
VmRSS:	147240052 kB
utc=2026-09-05T15:59:18Z msolve_pid=13623
VmPeak:	255336460 kB
VmSize:	255336460 kB
VmHWM:	147242852 kB
VmRSS:	147242852 kB
utc=2026-09-05T15:59:38Z msolve_pid=13623
VmPeak:	255336460 kB
VmSize:	255336460 kB
VmHWM:	147245860 kB
VmRSS:	147245860 kB
utc=2026-09-05T15:59:58Z msolve_pid=13623
VmPeak:	255336460 kB
VmSize:	255336460 kB
VmHWM:	147249764 kB
VmRSS:	147249764 kB
utc=2026-09-05T16:00:18Z msolve_pid=13623
VmPeak:	255336460 kB
VmSize:	255336460 kB
VmHWM:	147252436 kB
VmRSS:	147252436 kB
utc=2026-09-05T16:00:38Z msolve_pid=13623
VmPeak:	255336460 kB
VmSize:	255336460 kB
VmHWM:	147256848 kB
VmRSS:	147256848 kB
utc=2026-09-05T16:00:58Z msolve_pid=13623
VmPeak:	255336460 kB
VmSize:	255336460 kB
VmHWM:	147259476 kB
VmRSS:	147259476 kB
utc=2026-09-05T16:01:18Z msolve_pid=13623
VmPeak:	255336460 kB
VmSize:	255336460 kB
VmHWM:	147266388 kB
VmRSS:	147266388 kB
utc=2026-09-05T16:01:38Z msolve_pid=13623
VmPeak:	255336460 kB
VmSize:	255336460 kB
VmHWM:	147268484 kB
VmRSS:	147268484 kB
utc=2026-09-05T16:01:58Z msolve_pid=13623
VmPeak:	255336460 kB
VmSize:	255336460 kB
VmHWM:	147270304 kB
VmRSS:	147270304 kB
utc=2026-09-05T16:02:18Z msolve_pid=13623
VmPeak:	255336460 kB
VmSize:	255336460 kB
VmHWM:	147275584 kB
VmRSS:	147275584 kB
utc=2026-09-05T16:02:38Z msolve_pid=13623
VmPeak:	255336460 kB
VmSize:	255336460 kB
VmHWM:	147277920 kB
VmRSS:	147277920 kB
utc=2026-09-05T16:02:58Z msolve_pid=13623
VmPeak:	255336460 kB
VmSize:	255336460 kB
VmHWM:	147280724 kB
VmRSS:	147280724 kB
utc=2026-09-05T16:03:18Z msolve_pid=13623
VmPeak:	255336460 kB
VmSize:	255336460 kB
VmHWM:	147284884 kB
VmRSS:	147284884 kB
utc=2026-09-05T16:03:38Z msolve_pid=13623
VmPeak:	255336460 kB
VmSize:	255336460 kB
VmHWM:	147292592 kB
VmRSS:	147292592 kB
utc=2026-09-05T16:03:58Z msolve_pid=13623
VmPeak:	255336460 kB
VmSize:	255336460 kB
VmHWM:	147296960 kB
VmRSS:	147296960 kB
utc=2026-09-05T16:04:18Z msolve_pid=13623
VmPeak:	255336460 kB
VmSize:	255336460 kB
VmHWM:	147299796 kB
VmRSS:	147299796 kB
utc=2026-09-05T16:04:38Z msolve_pid=13623
VmPeak:	255336460 kB
VmSize:	255336460 kB
VmHWM:	147302404 kB
VmRSS:	147302404 kB
utc=2026-09-05T16:04:58Z msolve_pid=13623
VmPeak:	255336460 kB
VmSize:	255336460 kB
VmHWM:	147306376 kB
VmRSS:	147306376 kB
utc=2026-09-05T16:05:18Z msolve_pid=13623
VmPeak:	255336460 kB
VmSize:	255336460 kB
VmHWM:	147310220 kB
VmRSS:	147310220 kB
utc=2026-09-05T16:05:38Z msolve_pid=13623
VmPeak:	255336460 kB
VmSize:	255336460 kB
VmHWM:	147318472 kB
VmRSS:	147318472 kB
utc=2026-09-05T16:05:58Z msolve_pid=13623
VmPeak:	255336460 kB
VmSize:	255336460 kB
VmHWM:	147322604 kB
VmRSS:	147322604 kB
utc=2026-09-05T16:06:18Z msolve_pid=13623
VmPeak:	255336460 kB
VmSize:	255336460 kB
VmHWM:	147324892 kB
VmRSS:	147324892 kB
utc=2026-09-05T16:06:38Z msolve_pid=13623
VmPeak:	255336460 kB
VmSize:	255336460 kB
VmHWM:	147327616 kB
VmRSS:	147327616 kB
utc=2026-09-05T16:06:58Z msolve_pid=13623
VmPeak:	255336460 kB
VmSize:	255336460 kB
VmHWM:	147332420 kB
VmRSS:	147332420 kB
utc=2026-09-05T16:07:18Z msolve_pid=13623
VmPeak:	255336460 kB
VmSize:	255336460 kB
VmHWM:	147336348 kB
VmRSS:	147336348 kB
utc=2026-09-05T16:07:38Z msolve_pid=13623
VmPeak:	255336460 kB
VmSize:	255336460 kB
VmHWM:	147344812 kB
VmRSS:	147344812 kB
utc=2026-09-05T16:07:58Z msolve_pid=13623
VmPeak:	255336460 kB
VmSize:	255336460 kB
VmHWM:	147351984 kB
VmRSS:	147351984 kB
utc=2026-09-05T16:08:18Z msolve_pid=13623
VmPeak:	255336460 kB
VmSize:	255336460 kB
VmHWM:	147357144 kB
VmRSS:	147357144 kB
utc=2026-09-05T16:08:38Z msolve_pid=13623
VmPeak:	255336460 kB
VmSize:	255336460 kB
VmHWM:	147361892 kB
VmRSS:	147361892 kB
utc=2026-09-05T16:08:58Z msolve_pid=13623
VmPeak:	255336460 kB
VmSize:	255336460 kB
VmHWM:	147363188 kB
VmRSS:	147363188 kB
utc=2026-09-05T16:09:18Z msolve_pid=13623
VmPeak:	255336460 kB
VmSize:	255336460 kB
VmHWM:	147364572 kB
VmRSS:	147364572 kB
utc=2026-09-05T16:09:38Z msolve_pid=13623
VmPeak:	255336460 kB
VmSize:	255336460 kB
VmHWM:	147366740 kB
VmRSS:	147366740 kB
utc=2026-09-05T16:09:58Z msolve_pid=13623
VmPeak:	255336460 kB
VmSize:	255336460 kB
VmHWM:	147369852 kB
VmRSS:	147369852 kB
utc=2026-09-05T16:10:18Z msolve_pid=13623
VmPeak:	255336460 kB
VmSize:	255336460 kB
VmHWM:	147375232 kB
VmRSS:	147375232 kB
utc=2026-09-05T16:10:38Z msolve_pid=13623
VmPeak:	255336460 kB
VmSize:	255336460 kB
VmHWM:	147379608 kB
VmRSS:	147379608 kB
utc=2026-09-05T16:10:58Z msolve_pid=13623
VmPeak:	255336460 kB
VmSize:	255336460 kB
VmHWM:	147398900 kB
VmRSS:	147398900 kB
utc=2026-09-05T16:11:18Z msolve_pid=13623
VmPeak:	255336460 kB
VmSize:	255336460 kB
VmHWM:	147405156 kB
VmRSS:	147405156 kB
utc=2026-09-05T16:11:38Z msolve_pid=13623
VmPeak:	255336460 kB
VmSize:	255336460 kB
VmHWM:	147407244 kB
VmRSS:	147407244 kB
utc=2026-09-05T16:11:59Z msolve_pid=13623
VmPeak:	255336460 kB
VmSize:	255336460 kB
VmHWM:	147409312 kB
VmRSS:	147409312 kB
utc=2026-09-05T16:12:19Z msolve_pid=13623
VmPeak:	255336460 kB
VmSize:	255336460 kB
VmHWM:	147413044 kB
VmRSS:	147413044 kB
utc=2026-09-05T16:12:39Z msolve_pid=13623
VmPeak:	255336460 kB
VmSize:	255336460 kB
VmHWM:	147414620 kB
VmRSS:	147414620 kB
