[delta2] K2 slots 187, K2c free 99, Hc free [Hc_10_1, Hc_11_0, Hc_7_4, Hc_8_3], params [jet0, rho, u]
h3 map at point: {'E82': '0', 'Hc_1_10': '-3', 'Hc_1_8': '0', 'Hc_1_9': '0', 'Hc_2_7': '0', 'Hc_2_8': '-3', 'Hc_2_9': '3', 'Hc_3_6': '-1', 'Hc_3_7': '2', 'Hc_3_8': '2', 'Hc_4_6': '-8/3', 'Hc_4_7': '-26/3', 'Hc_5_5': '-3', 'Hc_5_6': '25/3', 'Hc_6_4': '8/3', 'Hc_6_5': '-8/3', 'Hc_7_3': '0', 'Hc_9_2': '0'}
engine cumulative rows at stage 4 with outer=0: 659 rows, nonzero: [] (count 0)
h3 = x**8*y**3 - 3*x**8*y**2 + 3*x**8*y - x**8 - 8*x**7*y**4 + 24*x**7*y**3 - 24*x**7*y**2 + 8*x**7*y + 28*x**6*y**5 - 84*x**6*y**4 + 84*x**6*y**3 - 25*x**6*y**2 - 6*x**6*y + 3*x**6 - 56*x**5*y**6 + 168*x**5*y**5 - 168*x**5*y**4 + 38*x**5*y**3 + 116*x**5*y**2/3 - 70*x**5*y/3 + 8*x**5/3 + 70*x**4*y**7 - 210*x**4*y**6 + 210*x**4*y**5 - 25*x**4*y**4 - 310*x**4*y**3/3 + 215*x**4*y**2/3 - 40*x**4*y/3 - 56*x**3*y**8 + 168*x**3*y**7 - 168*x**3*y**6 - 4*x**3*y**5 + 440*x**3*y**4/3 - 340*x**3*y**3/3 + 80*x**3*y**2/3 + 28*x**2*y**9 - 84*x**2*y**8 + 84*x**2*y**7 + 17*x**2*y**6 - 350*x**2*y**5/3 + 295*x**2*y**4/3 - 80*x**2*y**3/3 - 8*x*y**10 + 24*x*y**9 - 24*x*y**8 - 10*x*y**7 + 148*x*y**6/3 - 134*x*y**5/3 + 40*x*y**4/3 + y**11 - 3*y**10 + 3*y**9 + 2*y**8 - 26*y**7/3 + 25*y**6/3 - 8*y**5/3
h3 factors: (1/3, [(y - 1, 2), (x - y, 5), (3*x**3*y - 3*x**3 - 9*x**2*y**2 + 9*x**2*y + 9*x*y**3 - 9*x*y**2 + 9*x - 3*y**4 + 3*y**3 - 9*y + 8, 1)])
h2 factor degrees: [(33, 1)]
h3-adic expansion of h2 (deg of coefficient of h3^i): [(0, 28), (1, 17), (2, None), (3, 0)]
J(F,G) == 0: True ; J_0 = 0 ; F^2-G^3 == 0: True
K2(sigma): ord = 5 (units: t ) a_p: {5: 64, 6: -1344*jet0 - 62, 7: 13440*jet0**2 + 1275*jet0 - 1344*u - 1217, 8: -85120*jet0**3 - 12480*jet0**2 + 26880*jet0*u + 25986*jet0 + 1275*u - 1344*zeta + 16568/3}
K3(sigma) = {3: jet0**3 - 3*jet0**2 + 3*jet0 - 1, 4: -8*jet0**4 + 24*jet0**3 + 3*jet0**2*u - 24*jet0**2 - 6*jet0*u + 8*jet0 + 3*u, 5: 28*jet0**5 - 84*jet0**4 - 32*jet0**3*u + 84*jet0**3 + 72*jet0**2*u + 3*jet0**2*zeta - 25*jet0**2 + 3*jet0*u**2 - 48*jet0*u - 6*jet0*zeta - 6*jet0 - 3*u**2 + 8*u + 3*zeta + 3, 6: -56*jet0**6 + 168*jet0**5 + 140*jet0**4*u - 168*jet0**4 - 336*jet0**3*u - 32*jet0**3*zeta + 38*jet0**3 - 48*jet0**2*u**2 + 252*jet0**2*u + 72*jet0**2*zeta + 116*jet0**2/3 + 72*jet0*u**2 + 6*jet0*u*zeta - 50*jet0*u - 48*jet0*zeta - 70*jet0/3 + u**3 - 24*u**2 - 6*u*zeta - 6*u + 8*zeta + 8/3, 7: 70*jet0**7 - 210*jet0**6 - 336*jet0**5*u + 210*jet0**5 + 840*jet0**4*u + 140*jet0**4*zeta - 25*jet0**4 + 280*jet0**3*u**2 - 672*jet0**3*u - 336*jet0**3*zeta - 310*jet0**3/3 - 504*jet0**2*u**2 - 96*jet0**2*u*zeta + 114*jet0**2*u + 252*jet0**2*zeta + 215*jet0**2/3 - 32*jet0*u**3 + 252*jet0*u**2 + 144*jet0*u*zeta + 232*jet0*u/3 + 3*jet0*zeta**2 - 50*jet0*zeta - 40*jet0/3 + 24*u**3 + 3*u**2*zeta - 25*u**2 - 48*u*zeta - 70*u/3 - 3*zeta**2 - 6*zeta, 8: -56*jet0**8 + 168*jet0**7 + 490*jet0**6*u - 168*jet0**6 - 1260*jet0**5*u - 336*jet0**5*zeta - 4*jet0**5 - 840*jet0**4*u**2 + 1050*jet0**4*u + 840*jet0**4*zeta + 440*jet0**4/3 + 1680*jet0**3*u**2 + 560*jet0**3*u*zeta - 100*jet0**3*u - 672*jet0**3*zeta - 340*jet0**3/3 + 280*jet0**2*u**3 - 1008*jet0**2*u**2 - 1008*jet0**2*u*zeta - 310*jet0**2*u - 48*jet0**2*zeta**2 + 114*jet0**2*zeta + 80*jet0**2/3 - 336*jet0*u**3 - 96*jet0*u**2*zeta + 114*jet0*u**2 + 504*jet0*u*zeta + 430*jet0*u/3 + 72*jet0*zeta**2 + 232*jet0*zeta/3 - 8*u**4 + 84*u**3 + 72*u**2*zeta + 116*u**2/3 + 3*u*zeta**2 - 50*u*zeta - 40*u/3 - 24*zeta**2 - 70*zeta/3, 9: 28*jet0**9 - 84*jet0**8 - 448*jet0**7*u + 84*jet0**7 + 1176*jet0**6*u + 490*jet0**6*zeta + 17*jet0**6 + 1470*jet0**5*u**2 - 1008*jet0**5*u - 1260*jet0**5*zeta - 350*jet0**5/3 - 3150*jet0**4*u**2 - 1680*jet0**4*u*zeta - 20*jet0**4*u + 1050*jet0**4*zeta + 295*jet0**4/3 - 1120*jet0**3*u**3 + 2100*jet0**3*u**2 + 3360*jet0**3*u*zeta + 1760*jet0**3*u/3 + 280*jet0**3*zeta**2 - 100*jet0**3*zeta - 80*jet0**3/3 + 1680*jet0**2*u**3 + 840*jet0**2*u**2*zeta - 150*jet0**2*u**2 - 2016*jet0**2*u*zeta - 340*jet0**2*u - 504*jet0**2*zeta**2 - 310*jet0**2*zeta + 140*jet0*u**4 - 672*jet0*u**3 - 1008*jet0*u**2*zeta - 310*jet0*u**2 - 96*jet0*u*zeta**2 + 228*jet0*u*zeta + 160*jet0*u/3 + 252*jet0*zeta**2 + 430*jet0*zeta/3 - 84*u**4 - 32*u**3*zeta + 38*u**3 + 252*u**2*zeta + 215*u**2/3 + 72*u*zeta**2 + 232*u*zeta/3 + zeta**3 - 25*zeta**2 - 40*zeta/3}
K3 D2 face (W=32): pi**5*(3*pi**3 - 8)/3 | lower: []
K2 D2 face (W=96): (pi - 1)**8*(pi**2 + pi + 1)**8 | lower: []
K2(sigma) symbolic rows to 27: 105 tags in 37.1s
p= 1 new=0 piv=0 cum=0 resid=0 vars=[] dim=- (0.0s)
p= 2 new=0 piv=0 cum=0 resid=0 vars=[] dim=- (0.0s)
p= 3 new=0 piv=0 cum=0 resid=0 vars=[] dim=- (0.0s)
p= 4 new=0 piv=0 cum=0 resid=0 vars=[] dim=- (0.0s)
p= 5 new=1 piv=1 cum=1 resid=0 vars=[] dim=- (0.0s)
p= 6 new=1 piv=1 cum=2 resid=0 vars=[] dim=- (0.0s)
p= 7 new=1 piv=1 cum=3 resid=0 vars=[] dim=- (0.0s)
p= 8 new=2 piv=1 cum=4 resid=0 vars=[] dim=- (0.1s)
p= 9 new=2 piv=2 cum=6 resid=0 vars=[] dim=- (0.2s)
p=10 new=2 piv=2 cum=8 resid=0 vars=[] dim=- (0.4s)
p=11 new=3 piv=2 cum=10 resid=0 vars=[] dim=- (0.6s)
p=12 new=3 piv=2 cum=12 resid=0 vars=[] dim=- (1.0s)
p=13 new=3 piv=3 cum=15 resid=0 vars=[] dim=- (1.7s)
p=14 new=4 piv=3 cum=18 resid=0 vars=[] dim=- (3.0s)
p=15 new=4 piv=3 cum=21 resid=0 vars=[] dim=- (3.9s)
p=16 new=4 piv=3 cum=24 resid=0 vars=[] dim=- (5.2s)
p=17 new=5 piv=4 cum=28 resid=0 vars=[] dim=- (7.1s)
