[delta2] K2c free 99, Hc free [Hc_10_1, Hc_11_0, Hc_7_4, Hc_8_3], params [jet0, rho, u]; depth to 27 (target at 27)
K2(sigma) symbolic rows to 27: 105 tags in 52.1s
p= 1 new=0 piv=0 cum=0 resid=0 vars=[] dim=- (0.0s)
p= 2 new=0 piv=0 cum=0 resid=0 vars=[] dim=- (0.0s)
p= 3 new=0 piv=0 cum=0 resid=0 vars=[] dim=- (0.0s)
p= 4 new=0 piv=0 cum=0 resid=0 vars=[] dim=- (0.0s)
p= 5 new=1 piv=1 cum=1 resid=0 vars=[] dim=- (0.0s)
p= 6 new=1 piv=1 cum=2 resid=0 vars=[] dim=- (0.0s)
p= 7 new=1 piv=1 cum=3 resid=0 vars=[] dim=- (0.1s)
p= 8 new=2 piv=1 cum=4 resid=0 vars=[] dim=- (0.1s)
p= 9 new=2 piv=2 cum=6 resid=0 vars=[] dim=- (0.2s)
p=10 new=2 piv=2 cum=8 resid=0 vars=[] dim=- (0.4s)
p=11 new=3 piv=2 cum=10 resid=0 vars=[] dim=- (1.0s)
p=12 new=3 piv=2 cum=12 resid=0 vars=[] dim=- (1.3s)
p=13 new=3 piv=3 cum=15 resid=0 vars=[] dim=- (1.9s)
p=14 new=4 piv=3 cum=18 resid=0 vars=[] dim=- (3.3s)
p=15 new=4 piv=3 cum=21 resid=0 vars=[] dim=- (4.8s)
p=16 new=4 piv=3 cum=24 resid=0 vars=[] dim=- (7.3s)
p=17 new=5 piv=4 cum=28 resid=0 vars=[] dim=- (10.3s)
p=18 new=5 piv=4 cum=32 resid=0 vars=[] dim=- (10.2s)
p=19 new=5 piv=4 cum=36 resid=0 vars=[] dim=- (13.1s)
p=20 new=6 piv=4 cum=40 resid=0 vars=[] dim=- (16.3s)
p=21 new=6 piv=4 cum=44 resid=0 vars=[] dim=- (20.4s)
p=22 new=7 piv=5 cum=49 resid=0 vars=[] dim=- (27.3s)
p=23 new=7 piv=5 cum=54 resid=0 vars=[] dim=- (25.6s)
p=24 new=8 piv=5 cum=59 resid=0 vars=[] dim=- (37.9s)
p=25 new=8 piv=5 cum=64 resid=0 vars=[] dim=- (43.8s)
p=26 new=8 piv=6 cum=70 resid=0 vars=[] dim=- (66.2s)
p=27 new=10 piv=6 cum=76 resid=0 vars=[] dim=- (73.4s)
FIRST UNIT DEPTH p* = None ; total 437.8 s
