77 pivots 27 remaining 50 nonzero 120 extra-zero-candidates [1, 3, 6]
77 verified extra zero 1
77 verified extra zero 3
77 verified extra zero 6
77 DONE [(1, 18574576, 27009705, 18574575, 27009704), (2, 199868375503, 944963908931, 199849800927, 944918324651), (3, 253021215038760, 2274459643503149, 252821346663257, 2273314829793291)]
111 pivots 57 remaining 54 nonzero 107 extra-zero-candidates [2, 6, 12]
111 verified extra zero 2
111 verified extra zero 6
111 verified extra zero 12
111 DONE [(1, 1071141, 209807, 1071140, 209806), (2, 6783223313, 3763666560, 6782152172, 3762385613), (3, 6941217913524, 7510952733340, 6934434690211, 7500406914608)]
129 pivots 57 remaining 72 nonzero 120 extra-zero-candidates []
129 DONE [(1, 10214256, 22225, 10214255, 22224), (2, 223956685248, 11869895680, 223946470992, 11859659200), (3, 645926870167810, 140536245414981, 645702913482562, 140300429048309)]
136 pivots 71 remaining 65 nonzero 266 extra-zero-candidates [3, 4, 5, 9, 10, 11, 18, 19, 20, 30, 31]
136 verified extra zero 3
136 verified extra zero 4
136 verified extra zero 5
136 verified extra zero 9
136 verified extra zero 10
136 verified extra zero 11
136 verified extra zero 18
136 verified extra zero 19
136 verified extra zero 20
136 verified extra zero 30
136 verified extra zero 31
136 DONE [(1, 5209906, 681937, 5209905, 681936), (2, 84272526796, 42139064212, 84267316890, 42133172370), (3, 180791914571260, 189576590775130, 180707642044464, 189450184394028)]
