	Command being timed: "env CAP_D=3 SMT2_OUTPUT=/home/ubuntu/jobs/as_p2_depth3_pilot_20260825T1140Z_v2/d3/emitter/formula.smt2 OUTPUT_JSON=/home/ubuntu/jobs/as_p2_depth3_pilot_20260825T1140Z_v2/d3/emitter/emitter.json SOLVER_TIMEOUT_MS=1 python3 /home/ubuntu/jobs/as_p2_depth3_pilot_20260825T1140Z_v2/solve_p2_depth3.py"
	User time (seconds): 0.72
	System time (seconds): 0.03
	Percent of CPU this job got: 99%
	Elapsed (wall clock) time (h:mm:ss or m:ss): 0:00.76
	Average shared text size (kbytes): 0
	Average unshared data size (kbytes): 0
	Average stack size (kbytes): 0
	Average total size (kbytes): 0
	Maximum resident set size (kbytes): 67208
	Average resident set size (kbytes): 0
	Major (requiring I/O) page faults: 0
	Minor (reclaiming a frame) page faults: 13942
	Voluntary context switches: 3
	Involuntary context switches: 2
	Swaps: 0
	File system inputs: 0
	File system outputs: 5160
	Socket messages sent: 0
	Socket messages received: 0
	Signals delivered: 0
	Page size (bytes): 4096
	Exit status: 0
