	Command being timed: "python3 /home/ubuntu/jc2q8-box02/repo/cases/max12_912_order3_nu_q8_sparse_bidegree_mixed_volume_aws_20260825/bidegree.py --kind horizontal --work /home/ubuntu/jc2q8-box02/out/q8_sparse_bidegree_horizontal_box02_v1/work --workers 12 --output /home/ubuntu/jc2q8-box02/out/q8_sparse_bidegree_horizontal_box02_v1/result.json --controls"
	User time (seconds): 697.57
	System time (seconds): 51.66
	Percent of CPU this job got: 426%
	Elapsed (wall clock) time (h:mm:ss or m:ss): 2:55.83
	Average shared text size (kbytes): 0
	Average unshared data size (kbytes): 0
	Average stack size (kbytes): 0
	Average total size (kbytes): 0
	Maximum resident set size (kbytes): 874160
	Average resident set size (kbytes): 0
	Major (requiring I/O) page faults: 9
	Minor (reclaiming a frame) page faults: 6400795
	Voluntary context switches: 21102
	Involuntary context switches: 1147
	Swaps: 0
	File system inputs: 0
	File system outputs: 14976
	Socket messages sent: 0
	Socket messages received: 0
	Signals delivered: 0
	Page size (bytes): 4096
	Exit status: 0
