AWS_TAG=max12_912_order3_d1_double_root_control2_la20_witness_replay_v1_20260826T024500Z_r6d
EXPECTED_PRODUCER_STDOUT_SHA256=a0611ede0e667d45f569a954fdaa73818f0ebea328212b8c46d4ccb0aa29fe08
ENCODING=LITERAL_NINE_GENERATOR_REES_IDENTITY_AND_TERM_ENUMERATION
PASS_LITERAL_REES_IDENTITY
PASS_DEHOMOGENIZED_WITNESS
PASS_PRIMITIVE_INTEGRAL_SCALE
WITNESS_BEGIN
la^20*tau+la^20+1/243*q1*q0^3+1/54*q1*r2*r1+7/108*q1*r1^2+1/54*q1*r2*r0-1/54*q0*r1*r0+1/108*q1*r0^2
WITNESS_END
TERM_ENUMERATION_BEGIN
TERM_INDEX=1
TERM_EXP=0,20,1,0,0,0,0,0,0
TERM_WEIGHT=81
TERM=la^20*tau
TERM_INDEX=2
TERM_EXP=0,20,0,0,0,0,0,0,0
TERM_WEIGHT=80
TERM=la^20
TERM_INDEX=3
TERM_EXP=0,0,0,0,1,3,0,0,0
TERM_WEIGHT=88
TERM=1/243*q1*q0^3
TERM_INDEX=4
TERM_EXP=0,0,0,0,1,0,1,1,0
TERM_WEIGHT=82
TERM=1/54*q1*r2*r1
TERM_INDEX=5
TERM_EXP=0,0,0,0,1,0,0,2,0
TERM_WEIGHT=82
TERM=7/108*q1*r1^2
TERM_INDEX=6
TERM_EXP=0,0,0,0,1,0,1,0,1
TERM_WEIGHT=82
TERM=1/54*q1*r2*r0
TERM_INDEX=7
TERM_EXP=0,0,0,0,0,1,0,1,1
TERM_WEIGHT=82
TERM=-1/54*q0*r1*r0
TERM_INDEX=8
TERM_EXP=0,0,0,0,1,0,0,0,2
TERM_WEIGHT=82
TERM=1/108*q1*r0^2
TERM_ENUMERATION_END
TERM_COUNT=8
WEIGHT_MULTISET=80x1,81x1,82x5,88x1
PASS_UNIQUE_LA20_MINIMUM_AT_REGISTERED_WEIGHT
FIREWALL=FIXED_SOURCE_WITNESS_AND_ITS_FINITE_STRICT_HALFSPACES_ONLY
PASS_CONTROL2_LA20_WITNESS_REPLAY_V1
