utc=2026-09-05T14:05:15Z msolve_pid=none
utc=2026-09-05T14:05:35Z msolve_pid=3620
VmPeak:	 5926728 kB
VmSize:	 5926728 kB
VmHWM:	 3308384 kB
VmRSS:	 3308384 kB
utc=2026-09-05T14:05:55Z msolve_pid=3620
VmPeak:	 7483208 kB
VmSize:	 7481016 kB
VmHWM:	 5226608 kB
VmRSS:	 5226608 kB
utc=2026-09-05T14:06:15Z msolve_pid=3620
VmPeak:	11221892 kB
VmSize:	11221892 kB
VmHWM:	 7222840 kB
VmRSS:	 7222840 kB
utc=2026-09-05T14:06:35Z msolve_pid=3620
VmPeak:	11276820 kB
VmSize:	11276820 kB
VmHWM:	 7793592 kB
VmRSS:	 7445864 kB
utc=2026-09-05T14:06:55Z msolve_pid=3620
VmPeak:	11276820 kB
VmSize:	11276820 kB
VmHWM:	 8934056 kB
VmRSS:	 8934056 kB
utc=2026-09-05T14:07:15Z msolve_pid=3620
VmPeak:	17502740 kB
VmSize:	17502740 kB
VmHWM:	11283144 kB
VmRSS:	11283144 kB
utc=2026-09-05T14:07:35Z msolve_pid=3620
VmPeak:	17502740 kB
VmSize:	17502740 kB
VmHWM:	12411504 kB
VmRSS:	12411504 kB
utc=2026-09-05T14:07:55Z msolve_pid=3620
VmPeak:	17994472 kB
VmSize:	17994472 kB
VmHWM:	13314740 kB
VmRSS:	13314740 kB
utc=2026-09-05T14:08:15Z msolve_pid=3620
VmPeak:	18023672 kB
VmSize:	17793520 kB
VmHWM:	13844848 kB
VmRSS:	13606872 kB
utc=2026-09-05T14:08:35Z msolve_pid=3620
VmPeak:	18575040 kB
VmSize:	18575040 kB
VmHWM:	15026064 kB
VmRSS:	15026064 kB
utc=2026-09-05T14:08:55Z msolve_pid=3620
VmPeak:	18575040 kB
VmSize:	18575040 kB
VmHWM:	16152088 kB
VmRSS:	16152088 kB
utc=2026-09-05T14:09:15Z msolve_pid=3620
VmPeak:	31026880 kB
VmSize:	31026880 kB
VmHWM:	19182668 kB
VmRSS:	19182668 kB
utc=2026-09-05T14:09:35Z msolve_pid=3620
VmPeak:	31026880 kB
VmSize:	31026880 kB
VmHWM:	20428288 kB
VmRSS:	20428288 kB
utc=2026-09-05T14:09:55Z msolve_pid=3620
VmPeak:	31026880 kB
VmSize:	31023172 kB
VmHWM:	20787544 kB
VmRSS:	20787544 kB
utc=2026-09-05T14:10:15Z msolve_pid=3620
VmPeak:	31026880 kB
VmSize:	31026148 kB
VmHWM:	21297536 kB
VmRSS:	21297536 kB
utc=2026-09-05T14:10:35Z msolve_pid=3620
VmPeak:	31026880 kB
VmSize:	31026148 kB
VmHWM:	22557216 kB
VmRSS:	22557216 kB
utc=2026-09-05T14:10:55Z msolve_pid=3620
VmPeak:	31026880 kB
VmSize:	31026148 kB
VmHWM:	23499012 kB
VmRSS:	23499012 kB
utc=2026-09-05T14:11:15Z msolve_pid=3620
VmPeak:	31026880 kB
VmSize:	31026148 kB
VmHWM:	24536616 kB
VmRSS:	24536616 kB
utc=2026-09-05T14:11:35Z msolve_pid=3620
VmPeak:	31026880 kB
VmSize:	31025136 kB
VmHWM:	24871448 kB
VmRSS:	24871448 kB
utc=2026-09-05T14:11:55Z msolve_pid=3620
VmPeak:	31026880 kB
VmSize:	31025136 kB
VmHWM:	25909648 kB
VmRSS:	25909648 kB
utc=2026-09-05T14:12:15Z msolve_pid=3620
VmPeak:	31026880 kB
VmSize:	31023172 kB
VmHWM:	26636844 kB
VmRSS:	26636844 kB
utc=2026-09-05T14:12:35Z msolve_pid=3620
VmPeak:	31218316 kB
VmSize:	31218316 kB
VmHWM:	27223444 kB
VmRSS:	27223444 kB
utc=2026-09-05T14:12:55Z msolve_pid=3620
VmPeak:	31607436 kB
VmSize:	31607436 kB
VmHWM:	27563676 kB
VmRSS:	27563676 kB
utc=2026-09-05T14:13:15Z msolve_pid=3620
VmPeak:	32385676 kB
VmSize:	32385676 kB
VmHWM:	27939504 kB
VmRSS:	27939504 kB
utc=2026-09-05T14:13:36Z msolve_pid=3620
VmPeak:	32385676 kB
VmSize:	32385676 kB
VmHWM:	28208560 kB
VmRSS:	28208560 kB
utc=2026-09-05T14:13:56Z msolve_pid=3620
VmPeak:	32502544 kB
VmSize:	32502544 kB
VmHWM:	28374860 kB
VmRSS:	28374860 kB
utc=2026-09-05T14:14:16Z msolve_pid=3620
VmPeak:	32647904 kB
VmSize:	32647904 kB
VmHWM:	28552608 kB
VmRSS:	28552608 kB
utc=2026-09-05T14:14:36Z msolve_pid=3620
VmPeak:	32814504 kB
VmSize:	32814504 kB
VmHWM:	28754632 kB
VmRSS:	28754632 kB
utc=2026-09-05T14:14:56Z msolve_pid=3620
VmPeak:	32986436 kB
VmSize:	32986436 kB
VmHWM:	28971104 kB
VmRSS:	28971104 kB
utc=2026-09-05T14:15:16Z msolve_pid=3620
VmPeak:	33127912 kB
VmSize:	33127912 kB
VmHWM:	29200088 kB
VmRSS:	29200088 kB
utc=2026-09-05T14:15:36Z msolve_pid=3620
VmPeak:	34833484 kB
VmSize:	34833484 kB
VmHWM:	29704044 kB
VmRSS:	29704044 kB
utc=2026-09-05T14:15:56Z msolve_pid=3620
VmPeak:	34983660 kB
VmSize:	34983660 kB
VmHWM:	29959040 kB
VmRSS:	29959040 kB
utc=2026-09-05T14:16:16Z msolve_pid=3620
VmPeak:	35098184 kB
VmSize:	35098184 kB
VmHWM:	30136904 kB
VmRSS:	30136904 kB
utc=2026-09-05T14:16:36Z msolve_pid=3620
VmPeak:	35223296 kB
VmSize:	35223296 kB
VmHWM:	30339128 kB
VmRSS:	30339128 kB
utc=2026-09-05T14:16:56Z msolve_pid=3620
VmPeak:	35355084 kB
VmSize:	35355084 kB
VmHWM:	30566032 kB
VmRSS:	30566032 kB
utc=2026-09-05T14:17:16Z msolve_pid=3620
VmPeak:	189652876 kB
VmSize:	189652876 kB
VmHWM:	60293448 kB
VmRSS:	60293448 kB
utc=2026-09-05T14:17:36Z msolve_pid=3620
VmPeak:	192683460 kB
VmSize:	192683460 kB
VmHWM:	63791832 kB
VmRSS:	63791832 kB
utc=2026-09-05T14:17:56Z msolve_pid=3620
VmPeak:	194480436 kB
VmSize:	194415952 kB
VmHWM:	65751528 kB
VmRSS:	65751528 kB
utc=2026-09-05T14:18:16Z msolve_pid=3620
VmPeak:	195545640 kB
VmSize:	195485084 kB
VmHWM:	66665528 kB
VmRSS:	66665528 kB
utc=2026-09-05T14:18:36Z msolve_pid=3620
VmPeak:	195702148 kB
VmSize:	195702148 kB
VmHWM:	67058612 kB
VmRSS:	67058612 kB
utc=2026-09-05T14:18:56Z msolve_pid=3620
VmPeak:	196377760 kB
VmSize:	196377760 kB
VmHWM:	67432756 kB
VmRSS:	67432756 kB
utc=2026-09-05T14:19:16Z msolve_pid=3620
VmPeak:	196918520 kB
VmSize:	196918520 kB
VmHWM:	67818236 kB
VmRSS:	67818236 kB
utc=2026-09-05T14:19:36Z msolve_pid=3620
VmPeak:	197260852 kB
VmSize:	197195316 kB
VmHWM:	68234220 kB
VmRSS:	68234220 kB
utc=2026-09-05T14:19:56Z msolve_pid=3620
VmPeak:	197274172 kB
VmSize:	197274172 kB
VmHWM:	68589996 kB
VmRSS:	68589996 kB
utc=2026-09-05T14:20:16Z msolve_pid=3620
VmPeak:	197738208 kB
VmSize:	197672672 kB
VmHWM:	68870556 kB
VmRSS:	68870556 kB
utc=2026-09-05T14:20:36Z msolve_pid=3620
VmPeak:	197869588 kB
VmSize:	197869588 kB
VmHWM:	69095488 kB
VmRSS:	69095488 kB
utc=2026-09-05T14:20:56Z msolve_pid=3620
VmPeak:	198398104 kB
VmSize:	198336152 kB
VmHWM:	69465064 kB
VmRSS:	69465064 kB
utc=2026-09-05T14:21:16Z msolve_pid=3620
VmPeak:	198826160 kB
VmSize:	198760624 kB
VmHWM:	69988392 kB
VmRSS:	69988392 kB
utc=2026-09-05T14:21:36Z msolve_pid=3620
VmPeak:	199180552 kB
VmSize:	199115016 kB
VmHWM:	70450988 kB
VmRSS:	70450988 kB
utc=2026-09-05T14:21:56Z msolve_pid=3620
VmPeak:	199663744 kB
VmSize:	199663744 kB
VmHWM:	70850648 kB
VmRSS:	70850648 kB
utc=2026-09-05T14:22:16Z msolve_pid=3620
VmPeak:	200134432 kB
VmSize:	200077712 kB
VmHWM:	71227364 kB
VmRSS:	71227364 kB
utc=2026-09-05T14:22:37Z msolve_pid=3620
VmPeak:	200618552 kB
VmSize:	200553016 kB
VmHWM:	71566780 kB
VmRSS:	71566780 kB
utc=2026-09-05T14:22:57Z msolve_pid=3620
VmPeak:	200964440 kB
VmSize:	200964440 kB
VmHWM:	71881172 kB
VmRSS:	71881172 kB
utc=2026-09-05T14:23:17Z msolve_pid=3620
VmPeak:	201110036 kB
VmSize:	201110036 kB
VmHWM:	72157256 kB
VmRSS:	72157256 kB
utc=2026-09-05T14:23:37Z msolve_pid=3620
VmPeak:	201313388 kB
VmSize:	201253792 kB
VmHWM:	72382844 kB
VmRSS:	72382844 kB
utc=2026-09-05T14:23:57Z msolve_pid=3620
VmPeak:	201529192 kB
VmSize:	201398120 kB
VmHWM:	72521180 kB
VmRSS:	72521180 kB
utc=2026-09-05T14:24:17Z msolve_pid=3620
VmPeak:	201665076 kB
VmSize:	201600092 kB
VmHWM:	72625832 kB
VmRSS:	72625832 kB
utc=2026-09-05T14:24:37Z msolve_pid=3620
VmPeak:	201731676 kB
VmSize:	201668424 kB
VmHWM:	72756508 kB
VmRSS:	72756508 kB
utc=2026-09-05T14:24:57Z msolve_pid=3620
VmPeak:	201874932 kB
VmSize:	201745828 kB
VmHWM:	72919196 kB
VmRSS:	72919196 kB
utc=2026-09-05T14:25:17Z msolve_pid=3620
VmPeak:	202017624 kB
VmSize:	201888204 kB
VmHWM:	73070692 kB
VmRSS:	73070692 kB
utc=2026-09-05T14:25:37Z msolve_pid=3620
VmPeak:	202092228 kB
VmSize:	202026692 kB
VmHWM:	73242744 kB
VmRSS:	73242744 kB
utc=2026-09-05T14:25:57Z msolve_pid=3620
VmPeak:	202496864 kB
VmSize:	202431328 kB
VmHWM:	73429804 kB
VmRSS:	73429804 kB
utc=2026-09-05T14:26:17Z msolve_pid=3620
VmPeak:	202833820 kB
VmSize:	202704588 kB
VmHWM:	73610280 kB
VmRSS:	73610280 kB
utc=2026-09-05T14:26:37Z msolve_pid=3620
VmPeak:	202979592 kB
VmSize:	202850252 kB
VmHWM:	73797276 kB
VmRSS:	73797276 kB
utc=2026-09-05T14:26:57Z msolve_pid=3620
VmPeak:	202996228 kB
VmSize:	202930692 kB
VmHWM:	73981060 kB
VmRSS:	73981060 kB
utc=2026-09-05T14:27:17Z msolve_pid=3620
VmPeak:	202996228 kB
VmSize:	202940792 kB
VmHWM:	74100084 kB
VmRSS:	74100084 kB
utc=2026-09-05T14:27:37Z msolve_pid=3620
VmPeak:	203146796 kB
VmSize:	203081260 kB
VmHWM:	74215132 kB
VmRSS:	74215132 kB
utc=2026-09-05T14:27:57Z msolve_pid=3620
VmPeak:	203286716 kB
VmSize:	203286716 kB
VmHWM:	74324636 kB
VmRSS:	74324636 kB
utc=2026-09-05T14:28:17Z msolve_pid=3620
VmPeak:	203558212 kB
VmSize:	203492676 kB
VmHWM:	74434460 kB
VmRSS:	74434460 kB
utc=2026-09-05T14:28:37Z msolve_pid=3620
VmPeak:	203558212 kB
VmSize:	203501760 kB
VmHWM:	74595228 kB
VmRSS:	74595228 kB
utc=2026-09-05T14:28:57Z msolve_pid=3620
VmPeak:	203707208 kB
VmSize:	203707208 kB
VmHWM:	74796172 kB
VmRSS:	74796172 kB
utc=2026-09-05T14:29:17Z msolve_pid=3620
VmPeak:	203846792 kB
VmSize:	203846792 kB
VmHWM:	75010860 kB
VmRSS:	75010860 kB
utc=2026-09-05T14:29:38Z msolve_pid=3620
VmPeak:	204117296 kB
VmSize:	204117296 kB
VmHWM:	75248760 kB
VmRSS:	75248760 kB
utc=2026-09-05T14:29:58Z msolve_pid=3620
VmPeak:	204387812 kB
VmSize:	204387812 kB
VmHWM:	75507968 kB
VmRSS:	75507968 kB
utc=2026-09-05T14:30:18Z msolve_pid=3620
VmPeak:	204917452 kB
VmSize:	204854588 kB
VmHWM:	75779508 kB
VmRSS:	75779508 kB
utc=2026-09-05T14:30:38Z msolve_pid=3620
VmPeak:	205056400 kB
VmSize:	205056400 kB
VmHWM:	76036668 kB
VmRSS:	76036668 kB
utc=2026-09-05T14:30:58Z msolve_pid=3620
VmPeak:	205260840 kB
VmSize:	205260840 kB
VmHWM:	76294384 kB
VmRSS:	76294384 kB
utc=2026-09-05T14:31:18Z msolve_pid=3620
VmPeak:	205530528 kB
VmSize:	205530528 kB
VmHWM:	76526372 kB
VmRSS:	76526372 kB
utc=2026-09-05T14:31:38Z msolve_pid=3620
VmPeak:	205666524 kB
VmSize:	205666524 kB
VmHWM:	76769416 kB
VmRSS:	76769416 kB
utc=2026-09-05T14:31:58Z msolve_pid=3620
VmPeak:	206066696 kB
VmSize:	206001160 kB
VmHWM:	76993376 kB
VmRSS:	76993376 kB
utc=2026-09-05T14:32:18Z msolve_pid=3620
VmPeak:	206138312 kB
VmSize:	206138312 kB
VmHWM:	77191948 kB
VmRSS:	77191948 kB
utc=2026-09-05T14:32:38Z msolve_pid=3620
VmPeak:	206272868 kB
VmSize:	206207332 kB
VmHWM:	77372740 kB
VmRSS:	77372740 kB
utc=2026-09-05T14:32:58Z msolve_pid=3620
VmPeak:	206407012 kB
VmSize:	206343040 kB
VmHWM:	77544672 kB
VmRSS:	77544672 kB
