utc=2026-09-05T14:11:16Z msolve_pid=8685
VmPeak:	 1181404 kB
VmSize:	 1181404 kB
VmHWM:	   30528 kB
VmRSS:	   30528 kB
utc=2026-09-05T14:11:36Z msolve_pid=8685
VmPeak:	 5344976 kB
VmSize:	 5344976 kB
VmHWM:	 2547000 kB
VmRSS:	 2547000 kB
utc=2026-09-05T14:11:56Z msolve_pid=8685
VmPeak:	 5708512 kB
VmSize:	 5647724 kB
VmHWM:	 3543516 kB
VmRSS:	 3484520 kB
utc=2026-09-05T14:12:16Z msolve_pid=8685
VmPeak:	 7999176 kB
VmSize:	 7999176 kB
VmHWM:	 5200508 kB
VmRSS:	 5200508 kB
utc=2026-09-05T14:12:36Z msolve_pid=8685
VmPeak:	12816072 kB
VmSize:	12816072 kB
VmHWM:	 6660028 kB
VmRSS:	 6660028 kB
utc=2026-09-05T14:12:56Z msolve_pid=8685
VmPeak:	12878612 kB
VmSize:	12816068 kB
VmHWM:	 7560364 kB
VmRSS:	 7560364 kB
utc=2026-09-05T14:13:16Z msolve_pid=8685
VmPeak:	12878612 kB
VmSize:	12816068 kB
VmHWM:	 8116648 kB
VmRSS:	 8116648 kB
utc=2026-09-05T14:13:36Z msolve_pid=8685
VmPeak:	13041732 kB
VmSize:	13041732 kB
VmHWM:	 8765588 kB
VmRSS:	 8765588 kB
utc=2026-09-05T14:13:56Z msolve_pid=8685
VmPeak:	13266376 kB
VmSize:	13266376 kB
VmHWM:	 9088580 kB
VmRSS:	 9088580 kB
utc=2026-09-05T14:14:16Z msolve_pid=8685
VmPeak:	13808744 kB
VmSize:	13808744 kB
VmHWM:	 9489128 kB
VmRSS:	 9489128 kB
utc=2026-09-05T14:14:36Z msolve_pid=8685
VmPeak:	13948308 kB
VmSize:	13948308 kB
VmHWM:	 9701736 kB
VmRSS:	 9701736 kB
utc=2026-09-05T14:14:56Z msolve_pid=8685
VmPeak:	14000652 kB
VmSize:	14000652 kB
VmHWM:	 9760060 kB
VmRSS:	 9760060 kB
utc=2026-09-05T14:15:16Z msolve_pid=8685
VmPeak:	14046396 kB
VmSize:	14046396 kB
VmHWM:	 9810708 kB
VmRSS:	 9810708 kB
utc=2026-09-05T14:15:36Z msolve_pid=8685
VmPeak:	14106796 kB
VmSize:	14106796 kB
VmHWM:	 9878652 kB
VmRSS:	 9878652 kB
utc=2026-09-05T14:15:56Z msolve_pid=8685
VmPeak:	14174740 kB
VmSize:	14174740 kB
VmHWM:	 9957800 kB
VmRSS:	 9957800 kB
utc=2026-09-05T14:16:16Z msolve_pid=8685
VmPeak:	14223556 kB
VmSize:	14223556 kB
VmHWM:	10017264 kB
VmRSS:	10017264 kB
utc=2026-09-05T14:16:36Z msolve_pid=8685
VmPeak:	14294016 kB
VmSize:	14294016 kB
VmHWM:	10097356 kB
VmRSS:	10097356 kB
utc=2026-09-05T14:16:56Z msolve_pid=8685
VmPeak:	14356372 kB
VmSize:	14356372 kB
VmHWM:	10179488 kB
VmRSS:	10179488 kB
utc=2026-09-05T14:17:16Z msolve_pid=8685
VmPeak:	15008444 kB
VmSize:	15008444 kB
VmHWM:	10319844 kB
VmRSS:	10319844 kB
utc=2026-09-05T14:17:36Z msolve_pid=8685
VmPeak:	15072408 kB
VmSize:	15072408 kB
VmHWM:	10407520 kB
VmRSS:	10407520 kB
utc=2026-09-05T14:17:56Z msolve_pid=8685
VmPeak:	15114200 kB
VmSize:	15114200 kB
VmHWM:	10464748 kB
VmRSS:	10464748 kB
utc=2026-09-05T14:18:16Z msolve_pid=8685
VmPeak:	15152336 kB
VmSize:	15152336 kB
VmHWM:	10513660 kB
VmRSS:	10513660 kB
utc=2026-09-05T14:18:36Z msolve_pid=8685
VmPeak:	25820288 kB
VmSize:	25820288 kB
VmHWM:	17699068 kB
VmRSS:	17699068 kB
utc=2026-09-05T14:18:56Z msolve_pid=8685
VmPeak:	36983880 kB
VmSize:	36983880 kB
VmHWM:	26669948 kB
VmRSS:	26669948 kB
utc=2026-09-05T14:19:16Z msolve_pid=8685
VmPeak:	38314232 kB
VmSize:	38314232 kB
VmHWM:	27465616 kB
VmRSS:	27465616 kB
utc=2026-09-05T14:19:36Z msolve_pid=8685
VmPeak:	39050900 kB
VmSize:	39050900 kB
VmHWM:	28072924 kB
VmRSS:	28072924 kB
utc=2026-09-05T14:19:56Z msolve_pid=8685
VmPeak:	39077236 kB
VmSize:	39077236 kB
VmHWM:	28730156 kB
VmRSS:	28730156 kB
utc=2026-09-05T14:20:16Z msolve_pid=8685
VmPeak:	39815424 kB
VmSize:	39749888 kB
VmHWM:	29316328 kB
VmRSS:	29316328 kB
utc=2026-09-05T14:20:36Z msolve_pid=8685
VmPeak:	41003540 kB
VmSize:	40938004 kB
VmHWM:	29740044 kB
VmRSS:	29740044 kB
utc=2026-09-05T14:20:56Z msolve_pid=8685
VmPeak:	41155736 kB
VmSize:	41155736 kB
VmHWM:	30291416 kB
VmRSS:	30291416 kB
utc=2026-09-05T14:21:16Z msolve_pid=8685
VmPeak:	41377436 kB
VmSize:	41313964 kB
VmHWM:	30938396 kB
VmRSS:	30938396 kB
utc=2026-09-05T14:21:37Z msolve_pid=8685
VmPeak:	41855288 kB
VmSize:	41792952 kB
VmHWM:	31399240 kB
VmRSS:	31399240 kB
utc=2026-09-05T14:21:57Z msolve_pid=8685
VmPeak:	42919984 kB
VmSize:	42854448 kB
VmHWM:	31917196 kB
VmRSS:	31917196 kB
utc=2026-09-05T14:22:17Z msolve_pid=8685
VmPeak:	43258148 kB
VmSize:	43127356 kB
VmHWM:	32368744 kB
VmRSS:	32368744 kB
utc=2026-09-05T14:22:37Z msolve_pid=8685
VmPeak:	43598448 kB
VmSize:	43532912 kB
VmHWM:	32856060 kB
VmRSS:	32856060 kB
utc=2026-09-05T14:22:57Z msolve_pid=8685
VmPeak:	44124856 kB
VmSize:	44124856 kB
VmHWM:	33296660 kB
VmRSS:	33296660 kB
utc=2026-09-05T14:23:17Z msolve_pid=8685
VmPeak:	44649144 kB
VmSize:	44583608 kB
VmHWM:	33615960 kB
VmRSS:	33615960 kB
utc=2026-09-05T14:23:37Z msolve_pid=8685
VmPeak:	44780216 kB
VmSize:	44714680 kB
VmHWM:	33816360 kB
VmRSS:	33816360 kB
utc=2026-09-05T14:23:57Z msolve_pid=8685
VmPeak:	44780216 kB
VmSize:	44780216 kB
VmHWM:	33921632 kB
VmRSS:	33921632 kB
utc=2026-09-05T14:24:17Z msolve_pid=8685
VmPeak:	44780216 kB
VmSize:	44780216 kB
VmHWM:	33975388 kB
VmRSS:	33975388 kB
utc=2026-09-05T14:24:37Z msolve_pid=8685
VmPeak:	44911288 kB
VmSize:	44911288 kB
VmHWM:	33992644 kB
VmRSS:	33992644 kB
utc=2026-09-05T14:24:57Z msolve_pid=8685
VmPeak:	44911288 kB
VmSize:	44325952 kB
VmHWM:	33964124 kB
VmRSS:	33408264 kB
utc=2026-09-05T14:25:17Z msolve_pid=8685
VmPeak:	44911288 kB
VmSize:	44260416 kB
VmHWM:	33964124 kB
VmRSS:	33408108 kB
utc=2026-09-05T14:25:37Z msolve_pid=8685
VmPeak:	44911288 kB
VmSize:	44129344 kB
VmHWM:	33964124 kB
VmRSS:	33402396 kB
utc=2026-09-05T14:25:57Z msolve_pid=8685
VmPeak:	44911288 kB
VmSize:	43736128 kB
VmHWM:	33964124 kB
VmRSS:	33346740 kB
utc=2026-09-05T14:26:17Z msolve_pid=8685
VmPeak:	44911288 kB
VmSize:	40918080 kB
VmHWM:	33964124 kB
VmRSS:	30005936 kB
utc=2026-09-05T14:26:37Z msolve_pid=8685
VmPeak:	44911288 kB
VmSize:	39848992 kB
VmHWM:	33964124 kB
VmRSS:	30542784 kB
utc=2026-09-05T14:26:57Z msolve_pid=8685
VmPeak:	49482784 kB
VmSize:	49482784 kB
VmHWM:	33964124 kB
VmRSS:	33792756 kB
utc=2026-09-05T14:27:17Z msolve_pid=8685
VmPeak:	49482784 kB
VmSize:	49482784 kB
VmHWM:	35700364 kB
VmRSS:	35700364 kB
utc=2026-09-05T14:27:37Z msolve_pid=8685
VmPeak:	49482784 kB
VmSize:	49482784 kB
VmHWM:	37213644 kB
VmRSS:	37213644 kB
utc=2026-09-05T14:27:57Z msolve_pid=8685
VmPeak:	49482784 kB
VmSize:	49482784 kB
VmHWM:	39599156 kB
VmRSS:	39599156 kB
utc=2026-09-05T14:28:17Z msolve_pid=8685
VmPeak:	68750368 kB
VmSize:	68750368 kB
VmHWM:	43459088 kB
VmRSS:	43459088 kB
utc=2026-09-05T14:28:37Z msolve_pid=8685
VmPeak:	68750368 kB
VmSize:	68750368 kB
VmHWM:	45169180 kB
VmRSS:	45169180 kB
utc=2026-09-05T14:28:57Z msolve_pid=8685
VmPeak:	68750368 kB
VmSize:	68750368 kB
VmHWM:	46766600 kB
VmRSS:	46766600 kB
utc=2026-09-05T14:29:17Z msolve_pid=8685
VmPeak:	68750368 kB
VmSize:	68750368 kB
VmHWM:	48074188 kB
VmRSS:	48074188 kB
utc=2026-09-05T14:29:37Z msolve_pid=8685
VmPeak:	68750368 kB
VmSize:	68750368 kB
VmHWM:	49001796 kB
VmRSS:	49001796 kB
utc=2026-09-05T14:29:57Z msolve_pid=8685
VmPeak:	68750368 kB
VmSize:	68750368 kB
VmHWM:	49991240 kB
VmRSS:	49991240 kB
utc=2026-09-05T14:30:17Z msolve_pid=8685
VmPeak:	68750368 kB
VmSize:	68740960 kB
VmHWM:	50420240 kB
VmRSS:	50420240 kB
utc=2026-09-05T14:30:37Z msolve_pid=8685
VmPeak:	68750368 kB
VmSize:	68740928 kB
VmHWM:	50603264 kB
VmRSS:	50603264 kB
utc=2026-09-05T14:30:57Z msolve_pid=8685
VmPeak:	68750368 kB
VmSize:	68545240 kB
VmHWM:	50692860 kB
VmRSS:	50575656 kB
utc=2026-09-05T14:31:17Z msolve_pid=8685
VmPeak:	68750368 kB
VmSize:	68545240 kB
VmHWM:	51577988 kB
VmRSS:	51577988 kB
utc=2026-09-05T14:31:37Z msolve_pid=8685
VmPeak:	68750368 kB
VmSize:	68545240 kB
VmHWM:	52513648 kB
VmRSS:	52513648 kB
utc=2026-09-05T14:31:57Z msolve_pid=8685
VmPeak:	68750368 kB
VmSize:	68545240 kB
VmHWM:	53097276 kB
VmRSS:	53097276 kB
utc=2026-09-05T14:32:17Z msolve_pid=8685
VmPeak:	68750368 kB
VmSize:	68347752 kB
VmHWM:	53364932 kB
VmRSS:	53364932 kB
utc=2026-09-05T14:32:38Z msolve_pid=8685
VmPeak:	68750368 kB
VmSize:	68347716 kB
VmHWM:	53416720 kB
VmRSS:	53416720 kB
utc=2026-09-05T14:32:58Z msolve_pid=8685
VmPeak:	68750368 kB
VmSize:	68347716 kB
VmHWM:	53416720 kB
VmRSS:	53416720 kB
utc=2026-09-05T14:33:18Z msolve_pid=8685
VmPeak:	68750368 kB
VmSize:	68349092 kB
VmHWM:	53889084 kB
VmRSS:	53889084 kB
utc=2026-09-05T14:33:38Z msolve_pid=8685
VmPeak:	68750368 kB
VmSize:	68349092 kB
VmHWM:	54895036 kB
VmRSS:	54895036 kB
utc=2026-09-05T14:33:58Z msolve_pid=8685
VmPeak:	68750368 kB
VmSize:	68349092 kB
VmHWM:	55711004 kB
VmRSS:	55711004 kB
utc=2026-09-05T14:34:18Z msolve_pid=8685
VmPeak:	68750368 kB
VmSize:	68349092 kB
VmHWM:	56692740 kB
VmRSS:	56692740 kB
utc=2026-09-05T14:34:38Z msolve_pid=8685
VmPeak:	68750368 kB
VmSize:	68349092 kB
VmHWM:	57408984 kB
VmRSS:	57408984 kB
utc=2026-09-05T14:34:58Z msolve_pid=8685
VmPeak:	68750368 kB
VmSize:	68349092 kB
VmHWM:	58183624 kB
VmRSS:	58183624 kB
utc=2026-09-05T14:35:18Z msolve_pid=8685
VmPeak:	68750368 kB
VmSize:	68349092 kB
VmHWM:	58696072 kB
VmRSS:	58696072 kB
utc=2026-09-05T14:35:38Z msolve_pid=8685
VmPeak:	68750368 kB
VmSize:	68347736 kB
VmHWM:	59123220 kB
VmRSS:	59123220 kB
utc=2026-09-05T14:35:58Z msolve_pid=8685
VmPeak:	106882904 kB
VmSize:	106882880 kB
VmHWM:	63600840 kB
VmRSS:	63600840 kB
utc=2026-09-05T14:36:18Z msolve_pid=8685
VmPeak:	106882904 kB
VmSize:	106882880 kB
VmHWM:	63600840 kB
VmRSS:	63600840 kB
utc=2026-09-05T14:36:38Z msolve_pid=8685
VmPeak:	106882904 kB
VmSize:	106882880 kB
VmHWM:	63600840 kB
VmRSS:	63600840 kB
utc=2026-09-05T14:36:58Z msolve_pid=8685
VmPeak:	107015444 kB
VmSize:	106949908 kB
VmHWM:	63976912 kB
VmRSS:	63976912 kB
utc=2026-09-05T14:37:18Z msolve_pid=8685
VmPeak:	109716020 kB
VmSize:	109716020 kB
VmHWM:	67094572 kB
VmRSS:	67094572 kB
utc=2026-09-05T14:37:38Z msolve_pid=8685
VmPeak:	109716020 kB
VmSize:	109716020 kB
VmHWM:	68134936 kB
VmRSS:	68134936 kB
utc=2026-09-05T14:37:58Z msolve_pid=8685
VmPeak:	109716020 kB
VmSize:	109716020 kB
VmHWM:	68943840 kB
VmRSS:	68943840 kB
utc=2026-09-05T14:38:18Z msolve_pid=8685
VmPeak:	109716020 kB
VmSize:	109716020 kB
VmHWM:	70055564 kB
VmRSS:	70055564 kB
utc=2026-09-05T14:38:38Z msolve_pid=8685
VmPeak:	109716020 kB
VmSize:	109716020 kB
VmHWM:	70766316 kB
VmRSS:	70766316 kB
utc=2026-09-05T14:38:58Z msolve_pid=8685
VmPeak:	109716020 kB
VmSize:	109716020 kB
VmHWM:	71257660 kB
VmRSS:	71257660 kB
utc=2026-09-05T14:39:18Z msolve_pid=8685
VmPeak:	109716020 kB
VmSize:	109716020 kB
VmHWM:	71965852 kB
VmRSS:	71965852 kB
utc=2026-09-05T14:39:38Z msolve_pid=8685
VmPeak:	109716020 kB
VmSize:	109716020 kB
VmHWM:	72474004 kB
VmRSS:	72474004 kB
utc=2026-09-05T14:39:58Z msolve_pid=8685
VmPeak:	109716020 kB
VmSize:	109716020 kB
VmHWM:	73377152 kB
VmRSS:	73377152 kB
utc=2026-09-05T14:40:18Z msolve_pid=8685
VmPeak:	109716020 kB
VmSize:	109716020 kB
VmHWM:	74416396 kB
VmRSS:	74416396 kB
utc=2026-09-05T14:40:38Z msolve_pid=8685
VmPeak:	109716020 kB
VmSize:	109716020 kB
VmHWM:	75204768 kB
VmRSS:	75204768 kB
utc=2026-09-05T14:40:58Z msolve_pid=8685
VmPeak:	109716020 kB
VmSize:	109716020 kB
VmHWM:	76214816 kB
VmRSS:	76214816 kB
utc=2026-09-05T14:41:18Z msolve_pid=8685
VmPeak:	109716020 kB
VmSize:	109716020 kB
VmHWM:	76977780 kB
VmRSS:	76977780 kB
utc=2026-09-05T14:41:38Z msolve_pid=8685
VmPeak:	109716020 kB
VmSize:	109716020 kB
VmHWM:	77563884 kB
VmRSS:	77563884 kB
utc=2026-09-05T14:41:58Z msolve_pid=8685
VmPeak:	109716020 kB
VmSize:	109716020 kB
VmHWM:	77563884 kB
VmRSS:	77563884 kB
utc=2026-09-05T14:42:18Z msolve_pid=8685
VmPeak:	109716020 kB
VmSize:	109716020 kB
VmHWM:	77563884 kB
VmRSS:	77563884 kB
utc=2026-09-05T14:42:38Z msolve_pid=8685
VmPeak:	109716020 kB
VmSize:	109716020 kB
VmHWM:	77563884 kB
VmRSS:	77563884 kB
utc=2026-09-05T14:42:58Z msolve_pid=8685
VmPeak:	109716020 kB
VmSize:	109716020 kB
VmHWM:	77563884 kB
VmRSS:	77563884 kB
utc=2026-09-05T14:43:18Z msolve_pid=8685
VmPeak:	109716020 kB
VmSize:	109716020 kB
VmHWM:	77563884 kB
VmRSS:	77563884 kB
utc=2026-09-05T14:43:38Z msolve_pid=8685
VmPeak:	109716192 kB
VmSize:	109716192 kB
VmHWM:	77790680 kB
VmRSS:	77790680 kB
utc=2026-09-05T14:43:58Z msolve_pid=8685
VmPeak:	109716192 kB
VmSize:	109716192 kB
VmHWM:	78837636 kB
VmRSS:	78837636 kB
utc=2026-09-05T14:44:18Z msolve_pid=8685
VmPeak:	109716192 kB
VmSize:	109716192 kB
VmHWM:	79467512 kB
VmRSS:	79467512 kB
utc=2026-09-05T14:44:39Z msolve_pid=8685
VmPeak:	109716192 kB
VmSize:	109716192 kB
VmHWM:	80643672 kB
VmRSS:	80643672 kB
utc=2026-09-05T14:44:59Z msolve_pid=8685
VmPeak:	109716192 kB
VmSize:	109716192 kB
VmHWM:	81558572 kB
VmRSS:	81558572 kB
utc=2026-09-05T14:45:19Z msolve_pid=8685
VmPeak:	109716192 kB
VmSize:	109716192 kB
VmHWM:	82357292 kB
VmRSS:	82357292 kB
utc=2026-09-05T14:45:39Z msolve_pid=8685
VmPeak:	109716192 kB
VmSize:	109716192 kB
VmHWM:	83371992 kB
VmRSS:	83371992 kB
utc=2026-09-05T14:45:59Z msolve_pid=8685
VmPeak:	109716192 kB
VmSize:	109716192 kB
VmHWM:	84145424 kB
VmRSS:	84145424 kB
utc=2026-09-05T14:46:19Z msolve_pid=8685
VmPeak:	109716192 kB
VmSize:	109716192 kB
VmHWM:	85066752 kB
VmRSS:	85066752 kB
utc=2026-09-05T14:46:39Z msolve_pid=8685
VmPeak:	109716192 kB
VmSize:	109716192 kB
VmHWM:	86542092 kB
VmRSS:	86542092 kB
utc=2026-09-05T14:46:59Z msolve_pid=8685
VmPeak:	109716192 kB
VmSize:	109716192 kB
VmHWM:	87121036 kB
VmRSS:	87121036 kB
utc=2026-09-05T14:47:19Z msolve_pid=8685
VmPeak:	109716192 kB
VmSize:	109716192 kB
VmHWM:	87121036 kB
VmRSS:	87121036 kB
utc=2026-09-05T14:47:39Z msolve_pid=8685
VmPeak:	109716192 kB
VmSize:	109716192 kB
VmHWM:	87121036 kB
VmRSS:	87121036 kB
utc=2026-09-05T14:47:59Z msolve_pid=8685
VmPeak:	109716192 kB
VmSize:	109716192 kB
VmHWM:	87121036 kB
VmRSS:	87121036 kB
utc=2026-09-05T14:48:19Z msolve_pid=8685
VmPeak:	109716192 kB
VmSize:	109715344 kB
VmHWM:	87748608 kB
VmRSS:	87748608 kB
utc=2026-09-05T14:48:39Z msolve_pid=8685
VmPeak:	109716192 kB
VmSize:	109715344 kB
VmHWM:	87748608 kB
VmRSS:	87748608 kB
utc=2026-09-05T14:48:59Z msolve_pid=8685
VmPeak:	109716192 kB
VmSize:	109715344 kB
VmHWM:	87748608 kB
VmRSS:	87748608 kB
utc=2026-09-05T14:49:19Z msolve_pid=8685
VmPeak:	109716192 kB
VmSize:	109715344 kB
VmHWM:	87748608 kB
VmRSS:	87748608 kB
utc=2026-09-05T14:49:39Z msolve_pid=8685
VmPeak:	109716192 kB
VmSize:	109715344 kB
VmHWM:	87797728 kB
VmRSS:	87797728 kB
utc=2026-09-05T14:49:59Z msolve_pid=8685
VmPeak:	109716192 kB
VmSize:	109715344 kB
VmHWM:	87874560 kB
VmRSS:	87874560 kB
utc=2026-09-05T14:50:19Z msolve_pid=8685
VmPeak:	109716192 kB
VmSize:	109715344 kB
VmHWM:	87951400 kB
VmRSS:	87951400 kB
utc=2026-09-05T14:50:39Z msolve_pid=8685
VmPeak:	109716192 kB
VmSize:	109715344 kB
VmHWM:	88024212 kB
VmRSS:	88024212 kB
utc=2026-09-05T14:50:59Z msolve_pid=8685
VmPeak:	109716192 kB
VmSize:	109715344 kB
VmHWM:	88098680 kB
VmRSS:	88098680 kB
utc=2026-09-05T14:51:19Z msolve_pid=8685
VmPeak:	109716192 kB
VmSize:	109715344 kB
VmHWM:	88181240 kB
VmRSS:	88181240 kB
utc=2026-09-05T14:51:39Z msolve_pid=8685
VmPeak:	109716192 kB
VmSize:	109715344 kB
VmHWM:	88288556 kB
VmRSS:	88288556 kB
utc=2026-09-05T14:51:59Z msolve_pid=8685
VmPeak:	109716192 kB
VmSize:	109715344 kB
VmHWM:	88380440 kB
VmRSS:	88380440 kB
utc=2026-09-05T14:52:19Z msolve_pid=8685
VmPeak:	109716192 kB
VmSize:	109715344 kB
VmHWM:	88489328 kB
VmRSS:	88489328 kB
utc=2026-09-05T14:52:39Z msolve_pid=8685
VmPeak:	109716192 kB
VmSize:	109715344 kB
VmHWM:	88633564 kB
VmRSS:	88633564 kB
utc=2026-09-05T14:52:59Z msolve_pid=8685
VmPeak:	109716192 kB
VmSize:	109715344 kB
VmHWM:	88779588 kB
VmRSS:	88779588 kB
utc=2026-09-05T14:53:19Z msolve_pid=8685
VmPeak:	109716192 kB
VmSize:	109715344 kB
VmHWM:	88949576 kB
VmRSS:	88949576 kB
utc=2026-09-05T14:53:39Z msolve_pid=8685
VmPeak:	109716192 kB
VmSize:	109715344 kB
VmHWM:	88981028 kB
VmRSS:	88981028 kB
utc=2026-09-05T14:53:59Z msolve_pid=8685
VmPeak:	109716192 kB
VmSize:	109715344 kB
VmHWM:	88995456 kB
VmRSS:	88995456 kB
utc=2026-09-05T14:54:19Z msolve_pid=8685
VmPeak:	109716192 kB
VmSize:	109715344 kB
VmHWM:	89002424 kB
VmRSS:	89002424 kB
utc=2026-09-05T14:54:39Z msolve_pid=8685
VmPeak:	109716192 kB
VmSize:	109715344 kB
VmHWM:	89019408 kB
VmRSS:	89019408 kB
utc=2026-09-05T14:54:59Z msolve_pid=8685
VmPeak:	109716192 kB
VmSize:	109715344 kB
VmHWM:	89030112 kB
VmRSS:	89030112 kB
utc=2026-09-05T14:55:19Z msolve_pid=8685
VmPeak:	109716192 kB
VmSize:	109715344 kB
VmHWM:	89039792 kB
VmRSS:	89039792 kB
utc=2026-09-05T14:55:39Z msolve_pid=8685
VmPeak:	109716192 kB
VmSize:	109715344 kB
VmHWM:	89049536 kB
VmRSS:	89049536 kB
utc=2026-09-05T14:55:59Z msolve_pid=8685
VmPeak:	109716192 kB
VmSize:	109715344 kB
VmHWM:	89063588 kB
VmRSS:	89063588 kB
utc=2026-09-05T14:56:20Z msolve_pid=8685
VmPeak:	109716192 kB
VmSize:	109715344 kB
VmHWM:	89074972 kB
VmRSS:	89074972 kB
utc=2026-09-05T14:56:40Z msolve_pid=8685
VmPeak:	109716192 kB
VmSize:	109715344 kB
VmHWM:	89084544 kB
VmRSS:	89084544 kB
utc=2026-09-05T14:57:00Z msolve_pid=8685
VmPeak:	109716192 kB
VmSize:	109715344 kB
VmHWM:	89092288 kB
VmRSS:	89092288 kB
utc=2026-09-05T14:57:20Z msolve_pid=8685
VmPeak:	109716192 kB
VmSize:	109715344 kB
VmHWM:	89101628 kB
VmRSS:	89101628 kB
utc=2026-09-05T14:57:40Z msolve_pid=8685
VmPeak:	109716192 kB
VmSize:	109715344 kB
VmHWM:	89111004 kB
VmRSS:	89111004 kB
utc=2026-09-05T14:58:00Z msolve_pid=8685
VmPeak:	109716192 kB
VmSize:	109715344 kB
VmHWM:	89120832 kB
VmRSS:	89120832 kB
utc=2026-09-05T14:58:20Z msolve_pid=8685
VmPeak:	109716192 kB
VmSize:	109715344 kB
VmHWM:	89129772 kB
VmRSS:	89129772 kB
utc=2026-09-05T14:58:40Z msolve_pid=8685
VmPeak:	109716192 kB
VmSize:	109715344 kB
VmHWM:	89136556 kB
VmRSS:	89136556 kB
utc=2026-09-05T14:59:00Z msolve_pid=8685
VmPeak:	109716192 kB
VmSize:	109715344 kB
VmHWM:	89149844 kB
VmRSS:	89149844 kB
utc=2026-09-05T14:59:20Z msolve_pid=8685
VmPeak:	109716192 kB
VmSize:	109715344 kB
VmHWM:	89162840 kB
VmRSS:	89162840 kB
utc=2026-09-05T14:59:40Z msolve_pid=8685
VmPeak:	109716192 kB
VmSize:	109715344 kB
VmHWM:	89174240 kB
VmRSS:	89174240 kB
utc=2026-09-05T15:00:00Z msolve_pid=8685
VmPeak:	109716192 kB
VmSize:	109715344 kB
VmHWM:	89185624 kB
VmRSS:	89185624 kB
utc=2026-09-05T15:00:20Z msolve_pid=8685
VmPeak:	109716192 kB
VmSize:	109715344 kB
VmHWM:	89200376 kB
VmRSS:	89200376 kB
utc=2026-09-05T15:00:40Z msolve_pid=8685
VmPeak:	109716192 kB
VmSize:	109715344 kB
VmHWM:	89212980 kB
VmRSS:	89212980 kB
utc=2026-09-05T15:01:00Z msolve_pid=8685
VmPeak:	109716192 kB
VmSize:	109715344 kB
VmHWM:	89230344 kB
VmRSS:	89230344 kB
utc=2026-09-05T15:01:20Z msolve_pid=8685
VmPeak:	109716192 kB
VmSize:	109715344 kB
VmHWM:	89248316 kB
VmRSS:	89248316 kB
utc=2026-09-05T15:01:40Z msolve_pid=8685
VmPeak:	109716192 kB
VmSize:	109715344 kB
VmHWM:	89273048 kB
VmRSS:	89273048 kB
utc=2026-09-05T15:02:00Z msolve_pid=8685
VmPeak:	109716192 kB
VmSize:	109715344 kB
VmHWM:	89293032 kB
VmRSS:	89293032 kB
utc=2026-09-05T15:02:20Z msolve_pid=8685
VmPeak:	109716192 kB
VmSize:	109715344 kB
VmHWM:	89311172 kB
VmRSS:	89311172 kB
utc=2026-09-05T15:02:40Z msolve_pid=8685
VmPeak:	110919568 kB
VmSize:	110919568 kB
VmHWM:	89462952 kB
VmRSS:	89462952 kB
utc=2026-09-05T15:03:00Z msolve_pid=8685
VmPeak:	110919568 kB
VmSize:	110919568 kB
VmHWM:	89481316 kB
VmRSS:	89481316 kB
utc=2026-09-05T15:03:20Z msolve_pid=8685
VmPeak:	110919568 kB
VmSize:	110919568 kB
VmHWM:	89504480 kB
VmRSS:	89504480 kB
utc=2026-09-05T15:03:40Z msolve_pid=8685
VmPeak:	110919568 kB
VmSize:	110919568 kB
VmHWM:	89522008 kB
VmRSS:	89522008 kB
utc=2026-09-05T15:04:00Z msolve_pid=8685
VmPeak:	110919568 kB
VmSize:	110919568 kB
VmHWM:	89538108 kB
VmRSS:	89538108 kB
utc=2026-09-05T15:04:20Z msolve_pid=8685
VmPeak:	110919568 kB
VmSize:	110919568 kB
VmHWM:	89555720 kB
VmRSS:	89555720 kB
utc=2026-09-05T15:04:40Z msolve_pid=8685
VmPeak:	110919568 kB
VmSize:	110919568 kB
VmHWM:	89563720 kB
VmRSS:	89563720 kB
utc=2026-09-05T15:05:00Z msolve_pid=8685
VmPeak:	110919568 kB
VmSize:	110919568 kB
VmHWM:	89577856 kB
VmRSS:	89577856 kB
utc=2026-09-05T15:05:20Z msolve_pid=8685
VmPeak:	110919568 kB
VmSize:	110919568 kB
VmHWM:	89588452 kB
VmRSS:	89588452 kB
utc=2026-09-05T15:05:40Z msolve_pid=8685
VmPeak:	110919568 kB
VmSize:	110919568 kB
VmHWM:	89612980 kB
VmRSS:	89612980 kB
utc=2026-09-05T15:06:00Z msolve_pid=8685
VmPeak:	110919568 kB
VmSize:	110919568 kB
VmHWM:	89621952 kB
VmRSS:	89621952 kB
utc=2026-09-05T15:06:20Z msolve_pid=8685
VmPeak:	110919568 kB
VmSize:	110919568 kB
VmHWM:	89635856 kB
VmRSS:	89635856 kB
utc=2026-09-05T15:06:40Z msolve_pid=8685
VmPeak:	110919568 kB
VmSize:	110919568 kB
VmHWM:	89661236 kB
VmRSS:	89661236 kB
utc=2026-09-05T15:07:00Z msolve_pid=8685
VmPeak:	110919568 kB
VmSize:	110919568 kB
VmHWM:	89690812 kB
VmRSS:	89690812 kB
utc=2026-09-05T15:07:20Z msolve_pid=8685
VmPeak:	110919568 kB
VmSize:	110919568 kB
VmHWM:	89704680 kB
VmRSS:	89704680 kB
utc=2026-09-05T15:07:40Z msolve_pid=8685
VmPeak:	110919568 kB
VmSize:	110919568 kB
VmHWM:	89725312 kB
VmRSS:	89725312 kB
utc=2026-09-05T15:08:00Z msolve_pid=8685
VmPeak:	110919568 kB
VmSize:	110919568 kB
VmHWM:	89740124 kB
VmRSS:	89740124 kB
utc=2026-09-05T15:08:21Z msolve_pid=8685
VmPeak:	110919568 kB
VmSize:	110919568 kB
VmHWM:	89770732 kB
VmRSS:	89770732 kB
utc=2026-09-05T15:08:41Z msolve_pid=8685
VmPeak:	110919568 kB
VmSize:	110919568 kB
VmHWM:	89785216 kB
VmRSS:	89785216 kB
utc=2026-09-05T15:09:01Z msolve_pid=8685
VmPeak:	110919568 kB
VmSize:	110919568 kB
VmHWM:	89811100 kB
VmRSS:	89811100 kB
utc=2026-09-05T15:09:21Z msolve_pid=8685
VmPeak:	110919568 kB
VmSize:	110919568 kB
VmHWM:	89830416 kB
VmRSS:	89830416 kB
utc=2026-09-05T15:09:41Z msolve_pid=8685
VmPeak:	110919568 kB
VmSize:	110919568 kB
VmHWM:	89840336 kB
VmRSS:	89840336 kB
utc=2026-09-05T15:10:01Z msolve_pid=8685
VmPeak:	110919568 kB
VmSize:	110919568 kB
VmHWM:	89855556 kB
VmRSS:	89855556 kB
utc=2026-09-05T15:10:21Z msolve_pid=8685
VmPeak:	110919568 kB
VmSize:	110919568 kB
VmHWM:	89880008 kB
VmRSS:	89880008 kB
utc=2026-09-05T15:10:41Z msolve_pid=8685
VmPeak:	110919568 kB
VmSize:	110919568 kB
VmHWM:	89897972 kB
VmRSS:	89897972 kB
utc=2026-09-05T15:11:01Z msolve_pid=8685
VmPeak:	110919568 kB
VmSize:	110919568 kB
VmHWM:	89922436 kB
VmRSS:	89922436 kB
utc=2026-09-05T15:11:21Z msolve_pid=8685
VmPeak:	110919568 kB
VmSize:	110919568 kB
VmHWM:	89933628 kB
VmRSS:	89933628 kB
utc=2026-09-05T15:11:41Z msolve_pid=8685
VmPeak:	110919568 kB
VmSize:	110919568 kB
VmHWM:	89954828 kB
VmRSS:	89954828 kB
utc=2026-09-05T15:12:01Z msolve_pid=8685
VmPeak:	110919568 kB
VmSize:	110919568 kB
VmHWM:	89981380 kB
VmRSS:	89981380 kB
utc=2026-09-05T15:12:21Z msolve_pid=8685
VmPeak:	110919568 kB
VmSize:	110919568 kB
VmHWM:	90007112 kB
VmRSS:	90007112 kB
utc=2026-09-05T15:12:41Z msolve_pid=8685
VmPeak:	110919568 kB
VmSize:	110919568 kB
VmHWM:	90019340 kB
VmRSS:	90019340 kB
utc=2026-09-05T15:13:01Z msolve_pid=8685
VmPeak:	110919568 kB
VmSize:	110919568 kB
VmHWM:	90030448 kB
VmRSS:	90030448 kB
utc=2026-09-05T15:13:21Z msolve_pid=8685
VmPeak:	110919568 kB
VmSize:	110919568 kB
VmHWM:	90039240 kB
VmRSS:	90039240 kB
utc=2026-09-05T15:13:41Z msolve_pid=8685
VmPeak:	110919568 kB
VmSize:	110919568 kB
VmHWM:	90062380 kB
VmRSS:	90062380 kB
utc=2026-09-05T15:14:01Z msolve_pid=8685
VmPeak:	110919568 kB
VmSize:	110919568 kB
VmHWM:	90085004 kB
VmRSS:	90085004 kB
utc=2026-09-05T15:14:21Z msolve_pid=8685
VmPeak:	110919568 kB
VmSize:	110919568 kB
VmHWM:	90105508 kB
VmRSS:	90105508 kB
utc=2026-09-05T15:14:41Z msolve_pid=8685
VmPeak:	110919568 kB
VmSize:	110919568 kB
VmHWM:	90122088 kB
VmRSS:	90122088 kB
utc=2026-09-05T15:15:01Z msolve_pid=8685
VmPeak:	110919568 kB
VmSize:	110919568 kB
VmHWM:	90146388 kB
VmRSS:	90146388 kB
utc=2026-09-05T15:15:21Z msolve_pid=8685
VmPeak:	110919568 kB
VmSize:	110919568 kB
VmHWM:	90166372 kB
VmRSS:	90166372 kB
utc=2026-09-05T15:15:41Z msolve_pid=8685
VmPeak:	110919568 kB
VmSize:	110919568 kB
VmHWM:	90186076 kB
VmRSS:	90186076 kB
utc=2026-09-05T15:16:01Z msolve_pid=8685
VmPeak:	110919568 kB
VmSize:	110919568 kB
VmHWM:	90192488 kB
VmRSS:	90192488 kB
utc=2026-09-05T15:16:21Z msolve_pid=8685
VmPeak:	110919568 kB
VmSize:	110919568 kB
VmHWM:	90202116 kB
VmRSS:	90202116 kB
utc=2026-09-05T15:16:41Z msolve_pid=8685
VmPeak:	110919568 kB
VmSize:	110919568 kB
VmHWM:	90211740 kB
VmRSS:	90211740 kB
utc=2026-09-05T15:17:01Z msolve_pid=8685
VmPeak:	110919568 kB
VmSize:	110919568 kB
VmHWM:	90225212 kB
VmRSS:	90225212 kB
utc=2026-09-05T15:17:21Z msolve_pid=8685
VmPeak:	110919568 kB
VmSize:	110919568 kB
VmHWM:	90238736 kB
VmRSS:	90238736 kB
utc=2026-09-05T15:17:41Z msolve_pid=8685
VmPeak:	110919568 kB
VmSize:	110919568 kB
VmHWM:	90251600 kB
VmRSS:	90251600 kB
utc=2026-09-05T15:18:01Z msolve_pid=8685
VmPeak:	110919568 kB
VmSize:	110919568 kB
VmHWM:	90268224 kB
VmRSS:	90268224 kB
utc=2026-09-05T15:18:21Z msolve_pid=8685
VmPeak:	110919568 kB
VmSize:	110919568 kB
VmHWM:	90274564 kB
VmRSS:	90274564 kB
utc=2026-09-05T15:18:41Z msolve_pid=8685
VmPeak:	110919568 kB
VmSize:	110919568 kB
VmHWM:	90289068 kB
VmRSS:	90289068 kB
utc=2026-09-05T15:19:01Z msolve_pid=8685
VmPeak:	110919568 kB
VmSize:	110919568 kB
VmHWM:	90297216 kB
VmRSS:	90297216 kB
utc=2026-09-05T15:19:21Z msolve_pid=8685
VmPeak:	110919568 kB
VmSize:	110919568 kB
VmHWM:	90310608 kB
VmRSS:	90310608 kB
utc=2026-09-05T15:19:41Z msolve_pid=8685
VmPeak:	110919568 kB
VmSize:	110919568 kB
VmHWM:	90319884 kB
VmRSS:	90319884 kB
utc=2026-09-05T15:20:01Z msolve_pid=8685
VmPeak:	110919568 kB
VmSize:	110919568 kB
VmHWM:	90330196 kB
VmRSS:	90330196 kB
utc=2026-09-05T15:20:22Z msolve_pid=8685
VmPeak:	110919568 kB
VmSize:	110919568 kB
VmHWM:	90347568 kB
VmRSS:	90347568 kB
utc=2026-09-05T15:20:42Z msolve_pid=8685
VmPeak:	110919568 kB
VmSize:	110919568 kB
VmHWM:	90352184 kB
VmRSS:	90352184 kB
utc=2026-09-05T15:21:02Z msolve_pid=8685
VmPeak:	110919568 kB
VmSize:	110919568 kB
VmHWM:	90368824 kB
VmRSS:	90368824 kB
utc=2026-09-05T15:21:22Z msolve_pid=8685
VmPeak:	110919568 kB
VmSize:	110919568 kB
VmHWM:	90385372 kB
VmRSS:	90385372 kB
utc=2026-09-05T15:21:42Z msolve_pid=8685
VmPeak:	110919568 kB
VmSize:	110919568 kB
VmHWM:	90402304 kB
VmRSS:	90402304 kB
utc=2026-09-05T15:22:02Z msolve_pid=8685
VmPeak:	110919568 kB
VmSize:	110919568 kB
VmHWM:	90407780 kB
VmRSS:	90407780 kB
utc=2026-09-05T15:22:22Z msolve_pid=8685
VmPeak:	110919568 kB
VmSize:	110919568 kB
VmHWM:	90430584 kB
VmRSS:	90430584 kB
utc=2026-09-05T15:22:42Z msolve_pid=8685
VmPeak:	110919568 kB
VmSize:	110919568 kB
VmHWM:	90453636 kB
VmRSS:	90453636 kB
utc=2026-09-05T15:23:02Z msolve_pid=8685
VmPeak:	203963232 kB
VmSize:	203963232 kB
VmHWM:	123528652 kB
VmRSS:	123528652 kB
utc=2026-09-05T15:23:22Z msolve_pid=8685
VmPeak:	218238892 kB
VmSize:	218238892 kB
VmHWM:	129037648 kB
VmRSS:	129037648 kB
utc=2026-09-05T15:23:42Z msolve_pid=8685
VmPeak:	218461852 kB
VmSize:	218461852 kB
VmHWM:	129627572 kB
VmRSS:	129627572 kB
utc=2026-09-05T15:24:02Z msolve_pid=8685
VmPeak:	219724700 kB
VmSize:	219659164 kB
VmHWM:	130093992 kB
VmRSS:	130093992 kB
utc=2026-09-05T15:24:22Z msolve_pid=8685
VmPeak:	220121744 kB
VmSize:	220066484 kB
VmHWM:	130507088 kB
VmRSS:	130507088 kB
utc=2026-09-05T15:24:42Z msolve_pid=8685
VmPeak:	220121744 kB
VmSize:	220074304 kB
VmHWM:	130849724 kB
VmRSS:	130849724 kB
utc=2026-09-05T15:25:02Z msolve_pid=8685
VmPeak:	220286812 kB
VmSize:	220286812 kB
VmHWM:	131341224 kB
VmRSS:	131341224 kB
utc=2026-09-05T15:25:22Z msolve_pid=8685
VmPeak:	221555240 kB
VmSize:	221489704 kB
VmHWM:	131933004 kB
VmRSS:	131933004 kB
utc=2026-09-05T15:25:42Z msolve_pid=8685
VmPeak:	221965300 kB
VmSize:	221899764 kB
VmHWM:	132400032 kB
VmRSS:	132400032 kB
utc=2026-09-05T15:26:02Z msolve_pid=8685
VmPeak:	222102536 kB
VmSize:	222040136 kB
VmHWM:	132740740 kB
VmRSS:	132740740 kB
utc=2026-09-05T15:26:22Z msolve_pid=8685
VmPeak:	222112608 kB
VmSize:	222112608 kB
VmHWM:	132987432 kB
VmRSS:	132987432 kB
utc=2026-09-05T15:26:42Z msolve_pid=8685
VmPeak:	222310436 kB
VmSize:	222249340 kB
VmHWM:	133192876 kB
VmRSS:	133192876 kB
utc=2026-09-05T15:27:02Z msolve_pid=8685
VmPeak:	222580936 kB
VmSize:	222516528 kB
VmHWM:	133411544 kB
VmRSS:	133411544 kB
utc=2026-09-05T15:27:22Z msolve_pid=8685
VmPeak:	222780288 kB
VmSize:	222717364 kB
VmHWM:	133616864 kB
VmRSS:	133616864 kB
utc=2026-09-05T15:27:42Z msolve_pid=8685
VmPeak:	223048248 kB
VmSize:	223048248 kB
VmHWM:	133808556 kB
VmRSS:	133808556 kB
utc=2026-09-05T15:28:02Z msolve_pid=8685
VmPeak:	223179320 kB
VmSize:	223179320 kB
VmHWM:	133934032 kB
VmRSS:	133934032 kB
utc=2026-09-05T15:28:22Z msolve_pid=8685
VmPeak:	223849888 kB
VmSize:	223784352 kB
VmHWM:	134285344 kB
VmRSS:	134285344 kB
utc=2026-09-05T15:28:42Z msolve_pid=8685
VmPeak:	224060508 kB
VmSize:	224060508 kB
VmHWM:	134610228 kB
VmRSS:	134610228 kB
utc=2026-09-05T15:29:03Z msolve_pid=8685
VmPeak:	224396904 kB
VmSize:	224335720 kB
VmHWM:	134923100 kB
VmRSS:	134923100 kB
utc=2026-09-05T15:29:23Z msolve_pid=8685
VmPeak:	224538460 kB
VmSize:	224477004 kB
VmHWM:	135203668 kB
VmRSS:	135203668 kB
utc=2026-09-05T15:29:43Z msolve_pid=8685
VmPeak:	224946876 kB
VmSize:	224881340 kB
VmHWM:	135469296 kB
VmRSS:	135469296 kB
utc=2026-09-05T15:30:03Z msolve_pid=8685
VmPeak:	225217000 kB
VmSize:	225153440 kB
VmHWM:	135706692 kB
VmRSS:	135706692 kB
utc=2026-09-05T15:30:23Z msolve_pid=8685
VmPeak:	225423296 kB
VmSize:	225359628 kB
VmHWM:	135934380 kB
VmRSS:	135934380 kB
utc=2026-09-05T15:30:43Z msolve_pid=8685
VmPeak:	225563312 kB
VmSize:	225499512 kB
VmHWM:	136158272 kB
VmRSS:	136158272 kB
utc=2026-09-05T15:31:03Z msolve_pid=8685
VmPeak:	225703044 kB
VmSize:	225703044 kB
VmHWM:	136388300 kB
VmRSS:	136388300 kB
utc=2026-09-05T15:31:23Z msolve_pid=8685
VmPeak:	225837576 kB
VmSize:	225777224 kB
VmHWM:	136609080 kB
VmRSS:	136609080 kB
utc=2026-09-05T15:31:43Z msolve_pid=8685
VmPeak:	226177272 kB
VmSize:	226111736 kB
VmHWM:	136814132 kB
VmRSS:	136814132 kB
utc=2026-09-05T15:32:03Z msolve_pid=8685
VmPeak:	226511672 kB
VmSize:	226447804 kB
VmHWM:	137007492 kB
VmRSS:	137007492 kB
utc=2026-09-05T15:32:23Z msolve_pid=8685
VmPeak:	226649336 kB
VmSize:	226585404 kB
VmHWM:	137197392 kB
VmRSS:	137197392 kB
utc=2026-09-05T15:32:43Z msolve_pid=8685
VmPeak:	226981264 kB
VmSize:	226915728 kB
VmHWM:	137403300 kB
VmRSS:	137403300 kB
