Running as unit: run-rf47fc0bdabfe49f688c322d8daad27bc.scope; invocation ID: db7a9f7c70a8461d880326a62fd1da7c
	Command being timed: "timeout 7200 /home/ubuntu/venvs/td6/bin/python jc2/cases/td6_c1_c2_c3_q2_reverse_denominator_v54d_20260825/replay.py"
	User time (seconds): 2330.83
	System time (seconds): 0.40
	Percent of CPU this job got: 99%
	Elapsed (wall clock) time (h:mm:ss or m:ss): 38:51.32
	Average shared text size (kbytes): 0
	Average unshared data size (kbytes): 0
	Average stack size (kbytes): 0
	Average total size (kbytes): 0
	Maximum resident set size (kbytes): 302368
	Average resident set size (kbytes): 0
	Major (requiring I/O) page faults: 0
	Minor (reclaiming a frame) page faults: 139571
	Voluntary context switches: 3
	Involuntary context switches: 3052
	Swaps: 0
	File system inputs: 0
	File system outputs: 5416
	Socket messages sent: 0
	Socket messages received: 0
	Signals delivered: 0
	Page size (bytes): 4096
	Exit status: 0
