Traceback (most recent call last):
  File "/home/ubuntu/jobs/as_q5_sat_q3_full_kernel_20260825T121434Z/source/cases/as_fonly_d7_q3_two_level_q2_q1_20260825/solve_two_level.py", line 197, in <module>
    c2, m2, design2 = extract_affine(stage2_function, len(k1))
                      ^^^^^^^^^^^^^^^^^^^^^^^^^^^^^^^^^^^^^^^^
  File "/home/ubuntu/jobs/as_q5_sat_q3_full_kernel_20260825T121434Z/source/cases/as_fonly_d7_q3_two_level_q2_q1_20260825/solve_two_level.py", line 121, in extract_affine
    assert function(twice) == [
           ^^^^^^^^^^^^^^^^^^^^
AssertionError
Command exited with non-zero status 1
	Command being timed: "timeout --signal=TERM --kill-after=30s 7200 env JC2_ROOT=/home/ubuntu/jobs/as_q5_sat_q3_full_kernel_20260825T121434Z/source MODEL_OUTPUT=/home/ubuntu/jobs/as_q5_q4_cartier_79base_fanout_20260825T1145Z/base_0000_0000000/solver.stdout PARENT_OUTPUT_JSON=/home/ubuntu/jobs/as_q3_two_level_q2_q1_20260825T122013Z/base_0000_0000000/q3_parent.json OUTPUT_JSON=/home/ubuntu/jobs/as_q3_two_level_q2_q1_20260825T122013Z/base_0000_0000000/two_level.json python3 /home/ubuntu/jobs/as_q5_sat_q3_full_kernel_20260825T121434Z/source/cases/as_fonly_d7_q3_two_level_q2_q1_20260825/solve_two_level.py"
	User time (seconds): 21.35
	System time (seconds): 0.03
	Percent of CPU this job got: 99%
	Elapsed (wall clock) time (h:mm:ss or m:ss): 0:21.39
	Average shared text size (kbytes): 0
	Average unshared data size (kbytes): 0
	Average stack size (kbytes): 0
	Average total size (kbytes): 0
	Maximum resident set size (kbytes): 34172
	Average resident set size (kbytes): 0
	Major (requiring I/O) page faults: 0
	Minor (reclaiming a frame) page faults: 5435
	Voluntary context switches: 3
	Involuntary context switches: 30
	Swaps: 0
	File system inputs: 0
	File system outputs: 48
	Socket messages sent: 0
	Socket messages received: 0
	Signals delivered: 0
	Page size (bytes): 4096
	Exit status: 1
