  n=48 (0s)
  n=49 (0s)
  n=50 (0s)
  n=51 (0s)
  n=52 (0s)
  n=53 (0s)
  n=54 (0s)
  n=55 (0s)
  n=56 (0s)
  n=57 (0s)
  n=58 (0s)
  n=59 (0s)
  n=60 (0s)
  n=61 (0s)
  n=62 (0s)
  n=63 (0s)
  n=64 (0s)
  n=65 (0s)
  n=66 (0s)
  n=67 (0s)
  n=68 (0s)
  n=69 (0s)
  n=70 (0s)
  n=71 (0s)
  n=72 (0s)
  n=73 (0s)
  n=74 (0s)
  n=75 (0s)
  n=76 (0s)
  n=77 (0s)
  n=78 (0s)
  n=79 (0s)
  n=80 (0s)
  n=81 (0s)
  n=82 (0s)
  n=83 (0s)
  n=84 (0s)
  n=85 (1s)
  n=86 (1s)
  n=87 (1s)
  n=88 (1s)
  n=89 (1s)
  n=90 (1s)
  n=91 (1s)
  n=92 (1s)
  n=93 (1s)
  n=94 (1s)
  n=95 (1s)
  n=96 (1s)
  n=97 (3s)
  n=98 (3s)
  n=99 (3s)
  n=100 (3s)
  n=101 (3s)
  n=102 (3s)
  n=103 (3s)
  n=104 (3s)
  n=105 (3s)
  n=106 (3s)
  n=107 (3s)
  n=108 (3s)
  n=109 (4s)
  n=110 (4s)
  n=111 (4s)
  n=112 (4s)
  n=113 (5s)
  n=114 (5s)
  n=115 (5s)
  n=116 (5s)
  n=117 (5s)
  n=118 (5s)
  n=119 (5s)
  n=120 (5s)
  n=121 (8s)
  n=122 (8s)
  n=123 (8s)
  n=124 (8s)
  n=125 (8s)
  n=126 (8s)
  n=127 (8s)
  n=128 (8s)
  n=129 (9s)
  n=130 (9s)
  n=131 (9s)
  n=132 (9s)
  n=133 (9s)
  n=134 (9s)
  n=135 (9s)
  n=136 (9s)
  n=137 (9s)
  n=138 (9s)
  n=139 (9s)
  n=140 (9s)
  n=141 (10s)
  n=142 (10s)
  n=143 (10s)
  n=144 (10s)
  n=145 (28s)
  n=146 (28s)
  n=147 (28s)
  n=148 (28s)
  n=149 (28s)
  n=150 (28s)
  n=151 (31s)
  n=152 (31s)
  n=153 (31s)
  n=154 (31s)
  n=155 (31s)
  n=156 (31s)
  n=157 (31s)
  n=158 (31s)
  n=159 (31s)
  n=160 (31s)
  n=161 (43s)
  n=162 (43s)
  n=163 (45s)
  n=164 (45s)
  n=165 (45s)
  n=166 (45s)
  n=167 (45s)
  n=168 (45s)
  n=169 (53s)
  n=170 (53s)
  n=171 (53s)
  n=172 (53s)
  n=173 (53s)
  n=174 (53s)
  n=175 (53s)
  n=176 (53s)
  n=177 (54s)
  n=178 (54s)
  n=179 (54s)
  n=180 (54s)
  n=181 (83s)
  n=182 (83s)
  n=183 (83s)
  n=184 (83s)
  n=185 (83s)
  n=186 (83s)
  n=187 (83s)
  n=188 (83s)
  n=189 (83s)
  n=190 (84s)
enumeration wall 84.0s
baseline         rows= 13584 groups=  8434 UNI(N>=6)= 5417 newly-empty degrees=0
partition_only   rows=  6628 groups=  3501 UNI(N>=6)= 2086 newly-empty degrees=7
partition_pass   rows=  6204 groups=  3304 UNI(N>=6)= 1953 newly-empty degrees=7
gated            rows=  5573 groups=  2863 UNI(N>=6)= 1847 newly-empty degrees=17
gated_pass       rows=  5227 groups=  2702 UNI(N>=6)= 1727 newly-empty degrees=19
ungated          rows=  1615 groups=   843 UNI(N>=6)=  544 newly-empty degrees=20
ungated_pass     rows=  1309 groups=   686 UNI(N>=6)=  434 newly-empty degrees=22

baseline: empty degrees among baseline-nonempty:
  []

partition_only: empty degrees among baseline-nonempty:
  [48, 54, 63, 88, 102, 110, 130]

partition_pass: empty degrees among baseline-nonempty:
  [48, 54, 63, 88, 102, 110, 130]

gated: empty degrees among baseline-nonempty:
  [48, 54, 63, 88, 102, 104, 110, 114, 117, 130, 152, 153, 154, 170, 182, 186, 190]

gated_pass: empty degrees among baseline-nonempty:
  [48, 54, 63, 88, 102, 104, 110, 114, 117, 130, 152, 153, 154, 170, 174, 182, 184, 186, 190]

ungated: empty degrees among baseline-nonempty:
  [48, 54, 60, 63, 81, 88, 102, 104, 105, 110, 114, 117, 130, 152, 153, 154, 170, 182, 186, 190]

ungated_pass: empty degrees among baseline-nonempty:
  [48, 54, 60, 63, 81, 88, 102, 104, 105, 110, 114, 117, 130, 152, 153, 154, 170, 174, 182, 184, 186, 190]
