{
  "Kmin": 2,
  "V_assignments": 60,
  "cyclic_quotient_passport": false,
  "excess_over_published": 54,
  "groups": 40,
  "passport_local_neq": false,
  "per_degree": {
    "100": [
      3,
      2
    ],
    "64": [
      1,
      1
    ],
    "72": [
      2,
      2
    ],
    "75": [
      2,
      1
    ],
    "80": [
      1,
      1
    ],
    "84": [
      6,
      5
    ],
    "90": [
      9,
      6
    ],
    "96": [
      35,
      21
    ],
    "99": [
      1,
      1
    ]
  },
  "published_kept": 6,
  "published_missing": [],
  "range": [
    4,
    100
  ],
  "removable_prefix": false,
  "survivor_rows": [
    {
      "Ms": [
        52,
        62
      ],
      "V": {
        "2": 3,
        "3": 3
      },
      "m": 48,
      "n": 64,
      "witness": {
        "A": 4,
        "P": 12,
        "Q": 9,
        "b": 0,
        "child": {
          "A1": 4,
          "bottom": true,
          "label": "nonzero"
        },
        "danger": true,
        "delta": "1/4",
        "h": "4/3",
        "j": 2,
        "orbits": [
          3
        ],
        "selected": 3,
        "selected_label": "nonzero"
      }
    },
    {
      "Ms": [
        60,
        68,
        70
      ],
      "V": {
        "2": 11,
        "3": 7,
        "4": 3
      },
      "m": 48,
      "n": 72,
      "witness": {
        "A": 1,
        "P": 9,
        "Q": 3,
        "b": 0,
        "child": {
          "A": 3,
          "P": 14,
          "Q": 7,
          "b": 11,
          "child": {
            "A1": 3,
            "bottom": true,
            "label": "zero"
          },
          "danger": false,
          "delta": "1/3",
          "h": "2",
          "j": 2,
          "orbits": [
            1
          ],
          "selected": 11,
          "selected_label": "zero"
        },
        "danger": true,
        "delta": "0",
        "h": "3",
        "j": 3,
        "orbits": [
          7,
          2
        ],
        "selected": 7,
        "selected_label": "nonzero"
      }
    },
    {
      "Ms": [
        60,
        66,
        70
      ],
      "V": {
        "2": 11,
        "3": 10,
        "4": 5
      },
      "m": 48,
      "n": 72,
      "witness": {
        "A": 1,
        "P": 10,
        "Q": 5,
        "b": 0,
        "child": {
          "A": 9,
          "P": 20,
          "Q": 10,
          "b": 11,
          "child": {
            "A1": 3,
            "bottom": true,
            "label": "zero"
          },
          "danger": false,
          "delta": "1/9",
          "h": "2",
          "j": 2,
          "orbits": [
            1
          ],
          "selected": 11,
          "selected_label": "zero"
        },
        "danger": true,
        "delta": "0",
        "h": "2",
        "j": 3,
        "orbits": [
          10
        ],
        "selected": 10,
        "selected_label": "nonzero"
      }
    },
    {
      "Ms": [
        55,
        73
      ],
      "V": {
        "2": 2,
        "3": 4
      },
      "m": 50,
      "n": 75,
      "witness": {
        "A": 5,
        "P": 20,
        "Q": 16,
        "b": 0,
        "child": {
          "A1": 3,
          "bottom": true,
          "label": "nonzero"
        },
        "danger": true,
        "delta": "1/5",
        "h": "5/4",
        "j": 2,
        "orbits": [
          2,
          2
        ],
        "selected": 2,
        "selected_label": "nonzero"
      }
    },
    {
      "Ms": [
        55,
        73
      ],
      "V": {
        "2": 3,
        "3": 4
      },
      "m": 50,
      "n": 75,
      "witness": {
        "A": 5,
        "P": 20,
        "Q": 16,
        "b": 0,
        "child": {
          "A1": 2,
          "bottom": true,
          "label": "nonzero"
        },
        "danger": true,
        "delta": "1/5",
        "h": "5/4",
        "j": 2,
        "orbits": [
          3,
          1
        ],
        "selected": 3,
        "selected_label": "nonzero"
      }
    },
    {
      "Ms": [
        56,
        76,
        78
      ],
      "V": {
        "2": 8,
        "3": 4,
        "4": 3
      },
      "m": 32,
      "n": 80,
      "witness": {
        "A": 1,
        "P": 6,
        "Q": 3,
        "b": 0,
        "child": {
          "A": 11,
          "P": 8,
          "Q": 12,
          "b": 8,
          "child": {
            "A1": 5,
            "bottom": true,
            "label": "zero"
          },
          "danger": false,
          "delta": "5/11",
          "h": "2/3",
          "j": 2,
          "orbits": [],
          "selected": 8,
          "selected_label": "zero"
        },
        "danger": true,
        "delta": "0",
        "h": "2",
        "j": 3,
        "orbits": [
          4,
          2
        ],
        "selected": 4,
        "selected_label": "nonzero"
      }
    },
    {
      "Ms": [
        64,
        82
      ],
      "V": {
        "2": 2,
        "3": 3
      },
      "m": 56,
      "n": 84,
      "witness": {
        "A": 7,
        "P": 21,
        "Q": 15,
        "b": 0,
        "child": {
          "A1": 3,
          "bottom": true,
          "label": "nonzero"
        },
        "danger": true,
        "delta": "2/7",
        "h": "7/5",
        "j": 2,
        "orbits": [
          2,
          1
        ],
        "selected": 2,
        "selected_label": "nonzero"
      }
    },
    {
      "Ms": [
        72,
        82
      ],
      "V": {
        "2": 5,
        "3": 3
      },
      "m": 56,
      "n": 84,
      "witness": {
        "A": 4,
        "P": 21,
        "Q": 9,
        "b": 1,
        "child": {
          "A1": 3,
          "bottom": true,
          "label": "nonzero"
        },
        "danger": true,
        "delta": "1/4",
        "h": "7/3",
        "j": 2,
        "orbits": [
          5
        ],
        "selected": 5,
        "selected_label": "nonzero"
      }
    },
    {
      "Ms": [
        42,
        77,
        82
      ],
      "V": {
        "2": 1,
        "3": 12,
        "4": 6
      },
      "m": 56,
      "n": 84,
      "witness": {
        "A": 1,
        "P": 12,
        "Q": 6,
        "b": 0,
        "child": {
          "A": 7,
          "P": 24,
          "Q": 36,
          "b": 3,
          "child": {
            "A1": 2,
            "bottom": true,
            "label": "nonzero"
          },
          "danger": false,
          "delta": "1/7",
          "h": "2/3",
          "j": 2,
          "orbits": [
            1,
            1,
            1
          ],
          "selected": 1,
          "selected_label": "nonzero"
        },
        "danger": true,
        "delta": "0",
        "h": "2",
        "j": 3,
        "orbits": [
          12
        ],
        "selected": 12,
        "selected_label": "nonzero"
      }
    },
    {
      "Ms": [
        42,
        77,
        82
      ],
      "V": {
        "2": 3,
        "3": 12,
        "4": 6
      },
      "m": 56,
      "n": 84,
      "witness": {
        "A": 1,
        "P": 12,
        "Q": 6,
        "b": 0,
        "child": {
          "A": 7,
          "P": 24,
          "Q": 36,
          "b": 3,
          "child": {
            "A1": 1,
            "bottom": true,
            "label": "zero"
          },
          "danger": false,
          "delta": "1/7",
          "h": "2/3",
          "j": 2,
          "orbits": [
            3
          ],
          "selected": 3,
          "selected_label": "zero"
        },
        "danger": true,
        "delta": "0",
        "h": "2",
        "j": 3,
        "orbits": [
          12
        ],
        "selected": 12,
        "selected_label": "nonzero"
      }
    },
    {
      "Ms": [
        70,
        77,
        82
      ],
      "V": {
        "2": 5,
        "3": 10,
        "4": 5
      },
      "m": 56,
      "n": 84,
      "witness": {
        "A": 4,
        "P": 10,
        "Q": 5,
        "b": 10,
        "child": {
          "A": 3,
          "P": 20,
          "Q": 10,
          "b": 2,
          "child": {
            "A1": 1,
            "bottom": true,
            "label": "nonzero"
          },
          "danger": true,
          "delta": "1/3",
          "h": "2",
          "j": 2,
          "orbits": [
            5,
            1
          ],
          "selected": 5,
          "selected_label": "nonzero"
        },
        "danger": true,
        "delta": "1/4",
        "h": "2",
        "j": 3,
        "orbits": [],
        "selected": 10,
        "selected_label": "zero"
      }
    },
    {
      "Ms": [
        70,
        77,
        82
      ],
      "V": {
        "2": 11,
        "3": 10,
        "4": 6
      },
      "m": 56,
      "n": 84,
      "witness": {
        "A": 1,
        "P": 12,
        "Q": 6,
        "b": 0,
        "child": {
          "A": 9,
          "P": 20,
          "Q": 10,
          "b": 11,
          "child": {
            "A1": 3,
            "bottom": true,
            "label": "zero"
          },
          "danger": false,
          "delta": "1/9",
          "h": "2",
          "j": 2,
          "orbits": [
            1
          ],
          "selected": 11,
          "selected_label": "zero"
        },
        "danger": true,
        "delta": "0",
        "h": "2",
        "j": 3,
        "orbits": [
          10,
          2
        ],
        "selected": 10,
        "selected_label": "nonzero"
      }
    },
    {
      "Ms": [
        10,
        45,
        88
      ],
      "V": {
        "2": 1,
        "3": 8,
        "4": 4
      },
      "m": 60,
      "n": 90,
      "witness": {
        "A": 35,
        "P": 8,
        "Q": 36,
        "b": 8,
        "child": {
          "A": 3,
          "P": 24,
          "Q": 64,
          "b": 0,
          "child": {
            "A1": 2,
            "bottom": true,
            "label": "nonzero"
          },
          "danger": true,
          "delta": "5/21",
          "h": "3/8",
          "j": 2,
          "orbits": [
            1,
            1,
            3,
            3
          ],
          "selected": 1,
          "selected_label": "nonzero"
        },
        "danger": true,
        "delta": "8/35",
        "h": "2/9",
        "j": 3,
        "orbits": [],
        "selected": 8,
        "selected_label": "zero"
      }
    },
    {
      "Ms": [
        10,
        45,
        88
      ],
      "V": {
        "2": 3,
        "3": 8,
        "4": 4
      },
      "m": 60,
      "n": 90,
      "witness": {
        "A": 35,
        "P": 8,
        "Q": 36,
        "b": 8,
        "child": {
          "A": 3,
          "P": 24,
          "Q": 64,
          "b": 0,
          "child": {
            "A1": 1,
            "bottom": true,
            "label": "nonzero"
          },
          "danger": true,
          "delta": "5/21",
          "h": "3/8",
          "j": 2,
          "orbits": [
            3,
            1,
            1,
            3
          ],
          "selected": 3,
          "selected_label": "nonzero"
        },
        "danger": true,
        "delta": "8/35",
        "h": "2/9",
        "j": 3,
        "orbits": [],
        "selected": 8,
        "selected_label": "zero"
      }
    },
    {
      "Ms": [
        10,
        85,
        88
      ],
      "V": {
        "2": 1,
        "3": 8,
        "4": 4
      },
      "m": 60,
      "n": 90,
      "witness": {
        "A": 1,
        "P": 8,
        "Q": 4,
        "b": 0,
        "child": {
          "A": 21,
          "P": 24,
          "Q": 64,
          "b": 3,
          "child": {
            "A1": 2,
            "bottom": true,
            "label": "nonzero"
          },
          "danger": false,
          "delta": "5/21",
          "h": "3/8",
          "j": 2,
          "orbits": [
            1
          ],
          "selected": 1,
          "selected_label": "nonzero"
        },
        "danger": true,
        "delta": "0",
        "h": "2",
        "j": 3,
        "orbits": [
          8
        ],
        "selected": 8,
        "selected_label": "nonzero"
      }
    },
    {
      "Ms": [
        10,
        85,
        88
      ],
      "V": {
        "2": 3,
        "3": 8,
        "4": 4
      },
      "m": 60,
      "n": 90,
      "witness": {
        "A": 1,
        "P": 8,
        "Q": 4,
        "b": 0,
        "child": {
          "A": 21,
          "P": 24,
          "Q": 64,
          "b": 3,
          "child": {
            "A1": 1,
            "bottom": true,
            "label": "zero"
          },
          "danger": false,
          "delta": "5/21",
          "h": "3/8",
          "j": 2,
          "orbits": [
            1
          ],
          "selected": 3,
          "selected_label": "zero"
        },
        "danger": true,
        "delta": "0",
        "h": "2",
        "j": 3,
        "orbits": [
          8
        ],
        "selected": 8,
        "selected_label": "nonzero"
      }
    },
    {
      "Ms": [
        70,
        85,
        88
      ],
      "V": {
        "2": 8,
        "3": 7,
        "4": 4
      },
      "m": 60,
      "n": 90,
      "witness": {
        "A": 1,
        "P": 8,
        "Q": 4,
        "b": 0,
        "child": {
          "A": 13,
          "P": 21,
          "Q": 14,
          "b": 8,
          "child": {
            "A1": 3,
            "bottom": true,
            "label": "zero"
          },
          "danger": false,
          "delta": "3/13",
          "h": "3/2",
          "j": 2,
          "orbits": [
            1
          ],
          "selected": 8,
          "selected_label": "zero"
        },
        "danger": true,
        "delta": "0",
        "h": "2",
        "j": 3,
        "orbits": [
          7,
          1
        ],
        "selected": 7,
        "selected_label": "nonzero"
      }
    },
    {
      "Ms": [
        80,
        85,
        88
      ],
      "V": {
        "2": 17,
        "3": 8,
        "4": 4
      },
      "m": 60,
      "n": 90,
      "witness": {
        "A": 1,
        "P": 8,
        "Q": 4,
        "b": 0,
        "child": {
          "A": 7,
          "P": 24,
          "Q": 8,
          "b": 17,
          "child": {
            "A1": 1,
            "bottom": true,
            "label": "zero"
          },
          "danger": false,
          "delta": "1/7",
          "h": "3",
          "j": 2,
          "orbits": [
            1
          ],
          "selected": 17,
          "selected_label": "zero"
        },
        "danger": true,
        "delta": "0",
        "h": "2",
        "j": 3,
        "orbits": [
          8
        ],
        "selected": 8,
        "selected_label": "nonzero"
      }
    },
    {
      "Ms": [
        45,
        80,
        88
      ],
      "V": {
        "2": 2,
        "3": 5,
        "4": 4
      },
      "m": 60,
      "n": 90,
      "witness": {
        "A": 7,
        "P": 12,
        "Q": 8,
        "b": 5,
        "child": {
          "A": 2,
          "P": 10,
          "Q": 15,
          "b": 0,
          "child": {
            "A1": 3,
            "bottom": true,
            "label": "nonzero"
          },
          "danger": true,
          "delta": "5/14",
          "h": "2/3",
          "j": 2,
          "orbits": [
            2,
            3
          ],
          "selected": 2,
          "selected_label": "nonzero"
        },
        "danger": true,
        "delta": "1/7",
        "h": "3/2",
        "j": 3,
        "orbits": [
          1
        ],
        "selected": 5,
        "selected_label": "zero"
      }
    },
    {
      "Ms": [
        45,
        80,
        88
      ],
      "V": {
        "2": 3,
        "3": 5,
        "4": 4
      },
      "m": 60,
      "n": 90,
      "witness": {
        "A": 7,
        "P": 12,
        "Q": 8,
        "b": 5,
        "child": {
          "A": 2,
          "P": 10,
          "Q": 15,
          "b": 0,
          "child": {
            "A1": 2,
            "bottom": true,
            "label": "nonzero"
          },
          "danger": true,
          "delta": "5/14",
          "h": "2/3",
          "j": 2,
          "orbits": [
            3,
            2
          ],
          "selected": 3,
          "selected_label": "nonzero"
        },
        "danger": true,
        "delta": "1/7",
        "h": "3/2",
        "j": 3,
        "orbits": [
          1
        ],
        "selected": 5,
        "selected_label": "zero"
      }
    },
    {
      "Ms": [
        75,
        85,
        88
      ],
      "V": {
        "2": 11,
        "3": 7,
        "4": 4
      },
      "m": 60,
      "n": 90,
      "witness": {
        "A": 1,
        "P": 12,
        "Q": 4,
        "b": 0,
        "child": {
          "A": 3,
          "P": 14,
          "Q": 7,
          "b": 11,
          "child": {
            "A1": 3,
            "bottom": true,
            "label": "zero"
          },
          "danger": false,
          "delta": "1/3",
          "h": "2",
          "j": 2,
          "orbits": [
            1
          ],
          "selected": 11,
          "selected_label": "zero"
        },
        "danger": true,
        "delta": "0",
        "h": "3",
        "j": 3,
        "orbits": [
          7,
          2,
          3
        ],
        "selected": 7,
        "selected_label": "nonzero"
      }
    },
    {
      "Ms": [
        24,
        92,
        94
      ],
      "V": {
        "2": 6,
        "3": 3,
        "4": 3
      },
      "m": 80,
      "n": 96,
      "witness": {
        "A": 1,
        "P": 6,
        "Q": 3,
        "b": 0,
        "child": {
          "A": 26,
          "P": 6,
          "Q": 27,
          "b": 6,
          "child": {
            "A1": 5,
            "bottom": true,
            "label": "zero"
          },
          "danger": false,
          "delta": "17/26",
          "h": "2/9",
          "j": 2,
          "orbits": [],
          "selected": 6,
          "selected_label": "zero"
        },
        "danger": true,
        "delta": "0",
        "h": "2",
        "j": 3,
        "orbits": [
          3,
          3
        ],
        "selected": 3,
        "selected_label": "nonzero"
      }
    },
    {
      "Ms": [
        56,
        92,
        94
      ],
      "V": {
        "2": 1,
        "3": 5,
        "4": 3
      },
      "m": 72,
      "n": 96,
      "witness": {
        "A": 1,
        "P": 6,
        "Q": 3,
        "b": 0,
        "child": {
          "A": 8,
          "P": 15,
          "Q": 25,
          "b": 7,
          "child": {
            "A1": 3,
            "bottom": true,
            "label": "nonzero"
          },
          "danger": false,
          "delta": "3/8",
          "h": "3/5",
          "j": 2,
          "orbits": [
            1
          ],
          "selected": 1,
          "selected_label": "nonzero"
        },
        "danger": true,
        "delta": "0",
        "h": "2",
        "j": 3,
        "orbits": [
          5,
          1
        ],
        "selected": 5,
        "selected_label": "nonzero"
      }
    },
    {
      "Ms": [
        56,
        92,
        94
      ],
      "V": {
        "2": 7,
        "3": 5,
        "4": 3
      },
      "m": 72,
      "n": 96,
      "witness": {
        "A": 1,
        "P": 6,
        "Q": 3,
        "b": 0,
        "child": {
          "A": 8,
          "P": 15,
          "Q": 25,
          "b": 7,
          "child": {
            "A1": 3,
            "bottom": true,
            "label": "zero"
          },
          "danger": false,
          "delta": "3/8",
          "h": "3/5",
          "j": 2,
          "orbits": [
            1
          ],
          "selected": 7,
          "selected_label": "zero"
        },
        "danger": true,
        "delta": "0",
        "h": "2",
        "j": 3,
        "orbits": [
          5,
          1
        ],
        "selected": 5,
        "selected_label": "nonzero"
      }
    },
    {
      "Ms": [
        88,
        92,
        94
      ],
      "V": {
        "2": 7,
        "3": 5,
        "4": 3
      },
      "m": 72,
      "n": 96,
      "witness": {
        "A": 1,
        "P": 6,
        "Q": 3,
        "b": 0,
        "child": {
          "A": 4,
          "P": 15,
          "Q": 5,
          "b": 7,
          "child": {
            "A1": 4,
            "bottom": true,
            "label": "zero"
          },
          "danger": false,
          "delta": "1/4",
          "h": "3",
          "j": 2,
          "orbits": [
            2
          ],
          "selected": 7,
          "selected_label": "zero"
        },
        "danger": true,
        "delta": "0",
        "h": "2",
        "j": 3,
        "orbits": [
          5,
          1
        ],
        "selected": 5,
        "selected_label": "nonzero"
      }
    },
    {
      "Ms": [
        -60,
        56,
        94
      ],
      "V": {
        "2": 1,
        "3": 9,
        "4": 3
      },
      "m": 72,
      "n": 96,
      "witness": {
        "A": 29,
        "P": 9,
        "Q": 30,
        "b": 9,
        "child": {
          "A": 2,
          "P": 18,
          "Q": 117,
          "b": 0,
          "child": {
            "A1": 2,
            "bottom": true,
            "label": "nonzero"
          },
          "danger": true,
          "delta": "19/58",
          "h": "2/13",
          "j": 2,
          "orbits": [
            1,
            1,
            1,
            1,
            1,
            1,
            1,
            1,
            1
          ],
          "selected": 1,
          "selected_label": "nonzero"
        },
        "danger": true,
        "delta": "9/29",
        "h": "3/10",
        "j": 3,
        "orbits": [],
        "selected": 9,
        "selected_label": "zero"
      }
    },
    {
      "Ms": [
        36,
        80,
        94
      ],
      "V": {
        "2": 1,
        "3": 9,
        "4": 3
      },
      "m": 72,
      "n": 96,
      "witness": {
        "A": 11,
        "P": 9,
        "Q": 12,
        "b": 9,
        "child": {
          "A": 2,
          "P": 18,
          "Q": 45,
          "b": 0,
          "child": {
            "A1": 2,
            "bottom": true,
            "label": "nonzero"
          },
          "danger": true,
          "delta": "7/22",
          "h": "2/5",
          "j": 2,
          "orbits": [
            1,
            4,
            4
          ],
          "selected": 1,
          "selected_label": "nonzero"
        },
        "danger": true,
        "delta": "3/11",
        "h": "3/4",
        "j": 3,
        "orbits": [],
        "selected": 9,
        "selected_label": "zero"
      }
    },
    {
      "Ms": [
        36,
        80,
        94
      ],
      "V": {
        "2": 4,
        "3": 9,
        "4": 3
      },
      "m": 72,
      "n": 96,
      "witness": {
        "A": 11,
        "P": 9,
        "Q": 12,
        "b": 9,
        "child": {
          "A": 2,
          "P": 18,
          "Q": 45,
          "b": 0,
          "child": {
            "A1": 1,
            "bottom": true,
            "label": "nonzero"
          },
          "danger": true,
          "delta": "7/22",
          "h": "2/5",
          "j": 2,
          "orbits": [
            4,
            1,
            4
          ],
          "selected": 4,
          "selected_label": "nonzero"
        },
        "danger": true,
        "delta": "3/11",
        "h": "3/4",
        "j": 3,
        "orbits": [],
        "selected": 9,
        "selected_label": "zero"
      }
    },
    {
      "Ms": [
        84,
        88,
        94
      ],
      "V": {
        "2": 3,
        "3": 9,
        "4": 3
      },
      "m": 72,
      "n": 96,
      "witness": {
        "A": 5,
        "P": 9,
        "Q": 6,
        "b": 9,
        "child": {
          "A": 4,
          "P": 18,
          "Q": 9,
          "b": 2,
          "child": {
            "A1": 4,
            "bottom": true,
            "label": "nonzero"
          },
          "danger": true,
          "delta": "1/4",
          "h": "2",
          "j": 2,
          "orbits": [
            3,
            1
          ],
          "selected": 3,
          "selected_label": "nonzero"
        },
        "danger": true,
        "delta": "1/5",
        "h": "3/2",
        "j": 3,
        "orbits": [],
        "selected": 9,
        "selected_label": "zero"
      }
    },
    {
      "Ms": [
        36,
        78,
        94
      ],
      "V": {
        "2": 1,
        "3": 1,
        "4": 5
      },
      "m": 72,
      "n": 96,
      "witness": {
        "A": 7,
        "P": 10,
        "Q": 15,
        "b": 3,
        "child": {
          "A": 2,
          "P": 2,
          "Q": 5,
          "b": 0,
          "child": {
            "A1": 2,
            "bottom": true,
            "label": "nonzero"
          },
          "danger": false,
          "delta": "9/14",
          "h": "2/5",
          "j": 2,
          "orbits": [
            1
          ],
          "selected": 1,
          "selected_label": "nonzero"
        },
        "danger": true,
        "delta": "1/7",
        "h": "2/3",
        "j": 3,
        "orbits": [
          1
        ],
        "selected": 1,
        "selected_label": "nonzero"
      }
    },
    {
      "Ms": [
        36,
        78,
        94
      ],
      "V": {
        "2": 1,
        "3": 3,
        "4": 5
      },
      "m": 72,
      "n": 96,
      "witness": {
        "A": 7,
        "P": 10,
        "Q": 15,
        "b": 3,
        "child": {
          "A": 1,
          "P": 6,
          "Q": 15,
          "b": 0,
          "child": {
            "A1": 2,
            "bottom": true,
            "label": "nonzero"
          },
          "danger": true,
          "delta": "2/7",
          "h": "2/5",
          "j": 2,
          "orbits": [
            1,
            1,
            4
          ],
          "selected": 1,
          "selected_label": "nonzero"
        },
        "danger": true,
        "delta": "1/7",
        "h": "2/3",
        "j": 3,
        "orbits": [
          1
        ],
        "selected": 3,
        "selected_label": "zero"
      }
    },
    {
      "Ms": [
        36,
        78,
        94
      ],
      "V": {
        "2": 4,
        "3": 3,
        "4": 5
      },
      "m": 72,
      "n": 96,
      "witness": {
        "A": 7,
        "P": 10,
        "Q": 15,
        "b": 3,
        "child": {
          "A": 1,
          "P": 6,
          "Q": 15,
          "b": 0,
          "child": {
            "A1": 3,
            "bottom": true,
            "label": "nonzero"
          },
          "danger": true,
          "delta": "2/7",
          "h": "2/5",
          "j": 2,
          "orbits": [
            4,
            1,
            1
          ],
          "selected": 4,
          "selected_label": "nonzero"
        },
        "danger": true,
        "delta": "1/7",
        "h": "2/3",
        "j": 3,
        "orbits": [
          1
        ],
        "selected": 3,
        "selected_label": "zero"
      }
    },
    {
      "Ms": [
        24,
        92,
        94
      ],
      "V": {
        "2": 20,
        "3": 5,
        "4": 3
      },
      "m": 64,
      "n": 96,
      "witness": {
        "A": 1,
        "P": 6,
        "Q": 3,
        "b": 0,
        "child": {
          "A": 44,
          "P": 20,
          "Q": 45,
          "b": 20,
          "child": {
            "A1": 3,
            "bottom": true,
            "label": "zero"
          },
          "danger": false,
          "delta": "17/44",
          "h": "4/9",
          "j": 2,
          "orbits": [],
          "selected": 20,
          "selected_label": "zero"
        },
        "danger": true,
        "delta": "0",
        "h": "2",
        "j": 3,
        "orbits": [
          5,
          1
        ],
        "selected": 5,
        "selected_label": "nonzero"
      }
    },
    {
      "Ms": [
        72,
        92,
        94
      ],
      "V": {
        "2": 7,
        "3": 6,
        "4": 3
      },
      "m": 64,
      "n": 96,
      "witness": {
        "A": 1,
        "P": 6,
        "Q": 3,
        "b": 0,
        "child": {
          "A": 17,
          "P": 24,
          "Q": 18,
          "b": 7,
          "child": {
            "A1": 1,
            "bottom": true,
            "label": "zero"
          },
          "danger": false,
          "delta": "5/17",
          "h": "4/3",
          "j": 2,
          "orbits": [
            1
          ],
          "selected": 7,
          "selected_label": "zero"
        },
        "danger": true,
        "delta": "0",
        "h": "2",
        "j": 3,
        "orbits": [
          6
        ],
        "selected": 6,
        "selected_label": "nonzero"
      }
    },
    {
      "Ms": [
        48,
        68,
        94
      ],
      "V": {
        "2": 2,
        "3": 1,
        "4": 3
      },
      "m": 64,
      "n": 96,
      "witness": {
        "A": 10,
        "P": 12,
        "Q": 21,
        "b": 2,
        "child": {
          "A": 2,
          "P": 2,
          "Q": 3,
          "b": 2,
          "child": {
            "A1": 3,
            "bottom": true,
            "label": "zero"
          },
          "danger": false,
          "delta": "11/20",
          "h": "2/3",
          "j": 2,
          "orbits": [],
          "selected": 2,
          "selected_label": "zero"
        },
        "danger": true,
        "delta": "3/10",
        "h": "4/7",
        "j": 3,
        "orbits": [
          1
        ],
        "selected": 1,
        "selected_label": "nonzero"
      }
    },
    {
      "Ms": [
        48,
        68,
        94
      ],
      "V": {
        "2": 1,
        "3": 2,
        "4": 3
      },
      "m": 64,
      "n": 96,
      "witness": {
        "A": 10,
        "P": 12,
        "Q": 21,
        "b": 2,
        "child": {
          "A": 1,
          "P": 4,
          "Q": 6,
          "b": 0,
          "child": {
            "A1": 2,
            "bottom": true,
            "label": "nonzero"
          },
          "danger": true,
          "delta": "2/5",
          "h": "2/3",
          "j": 2,
          "orbits": [
            1,
            3
          ],
          "selected": 1,
          "selected_label": "nonzero"
        },
        "danger": true,
        "delta": "3/10",
        "h": "4/7",
        "j": 3,
        "orbits": [
          1
        ],
        "selected": 2,
        "selected_label": "zero"
      }
    },
    {
      "Ms": [
        48,
        68,
        94
      ],
      "V": {
        "2": 3,
        "3": 2,
        "4": 3
      },
      "m": 64,
      "n": 96,
      "witness": {
        "A": 10,
        "P": 12,
        "Q": 21,
        "b": 2,
        "child": {
          "A": 1,
          "P": 4,
          "Q": 6,
          "b": 0,
          "child": {
            "A1": 1,
            "bottom": true,
            "label": "nonzero"
          },
          "danger": true,
          "delta": "2/5",
          "h": "2/3",
          "j": 2,
          "orbits": [
            3,
            1
          ],
          "selected": 3,
          "selected_label": "nonzero"
        },
        "danger": true,
        "delta": "3/10",
        "h": "4/7",
        "j": 3,
        "orbits": [
          1
        ],
        "selected": 2,
        "selected_label": "zero"
      }
    },
    {
      "Ms": [
        80,
        92,
        94
      ],
      "V": {
        "2": 11,
        "3": 10,
        "4": 3
      },
      "m": 64,
      "n": 96,
      "witness": {
        "A": 1,
        "P": 12,
        "Q": 3,
        "b": 0,
        "child": {
          "A": 3,
          "P": 20,
          "Q": 10,
          "b": 11,
          "child": {
            "A1": 3,
            "bottom": true,
            "label": "zero"
          },
          "danger": false,
          "delta": "1/3",
          "h": "2",
          "j": 2,
          "orbits": [
            1,
            2
          ],
          "selected": 11,
          "selected_label": "zero"
        },
        "danger": true,
        "delta": "0",
        "h": "4",
        "j": 3,
        "orbits": [
          10,
          2
        ],
        "selected": 10,
        "selected_label": "nonzero"
      }
    },
    {
      "Ms": [
        48,
        88,
        94
      ],
      "V": {
        "2": 1,
        "3": 12,
        "4": 7
      },
      "m": 64,
      "n": 96,
      "witness": {
        "A": 1,
        "P": 14,
        "Q": 7,
        "b": 0,
        "child": {
          "A": 7,
          "P": 24,
          "Q": 36,
          "b": 3,
          "child": {
            "A1": 2,
            "bottom": true,
            "label": "nonzero"
          },
          "danger": false,
          "delta": "1/7",
          "h": "2/3",
          "j": 2,
          "orbits": [
            1,
            1,
            1
          ],
          "selected": 1,
          "selected_label": "nonzero"
        },
        "danger": true,
        "delta": "0",
        "h": "2",
        "j": 3,
        "orbits": [
          12,
          2
        ],
        "selected": 12,
        "selected_label": "nonzero"
      }
    },
    {
      "Ms": [
        48,
        88,
        94
      ],
      "V": {
        "2": 3,
        "3": 12,
        "4": 7
      },
      "m": 64,
      "n": 96,
      "witness": {
        "A": 1,
        "P": 14,
        "Q": 7,
        "b": 0,
        "child": {
          "A": 7,
          "P": 24,
          "Q": 36,
          "b": 3,
          "child": {
            "A1": 1,
            "bottom": true,
            "label": "zero"
          },
          "danger": false,
          "delta": "1/7",
          "h": "2/3",
          "j": 2,
          "orbits": [
            3
          ],
          "selected": 3,
          "selected_label": "zero"
        },
        "danger": true,
        "delta": "0",
        "h": "2",
        "j": 3,
        "orbits": [
          12,
          2
        ],
        "selected": 12,
        "selected_label": "nonzero"
      }
    },
    {
      "Ms": [
        80,
        88,
        94
      ],
      "V": {
        "2": 11,
        "3": 10,
        "4": 7
      },
      "m": 64,
      "n": 96,
      "witness": {
        "A": 1,
        "P": 14,
        "Q": 7,
        "b": 0,
        "child": {
          "A": 9,
          "P": 20,
          "Q": 10,
          "b": 11,
          "child": {
            "A1": 3,
            "bottom": true,
            "label": "zero"
          },
          "danger": false,
          "delta": "1/9",
          "h": "2",
          "j": 2,
          "orbits": [
            1
          ],
          "selected": 11,
          "selected_label": "zero"
        },
        "danger": true,
        "delta": "0",
        "h": "2",
        "j": 3,
        "orbits": [
          10,
          2,
          2
        ],
        "selected": 10,
        "selected_label": "nonzero"
      }
    },
    {
      "Ms": [
        -48,
        -8,
        20,
        94
      ],
      "V": {
        "2": 1,
        "3": 1,
        "4": 6,
        "5": 3
      },
      "m": 64,
      "n": 96,
      "witness": {
        "A": 28,
        "P": 6,
        "Q": 57,
        "b": 6,
        "child": {
          "A": 11,
          "P": 12,
          "Q": 78,
          "b": 1,
          "child": {
            "A": 1,
            "P": 2,
            "Q": 9,
            "b": 0,
            "child": {
              "A1": 2,
              "bottom": true,
              "label": "nonzero"
            },
            "danger": true,
            "delta": "5/14",
            "h": "2/9",
            "j": 2,
            "orbits": [
              1,
              1
            ],
            "selected": 1,
            "selected_label": "nonzero"
          },
          "danger": true,
          "delta": "25/77",
          "h": "2/13",
          "j": 3,
          "orbits": [
            1
          ],
          "selected": 1,
          "selected_label": "zero"
        },
        "danger": true,
        "delta": "9/28",
        "h": "2/19",
        "j": 4,
        "orbits": [],
        "selected": 6,
        "selected_label": "zero"
      }
    },
    {
      "Ms": [
        -48,
        24,
        92,
        94
      ],
      "V": {
        "2": 20,
        "3": 10,
        "4": 5,
        "5": 3
      },
      "m": 64,
      "n": 96,
      "witness": {
        "A": 1,
        "P": 6,
        "Q": 3,
        "b": 0,
        "child": {
          "A": 44,
          "P": 10,
          "Q": 45,
          "b": 10,
          "child": {
            "A": 89,
            "P": 20,
            "Q": 90,
            "b": 20,
            "child": {
              "A1": 3,
              "bottom": true,
              "label": "zero"
            },
            "danger": false,
            "delta": "35/89",
            "h": "2/9",
            "j": 2,
            "orbits": [],
            "selected": 20,
            "selected_label": "zero"
          },
          "danger": false,
          "delta": "17/44",
          "h": "2/9",
          "j": 3,
          "orbits": [],
          "selected": 10,
          "selected_label": "zero"
        },
        "danger": true,
        "delta": "0",
        "h": "2",
        "j": 4,
        "orbits": [
          5,
          1
        ],
        "selected": 5,
        "selected_label": "nonzero"
      }
    },
    {
      "Ms": [
        -16,
        24,
        92,
        94
      ],
      "V": {
        "2": 1,
        "3": 8,
        "4": 4,
        "5": 3
      },
      "m": 64,
      "n": 96,
      "witness": {
        "A": 1,
        "P": 6,
        "Q": 3,
        "b": 0,
        "child": {
          "A": 35,
          "P": 8,
          "Q": 36,
          "b": 8,
          "child": {
            "A": 11,
            "P": 16,
            "Q": 56,
            "b": 5,
            "child": {
              "A1": 1,
              "bottom": true,
              "label": "nonzero"
            },
            "danger": false,
            "delta": "27/55",
            "h": "2/7",
            "j": 2,
            "orbits": [
              1
            ],
            "selected": 1,
            "selected_label": "nonzero"
          },
          "danger": false,
          "delta": "17/35",
          "h": "2/9",
          "j": 3,
          "orbits": [],
          "selected": 8,
          "selected_label": "zero"
        },
        "danger": true,
        "delta": "0",
        "h": "2",
        "j": 4,
        "orbits": [
          4,
          2
        ],
        "selected": 4,
        "selected_label": "nonzero"
      }
    },
    {
      "Ms": [
        -16,
        24,
        92,
        94
      ],
      "V": {
        "2": 5,
        "3": 8,
        "4": 4,
        "5": 3
      },
      "m": 64,
      "n": 96,
      "witness": {
        "A": 1,
        "P": 6,
        "Q": 3,
        "b": 0,
        "child": {
          "A": 35,
          "P": 8,
          "Q": 36,
          "b": 8,
          "child": {
            "A": 11,
            "P": 16,
            "Q": 56,
            "b": 5,
            "child": {
              "A1": 2,
              "bottom": true,
              "label": "zero"
            },
            "danger": false,
            "delta": "27/55",
            "h": "2/7",
            "j": 2,
            "orbits": [
              1
            ],
            "selected": 5,
            "selected_label": "zero"
          },
          "danger": false,
          "delta": "17/35",
          "h": "2/9",
          "j": 3,
          "orbits": [],
          "selected": 8,
          "selected_label": "zero"
        },
        "danger": true,
        "delta": "0",
        "h": "2",
        "j": 4,
        "orbits": [
          4,
          2
        ],
        "selected": 4,
        "selected_label": "nonzero"
      }
    },
    {
      "Ms": [
        -16,
        24,
        92,
        94
      ],
      "V": {
        "2": 20,
        "3": 10,
        "4": 5,
        "5": 3
      },
      "m": 64,
      "n": 96,
      "witness": {
        "A": 1,
        "P": 6,
        "Q": 3,
        "b": 0,
        "child": {
          "A": 44,
          "P": 10,
          "Q": 45,
          "b": 10,
          "child": {
            "A": 23,
            "P": 20,
            "Q": 70,
            "b": 20,
            "child": {
              "A1": 3,
              "bottom": true,
              "label": "zero"
            },
            "danger": false,
            "delta": "9/23",
            "h": "2/7",
            "j": 2,
            "orbits": [],
            "selected": 20,
            "selected_label": "zero"
          },
          "danger": false,
          "delta": "17/44",
          "h": "2/9",
          "j": 3,
          "orbits": [],
          "selected": 10,
          "selected_label": "zero"
        },
        "danger": true,
        "delta": "0",
        "h": "2",
        "j": 4,
        "orbits": [
          5,
          1
        ],
        "selected": 5,
        "selected_label": "nonzero"
      }
    },
    {
      "Ms": [
        -16,
        72,
        92,
        94
      ],
      "V": {
        "2": 1,
        "3": 8,
        "4": 4,
        "5": 3
      },
      "m": 64,
      "n": 96,
      "witness": {
        "A": 1,
        "P": 6,
        "Q": 3,
        "b": 0,
        "child": {
          "A": 11,
          "P": 8,
          "Q": 12,
          "b": 8,
          "child": {
            "A": 5,
            "P": 16,
            "Q": 56,
            "b": 1,
            "child": {
              "A1": 1,
              "bottom": true,
              "label": "zero"
            },
            "danger": false,
            "delta": "27/55",
            "h": "2/7",
            "j": 2,
            "orbits": [
              1,
              2
            ],
            "selected": 1,
            "selected_label": "zero"
          },
          "danger": false,
          "delta": "5/11",
          "h": "2/3",
          "j": 3,
          "orbits": [],
          "selected": 8,
          "selected_label": "zero"
        },
        "danger": true,
        "delta": "0",
        "h": "2",
        "j": 4,
        "orbits": [
          4,
          2
        ],
        "selected": 4,
        "selected_label": "nonzero"
      }
    },
    {
      "Ms": [
        -16,
        72,
        92,
        94
      ],
      "V": {
        "2": 2,
        "3": 8,
        "4": 4,
        "5": 3
      },
      "m": 64,
      "n": 96,
      "witness": {
        "A": 1,
        "P": 6,
        "Q": 3,
        "b": 0,
        "child": {
          "A": 11,
          "P": 8,
          "Q": 12,
          "b": 8,
          "child": {
            "A": 5,
            "P": 16,
            "Q": 56,
            "b": 1,
            "child": {
              "A1": 3,
              "bottom": true,
              "label": "nonzero"
            },
            "danger": false,
            "delta": "27/55",
            "h": "2/7",
            "j": 2,
            "orbits": [
              2,
              1
            ],
            "selected": 2,
            "selected_label": "nonzero"
          },
          "danger": false,
          "delta": "5/11",
          "h": "2/3",
          "j": 3,
          "orbits": [],
          "selected": 8,
          "selected_label": "zero"
        },
        "danger": true,
        "delta": "0",
        "h": "2",
        "j": 4,
        "orbits": [
          4,
          2
        ],
        "selected": 4,
        "selected_label": "nonzero"
      }
    },
    {
      "Ms": [
        16,
        24,
        92,
        94
      ],
      "V": {
        "2": 20,
        "3": 10,
        "4": 5,
        "5": 3
      },
      "m": 64,
      "n": 96,
      "witness": {
        "A": 1,
        "P": 6,
        "Q": 3,
        "b": 0,
        "child": {
          "A": 44,
          "P": 10,
          "Q": 45,
          "b": 10,
          "child": {
            "A": 49,
            "P": 20,
            "Q": 50,
            "b": 20,
            "child": {
              "A1": 3,
              "bottom": true,
              "label": "zero"
            },
            "danger": false,
            "delta": "19/49",
            "h": "2/5",
            "j": 2,
            "orbits": [],
            "selected": 20,
            "selected_label": "zero"
          },
          "danger": false,
          "delta": "17/44",
          "h": "2/9",
          "j": 3,
          "orbits": [],
          "selected": 10,
          "selected_label": "zero"
        },
        "danger": true,
        "delta": "0",
        "h": "2",
        "j": 4,
        "orbits": [
          5,
          1
        ],
        "selected": 5,
        "selected_label": "nonzero"
      }
    },
    {
      "Ms": [
        48,
        72,
        92,
        94
      ],
      "V": {
        "2": 24,
        "3": 12,
        "4": 6,
        "5": 3
      },
      "m": 64,
      "n": 96,
      "witness": {
        "A": 1,
        "P": 6,
        "Q": 3,
        "b": 0,
        "child": {
          "A": 17,
          "P": 12,
          "Q": 18,
          "b": 12,
          "child": {
            "A": 35,
            "P": 24,
            "Q": 36,
            "b": 24,
            "child": {
              "A1": 1,
              "bottom": true,
              "label": "zero"
            },
            "danger": false,
            "delta": "11/35",
            "h": "2/3",
            "j": 2,
            "orbits": [],
            "selected": 24,
            "selected_label": "zero"
          },
          "danger": false,
          "delta": "5/17",
          "h": "2/3",
          "j": 3,
          "orbits": [],
          "selected": 12,
          "selected_label": "zero"
        },
        "danger": true,
        "delta": "0",
        "h": "2",
        "j": 4,
        "orbits": [
          6
        ],
        "selected": 6,
        "selected_label": "nonzero"
      }
    },
    {
      "Ms": [
        48,
        88,
        92,
        94
      ],
      "V": {
        "2": 1,
        "3": 12,
        "4": 6,
        "5": 3
      },
      "m": 64,
      "n": 96,
      "witness": {
        "A": 1,
        "P": 6,
        "Q": 3,
        "b": 0,
        "child": {
          "A": 5,
          "P": 12,
          "Q": 6,
          "b": 12,
          "child": {
            "A": 7,
            "P": 24,
            "Q": 36,
            "b": 3,
            "child": {
              "A1": 1,
              "bottom": true,
              "label": "nonzero"
            },
            "danger": false,
            "delta": "11/35",
            "h": "2/3",
            "j": 2,
            "orbits": [
              1,
              1,
              1
            ],
            "selected": 1,
            "selected_label": "nonzero"
          },
          "danger": false,
          "delta": "1/5",
          "h": "2",
          "j": 3,
          "orbits": [],
          "selected": 12,
          "selected_label": "zero"
        },
        "danger": true,
        "delta": "0",
        "h": "2",
        "j": 4,
        "orbits": [
          6
        ],
        "selected": 6,
        "selected_label": "nonzero"
      }
    },
    {
      "Ms": [
        48,
        88,
        92,
        94
      ],
      "V": {
        "2": 3,
        "3": 12,
        "4": 6,
        "5": 3
      },
      "m": 64,
      "n": 96,
      "witness": {
        "A": 1,
        "P": 6,
        "Q": 3,
        "b": 0,
        "child": {
          "A": 5,
          "P": 12,
          "Q": 6,
          "b": 12,
          "child": {
            "A": 7,
            "P": 24,
            "Q": 36,
            "b": 3,
            "child": {
              "A1": 1,
              "bottom": true,
              "label": "zero"
            },
            "danger": false,
            "delta": "11/35",
            "h": "2/3",
            "j": 2,
            "orbits": [
              3
            ],
            "selected": 3,
            "selected_label": "zero"
          },
          "danger": false,
          "delta": "1/5",
          "h": "2",
          "j": 3,
          "orbits": [],
          "selected": 12,
          "selected_label": "zero"
        },
        "danger": true,
        "delta": "0",
        "h": "2",
        "j": 4,
        "orbits": [
          6
        ],
        "selected": 6,
        "selected_label": "nonzero"
      }
    },
    {
      "Ms": [
        48,
        88,
        92,
        94
      ],
      "V": {
        "2": 17,
        "3": 12,
        "4": 6,
        "5": 3
      },
      "m": 64,
      "n": 96,
      "witness": {
        "A": 1,
        "P": 6,
        "Q": 3,
        "b": 0,
        "child": {
          "A": 5,
          "P": 12,
          "Q": 6,
          "b": 12,
          "child": {
            "A": 7,
            "P": 24,
            "Q": 36,
            "b": 17,
            "child": {
              "A1": 3,
              "bottom": true,
              "label": "zero"
            },
            "danger": false,
            "delta": "11/35",
            "h": "2/3",
            "j": 2,
            "orbits": [
              1
            ],
            "selected": 17,
            "selected_label": "zero"
          },
          "danger": false,
          "delta": "1/5",
          "h": "2",
          "j": 3,
          "orbits": [],
          "selected": 12,
          "selected_label": "zero"
        },
        "danger": true,
        "delta": "0",
        "h": "2",
        "j": 4,
        "orbits": [
          6
        ],
        "selected": 6,
        "selected_label": "nonzero"
      }
    },
    {
      "Ms": [
        80,
        88,
        92,
        94
      ],
      "V": {
        "2": 5,
        "3": 10,
        "4": 5,
        "5": 3
      },
      "m": 64,
      "n": 96,
      "witness": {
        "A": 1,
        "P": 6,
        "Q": 3,
        "b": 5,
        "child": {
          "A": 4,
          "P": 10,
          "Q": 5,
          "b": 10,
          "child": {
            "A": 3,
            "P": 20,
            "Q": 10,
            "b": 2,
            "child": {
              "A1": 1,
              "bottom": true,
              "label": "nonzero"
            },
            "danger": true,
            "delta": "1/3",
            "h": "2",
            "j": 2,
            "orbits": [
              5,
              1
            ],
            "selected": 5,
            "selected_label": "nonzero"
          },
          "danger": true,
          "delta": "1/4",
          "h": "2",
          "j": 3,
          "orbits": [],
          "selected": 10,
          "selected_label": "zero"
        },
        "danger": true,
        "delta": "0",
        "h": "2",
        "j": 4,
        "orbits": [
          1
        ],
        "selected": 5,
        "selected_label": "zero"
      }
    },
    {
      "Ms": [
        80,
        88,
        92,
        94
      ],
      "V": {
        "2": 11,
        "3": 10,
        "4": 5,
        "5": 3
      },
      "m": 64,
      "n": 96,
      "witness": {
        "A": 1,
        "P": 6,
        "Q": 3,
        "b": 0,
        "child": {
          "A": 4,
          "P": 10,
          "Q": 5,
          "b": 10,
          "child": {
            "A": 3,
            "P": 20,
            "Q": 10,
            "b": 11,
            "child": {
              "A1": 3,
              "bottom": true,
              "label": "zero"
            },
            "danger": false,
            "delta": "1/3",
            "h": "2",
            "j": 2,
            "orbits": [
              1,
              2
            ],
            "selected": 11,
            "selected_label": "zero"
          },
          "danger": false,
          "delta": "1/4",
          "h": "2",
          "j": 3,
          "orbits": [],
          "selected": 10,
          "selected_label": "zero"
        },
        "danger": true,
        "delta": "0",
        "h": "2",
        "j": 4,
        "orbits": [
          5,
          1
        ],
        "selected": 5,
        "selected_label": "nonzero"
      }
    },
    {
      "Ms": [
        80,
        88,
        92,
        94
      ],
      "V": {
        "2": 11,
        "3": 7,
        "4": 6,
        "5": 3
      },
      "m": 64,
      "n": 96,
      "witness": {
        "A": 1,
        "P": 6,
        "Q": 3,
        "b": 0,
        "child": {
          "A": 5,
          "P": 12,
          "Q": 6,
          "b": 7,
          "child": {
            "A": 3,
            "P": 14,
            "Q": 7,
            "b": 11,
            "child": {
              "A1": 3,
              "bottom": true,
              "label": "zero"
            },
            "danger": false,
            "delta": "1/3",
            "h": "2",
            "j": 2,
            "orbits": [
              1
            ],
            "selected": 11,
            "selected_label": "zero"
          },
          "danger": false,
          "delta": "1/5",
          "h": "2",
          "j": 3,
          "orbits": [
            1
          ],
          "selected": 7,
          "selected_label": "zero"
        },
        "danger": true,
        "delta": "0",
        "h": "2",
        "j": 4,
        "orbits": [
          6
        ],
        "selected": 6,
        "selected_label": "nonzero"
      }
    },
    {
      "Ms": [
        77,
        97
      ],
      "V": {
        "2": 8,
        "3": 8
      },
      "m": 66,
      "n": 99,
      "witness": {
        "A": 3,
        "P": 24,
        "Q": 16,
        "b": 0,
        "child": {
          "A1": 3,
          "bottom": true,
          "label": "nonzero"
        },
        "danger": true,
        "delta": "1/3",
        "h": "3/2",
        "j": 2,
        "orbits": [
          8
        ],
        "selected": 8,
        "selected_label": "nonzero"
      }
    },
    {
      "Ms": [
        70,
        95,
        98
      ],
      "V": {
        "2": 8,
        "3": 4,
        "4": 4
      },
      "m": 40,
      "n": 100,
      "witness": {
        "A": 1,
        "P": 8,
        "Q": 4,
        "b": 0,
        "child": {
          "A": 11,
          "P": 8,
          "Q": 12,
          "b": 8,
          "child": {
            "A1": 5,
            "bottom": true,
            "label": "zero"
          },
          "danger": false,
          "delta": "5/11",
          "h": "2/3",
          "j": 2,
          "orbits": [],
          "selected": 8,
          "selected_label": "zero"
        },
        "danger": true,
        "delta": "0",
        "h": "2",
        "j": 3,
        "orbits": [
          4,
          4
        ],
        "selected": 4,
        "selected_label": "nonzero"
      }
    },
    {
      "Ms": [
        50,
        95,
        98
      ],
      "V": {
        "2": 1,
        "3": 8,
        "4": 4
      },
      "m": 80,
      "n": 100,
      "witness": {
        "A": 1,
        "P": 8,
        "Q": 4,
        "b": 0,
        "child": {
          "A": 13,
          "P": 16,
          "Q": 40,
          "b": 3,
          "child": {
            "A1": 4,
            "bottom": true,
            "label": "nonzero"
          },
          "danger": false,
          "delta": "3/13",
          "h": "2/5",
          "j": 2,
          "orbits": [
            1
          ],
          "selected": 1,
          "selected_label": "nonzero"
        },
        "danger": true,
        "delta": "0",
        "h": "2",
        "j": 3,
        "orbits": [
          8
        ],
        "selected": 8,
        "selected_label": "nonzero"
      }
    },
    {
      "Ms": [
        50,
        95,
        98
      ],
      "V": {
        "2": 3,
        "3": 8,
        "4": 4
      },
      "m": 80,
      "n": 100,
      "witness": {
        "A": 1,
        "P": 8,
        "Q": 4,
        "b": 0,
        "child": {
          "A": 13,
          "P": 16,
          "Q": 40,
          "b": 3,
          "child": {
            "A1": 1,
            "bottom": true,
            "label": "zero"
          },
          "danger": false,
          "delta": "3/13",
          "h": "2/5",
          "j": 2,
          "orbits": [
            1
          ],
          "selected": 3,
          "selected_label": "zero"
        },
        "danger": true,
        "delta": "0",
        "h": "2",
        "j": 3,
        "orbits": [
          8
        ],
        "selected": 8,
        "selected_label": "nonzero"
      }
    }
  ],
  "wall_seconds": 0.7800436019897461
}
0.83 s 15044 KB
