/opt/jc2-r3-source-20260911a/science/authority.py: OK
/opt/jc2-r3-source-20260911a/science/arithmetic.py: OK
/opt/jc2-r3-source-20260911a/science/produce.py: OK
/opt/jc2-r3-source-20260911a/science/check_arithmetic.py: OK
/opt/jc2-r3-source-20260911a/science/check.py: OK
/opt/jc2-r3-source-20260911a/wrapper/dispatch.py: OK
/opt/jc2-r3-source-20260911a/wrapper/probe.py: OK
/opt/jc2-r3-source-20260911a/wrapper/mutate.py: OK
/opt/jc2-r3-source-20260911a/runtime/run_capped.py: OK
/opt/jc2-r3-source-20260911a/metadata/native-manifest.json: OK
/opt/jc2-r3-source-20260911a/metadata/source-native-manifest.json: OK
/opt/jc2-r3-source-20260911a/metadata/native.stdout: OK
/opt/jc2-r3-source-20260911a/metadata/native.sha256: OK
/opt/jc2-r3-source-20260911a/metadata/ROOT-REGISTRATION.json: OK
/opt/jc2-r3-source-20260911a/metadata/ROOT-EXECUTION-CARD.md: OK
/run/jc2-r3-source-20260911a/dummy.post.json: OK
/var/lib/jc2-r3-source-20260911a/custody/dummy.post.json: OK
/run/jc2-r3-source-20260911a/dummy.pre.json: OK
/var/lib/jc2-r3-source-20260911a/custody/dummy.pre.json: OK
/run/jc2-r3-source-20260911a/dummy.python-live.json: OK
/var/lib/jc2-r3-source-20260911a/custody/dummy.python-live.json: OK
/run/jc2-r3-source-20260911a/dummy.runner-live.json: OK
/var/lib/jc2-r3-source-20260911a/custody/dummy.runner-live.json: OK
/run/jc2-r3-source-20260911a/dummy.runner.stderr: OK
/var/lib/jc2-r3-source-20260911a/custody/dummy.runner.stderr: OK
/run/jc2-r3-source-20260911a/dummy.runner.stdout: OK
/var/lib/jc2-r3-source-20260911a/custody/dummy.runner.stdout: OK
/run/jc2-r3-source-20260911a/dummy.stderr: OK
/var/lib/jc2-r3-source-20260911a/custody/dummy.stderr: OK
/run/jc2-r3-source-20260911a/dummy.stdout: OK
/var/lib/jc2-r3-source-20260911a/custody/dummy.stdout: OK
/run/jc2-r3-source-20260911a/dummy.telemetry.json: OK
/var/lib/jc2-r3-source-20260911a/custody/dummy.telemetry.json: OK
/run/jc2-r3-source-20260911a/outer.stderr: OK
/var/lib/jc2-r3-source-20260911a/custody/outer.stderr: OK
/run/jc2-r3-source-20260911a/outer.stdout: OK
/var/lib/jc2-r3-source-20260911a/custody/outer.stdout: OK
/run/jc2-r3-source-20260911a/produce.post.json: OK
/var/lib/jc2-r3-source-20260911a/custody/produce.post.json: OK
/run/jc2-r3-source-20260911a/produce.pre.json: OK
/var/lib/jc2-r3-source-20260911a/custody/produce.pre.json: OK
/run/jc2-r3-source-20260911a/produce.python-live.json: OK
/var/lib/jc2-r3-source-20260911a/custody/produce.python-live.json: OK
/run/jc2-r3-source-20260911a/produce.runner-live.json: OK
/var/lib/jc2-r3-source-20260911a/custody/produce.runner-live.json: OK
/run/jc2-r3-source-20260911a/produce.runner.stderr: OK
/var/lib/jc2-r3-source-20260911a/custody/produce.runner.stderr: OK
/run/jc2-r3-source-20260911a/produce.runner.stdout: OK
/var/lib/jc2-r3-source-20260911a/custody/produce.runner.stdout: OK
/run/jc2-r3-source-20260911a/produce.stderr: OK
/var/lib/jc2-r3-source-20260911a/custody/produce.stderr: OK
/run/jc2-r3-source-20260911a/produce.stdout: OK
/var/lib/jc2-r3-source-20260911a/custody/produce.stdout: OK
/run/jc2-r3-source-20260911a/produce.telemetry.json: OK
/var/lib/jc2-r3-source-20260911a/custody/produce.telemetry.json: OK
/run/jc2-r3-source-20260911a/refuse-caps.post.json: OK
/var/lib/jc2-r3-source-20260911a/custody/refuse-caps.post.json: OK
/run/jc2-r3-source-20260911a/refuse-caps.pre.json: OK
/var/lib/jc2-r3-source-20260911a/custody/refuse-caps.pre.json: OK
/run/jc2-r3-source-20260911a/refuse-caps.python-live.json: OK
/var/lib/jc2-r3-source-20260911a/custody/refuse-caps.python-live.json: OK
/run/jc2-r3-source-20260911a/refuse-caps.runner-live.json: OK
/var/lib/jc2-r3-source-20260911a/custody/refuse-caps.runner-live.json: OK
/run/jc2-r3-source-20260911a/refuse-caps.runner.stderr: OK
/var/lib/jc2-r3-source-20260911a/custody/refuse-caps.runner.stderr: OK
/run/jc2-r3-source-20260911a/refuse-caps.runner.stdout: OK
/var/lib/jc2-r3-source-20260911a/custody/refuse-caps.runner.stdout: OK
/run/jc2-r3-source-20260911a/refuse-caps.stderr: OK
/var/lib/jc2-r3-source-20260911a/custody/refuse-caps.stderr: OK
/run/jc2-r3-source-20260911a/refuse-caps.stdout: OK
/var/lib/jc2-r3-source-20260911a/custody/refuse-caps.stdout: OK
/run/jc2-r3-source-20260911a/refuse-caps.telemetry.json: OK
/var/lib/jc2-r3-source-20260911a/custody/refuse-caps.telemetry.json: OK
/run/jc2-r3-source-20260911a/refuse-hash.post.json: OK
/var/lib/jc2-r3-source-20260911a/custody/refuse-hash.post.json: OK
/run/jc2-r3-source-20260911a/refuse-hash.pre.json: OK
/var/lib/jc2-r3-source-20260911a/custody/refuse-hash.pre.json: OK
/run/jc2-r3-source-20260911a/refuse-hash.runner-live.json: OK
/var/lib/jc2-r3-source-20260911a/custody/refuse-hash.runner-live.json: OK
/run/jc2-r3-source-20260911a/refuse-hash.runner.stderr: OK
/var/lib/jc2-r3-source-20260911a/custody/refuse-hash.runner.stderr: OK
/run/jc2-r3-source-20260911a/refuse-hash.runner.stdout: OK
/var/lib/jc2-r3-source-20260911a/custody/refuse-hash.runner.stdout: OK
/run/jc2-r3-source-20260911a/refuse-hash.stderr: OK
/var/lib/jc2-r3-source-20260911a/custody/refuse-hash.stderr: OK
/run/jc2-r3-source-20260911a/refuse-hash.stdout: OK
/var/lib/jc2-r3-source-20260911a/custody/refuse-hash.stdout: OK
/run/jc2-r3-source-20260911a/refuse-hash.telemetry.json: OK
/var/lib/jc2-r3-source-20260911a/custody/refuse-hash.telemetry.json: OK
/run/jc2-r3-source-20260911a/refuse-inventory.post.json: OK
/var/lib/jc2-r3-source-20260911a/custody/refuse-inventory.post.json: OK
/run/jc2-r3-source-20260911a/refuse-inventory.pre.json: OK
/var/lib/jc2-r3-source-20260911a/custody/refuse-inventory.pre.json: OK
/run/jc2-r3-source-20260911a/refuse-inventory.python-live.json: OK
/var/lib/jc2-r3-source-20260911a/custody/refuse-inventory.python-live.json: OK
/run/jc2-r3-source-20260911a/refuse-inventory.runner-live.json: OK
/var/lib/jc2-r3-source-20260911a/custody/refuse-inventory.runner-live.json: OK
/run/jc2-r3-source-20260911a/refuse-inventory.runner.stderr: OK
/var/lib/jc2-r3-source-20260911a/custody/refuse-inventory.runner.stderr: OK
/run/jc2-r3-source-20260911a/refuse-inventory.runner.stdout: OK
/var/lib/jc2-r3-source-20260911a/custody/refuse-inventory.runner.stdout: OK
/run/jc2-r3-source-20260911a/refuse-inventory.stderr: OK
/var/lib/jc2-r3-source-20260911a/custody/refuse-inventory.stderr: OK
/run/jc2-r3-source-20260911a/refuse-inventory.stdout: OK
/var/lib/jc2-r3-source-20260911a/custody/refuse-inventory.stdout: OK
/run/jc2-r3-source-20260911a/refuse-inventory.telemetry.json: OK
/var/lib/jc2-r3-source-20260911a/custody/refuse-inventory.telemetry.json: OK
/run/jc2-r3-source-20260911a/refuse-source.post.json: OK
/var/lib/jc2-r3-source-20260911a/custody/refuse-source.post.json: OK
/run/jc2-r3-source-20260911a/refuse-source.pre.json: OK
/var/lib/jc2-r3-source-20260911a/custody/refuse-source.pre.json: OK
/run/jc2-r3-source-20260911a/refuse-source.runner-live.json: OK
/var/lib/jc2-r3-source-20260911a/custody/refuse-source.runner-live.json: OK
/run/jc2-r3-source-20260911a/refuse-source.runner.stderr: OK
/var/lib/jc2-r3-source-20260911a/custody/refuse-source.runner.stderr: OK
/run/jc2-r3-source-20260911a/refuse-source.runner.stdout: OK
/var/lib/jc2-r3-source-20260911a/custody/refuse-source.runner.stdout: OK
/run/jc2-r3-source-20260911a/refuse-source.stderr: OK
/var/lib/jc2-r3-source-20260911a/custody/refuse-source.stderr: OK
/run/jc2-r3-source-20260911a/refuse-source.stdout: OK
/var/lib/jc2-r3-source-20260911a/custody/refuse-source.stdout: OK
/run/jc2-r3-source-20260911a/refuse-source.telemetry.json: OK
/var/lib/jc2-r3-source-20260911a/custody/refuse-source.telemetry.json: OK
/run/jc2-r3-source-20260911a/refuse-status.post.json: OK
/var/lib/jc2-r3-source-20260911a/custody/refuse-status.post.json: OK
/run/jc2-r3-source-20260911a/refuse-status.pre.json: OK
/var/lib/jc2-r3-source-20260911a/custody/refuse-status.pre.json: OK
/run/jc2-r3-source-20260911a/refuse-status.python-live.json: OK
/var/lib/jc2-r3-source-20260911a/custody/refuse-status.python-live.json: OK
/run/jc2-r3-source-20260911a/refuse-status.runner-live.json: OK
/var/lib/jc2-r3-source-20260911a/custody/refuse-status.runner-live.json: OK
/run/jc2-r3-source-20260911a/refuse-status.runner.stderr: OK
/var/lib/jc2-r3-source-20260911a/custody/refuse-status.runner.stderr: OK
/run/jc2-r3-source-20260911a/refuse-status.runner.stdout: OK
/var/lib/jc2-r3-source-20260911a/custody/refuse-status.runner.stdout: OK
/run/jc2-r3-source-20260911a/refuse-status.stderr: OK
/var/lib/jc2-r3-source-20260911a/custody/refuse-status.stderr: OK
/run/jc2-r3-source-20260911a/refuse-status.stdout: OK
/var/lib/jc2-r3-source-20260911a/custody/refuse-status.stdout: OK
/run/jc2-r3-source-20260911a/refuse-status.telemetry.json: OK
/var/lib/jc2-r3-source-20260911a/custody/refuse-status.telemetry.json: OK
/run/jc2-r3-source-20260911a/startup-check.post.json: OK
/var/lib/jc2-r3-source-20260911a/custody/startup-check.post.json: OK
/run/jc2-r3-source-20260911a/startup-check.pre.json: OK
/var/lib/jc2-r3-source-20260911a/custody/startup-check.pre.json: OK
/run/jc2-r3-source-20260911a/startup-check.python-live.json: OK
/var/lib/jc2-r3-source-20260911a/custody/startup-check.python-live.json: OK
/run/jc2-r3-source-20260911a/startup-check.runner-live.json: OK
/var/lib/jc2-r3-source-20260911a/custody/startup-check.runner-live.json: OK
/run/jc2-r3-source-20260911a/startup-check.runner.stderr: OK
/var/lib/jc2-r3-source-20260911a/custody/startup-check.runner.stderr: OK
/run/jc2-r3-source-20260911a/startup-check.runner.stdout: OK
/var/lib/jc2-r3-source-20260911a/custody/startup-check.runner.stdout: OK
/run/jc2-r3-source-20260911a/startup-check.stderr: OK
/var/lib/jc2-r3-source-20260911a/custody/startup-check.stderr: OK
/run/jc2-r3-source-20260911a/startup-check.stdout: OK
/var/lib/jc2-r3-source-20260911a/custody/startup-check.stdout: OK
/run/jc2-r3-source-20260911a/startup-check.telemetry.json: OK
/var/lib/jc2-r3-source-20260911a/custody/startup-check.telemetry.json: OK
/run/jc2-r3-source-20260911a/startup-produce.post.json: OK
/var/lib/jc2-r3-source-20260911a/custody/startup-produce.post.json: OK
/run/jc2-r3-source-20260911a/startup-produce.pre.json: OK
/var/lib/jc2-r3-source-20260911a/custody/startup-produce.pre.json: OK
/run/jc2-r3-source-20260911a/startup-produce.runner-live.json: OK
/var/lib/jc2-r3-source-20260911a/custody/startup-produce.runner-live.json: OK
/run/jc2-r3-source-20260911a/startup-produce.runner.stderr: OK
/var/lib/jc2-r3-source-20260911a/custody/startup-produce.runner.stderr: OK
/run/jc2-r3-source-20260911a/startup-produce.runner.stdout: OK
/var/lib/jc2-r3-source-20260911a/custody/startup-produce.runner.stdout: OK
/run/jc2-r3-source-20260911a/startup-produce.stderr: OK
/var/lib/jc2-r3-source-20260911a/custody/startup-produce.stderr: OK
/run/jc2-r3-source-20260911a/startup-produce.stdout: OK
/var/lib/jc2-r3-source-20260911a/custody/startup-produce.stdout: OK
/run/jc2-r3-source-20260911a/startup-produce.telemetry.json: OK
/var/lib/jc2-r3-source-20260911a/custody/startup-produce.telemetry.json: OK
/run/jc2-r3-source-20260911a/valid.post.json: OK
/var/lib/jc2-r3-source-20260911a/custody/valid.post.json: OK
/run/jc2-r3-source-20260911a/valid.pre.json: OK
/var/lib/jc2-r3-source-20260911a/custody/valid.pre.json: OK
/run/jc2-r3-source-20260911a/valid.python-live.json: OK
/var/lib/jc2-r3-source-20260911a/custody/valid.python-live.json: OK
/run/jc2-r3-source-20260911a/valid.runner-live.json: OK
/var/lib/jc2-r3-source-20260911a/custody/valid.runner-live.json: OK
/run/jc2-r3-source-20260911a/valid.runner.stderr: OK
/var/lib/jc2-r3-source-20260911a/custody/valid.runner.stderr: OK
/run/jc2-r3-source-20260911a/valid.runner.stdout: OK
/var/lib/jc2-r3-source-20260911a/custody/valid.runner.stdout: OK
/run/jc2-r3-source-20260911a/valid.stderr: OK
/var/lib/jc2-r3-source-20260911a/custody/valid.stderr: OK
/run/jc2-r3-source-20260911a/valid.stdout: OK
/var/lib/jc2-r3-source-20260911a/custody/valid.stdout: OK
/run/jc2-r3-source-20260911a/valid.telemetry.json: OK
/var/lib/jc2-r3-source-20260911a/custody/valid.telemetry.json: OK
/run/jc2-r3-source-20260911a/writer/dummy.payload: OK
/var/lib/jc2-r3-source-20260911a/custody/writer/dummy.payload: OK
/run/jc2-r3-source-20260911a/writer/valid.payload: OK
/var/lib/jc2-r3-source-20260911a/custody/writer/valid.payload: OK
/run/jc2-r3-source-20260911a/authority/dummy.json: OK
/var/lib/jc2-r3-source-20260911a/custody/authority/dummy.json: OK
/run/jc2-r3-source-20260911a/authority/produce.json: OK
/var/lib/jc2-r3-source-20260911a/custody/authority/produce.json: OK
/run/jc2-r3-source-20260911a/authority/refuse-caps.json: OK
/var/lib/jc2-r3-source-20260911a/custody/authority/refuse-caps.json: OK
/run/jc2-r3-source-20260911a/authority/refuse-hash.json: OK
/var/lib/jc2-r3-source-20260911a/custody/authority/refuse-hash.json: OK
/run/jc2-r3-source-20260911a/authority/refuse-inventory.json: OK
/var/lib/jc2-r3-source-20260911a/custody/authority/refuse-inventory.json: OK
/run/jc2-r3-source-20260911a/authority/refuse-source.json: OK
/var/lib/jc2-r3-source-20260911a/custody/authority/refuse-source.json: OK
/run/jc2-r3-source-20260911a/authority/refuse-status.json: OK
/var/lib/jc2-r3-source-20260911a/custody/authority/refuse-status.json: OK
/run/jc2-r3-source-20260911a/authority/startup-check.json: OK
/var/lib/jc2-r3-source-20260911a/custody/authority/startup-check.json: OK
/run/jc2-r3-source-20260911a/authority/startup-produce.json: OK
/var/lib/jc2-r3-source-20260911a/custody/authority/startup-produce.json: OK
/run/jc2-r3-source-20260911a/authority/valid.json: OK
/var/lib/jc2-r3-source-20260911a/custody/authority/valid.json: OK
/var/lib/jc2-r3-source-20260911a/custody/CUSTODY.json: OK
