	Command being timed: "timeout --signal=TERM --kill-after=30s 600s taskset -c 5 nice -n 10 Singular --cpus=1 --threads=1 --flint-threads=1 -q --no-rc builders/modular/C_n18m12_M2_9_ell2_s3_V3_8_builder_p1073741827.sing"
	User time (seconds): 24.92
	System time (seconds): 0.10
	Percent of CPU this job got: 99%
	Elapsed (wall clock) time (h:mm:ss or m:ss): 0:25.02
	Average shared text size (kbytes): 0
	Average unshared data size (kbytes): 0
	Average stack size (kbytes): 0
	Average total size (kbytes): 0
	Maximum resident set size (kbytes): 149212
	Average resident set size (kbytes): 0
	Major (requiring I/O) page faults: 0
	Minor (reclaiming a frame) page faults: 74626
	Voluntary context switches: 3
	Involuntary context switches: 38
	Swaps: 0
	File system inputs: 0
	File system outputs: 10312
	Socket messages sent: 0
	Socket messages received: 0
	Signals delivered: 0
	Page size (bytes): 4096
	Exit status: 0
