resdeg.py -- RES-DEGREE, measured.   sympy 1.12
==============================================================================================
pair                                           N    d0     d1     sum(-ord f) N-sum     shed_0  
   d0 = deg_x Res_y(g-c, f) ; d1 = deg_x Res_y(g-c, f-c_1) ; claimed = N - sum(1-d0)
A1  (y, x+y^2)  n=2                            1    1      1      1         0         0         KELLER
A2  (y, x+y^3)  n=3                            1    1      1      1         0         0         KELLER
A3  (y, x+y^3+y^2)  n=3                        1    1      1      1         0         0         KELLER
A4  (y, x+y^4)  n=4                            1    1      1      1         0         0         KELLER
A5  (y, x+y^5+3y^2)  n=5                       1    1      1      1         0         0         KELLER
A6  (y, x+y^6)  n=6                            1    1      1      1         0         0         KELLER
B4  (x+y^2, y+(x+y^2)^2)  n=4 m=2              1    1      1      1         0         0         KELLER
B6  (x+y^2, y+(x+y^2)^3)  n=6 m=2  [degree-6 t 1    1      1      1         0         0         KELLER
C6  (x+y^3, y+(x+y^3)^2)  n=6 m=3              1    1      1      1         0         0         KELLER
D15 (x+y^5, y+(x+y^5)^3)  n=15 m=5  [charged c 1    1      1      1         0         0         KELLER
NK1 (y, y^2+xy+x)  J = -(1+y)                  1    1      1      1         0         0         NON-KELLER
NK2 (y^2-x, x+y^3)  J = 3y^2+2y                3    3      3      3         0         0         NON-KELLER
TT0 two-tower row 0 (m=2,n=3)                  4    4      4      4         0         0         NON-KELLER
TT6 two-tower row 6 (m=4,n=6)                  18   18     18     18        0         0         NON-KELLER
NP0 (y, y^3+xy)  non-proper branch, a_0 = 0    1    0      1      0         1         1         NON-KELLER
NP1 (y+1, y^3+xy)  non-proper branch, a_0 = 1  1    1      1      1         0         0         NON-KELLER

-- REFUTATION WITNESS for the charged form  deg_x Res_y(g-c,f) = sum_i (1-delta^0_i)
   g = y^3 + xy (monic in y, deg = deg_y = 3).  Branches of g = c at infinity:
     tau_+- ~ +-sqrt(-x)   ord_t = -1/2 ,  delta^0 = 1/2 ,  1-delta^0 = +1/2  (PROPER)
     tau_0   ~  c/x        ord_t = +1
   NP0 (f = y)  : a_0 = 0, so 1-delta^0 = -ord_t f(tau_0) = -1 ; sum_i(1-delta^0) = 0
                  measured deg_x Res_y(g-c,f) = 0   -> charged form HOLDS here
   NP1 (f = y+1): a_0 = 1, so 1-delta^0 = -ord_t(f(tau_0)-1) = -1 ; sum_i(1-delta^0) = 0
                  measured deg_x Res_y(g-c,f) = 1   -> charged form REFUTED (0 != 1)

-- verdict on the charged form  deg_x Res_y(g-c,f) = N - sum_i (1-delta^0_i)^- :
   Keller controls where the charged 'shed' differs from the measured one: 0/10

32 checks, 0 failures
