starres.py -- RESIDUE-LEAD: the bottom-star residue.  sympy 1.12
==============================================================================

== bottom star (d,e,V_2) = (1,2,1):  deg p_g = a_1 = 2, deg p_f = b_1 = 1
   p_g = p0 + pi**2
   p_f = pi*q1
   kappa = -2*p0*q1   free params: ['p0', 'q1']
   ptilde_j = sum_{p_g=0} p_f^j , j=1..12 :
      j=1   0
      j=2   -2*p0*q1**2
      j=3   0
      j=4   2*p0**2*q1**4
      j=5   0
      j=6   -2*p0**3*q1**6
      j=7   0
      j=8   2*p0**4*q1**8
   ptilde_j != 0 for j in [2, 4, 6, 8, 10, 12]   (j <= 12)
   per-disc leading coefficient S_k VANISHES for k in [0, 2, 4, 6, 8, 10] (k < 12)
   (solution family has free parameters; values above are generic)

== bottom star (d,e,V_2) = (1,3,1):  deg p_g = a_1 = 3, deg p_f = b_1 = 1
   p_g = p0 + pi**3
   p_f = pi*q1
   kappa = -3*p0*q1   free params: ['p0', 'q1']
   ptilde_j = sum_{p_g=0} p_f^j , j=1..12 :
      j=1   0
      j=2   0
      j=3   -3*p0*q1**3
      j=4   0
      j=5   0
      j=6   3*p0**2*q1**6
      j=7   0
      j=8   0
   ptilde_j != 0 for j in [3, 6, 9, 12]   (j <= 12)
   per-disc leading coefficient S_k VANISHES for k in [0, 1, 3, 4, 6, 7, 9, 10] (k < 12)
   (solution family has free parameters; values above are generic)

== bottom star (d,e,V_2) = (1,4,1):  deg p_g = a_1 = 4, deg p_f = b_1 = 1
   p_g = p0 + pi**4
   p_f = pi*q1
   kappa = -4*p0*q1   free params: ['p0', 'q1']
   ptilde_j = sum_{p_g=0} p_f^j , j=1..12 :
      j=1   0
      j=2   0
      j=3   0
      j=4   -4*p0*q1**4
      j=5   0
      j=6   0
      j=7   0
      j=8   4*p0**2*q1**8
   ptilde_j != 0 for j in [4, 8, 12]   (j <= 12)
   per-disc leading coefficient S_k VANISHES for k in [0, 1, 2, 4, 5, 6, 8, 9, 10] (k < 12)
   (solution family has free parameters; values above are generic)

== bottom star (d,e,V_2) = (1,6,1):  deg p_g = a_1 = 6, deg p_f = b_1 = 1
   p_g = p0 + pi**6
   p_f = pi*q1
   kappa = -6*p0*q1   free params: ['p0', 'q1']
   ptilde_j = sum_{p_g=0} p_f^j , j=1..12 :
      j=1   0
      j=2   0
      j=3   0
      j=4   0
      j=5   0
      j=6   -6*p0*q1**6
      j=7   0
      j=8   0
   ptilde_j != 0 for j in [6, 12]   (j <= 12)
   per-disc leading coefficient S_k VANISHES for k in [0, 1, 2, 3, 4, 6, 7, 8, 9, 10] (k < 12)
   (solution family has free parameters; values above are generic)

== bottom star (d,e,V_2) = (2,3,1):  deg p_g = a_1 = 3, deg p_f = b_1 = 2
   p_g = pi**3 + 3*pi*q0/(2*q2)
   p_f = pi**2*q2 + q0
   kappa = 3*q0**2/q2   free params: ['q0', 'q2']
   ptilde_j = sum_{p_g=0} p_f^j , j=1..12 :
      j=1   0
      j=2   3*q0**2/2
      j=3   3*q0**3/4
      j=4   9*q0**4/8
      j=5   15*q0**5/16
      j=6   33*q0**6/32
      j=7   63*q0**7/64
      j=8   129*q0**8/128
   ptilde_j != 0 for j in [2, 3, 4, 5, 6, 7, 8, 9, 10, 11, 12]   (j <= 12)
   per-disc leading coefficient S_k VANISHES for k in [0] (k < 12)
   (solution family has free parameters; values above are generic)

== bottom star (d,e,V_2) = (2,3,2):  deg p_g = a_1 = 6, deg p_f = b_1 = 4
    FAIL  (2,3,2) BOTTOM-ODE has a solution with kappa != 0    
   NO solution with kappa != 0  ->  no bottom star of this type exists

== bottom star (d,e,V_2) = (2,5,1):  deg p_g = a_1 = 5, deg p_f = b_1 = 2
   p_g = pi**5 + 5*pi**3*q0/(2*q2) + 15*pi*q0**2/(8*q2**2)
   p_f = pi**2*q2 + q0
   kappa = 15*q0**3/(4*q2**2)   free params: ['q0', 'q2']
   ptilde_j = sum_{p_g=0} p_f^j , j=1..12 :
      j=1   0
      j=2   0
      j=3   15*q0**3/8
      j=4   15*q0**4/16
      j=5   45*q0**5/64
      j=6   75*q0**6/64
      j=7   525*q0**7/512
      j=8   945*q0**8/1024
   ptilde_j != 0 for j in [3, 4, 5, 6, 7, 8, 9, 10, 11, 12]   (j <= 12)
   per-disc leading coefficient S_k VANISHES for k in [0, 1] (k < 12)
   (solution family has free parameters; values above are generic)

== bottom star (d,e,V_2) = (3,5,1):  deg p_g = a_1 = 5, deg p_f = b_1 = 3
   p_g = pi**5 + 5*pi**3*q1/(3*q3) - 5*pi**2*sqrt(q1**3/q3)/(9*q3) + 5*pi*q1**2/(9*q3**2) - 10*q1*sqrt(q1**3/q3)/(27*q3**2)
   p_f = pi**3*q3 + pi*q1 - sqrt(q1**3/q3)/3
   kappa = 35*q1**2*sqrt(q1**3/q3)/(27*q3**2)   free params: ['q1', 'q3']
   ERROR on (3,5,1): 1/(1594323*Tz**2*q3**3 - 708588*Tz*q3**3*sqrt(q1**3/q3) + 78732*q1**3*q3**2) contains an element of the set of generators.
   ERROR on (4,5,1): polynomial division

==============================================================================
70 checks, 1 failures
   FAILED: (2,3,2) BOTTOM-ODE has a solution with kappa != 0 
