{
  "path": "/home/ubuntu/jc2/box/graded-macaulay-20260905/hilbert/hilbert_136_B6_Y12.json",
  "sha256": "16b3a74e7e1cb4c038c95114e9923fc775e442b5ac830155cdc87c894e73dbce",
  "last_component": {
    "B": 6,
    "Y": 12,
    "columns": 80415,
    "rows": 146269,
    "nonzeros": 1602206,
    "rank_Q": 76595,
    "rank_Fp": null,
    "prime": 1073741827,
    "hilbert_Q": 3820,
    "I_piece_zero": false,
    "status": "EXACT_Q_VIA_HOMOGENEOUS_UNIT_MAP",
    "original_matrix_rank_computed_directly": false,
    "original_echelon_sha256": null,
    "original_modular_rank_claimed": false,
    "reduced_columns": 8765,
    "reduced_rows": 5554,
    "reduced_rank_Q": 4945,
    "reduced_rank_Fp": 4945,
    "reduced_matrix_sha256": "5e910bbf256ff2fb8f49345234e3c798dfac0c43602d6822546404af7f7ac23f",
    "reduced_exact_echelon_sha256": "703545cf2f524a930c16193b559dff3b3614d258cd5283e28a1867bc9405d946",
    "proof_path": "/home/ubuntu/jc2/box/graded-macaulay-20260905/hilbert/unit_map_verification.json",
    "proof_sha256": "2ee8139e59049b4b591b7bcecee202677a1e2cdd89d2e5b6e345e5b2f1724078",
    "method": "Homogeneous exact Q unit quotient isomorphism preserves H; original rank = original columns - H",
    "elapsed_seconds": 13.479751215083525
  }
}
