[
  {
    "parameters": 136,
    "stem": "C_n18m12_M2_9_ell2_s3_V1_8",
    "slope_numerator": 1,
    "slope_denominator": 3,
    "exact_vanishing_criterion": "B=0 or Y<ceil(1*B/3)",
    "domain": "B,Y nonnegative integers",
    "nonvanishing_criterion": "B>=1 and Y>=ceil(1*B/3)",
    "ring_nonvanishing_criterion": "Y>=ceil(1*B/3)",
    "all_ring_variables_satisfy_lower_inequality": true,
    "all_original_generators_satisfy_lower_inequality": true,
    "all_original_generators_have_positive_B": true,
    "all_direct_row_terms_reverified": 371224,
    "zero_charge_fill_variable": "h_0_5",
    "period_variable": "h_3_5",
    "period_degree": [
      3,
      1
    ],
    "residue_generator_witnesses": [
      {
        "residue": 1,
        "degree": [
          1,
          1
        ],
        "source_index": 2,
        "row_terms": 1,
        "ring_residue_variable": "h_1_5"
      },
      {
        "residue": 2,
        "degree": [
          2,
          1
        ],
        "source_index": 1,
        "row_terms": 1,
        "ring_residue_variable": "h_2_5"
      },
      {
        "residue": 3,
        "degree": [
          3,
          1
        ],
        "source_index": 0,
        "row_terms": 1,
        "ring_residue_variable": "h_3_5"
      }
    ],
    "direct_rows_sha256": "b1696972030f66aa7fc0dc14495d0cfc197271863808d073d98c693e99c45d13",
    "proof": "For B=r+kd with 1<=r<=d, multiply the displayed nonzero original generator of degree (r,ceil(ar/d)) by period_variable^k and zero_charge_fill_variable^(Y-ceil(aB/d)). This is a nonzero original-ring element of I_(B,Y) because Q[z,c] is a domain. Conversely every monomial multiple of an original generator has B>=1 and dY>=aB."
  },
  {
    "parameters": 111,
    "stem": "C_n18m12_M2_9_ell2_s3_V3_8",
    "slope_numerator": 2,
    "slope_denominator": 1,
    "exact_vanishing_criterion": "B=0 or Y<ceil(2*B/1)",
    "domain": "B,Y nonnegative integers",
    "nonvanishing_criterion": "B>=1 and Y>=ceil(2*B/1)",
    "ring_nonvanishing_criterion": "Y>=ceil(2*B/1)",
    "all_ring_variables_satisfy_lower_inequality": true,
    "all_original_generators_satisfy_lower_inequality": true,
    "all_original_generators_have_positive_B": true,
    "all_direct_row_terms_reverified": 74878,
    "zero_charge_fill_variable": "h_0_5",
    "period_variable": "h_1_4",
    "period_degree": [
      1,
      2
    ],
    "residue_generator_witnesses": [
      {
        "residue": 1,
        "degree": [
          1,
          2
        ],
        "source_index": 0,
        "row_terms": 1,
        "ring_residue_variable": "h_1_4"
      }
    ],
    "direct_rows_sha256": "0a8df9061b8afee4efa03373f557d93bec7db4276258ed25256e56fdec7f81d1",
    "proof": "For B=r+kd with 1<=r<=d, multiply the displayed nonzero original generator of degree (r,ceil(ar/d)) by period_variable^k and zero_charge_fill_variable^(Y-ceil(aB/d)). This is a nonzero original-ring element of I_(B,Y) because Q[z,c] is a domain. Conversely every monomial multiple of an original generator has B>=1 and dY>=aB."
  },
  {
    "parameters": 77,
    "stem": "C_n24m16_Mm12_m2_5_ell1_s4_V1_1_6",
    "slope_numerator": 1,
    "slope_denominator": 1,
    "exact_vanishing_criterion": "B=0 or Y<ceil(1*B/1)",
    "domain": "B,Y nonnegative integers",
    "nonvanishing_criterion": "B>=1 and Y>=ceil(1*B/1)",
    "ring_nonvanishing_criterion": "Y>=ceil(1*B/1)",
    "all_ring_variables_satisfy_lower_inequality": true,
    "all_original_generators_satisfy_lower_inequality": true,
    "all_original_generators_have_positive_B": true,
    "all_direct_row_terms_reverified": 33030,
    "zero_charge_fill_variable": "h_0_7",
    "period_variable": "h_1_7",
    "period_degree": [
      1,
      1
    ],
    "residue_generator_witnesses": [
      {
        "residue": 1,
        "degree": [
          1,
          1
        ],
        "source_index": 0,
        "row_terms": 1,
        "ring_residue_variable": "h_1_7"
      }
    ],
    "direct_rows_sha256": "36a2f3c8bddcaba116f2f71aaa9c511ba4422699638a0a3bedc5f4626f0fa05c",
    "proof": "For B=r+kd with 1<=r<=d, multiply the displayed nonzero original generator of degree (r,ceil(ar/d)) by period_variable^k and zero_charge_fill_variable^(Y-ceil(aB/d)). This is a nonzero original-ring element of I_(B,Y) because Q[z,c] is a domain. Conversely every monomial multiple of an original generator has B>=1 and dY>=aB."
  },
  {
    "parameters": 129,
    "stem": "C_n24m18_Mm15_14_ell1_s3_V1_9",
    "slope_numerator": 13,
    "slope_denominator": 3,
    "exact_vanishing_criterion": "B=0 or Y<ceil(13*B/3)",
    "domain": "B,Y nonnegative integers",
    "nonvanishing_criterion": "B>=1 and Y>=ceil(13*B/3)",
    "ring_nonvanishing_criterion": "Y>=ceil(13*B/3)",
    "all_ring_variables_satisfy_lower_inequality": true,
    "all_original_generators_satisfy_lower_inequality": true,
    "all_original_generators_have_positive_B": true,
    "all_direct_row_terms_reverified": 239501,
    "zero_charge_fill_variable": "h_0_5",
    "period_variable": "A3_3_5",
    "period_degree": [
      3,
      13
    ],
    "residue_generator_witnesses": [
      {
        "residue": 1,
        "degree": [
          1,
          5
        ],
        "source_index": 0,
        "row_terms": 1,
        "ring_residue_variable": "h_1_1"
      },
      {
        "residue": 2,
        "degree": [
          2,
          9
        ],
        "source_index": 4,
        "row_terms": 2,
        "ring_residue_variable": "A2_2_3"
      },
      {
        "residue": 3,
        "degree": [
          3,
          13
        ],
        "source_index": 12,
        "row_terms": 2,
        "ring_residue_variable": "A3_3_5"
      }
    ],
    "direct_rows_sha256": "467ec50e58f0874fb78017cf68f82f204c490137cb3bf144b3881e93a9300214",
    "proof": "For B=r+kd with 1<=r<=d, multiply the displayed nonzero original generator of degree (r,ceil(ar/d)) by period_variable^k and zero_charge_fill_variable^(Y-ceil(aB/d)). This is a nonzero original-ring element of I_(B,Y) because Q[z,c] is a domain. Conversely every monomial multiple of an original generator has B>=1 and dY>=aB."
  }
]
