beta_parameter_name=beta
q_beta=t+beta*t^2+t^25
q_beta_prime=1+2*beta*t+25*t^24
source_center=C=3U^2 over Q(V,U)
source_p_boundary=t^15_fixed
source_dead_stretch=0_fixed
source_F1_orbit=frozen
source_pole_scale_and_data=frozen
raw_center_stratum=h-zero
scope_open=fraction_field_of_printed_raw_stratum
P12_compiler=genuine_2893_term_source_polynomial
later_echelon_X0_t12_used=false
N13_dependency=matching_V34_raw_staged_original_row_replay
certificate_serializer=canonical_E3_coordinate_v1
legacy_object_address_digest_used=false
trivariate_transport rows=0;pivots=1;events=0
trivariate_transport rows=250;pivots=251;events=0
trivariate_transport rows=1500;pivots=684;events=0
trivariate_transport rows=1750;pivots=934;events=0
trivariate_transport rows=2000;pivots=1184;events=0
trivariate_transport rows=2250;pivots=1434;events=0
trivariate_transport rows=4750;pivots=1716;events=0
trivariate_transport rows=5000;pivots=1966;events=1
trivariate_transport rows=5250;pivots=2215;events=1
trivariate_transport rows=5500;pivots=2465;events=2
trivariate_transport rows=5750;pivots=2715;events=2
trivariate_transport rows=6000;pivots=2965;events=2
trivariate_transport rows=6250;pivots=3215;events=2
trivariate_transport rows=6500;pivots=3465;events=2
transport_rank=3470/3602
transport_event_count=2
transport_matrix_beta_independent=true
transport_rhs_beta_affine_exact=true
transport_three_x_sections_exact=true
direct_qprime_omission_negative_control=true
first_full_beta_P12_rank=38/132
first_full_beta_P12_dependent_count=0
first_full_beta_P12_all_pivots_beta_independent=true
first_full_beta_P12_pivot_digest=bbc1d08fec39cce942ad8dedabe38c719e89b89e75fc601589880f14f0b36215
first_full_beta_P12_original_row_replay=true
raw_P12_term_count=2885
raw_P12_beta_degree=1
raw_P12_base_terms=2885
raw_P12_base_sha256=d71fd24912158b31923498953bb07e64f6de6f8d36da6687a5a3e4884cc2cc5d
remainder_term_count=3
remainder_beta_degree=1
remainder_base_is_minus_k_over_50=true
remainder_beta_tail_terms=2
remainder_beta_tail_degree=0
remainder_beta_tail_sha256=0639f8cdff06649312811c4995f3c4a9ea087b8ff60236ebb9353da532afb531
full_beta_first_original_row_replay=true
N13_exact_value_sha256=8cf947c9ba6cd70388827bb7db564d0675d94eee621bc54efc2b791aff88b26f
N13_multiplier_terms=2
N13_multiplier_beta_degree=0
N13_multiplier_sha256=aef2b851a14ef65063f60ce1e199e0257c9d5c1a1865950cc7315f0d458a99d6
P12_N13_polynomial_unit_identity_exact=true
P12_without_N13_negative_control=true
beta_division_used=false
combined_unit_residual_is_minus_k_over_50=true
raw_P12_denominator=(V*U)
raw_P12_denominator_factor=(1, [(U, 1), (V, 1)])
raw_P12_denominator_summary=(2, 1, '7051e3038f64def3b32b0f19873ae0fee089da75cb3a87350291368c1f784873')
first_rows_denominator=(V*U)
first_rows_denominator_factor=(1, [(U, 1), (V, 1)])
first_rows_denominator_summary=(2, 1, '7051e3038f64def3b32b0f19873ae0fee089da75cb3a87350291368c1f784873')
first_relations_denominator=(V^5*U^2 - 32*V^3*U^5 + 128*V*U^8)
first_relations_denominator_factor=(1, [(V, 1), (V^4 - 32*V^2*U^3 + 128*U^6, 1), (U, 2)])
first_relations_denominator_summary=(9, 3, '574f76ea6a1749dbb5c11a28fdbc3623700e57827441565259dd1c6c45385ada')
termwise_source_denominator=(V^6*U - 32*V^4*U^4 + 128*V^2*U^7)
termwise_source_denominator_factor=(1, [(U, 1), (V^4 - 32*V^2*U^3 + 128*U^6, 1), (V, 2)])
termwise_source_denominator_summary=(9, 3, '625b2608824795654684fffa82f1816df35ce478641b85441e63fc251b3c364b')
N13_multiplier_denominator=(1)
N13_multiplier_denominator_factor=(1, [])
N13_multiplier_denominator_summary=(0, 1, 'cba2fbeb391b1b01d10d62b5d049665afdea6dda577ce5ab23077b7cd21fa34b')
termwise_source_slot_count=39013
all_raw_denominator_factors_emitted=true
termwise_polynomial_source_clearing_exact=true
first_source_nonzero_rows=28
first_source_multiplier_terms=1640
raw_fraction_field_full_beta_family_empty=true
N13_full_source_lift_in_this_file=false
every_emitted_raw_denominator_divisor_still_charged=true
full_A3_beta_family_killed=false
whole_TD6_killed=false
SP2_killed=false
JC2_resolved=false
TD6-A3-Q2-FULL-P12-N13-UNIT-RAW-CANONICAL PASS
