{
  "first_nonzero_endpoint_witness": null,
  "fixtures": {
    "1": {
      "dimension_counts": {
        "6": 125
      },
      "nonzero_endpoint_mode_count": 0
    },
    "1+X": {
      "dimension_counts": {
        "0": 100,
        "1": 20,
        "2": 5
      },
      "nonzero_endpoint_mode_count": 0
    },
    "1+X+X2": {
      "dimension_counts": {
        "0": 100,
        "1": 25
      },
      "nonzero_endpoint_mode_count": 0
    },
    "1+X2": {
      "dimension_counts": {
        "4": 120,
        "5": 5
      },
      "nonzero_endpoint_mode_count": 0
    },
    "X": {
      "dimension_counts": {
        "1": 100,
        "2": 20,
        "3": 5
      },
      "nonzero_endpoint_mode_count": 0
    },
    "X+X2": {
      "dimension_counts": {
        "0": 100,
        "1": 20,
        "3": 5
      },
      "nonzero_endpoint_mode_count": 0
    },
    "X2": {
      "dimension_counts": {
        "4": 120,
        "5": 5
      },
      "nonzero_endpoint_mode_count": 0
    }
  },
  "mode_grid": [
    -2,
    -1,
    0,
    1,
    2
  ],
  "mode_variables": [
    "c4",
    "c6",
    "c8"
  ],
  "run_tag": "ggv-lambda0-quadratic-q-g15-grid-r1-20260828"
}
