2026-08-29T23:13:13Z job=msolve:shard_r1epsM_charts_p1048573.ms rc=0
2026-08-29T23:13:13Z job=msolve:shard_r1epsM_charts_p2147483629.ms rc=0
2026-08-29T23:13:13Z job=msolve:shard_r1epsM_charts_p65521.ms rc=0
2026-08-29T23:13:13Z job=msolve:shard_r1epsM_chartt_p1048573.ms rc=0
2026-08-29T23:13:13Z job=msolve:shard_r1epsM_chartt_p2147483629.ms rc=0
2026-08-29T23:13:14Z job=msolve:shard_r1epsM_chartt_p65521.ms rc=0
2026-08-29T23:13:14Z job=msolve:shard_r1epsP_charts_p1048573.ms rc=0
2026-08-29T23:13:14Z job=msolve:shard_r1epsP_charts_p2147483629.ms rc=0
2026-08-29T23:13:14Z job=msolve:shard_r1epsP_charts_p65521.ms rc=0
2026-08-29T23:13:14Z job=msolve:shard_r1epsP_chartt_p1048573.ms rc=0
2026-08-29T23:13:14Z job=msolve:shard_r1epsP_chartt_p2147483629.ms rc=0
2026-08-29T23:13:14Z job=msolve:shard_r1epsP_chartt_p65521.ms rc=0
2026-08-29T23:13:15Z job=msolve:shard_r2_charts_p1048573.ms rc=0
2026-08-29T23:13:16Z job=msolve:shard_r2_charts_p2147483629.ms rc=0
2026-08-29T23:13:17Z job=msolve:shard_r2_charts_p65521.ms rc=0
2026-08-29T23:13:18Z job=msolve:shard_r2_chartt_p1048573.ms rc=0
2026-08-29T23:13:18Z job=msolve:shard_r2_chartt_p2147483629.ms rc=0
2026-08-29T23:13:19Z job=msolve:shard_r2_chartt_p65521.ms rc=0
MSOLVE_LOOP_DONE
DEH_R2 rc=0
