census 24063 rows, operative 1420  (22s)
delta_s == -1 on all rows: True

== CENSUS (1)-(13), 16<=n<=200, Kmin=2 (24063 rows) ==
  ~(C-TOP)      : 20518
  U-NEGATIVE    : 2999
  U-NEG & CTOP  : 0   (must be 0: chain V_2<=V_{s-1}d_2/d_{s-1})
  ~CTOP by u_s  : {1: 15673, 2: 3864, 3: 689, 4: 200, 5: 65, 6: 17, 7: 6, 8: 1, 9: 1, 10: 1, 12: 1}
  ~CTOP by s'   : {2: 600, 3: 9160, 4: 9104, 5: 1654}
  ~CTOP u_s=1   : 15673   <- unconditional (Prop 6.4 discharges (R))
  ~CTOP u_s>=2  : 4845   <- kill-or-split dichotomy

== OPERATIVE C_FULL_TREE_POLYNOMIAL_ODE (1420 rows) ==
  ~(C-TOP)      : 1195
  U-NEGATIVE    : 90
  U-NEG & CTOP  : 0   (must be 0: chain V_2<=V_{s-1}d_2/d_{s-1})
  ~CTOP by u_s  : {1: 970, 2: 211, 3: 8, 4: 5, 5: 1}
  ~CTOP by s'   : {3: 306, 4: 732, 5: 157}
  ~CTOP u_s=1   : 970   <- unconditional (Prop 6.4 discharges (R))
  ~CTOP u_s>=2  : 225   <- kill-or-split dichotomy

OPERATIVE residue AFTER (C-TOP): 1420 -> 225 rows, 58 degree pairs
  survivors by s' : {2: 43, 3: 108, 4: 65, 5: 9}
  survivors by u_s: {1: 140, 2: 54, 3: 26, 4: 4, 5: 1}

~(C-TOP) operative rows, u_s=1, by degree:
   (90,60): 4
   (96,64): 1
   (96,72): 5
   (108,72): 6
   (120,48): 4
   (120,72): 2
   (120,80): 25
   (120,90): 4
   (120,96): 1
   (128,96): 7
   (135,90): 2
   (144,96): 93
   (144,108): 6
   (150,60): 3
   (150,90): 2
   (150,100): 10
   (150,120): 2
   (160,64): 5
   (160,96): 5
   (160,120): 38
   (160,128): 10
   (162,108): 4
   (168,48): 2
   (168,72): 5
   (168,96): 2
   (168,112): 17
   (168,120): 1
   (180,72): 2
   (180,108): 2
   (180,120): 172
   (180,144): 5
   (180,150): 3
   (189,126): 4
   (192,120): 5
   (192,128): 248
   (192,144): 132
   (192,160): 20
   (200,80): 31
   (200,120): 44
   (200,150): 14
   (200,160): 22
~(C-TOP) operative rows, u_s>=2:
   n=120 m=80 M=[-60, -10, 25, 118] V={2: 1, 3: 1, 4: 6, 5: 3}  s=5 u_s=2 v_s=3  V_{s-1}=6 > d'=4
   n=126 m=84 M=[-14, 63, 124] V={2: 1, 3: 10, 4: 5}  s=4 u_s=2 v_s=5  V_{s-1}=10 > d'=4
   n=126 m=84 M=[-14, 63, 124] V={2: 5, 3: 10, 4: 5}  s=4 u_s=2 v_s=5  V_{s-1}=10 > d'=4
   n=126 m=84 M=[112, 119, 124] V={2: 5, 3: 10, 4: 5}  s=4 u_s=2 v_s=5  V_{s-1}=10 > d'=4
   n=126 m=84 M=[105, 119, 124] V={2: 11, 3: 7, 4: 5}  s=4 u_s=2 v_s=5  V_{s-1}=7 > d'=6
   n=144 m=120 M=[132, 138, 142] V={2: 5, 3: 5, 4: 4}  s=4 u_s=2 v_s=4  V_{s-1}=5 > d'=4
   n=144 m=108 M=[132, 138, 142] V={2: 7, 3: 5, 4: 4}  s=4 u_s=2 v_s=4  V_{s-1}=5 > d'=4
   n=144 m=108 M=[126, 135, 142] V={2: 3, 3: 7, 4: 6}  s=4 u_s=3 v_s=6  V_{s-1}=7 > d'=6
   n=144 m=96 M=[120, 138, 142] V={2: 11, 3: 13, 4: 4}  s=4 u_s=2 v_s=4  V_{s-1}=13 > d'=8
   n=144 m=96 M=[120, 132, 142] V={2: 3, 3: 9, 4: 8}  s=4 u_s=4 v_s=8  V_{s-1}=9 > d'=8
   n=144 m=96 M=[-72, 84, 102, 142] V={2: 2, 3: 1, 4: 8, 5: 4}  s=5 u_s=2 v_s=4  V_{s-1}=8 > d'=4
   n=144 m=96 M=[-72, 84, 102, 142] V={2: 1, 3: 3, 4: 8, 5: 4}  s=5 u_s=2 v_s=4  V_{s-1}=8 > d'=4
   n=144 m=96 M=[-72, 84, 102, 142] V={2: 2, 3: 3, 4: 8, 5: 4}  s=5 u_s=2 v_s=4  V_{s-1}=8 > d'=4
   n=144 m=96 M=[-72, 84, 126, 142] V={2: 1, 3: 16, 4: 8, 5: 4}  s=5 u_s=2 v_s=4  V_{s-1}=8 > d'=4
   n=144 m=96 M=[-72, 84, 126, 142] V={2: 2, 3: 16, 4: 8, 5: 4}  s=5 u_s=2 v_s=4  V_{s-1}=8 > d'=4
   n=144 m=96 M=[-72, 84, 126, 142] V={2: 5, 3: 16, 4: 8, 5: 4}  s=5 u_s=2 v_s=4  V_{s-1}=8 > d'=4
   n=144 m=96 M=[-72, 84, 138, 142] V={2: 2, 3: 1, 4: 8, 5: 4}  s=5 u_s=2 v_s=4  V_{s-1}=8 > d'=4
   n=144 m=96 M=[-72, 84, 138, 142] V={2: 1, 3: 3, 4: 8, 5: 4}  s=5 u_s=2 v_s=4  V_{s-1}=8 > d'=4
   n=144 m=96 M=[72, 84, 102, 142] V={2: 1, 3: 1, 4: 8, 5: 4}  s=5 u_s=2 v_s=4  V_{s-1}=8 > d'=4
   n=144 m=96 M=[72, 84, 102, 142] V={2: 2, 3: 1, 4: 8, 5: 4}  s=5 u_s=2 v_s=4  V_{s-1}=8 > d'=4
   n=144 m=96 M=[72, 84, 102, 142] V={2: 3, 3: 3, 4: 8, 5: 4}  s=5 u_s=2 v_s=4  V_{s-1}=8 > d'=4
   n=144 m=96 M=[72, 84, 138, 142] V={2: 1, 3: 1, 4: 8, 5: 4}  s=5 u_s=2 v_s=4  V_{s-1}=8 > d'=4
   n=144 m=96 M=[72, 84, 138, 142] V={2: 2, 3: 1, 4: 8, 5: 4}  s=5 u_s=2 v_s=4  V_{s-1}=8 > d'=4
   n=144 m=96 M=[72, 84, 138, 142] V={2: 3, 3: 3, 4: 8, 5: 4}  s=5 u_s=2 v_s=4  V_{s-1}=8 > d'=4
   n=144 m=96 M=[120, 132, 138, 142] V={2: 3, 3: 9, 4: 8, 5: 4}  s=5 u_s=2 v_s=4  V_{s-1}=8 > d'=4
   n=150 m=100 M=[-60, 65, 148] V={2: 1, 3: 6, 4: 3}  s=4 u_s=2 v_s=3  V_{s-1}=6 > d'=4
   n=150 m=100 M=[-60, 65, 148] V={2: 5, 3: 6, 4: 3}  s=4 u_s=2 v_s=3  V_{s-1}=6 > d'=4
   n=150 m=100 M=[-10, 85, 148] V={2: 1, 3: 6, 4: 3}  s=4 u_s=2 v_s=3  V_{s-1}=6 > d'=4
   n=150 m=100 M=[-10, 85, 148] V={2: 2, 3: 6, 4: 3}  s=4 u_s=2 v_s=3  V_{s-1}=6 > d'=4
   n=150 m=100 M=[-10, 85, 148] V={2: 5, 3: 6, 4: 3}  s=4 u_s=2 v_s=3  V_{s-1}=6 > d'=4
   n=150 m=100 M=[40, 105, 148] V={2: 1, 3: 6, 4: 3}  s=4 u_s=2 v_s=3  V_{s-1}=6 > d'=4
   n=150 m=100 M=[40, 105, 148] V={2: 3, 3: 6, 4: 3}  s=4 u_s=2 v_s=3  V_{s-1}=6 > d'=4
   n=150 m=100 M=[40, 105, 148] V={2: 5, 3: 6, 4: 3}  s=4 u_s=2 v_s=3  V_{s-1}=6 > d'=4
   n=150 m=100 M=[90, 125, 148] V={2: 1, 3: 6, 4: 3}  s=4 u_s=2 v_s=3  V_{s-1}=6 > d'=4
   n=150 m=100 M=[90, 125, 148] V={2: 4, 3: 6, 4: 3}  s=4 u_s=2 v_s=3  V_{s-1}=6 > d'=4
   n=160 m=120 M=[-100, -50, 55, 158] V={2: 1, 3: 12, 4: 6, 5: 3}  s=5 u_s=2 v_s=3  V_{s-1}=6 > d'=4
   n=160 m=120 M=[-100, -50, 55, 158] V={2: 3, 3: 12, 4: 6, 5: 3}  s=5 u_s=2 v_s=3  V_{s-1}=6 > d'=4
   n=160 m=120 M=[-100, -50, 55, 158] V={2: 23, 3: 12, 4: 6, 5: 3}  s=5 u_s=2 v_s=3  V_{s-1}=6 > d'=4
   n=160 m=120 M=[-100, 50, 55, 158] V={2: 1, 3: 12, 4: 6, 5: 3}  s=5 u_s=2 v_s=3  V_{s-1}=6 > d'=4
   n=160 m=120 M=[-100, 50, 55, 158] V={2: 2, 3: 12, 4: 6, 5: 3}  s=5 u_s=2 v_s=3  V_{s-1}=6 > d'=4
   n=160 m=120 M=[-100, 50, 55, 158] V={2: 15, 3: 12, 4: 6, 5: 3}  s=5 u_s=2 v_s=3  V_{s-1}=6 > d'=4
   n=160 m=120 M=[-20, 30, 65, 158] V={2: 1, 3: 1, 4: 6, 5: 3}  s=5 u_s=2 v_s=3  V_{s-1}=6 > d'=4
   n=162 m=108 M=[-90, 27, 160] V={2: 1, 3: 14, 4: 7}  s=4 u_s=2 v_s=7  V_{s-1}=14 > d'=4
   n=162 m=108 M=[-90, 27, 160] V={2: 5, 3: 14, 4: 7}  s=4 u_s=2 v_s=7  V_{s-1}=14 > d'=4
   n=162 m=108 M=[126, 153, 160] V={2: 8, 3: 8, 4: 7}  s=4 u_s=2 v_s=7  V_{s-1}=8 > d'=4
   n=168 m=126 M=[28, 105, 166] V={2: 1, 3: 10, 4: 5}  s=4 u_s=2 v_s=5  V_{s-1}=10 > d'=4
   n=168 m=126 M=[154, 161, 166] V={2: 7, 3: 10, 4: 5}  s=4 u_s=2 v_s=5  V_{s-1}=10 > d'=4
   n=168 m=112 M=[154, 161, 166] V={2: 5, 3: 10, 4: 5}  s=4 u_s=2 v_s=5  V_{s-1}=10 > d'=4
   n=168 m=112 M=[-84, 98, 119, 166] V={2: 2, 3: 1, 4: 8, 5: 4}  s=5 u_s=3 v_s=4  V_{s-1}=8 > d'=6
   n=168 m=112 M=[-84, 98, 119, 166] V={2: 2, 3: 3, 4: 8, 5: 4}  s=5 u_s=3 v_s=4  V_{s-1}=8 > d'=6
   n=168 m=112 M=[-84, 98, 147, 166] V={2: 1, 3: 16, 4: 8, 5: 4}  s=5 u_s=3 v_s=4  V_{s-1}=8 > d'=6
   n=168 m=112 M=[-84, 98, 147, 166] V={2: 2, 3: 16, 4: 8, 5: 4}  s=5 u_s=3 v_s=4  V_{s-1}=8 > d'=6
   n=168 m=112 M=[-84, 98, 147, 166] V={2: 5, 3: 16, 4: 8, 5: 4}  s=5 u_s=3 v_s=4  V_{s-1}=8 > d'=6
   n=168 m=112 M=[84, 154, 161, 166] V={2: 2, 3: 7, 4: 6, 5: 5}  s=5 u_s=2 v_s=5  V_{s-1}=6 > d'=4
   n=168 m=112 M=[84, 154, 161, 166] V={2: 3, 3: 7, 4: 6, 5: 5}  s=5 u_s=2 v_s=5  V_{s-1}=6 > d'=4
   n=168 m=112 M=[140, 154, 161, 166] V={2: 11, 3: 7, 4: 6, 5: 5}  s=5 u_s=2 v_s=5  V_{s-1}=6 > d'=4
   n=168 m=112 M=[140, 154, 161, 166] V={2: 11, 3: 17, 4: 10, 5: 5}  s=5 u_s=2 v_s=5  V_{s-1}=10 > d'=4
   n=180 m=120 M=[-84, 126, 178] V={2: 1, 3: 8, 4: 4}  s=4 u_s=2 v_s=4  V_{s-1}=8 > d'=4
   n=180 m=120 M=[-84, 126, 178] V={2: 2, 3: 8, 4: 4}  s=4 u_s=2 v_s=4  V_{s-1}=8 > d'=4
   n=180 m=120 M=[-84, 126, 178] V={2: 5, 3: 8, 4: 4}  s=4 u_s=2 v_s=4  V_{s-1}=8 > d'=4
   n=180 m=120 M=[-24, 138, 178] V={2: 1, 3: 8, 4: 4}  s=4 u_s=2 v_s=4  V_{s-1}=8 > d'=4
   n=180 m=120 M=[-24, 138, 178] V={2: 5, 3: 8, 4: 4}  s=4 u_s=2 v_s=4  V_{s-1}=8 > d'=4
   n=180 m=120 M=[36, 150, 178] V={2: 1, 3: 8, 4: 4}  s=4 u_s=2 v_s=4  V_{s-1}=8 > d'=4
   n=180 m=120 M=[36, 150, 178] V={2: 8, 3: 8, 4: 4}  s=4 u_s=2 v_s=4  V_{s-1}=8 > d'=4
   n=180 m=120 M=[96, 162, 178] V={2: 1, 3: 8, 4: 4}  s=4 u_s=2 v_s=4  V_{s-1}=8 > d'=4
   n=180 m=120 M=[96, 162, 178] V={2: 2, 3: 8, 4: 4}  s=4 u_s=2 v_s=4  V_{s-1}=8 > d'=4
   n=180 m=120 M=[96, 162, 178] V={2: 5, 3: 8, 4: 4}  s=4 u_s=2 v_s=4  V_{s-1}=8 > d'=4
   n=180 m=120 M=[168, 174, 178] V={2: 11, 3: 5, 4: 4}  s=4 u_s=2 v_s=4  V_{s-1}=5 > d'=4
   n=180 m=120 M=[-15, 130, 178] V={2: 2, 3: 9, 4: 3}  s=4 u_s=2 v_s=3  V_{s-1}=9 > d'=6
   n=180 m=120 M=[-15, 130, 178] V={2: 3, 3: 9, 4: 3}  s=4 u_s=2 v_s=3  V_{s-1}=9 > d'=6
   n=180 m=120 M=[-80, 150, 178] V={2: 1, 3: 16, 4: 8}  s=4 u_s=2 v_s=8  V_{s-1}=16 > d'=4
   n=180 m=120 M=[-80, 150, 178] V={2: 5, 3: 16, 4: 8}  s=4 u_s=2 v_s=8  V_{s-1}=16 > d'=4
   n=180 m=120 M=[80, 170, 178] V={2: 1, 3: 11, 4: 7}  s=4 u_s=3 v_s=7  V_{s-1}=11 > d'=6
   n=180 m=120 M=[100, 170, 178] V={2: 1, 3: 16, 4: 8}  s=4 u_s=2 v_s=8  V_{s-1}=16 > d'=4
   n=180 m=120 M=[100, 170, 178] V={2: 9, 3: 16, 4: 8}  s=4 u_s=2 v_s=8  V_{s-1}=16 > d'=4
   n=180 m=120 M=[-80, -30, 75, 178] V={2: 1, 3: 12, 4: 6, 5: 3}  s=5 u_s=2 v_s=3  V_{s-1}=6 > d'=4
   n=180 m=120 M=[-80, -30, 75, 178] V={2: 5, 3: 12, 4: 6, 5: 3}  s=5 u_s=2 v_s=3  V_{s-1}=6 > d'=4
   n=180 m=120 M=[-80, 50, 85, 178] V={2: 1, 3: 1, 4: 6, 5: 3}  s=5 u_s=2 v_s=3  V_{s-1}=6 > d'=4
   n=180 m=120 M=[-80, 50, 155, 178] V={2: 1, 3: 1, 4: 6, 5: 3}  s=5 u_s=2 v_s=3  V_{s-1}=6 > d'=4
   n=180 m=120 M=[-80, 70, 75, 178] V={2: 1, 3: 12, 4: 6, 5: 3}  s=5 u_s=2 v_s=3  V_{s-1}=6 > d'=4
   n=180 m=120 M=[-80, 70, 75, 178] V={2: 5, 3: 12, 4: 6, 5: 3}  s=5 u_s=2 v_s=3  V_{s-1}=6 > d'=4
   n=180 m=120 M=[-80, 70, 75, 178] V={2: 8, 3: 12, 4: 6, 5: 3}  s=5 u_s=2 v_s=3  V_{s-1}=6 > d'=4
   n=180 m=120 M=[-80, 70, 75, 178] V={2: 21, 3: 12, 4: 6, 5: 3}  s=5 u_s=2 v_s=3  V_{s-1}=6 > d'=4
   n=180 m=120 M=[-80, 70, 135, 178] V={2: 1, 3: 1, 4: 6, 5: 3}  s=5 u_s=2 v_s=3  V_{s-1}=6 > d'=4
   n=180 m=120 M=[-80, 70, 135, 178] V={2: 2, 3: 1, 4: 6, 5: 3}  s=5 u_s=2 v_s=3  V_{s-1}=6 > d'=4
   n=180 m=120 M=[-80, 70, 135, 178] V={2: 1, 3: 7, 4: 6, 5: 3}  s=5 u_s=2 v_s=3  V_{s-1}=6 > d'=4
   n=180 m=120 M=[-20, 50, 65, 178] V={2: 1, 3: 12, 4: 6, 5: 3}  s=5 u_s=2 v_s=3  V_{s-1}=6 > d'=4
   n=180 m=120 M=[-20, 50, 65, 178] V={2: 5, 3: 12, 4: 6, 5: 3}  s=5 u_s=2 v_s=3  V_{s-1}=6 > d'=4
   n=180 m=120 M=[-20, 50, 65, 178] V={2: 9, 3: 12, 4: 6, 5: 3}  s=5 u_s=2 v_s=3  V_{s-1}=6 > d'=4
   n=180 m=120 M=[-20, 150, 155, 178] V={2: 1, 3: 12, 4: 6, 5: 3}  s=5 u_s=2 v_s=3  V_{s-1}=6 > d'=4
   n=180 m=120 M=[-20, 150, 155, 178] V={2: 5, 3: 12, 4: 6, 5: 3}  s=5 u_s=2 v_s=3  V_{s-1}=6 > d'=4
   n=180 m=120 M=[20, 70, 115, 178] V={2: 1, 3: 12, 4: 6, 5: 3}  s=5 u_s=2 v_s=3  V_{s-1}=6 > d'=4
   n=180 m=120 M=[20, 70, 115, 178] V={2: 3, 3: 12, 4: 6, 5: 3}  s=5 u_s=2 v_s=3  V_{s-1}=6 > d'=4
   n=180 m=120 M=[20, 70, 115, 178] V={2: 5, 3: 12, 4: 6, 5: 3}  s=5 u_s=2 v_s=3  V_{s-1}=6 > d'=4
   n=180 m=120 M=[20, 70, 115, 178] V={2: 8, 3: 12, 4: 6, 5: 3}  s=5 u_s=2 v_s=3  V_{s-1}=6 > d'=4
   n=180 m=120 M=[20, 70, 115, 178] V={2: 17, 3: 12, 4: 6, 5: 3}  s=5 u_s=2 v_s=3  V_{s-1}=6 > d'=4
   n=180 m=120 M=[20, 70, 115, 178] V={2: 21, 3: 12, 4: 6, 5: 3}  s=5 u_s=2 v_s=3  V_{s-1}=6 > d'=4
   n=180 m=120 M=[20, 70, 135, 178] V={2: 3, 3: 1, 4: 6, 5: 3}  s=5 u_s=2 v_s=3  V_{s-1}=6 > d'=4
   n=180 m=120 M=[20, 70, 135, 178] V={2: 1, 3: 2, 4: 6, 5: 3}  s=5 u_s=2 v_s=3  V_{s-1}=6 > d'=4
   n=180 m=120 M=[20, 70, 135, 178] V={2: 3, 3: 2, 4: 6, 5: 3}  s=5 u_s=2 v_s=3  V_{s-1}=6 > d'=4
   n=180 m=120 M=[40, 50, 85, 178] V={2: 1, 3: 1, 4: 6, 5: 3}  s=5 u_s=2 v_s=3  V_{s-1}=6 > d'=4
   n=180 m=120 M=[40, 50, 155, 178] V={2: 1, 3: 1, 4: 6, 5: 3}  s=5 u_s=2 v_s=3  V_{s-1}=6 > d'=4
   n=180 m=120 M=[150, 168, 178] V={2: 3, 3: 13, 4: 4}  s=4 u_s=2 v_s=4  V_{s-1}=13 > d'=10
   n=180 m=120 M=[150, 174, 178] V={2: 11, 3: 17, 4: 4}  s=4 u_s=2 v_s=4  V_{s-1}=17 > d'=10
   n=180 m=120 M=[-90, -20, 25, 178] V={2: 1, 3: 18, 4: 6, 5: 3}  s=5 u_s=2 v_s=3  V_{s-1}=6 > d'=4
   n=180 m=120 M=[-90, -20, 25, 178] V={2: 2, 3: 18, 4: 6, 5: 3}  s=5 u_s=2 v_s=3  V_{s-1}=6 > d'=4
   n=180 m=120 M=[-90, -20, 25, 178] V={2: 5, 3: 18, 4: 6, 5: 3}  s=5 u_s=2 v_s=3  V_{s-1}=6 > d'=4
   n=180 m=120 M=[-90, -20, 25, 178] V={2: 7, 3: 18, 4: 6, 5: 3}  s=5 u_s=2 v_s=3  V_{s-1}=6 > d'=4
   n=180 m=120 M=[-90, -20, 85, 178] V={2: 1, 3: 1, 4: 6, 5: 3}  s=5 u_s=2 v_s=3  V_{s-1}=6 > d'=4
   n=180 m=120 M=[-90, 140, 155, 178] V={2: 1, 3: 18, 4: 6, 5: 3}  s=5 u_s=2 v_s=3  V_{s-1}=6 > d'=4
   n=180 m=120 M=[-90, 140, 155, 178] V={2: 2, 3: 18, 4: 6, 5: 3}  s=5 u_s=2 v_s=3  V_{s-1}=6 > d'=4
   n=180 m=120 M=[-90, 140, 155, 178] V={2: 5, 3: 18, 4: 6, 5: 3}  s=5 u_s=2 v_s=3  V_{s-1}=6 > d'=4
   n=180 m=120 M=[-30, 20, 115, 178] V={2: 2, 3: 1, 4: 6, 5: 3}  s=5 u_s=2 v_s=3  V_{s-1}=6 > d'=4
   n=180 m=120 M=[-30, 20, 115, 178] V={2: 2, 3: 3, 4: 6, 5: 3}  s=5 u_s=2 v_s=3  V_{s-1}=6 > d'=4
   n=180 m=120 M=[-30, 70, 135, 178] V={2: 2, 3: 1, 4: 6, 5: 3}  s=5 u_s=2 v_s=3  V_{s-1}=6 > d'=4
   n=180 m=120 M=[-30, 70, 135, 178] V={2: 4, 3: 2, 4: 6, 5: 3}  s=5 u_s=2 v_s=3  V_{s-1}=6 > d'=4
   n=180 m=120 M=[-30, 70, 135, 178] V={2: 1, 3: 3, 4: 6, 5: 3}  s=5 u_s=2 v_s=3  V_{s-1}=6 > d'=4
   n=180 m=120 M=[-30, 70, 135, 178] V={2: 2, 3: 3, 4: 6, 5: 3}  s=5 u_s=2 v_s=3  V_{s-1}=6 > d'=4
   n=180 m=120 M=[90, 165, 178] V={2: 1, 3: 12, 4: 11}  s=4 u_s=4 v_s=11  V_{s-1}=12 > d'=8
   n=180 m=120 M=[90, 165, 178] V={2: 3, 3: 12, 4: 11}  s=4 u_s=4 v_s=11  V_{s-1}=12 > d'=8
   n=180 m=120 M=[150, 165, 178] V={2: 11, 3: 11, 4: 10}  s=4 u_s=5 v_s=10  V_{s-1}=11 > d'=10
   n=180 m=120 M=[-90, 15, 25, 178] V={2: 1, 3: 18, 4: 9, 5: 3}  s=5 u_s=2 v_s=3  V_{s-1}=9 > d'=6
   n=180 m=120 M=[-90, 15, 25, 178] V={2: 2, 3: 18, 4: 9, 5: 3}  s=5 u_s=2 v_s=3  V_{s-1}=9 > d'=6
   n=180 m=120 M=[-90, 15, 25, 178] V={2: 3, 3: 18, 4: 9, 5: 3}  s=5 u_s=2 v_s=3  V_{s-1}=9 > d'=6
   n=180 m=120 M=[-90, 15, 25, 178] V={2: 5, 3: 18, 4: 9, 5: 3}  s=5 u_s=2 v_s=3  V_{s-1}=9 > d'=6
   n=180 m=120 M=[-90, 15, 25, 178] V={2: 17, 3: 18, 4: 9, 5: 3}  s=5 u_s=2 v_s=3  V_{s-1}=9 > d'=6
   n=180 m=120 M=[-90, 15, 140, 178] V={2: 1, 3: 18, 4: 9, 5: 3}  s=5 u_s=2 v_s=3  V_{s-1}=9 > d'=6
   n=180 m=120 M=[-90, 15, 140, 178] V={2: 2, 3: 18, 4: 9, 5: 3}  s=5 u_s=2 v_s=3  V_{s-1}=9 > d'=6
   n=180 m=120 M=[-90, 15, 140, 178] V={2: 3, 3: 18, 4: 9, 5: 3}  s=5 u_s=2 v_s=3  V_{s-1}=9 > d'=6
   n=180 m=120 M=[-90, 15, 140, 178] V={2: 5, 3: 18, 4: 9, 5: 3}  s=5 u_s=2 v_s=3  V_{s-1}=9 > d'=6
   n=180 m=120 M=[-90, 15, 140, 178] V={2: 17, 3: 18, 4: 9, 5: 3}  s=5 u_s=2 v_s=3  V_{s-1}=9 > d'=6
   n=180 m=120 M=[-30, 45, 70, 178] V={2: 2, 3: 1, 4: 9, 5: 3}  s=5 u_s=2 v_s=3  V_{s-1}=9 > d'=6
   n=180 m=120 M=[-30, 45, 70, 178] V={2: 1, 3: 2, 4: 9, 5: 3}  s=5 u_s=2 v_s=3  V_{s-1}=9 > d'=6
   n=180 m=120 M=[-30, 45, 70, 178] V={2: 2, 3: 2, 4: 9, 5: 3}  s=5 u_s=2 v_s=3  V_{s-1}=9 > d'=6
   n=180 m=120 M=[90, 135, 155, 178] V={2: 2, 3: 1, 4: 9, 5: 3}  s=5 u_s=2 v_s=3  V_{s-1}=9 > d'=6
   n=180 m=120 M=[90, 135, 155, 178] V={2: 2, 3: 5, 4: 9, 5: 3}  s=5 u_s=2 v_s=3  V_{s-1}=9 > d'=6
   n=180 m=120 M=[90, 135, 155, 178] V={2: 3, 3: 5, 4: 9, 5: 3}  s=5 u_s=2 v_s=3  V_{s-1}=9 > d'=6
   n=189 m=126 M=[42, 154, 187] V={2: 1, 3: 7, 4: 5}  s=4 u_s=2 v_s=5  V_{s-1}=7 > d'=6
   n=189 m=126 M=[42, 154, 187] V={2: 5, 3: 7, 4: 5}  s=4 u_s=2 v_s=5  V_{s-1}=7 > d'=6
   n=189 m=126 M=[168, 182, 187] V={2: 17, 3: 7, 4: 5}  s=4 u_s=2 v_s=5  V_{s-1}=7 > d'=6
   n=192 m=144 M=[-120, -12, 18, 190] V={2: 1, 3: 16, 4: 8, 5: 4}  s=5 u_s=2 v_s=4  V_{s-1}=8 > d'=4
   n=192 m=144 M=[-120, -12, 18, 190] V={2: 3, 3: 16, 4: 8, 5: 4}  s=5 u_s=2 v_s=4  V_{s-1}=8 > d'=4
   n=192 m=144 M=[-120, -12, 18, 190] V={2: 7, 3: 16, 4: 8, 5: 4}  s=5 u_s=2 v_s=4  V_{s-1}=8 > d'=4
   n=192 m=144 M=[-120, -12, 18, 190] V={2: 13, 3: 16, 4: 8, 5: 4}  s=5 u_s=2 v_s=4  V_{s-1}=8 > d'=4
   n=192 m=144 M=[-120, -12, 18, 190] V={2: 23, 3: 16, 4: 8, 5: 4}  s=5 u_s=2 v_s=4  V_{s-1}=8 > d'=4
   n=192 m=144 M=[-72, -12, 42, 190] V={2: 1, 3: 1, 4: 8, 5: 4}  s=5 u_s=2 v_s=4  V_{s-1}=8 > d'=4
   n=192 m=144 M=[-72, -12, 150, 190] V={2: 1, 3: 1, 4: 8, 5: 4}  s=5 u_s=2 v_s=4  V_{s-1}=8 > d'=4
   n=192 m=144 M=[-72, 12, 78, 190] V={2: 1, 3: 16, 4: 8, 5: 4}  s=5 u_s=2 v_s=4  V_{s-1}=8 > d'=4
   n=192 m=144 M=[-72, 12, 78, 190] V={2: 4, 3: 16, 4: 8, 5: 4}  s=5 u_s=2 v_s=4  V_{s-1}=8 > d'=4
   n=192 m=144 M=[-72, 12, 78, 190] V={2: 5, 3: 16, 4: 8, 5: 4}  s=5 u_s=2 v_s=4  V_{s-1}=8 > d'=4
   n=192 m=144 M=[-72, 12, 78, 190] V={2: 7, 3: 16, 4: 8, 5: 4}  s=5 u_s=2 v_s=4  V_{s-1}=8 > d'=4
   n=192 m=144 M=[-72, 12, 78, 190] V={2: 22, 3: 16, 4: 8, 5: 4}  s=5 u_s=2 v_s=4  V_{s-1}=8 > d'=4
   n=192 m=144 M=[-72, 12, 78, 190] V={2: 31, 3: 16, 4: 8, 5: 4}  s=5 u_s=2 v_s=4  V_{s-1}=8 > d'=4
   n=192 m=144 M=[-72, 12, 114, 190] V={2: 2, 3: 1, 4: 8, 5: 4}  s=5 u_s=2 v_s=4  V_{s-1}=8 > d'=4
   n=192 m=144 M=[-72, 12, 114, 190] V={2: 1, 3: 2, 4: 8, 5: 4}  s=5 u_s=2 v_s=4  V_{s-1}=8 > d'=4
   n=192 m=144 M=[-72, 108, 174, 190] V={2: 1, 3: 1, 4: 8, 5: 4}  s=5 u_s=2 v_s=4  V_{s-1}=8 > d'=4
   n=192 m=144 M=[-72, 108, 174, 190] V={2: 1, 3: 11, 4: 8, 5: 4}  s=5 u_s=2 v_s=4  V_{s-1}=8 > d'=4
   n=192 m=144 M=[-72, 108, 174, 190] V={2: 3, 3: 11, 4: 8, 5: 4}  s=5 u_s=2 v_s=4  V_{s-1}=8 > d'=4
   n=192 m=144 M=[-24, -12, 42, 190] V={2: 1, 3: 1, 4: 8, 5: 4}  s=5 u_s=2 v_s=4  V_{s-1}=8 > d'=4
   n=192 m=144 M=[-24, -12, 150, 190] V={2: 1, 3: 1, 4: 8, 5: 4}  s=5 u_s=2 v_s=4  V_{s-1}=8 > d'=4
   n=192 m=144 M=[-24, 132, 150, 190] V={2: 1, 3: 1, 4: 8, 5: 4}  s=5 u_s=2 v_s=4  V_{s-1}=8 > d'=4
   n=192 m=144 M=[-24, 132, 150, 190] V={2: 1, 3: 3, 4: 8, 5: 4}  s=5 u_s=2 v_s=4  V_{s-1}=8 > d'=4
   n=192 m=144 M=[-24, 132, 150, 190] V={2: 3, 3: 3, 4: 8, 5: 4}  s=5 u_s=2 v_s=4  V_{s-1}=8 > d'=4
   n=192 m=144 M=[-24, 132, 150, 190] V={2: 4, 3: 3, 4: 8, 5: 4}  s=5 u_s=2 v_s=4  V_{s-1}=8 > d'=4
   n=192 m=144 M=[-24, 132, 174, 190] V={2: 1, 3: 16, 4: 8, 5: 4}  s=5 u_s=2 v_s=4  V_{s-1}=8 > d'=4
   n=192 m=144 M=[-24, 132, 174, 190] V={2: 3, 3: 16, 4: 8, 5: 4}  s=5 u_s=2 v_s=4  V_{s-1}=8 > d'=4
   n=192 m=144 M=[-24, 132, 174, 190] V={2: 7, 3: 16, 4: 8, 5: 4}  s=5 u_s=2 v_s=4  V_{s-1}=8 > d'=4
   n=192 m=144 M=[-24, 132, 174, 190] V={2: 13, 3: 16, 4: 8, 5: 4}  s=5 u_s=2 v_s=4  V_{s-1}=8 > d'=4
   n=192 m=144 M=[-24, 132, 174, 190] V={2: 23, 3: 16, 4: 8, 5: 4}  s=5 u_s=2 v_s=4  V_{s-1}=8 > d'=4
   n=192 m=144 M=[-24, 132, 186, 190] V={2: 1, 3: 1, 4: 8, 5: 4}  s=5 u_s=2 v_s=4  V_{s-1}=8 > d'=4
   n=192 m=144 M=[-24, 132, 186, 190] V={2: 1, 3: 3, 4: 8, 5: 4}  s=5 u_s=2 v_s=4  V_{s-1}=8 > d'=4
   n=192 m=144 M=[-24, 132, 186, 190] V={2: 3, 3: 3, 4: 8, 5: 4}  s=5 u_s=2 v_s=4  V_{s-1}=8 > d'=4
   n=192 m=144 M=[24, 60, 186, 190] V={2: 1, 3: 1, 4: 5, 5: 4}  s=5 u_s=2 v_s=4  V_{s-1}=5 > d'=4
   n=192 m=144 M=[72, 108, 138, 190] V={2: 1, 3: 1, 4: 8, 5: 4}  s=5 u_s=2 v_s=4  V_{s-1}=8 > d'=4
   n=192 m=144 M=[72, 108, 138, 190] V={2: 1, 3: 5, 4: 8, 5: 4}  s=5 u_s=2 v_s=4  V_{s-1}=8 > d'=4
   n=192 m=144 M=[72, 108, 138, 190] V={2: 4, 3: 5, 4: 8, 5: 4}  s=5 u_s=2 v_s=4  V_{s-1}=8 > d'=4
   n=192 m=144 M=[72, 108, 174, 190] V={2: 1, 3: 1, 4: 8, 5: 4}  s=5 u_s=2 v_s=4  V_{s-1}=8 > d'=4
   n=192 m=144 M=[72, 108, 174, 190] V={2: 1, 3: 2, 4: 8, 5: 4}  s=5 u_s=2 v_s=4  V_{s-1}=8 > d'=4
   n=192 m=144 M=[72, 108, 174, 190] V={2: 4, 3: 2, 4: 8, 5: 4}  s=5 u_s=2 v_s=4  V_{s-1}=8 > d'=4
   n=192 m=144 M=[120, 132, 150, 190] V={2: 1, 3: 1, 4: 8, 5: 4}  s=5 u_s=2 v_s=4  V_{s-1}=8 > d'=4
   n=192 m=144 M=[120, 132, 150, 190] V={2: 1, 3: 3, 4: 8, 5: 4}  s=5 u_s=2 v_s=4  V_{s-1}=8 > d'=4
   n=192 m=144 M=[120, 132, 150, 190] V={2: 2, 3: 3, 4: 8, 5: 4}  s=5 u_s=2 v_s=4  V_{s-1}=8 > d'=4
   n=192 m=128 M=[144, 184, 190] V={2: 7, 3: 7, 4: 6}  s=4 u_s=2 v_s=6  V_{s-1}=7 > d'=4
   n=192 m=128 M=[-32, 144, 184, 190] V={2: 2, 3: 1, 4: 7, 5: 6}  s=5 u_s=2 v_s=6  V_{s-1}=7 > d'=4
   n=192 m=128 M=[-32, 144, 184, 190] V={2: 1, 3: 8, 4: 7, 5: 6}  s=5 u_s=2 v_s=6  V_{s-1}=7 > d'=4
   n=192 m=128 M=[-32, 144, 184, 190] V={2: 2, 3: 8, 4: 7, 5: 6}  s=5 u_s=2 v_s=6  V_{s-1}=7 > d'=4
   n=192 m=128 M=[32, 144, 168, 190] V={2: 1, 3: 24, 4: 12, 5: 6}  s=5 u_s=2 v_s=6  V_{s-1}=12 > d'=4
   n=192 m=128 M=[32, 144, 168, 190] V={2: 5, 3: 24, 4: 12, 5: 6}  s=5 u_s=2 v_s=6  V_{s-1}=12 > d'=4
   n=192 m=128 M=[32, 144, 184, 190] V={2: 1, 3: 1, 4: 12, 5: 6}  s=5 u_s=2 v_s=6  V_{s-1}=12 > d'=4
   n=192 m=128 M=[32, 144, 184, 190] V={2: 1, 3: 3, 4: 12, 5: 6}  s=5 u_s=2 v_s=6  V_{s-1}=12 > d'=4
   n=192 m=128 M=[96, 144, 184, 190] V={2: 1, 3: 1, 4: 12, 5: 6}  s=5 u_s=2 v_s=6  V_{s-1}=12 > d'=4
   n=192 m=128 M=[96, 144, 184, 190] V={2: 3, 3: 3, 4: 12, 5: 6}  s=5 u_s=2 v_s=6  V_{s-1}=12 > d'=4
   n=192 m=128 M=[160, 176, 184, 190] V={2: 11, 3: 11, 4: 7, 5: 6}  s=5 u_s=2 v_s=6  V_{s-1}=7 > d'=4
   n=198 m=132 M=[-44, 143, 196] V={2: 1, 3: 14, 4: 7}  s=4 u_s=4 v_s=7  V_{s-1}=14 > d'=8
   n=198 m=132 M=[-44, 143, 196] V={2: 5, 3: 14, 4: 7}  s=4 u_s=4 v_s=7  V_{s-1}=14 > d'=8
   n=198 m=132 M=[176, 187, 196] V={2: 10, 3: 16, 4: 8}  s=4 u_s=3 v_s=8  V_{s-1}=16 > d'=6
   n=198 m=132 M=[99, 187, 196] V={2: 1, 3: 19, 4: 9}  s=4 u_s=2 v_s=9  V_{s-1}=19 > d'=6
   n=198 m=132 M=[99, 187, 196] V={2: 3, 3: 19, 4: 9}  s=4 u_s=2 v_s=9  V_{s-1}=19 > d'=6
   n=200 m=80 M=[-60, -10, 95, 198] V={2: 3, 3: 12, 4: 6, 5: 3}  s=5 u_s=2 v_s=3  V_{s-1}=6 > d'=4
   n=200 m=80 M=[-60, -10, 95, 198] V={2: 18, 3: 12, 4: 6, 5: 3}  s=5 u_s=2 v_s=3  V_{s-1}=6 > d'=4
   n=200 m=80 M=[-60, 90, 95, 198] V={2: 2, 3: 12, 4: 6, 5: 3}  s=5 u_s=2 v_s=3  V_{s-1}=6 > d'=4
   n=200 m=80 M=[-60, 90, 95, 198] V={2: 3, 3: 12, 4: 6, 5: 3}  s=5 u_s=2 v_s=3  V_{s-1}=6 > d'=4
   n=200 m=80 M=[-60, 90, 95, 198] V={2: 15, 3: 12, 4: 6, 5: 3}  s=5 u_s=2 v_s=3  V_{s-1}=6 > d'=4
   n=200 m=120 M=[-60, -10, 95, 198] V={2: 2, 3: 12, 4: 6, 5: 3}  s=5 u_s=2 v_s=3  V_{s-1}=6 > d'=4
   n=200 m=120 M=[-60, 90, 95, 198] V={2: 2, 3: 12, 4: 6, 5: 3}  s=5 u_s=2 v_s=3  V_{s-1}=6 > d'=4
   n=200 m=120 M=[-60, 90, 95, 198] V={2: 5, 3: 12, 4: 6, 5: 3}  s=5 u_s=2 v_s=3  V_{s-1}=6 > d'=4
   n=200 m=120 M=[20, 70, 105, 198] V={2: 1, 3: 1, 4: 6, 5: 3}  s=5 u_s=2 v_s=3  V_{s-1}=6 > d'=4
   n=200 m=120 M=[20, 70, 175, 198] V={2: 1, 3: 1, 4: 6, 5: 3}  s=5 u_s=2 v_s=3  V_{s-1}=6 > d'=4
   n=200 m=160 M=[-140, -70, 5, 198] V={2: 1, 3: 12, 4: 6, 5: 3}  s=5 u_s=2 v_s=3  V_{s-1}=6 > d'=4
   n=200 m=160 M=[-140, -70, 5, 198] V={2: 9, 3: 12, 4: 6, 5: 3}  s=5 u_s=2 v_s=3  V_{s-1}=6 > d'=4
   n=200 m=160 M=[-140, 150, 175, 198] V={2: 1, 3: 12, 4: 6, 5: 3}  s=5 u_s=2 v_s=3  V_{s-1}=6 > d'=4
   n=200 m=160 M=[-60, -10, 95, 198] V={2: 1, 3: 12, 4: 6, 5: 3}  s=5 u_s=2 v_s=3  V_{s-1}=6 > d'=4
   n=200 m=160 M=[-60, -10, 95, 198] V={2: 9, 3: 12, 4: 6, 5: 3}  s=5 u_s=2 v_s=3  V_{s-1}=6 > d'=4
   n=200 m=160 M=[-60, -10, 95, 198] V={2: 14, 3: 12, 4: 6, 5: 3}  s=5 u_s=2 v_s=3  V_{s-1}=6 > d'=4
   n=200 m=160 M=[-60, 90, 95, 198] V={2: 1, 3: 12, 4: 6, 5: 3}  s=5 u_s=2 v_s=3  V_{s-1}=6 > d'=4
   n=200 m=160 M=[-60, 90, 95, 198] V={2: 3, 3: 12, 4: 6, 5: 3}  s=5 u_s=2 v_s=3  V_{s-1}=6 > d'=4
   n=200 m=160 M=[-60, 90, 95, 198] V={2: 9, 3: 12, 4: 6, 5: 3}  s=5 u_s=2 v_s=3  V_{s-1}=6 > d'=4
   n=200 m=160 M=[20, 70, 105, 198] V={2: 1, 3: 1, 4: 6, 5: 3}  s=5 u_s=2 v_s=3  V_{s-1}=6 > d'=4
   n=200 m=150 M=[-110, 75, 198] V={2: 1, 3: 6, 4: 3}  s=4 u_s=2 v_s=3  V_{s-1}=6 > d'=4
   n=200 m=150 M=[-60, 95, 198] V={2: 1, 3: 6, 4: 3}  s=4 u_s=2 v_s=3  V_{s-1}=6 > d'=4
   n=200 m=150 M=[-60, 95, 198] V={2: 4, 3: 6, 4: 3}  s=4 u_s=2 v_s=3  V_{s-1}=6 > d'=4
   n=200 m=150 M=[-10, 115, 198] V={2: 1, 3: 6, 4: 3}  s=4 u_s=2 v_s=3  V_{s-1}=6 > d'=4
   n=200 m=150 M=[40, 135, 198] V={2: 1, 3: 6, 4: 3}  s=4 u_s=2 v_s=3  V_{s-1}=6 > d'=4
   n=200 m=150 M=[90, 155, 198] V={2: 1, 3: 6, 4: 3}  s=4 u_s=2 v_s=3  V_{s-1}=6 > d'=4
   n=200 m=150 M=[140, 175, 198] V={2: 1, 3: 6, 4: 3}  s=4 u_s=2 v_s=3  V_{s-1}=6 > d'=4

wrote ctop.json (22s)
