operative rows 1420

-- DEPTH: operative residue by descended height s' --
  by s'                : {2: 67, 3: 426, 4: 791, 5: 136}
  s'>=3                : 1353 rows, 48 degree pairs, 96 distinct (n',m',ell)
  s'>=4                : 927 rows
  s'>=3 by (s',u_s)    : {(3, 1): 330, (3, 2): 74, (3, 3): 14, (3, 4): 7, (3, 5): 1, (4, 1): 596, (4, 2): 181, (4, 3): 14, (5, 1): 136}
  s'>=3 by ell         : {0: 142, 1: 739, 2: 329, 3: 82, 4: 11, 5: 37, 6: 7, 7: 6}
  s'>=3 by sign(u')    : {"u'<0": 90, "u'=0": 2, "u'>0": 1261}

-- SECOND DESCENT: is delta'_{s'} = -1 on the child? --
  delta'_{s'} = -1 count: {False: 1263, True: 157}
  ell = 0 count         : {False: 1278, True: 142}
  ell=0 AND M'_{s'}=n'-2: 31
  delta'_{s'} values (top 12): {'-1': 157, '-1/10': 87, '-1/11': 25, '-1/12': 5, '-1/14': 51, '-1/15': 31, '-1/16': 1, '-1/17': 14, '-1/19': 25, '-1/2': 100, '-1/20': 2, '-1/25': 13}
  rows admitting a SECOND Prop 6.3 descent: 157
     n=64 m=48 M=[52, 62] V={2: 3, 3: 3} s=3 ell=1 (n',m')=(16,12) M'_{s'}=13
     n=75 m=50 M=[55, 73] V={2: 2, 3: 4} s=3 ell=2 (n',m')=(15,10) M'_{s'}=11
     n=75 m=50 M=[55, 73] V={2: 3, 3: 4} s=3 ell=2 (n',m')=(15,10) M'_{s'}=11
     n=84 m=56 M=[72, 82] V={2: 5, 3: 3} s=3 ell=1 (n',m')=(21,14) M'_{s'}=18
     n=99 m=66 M=[77, 97] V={2: 8, 3: 8} s=3 ell=4 (n',m')=(27,18) M'_{s'}=21
     n=108 m=72 M=[81, 106] V={2: 7, 3: 7} s=3 ell=4 (n',m')=(24,16) M'_{s'}=18
     n=108 m=72 M=[24, 78, 106] V={2: 1, 3: 1, 4: 5} s=4 ell=3 (n',m')=(18,12) M'_{s'}=13
     n=108 m=72 M=[24, 78, 106] V={2: 1, 3: 4, 4: 5} s=4 ell=3 (n',m')=(18,12) M'_{s'}=13
     n=112 m=80 M=[100, 110] V={2: 3, 3: 3} s=3 ell=1 (n',m')=(28,20) M'_{s'}=25
     n=120 m=100 M=[30, 115, 118] V={2: 6, 3: 3, 4: 3} s=4 ell=0 (n',m')=(48,40) M'_{s'}=46
     n=120 m=80 M=[60, 108, 118] V={2: 3, 3: 3, 4: 3} s=4 ell=1 (n',m')=(30,20) M'_{s'}=27
     n=125 m=75 M=[105, 123] V={2: 2, 3: 4} s=3 ell=2 (n',m')=(25,15) M'_{s'}=21
     n=128 m=96 M=[48, 116, 126] V={2: 4, 3: 2, 4: 3} s=4 ell=1 (n',m')=(32,24) M'_{s'}=29
     n=128 m=96 M=[112, 116, 126] V={2: 3, 3: 3, 4: 3} s=4 ell=1 (n',m')=(32,24) M'_{s'}=29
     n=132 m=88 M=[120, 130] V={2: 8, 3: 3} s=3 ell=1 (n',m')=(33,22) M'_{s'}=30
     n=135 m=90 M=[105, 133] V={2: 8, 3: 11} s=3 ell=6 (n',m')=(36,24) M'_{s'}=28
     n=140 m=120 M=[-10, 135, 138] V={2: 6, 3: 3, 4: 3} s=4 ell=0 (n',m')=(56,48) M'_{s'}=54
     n=144 m=108 M=[117, 142] V={2: 3, 3: 7} s=3 ell=4 (n',m')=(32,24) M'_{s'}=26
     n=144 m=108 M=[60, 114, 142] V={2: 1, 3: 1, 4: 5} s=4 ell=3 (n',m')=(24,18) M'_{s'}=19
     n=144 m=108 M=[60, 114, 142] V={2: 1, 3: 4, 4: 5} s=4 ell=3 (n',m')=(24,18) M'_{s'}=19

-- delta'_2 = -1 (two-point leading form licensed at level 2 of the child)? --
  delta'_2 == -1: {False: 1339, True: 81}
  delta'_2 == -1 among s'>=3: {False: 1305, True: 48}

-- smallest s'>=3 descended receivers (n',m'; M'; ell; V'_2; u') --
   (16,12) parent (96,72) M'=['6', '13'] ell=3 s'=3 V'_2=1 u'=3 d'_2=4
   (16,12) parent (96,72) M'=['6', '13'] ell=3 s'=3 V'_2=1 u'=3 d'_2=4
   (16,12) parent (96,72) M'=['6', '13'] ell=3 s'=3 V'_2=4 u'=0 d'_2=4
   (20,8) parent (120,48) M'=['10', '17'] ell=3 s'=3 V'_2=1 u'=3 d'_2=4
   (20,8) parent (120,48) M'=['10', '17'] ell=3 s'=3 V'_2=1 u'=3 d'_2=4
   (18,12) parent (90,60) M'=['2', '9'] ell=2 s'=3 V'_2=1 u'=5 d'_2=6
   (18,12) parent (90,60) M'=['2', '9'] ell=2 s'=3 V'_2=3 u'=3 d'_2=6
   (18,12) parent (90,60) M'=['9', '16'] ell=2 s'=3 V'_2=2 u'=4 d'_2=6
   (18,12) parent (90,60) M'=['9', '16'] ell=2 s'=3 V'_2=3 u'=3 d'_2=6
   (18,12) parent (108,72) M'=['4', '13'] ell=3 s'=3 V'_2=1 u'=5 d'_2=6
   (18,12) parent (108,72) M'=['4', '13'] ell=3 s'=3 V'_2=1 u'=5 d'_2=6
   (18,12) parent (108,72) M'=['8', '15'] ell=3 s'=3 V'_2=1 u'=5 d'_2=6

wrote depth.json
