u_s=1 operative rows priced: 1110  (chartable 1026, U-NEGATIVE 84)
chartable with s'>=3: 978
unknown-count quantiles (s'>=3): [78, 149, 221, 405, 906, 1636, 4952]

-- 15 cheapest s'>=3 charts --
  unk=78    (n',m')=(24,16) s'=4 K'=8 e'=3 q'=2 V'_2=1 u'=7 ell=1 d1'=1/18 ds'=-1/9 B=-13/18 | parent (96,64) M=[-48, -8, 20, 94] V={'2': 1, '3': 1, '4': 6, '5': 3}
  unk=89    (n',m')=(18,12) s'=3 K'=6 e'=3 q'=2 V'_2=3 u'=3 ell=2 d1'=-1/8 ds'=-3/8 B=-3/2 | parent (90,60) M=[10, 45, 88] V={'2': 3, '3': 8, '4': 4}
  unk=90    (n',m')=(36,24) s'=4 K'=12 e'=3 q'=2 V'_2=7 u'=5 ell=1 d1'=-6/119 ds'=-1/15 B=-35/51 | parent (144,96) M=[-72, -16, 20, 142] V={'2': 7, '3': 18, '4': 6, '5': 3}
  unk=93    (n',m')=(36,24) s'=4 K'=12 e'=3 q'=2 V'_2=5 u'=7 ell=1 d1'=-1/21 ds'=-1/15 B=-74/105 | parent (144,96) M=[-72, -16, 20, 142] V={'2': 5, '3': 18, '4': 6, '5': 3}
  unk=93    (n',m')=(36,24) s'=4 K'=12 e'=3 q'=2 V'_2=5 u'=7 ell=1 d1'=-1/21 ds'=-1/15 B=-74/105 | parent (144,96) M=[-72, 12, 20, 142] V={'2': 5, '3': 18, '4': 9, '5': 3}
  unk=98    (n',m')=(30,20) s'=3 K'=10 e'=3 q'=2 V'_2=5 u'=5 ell=1 d1'=-1/12 ds'=-1/8 B=-25/24 | parent (120,80) M=[-48, 52, 118] V={'2': 5, '3': 6, '4': 3}
  unk=98    (n',m')=(36,24) s'=4 K'=12 e'=3 q'=2 V'_2=9 u'=3 ell=1 d1'=-46/847 ds'=-1/11 B=-645/847 | parent (144,96) M=[-16, 40, 52, 142] V={'2': 9, '3': 12, '4': 6, '5': 3}
  unk=99    (n',m')=(36,24) s'=4 K'=12 e'=3 q'=2 V'_2=3 u'=9 ell=1 d1'=-2/49 ds'=-1/15 B=-177/245 | parent (144,96) M=[-72, 12, 20, 142] V={'2': 3, '3': 18, '4': 9, '5': 3}
  unk=103   (n',m')=(36,24) s'=4 K'=12 e'=3 q'=2 V'_2=2 u'=10 ell=1 d1'=-2/63 ds'=-1/15 B=-46/63 | parent (144,96) M=[-72, -16, 20, 142] V={'2': 2, '3': 18, '4': 6, '5': 3}
  unk=103   (n',m')=(36,24) s'=4 K'=12 e'=3 q'=2 V'_2=2 u'=10 ell=1 d1'=-2/63 ds'=-1/15 B=-46/63 | parent (144,96) M=[-72, 12, 20, 142] V={'2': 2, '3': 18, '4': 9, '5': 3}
  unk=104   (n',m')=(42,28) s'=3 K'=14 e'=3 q'=2 V'_2=5 u'=9 ell=1 d1'=-17/399 ds'=-1/19 B=-274/399 | parent (168,112) M=[-104, 12, 166] V={'2': 5, '3': 6, '4': 3}
  unk=106   (n',m')=(32,24) s'=4 K'=8 e'=4 q'=3 V'_2=7 u'=1 ell=2 d1'=-13/144 ds'=-3/28 B=-745/1008 | parent (160,120) M=[-100, -10, 15, 158] V={'2': 7, '3': 16, '4': 8, '5': 4}
  unk=108   (n',m')=(32,24) s'=4 K'=8 e'=4 q'=3 V'_2=3 u'=5 ell=1 d1'=-9/125 ds'=-1/10 B=-179/250 | parent (128,96) M=[-80, -40, 44, 126] V={'2': 3, '3': 12, '4': 6, '5': 3}
  unk=108   (n',m')=(36,24) s'=4 K'=12 e'=3 q'=2 V'_2=8 u'=4 ell=1 d1'=-14/195 ds'=-1/10 B=-38/39 | parent (144,96) M=[-64, 56, 60, 142] V={'2': 8, '3': 12, '4': 6, '5': 3}
  unk=108   (n',m')=(36,24) s'=4 K'=12 e'=3 q'=2 V'_2=5 u'=7 ell=1 d1'=-8/231 ds'=-1/11 B=-17/21 | parent (144,96) M=[-16, 40, 52, 142] V={'2': 5, '3': 12, '4': 6, '5': 3}

-- 6 cheapest s'=2 charts (the covered Appendix-II shape) --
  unk=44    (n',m')=(16,12) K'=4 V'_2=3 u'=1 ell=1 | parent (64,48) V={'2': 3, '3': 3}
  unk=54    (n',m')=(27,18) K'=9 V'_2=8 u'=1 ell=1 | parent (108,72) V={'2': 8, '3': 8, '4': 3}
  unk=64    (n',m')=(24,16) K'=8 V'_2=7 u'=1 ell=2 | parent (120,80) V={'2': 7, '3': 7, '4': 4}
  unk=66    (n',m')=(15,10) K'=5 V'_2=3 u'=2 ell=2 | parent (75,50) V={'2': 3, '3': 4}
  unk=72    (n',m')=(27,18) K'=9 V'_2=8 u'=1 ell=2 | parent (135,90) V={'2': 8, '3': 8, '4': 4}
  unk=72    (n',m')=(24,16) K'=8 V'_2=7 u'=1 ell=3 | parent (144,96) V={'2': 7, '3': 7, '4': 5}

wrote sizes.json
