Running as unit: run-r3b6db043a6c5403b8e75193d535da770.scope; invocation ID: 2046487eb8b24a96b2b6a8323d98ce41
	Command being timed: "timeout 7200 /home/ubuntu/venvs/td6/bin/python jc2/cases/td6_c1_c2_c3_q2_source_row_shards_v55_v56_20260825/replay.py"
	User time (seconds): 1424.68
	System time (seconds): 0.49
	Percent of CPU this job got: 99%
	Elapsed (wall clock) time (h:mm:ss or m:ss): 23:45.18
	Average shared text size (kbytes): 0
	Average unshared data size (kbytes): 0
	Average stack size (kbytes): 0
	Average total size (kbytes): 0
	Maximum resident set size (kbytes): 496804
	Average resident set size (kbytes): 0
	Major (requiring I/O) page faults: 0
	Minor (reclaiming a frame) page faults: 216688
	Voluntary context switches: 3
	Involuntary context switches: 1212
	Swaps: 0
	File system inputs: 0
	File system outputs: 1216
	Socket messages sent: 0
	Socket messages received: 0
	Signals delivered: 0
	Page size (bytes): 4096
	Exit status: 0
