{
  "builder_run": {
    "reason": "custodied rows already exist",
    "skipped": true
  },
  "canonical_stem": "C_n24m18_M9_20_ell1_s3_G",
  "class_id": "C_n24m18_M9_20_ell1_s3",
  "class_uniform_chart": true,
  "coefficient_generators": 560,
  "emitter_run": {
    "command": [
      "/usr/bin/python3",
      "/home/ubuntu/jc2/box/gi-only-20260905/gi_only_emit.py",
      "emit-guided",
      "--class-id",
      "C_n24m18_M9_20_ell1_s3"
    ],
    "command_shell_quoted": "/usr/bin/python3 /home/ubuntu/jc2/box/gi-only-20260905/gi_only_emit.py emit-guided --class-id C_n24m18_M9_20_ell1_s3",
    "cwd": "/home/ubuntu/jc2/box/gi-only-20260905",
    "elapsed_seconds": 2.33068,
    "finished_utc": "2026-09-05T16:05:39Z",
    "gnu_time_elapsed": null,
    "peak_rss_kib": 2218172,
    "peak_rss_source": "sampled_process_group_100ms",
    "returncode": 0,
    "rss_sample_count": 22,
    "sampled_process_group_peak_rss_kib": 2218172,
    "started_utc": "2026-09-05T16:05:37Z",
    "stderr": {
      "bytes": 0,
      "path": "/home/ubuntu/jc2/box/gi-only-20260905/classes/C_n24m18_M9_20_ell1_s3/solve/emit-guided.stderr",
      "sha256": "e3b0c44298fc1c149afbf4c8996fb92427ae41e4649b934ca495991b7852b855"
    },
    "stdout": {
      "bytes": 385,
      "path": "/home/ubuntu/jc2/box/gi-only-20260905/classes/C_n24m18_M9_20_ell1_s3/solve/emit-guided.stdout",
      "sha256": "936e573cf90d6d2d00a5df96f5d9342f47f0b34afbca730bc652a512d0c7df17"
    },
    "timed_out": false,
    "watchdog_seconds": 180
  },
  "exact_q": {
    "controls": {
      "complete": false,
      "expected_generators_including_Tc_minus_1": 561,
      "guided_generator_counts": [
        561
      ],
      "guided_main": {
        "accepted": false,
        "basis_size": null,
        "dimension": null,
        "lead_dim": null,
        "lead_vdim": null,
        "missing_markers": [
          "NF_ALL_ZERO",
          "UNIT",
          "DIM",
          "BASIS_SIZE",
          "LEAD_DIM",
          "ACCEPT",
          "NF_ZERO"
        ],
        "nf_all_zero": false,
        "unit": false,
        "vdim": null,
        "vdim_matches_predicted": null
      },
      "named": {
        "empty": {
          "fail_count": 0,
          "pass_count": 1
        },
        "nonempty": {
          "fail_count": 0,
          "pass_count": 1
        },
        "ring": {
          "fail_count": 0,
          "pass_count": 1
        }
      },
      "named_controls_pass": true,
      "nf_generator_rows": 0,
      "script_done_count": 0,
      "singular_error_lines": [],
      "std_seconds_markers": []
    },
    "run": {
      "command": [
        "/home/ubuntu/jc2/box/gi-only-20260905/time_singular.sh",
        "--cpus=1",
        "--threads=1",
        "--flint-threads=1",
        "--no-rc",
        "-q",
        "/home/ubuntu/jc2/box/gi-only-20260905/classes/C_n24m18_M9_20_ell1_s3/jobs/C_n24m18_M9_20_ell1_s3_G_Q_guided.sing"
      ],
      "command_shell_quoted": "/home/ubuntu/jc2/box/gi-only-20260905/time_singular.sh --cpus=1 --threads=1 --flint-threads=1 --no-rc -q /home/ubuntu/jc2/box/gi-only-20260905/classes/C_n24m18_M9_20_ell1_s3/jobs/C_n24m18_M9_20_ell1_s3_G_Q_guided.sing",
      "cwd": "/home/ubuntu/jc2/box/gi-only-20260905/classes/C_n24m18_M9_20_ell1_s3",
      "elapsed_seconds": 600.009879,
      "finished_utc": "2026-09-05T16:15:40Z",
      "gnu_time_elapsed": null,
      "peak_rss_kib": 20692452,
      "peak_rss_source": "sampled_process_group_100ms",
      "returncode": -15,
      "rss_sample_count": 5567,
      "sampled_process_group_peak_rss_kib": 20692452,
      "started_utc": "2026-09-05T16:05:40Z",
      "stderr": {
        "bytes": 0,
        "path": "/home/ubuntu/jc2/box/gi-only-20260905/classes/C_n24m18_M9_20_ell1_s3/solve/C_n24m18_M9_20_ell1_s3_G_Q.stderr",
        "sha256": "e3b0c44298fc1c149afbf4c8996fb92427ae41e4649b934ca495991b7852b855"
      },
      "stdout": {
        "bytes": 218,
        "path": "/home/ubuntu/jc2/box/gi-only-20260905/classes/C_n24m18_M9_20_ell1_s3/solve/C_n24m18_M9_20_ell1_s3_G_Q.stdout",
        "sha256": "f44ac80d12b781b0aba7176db688b890ca16b27f2ba3a43d3cfd3bba7bcb79af"
      },
      "timed_out": true,
      "watchdog_seconds": 600
    }
  },
  "finished_utc": "2026-09-05T16:15:40Z",
  "guided_script": {
    "bytes": 733755231,
    "path": "/home/ubuntu/jc2/box/gi-only-20260905/classes/C_n24m18_M9_20_ell1_s3/jobs/C_n24m18_M9_20_ell1_s3_G_Q_guided.sing",
    "sha256": "d571659a809bd69481827323694797270597cbfeb7a4e58a896774dffdb4d04f"
  },
  "host": {
    "cpu_model": "Intel(R) Xeon(R) Platinum 8488C",
    "hostname": "ip-172-30-0-235",
    "pid": 12933,
    "platform": "Linux-7.0.0-1011-aws-x86_64-with-glibc2.39"
  },
  "ideal_generators_including_Tc_minus_1": 561,
  "inputs": {
    "builder": {
      "bytes": 22018,
      "path": "/home/ubuntu/jc2/box/gi-only-20260905/classes/C_n24m18_M9_20_ell1_s3/builders/C_n24m18_M9_20_ell1_s3_G_builder.sing",
      "sha256": "8dd3b7800cdc2fc3519da5b99100ee7919860a13790f531e4ee5387dc0ddb698"
    },
    "class_json": {
      "bytes": 12854,
      "path": "/home/ubuntu/jc2/box/gi-only-20260905/classes/C_n24m18_M9_20_ell1_s3/class.json",
      "sha256": "3a96e50d4399bce7617f8e9c188b4d5b309dcfce98e9ef16052f5f5e0487a005"
    },
    "meta_prebuild": {
      "bytes": 27012,
      "path": "/home/ubuntu/jc2/box/gi-only-20260905/classes/C_n24m18_M9_20_ell1_s3/meta/C_n24m18_M9_20_ell1_s3_G.json",
      "sha256": "860b670962b67a17cad37b220c0fd634e233f638d996086668bc9bcb4c8ea393"
    }
  },
  "meta_postemit": {
    "bytes": 27152,
    "path": "/home/ubuntu/jc2/box/gi-only-20260905/classes/C_n24m18_M9_20_ell1_s3/meta/C_n24m18_M9_20_ell1_s3_G.json",
    "sha256": "9cb1170149a97244d034d2a2834fc6d7e5ddc346245cb722a2314d105a8c1f5c"
  },
  "modular_policy": "SCREEN_ONLY_NEVER_PROMOTED",
  "modular_screen": {
    "characteristic": 1073741827,
    "detail": "custody-preserving modular input emission failed",
    "emit_run": {
      "command": [
        "/usr/bin/python3",
        "/home/ubuntu/jc2/box/moh14-charts-20260905/msolve_chart.py",
        "emit",
        "--meta",
        "/home/ubuntu/jc2/box/gi-only-20260905/classes/C_n24m18_M9_20_ell1_s3/meta/C_n24m18_M9_20_ell1_s3_G.json",
        "--rows",
        "/home/ubuntu/jc2/box/gi-only-20260905/classes/C_n24m18_M9_20_ell1_s3/rows/C_n24m18_M9_20_ell1_s3_G_rows.tsv",
        "--builder",
        "/home/ubuntu/jc2/box/gi-only-20260905/classes/C_n24m18_M9_20_ell1_s3/builders/C_n24m18_M9_20_ell1_s3_G_builder.sing",
        "--characteristic",
        "1073741827",
        "--output",
        "/home/ubuntu/jc2/box/gi-only-20260905/classes/C_n24m18_M9_20_ell1_s3/solve/modular-screen/C_n24m18_M9_20_ell1_s3_G_p1073741827.ms",
        "--manifest",
        "/home/ubuntu/jc2/box/gi-only-20260905/classes/C_n24m18_M9_20_ell1_s3/solve/modular-screen/C_n24m18_M9_20_ell1_s3_G_p1073741827.manifest.json",
        "--json-output",
        "/home/ubuntu/jc2/box/gi-only-20260905/classes/C_n24m18_M9_20_ell1_s3/solve/modular-screen/C_n24m18_M9_20_ell1_s3_G_p1073741827.emit.json"
      ],
      "command_shell_quoted": "/usr/bin/python3 /home/ubuntu/jc2/box/moh14-charts-20260905/msolve_chart.py emit --meta /home/ubuntu/jc2/box/gi-only-20260905/classes/C_n24m18_M9_20_ell1_s3/meta/C_n24m18_M9_20_ell1_s3_G.json --rows /home/ubuntu/jc2/box/gi-only-20260905/classes/C_n24m18_M9_20_ell1_s3/rows/C_n24m18_M9_20_ell1_s3_G_rows.tsv --builder /home/ubuntu/jc2/box/gi-only-20260905/classes/C_n24m18_M9_20_ell1_s3/builders/C_n24m18_M9_20_ell1_s3_G_builder.sing --characteristic 1073741827 --output /home/ubuntu/jc2/box/gi-only-20260905/classes/C_n24m18_M9_20_ell1_s3/solve/modular-screen/C_n24m18_M9_20_ell1_s3_G_p1073741827.ms --manifest /home/ubuntu/jc2/box/gi-only-20260905/classes/C_n24m18_M9_20_ell1_s3/solve/modular-screen/C_n24m18_M9_20_ell1_s3_G_p1073741827.manifest.json --json-output /home/ubuntu/jc2/box/gi-only-20260905/classes/C_n24m18_M9_20_ell1_s3/solve/modular-screen/C_n24m18_M9_20_ell1_s3_G_p1073741827.emit.json",
      "cwd": "/home/ubuntu/jc2/box/gi-only-20260905",
      "elapsed_seconds": 110.614995,
      "finished_utc": "2026-09-05T16:05:37Z",
      "gnu_time_elapsed": null,
      "peak_rss_kib": 521740,
      "peak_rss_source": "sampled_process_group_100ms",
      "returncode": 2,
      "rss_sample_count": 1027,
      "sampled_process_group_peak_rss_kib": 521740,
      "started_utc": "2026-09-05T16:03:46Z",
      "stderr": {
        "bytes": 157,
        "path": "/home/ubuntu/jc2/box/gi-only-20260905/classes/C_n24m18_M9_20_ell1_s3/solve/modular-screen/emit.stderr",
        "sha256": "ea3adde615282ab0edbcbbfbb04fca46e6e715aaaf0fbb9b2d7905942f147f13"
      },
      "stdout": {
        "bytes": 0,
        "path": "/home/ubuntu/jc2/box/gi-only-20260905/classes/C_n24m18_M9_20_ell1_s3/solve/modular-screen/emit.stdout",
        "sha256": "e3b0c44298fc1c149afbf4c8996fb92427ae41e4649b934ca495991b7852b855"
      },
      "timed_out": false,
      "watchdog_seconds": 180
    },
    "label": "MODULAR SCREEN ONLY \u2014 NEVER A CHARACTERISTIC-ZERO KILL",
    "msolve_chart_tool": {
      "bytes": 34876,
      "path": "/home/ubuntu/jc2/box/moh14-charts-20260905/msolve_chart.py",
      "sha256": "363840f615b63e567751474c1c6b461b0dae4e1203f7a9f303a3bf93c9555d96"
    },
    "promotion_allowed": false,
    "schema": "moh-gi-only-modular-screen-v1",
    "state": "UNAVAILABLE",
    "watchdog_seconds": 600
  },
  "one_chart_per_class_suffices": true,
  "promotion_scope": "EXACT_Q_ONLY",
  "report_label": "COMPUTE-BOUND \u2014 NO EXACT-Q UNIT OR VERIFIED SAMPLE POINT",
  "rows": {
    "bytes": 366812253,
    "header": "source_index|h_power|x_power|y_power|expr",
    "path": "/home/ubuntu/jc2/box/gi-only-20260905/classes/C_n24m18_M9_20_ell1_s3/rows/C_n24m18_M9_20_ell1_s3_G_rows.tsv",
    "sha256": "65889833e333f548aab81c25ed3e3ff15cc553b08d15742a614b9258df0a978b"
  },
  "schema": "moh-gi-only-exact-q-solve-v1",
  "software": {
    "guided_gb": {
      "bytes": 32023,
      "path": "/home/ubuntu/jc2/box/lib/guided_gb.py",
      "sha256": "501f3b1fed8ad0d26c7535a3c79d6ca74c448a4555f94570a4835d9f740781f3"
    },
    "python": {
      "executable": "/usr/bin/python3",
      "version": "3.12.3 (main, Jul 15 2026, 23:46:41) [GCC 13.3.0]"
    },
    "singular": {
      "path": "/usr/bin/Singular",
      "sha256": "90ab699b7a28486944a167e797d7c8dd38f8f949960b93ee7a6d08ff1c7c46f4",
      "version_head": [
        "Singular for x86_64-Linux version 4.3.2 (4330, 64 bit) Apr  1 2024 04:44:00",
        "with",
        "\tGMP(6.3.0),NTL(11.5.1),FLINT(3.0.1),",
        "\tomalloc,static readline(8),Plural,vspace(2),DBM,",
        "\tdynamic modules,OM_NDEBUG,SING_NDEBUG,",
        "\tCC:OPTIMIZE,GenericAdd,TableMult,no invTable,",
        "\teigenvalues,Gauss-Manin system,random=1788624340",
        "built-in modules: {}"
      ]
    },
    "time_wrapper": {
      "bytes": 351,
      "path": "/home/ubuntu/jc2/box/gi-only-20260905/time_singular.sh",
      "sha256": "95ddb4557d56eb294f737343acacbdb92d46365a9441599638621a9c6283ee4a"
    }
  },
  "solver_variables_with_T": 342,
  "started_utc": "2026-09-05T16:03:45Z",
  "state": "FINISHED",
  "unknowns_without_T": 341,
  "verdict": "COMPUTE_BOUND",
  "verdict_detail": "600 s exact-Q watchdog expired; Singular return code -15; control-complete exact-Q basis markers absent",
  "verification": {
    "class_result": {
      "blockwise_subset_verified": true,
      "canonical_stem": "C_n24m18_M9_20_ell1_s3_G",
      "class_id": "C_n24m18_M9_20_ell1_s3",
      "class_uniform_one_chart_suffices": true,
      "fibres": [
        {
          "blockwise_subset_verified": true,
          "chain_to_production": "frozen native S_i --zero D_i\\G_i--> native G_i companion --sign isomorphism--> literal J(P,Q) production G_i",
          "commutation": "differentiation, coefficient extraction, and monic h-adic division commute with the zero-coordinate map",
          "kept_parameter_count": 341,
          "literal_PQ_S_to_production_G_executable_tail_byte_identical_after_setup": true,
          "native_executable_tail_byte_identical_after_setup": true,
          "native_orientation_verified": true,
          "native_zero_specialization": {
            "codomain": "G_i native companion: coeff(J(Q,P)-c_native*x^ell)+<T_native*c_native-1>",
            "domain": "frozen emitted S_i native ideal: coeff(J(Q,P)-c_source*x^ell)+<T_source*c_source-1>",
            "map": "G_i coordinates identity; c_source->c_native; T_source->T_native; every D_i\\G_i coordinate->0",
            "verified": true
          },
          "no_coordinate_only_orientation_overclaim": true,
          "production_coordinate_only_specialization": {
            "codomain": "literal P-first production G_i chart",
            "domain": "emitted source-complete S_i literal P-first presentation: coeff(J(P,Q)-c*x^ell)+<T*c-1>",
            "map": "G_i coordinates,c,T identity; every D_i\\G_i coordinate->0",
            "orientation_change": "none",
            "verified": true
          },
          "production_coordinate_only_specialization_verified": true,
          "production_orientation_verified": true,
          "production_sign_isomorphism": {
            "codomain": "G_i literal P-first production chart",
            "domain": "G_i native Q-first companion",
            "inverse_image": "T_literal*c_literal-1",
            "map": "coefficient coordinates identity; c_native->-c_literal; T_native->-T_literal",
            "target_image": "-(J(P,Q)-c_literal*x^ell)",
            "verified": true
          },
          "production_sign_isomorphism_verified": true,
          "set_to_zero_count": 35,
          "specialization_verified": true,
          "status": "PASS",
          "stem": "C_n24m18_M9_20_ell1_s3_V1_9"
        },
        {
          "blockwise_subset_verified": true,
          "chain_to_production": "frozen native S_i --zero D_i\\G_i--> native G_i companion --sign isomorphism--> literal J(P,Q) production G_i",
          "commutation": "differentiation, coefficient extraction, and monic h-adic division commute with the zero-coordinate map",
          "kept_parameter_count": 341,
          "literal_PQ_S_to_production_G_executable_tail_byte_identical_after_setup": true,
          "native_executable_tail_byte_identical_after_setup": true,
          "native_orientation_verified": true,
          "native_zero_specialization": {
            "codomain": "G_i native companion: coeff(J(Q,P)-c_native*x^ell)+<T_native*c_native-1>",
            "domain": "frozen emitted S_i native ideal: coeff(J(Q,P)-c_source*x^ell)+<T_source*c_source-1>",
            "map": "G_i coordinates identity; c_source->c_native; T_source->T_native; every D_i\\G_i coordinate->0",
            "verified": true
          },
          "no_coordinate_only_orientation_overclaim": true,
          "production_coordinate_only_specialization": {
            "codomain": "literal P-first production G_i chart",
            "domain": "emitted source-complete S_i literal P-first presentation: coeff(J(P,Q)-c*x^ell)+<T*c-1>",
            "map": "G_i coordinates,c,T identity; every D_i\\G_i coordinate->0",
            "orientation_change": "none",
            "verified": true
          },
          "production_coordinate_only_specialization_verified": true,
          "production_orientation_verified": true,
          "production_sign_isomorphism": {
            "codomain": "G_i literal P-first production chart",
            "domain": "G_i native Q-first companion",
            "inverse_image": "T_literal*c_literal-1",
            "map": "coefficient coordinates identity; c_native->-c_literal; T_native->-T_literal",
            "target_image": "-(J(P,Q)-c_literal*x^ell)",
            "verified": true
          },
          "production_sign_isomorphism_verified": true,
          "set_to_zero_count": 2,
          "specialization_verified": true,
          "status": "PASS",
          "stem": "C_n24m18_M9_20_ell1_s3_V4_9"
        }
      ],
      "fresh_frozen_inventory_audits": [
        {
          "G_unknowns_with_T": 342,
          "G_unknowns_without_T": 341,
          "K": 6,
          "blocks": [
            {
              "D_count": 26,
              "D_minus_G_count": 9,
              "G_count": 18,
              "G_subset_S": true,
              "S_count": 27,
              "S_minus_G_count": 9,
              "S_minus_G_equals_D_minus_G": true,
              "block": "h",
              "i": 1,
              "specialize_to_zero": [
                "h_1_5",
                "h_2_5",
                "h_3_5",
                "h_4_5",
                "h_2_4",
                "h_3_4",
                "h_4_4",
                "h_3_3",
                "h_3_2"
              ]
            },
            {
              "D_count": 26,
              "D_minus_G_count": 9,
              "G_count": 18,
              "G_subset_S": true,
              "S_count": 27,
              "S_minus_G_count": 9,
              "S_minus_G_equals_D_minus_G": true,
              "block": "alpha_1",
              "i": 1,
              "specialize_to_zero": [
                "A1_1_5",
                "A1_2_5",
                "A1_3_5",
                "A1_4_5",
                "A1_2_4",
                "A1_3_4",
                "A1_4_4",
                "A1_3_3",
                "A1_3_2"
              ]
            },
            {
              "D_count": 44,
              "D_minus_G_count": 5,
              "G_count": 42,
              "G_subset_S": true,
              "S_count": 47,
              "S_minus_G_count": 5,
              "S_minus_G_equals_D_minus_G": true,
              "block": "alpha_2",
              "i": 2,
              "specialize_to_zero": [
                "A2_5_5",
                "A2_6_5",
                "A2_7_5",
                "A2_6_4",
                "A2_7_4"
              ]
            },
            {
              "D_count": 63,
              "D_minus_G_count": 3,
              "G_count": 66,
              "G_subset_S": true,
              "S_count": 69,
              "S_minus_G_count": 3,
              "S_minus_G_equals_D_minus_G": true,
              "block": "alpha_3",
              "i": 3,
              "specialize_to_zero": [
                "A3_9_5",
                "A3_10_5",
                "A3_10_4"
              ]
            },
            {
              "D_count": 80,
              "D_minus_G_count": 1,
              "G_count": 89,
              "G_subset_S": true,
              "S_count": 90,
              "S_minus_G_count": 1,
              "S_minus_G_equals_D_minus_G": true,
              "block": "alpha_4",
              "i": 4,
              "specialize_to_zero": [
                "A4_13_5"
              ]
            },
            {
              "D_count": 44,
              "D_minus_G_count": 5,
              "G_count": 42,
              "G_subset_S": true,
              "S_count": 47,
              "S_minus_G_count": 5,
              "S_minus_G_equals_D_minus_G": true,
              "block": "beta_2",
              "i": 2,
              "specialize_to_zero": [
                "B2_5_5",
                "B2_6_5",
                "B2_7_5",
                "B2_6_4",
                "B2_7_4"
              ]
            },
            {
              "D_count": 62,
              "D_minus_G_count": 3,
              "G_count": 65,
              "G_subset_S": true,
              "S_count": 68,
              "S_minus_G_count": 3,
              "S_minus_G_equals_D_minus_G": true,
              "block": "beta_3",
              "i": 3,
              "specialize_to_zero": [
                "B3_9_5",
                "B3_10_5",
                "B3_10_4"
              ]
            }
          ],
          "blockwise_subset_verified": true,
          "class_id": "C_n24m18_M9_20_ell1_s3",
          "d": "2/3",
          "e": 4,
          "ell": 1,
          "q": 3,
          "source_complete_unknowns_without_T": 376,
          "source_meta": "box/moh14-charts-20260905/hsupport-gate-20260905/source-complete/classes/C_n24m18_M9_20_ell1_s3/meta/C_n24m18_M9_20_ell1_s3_V1_9.json",
          "source_minus_G_unknowns": 35,
          "specialization_coordinate_count": 35,
          "specialization_map": {
            "T_native": "T_native",
            "c_native": "c_native",
            "codomain": "G_i-only native Q-first specialization companion",
            "domain": "frozen native S_i=D_i union G_i chart (J(Q,P), post terminal-constant gauges)",
            "kept_coordinates": "identity",
            "set_to_zero": [
              "h_1_5",
              "h_2_5",
              "h_3_5",
              "h_4_5",
              "h_2_4",
              "h_3_4",
              "h_4_4",
              "h_3_3",
              "h_3_2",
              "A1_1_5",
              "A1_2_5",
              "A1_3_5",
              "A1_4_5",
              "A1_2_4",
              "A1_3_4",
              "A1_4_4",
              "A1_3_3",
              "A1_3_2",
              "A2_5_5",
              "A2_6_5",
              "A2_7_5",
              "A2_6_4",
              "A2_7_4",
              "A3_9_5",
              "A3_10_5",
              "A3_10_4",
              "A4_13_5",
              "B2_5_5",
              "B2_6_5",
              "B2_7_5",
              "B2_6_4",
              "B2_7_4",
              "B3_9_5",
              "B3_10_5",
              "B3_10_4"
            ],
            "set_to_zero_is_exactly_D_minus_G": true
          },
          "status": "PASS",
          "stem": "C_n24m18_M9_20_ell1_s3_V1_9"
        },
        {
          "G_unknowns_with_T": 342,
          "G_unknowns_without_T": 341,
          "K": 6,
          "blocks": [
            {
              "D_count": 15,
              "D_minus_G_count": 1,
              "G_count": 18,
              "G_subset_S": true,
              "S_count": 19,
              "S_minus_G_count": 1,
              "S_minus_G_equals_D_minus_G": true,
              "block": "h",
              "i": 1,
              "specialize_to_zero": [
                "h_1_5"
              ]
            },
            {
              "D_count": 15,
              "D_minus_G_count": 1,
              "G_count": 18,
              "G_subset_S": true,
              "S_count": 19,
              "S_minus_G_count": 1,
              "S_minus_G_equals_D_minus_G": true,
              "block": "alpha_1",
              "i": 1,
              "specialize_to_zero": [
                "A1_1_5"
              ]
            },
            {
              "D_count": 31,
              "D_minus_G_count": 0,
              "G_count": 42,
              "G_subset_S": true,
              "S_count": 42,
              "S_minus_G_count": 0,
              "S_minus_G_equals_D_minus_G": true,
              "block": "alpha_2",
              "i": 2,
              "specialize_to_zero": []
            },
            {
              "D_count": 47,
              "D_minus_G_count": 0,
              "G_count": 66,
              "G_subset_S": true,
              "S_count": 66,
              "S_minus_G_count": 0,
              "S_minus_G_equals_D_minus_G": true,
              "block": "alpha_3",
              "i": 3,
              "specialize_to_zero": []
            },
            {
              "D_count": 62,
              "D_minus_G_count": 0,
              "G_count": 89,
              "G_subset_S": true,
              "S_count": 89,
              "S_minus_G_count": 0,
              "S_minus_G_equals_D_minus_G": true,
              "block": "alpha_4",
              "i": 4,
              "specialize_to_zero": []
            },
            {
              "D_count": 31,
              "D_minus_G_count": 0,
              "G_count": 42,
              "G_subset_S": true,
              "S_count": 42,
              "S_minus_G_count": 0,
              "S_minus_G_equals_D_minus_G": true,
              "block": "beta_2",
              "i": 2,
              "specialize_to_zero": []
            },
            {
              "D_count": 46,
              "D_minus_G_count": 0,
              "G_count": 65,
              "G_subset_S": true,
              "S_count": 65,
              "S_minus_G_count": 0,
              "S_minus_G_equals_D_minus_G": true,
              "block": "beta_3",
              "i": 3,
              "specialize_to_zero": []
            }
          ],
          "blockwise_subset_verified": true,
          "class_id": "C_n24m18_M9_20_ell1_s3",
          "d": "2/3",
          "e": 4,
          "ell": 1,
          "q": 3,
          "source_complete_unknowns_without_T": 343,
          "source_meta": "box/moh14-charts-20260905/hsupport-gate-20260905/source-complete/classes/C_n24m18_M9_20_ell1_s3/meta/C_n24m18_M9_20_ell1_s3_V4_9.json",
          "source_minus_G_unknowns": 2,
          "specialization_coordinate_count": 2,
          "specialization_map": {
            "T_native": "T_native",
            "c_native": "c_native",
            "codomain": "G_i-only native Q-first specialization companion",
            "domain": "frozen native S_i=D_i union G_i chart (J(Q,P), post terminal-constant gauges)",
            "kept_coordinates": "identity",
            "set_to_zero": [
              "h_1_5",
              "A1_1_5"
            ],
            "set_to_zero_is_exactly_D_minus_G": true
          },
          "status": "PASS",
          "stem": "C_n24m18_M9_20_ell1_s3_V4_9"
        }
      ],
      "native_zero_specialization_verified": true,
      "orientation_verified": true,
      "production_coordinate_only_specialization_verified": true,
      "production_sign_isomorphism_verified": true,
      "specialization_verified": true,
      "status": "PASS",
      "unknowns_with_T": 342,
      "unknowns_without_T": 341
    },
    "receipt": {
      "bytes": 87638,
      "path": "/home/ubuntu/jc2/box/gi-only-20260905/verification.json",
      "sha256": "ca9a0a1217f6beee2b40c704d1e350e5d65fcddf74779067caa91412c0f6e676"
    }
  }
}
