Initial seed for pseudo-random number generator is 1788613575

--------------- INPUT DATA ---------------
#variables                    1264
#equations                    1565
#invalid equations               0
field characteristic    1073741827
homogeneous input?               0
signature-based computation      0
monomial order                 DRL
basis hash table resetting       8
linear algebra option           44
initial hash table size       4096 (2^12)
max pair selection            1000
reduce gb                        1
#threads                         8
info level                       2
generate pbm files               0
------------------------------------------

Legend for f4 information
--------------------------------------------------------
deg       current degree of pairs selected in this round
sel       number of pairs selected in this round
pairs     total number of pairs in pair list
mat       matrix dimensions (# rows x # columns)
density   density of the matrix
new data  # new elements for basis in this round
          # zero reductions during linear algebra
time(rd)  time of the current f4 round in seconds given
          for real and cpu time
--------------------------------------------------------

deg     sel   pairs        mat          density            new data         time(rd) in sec (real|cpu)
------------------------------------------------------------------------------------------------------
  1      15   53753      20 x 24         11.46%       15 new       0 zero         0.31 | 1.16         
  2     793   53738   12568 x 29068       0.01%      793 new       0 zero        21.95 | 67.89        
  2     260  117956    2222 x 6603        0.08%      260 new       0 zero         8.46 | 26.17        
  2     274  120025    2849 x 11950       0.06%      274 new       0 zero        13.17 | 37.70        
  2     365   67077    5106 x 21744       0.03%      365 new       0 zeroEnlarging exponent vector for hash table failed
for esz = 8388608, segmentation fault will follow.
Command terminated by signal 11
	Command being timed: "msolve -g 2 -t 8 -v 2 -l 44 -m 1000 -s 12 -u 8 -f /home/ubuntu/jc2/box/moh14-charts-20260905/hsupport-gate-20260905/source-complete/fleet/172.30.0.166/C_n16m12_M6_13_ell3_s3_V4_3_circuit/C_n16m12_M6_13_ell3_s3_V4_3_circuit_full_p1073741827.ms -o /home/ubuntu/jc2/box/moh14-charts-20260905/hsupport-gate-20260905/source-complete/fleet/172.30.0.166/C_n16m12_M6_13_ell3_s3_V4_3_circuit/C_n16m12_M6_13_ell3_s3_V4_3_circuit_full_p1073741827.g2.out"
	User time (seconds): 201.63
	System time (seconds): 3.73
	Percent of CPU this job got: 306%
	Elapsed (wall clock) time (h:mm:ss or m:ss): 1:07.09
	Average shared text size (kbytes): 0
	Average unshared data size (kbytes): 0
	Average stack size (kbytes): 0
	Average total size (kbytes): 0
	Maximum resident set size (kbytes): 11032300
	Average resident set size (kbytes): 0
	Major (requiring I/O) page faults: 0
	Minor (reclaiming a frame) page faults: 2760644
	Voluntary context switches: 15452
	Involuntary context switches: 347
	Swaps: 0
	File system inputs: 0
	File system outputs: 24
	Socket messages sent: 0
	Socket messages received: 0
	Signals delivered: 0
	Page size (bytes): 4096
	Exit status: 0
