Running as unit: run-r0df3c1f7ddfa4436bb30abd316684ac9.scope; invocation ID: b85b27abc80d415ba8b10738bff9665c
	Command being timed: "timeout 180 ./run_v69.sh"
	User time (seconds): 22.32
	System time (seconds): 0.08
	Percent of CPU this job got: 99%
	Elapsed (wall clock) time (h:mm:ss or m:ss): 0:22.41
	Average shared text size (kbytes): 0
	Average unshared data size (kbytes): 0
	Average stack size (kbytes): 0
	Average total size (kbytes): 0
	Maximum resident set size (kbytes): 202640
	Average resident set size (kbytes): 0
	Major (requiring I/O) page faults: 0
	Minor (reclaiming a frame) page faults: 46769
	Voluntary context switches: 7
	Involuntary context switches: 37
	Swaps: 0
	File system inputs: 0
	File system outputs: 8
	Socket messages sent: 0
	Socket messages received: 0
	Signals delivered: 0
	Page size (bytes): 4096
	Exit status: 0
