producer=TD6-A3-Q2-FULL-SOURCE-GLUE-DAG-V57
V48_failure_class=linear_packer_rejected_genuine_quadratic_source_rows
arbitrary_degree_original_rows_preserved=true
dependency_closed_proof_DAG=true
final_global_polynomial_expansion_used=false
full_unused_row_audit_deferred_to_V50=true
beta_parameter_name=beta
q_beta=t+beta*t^2+t^25
q_beta_prime=1+2*beta*t+25*t^24
source_center=(C,V,U)
scope=post_transport_132_variable_source_rows
transport_chart=D(U*H*B3)
multivariate_gcd_used_as_bezout=false
two_chart_glue_required_form=a*d1+b*d2=(U*H*B3)^N
parent_sha256=3cc0fc3bc4a55810c4d4320b53ff77a48341045c06f556cd6243119b8fe4c332
V43_canonical_stdout_sha256=a53cc30d8d6d24988b94a3c3812da42c1ac8247205322df26c504e86797a0527
V43_P12_source_dependency_markers_verified=true
trivariate_transport rows=0;pivots=1;events=0
trivariate_transport rows=250;pivots=251;events=0
trivariate_transport rows=1500;pivots=684;events=0
trivariate_transport rows=1750;pivots=934;events=0
trivariate_transport rows=2000;pivots=1184;events=0
trivariate_transport rows=2250;pivots=1434;events=0
trivariate_transport rows=4750;pivots=1716;events=0
trivariate_transport rows=5000;pivots=1966;events=1
trivariate_transport rows=5250;pivots=2215;events=1
trivariate_transport rows=5500;pivots=2465;events=2
trivariate_transport rows=5750;pivots=2715;events=2
trivariate_transport rows=6000;pivots=2965;events=2
trivariate_transport rows=6250;pivots=3215;events=2
trivariate_transport rows=6500;pivots=3465;events=2
transport_rank=3470/3602
transport_event_count=2
transport_matrix_beta_independent=true
transport_rhs_beta_affine_exact=true
transport_x_and_pole_sections_exact=true
first_v50_rank=38/132
first_v50_dependent_count=0
first_v50_all_pivots_beta_independent=true
first_v50_pivot_digest=f6eeaf7a7e3692594dda059e33bcc8cc297636277f17bf1a4800f6d0f30f3920
first_v50_original_row_replay=true
first_v50_affine_parameterization_replay=true
previous_pole_v50_rank=38/94
previous_pole_v50_dependent_count=1
previous_pole_v50_all_pivots_beta_independent=true
previous_pole_v50_pivot_digest=f483ee2c29b51fafab9cca8617d30154b0ee40d78837d9c4432f6ef86c0d6dbc
previous_pole_v50_original_row_replay=true
previous_pole_v50_affine_parameterization_replay=true
current_v50_rank=25/56
current_v50_dependent_count=11
current_v50_all_pivots_beta_independent=true
current_v50_pivot_digest=95980bf0b86ff3193cf5d0f3e8226e0b1da3d0b44e496456054138b7f8b8f702
current_v50_original_row_replay=true
N13_equals_k_beta_over_25=true
N13_left_null_support=1
N13_left_null_sha256=7f1bc7b18f1830b0c02a400107daa986b973f1966738431b13f35b29b2b679d8
k_inverse_sha256=06d1910b9715c2333a4b14b8691bef49ce3e96e29ec5ae396098a66b2b3ff004
previous_raw_row_count_available=54
previous_raw_quadratic_row_count=36
quadratic_source_positive_control_key=('X-1', 0)
quadratic_source_positive_control_exact=true
dependency_selected_previous_rows_reduced_exactly=true
current_rows_source_lifted=2
current_rows_source_lifted_indices=[12, 13]
previous_rows_source_lifted=14
previous_rows_source_lifted_keys=[('X-1', 0), ('X-1', 1), ('X-1', 2), ('X-1', 3), ('X-1', 4), ('X-1', 5), ('X-1', 6), ('X-1', 7), ('X-1', 8), ('X-1', 9), ('X-1', 10), ('X-1', 11), ('X-1', 12), ('X-1', 14)]
dependency_closed_original_rows_reduced_exactly=true
current_through_previous_and_first_source_replay=true
N13_staged_left_null_relation_exact=true
N13_each_dependency_edge_original_row_replay=true
N13_one_required_edge_omission_negative_control=true
N13_full_first_previous_current_source_identity_exact_by_DAG=true
genuine_P12_2893_term_control=true
V43_full_beta_first_original_row_replay_pinned=true
P12_N13_scalar_glue_exact=true
P12_without_N13_negative_control=true
combined_unit_residual_is_minus_k_over_50=true
DAG_leaf_denominator_count=11
DAG_leaf_denominator_ledger_path=/home/ubuntu/runs/td6_v57_dag_r6d_20260825T1048Z/artifacts/DAG_LEAF_DENOMINATORS.tsv
DAG_leaf_denominator_ledger_sha256=69c1086b6e302910fe331e7f1c8cfa246a760f429507af2b9d0dd970d1c29ecf
N13_proof_DAG_path=/home/ubuntu/runs/td6_v57_dag_r6d_20260825T1048Z/artifacts/N13_PROOF_DAG.txt
N13_proof_DAG_sha256=a906b803a3c0835630884a56e4e9546c7dffa277ba21c36bc3d75027b539da32
DAG_leaf_denominator_radical_subset_U_H_B3=true
DAG_factored_clearing_certificate_explicit=true
V43_termwise_clearing_dependency_exact=true
composed_localized_source_identity_exact=true
generic_open_localization_repaired=true
raw_U_H_B3_strata_still_separate=true
full_A3_beta_family_killed=false
whole_TD6_killed=false
SP2_killed=false
JC2_resolved=false
zero_weight_original_rows_not_needed_by_dependency_DAG=true
full_unused_previous_current_row_audit_complete=false
V55_V56_full_row_audit_is_independent_cross_check=true
TD6-A3-Q2-FULL-SOURCE-GLUE-DAG-V57 PASS
