utc=2026-09-05T14:12:07Z
pid=
utc=2026-09-05T14:12:27Z
pid=3176
VmPeak:	  892876 kB
VmSize:	  892876 kB
VmHWM:	  616724 kB
VmRSS:	  616724 kB
utc=2026-09-05T14:12:47Z
pid=3176
VmPeak:	 1340244 kB
VmSize:	 1340244 kB
VmHWM:	 1063428 kB
VmRSS:	 1063428 kB
utc=2026-09-05T14:13:07Z
pid=3176
VmPeak:	 1669168 kB
VmSize:	 1669168 kB
VmHWM:	 1393684 kB
VmRSS:	 1393684 kB
utc=2026-09-05T14:13:27Z
pid=3176
VmPeak:	 1775092 kB
VmSize:	 1775092 kB
VmHWM:	 1498044 kB
VmRSS:	 1498044 kB
utc=2026-09-05T14:13:47Z
pid=3176
VmPeak:	 1987244 kB
VmSize:	 1987244 kB
VmHWM:	 1710252 kB
VmRSS:	 1710252 kB
utc=2026-09-05T14:14:07Z
pid=3176
VmPeak:	 2244068 kB
VmSize:	 2244068 kB
VmHWM:	 1968500 kB
VmRSS:	 1968500 kB
utc=2026-09-05T14:14:27Z
pid=3176
VmPeak:	 2609228 kB
VmSize:	 2607184 kB
VmHWM:	 2331624 kB
VmRSS:	 2331624 kB
utc=2026-09-05T14:14:47Z
pid=3176
VmPeak:	 2925184 kB
VmSize:	 2925184 kB
VmHWM:	 2649576 kB
VmRSS:	 2649576 kB
utc=2026-09-05T14:15:07Z
pid=3176
VmPeak:	 3134352 kB
VmSize:	 3134352 kB
VmHWM:	 2858812 kB
VmRSS:	 2858812 kB
utc=2026-09-05T14:15:27Z
pid=3176
VmPeak:	 3345548 kB
VmSize:	 3345548 kB
VmHWM:	 3069808 kB
VmRSS:	 3069808 kB
utc=2026-09-05T14:15:47Z
pid=3176
VmPeak:	 3548556 kB
VmSize:	 3548556 kB
VmHWM:	 3272428 kB
VmRSS:	 3272316 kB
utc=2026-09-05T14:16:07Z
pid=3176
VmPeak:	 3786312 kB
VmSize:	 3786312 kB
VmHWM:	 3510176 kB
VmRSS:	 3509564 kB
utc=2026-09-05T14:16:27Z
pid=3176
VmPeak:	 3987236 kB
VmSize:	 3987236 kB
VmHWM:	 3710876 kB
VmRSS:	 3710876 kB
utc=2026-09-05T14:16:47Z
pid=3176
VmPeak:	 4210800 kB
VmSize:	 4208752 kB
VmHWM:	 3934632 kB
VmRSS:	 3933248 kB
utc=2026-09-05T14:17:07Z
pid=3176
VmPeak:	 4450876 kB
VmSize:	 4450876 kB
VmHWM:	 4174816 kB
VmRSS:	 4173460 kB
utc=2026-09-05T14:17:27Z
pid=3176
VmPeak:	 4725688 kB
VmSize:	 4725688 kB
VmHWM:	 4449472 kB
VmRSS:	 4449472 kB
utc=2026-09-05T14:17:47Z
pid=3176
VmPeak:	 4914420 kB
VmSize:	 4914420 kB
VmHWM:	 4637952 kB
VmRSS:	 4637952 kB
utc=2026-09-05T14:18:07Z
pid=3176
VmPeak:	 5132032 kB
VmSize:	 5132032 kB
VmHWM:	 4855728 kB
VmRSS:	 4855728 kB
utc=2026-09-05T14:18:27Z
pid=3176
VmPeak:	 5367652 kB
VmSize:	 5367652 kB
VmHWM:	 5091072 kB
VmRSS:	 5091072 kB
utc=2026-09-05T14:18:47Z
pid=3176
VmPeak:	 5543888 kB
VmSize:	 5543888 kB
VmHWM:	 5268432 kB
VmRSS:	 5268432 kB
utc=2026-09-05T14:19:07Z
pid=3176
VmPeak:	 5707796 kB
VmSize:	 5707796 kB
VmHWM:	 5431356 kB
VmRSS:	 5431356 kB
utc=2026-09-05T14:19:27Z
pid=3176
VmPeak:	 5869716 kB
VmSize:	 5869716 kB
VmHWM:	 5592724 kB
VmRSS:	 5592724 kB
utc=2026-09-05T14:19:47Z
pid=3176
VmPeak:	 6029668 kB
VmSize:	 6027624 kB
VmHWM:	 5753612 kB
VmRSS:	 5752168 kB
utc=2026-09-05T14:20:07Z
pid=3176
VmPeak:	 6203952 kB
VmSize:	 6203952 kB
VmHWM:	 5927436 kB
VmRSS:	 5927436 kB
utc=2026-09-05T14:20:27Z
pid=3176
VmPeak:	 6398652 kB
VmSize:	 6398652 kB
VmHWM:	 6123204 kB
VmRSS:	 6123204 kB
utc=2026-09-05T14:20:47Z
pid=3176
VmPeak:	 6542104 kB
VmSize:	 6542104 kB
VmHWM:	 6265116 kB
VmRSS:	 6265116 kB
utc=2026-09-05T14:21:07Z
pid=3176
VmPeak:	 6644588 kB
VmSize:	 6644588 kB
VmHWM:	 6367628 kB
VmRSS:	 6367628 kB
utc=2026-09-05T14:21:27Z
pid=3176
VmPeak:	 6763468 kB
VmSize:	 6763468 kB
VmHWM:	 6486516 kB
VmRSS:	 6486516 kB
utc=2026-09-05T14:21:47Z
pid=3176
VmPeak:	 6906916 kB
VmSize:	 6906916 kB
VmHWM:	 6630316 kB
VmRSS:	 6630316 kB
utc=2026-09-05T14:22:07Z
pid=3176
VmPeak:	 7072900 kB
VmSize:	 7072900 kB
VmHWM:	 6796844 kB
VmRSS:	 6795628 kB
utc=2026-09-05T14:22:27Z
pid=3176
VmPeak:	 7222512 kB
VmSize:	 7222512 kB
VmHWM:	 6946180 kB
VmRSS:	 6946180 kB
utc=2026-09-05T14:22:47Z
pid=3176
VmPeak:	 7359872 kB
VmSize:	 7359872 kB
VmHWM:	 7084420 kB
VmRSS:	 7084420 kB
utc=2026-09-05T14:23:07Z
pid=3176
VmPeak:	 7511548 kB
VmSize:	 7511548 kB
VmHWM:	 7234980 kB
VmRSS:	 7234980 kB
utc=2026-09-05T14:23:27Z
pid=3176
VmPeak:	 7661340 kB
VmSize:	 7661340 kB
VmHWM:	 7385772 kB
VmRSS:	 7385772 kB
utc=2026-09-05T14:23:47Z
pid=3176
VmPeak:	 7802820 kB
VmSize:	 7802820 kB
VmHWM:	 7526636 kB
VmRSS:	 7526012 kB
utc=2026-09-05T14:24:07Z
pid=3176
VmPeak:	 8020128 kB
VmSize:	 8020128 kB
VmHWM:	 7743544 kB
VmRSS:	 7743544 kB
utc=2026-09-05T14:24:27Z
pid=3176
VmPeak:	 8208688 kB
VmSize:	 8208688 kB
VmHWM:	 7931432 kB
VmRSS:	 7931432 kB
utc=2026-09-05T14:24:47Z
pid=3176
VmPeak:	 8335740 kB
VmSize:	 8335740 kB
VmHWM:	 8060220 kB
VmRSS:	 8060220 kB
utc=2026-09-05T14:25:07Z
pid=3176
VmPeak:	 8516084 kB
VmSize:	 8516084 kB
VmHWM:	 8238960 kB
VmRSS:	 8238960 kB
utc=2026-09-05T14:25:27Z
pid=3176
VmPeak:	 8723100 kB
VmSize:	 8723100 kB
VmHWM:	 8447584 kB
VmRSS:	 8447584 kB
utc=2026-09-05T14:25:48Z
pid=3176
VmPeak:	 8946532 kB
VmSize:	 8946532 kB
VmHWM:	 8670336 kB
VmRSS:	 8670336 kB
utc=2026-09-05T14:26:08Z
pid=3176
VmPeak:	 9053068 kB
VmSize:	 9053068 kB
VmHWM:	 8777592 kB
VmRSS:	 8777592 kB
utc=2026-09-05T14:26:28Z
pid=3176
VmPeak:	 9122720 kB
VmSize:	 9122720 kB
VmHWM:	 8846952 kB
VmRSS:	 8846952 kB
utc=2026-09-05T14:26:48Z
pid=3176
VmPeak:	 9161644 kB
VmSize:	 9161644 kB
VmHWM:	 8884904 kB
VmRSS:	 8884904 kB
utc=2026-09-05T14:27:08Z
pid=3176
VmPeak:	 9260028 kB
VmSize:	 9260028 kB
VmHWM:	 8984552 kB
VmRSS:	 8984552 kB
utc=2026-09-05T14:27:28Z
pid=3176
VmPeak:	 9395256 kB
VmSize:	 9380924 kB
VmHWM:	 9119172 kB
VmRSS:	 9104968 kB
utc=2026-09-05T14:27:48Z
pid=3176
VmPeak:	 9532540 kB
VmSize:	 9532540 kB
VmHWM:	 9257064 kB
VmRSS:	 9257064 kB
utc=2026-09-05T14:28:08Z
pid=3176
VmPeak:	 9653440 kB
VmSize:	 9653440 kB
VmHWM:	 9377968 kB
VmRSS:	 9377968 kB
utc=2026-09-05T14:28:28Z
pid=3176
VmPeak:	 9778448 kB
VmSize:	 9778448 kB
VmHWM:	 9501296 kB
VmRSS:	 9501296 kB
utc=2026-09-05T14:28:48Z
pid=3176
VmPeak:	 9923920 kB
VmSize:	 9921876 kB
VmHWM:	 9647852 kB
VmRSS:	 9646400 kB
utc=2026-09-05T14:29:08Z
pid=3176
VmPeak:	10114452 kB
VmSize:	10114452 kB
VmHWM:	 9837788 kB
VmRSS:	 9837788 kB
utc=2026-09-05T14:29:28Z
pid=3176
VmPeak:	10227124 kB
VmSize:	10227124 kB
VmHWM:	 9950232 kB
VmRSS:	 9950232 kB
utc=2026-09-05T14:29:48Z
pid=3176
VmPeak:	10380788 kB
VmSize:	10380788 kB
VmHWM:	10104804 kB
VmRSS:	10104804 kB
utc=2026-09-05T14:30:08Z
pid=3176
VmPeak:	10481204 kB
VmSize:	10481204 kB
VmHWM:	10205728 kB
VmRSS:	10205728 kB
utc=2026-09-05T14:30:28Z
pid=3176
VmPeak:	10669684 kB
VmSize:	10669684 kB
VmHWM:	10394208 kB
VmRSS:	10394208 kB
utc=2026-09-05T14:30:48Z
pid=3176
VmPeak:	10765976 kB
VmSize:	10765976 kB
VmHWM:	10490504 kB
VmRSS:	10490504 kB
utc=2026-09-05T14:31:08Z
pid=3176
VmPeak:	10995472 kB
VmSize:	10995472 kB
VmHWM:	10718784 kB
VmRSS:	10718784 kB
utc=2026-09-05T14:31:28Z
pid=3176
VmPeak:	11098056 kB
VmSize:	11098056 kB
VmHWM:	10822488 kB
VmRSS:	10822488 kB
utc=2026-09-05T14:31:48Z
pid=3176
VmPeak:	11231188 kB
VmSize:	11231188 kB
VmHWM:	10955620 kB
VmRSS:	10955620 kB
utc=2026-09-05T14:32:08Z
pid=3176
VmPeak:	11370476 kB
VmSize:	11368432 kB
VmHWM:	11094312 kB
VmRSS:	11092860 kB
utc=2026-09-05T14:32:28Z
pid=3176
VmPeak:	11556944 kB
VmSize:	11556944 kB
VmHWM:	11281376 kB
VmRSS:	11281376 kB
utc=2026-09-05T14:32:48Z
pid=3176
VmPeak:	11692248 kB
VmSize:	11692248 kB
VmHWM:	11416100 kB
VmRSS:	11416100 kB
utc=2026-09-05T14:33:08Z
pid=3176
VmPeak:	11821352 kB
VmSize:	11821352 kB
VmHWM:	11545780 kB
VmRSS:	11545780 kB
