SINGULAR_FQ2_POINT_COUNT_BEGIN
mode=shard
candidate_sha256=9061726295086f58f74f3751b2f7c2d59c5cb86de5e53ecd636687fd54daa7ce
field_modulus=a2-a+3
RECORD|index=8064|total=0|smooth=0|singular=0
RECORD|index=8065|total=2|smooth=2|singular=0
RECORD|index=8066|total=0|smooth=0|singular=0
RECORD|index=8067|total=1|smooth=1|singular=0
RECORD|index=8068|total=1|smooth=1|singular=0
RECORD|index=8069|total=0|smooth=0|singular=0
RECORD|index=8070|total=0|smooth=0|singular=0
RECORD|index=8071|total=1|smooth=1|singular=0
RECORD|index=8072|total=0|smooth=0|singular=0
RECORD|index=8073|total=3|smooth=3|singular=0
RECORD|index=8074|total=2|smooth=2|singular=0
RECORD|index=8075|total=0|smooth=0|singular=0
RECORD|index=8076|total=1|smooth=1|singular=0
RECORD|index=8077|total=0|smooth=0|singular=0
RECORD|index=8078|total=1|smooth=1|singular=0
RECORD|index=8079|total=0|smooth=0|singular=0
RECORD|index=8080|total=0|smooth=0|singular=0
RECORD|index=8081|total=1|smooth=1|singular=0
RECORD|index=8082|total=2|smooth=2|singular=0
RECORD|index=8083|total=1|smooth=1|singular=0
RECORD|index=8084|total=1|smooth=1|singular=0
RECORD|index=8085|total=1|smooth=1|singular=0
RECORD|index=8086|total=2|smooth=2|singular=0
RECORD|index=8087|total=0|smooth=0|singular=0
RECORD|index=8088|total=2|smooth=2|singular=0
RECORD|index=8089|total=0|smooth=0|singular=0
RECORD|index=8090|total=0|smooth=0|singular=0
RECORD|index=8091|total=1|smooth=1|singular=0
RECORD|index=8092|total=0|smooth=0|singular=0
RECORD|index=8093|total=1|smooth=1|singular=0
RECORD|index=8094|total=3|smooth=3|singular=0
RECORD|index=8095|total=0|smooth=0|singular=0
RECORD|index=8096|total=0|smooth=0|singular=0
RECORD|index=8097|total=0|smooth=0|singular=0
RECORD|index=8098|total=2|smooth=2|singular=0
RECORD|index=8099|total=3|smooth=3|singular=0
RECORD|index=8100|total=0|smooth=0|singular=0
RECORD|index=8101|total=3|smooth=3|singular=0
RECORD|index=8102|total=0|smooth=0|singular=0
RECORD|index=8103|total=1|smooth=1|singular=0
RECORD|index=8104|total=0|smooth=0|singular=0
RECORD|index=8105|total=0|smooth=0|singular=0
RECORD|index=8106|total=1|smooth=1|singular=0
RECORD|index=8107|total=2|smooth=2|singular=0
RECORD|index=8108|total=3|smooth=3|singular=0
RECORD|index=8109|total=3|smooth=3|singular=0
RECORD|index=8110|total=0|smooth=0|singular=0
RECORD|index=8111|total=1|smooth=1|singular=0
RECORD|index=8112|total=3|smooth=3|singular=0
RECORD|index=8113|total=2|smooth=2|singular=0
RECORD|index=8114|total=0|smooth=0|singular=0
RECORD|index=8115|total=0|smooth=0|singular=0
RECORD|index=8116|total=0|smooth=0|singular=0
RECORD|index=8117|total=1|smooth=1|singular=0
RECORD|index=8118|total=1|smooth=1|singular=0
RECORD|index=8119|total=0|smooth=0|singular=0
RECORD|index=8120|total=0|smooth=0|singular=0
RECORD|index=8121|total=2|smooth=2|singular=0
RECORD|index=8122|total=0|smooth=0|singular=0
RECORD|index=8123|total=1|smooth=1|singular=0
RECORD|index=8124|total=0|smooth=0|singular=0
RECORD|index=8125|total=2|smooth=2|singular=0
RECORD|index=8126|total=1|smooth=1|singular=0
RECORD|index=8127|total=0|smooth=0|singular=0
RECORD|index=8128|total=2|smooth=2|singular=0
RECORD|index=8129|total=0|smooth=0|singular=0
RECORD|index=8130|total=1|smooth=1|singular=0
RECORD|index=8131|total=1|smooth=1|singular=0
RECORD|index=8132|total=0|smooth=0|singular=0
RECORD|index=8133|total=0|smooth=0|singular=0
RECORD|index=8134|total=1|smooth=1|singular=0
RECORD|index=8135|total=0|smooth=0|singular=0
RECORD|index=8136|total=3|smooth=3|singular=0
RECORD|index=8137|total=2|smooth=2|singular=0
RECORD|index=8138|total=0|smooth=0|singular=0
RECORD|index=8139|total=1|smooth=1|singular=0
RECORD|index=8140|total=0|smooth=0|singular=0
RECORD|index=8141|total=1|smooth=1|singular=0
RECORD|index=8142|total=0|smooth=0|singular=0
RECORD|index=8143|total=0|smooth=0|singular=0
RECORD|index=8144|total=1|smooth=1|singular=0
RECORD|index=8145|total=2|smooth=2|singular=0
RECORD|index=8146|total=1|smooth=1|singular=0
RECORD|index=8147|total=1|smooth=1|singular=0
RECORD|index=8148|total=1|smooth=1|singular=0
RECORD|index=8149|total=2|smooth=2|singular=0
RECORD|index=8150|total=0|smooth=0|singular=0
RECORD|index=8151|total=2|smooth=2|singular=0
RECORD|index=8152|total=0|smooth=0|singular=0
RECORD|index=8153|total=0|smooth=0|singular=0
RECORD|index=8154|total=1|smooth=1|singular=0
RECORD|index=8155|total=0|smooth=0|singular=0
RECORD|index=8156|total=1|smooth=1|singular=0
RECORD|index=8157|total=3|smooth=3|singular=0
RECORD|index=8158|total=0|smooth=0|singular=0
RECORD|index=8159|total=0|smooth=0|singular=0
RECORD|index=8160|total=0|smooth=0|singular=0
RECORD|index=8161|total=2|smooth=2|singular=0
RECORD|index=8162|total=3|smooth=3|singular=0
RECORD|index=8163|total=0|smooth=0|singular=0
RECORD|index=8164|total=3|smooth=3|singular=0
RECORD|index=8165|total=0|smooth=0|singular=0
RECORD|index=8166|total=1|smooth=1|singular=0
RECORD|index=8167|total=0|smooth=0|singular=0
RECORD|index=8168|total=0|smooth=0|singular=0
RECORD|index=8169|total=1|smooth=1|singular=0
RECORD|index=8170|total=2|smooth=2|singular=0
RECORD|index=8171|total=3|smooth=3|singular=0
RECORD|index=8172|total=3|smooth=3|singular=0
RECORD|index=8173|total=0|smooth=0|singular=0
RECORD|index=8174|total=1|smooth=1|singular=0
RECORD|index=8175|total=3|smooth=3|singular=0
RECORD|index=8176|total=2|smooth=2|singular=0
RECORD|index=8177|total=0|smooth=0|singular=0
RECORD|index=8178|total=0|smooth=0|singular=0
RECORD|index=8179|total=0|smooth=0|singular=0
RECORD|index=8180|total=1|smooth=1|singular=0
RECORD|index=8181|total=1|smooth=1|singular=0
RECORD|index=8182|total=0|smooth=0|singular=0
RECORD|index=8183|total=0|smooth=0|singular=0
RECORD|index=8184|total=2|smooth=2|singular=0
RECORD|index=8185|total=0|smooth=0|singular=0
RECORD|index=8186|total=1|smooth=1|singular=0
RECORD|index=8187|total=0|smooth=0|singular=0
RECORD|index=8188|total=2|smooth=2|singular=0
RECORD|index=8189|total=1|smooth=1|singular=0
RECORD|index=8190|total=0|smooth=0|singular=0
RECORD|index=8191|total=1|smooth=1|singular=0
RECORD|index=8192|total=0|smooth=0|singular=0
RECORD|index=8193|total=1|smooth=1|singular=0
RECORD|index=8194|total=0|smooth=0|singular=0
RECORD|index=8195|total=1|smooth=1|singular=0
RECORD|index=8196|total=0|smooth=0|singular=0
RECORD|index=8197|total=1|smooth=1|singular=0
RECORD|index=8198|total=0|smooth=0|singular=0
RECORD|index=8199|total=0|smooth=0|singular=0
RECORD|index=8200|total=0|smooth=0|singular=0
RECORD|index=8201|total=0|smooth=0|singular=0
RECORD|index=8202|total=0|smooth=0|singular=0
RECORD|index=8203|total=1|smooth=1|singular=0
RECORD|index=8204|total=2|smooth=2|singular=0
RECORD|index=8205|total=0|smooth=0|singular=0
RECORD|index=8206|total=2|smooth=2|singular=0
RECORD|index=8207|total=1|smooth=1|singular=0
RECORD|index=8208|total=0|smooth=0|singular=0
RECORD|index=8209|total=0|smooth=0|singular=0
RECORD|index=8210|total=0|smooth=0|singular=0
RECORD|index=8211|total=1|smooth=1|singular=0
RECORD|index=8212|total=2|smooth=2|singular=0
RECORD|index=8213|total=0|smooth=0|singular=0
RECORD|index=8214|total=1|smooth=1|singular=0
RECORD|index=8215|total=3|smooth=3|singular=0
RECORD|index=8216|total=1|smooth=1|singular=0
RECORD|index=8217|total=2|smooth=2|singular=0
RECORD|index=8218|total=0|smooth=0|singular=0
RECORD|index=8219|total=0|smooth=0|singular=0
RECORD|index=8220|total=0|smooth=0|singular=0
RECORD|index=8221|total=0|smooth=0|singular=0
RECORD|index=8222|total=2|smooth=2|singular=0
RECORD|index=8223|total=0|smooth=0|singular=0
RECORD|index=8224|total=0|smooth=0|singular=0
RECORD|index=8225|total=1|smooth=1|singular=0
RECORD|index=8226|total=1|smooth=1|singular=0
RECORD|index=8227|total=2|smooth=2|singular=0
RECORD|index=8228|total=1|smooth=1|singular=0
RECORD|index=8229|total=0|smooth=0|singular=0
RECORD|index=8230|total=1|smooth=1|singular=0
RECORD|index=8231|total=2|smooth=2|singular=0
RECORD|index=8232|total=1|smooth=1|singular=0
RECORD|index=8233|total=1|smooth=1|singular=0
RECORD|index=8234|total=1|smooth=1|singular=0
RECORD|index=8235|total=2|smooth=2|singular=0
RECORD|index=8236|total=0|smooth=0|singular=0
RECORD|index=8237|total=2|smooth=2|singular=0
RECORD|index=8238|total=1|smooth=1|singular=0
RECORD|index=8239|total=0|smooth=0|singular=0
RECORD|index=8240|total=2|smooth=2|singular=0
RECORD|index=8241|total=0|smooth=0|singular=0
RECORD|index=8242|total=1|smooth=1|singular=0
RECORD|index=8243|total=0|smooth=0|singular=0
RECORD|index=8244|total=2|smooth=2|singular=0
RECORD|index=8245|total=1|smooth=1|singular=0
RECORD|index=8246|total=0|smooth=0|singular=0
RECORD|index=8247|total=0|smooth=0|singular=0
RECORD|index=8248|total=0|smooth=0|singular=0
RECORD|index=8249|total=2|smooth=2|singular=0
RECORD|index=8250|total=4|smooth=4|singular=0
RECORD|index=8251|total=1|smooth=1|singular=0
RECORD|index=8252|total=1|smooth=1|singular=0
RECORD|index=8253|total=2|smooth=2|singular=0
RECORD|index=8254|total=0|smooth=0|singular=0
RECORD|index=8255|total=3|smooth=3|singular=0
RECORD|index=8256|total=1|smooth=1|singular=0
RECORD|index=8257|total=2|smooth=2|singular=0
RECORD|index=8258|total=2|smooth=2|singular=0
RECORD|index=8259|total=1|smooth=1|singular=0
RECORD|index=8260|total=0|smooth=0|singular=0
RECORD|index=8261|total=0|smooth=0|singular=0
RECORD|index=8262|total=2|smooth=2|singular=0
RECORD|index=8263|total=0|smooth=0|singular=0
RECORD|index=8264|total=1|smooth=1|singular=0
RECORD|index=8265|total=1|smooth=1|singular=0
RECORD|index=8266|total=4|smooth=4|singular=0
RECORD|index=8267|total=0|smooth=0|singular=0
RECORD|index=8268|total=4|smooth=4|singular=0
RECORD|index=8269|total=2|smooth=2|singular=0
RECORD|index=8270|total=3|smooth=3|singular=0
RECORD|index=8271|total=3|smooth=3|singular=0
RECORD|index=8272|total=0|smooth=0|singular=0
RECORD|index=8273|total=0|smooth=0|singular=0
RECORD|index=8274|total=2|smooth=2|singular=0
RECORD|index=8275|total=2|smooth=2|singular=0
RECORD|index=8276|total=0|smooth=0|singular=0
RECORD|index=8277|total=2|smooth=2|singular=0
RECORD|index=8278|total=0|smooth=0|singular=0
RECORD|index=8279|total=0|smooth=0|singular=0
RECORD|index=8280|total=2|smooth=2|singular=0
RECORD|index=8281|total=0|smooth=0|singular=0
RECORD|index=8282|total=0|smooth=0|singular=0
RECORD|index=8283|total=1|smooth=1|singular=0
RECORD|index=8284|total=1|smooth=1|singular=0
RECORD|index=8285|total=3|smooth=3|singular=0
RECORD|index=8286|total=1|smooth=1|singular=0
RECORD|index=8287|total=1|smooth=1|singular=0
RECORD|index=8288|total=3|smooth=3|singular=0
RECORD|index=8289|total=2|smooth=2|singular=0
RECORD|index=8290|total=2|smooth=2|singular=0
RECORD|index=8291|total=0|smooth=0|singular=0
RECORD|index=8292|total=0|smooth=0|singular=0
RECORD|index=8293|total=2|smooth=2|singular=0
RECORD|index=8294|total=4|smooth=4|singular=0
RECORD|index=8295|total=2|smooth=2|singular=0
RECORD|index=8296|total=0|smooth=0|singular=0
RECORD|index=8297|total=1|smooth=1|singular=0
RECORD|index=8298|total=2|smooth=2|singular=0
RECORD|index=8299|total=0|smooth=0|singular=0
RECORD|index=8300|total=0|smooth=0|singular=0
RECORD|index=8301|total=0|smooth=0|singular=0
RECORD|index=8302|total=1|smooth=1|singular=0
RECORD|index=8303|total=0|smooth=0|singular=0
RECORD|index=8304|total=0|smooth=0|singular=0
RECORD|index=8305|total=2|smooth=2|singular=0
RECORD|index=8306|total=2|smooth=2|singular=0
RECORD|index=8307|total=0|smooth=0|singular=0
RECORD|index=8308|total=3|smooth=3|singular=0
RECORD|index=8309|total=0|smooth=0|singular=0
RECORD|index=8310|total=1|smooth=1|singular=0
RECORD|index=8311|total=2|smooth=2|singular=0
RECORD|index=8312|total=0|smooth=0|singular=0
RECORD|index=8313|total=2|smooth=2|singular=0
RECORD|index=8314|total=1|smooth=1|singular=0
RECORD|index=8315|total=1|smooth=1|singular=0
RECORD|index=8316|total=1|smooth=1|singular=0
RECORD|index=8317|total=1|smooth=1|singular=0
RECORD|index=8318|total=2|smooth=2|singular=0
RECORD|index=8319|total=0|smooth=0|singular=0
RECORD|index=8320|total=0|smooth=0|singular=0
RECORD|index=8321|total=1|smooth=1|singular=0
RECORD|index=8322|total=0|smooth=0|singular=0
RECORD|index=8323|total=3|smooth=3|singular=0
RECORD|index=8324|total=0|smooth=0|singular=0
RECORD|index=8325|total=0|smooth=0|singular=0
RECORD|index=8326|total=2|smooth=2|singular=0
RECORD|index=8327|total=0|smooth=0|singular=0
RECORD|index=8328|total=0|smooth=0|singular=0
RECORD|index=8329|total=0|smooth=0|singular=0
RECORD|index=8330|total=0|smooth=0|singular=0
RECORD|index=8331|total=1|smooth=1|singular=0
RECORD|index=8332|total=0|smooth=0|singular=0
RECORD|index=8333|total=2|smooth=2|singular=0
RECORD|index=8334|total=1|smooth=1|singular=0
RECORD|index=8335|total=0|smooth=0|singular=0
RECORD|index=8336|total=0|smooth=0|singular=0
RECORD|index=8337|total=0|smooth=0|singular=0
RECORD|index=8338|total=0|smooth=0|singular=0
RECORD|index=8339|total=0|smooth=0|singular=0
RECORD|index=8340|total=1|smooth=1|singular=0
RECORD|index=8341|total=0|smooth=0|singular=0
RECORD|index=8342|total=3|smooth=3|singular=0
RECORD|index=8343|total=1|smooth=1|singular=0
RECORD|index=8344|total=0|smooth=0|singular=0
RECORD|index=8345|total=1|smooth=1|singular=0
RECORD|index=8346|total=1|smooth=1|singular=0
RECORD|index=8347|total=0|smooth=0|singular=0
RECORD|index=8348|total=2|smooth=2|singular=0
RECORD|index=8349|total=1|smooth=1|singular=0
RECORD|index=8350|total=0|smooth=0|singular=0
RECORD|index=8351|total=1|smooth=1|singular=0
RECORD|index=8352|total=2|smooth=2|singular=0
RECORD|index=8353|total=0|smooth=0|singular=0
RECORD|index=8354|total=0|smooth=0|singular=0
RECORD|index=8355|total=1|smooth=1|singular=0
RECORD|index=8356|total=0|smooth=0|singular=0
RECORD|index=8357|total=1|smooth=1|singular=0
RECORD|index=8358|total=1|smooth=1|singular=0
RECORD|index=8359|total=1|smooth=1|singular=0
RECORD|index=8360|total=1|smooth=1|singular=0
RECORD|index=8361|total=1|smooth=1|singular=0
RECORD|index=8362|total=0|smooth=0|singular=0
RECORD|index=8363|total=1|smooth=1|singular=0
RECORD|index=8364|total=1|smooth=1|singular=0
RECORD|index=8365|total=3|smooth=3|singular=0
RECORD|index=8366|total=1|smooth=1|singular=0
RECORD|index=8367|total=1|smooth=1|singular=0
RECORD|index=8368|total=1|smooth=1|singular=0
RECORD|index=8369|total=0|smooth=0|singular=0
RECORD|index=8370|total=1|smooth=1|singular=0
RECORD|index=8371|total=3|smooth=3|singular=0
RECORD|index=8372|total=3|smooth=3|singular=0
RECORD|index=8373|total=1|smooth=1|singular=0
RECORD|index=8374|total=0|smooth=0|singular=0
RECORD|index=8375|total=1|smooth=1|singular=0
RECORD|index=8376|total=0|smooth=0|singular=0
RECORD|index=8377|total=2|smooth=2|singular=0
RECORD|index=8378|total=2|smooth=2|singular=0
RECORD|index=8379|total=1|smooth=1|singular=0
RECORD|index=8380|total=2|smooth=2|singular=0
RECORD|index=8381|total=1|smooth=1|singular=0
RECORD|index=8382|total=0|smooth=0|singular=0
RECORD|index=8383|total=0|smooth=0|singular=0
RECORD|index=8384|total=0|smooth=0|singular=0
RECORD|index=8385|total=0|smooth=0|singular=0
RECORD|index=8386|total=0|smooth=0|singular=0
RECORD|index=8387|total=1|smooth=1|singular=0
RECORD|index=8388|total=1|smooth=1|singular=0
RECORD|index=8389|total=2|smooth=2|singular=0
RECORD|index=8390|total=2|smooth=2|singular=0
RECORD|index=8391|total=1|smooth=1|singular=0
RECORD|index=8392|total=1|smooth=1|singular=0
RECORD|index=8393|total=1|smooth=1|singular=0
RECORD|index=8394|total=2|smooth=2|singular=0
RECORD|index=8395|total=1|smooth=1|singular=0
RECORD|index=8396|total=1|smooth=1|singular=0
RECORD|index=8397|total=0|smooth=0|singular=0
RECORD|index=8398|total=2|smooth=2|singular=0
RECORD|index=8399|total=4|smooth=4|singular=0
RECORD|index=8400|total=1|smooth=1|singular=0
RECORD|index=8401|total=1|smooth=1|singular=0
RECORD|index=8402|total=1|smooth=1|singular=0
RECORD|index=8403|total=1|smooth=1|singular=0
RECORD|index=8404|total=0|smooth=0|singular=0
RECORD|index=8405|total=1|smooth=1|singular=0
RECORD|index=8406|total=0|smooth=0|singular=0
RECORD|index=8407|total=0|smooth=0|singular=0
RECORD|index=8408|total=1|smooth=1|singular=0
RECORD|index=8409|total=2|smooth=2|singular=0
RECORD|index=8410|total=0|smooth=0|singular=0
RECORD|index=8411|total=0|smooth=0|singular=0
RECORD|index=8412|total=1|smooth=1|singular=0
RECORD|index=8413|total=1|smooth=1|singular=0
RECORD|index=8414|total=2|smooth=2|singular=0
RECORD|index=8415|total=1|smooth=1|singular=0
RECORD|index=8416|total=0|smooth=0|singular=0
RECORD|index=8417|total=0|smooth=0|singular=0
RECORD|index=8418|total=2|smooth=2|singular=0
RECORD|index=8419|total=1|smooth=1|singular=0
RECORD|index=8420|total=1|smooth=1|singular=0
RECORD|index=8421|total=1|smooth=1|singular=0
RECORD|index=8422|total=1|smooth=1|singular=0
RECORD|index=8423|total=4|smooth=4|singular=0
RECORD|index=8424|total=1|smooth=1|singular=0
RECORD|index=8425|total=1|smooth=1|singular=0
RECORD|index=8426|total=0|smooth=0|singular=0
RECORD|index=8427|total=0|smooth=0|singular=0
RECORD|index=8428|total=2|smooth=2|singular=0
RECORD|index=8429|total=1|smooth=1|singular=0
RECORD|index=8430|total=3|smooth=3|singular=0
RECORD|index=8431|total=5|smooth=5|singular=0
RECORD|index=8432|total=1|smooth=1|singular=0
RECORD|index=8433|total=0|smooth=0|singular=0
RECORD|index=8434|total=1|smooth=1|singular=0
RECORD|index=8435|total=1|smooth=1|singular=0
RECORD|index=8436|total=1|smooth=1|singular=0
RECORD|index=8437|total=0|smooth=0|singular=0
RECORD|index=8438|total=1|smooth=1|singular=0
RECORD|index=8439|total=1|smooth=1|singular=0
RECORD|index=8440|total=1|smooth=1|singular=0
RECORD|index=8441|total=0|smooth=0|singular=0
RECORD|index=8442|total=1|smooth=1|singular=0
RECORD|index=8443|total=1|smooth=1|singular=0
RECORD|index=8444|total=0|smooth=0|singular=0
RECORD|index=8445|total=1|smooth=1|singular=0
RECORD|index=8446|total=1|smooth=1|singular=0
RECORD|index=8447|total=4|smooth=4|singular=0
RECORD|index=8448|total=0|smooth=0|singular=0
RECORD|index=8449|total=2|smooth=2|singular=0
RECORD|index=8450|total=0|smooth=0|singular=0
RECORD|index=8451|total=1|smooth=1|singular=0
RECORD|index=8452|total=0|smooth=0|singular=0
RECORD|index=8453|total=2|smooth=2|singular=0
RECORD|index=8454|total=0|smooth=0|singular=0
RECORD|index=8455|total=0|smooth=0|singular=0
RECORD|index=8456|total=0|smooth=0|singular=0
RECORD|index=8457|total=0|smooth=0|singular=0
RECORD|index=8458|total=0|smooth=0|singular=0
RECORD|index=8459|total=3|smooth=3|singular=0
RECORD|index=8460|total=5|smooth=5|singular=0
RECORD|index=8461|total=0|smooth=0|singular=0
RECORD|index=8462|total=3|smooth=3|singular=0
RECORD|index=8463|total=1|smooth=1|singular=0
RECORD|index=8464|total=0|smooth=0|singular=0
RECORD|index=8465|total=0|smooth=0|singular=0
RECORD|index=8466|total=0|smooth=0|singular=0
RECORD|index=8467|total=0|smooth=0|singular=0
RECORD|index=8468|total=2|smooth=2|singular=0
RECORD|index=8469|total=0|smooth=0|singular=0
RECORD|index=8470|total=0|smooth=0|singular=0
RECORD|index=8471|total=0|smooth=0|singular=0
RECORD|index=8472|total=0|smooth=0|singular=0
RECORD|index=8473|total=1|smooth=1|singular=0
RECORD|index=8474|total=2|smooth=2|singular=0
RECORD|index=8475|total=2|smooth=2|singular=0
RECORD|index=8476|total=0|smooth=0|singular=0
RECORD|index=8477|total=0|smooth=0|singular=0
RECORD|index=8478|total=1|smooth=1|singular=0
RECORD|index=8479|total=0|smooth=0|singular=0
RECORD|index=8480|total=1|smooth=1|singular=0
RECORD|index=8481|total=1|smooth=1|singular=0
RECORD|index=8482|total=1|smooth=1|singular=0
RECORD|index=8483|total=1|smooth=1|singular=0
RECORD|index=8484|total=2|smooth=2|singular=0
RECORD|index=8485|total=3|smooth=3|singular=0
RECORD|index=8486|total=1|smooth=1|singular=0
RECORD|index=8487|total=1|smooth=1|singular=0
RECORD|index=8488|total=0|smooth=0|singular=0
RECORD|index=8489|total=0|smooth=0|singular=0
RECORD|index=8490|total=2|smooth=2|singular=0
RECORD|index=8491|total=0|smooth=0|singular=0
RECORD|index=8492|total=1|smooth=1|singular=0
RECORD|index=8493|total=2|smooth=2|singular=0
RECORD|index=8494|total=0|smooth=0|singular=0
RECORD|index=8495|total=0|smooth=0|singular=0
RECORD|index=8496|total=1|smooth=1|singular=0
RECORD|index=8497|total=0|smooth=0|singular=0
RECORD|index=8498|total=1|smooth=1|singular=0
RECORD|index=8499|total=0|smooth=0|singular=0
RECORD|index=8500|total=0|smooth=0|singular=0
RECORD|index=8501|total=0|smooth=0|singular=0
RECORD|index=8502|total=1|smooth=1|singular=0
RECORD|index=8503|total=0|smooth=0|singular=0
RECORD|index=8504|total=0|smooth=0|singular=0
RECORD|index=8505|total=1|smooth=1|singular=0
RECORD|index=8506|total=1|smooth=1|singular=0
RECORD|index=8507|total=2|smooth=2|singular=0
RECORD|index=8508|total=0|smooth=0|singular=0
RECORD|index=8509|total=2|smooth=2|singular=0
RECORD|index=8510|total=1|smooth=1|singular=0
RECORD|index=8511|total=1|smooth=1|singular=0
RECORD|index=8512|total=0|smooth=0|singular=0
RECORD|index=8513|total=0|smooth=0|singular=0
RECORD|index=8514|total=2|smooth=2|singular=0
RECORD|index=8515|total=1|smooth=1|singular=0
RECORD|index=8516|total=1|smooth=1|singular=0
RECORD|index=8517|total=2|smooth=2|singular=0
RECORD|index=8518|total=1|smooth=1|singular=0
RECORD|index=8519|total=1|smooth=1|singular=0
RECORD|index=8520|total=0|smooth=0|singular=0
RECORD|index=8521|total=4|smooth=4|singular=0
RECORD|index=8522|total=3|smooth=3|singular=0
RECORD|index=8523|total=1|smooth=1|singular=0
RECORD|index=8524|total=0|smooth=0|singular=0
RECORD|index=8525|total=0|smooth=0|singular=0
RECORD|index=8526|total=3|smooth=3|singular=0
RECORD|index=8527|total=1|smooth=1|singular=0
RECORD|index=8528|total=2|smooth=2|singular=0
RECORD|index=8529|total=0|smooth=0|singular=0
RECORD|index=8530|total=0|smooth=0|singular=0
RECORD|index=8531|total=0|smooth=0|singular=0
RECORD|index=8532|total=4|smooth=4|singular=0
RECORD|index=8533|total=0|smooth=0|singular=0
RECORD|index=8534|total=0|smooth=0|singular=0
RECORD|index=8535|total=0|smooth=0|singular=0
RECORD|index=8536|total=0|smooth=0|singular=0
RECORD|index=8537|total=0|smooth=0|singular=0
RECORD|index=8538|total=0|smooth=0|singular=0
RECORD|index=8539|total=0|smooth=0|singular=0
RECORD|index=8540|total=3|smooth=3|singular=0
RECORD|index=8541|total=2|smooth=2|singular=0
RECORD|index=8542|total=5|smooth=5|singular=0
RECORD|index=8543|total=0|smooth=0|singular=0
RECORD|index=8544|total=0|smooth=0|singular=0
RECORD|index=8545|total=1|smooth=1|singular=0
RECORD|index=8546|total=1|smooth=1|singular=0
RECORD|index=8547|total=1|smooth=1|singular=0
RECORD|index=8548|total=3|smooth=3|singular=0
RECORD|index=8549|total=3|smooth=3|singular=0
RECORD|index=8550|total=2|smooth=2|singular=0
RECORD|index=8551|total=1|smooth=1|singular=0
RECORD|index=8552|total=1|smooth=1|singular=0
RECORD|index=8553|total=0|smooth=0|singular=0
RECORD|index=8554|total=0|smooth=0|singular=0
RECORD|index=8555|total=0|smooth=0|singular=0
RECORD|index=8556|total=2|smooth=2|singular=0
RECORD|index=8557|total=1|smooth=1|singular=0
RECORD|index=8558|total=3|smooth=3|singular=0
RECORD|index=8559|total=4|smooth=4|singular=0
RECORD|index=8560|total=1|smooth=1|singular=0
RECORD|index=8561|total=1|smooth=1|singular=0
RECORD|index=8562|total=0|smooth=0|singular=0
RECORD|index=8563|total=1|smooth=1|singular=0
RECORD|index=8564|total=1|smooth=1|singular=0
RECORD|index=8565|total=0|smooth=0|singular=0
RECORD|index=8566|total=2|smooth=2|singular=0
RECORD|index=8567|total=0|smooth=0|singular=0
RECORD|index=8568|total=1|smooth=1|singular=0
RECORD|index=8569|total=0|smooth=0|singular=0
RECORD|index=8570|total=1|smooth=1|singular=0
RECORD|index=8571|total=1|smooth=1|singular=0
RECORD|index=8572|total=0|smooth=0|singular=0
RECORD|index=8573|total=0|smooth=0|singular=0
RECORD|index=8574|total=1|smooth=1|singular=0
RECORD|index=8575|total=2|smooth=2|singular=0
RECORD|index=8576|total=0|smooth=0|singular=0
RECORD|index=8577|total=0|smooth=0|singular=0
RECORD|index=8578|total=0|smooth=0|singular=0
RECORD|index=8579|total=2|smooth=2|singular=0
RECORD|index=8580|total=0|smooth=0|singular=0
RECORD|index=8581|total=1|smooth=1|singular=0
RECORD|index=8582|total=1|smooth=1|singular=0
RECORD|index=8583|total=0|smooth=0|singular=0
RECORD|index=8584|total=0|smooth=0|singular=0
RECORD|index=8585|total=0|smooth=0|singular=0
RECORD|index=8586|total=2|smooth=2|singular=0
RECORD|index=8587|total=2|smooth=2|singular=0
RECORD|index=8588|total=1|smooth=1|singular=0
RECORD|index=8589|total=1|smooth=1|singular=0
RECORD|index=8590|total=3|smooth=3|singular=0
RECORD|index=8591|total=1|smooth=1|singular=0
RECORD|index=8592|total=1|smooth=1|singular=0
RECORD|index=8593|total=2|smooth=2|singular=0
RECORD|index=8594|total=4|smooth=4|singular=0
RECORD|index=8595|total=0|smooth=0|singular=0
RECORD|index=8596|total=0|smooth=0|singular=0
RECORD|index=8597|total=0|smooth=0|singular=0
RECORD|index=8598|total=3|smooth=3|singular=0
RECORD|index=8599|total=2|smooth=2|singular=0
RECORD|index=8600|total=1|smooth=1|singular=0
RECORD|index=8601|total=0|smooth=0|singular=0
RECORD|index=8602|total=1|smooth=1|singular=0
RECORD|index=8603|total=0|smooth=0|singular=0
RECORD|index=8604|total=0|smooth=0|singular=0
RECORD|index=8605|total=1|smooth=1|singular=0
RECORD|index=8606|total=1|smooth=1|singular=0
RECORD|index=8607|total=1|smooth=1|singular=0
RECORD|index=8608|total=1|smooth=1|singular=0
RECORD|index=8609|total=0|smooth=0|singular=0
RECORD|index=8610|total=1|smooth=1|singular=0
RECORD|index=8611|total=1|smooth=1|singular=0
RECORD|index=8612|total=1|smooth=1|singular=0
RECORD|index=8613|total=1|smooth=1|singular=0
RECORD|index=8614|total=0|smooth=0|singular=0
RECORD|index=8615|total=0|smooth=0|singular=0
RECORD|index=8616|total=2|smooth=2|singular=0
RECORD|index=8617|total=1|smooth=1|singular=0
RECORD|index=8618|total=0|smooth=0|singular=0
RECORD|index=8619|total=0|smooth=0|singular=0
RECORD|index=8620|total=0|smooth=0|singular=0
RECORD|index=8621|total=2|smooth=2|singular=0
RECORD|index=8622|total=0|smooth=0|singular=0
RECORD|index=8623|total=1|smooth=1|singular=0
RECORD|index=8624|total=0|smooth=0|singular=0
RECORD|index=8625|total=0|smooth=0|singular=0
RECORD|index=8626|total=2|smooth=2|singular=0
RECORD|index=8627|total=0|smooth=0|singular=0
RECORD|index=8628|total=1|smooth=1|singular=0
RECORD|index=8629|total=1|smooth=1|singular=0
RECORD|index=8630|total=1|smooth=1|singular=0
RECORD|index=8631|total=0|smooth=0|singular=0
RECORD|index=8632|total=1|smooth=1|singular=0
RECORD|index=8633|total=0|smooth=0|singular=0
RECORD|index=8634|total=0|smooth=0|singular=0
RECORD|index=8635|total=1|smooth=1|singular=0
RECORD|index=8636|total=0|smooth=0|singular=0
RECORD|index=8637|total=0|smooth=0|singular=0
RECORD|index=8638|total=1|smooth=1|singular=0
RECORD|index=8639|total=0|smooth=0|singular=0
RECORD|index=8640|total=0|smooth=0|singular=0
RECORD|index=8641|total=2|smooth=2|singular=0
RECORD|index=8642|total=0|smooth=0|singular=0
RECORD|index=8643|total=0|smooth=0|singular=0
RECORD|index=8644|total=1|smooth=1|singular=0
RECORD|index=8645|total=3|smooth=3|singular=0
RECORD|index=8646|total=0|smooth=0|singular=0
RECORD|index=8647|total=1|smooth=1|singular=0
RECORD|index=8648|total=2|smooth=2|singular=0
RECORD|index=8649|total=2|smooth=2|singular=0
RECORD|index=8650|total=2|smooth=2|singular=0
RECORD|index=8651|total=3|smooth=3|singular=0
RECORD|index=8652|total=1|smooth=1|singular=0
RECORD|index=8653|total=1|smooth=1|singular=0
RECORD|index=8654|total=2|smooth=2|singular=0
RECORD|index=8655|total=1|smooth=1|singular=0
RECORD|index=8656|total=1|smooth=1|singular=0
RECORD|index=8657|total=0|smooth=0|singular=0
RECORD|index=8658|total=0|smooth=0|singular=0
RECORD|index=8659|total=1|smooth=1|singular=0
RECORD|index=8660|total=2|smooth=2|singular=0
RECORD|index=8661|total=0|smooth=0|singular=0
RECORD|index=8662|total=0|smooth=0|singular=0
RECORD|index=8663|total=0|smooth=0|singular=0
RECORD|index=8664|total=2|smooth=2|singular=0
RECORD|index=8665|total=1|smooth=1|singular=0
RECORD|index=8666|total=2|smooth=2|singular=0
RECORD|index=8667|total=1|smooth=1|singular=0
RECORD|index=8668|total=0|smooth=0|singular=0
RECORD|index=8669|total=0|smooth=0|singular=0
RECORD|index=8670|total=1|smooth=1|singular=0
RECORD|index=8671|total=0|smooth=0|singular=0
RECORD|index=8672|total=1|smooth=1|singular=0
RECORD|index=8673|total=1|smooth=1|singular=0
RECORD|index=8674|total=1|smooth=1|singular=0
RECORD|index=8675|total=1|smooth=1|singular=0
RECORD|index=8676|total=2|smooth=2|singular=0
RECORD|index=8677|total=1|smooth=1|singular=0
RECORD|index=8678|total=0|smooth=0|singular=0
RECORD|index=8679|total=1|smooth=1|singular=0
RECORD|index=8680|total=0|smooth=0|singular=0
RECORD|index=8681|total=0|smooth=0|singular=0
RECORD|index=8682|total=1|smooth=1|singular=0
RECORD|index=8683|total=1|smooth=1|singular=0
RECORD|index=8684|total=1|smooth=1|singular=0
RECORD|index=8685|total=0|smooth=0|singular=0
RECORD|index=8686|total=1|smooth=1|singular=0
RECORD|index=8687|total=0|smooth=0|singular=0
RECORD|index=8688|total=0|smooth=0|singular=0
RECORD|index=8689|total=0|smooth=0|singular=0
RECORD|index=8690|total=0|smooth=0|singular=0
RECORD|index=8691|total=0|smooth=0|singular=0
RECORD|index=8692|total=1|smooth=1|singular=0
RECORD|index=8693|total=0|smooth=0|singular=0
RECORD|index=8694|total=0|smooth=0|singular=0
RECORD|index=8695|total=0|smooth=0|singular=0
RECORD|index=8696|total=3|smooth=3|singular=0
RECORD|index=8697|total=0|smooth=0|singular=0
RECORD|index=8698|total=1|smooth=1|singular=0
RECORD|index=8699|total=1|smooth=1|singular=0
RECORD|index=8700|total=2|smooth=2|singular=0
RECORD|index=8701|total=1|smooth=1|singular=0
RECORD|index=8702|total=2|smooth=2|singular=0
RECORD|index=8703|total=1|smooth=1|singular=0
RECORD|index=8704|total=0|smooth=0|singular=0
RECORD|index=8705|total=1|smooth=1|singular=0
RECORD|index=8706|total=0|smooth=0|singular=0
RECORD|index=8707|total=2|smooth=2|singular=0
RECORD|index=8708|total=2|smooth=2|singular=0
RECORD|index=8709|total=2|smooth=2|singular=0
RECORD|index=8710|total=2|smooth=2|singular=0
RECORD|index=8711|total=1|smooth=1|singular=0
RECORD|index=8712|total=1|smooth=1|singular=0
RECORD|index=8713|total=0|smooth=0|singular=0
RECORD|index=8714|total=2|smooth=2|singular=0
RECORD|index=8715|total=4|smooth=4|singular=0
RECORD|index=8716|total=0|smooth=0|singular=0
RECORD|index=8717|total=0|smooth=0|singular=0
RECORD|index=8718|total=3|smooth=3|singular=0
RECORD|index=8719|total=0|smooth=0|singular=0
RECORD|index=8720|total=0|smooth=0|singular=0
RECORD|index=8721|total=1|smooth=1|singular=0
RECORD|index=8722|total=4|smooth=4|singular=0
RECORD|index=8723|total=0|smooth=0|singular=0
RECORD|index=8724|total=0|smooth=0|singular=0
RECORD|index=8725|total=0|smooth=0|singular=0
RECORD|index=8726|total=2|smooth=2|singular=0
RECORD|index=8727|total=1|smooth=1|singular=0
RECORD|index=8728|total=0|smooth=0|singular=0
RECORD|index=8729|total=1|smooth=1|singular=0
RECORD|index=8730|total=1|smooth=1|singular=0
RECORD|index=8731|total=1|smooth=1|singular=0
RECORD|index=8732|total=0|smooth=0|singular=0
RECORD|index=8733|total=2|smooth=2|singular=0
RECORD|index=8734|total=0|smooth=0|singular=0
RECORD|index=8735|total=1|smooth=1|singular=0
RECORD|index=8736|total=1|smooth=1|singular=0
RECORD|index=8737|total=0|smooth=0|singular=0
RECORD|index=8738|total=1|smooth=1|singular=0
RECORD|index=8739|total=0|smooth=0|singular=0
RECORD|index=8740|total=0|smooth=0|singular=0
RECORD|index=8741|total=1|smooth=1|singular=0
RECORD|index=8742|total=0|smooth=0|singular=0
RECORD|index=8743|total=1|smooth=1|singular=0
RECORD|index=8744|total=0|smooth=0|singular=0
RECORD|index=8745|total=3|smooth=3|singular=0
RECORD|index=8746|total=0|smooth=0|singular=0
RECORD|index=8747|total=1|smooth=1|singular=0
RECORD|index=8748|total=1|smooth=1|singular=0
RECORD|index=8749|total=2|smooth=2|singular=0
RECORD|index=8750|total=0|smooth=0|singular=0
RECORD|index=8751|total=0|smooth=0|singular=0
RECORD|index=8752|total=0|smooth=0|singular=0
RECORD|index=8753|total=1|smooth=1|singular=0
RECORD|index=8754|total=1|smooth=1|singular=0
RECORD|index=8755|total=2|smooth=2|singular=0
RECORD|index=8756|total=0|smooth=0|singular=0
RECORD|index=8757|total=3|smooth=3|singular=0
RECORD|index=8758|total=1|smooth=1|singular=0
RECORD|index=8759|total=1|smooth=1|singular=0
RECORD|index=8760|total=2|smooth=2|singular=0
RECORD|index=8761|total=1|smooth=1|singular=0
RECORD|index=8762|total=2|smooth=2|singular=0
RECORD|index=8763|total=1|smooth=1|singular=0
RECORD|index=8764|total=1|smooth=1|singular=0
RECORD|index=8765|total=1|smooth=1|singular=0
RECORD|index=8766|total=0|smooth=0|singular=0
RECORD|index=8767|total=1|smooth=1|singular=0
RECORD|index=8768|total=0|smooth=0|singular=0
RECORD|index=8769|total=0|smooth=0|singular=0
RECORD|index=8770|total=0|smooth=0|singular=0
RECORD|index=8771|total=2|smooth=2|singular=0
RECORD|index=8772|total=0|smooth=0|singular=0
RECORD|index=8773|total=2|smooth=2|singular=0
RECORD|index=8774|total=2|smooth=2|singular=0
RECORD|index=8775|total=2|smooth=2|singular=0
RECORD|index=8776|total=0|smooth=0|singular=0
RECORD|index=8777|total=1|smooth=1|singular=0
RECORD|index=8778|total=2|smooth=2|singular=0
RECORD|index=8779|total=0|smooth=0|singular=0
RECORD|index=8780|total=0|smooth=0|singular=0
RECORD|index=8781|total=1|smooth=1|singular=0
RECORD|index=8782|total=1|smooth=1|singular=0
RECORD|index=8783|total=3|smooth=3|singular=0
RECORD|index=8784|total=1|smooth=1|singular=0
RECORD|index=8785|total=3|smooth=3|singular=0
RECORD|index=8786|total=1|smooth=1|singular=0
RECORD|index=8787|total=0|smooth=0|singular=0
RECORD|index=8788|total=0|smooth=0|singular=0
RECORD|index=8789|total=1|smooth=1|singular=0
RECORD|index=8790|total=3|smooth=3|singular=0
RECORD|index=8791|total=0|smooth=0|singular=0
RECORD|index=8792|total=2|smooth=2|singular=0
RECORD|index=8793|total=0|smooth=0|singular=0
RECORD|index=8794|total=0|smooth=0|singular=0
RECORD|index=8795|total=1|smooth=1|singular=0
RECORD|index=8796|total=1|smooth=1|singular=0
RECORD|index=8797|total=1|smooth=1|singular=0
RECORD|index=8798|total=0|smooth=0|singular=0
RECORD|index=8799|total=2|smooth=2|singular=0
RECORD|index=8800|total=1|smooth=1|singular=0
RECORD|index=8801|total=0|smooth=0|singular=0
RECORD|index=8802|total=1|smooth=1|singular=0
RECORD|index=8803|total=1|smooth=1|singular=0
RECORD|index=8804|total=1|smooth=1|singular=0
RECORD|index=8805|total=1|smooth=1|singular=0
RECORD|index=8806|total=2|smooth=2|singular=0
RECORD|index=8807|total=0|smooth=0|singular=0
RECORD|index=8808|total=2|smooth=2|singular=0
RECORD|index=8809|total=0|smooth=0|singular=0
RECORD|index=8810|total=1|smooth=1|singular=0
RECORD|index=8811|total=0|smooth=0|singular=0
RECORD|index=8812|total=0|smooth=0|singular=0
RECORD|index=8813|total=1|smooth=1|singular=0
RECORD|index=8814|total=1|smooth=1|singular=0
RECORD|index=8815|total=0|smooth=0|singular=0
RECORD|index=8816|total=0|smooth=0|singular=0
RECORD|index=8817|total=2|smooth=2|singular=0
RECORD|index=8818|total=0|smooth=0|singular=0
RECORD|index=8819|total=1|smooth=1|singular=0
RECORD|index=8820|total=1|smooth=1|singular=0
RECORD|index=8821|total=1|smooth=1|singular=0
RECORD|index=8822|total=3|smooth=3|singular=0
RECORD|index=8823|total=3|smooth=3|singular=0
RECORD|index=8824|total=1|smooth=1|singular=0
RECORD|index=8825|total=1|smooth=1|singular=0
RECORD|index=8826|total=1|smooth=1|singular=0
RECORD|index=8827|total=0|smooth=0|singular=0
RECORD|index=8828|total=0|smooth=0|singular=0
RECORD|index=8829|total=0|smooth=0|singular=0
RECORD|index=8830|total=0|smooth=0|singular=0
RECORD|index=8831|total=0|smooth=0|singular=0
RECORD|index=8832|total=0|smooth=0|singular=0
RECORD|index=8833|total=0|smooth=0|singular=0
RECORD|index=8834|total=1|smooth=1|singular=0
RECORD|index=8835|total=0|smooth=0|singular=0
RECORD|index=8836|total=0|smooth=0|singular=0
RECORD|index=8837|total=2|smooth=2|singular=0
RECORD|index=8838|total=0|smooth=0|singular=0
RECORD|index=8839|total=2|smooth=2|singular=0
RECORD|index=8840|total=0|smooth=0|singular=0
RECORD|index=8841|total=1|smooth=1|singular=0
RECORD|index=8842|total=0|smooth=0|singular=0
RECORD|index=8843|total=0|smooth=0|singular=0
RECORD|index=8844|total=0|smooth=0|singular=0
RECORD|index=8845|total=2|smooth=2|singular=0
RECORD|index=8846|total=3|smooth=3|singular=0
RECORD|index=8847|total=1|smooth=1|singular=0
RECORD|index=8848|total=0|smooth=0|singular=0
RECORD|index=8849|total=2|smooth=2|singular=0
RECORD|index=8850|total=2|smooth=2|singular=0
RECORD|index=8851|total=1|smooth=1|singular=0
RECORD|index=8852|total=2|smooth=2|singular=0
RECORD|index=8853|total=2|smooth=2|singular=0
RECORD|index=8854|total=2|smooth=2|singular=0
RECORD|index=8855|total=1|smooth=1|singular=0
RECORD|index=8856|total=0|smooth=0|singular=0
RECORD|index=8857|total=1|smooth=1|singular=0
RECORD|index=8858|total=0|smooth=0|singular=0
RECORD|index=8859|total=1|smooth=1|singular=0
RECORD|index=8860|total=0|smooth=0|singular=0
RECORD|index=8861|total=1|smooth=1|singular=0
RECORD|index=8862|total=0|smooth=0|singular=0
RECORD|index=8863|total=1|smooth=1|singular=0
RECORD|index=8864|total=4|smooth=4|singular=0
RECORD|index=8865|total=0|smooth=0|singular=0
RECORD|index=8866|total=0|smooth=0|singular=0
RECORD|index=8867|total=2|smooth=2|singular=0
RECORD|index=8868|total=0|smooth=0|singular=0
RECORD|index=8869|total=1|smooth=1|singular=0
RECORD|index=8870|total=2|smooth=2|singular=0
RECORD|index=8871|total=1|smooth=1|singular=0
RECORD|index=8872|total=1|smooth=1|singular=0
RECORD|index=8873|total=1|smooth=1|singular=0
RECORD|index=8874|total=2|smooth=2|singular=0
RECORD|index=8875|total=0|smooth=0|singular=0
RECORD|index=8876|total=2|smooth=2|singular=0
RECORD|index=8877|total=0|smooth=0|singular=0
RECORD|index=8878|total=0|smooth=0|singular=0
RECORD|index=8879|total=4|smooth=4|singular=0
RECORD|index=8880|total=1|smooth=1|singular=0
RECORD|index=8881|total=2|smooth=2|singular=0
RECORD|index=8882|total=0|smooth=0|singular=0
RECORD|index=8883|total=3|smooth=3|singular=0
RECORD|index=8884|total=1|smooth=1|singular=0
RECORD|index=8885|total=1|smooth=1|singular=0
RECORD|index=8886|total=2|smooth=2|singular=0
RECORD|index=8887|total=0|smooth=0|singular=0
RECORD|index=8888|total=1|smooth=1|singular=0
RECORD|index=8889|total=1|smooth=1|singular=0
RECORD|index=8890|total=1|smooth=1|singular=0
RECORD|index=8891|total=1|smooth=1|singular=0
RECORD|index=8892|total=0|smooth=0|singular=0
RECORD|index=8893|total=0|smooth=0|singular=0
RECORD|index=8894|total=0|smooth=0|singular=0
RECORD|index=8895|total=1|smooth=1|singular=0
RECORD|index=8896|total=1|smooth=1|singular=0
RECORD|index=8897|total=1|smooth=1|singular=0
RECORD|index=8898|total=2|smooth=2|singular=0
RECORD|index=8899|total=1|smooth=1|singular=0
RECORD|index=8900|total=1|smooth=1|singular=0
RECORD|index=8901|total=1|smooth=1|singular=0
RECORD|index=8902|total=1|smooth=1|singular=0
RECORD|index=8903|total=1|smooth=1|singular=0
RECORD|index=8904|total=1|smooth=1|singular=0
RECORD|index=8905|total=2|smooth=2|singular=0
RECORD|index=8906|total=0|smooth=0|singular=0
RECORD|index=8907|total=1|smooth=1|singular=0
RECORD|index=8908|total=0|smooth=0|singular=0
RECORD|index=8909|total=0|smooth=0|singular=0
RECORD|index=8910|total=1|smooth=1|singular=0
RECORD|index=8911|total=2|smooth=2|singular=0
RECORD|index=8912|total=2|smooth=2|singular=0
RECORD|index=8913|total=0|smooth=0|singular=0
RECORD|index=8914|total=1|smooth=1|singular=0
RECORD|index=8915|total=1|smooth=1|singular=0
RECORD|index=8916|total=1|smooth=1|singular=0
RECORD|index=8917|total=1|smooth=1|singular=0
RECORD|index=8918|total=3|smooth=3|singular=0
RECORD|index=8919|total=1|smooth=1|singular=0
RECORD|index=8920|total=0|smooth=0|singular=0
RECORD|index=8921|total=2|smooth=2|singular=0
RECORD|index=8922|total=2|smooth=2|singular=0
RECORD|index=8923|total=0|smooth=0|singular=0
RECORD|index=8924|total=0|smooth=0|singular=0
RECORD|index=8925|total=1|smooth=1|singular=0
RECORD|index=8926|total=3|smooth=3|singular=0
RECORD|index=8927|total=0|smooth=0|singular=0
RECORD|index=8928|total=1|smooth=1|singular=0
RECORD|index=8929|total=1|smooth=1|singular=0
RECORD|index=8930|total=0|smooth=0|singular=0
RECORD|index=8931|total=1|smooth=1|singular=0
RECORD|index=8932|total=0|smooth=0|singular=0
RECORD|index=8933|total=2|smooth=2|singular=0
RECORD|index=8934|total=1|smooth=1|singular=0
RECORD|index=8935|total=2|smooth=2|singular=0
RECORD|index=8936|total=0|smooth=0|singular=0
RECORD|index=8937|total=0|smooth=0|singular=0
RECORD|index=8938|total=1|smooth=1|singular=0
RECORD|index=8939|total=0|smooth=0|singular=0
RECORD|index=8940|total=1|smooth=1|singular=0
RECORD|index=8941|total=0|smooth=0|singular=0
RECORD|index=8942|total=2|smooth=2|singular=0
RECORD|index=8943|total=3|smooth=3|singular=0
RECORD|index=8944|total=2|smooth=2|singular=0
RECORD|index=8945|total=3|smooth=3|singular=0
RECORD|index=8946|total=2|smooth=2|singular=0
RECORD|index=8947|total=2|smooth=2|singular=0
RECORD|index=8948|total=1|smooth=1|singular=0
RECORD|index=8949|total=0|smooth=0|singular=0
RECORD|index=8950|total=2|smooth=2|singular=0
RECORD|index=8951|total=2|smooth=2|singular=0
RECORD|index=8952|total=3|smooth=3|singular=0
RECORD|index=8953|total=4|smooth=4|singular=0
RECORD|index=8954|total=2|smooth=2|singular=0
RECORD|index=8955|total=3|smooth=3|singular=0
RECORD|index=8956|total=1|smooth=1|singular=0
RECORD|index=8957|total=3|smooth=3|singular=0
RECORD|index=8958|total=1|smooth=1|singular=0
RECORD|index=8959|total=1|smooth=1|singular=0
RECORD|index=8960|total=1|smooth=1|singular=0
RECORD|index=8961|total=3|smooth=3|singular=0
RECORD|index=8962|total=0|smooth=0|singular=0
RECORD|index=8963|total=0|smooth=0|singular=0
RECORD|index=8964|total=2|smooth=2|singular=0
RECORD|index=8965|total=0|smooth=0|singular=0
RECORD|index=8966|total=2|smooth=2|singular=0
RECORD|index=8967|total=0|smooth=0|singular=0
RECORD|index=8968|total=2|smooth=2|singular=0
RECORD|index=8969|total=3|smooth=3|singular=0
RECORD|index=8970|total=1|smooth=1|singular=0
RECORD|index=8971|total=0|smooth=0|singular=0
RECORD|index=8972|total=0|smooth=0|singular=0
RECORD|index=8973|total=1|smooth=1|singular=0
RECORD|index=8974|total=0|smooth=0|singular=0
RECORD|index=8975|total=3|smooth=3|singular=0
RECORD|index=8976|total=0|smooth=0|singular=0
RECORD|index=8977|total=2|smooth=2|singular=0
RECORD|index=8978|total=0|smooth=0|singular=0
RECORD|index=8979|total=0|smooth=0|singular=0
RECORD|index=8980|total=1|smooth=1|singular=0
RECORD|index=8981|total=3|smooth=3|singular=0
RECORD|index=8982|total=1|smooth=1|singular=0
RECORD|index=8983|total=1|smooth=1|singular=0
RECORD|index=8984|total=2|smooth=2|singular=0
RECORD|index=8985|total=0|smooth=0|singular=0
RECORD|index=8986|total=0|smooth=0|singular=0
RECORD|index=8987|total=2|smooth=2|singular=0
RECORD|index=8988|total=1|smooth=1|singular=0
RECORD|index=8989|total=0|smooth=0|singular=0
RECORD|index=8990|total=0|smooth=0|singular=0
RECORD|index=8991|total=0|smooth=0|singular=0
RECORD|index=8992|total=1|smooth=1|singular=0
RECORD|index=8993|total=2|smooth=2|singular=0
RECORD|index=8994|total=1|smooth=1|singular=0
RECORD|index=8995|total=0|smooth=0|singular=0
RECORD|index=8996|total=0|smooth=0|singular=0
RECORD|index=8997|total=0|smooth=0|singular=0
RECORD|index=8998|total=1|smooth=1|singular=0
RECORD|index=8999|total=0|smooth=0|singular=0
RECORD|index=9000|total=0|smooth=0|singular=0
RECORD|index=9001|total=0|smooth=0|singular=0
RECORD|index=9002|total=0|smooth=0|singular=0
RECORD|index=9003|total=3|smooth=3|singular=0
RECORD|index=9004|total=1|smooth=1|singular=0
RECORD|index=9005|total=2|smooth=2|singular=0
RECORD|index=9006|total=0|smooth=0|singular=0
RECORD|index=9007|total=1|smooth=1|singular=0
RECORD|index=9008|total=1|smooth=1|singular=0
RECORD|index=9009|total=1|smooth=1|singular=0
RECORD|index=9010|total=0|smooth=0|singular=0
RECORD|index=9011|total=1|smooth=1|singular=0
RECORD|index=9012|total=0|smooth=0|singular=0
RECORD|index=9013|total=0|smooth=0|singular=0
RECORD|index=9014|total=1|smooth=1|singular=0
RECORD|index=9015|total=0|smooth=0|singular=0
RECORD|index=9016|total=1|smooth=1|singular=0
RECORD|index=9017|total=1|smooth=1|singular=0
RECORD|index=9018|total=0|smooth=0|singular=0
RECORD|index=9019|total=0|smooth=0|singular=0
RECORD|index=9020|total=3|smooth=3|singular=0
RECORD|index=9021|total=0|smooth=0|singular=0
RECORD|index=9022|total=2|smooth=2|singular=0
RECORD|index=9023|total=1|smooth=1|singular=0
RECORD|index=9024|total=0|smooth=0|singular=0
RECORD|index=9025|total=0|smooth=0|singular=0
RECORD|index=9026|total=2|smooth=2|singular=0
RECORD|index=9027|total=0|smooth=0|singular=0
RECORD|index=9028|total=1|smooth=1|singular=0
RECORD|index=9029|total=1|smooth=1|singular=0
RECORD|index=9030|total=1|smooth=1|singular=0
RECORD|index=9031|total=0|smooth=0|singular=0
RECORD|index=9032|total=1|smooth=1|singular=0
RECORD|index=9033|total=1|smooth=1|singular=0
RECORD|index=9034|total=2|smooth=2|singular=0
RECORD|index=9035|total=0|smooth=0|singular=0
RECORD|index=9036|total=0|smooth=0|singular=0
RECORD|index=9037|total=2|smooth=2|singular=0
RECORD|index=9038|total=0|smooth=0|singular=0
RECORD|index=9039|total=0|smooth=0|singular=0
RECORD|index=9040|total=0|smooth=0|singular=0
RECORD|index=9041|total=3|smooth=3|singular=0
RECORD|index=9042|total=1|smooth=1|singular=0
RECORD|index=9043|total=2|smooth=2|singular=0
RECORD|index=9044|total=2|smooth=2|singular=0
RECORD|index=9045|total=0|smooth=0|singular=0
RECORD|index=9046|total=0|smooth=0|singular=0
RECORD|index=9047|total=1|smooth=1|singular=0
RECORD|index=9048|total=3|smooth=3|singular=0
RECORD|index=9049|total=1|smooth=1|singular=0
RECORD|index=9050|total=1|smooth=1|singular=0
RECORD|index=9051|total=3|smooth=3|singular=0
RECORD|index=9052|total=0|smooth=0|singular=0
RECORD|index=9053|total=1|smooth=1|singular=0
RECORD|index=9054|total=0|smooth=0|singular=0
RECORD|index=9055|total=1|smooth=1|singular=0
RECORD|index=9056|total=0|smooth=0|singular=0
RECORD|index=9057|total=1|smooth=1|singular=0
RECORD|index=9058|total=2|smooth=2|singular=0
RECORD|index=9059|total=0|smooth=0|singular=0
RECORD|index=9060|total=0|smooth=0|singular=0
RECORD|index=9061|total=0|smooth=0|singular=0
RECORD|index=9062|total=1|smooth=1|singular=0
RECORD|index=9063|total=0|smooth=0|singular=0
RECORD|index=9064|total=4|smooth=4|singular=0
RECORD|index=9065|total=1|smooth=1|singular=0
RECORD|index=9066|total=2|smooth=2|singular=0
RECORD|index=9067|total=2|smooth=2|singular=0
RECORD|index=9068|total=0|smooth=0|singular=0
RECORD|index=9069|total=3|smooth=3|singular=0
RECORD|index=9070|total=1|smooth=1|singular=0
RECORD|index=9071|total=1|smooth=0|singular=1
SINGULAR_FQ2_SHARD_PASS
