Running as unit: run-r21c733703099424884e88b3f5e0452af.scope; invocation ID: c29db1493a444243bea0f2060ca9646a
	Command being timed: "timeout 21600 ./run_v65.sh qh"
	User time (seconds): 7905.16
	System time (seconds): 4.81
	Percent of CPU this job got: 99%
	Elapsed (wall clock) time (h:mm:ss or m:ss): 2:11:50
	Average shared text size (kbytes): 0
	Average unshared data size (kbytes): 0
	Average stack size (kbytes): 0
	Average total size (kbytes): 0
	Maximum resident set size (kbytes): 3049060
	Average resident set size (kbytes): 0
	Major (requiring I/O) page faults: 0
	Minor (reclaiming a frame) page faults: 1394992
	Voluntary context switches: 9
	Involuntary context switches: 8740
	Swaps: 0
	File system inputs: 0
	File system outputs: 136
	Socket messages sent: 0
	Socket messages received: 0
	Signals delivered: 0
	Page size (bytes): 4096
	Exit status: 0
