	Command being timed: "timeout 14400 env JC2_ROOT=/home/ubuntu/jobs/as_b9_9_12_exact_core_20260825T1722Z/source OUTPUT_JSON=/home/ubuntu/jobs/as_b9_9_12_exact_core_20260825T1722Z/result.json PARENT_REPLAY_JSON=/home/ubuntu/jobs/as_b9_9_12_exact_core_20260825T1722Z/parent_replay.json BASES_JSON=/home/ubuntu/jobs/as_b9_9_12_exact_core_20260825T1722Z/bases.json PROJECTED_GZIP=/home/ubuntu/jobs/as_b9_9_12_exact_core_20260825T1722Z/projected.json.gz /home/ubuntu/jobs/as_b9_9_12_exact_core_20260825T1722Z/venv/bin/python /home/ubuntu/jobs/as_b9_9_12_exact_core_20260825T1722Z/source/cases/as_b9_9_12_exact_core_cokernel_20260825/exact_core_cokernel.py"
	User time (seconds): 34.71
	System time (seconds): 0.13
	Percent of CPU this job got: 99%
	Elapsed (wall clock) time (h:mm:ss or m:ss): 0:34.85
	Average shared text size (kbytes): 0
	Average unshared data size (kbytes): 0
	Average stack size (kbytes): 0
	Average total size (kbytes): 0
	Maximum resident set size (kbytes): 241572
	Average resident set size (kbytes): 0
	Major (requiring I/O) page faults: 0
	Minor (reclaiming a frame) page faults: 122858
	Voluntary context switches: 3
	Involuntary context switches: 49
	Swaps: 0
	File system inputs: 0
	File system outputs: 13080
	Socket messages sent: 0
	Socket messages received: 0
	Signals delivered: 0
	Page size (bytes): 4096
	Exit status: 0
