NATIVE_START 2026-09-11 10:38:02.080145189 UTC
ip-172-30-0-120
pid:[4026531836]
d06102c6-210d-4161-9f85-a7327b96f44a
libpython3.12-stdlib 3.12.3-1ubuntu0.16
procps 2:4.0.4-4ubuntu3.3
python3.12 3.12.3-1ubuntu0.16
python3.12-minimal 3.12.3-1ubuntu0.16
util-linux 2.39.3-9ubuntu6.6
HELPER bash /usr/bin/bash /usr/bin/bash
bc5945feb8bd26203ebfafea5ce1878bb2e32cb8fb50ab7ae395cfb1e1aaaef1  /usr/bin/bash
FILE 1446024 0 0 755 /usr/bin/bash
ALIAS /lib/x86_64-linux-gnu/libtinfo.so.6 /usr/lib/x86_64-linux-gnu/libtinfo.so.6.4
e6089d7bb95eee5b545f3770dd69095b0bca47d26701cad145af429561d16306  /usr/lib/x86_64-linux-gnu/libtinfo.so.6.4
FILE 208328 0 0 644 /usr/lib/x86_64-linux-gnu/libtinfo.so.6.4
ALIAS /lib/x86_64-linux-gnu/libc.so.6 /usr/lib/x86_64-linux-gnu/libc.so.6
8db37cf3f2169f59a0f07ef1fea308c35656668c64c8ff294e1860f4121eb161  /usr/lib/x86_64-linux-gnu/libc.so.6
FILE 2125328 0 0 755 /usr/lib/x86_64-linux-gnu/libc.so.6
ALIAS /lib64/ld-linux-x86-64.so.2 /usr/lib/x86_64-linux-gnu/ld-linux-x86-64.so.2
cd4df4f3c7b83673d61189bf2eaebd33ca4f2853ab9772b8a25e025ef99b1e81  /usr/lib/x86_64-linux-gnu/ld-linux-x86-64.so.2
FILE 236616 0 0 755 /usr/lib/x86_64-linux-gnu/ld-linux-x86-64.so.2
HELPER env /usr/bin/env /usr/bin/env
886e5fa8be716b03eeda48856e0f04493f2969fc148fb7812594ffac647fa050  /usr/bin/env
FILE 48072 0 0 755 /usr/bin/env
HELPER systemd-run /usr/bin/systemd-run /usr/bin/systemd-run
dbc8b988a849d5c9d7ef2de7068a6f107021bc6c11e0d7864c73f373eef726a7  /usr/bin/systemd-run
FILE 68392 0 0 755 /usr/bin/systemd-run
356f170e9e3a9dfb8026448b81d999863794e30f9c7136b4dfdd0b7abbf73116  /usr/lib/x86_64-linux-gnu/systemd/libsystemd-shared-255.so
FILE 3755032 0 0 644 /usr/lib/x86_64-linux-gnu/systemd/libsystemd-shared-255.so
ALIAS /lib/x86_64-linux-gnu/libacl.so.1 /usr/lib/x86_64-linux-gnu/libacl.so.1.1.2302
1f5247285409ec89990e9fe384d78dfb2ae6ec8e210a2657073babc8d6b7e54f  /usr/lib/x86_64-linux-gnu/libacl.so.1.1.2302
FILE 38984 0 0 644 /usr/lib/x86_64-linux-gnu/libacl.so.1.1.2302
ALIAS /lib/x86_64-linux-gnu/libblkid.so.1 /usr/lib/x86_64-linux-gnu/libblkid.so.1.1.0
9c3860ffab5422410ff9e073d3e82267f00bc68ff1248cbb191640ee2ff045bc  /usr/lib/x86_64-linux-gnu/libblkid.so.1.1.0
FILE 236592 0 0 644 /usr/lib/x86_64-linux-gnu/libblkid.so.1.1.0
ALIAS /lib/x86_64-linux-gnu/libcap.so.2 /usr/lib/x86_64-linux-gnu/libcap.so.2.66
6ac6abc86ac891c6e13486470e26f1d939f47fda9e6b5d5508a7f5ec881adc84  /usr/lib/x86_64-linux-gnu/libcap.so.2.66
FILE 51536 0 0 644 /usr/lib/x86_64-linux-gnu/libcap.so.2.66
ALIAS /lib/x86_64-linux-gnu/libcrypt.so.1 /usr/lib/x86_64-linux-gnu/libcrypt.so.1.1.0
1502636e3be8232c9cf801dfb533694aea985d449904f3e1295db26d7b348946  /usr/lib/x86_64-linux-gnu/libcrypt.so.1.1.0
FILE 198664 0 0 644 /usr/lib/x86_64-linux-gnu/libcrypt.so.1.1.0
ALIAS /lib/x86_64-linux-gnu/libgcrypt.so.20 /usr/lib/x86_64-linux-gnu/libgcrypt.so.20.4.3
6ad6d7007ee1ad8319eb18ba9a512cf09dda49396a303774c68b47477020bad4  /usr/lib/x86_64-linux-gnu/libgcrypt.so.20.4.3
FILE 1345072 0 0 644 /usr/lib/x86_64-linux-gnu/libgcrypt.so.20.4.3
ALIAS /lib/x86_64-linux-gnu/libgpg-error.so.0 /usr/lib/x86_64-linux-gnu/libgpg-error.so.0.34.0
6cb18a007bfcb623029f4528a36b46578fea7dc34c2b505b8e6e0d99e6348cd1  /usr/lib/x86_64-linux-gnu/libgpg-error.so.0.34.0
FILE 149760 0 0 644 /usr/lib/x86_64-linux-gnu/libgpg-error.so.0.34.0
ALIAS /lib/x86_64-linux-gnu/libkmod.so.2 /usr/lib/x86_64-linux-gnu/libkmod.so.2.4.1
6108903e15200313fd0bb71bb7e17d8fb8d01a01fa7f3dd1649d4f0c6187c8d3  /usr/lib/x86_64-linux-gnu/libkmod.so.2.4.1
FILE 112792 0 0 644 /usr/lib/x86_64-linux-gnu/libkmod.so.2.4.1
ALIAS /lib/x86_64-linux-gnu/libzstd.so.1 /usr/lib/x86_64-linux-gnu/libzstd.so.1.5.5
0a2128bc10841fb29e76d08d945864dfb0b6a66da5df6df5d8299197439e54bb  /usr/lib/x86_64-linux-gnu/libzstd.so.1.5.5
FILE 755864 0 0 644 /usr/lib/x86_64-linux-gnu/libzstd.so.1.5.5
ALIAS /lib/x86_64-linux-gnu/liblzma.so.5 /usr/lib/x86_64-linux-gnu/liblzma.so.5.4.5
696e868dd0700a19a6d65fc01608ec2d70d3cb91f65710e89180cd2e688f30cb  /usr/lib/x86_64-linux-gnu/liblzma.so.5.4.5
FILE 202904 0 0 644 /usr/lib/x86_64-linux-gnu/liblzma.so.5.4.5
ALIAS /lib/x86_64-linux-gnu/libcrypto.so.3 /usr/lib/x86_64-linux-gnu/libcrypto.so.3
6a66c3ba6b3749aacc9497973fff00f6ba61c703ba7015d0d7ab3fd9510974b6  /usr/lib/x86_64-linux-gnu/libcrypto.so.3
FILE 5309400 0 0 644 /usr/lib/x86_64-linux-gnu/libcrypto.so.3
ALIAS /lib/x86_64-linux-gnu/liblz4.so.1 /usr/lib/x86_64-linux-gnu/liblz4.so.1.9.4
40bffd0a098387368b16b992abd5f7cf43c0fa2f05cabe5a6d483719554adfda  /usr/lib/x86_64-linux-gnu/liblz4.so.1.9.4
FILE 137440 0 0 644 /usr/lib/x86_64-linux-gnu/liblz4.so.1.9.4
ALIAS /lib/x86_64-linux-gnu/libmount.so.1 /usr/lib/x86_64-linux-gnu/libmount.so.1.1.0
7472255ae5799059b37ddd544788f5665dbd3e1cb78259f52180293039efc2a5  /usr/lib/x86_64-linux-gnu/libmount.so.1.1.0
FILE 309960 0 0 644 /usr/lib/x86_64-linux-gnu/libmount.so.1.1.0
ALIAS /lib/x86_64-linux-gnu/libselinux.so.1 /usr/lib/x86_64-linux-gnu/libselinux.so.1
0ec0843463f90e227b0e138e1f379774f50b5514bd7f5dbd4c8a87aca0aa6670  /usr/lib/x86_64-linux-gnu/libselinux.so.1
FILE 174472 0 0 644 /usr/lib/x86_64-linux-gnu/libselinux.so.1
ALIAS /lib/x86_64-linux-gnu/libpcre2-8.so.0 /usr/lib/x86_64-linux-gnu/libpcre2-8.so.0.11.2
e00576d71d81d3ba0cfa4903c835a44a8723aac96f72f79ff75200b4cff9071b  /usr/lib/x86_64-linux-gnu/libpcre2-8.so.0.11.2
FILE 625344 0 0 644 /usr/lib/x86_64-linux-gnu/libpcre2-8.so.0.11.2
ALIAS /lib/x86_64-linux-gnu/libpam.so.0 /usr/lib/x86_64-linux-gnu/libpam.so.0.85.1
9e1c85dcceeedd56568874afa04c52bbd051fb8bac52c3e1f5feeb1eed14238a  /usr/lib/x86_64-linux-gnu/libpam.so.0.85.1
FILE 67888 0 0 644 /usr/lib/x86_64-linux-gnu/libpam.so.0.85.1
ALIAS /lib/x86_64-linux-gnu/libaudit.so.1 /usr/lib/x86_64-linux-gnu/libaudit.so.1.0.0
8a4ca5eda7607f2e65da7cb32a780cc0dcfbf202037482ef4261a3c1ec339083  /usr/lib/x86_64-linux-gnu/libaudit.so.1.0.0
FILE 133200 0 0 644 /usr/lib/x86_64-linux-gnu/libaudit.so.1.0.0
ALIAS /lib/x86_64-linux-gnu/libcap-ng.so.0 /usr/lib/x86_64-linux-gnu/libcap-ng.so.0.0.0
25349c22956c7af94f46e728d7e4c1eba57d0e4a0517f72781fb495d541eeef3  /usr/lib/x86_64-linux-gnu/libcap-ng.so.0.0.0
FILE 26848 0 0 644 /usr/lib/x86_64-linux-gnu/libcap-ng.so.0.0.0
ALIAS /lib/x86_64-linux-gnu/libseccomp.so.2 /usr/lib/x86_64-linux-gnu/libseccomp.so.2.5.5
b4d9140a7797ccf3ac14f5d9d579b64f157111662940cb8330c632b11a8cea8e  /usr/lib/x86_64-linux-gnu/libseccomp.so.2.5.5
FILE 125360 0 0 644 /usr/lib/x86_64-linux-gnu/libseccomp.so.2.5.5
ALIAS /lib/x86_64-linux-gnu/libm.so.6 /usr/lib/x86_64-linux-gnu/libm.so.6
e9c4b28d340e415b8137480ec442662f981e1399386c5931dae0e886e3639e91  /usr/lib/x86_64-linux-gnu/libm.so.6
FILE 952616 0 0 644 /usr/lib/x86_64-linux-gnu/libm.so.6
HELPER systemctl /usr/bin/systemctl /usr/bin/systemctl
e0d3d0e9444da1b2b58c792c3f5028b69f049b77d5ca17b3ec0d09f89117225b  /usr/bin/systemctl
FILE 1501304 0 0 755 /usr/bin/systemctl
HELPER timeout /usr/bin/timeout /usr/bin/timeout
12690a043dfd555a6c14ccc1564f5649c18f1762c0d6ff66729948130898ec52  /usr/bin/timeout
FILE 39880 0 0 755 /usr/bin/timeout
HELPER ps /usr/bin/ps /usr/bin/ps
26a77f641ef5d6799195675dc4d23fc8de4a0ca04e3955637faf0d84f87554fd  /usr/bin/ps
FILE 146424 0 0 755 /usr/bin/ps
ALIAS /lib/x86_64-linux-gnu/libproc2.so.0 /usr/lib/x86_64-linux-gnu/libproc2.so.0.0.2
fe22f6fa9fcdc2aef0f8213e9f7d49cc7e2c377c68c803684fa7811a6d104a42  /usr/lib/x86_64-linux-gnu/libproc2.so.0.0.2
FILE 203400 0 0 644 /usr/lib/x86_64-linux-gnu/libproc2.so.0.0.2
ALIAS /lib/x86_64-linux-gnu/libsystemd.so.0 /usr/lib/x86_64-linux-gnu/libsystemd.so.0.38.0
bdf59c828b547bcdbe7b3576c0810d9d9d2e982d8b61b365812542da6a4c4a99  /usr/lib/x86_64-linux-gnu/libsystemd.so.0.38.0
FILE 910592 0 0 644 /usr/lib/x86_64-linux-gnu/libsystemd.so.0.38.0
HELPER chrt /usr/bin/chrt /usr/bin/chrt
3390a776cfe0de822e6a35a14fb7c3e5a72f051b9814272c0b539b0dc671d2ae  /usr/bin/chrt
FILE 31104 0 0 755 /usr/bin/chrt
HELPER setpriv /usr/bin/setpriv /usr/bin/setpriv
62ec0120791f3afcfb689fed52384ec2b0accc6e118a6b9a1d6fcfa7450aaf37  /usr/bin/setpriv
FILE 39304 0 0 755 /usr/bin/setpriv
HELPER test /usr/bin/test /usr/bin/test
f789529392eab055ddbd6d4e3f44f6499ce7706ed623078c704406bc9f085b53  /usr/bin/test
FILE 47552 0 0 755 /usr/bin/test
HELPER id /usr/bin/id /usr/bin/id
0e967a87e22a60b330c6dbdc7affe1dda41f342f14d20877725f0486d8777df2  /usr/bin/id
FILE 39432 0 0 755 /usr/bin/id
HELPER uname /usr/bin/uname /usr/bin/uname
c6e023b172383fae5318c600e6f2f3a153513df62bf06ad6c9269296d2a78e89  /usr/bin/uname
FILE 35336 0 0 755 /usr/bin/uname
HELPER tr /usr/bin/tr /usr/bin/tr
35ee22fe3bc5387017902f243d19f5d967e74d9f682b10d1c25fe0bce2b03733  /usr/bin/tr
FILE 47624 0 0 755 /usr/bin/tr
HELPER hostname /usr/bin/hostname /usr/bin/hostname
071fec20458397874e6121589d5210e7eed22a1b1afe16c2b9970b8a8233cc5b  /usr/bin/hostname
FILE 22760 0 0 755 /usr/bin/hostname
HELPER readlink /usr/bin/readlink /usr/bin/readlink
4c6117ae99adf14e90ee49c860ca6f827db657423d0d0b3e4f6eb29d39daebe0  /usr/bin/readlink
FILE 43432 0 0 755 /usr/bin/readlink
HELPER date /usr/bin/date /usr/bin/date
7d870c845fe650dffb1f55f3db9233a1815213de3f4d1db5d0c2af06c2d22752  /usr/bin/date
FILE 109064 0 0 755 /usr/bin/date
HELPER sed /usr/bin/sed /usr/bin/sed
23f70dd6496d75419823039e1cebf95a2fd0508c6dfec72ac2352f7e08391dd5  /usr/bin/sed
FILE 113224 0 0 755 /usr/bin/sed
HELPER awk /usr/bin/awk /usr/bin/gawk
ALIAS /usr/bin/awk /usr/bin/gawk
9150b42e78b22231bd83131e1db2530a7a7fa0677e189ac7c5cc1520c42c9e88  /usr/bin/gawk
FILE 739840 0 0 755 /usr/bin/gawk
ALIAS /lib/x86_64-linux-gnu/libsigsegv.so.2 /usr/lib/x86_64-linux-gnu/libsigsegv.so.2.0.7
deb2b527b15164aba628af4279dadc9a86d8870b7e5adb9cbcd24de44110c3b7  /usr/lib/x86_64-linux-gnu/libsigsegv.so.2.0.7
FILE 18656 0 0 644 /usr/lib/x86_64-linux-gnu/libsigsegv.so.2.0.7
ALIAS /lib/x86_64-linux-gnu/libreadline.so.8 /usr/lib/x86_64-linux-gnu/libreadline.so.8.2
0a079f958147699f7bb5bf228406a5d878dc2387fe9cdc5cce6f3e35e20380fc  /usr/lib/x86_64-linux-gnu/libreadline.so.8.2
FILE 344096 0 0 644 /usr/lib/x86_64-linux-gnu/libreadline.so.8.2
ALIAS /lib/x86_64-linux-gnu/libmpfr.so.6 /usr/lib/x86_64-linux-gnu/libmpfr.so.6.2.1
2156351fa3dedd04a7381c6ac7a8a26efa2d6fb08b80f8a2d644ccdd653710ae  /usr/lib/x86_64-linux-gnu/libmpfr.so.6.2.1
FILE 760464 0 0 644 /usr/lib/x86_64-linux-gnu/libmpfr.so.6.2.1
ALIAS /lib/x86_64-linux-gnu/libgmp.so.10 /usr/lib/x86_64-linux-gnu/libgmp.so.10.5.0
0ccdfb6d6f5c039465f6d002cf7e4c072d48ac6a2cffc8dd6c748dec31592804  /usr/lib/x86_64-linux-gnu/libgmp.so.10.5.0
FILE 534896 0 0 644 /usr/lib/x86_64-linux-gnu/libgmp.so.10.5.0
HELPER find /usr/bin/find /usr/bin/find
ac1ea1c5391de921aca1572f1bf25d03707beb3887b27c16a5b4948fd553941b  /usr/bin/find
FILE 204264 0 0 755 /usr/bin/find
HELPER sort /usr/bin/sort /usr/bin/sort
0052ad741146f4c344e61a9606b37209df7113ae9d569c620d1640e176d982d3  /usr/bin/sort
FILE 105272 0 0 755 /usr/bin/sort
HELPER stat /usr/bin/stat /usr/bin/stat
166809d4415b69e598e9ad20539e85223394cb7db38903b0b0a9104a13434739  /usr/bin/stat
FILE 88592 0 0 755 /usr/bin/stat
HELPER file /usr/bin/file /usr/bin/file
6741f44dde8e51309325c8bcf88ee16bc1e022985d584415680484c11ee89e0d  /usr/bin/file
FILE 31336 0 0 755 /usr/bin/file
ALIAS /lib/x86_64-linux-gnu/libmagic.so.1 /usr/lib/x86_64-linux-gnu/libmagic.so.1.0.0
2f4745657a648f09add1aee122891f9be1c24bae93d29e734da9386544fedb71  /usr/lib/x86_64-linux-gnu/libmagic.so.1.0.0
FILE 170360 0 0 644 /usr/lib/x86_64-linux-gnu/libmagic.so.1.0.0
ALIAS /lib/x86_64-linux-gnu/libbz2.so.1.0 /usr/lib/x86_64-linux-gnu/libbz2.so.1.0.4
cc08c9f50a8009ffd6391e0116a100369b11ca9238fa52392c019e6645b122a1  /usr/lib/x86_64-linux-gnu/libbz2.so.1.0.4
FILE 78944 0 0 644 /usr/lib/x86_64-linux-gnu/libbz2.so.1.0.4
ALIAS /lib/x86_64-linux-gnu/libz.so.1 /usr/lib/x86_64-linux-gnu/libz.so.1.3
86200da370f20476a2507e9097a789b5ef97269b4ca8d5e164ad82dab9d99892  /usr/lib/x86_64-linux-gnu/libz.so.1.3
FILE 113000 0 0 644 /usr/lib/x86_64-linux-gnu/libz.so.1.3
HELPER ldd /usr/bin/ldd /usr/bin/ldd
4f1d37e25f27535e3f02a5b7da63e1ce18d4982445db2c25fc8f985a3d395cc3  /usr/bin/ldd
FILE 5382 0 0 755 /usr/bin/ldd
HELPER dpkg-query /usr/bin/dpkg-query /usr/bin/dpkg-query
cc2a19017c37132e4ad46c1fbddea6472262d0a62a0b8585c383706c20005ea1  /usr/bin/dpkg-query
FILE 137792 0 0 755 /usr/bin/dpkg-query
ALIAS /lib/x86_64-linux-gnu/libmd.so.0 /usr/lib/x86_64-linux-gnu/libmd.so.0.1.0
423e18586b6ea740f4465afd64f7a9a4cb7264ed979c8e7256f9085af5345fef  /usr/lib/x86_64-linux-gnu/libmd.so.0.1.0
FILE 55536 0 0 644 /usr/lib/x86_64-linux-gnu/libmd.so.0.1.0
HELPER sha256sum /usr/bin/sha256sum /usr/bin/sha256sum
4d2db56c867e5324e0084c9e897f6360d37517de77ac96f2bd31494223d69a60  /usr/bin/sha256sum
FILE 39336 0 0 755 /usr/bin/sha256sum
HELPER cut /usr/bin/cut /usr/bin/cut
74e458a2da3a338c2b9e9a9180c300ed344f214d5f9de79dc39f7fa050d9c476  /usr/bin/cut
FILE 39432 0 0 755 /usr/bin/cut
HELPER head /usr/bin/head /usr/bin/head
2f990e7472d0c4dc6826c4afd827c61288d8a7f5e12debe8b116a99eeab7b83e  /usr/bin/head
FILE 43528 0 0 755 /usr/bin/head
HELPER grep /usr/bin/grep /usr/bin/grep
20a35a4c18f2fe9e6305c1cbf866b9c0fcc3f957132ae66028c99ec353bb0a80  /usr/bin/grep
FILE 186824 0 0 755 /usr/bin/grep
HELPER install /usr/bin/install /usr/bin/install
14e9088c53f771fea828d81866a22c7817177504d1f993a1f5ed2f70373ebe17  /usr/bin/install
FILE 145944 0 0 755 /usr/bin/install
ALIAS /lib/x86_64-linux-gnu/libattr.so.1 /usr/lib/x86_64-linux-gnu/libattr.so.1.1.2502
5651ee014f2f42621f80995f44c10b478a0781fbfc54d2d120fb22df35ba3f22  /usr/lib/x86_64-linux-gnu/libattr.so.1.1.2502
FILE 26696 0 0 644 /usr/lib/x86_64-linux-gnu/libattr.so.1.1.2502
HELPER mount /usr/bin/mount /usr/bin/mount
fde2b1540ca79ea42df942653bdfd09b9b3e3ff1d4713602bd280f754033957a  /usr/bin/mount
FILE 51584 0 0 4755 /usr/bin/mount
HELPER findmnt /usr/bin/findmnt /usr/bin/findmnt
08652d0a79159c9d5b73f9181d3436bf044466e8efffecd0feef5c4cbb4e7670  /usr/bin/findmnt
FILE 69280 0 0 755 /usr/bin/findmnt
ALIAS /lib/x86_64-linux-gnu/libsmartcols.so.1 /usr/lib/x86_64-linux-gnu/libsmartcols.so.1.1.0
0560fded774642441657d3cf3125ac62234545dbe30725ed97cc6a79ba45791b  /usr/lib/x86_64-linux-gnu/libsmartcols.so.1.1.0
FILE 112792 0 0 644 /usr/lib/x86_64-linux-gnu/libsmartcols.so.1.1.0
ALIAS /lib/x86_64-linux-gnu/libudev.so.1 /usr/lib/x86_64-linux-gnu/libudev.so.1.7.8
4298228175fa62a36af88b1afd4406cdd8b1bf166621f957d0dbbde45a698fe5  /usr/lib/x86_64-linux-gnu/libudev.so.1.7.8
FILE 207288 0 0 644 /usr/lib/x86_64-linux-gnu/libudev.so.1.7.8
HELPER mkfifo /usr/bin/mkfifo /usr/bin/mkfifo
67062cf99f0db6803e59da5758b9adc167e3828140b8ea5b1832d12118ac8e44  /usr/bin/mkfifo
FILE 43528 0 0 755 /usr/bin/mkfifo
HELPER sync /usr/bin/sync /usr/bin/sync
e26bfa29a87f5b859bf0281e6b6e5d6aa3e2e5e68f6b72698a4a1dc6158a2974  /usr/bin/sync
FILE 35240 0 0 755 /usr/bin/sync
HELPER cmp /usr/bin/cmp /usr/bin/cmp
b4589abb5222ad6aa4ef63ac31006766f99d1b82cdee30316349f3ad37b80189  /usr/bin/cmp
FILE 43408 0 0 755 /usr/bin/cmp
HELPER od /usr/bin/od /usr/bin/od
4effe765b188099f41fcb8ac6009d065b0859a97f1b2dd50c222dee0843195c6  /usr/bin/od
FILE 72200 0 0 755 /usr/bin/od
HELPER basename /usr/bin/basename /usr/bin/basename
fc455c57afe3afb1772c097c6be408725ece261be9182840a490bbe1545992c8  /usr/bin/basename
FILE 35336 0 0 755 /usr/bin/basename
HELPER dirname /usr/bin/dirname /usr/bin/dirname
0c6767fd8f78935fef72524709bf57e147498a077eaf47ad29eacf8f8e8d4413  /usr/bin/dirname
FILE 35208 0 0 755 /usr/bin/dirname
HELPER cat /usr/bin/cat /usr/bin/cat
0d5c6788b9e87eb2f6672ae7dd1fb1fc9e4d13b930d988f28e4c040ff5b79c19  /usr/bin/cat
FILE 39384 0 0 755 /usr/bin/cat
HELPER sleep /usr/bin/sleep /usr/bin/sleep
8ac215ec4c1ce4a9c23a10cd3e5898d60419bdfab1ac7444d6bdd1690701de24  /usr/bin/sleep
FILE 35336 0 0 755 /usr/bin/sleep
HELPER mkdir /usr/bin/mkdir /usr/bin/mkdir
430c3f949d7d328cd835722f5bbddeac0956fbdfbbb6a197e0abb1def3ed27e2  /usr/bin/mkdir
FILE 76296 0 0 755 /usr/bin/mkdir
b472aadf808bef87c0eb203056a77cb64bd268b71b756306013a53de68a94173  /usr/lib/systemd/systemd
FILE 100816 0 0 755 /usr/lib/systemd/systemd
8fbd0414497f255d82f533ab9cc352a70cb3984f6590b8ca739ed297944d45d6  /usr/lib/x86_64-linux-gnu/systemd/libsystemd-core-255.so
FILE 2144840 0 0 644 /usr/lib/x86_64-linux-gnu/systemd/libsystemd-core-255.so
