Fri Sep 11 10:48:23 UTC 2026
MainPID=0
ControlPID=0
ExecMainPID=0
ExecMainCode=0
ExecMainStatus=0
LoadState=not-found
ActiveState=inactive
SubState=dead
InvocationID=
LoadState=not-found
ActiveState=inactive

LoadState=not-found
ActiveState=inactive
OWNED_CGROUP_ABSENT
FINAL_REGISTRATION_ABSENT
d nobody nogroup 700 /run/jc2-closedchild-preflight9-20260911a/writer
d root root 755 /run/jc2-closedchild-preflight9-20260911a/frozen
d root root 755 /run/jc2-closedchild-preflight9-20260911a/authority
Fri Sep 11 10:48:23 UTC 2026
