Command exited with non-zero status 1
	Command being timed: "timeout --signal=TERM --kill-after=20 4200 Singular --cpus=1 --threads=1 --flint-threads=1 -q emit_dmodel_t6_exact_nfmodStd_1c.sing"
	User time (seconds): 363.51
	System time (seconds): 1.72
	Percent of CPU this job got: 15%
	Elapsed (wall clock) time (h:mm:ss or m:ss): 38:15.23
	Average shared text size (kbytes): 0
	Average unshared data size (kbytes): 0
	Average stack size (kbytes): 0
	Average total size (kbytes): 0
	Maximum resident set size (kbytes): 2500468
	Average resident set size (kbytes): 0
	Major (requiring I/O) page faults: 0
	Minor (reclaiming a frame) page faults: 667029
	Voluntary context switches: 153
	Involuntary context switches: 204255
	Swaps: 0
	File system inputs: 0
	File system outputs: 16
	Socket messages sent: 0
	Socket messages received: 0
	Signals delivered: 0
	Page size (bytes): 4096
	Exit status: 1
