Command exited with non-zero status 124
	Command being timed: "timeout --signal=TERM --kill-after=20 4500 Singular --cpus=3 --threads=3 --flint-threads=3 -q t6_heuristic_exact_At_nfmodStd_3c.sing"
	User time (seconds): 2712.98
	System time (seconds): 6.84
	Percent of CPU this job got: 60%
	Elapsed (wall clock) time (h:mm:ss or m:ss): 1:15:01
	Average shared text size (kbytes): 0
	Average unshared data size (kbytes): 0
	Average stack size (kbytes): 0
	Average total size (kbytes): 0
	Maximum resident set size (kbytes): 3365044
	Average resident set size (kbytes): 0
	Major (requiring I/O) page faults: 0
	Minor (reclaiming a frame) page faults: 2633962
	Voluntary context switches: 169
	Involuntary context switches: 1815409
	Swaps: 0
	File system inputs: 0
	File system outputs: 16
	Socket messages sent: 0
	Socket messages received: 0
	Signals delivered: 0
	Page size (bytes): 4096
	Exit status: 124
