	Command being timed: "timeout --signal=TERM --kill-after=20 120 python3 -u terminal_laurent_fast.py 6"
	User time (seconds): 10.98
	System time (seconds): 0.06
	Percent of CPU this job got: 99%
	Elapsed (wall clock) time (h:mm:ss or m:ss): 0:11.16
	Average shared text size (kbytes): 0
	Average unshared data size (kbytes): 0
	Average stack size (kbytes): 0
	Average total size (kbytes): 0
	Maximum resident set size (kbytes): 46588
	Average resident set size (kbytes): 0
	Major (requiring I/O) page faults: 0
	Minor (reclaiming a frame) page faults: 11040
	Voluntary context switches: 3
	Involuntary context switches: 719
	Swaps: 0
	File system inputs: 0
	File system outputs: 2272
	Socket messages sent: 0
	Socket messages received: 0
	Signals delivered: 0
	Page size (bytes): 4096
	Exit status: 0
