	Command being timed: "timeout --signal=TERM --kill-after=20 3600 Singular -q t6_heuristic_mod_p32003_reduced_std.sing"
	User time (seconds): 659.40
	System time (seconds): 0.82
	Percent of CPU this job got: 67%
	Elapsed (wall clock) time (h:mm:ss or m:ss): 16:21.78
	Average shared text size (kbytes): 0
	Average unshared data size (kbytes): 0
	Average stack size (kbytes): 0
	Average total size (kbytes): 0
	Maximum resident set size (kbytes): 535992
	Average resident set size (kbytes): 0
	Major (requiring I/O) page faults: 0
	Minor (reclaiming a frame) page faults: 132538
	Voluntary context switches: 3
	Involuntary context switches: 256136
	Swaps: 0
	File system inputs: 0
	File system outputs: 16
	Socket messages sent: 0
	Socket messages received: 0
	Signals delivered: 0
	Page size (bytes): 4096
	Exit status: 0
