   ? `poly` ^ `number` failed
   ? expected `poly` ^ `int`
   ? error occurred in or before verify_degree14.sing line 42: `poly C=BB-A^2/3;`
   ? expected poly-expression. type 'help poly;'
   ? `poly` ^ `number` failed
   ? expected `poly` ^ `int`
   ? error occurred in or before verify_degree14.sing line 43: `poly W=T-A*BB/3+2*A^3/27;`
   ? expected poly-expression. type 'help poly;'
   ? `C` is not defined
   ? error occurred in or before verify_degree14.sing line 45: `poly Z10=PoleR-(4/9)*C*W;`
   ? expected poly-expression. type 'help poly;'
   ? `Z10` is undefined
   ? error occurred in or before ::PB line 0: `parameter poly f; parameter poly g; `
   ? wrong type declaration. type 'help poly;'
   ? leaving ::PB (0)
   ? `Ncorrect` is undefined
   ? error occurred in or before ::PB line 0: `parameter poly f; parameter poly g; `
   ? wrong type declaration. type 'help poly;'
   ? leaving ::PB (0)
   ? `C` is not defined
   ? error occurred in or before verify_degree14.sing line 66: `poly Nwrong=(4/3)*K^2*V+(4/9)*K*A*U+(4/9)*C*W+(lam/3)*K*V;`
   ? expected poly-expression. type 'help poly;'
   ? `Nwrong` is undefined
   ? error occurred in or before ::PB line 0: `parameter poly f; parameter poly g; `
   ? wrong type declaration. type 'help poly;'
   ? leaving ::PB (0)
   ? `exit(12)` is undefined
   ? error occurred in or before verify_degree14.sing line 69: `  print("FAIL_OLD_FORMULA_NEGATIVE_CONTROL"); exit(12);`
   ? `C` is not defined
   ? error occurred in or before verify_degree14.sing line 74: `poly FactorNumerator=729*PoleR-324*C*W;`
   ? expected poly-expression. type 'help poly;'
   ? `Z10` is not defined
   ? error occurred in or before verify_degree14.sing line 81: `print("ORIGINAL_DEGREE14_PACKAGE_ZERO");`
	Command being timed: "timeout 1800 Singular verify_degree14.sing"
	User time (seconds): 0.00
	System time (seconds): 0.00
	Percent of CPU this job got: 100%
	Elapsed (wall clock) time (h:mm:ss or m:ss): 0:00.00
	Average shared text size (kbytes): 0
	Average unshared data size (kbytes): 0
	Average stack size (kbytes): 0
	Average total size (kbytes): 0
	Maximum resident set size (kbytes): 10780
	Average resident set size (kbytes): 0
	Major (requiring I/O) page faults: 0
	Minor (reclaiming a frame) page faults: 608
	Voluntary context switches: 3
	Involuntary context switches: 0
	Swaps: 0
	File system inputs: 0
	File system outputs: 16
	Socket messages sent: 0
	Socket messages received: 0
	Signals delivered: 0
	Page size (bytes): 4096
	Exit status: 0
