first_pivot_order=ascending
center_stratum=C,U independent
rows=0;pivots=1;events=0;detdeg=0/0
rows=250;pivots=251;events=0;detdeg=0/0
rows=1500;pivots=684;events=0;detdeg=0/0
rows=1750;pivots=934;events=0;detdeg=0/0
rows=2000;pivots=1184;events=0;detdeg=0/0
rows=2250;pivots=1434;events=0;detdeg=0/0
rows=4750;pivots=1716;events=0;detdeg=0/0
rows=5000;pivots=1966;events=1;detdeg=2/0
rows=5250;pivots=2215;events=1;detdeg=2/0
rows=5500;pivots=2465;events=2;detdeg=3/0
rows=5750;pivots=2715;events=2;detdeg=3/0
rows=6000;pivots=2965;events=2;detdeg=3/0
rows=6250;pivots=3215;events=2;detdeg=3/0
rows=6500;pivots=3465;events=2;detdeg=3/0
P12 bivariate transport PASS
first_rank=38/132
P12 bivariate first/source replay PASS
P12 bivariate genuine polynomial PASS
P12 bivariate reduction PASS
raw_terms=2893;raw_degree=2
raw_sha256=1b3f382685d38bc656980e27b682ecaa88bd719ae7e736fa33f8557b3de16cb8
remainder_sha256=93121eef14c472c3c55b7acaeb1d0eff73b77d462ad8d5b197e8e21b9cda89c4
expected_sha256=b9445255e063a82f827a01b7e18c3bdd2f3da41de14903a73fc2ae68121df7a0
source_nonzero_rows=28
source_multiplier_terms=1489
source_relation_sha256=1f054f38905ff68a981a8175170e878df6f3d57e49a49ec9d27e7931084b3843
raw_denominator=(C*U - 3*U^3)
raw_denominator_factor=(1, [(U, 1), (C - 3*U^2, 1)])
first_denominator=(C*U - 3*U^3)
first_denominator_factor=(1, [(U, 1), (C - 3*U^2, 1)])
relation_denominator=(C^4*U^4 - C^3*U^3 - 22*C^2*U^8 + C^2*U^5 + 1/4*C^2*U^2 + 24*C*U^10 + 21*C*U^7 - 3/2*C*U^4 + 45*U^12 - 45*U^9 + 9/4*U^6)
relation_denominator_factor=(1/4, [(4*C^2*U^2 + 24*C*U^4 - 4*C*U + 20*U^6 - 20*U^3 + 1, 1), (U, 2), (C - 3*U^2, 2)])
relation_denominator_sha256=6f140bb97bd02d0ca98db92bd97d2b59ad69c80801d64da7bf6dfcf29f18222f
cleared_relation_coefficients_polynomial=true
termwise_identity_denominator=(C^5*U^5 - 3*C^4*U^7 - C^4*U^4 - 22*C^3*U^9 + 4*C^3*U^6 + 1/4*C^3*U^3 + 90*C^2*U^11 + 18*C^2*U^8 - 9/4*C^2*U^5 - 27*C*U^13 - 108*C*U^10 + 27/4*C*U^7 - 135*U^15 + 135*U^12 - 27/4*U^9)
termwise_identity_denominator_factor=(1/4, [(4*C^2*U^2 + 24*C*U^4 - 4*C*U + 20*U^6 - 20*U^3 + 1, 1), (U, 3), (C - 3*U^2, 3)])
termwise_identity_denominator_sha256=a49683717aef89152f96d6f8c70797f08c971ffcbf4809c7b0a4ec25ff5413c9
termwise_polynomial_clear_checks=true
TD6-C1-C3-MPOLY-P12-GENERIC PASS
