utc=2026-09-05T15:11:14Z msolve_pid=13623
VmPeak:	 1084128 kB
VmSize:	 1084128 kB
VmHWM:	   21288 kB
VmRSS:	   21288 kB
utc=2026-09-05T15:11:34Z msolve_pid=13623
VmPeak:	 3364928 kB
VmSize:	 3364928 kB
VmHWM:	 1519448 kB
VmRSS:	 1519448 kB
utc=2026-09-05T15:11:54Z msolve_pid=13623
VmPeak:	 4301984 kB
VmSize:	 4301984 kB
VmHWM:	 1639352 kB
VmRSS:	 1639352 kB
utc=2026-09-05T15:12:14Z msolve_pid=13623
VmPeak:	 5758348 kB
VmSize:	 5758348 kB
VmHWM:	 2595124 kB
VmRSS:	 2595124 kB
utc=2026-09-05T15:12:34Z msolve_pid=13623
VmPeak:	 8336808 kB
VmSize:	 8273740 kB
VmHWM:	 5912156 kB
VmRSS:	 5912156 kB
utc=2026-09-05T15:12:54Z msolve_pid=13623
VmPeak:	 9734272 kB
VmSize:	 9670488 kB
VmHWM:	 7212380 kB
VmRSS:	 7212380 kB
utc=2026-09-05T15:13:14Z msolve_pid=13623
VmPeak:	11252140 kB
VmSize:	11252140 kB
VmHWM:	 8690472 kB
VmRSS:	 8690472 kB
utc=2026-09-05T15:13:34Z msolve_pid=13623
VmPeak:	12172000 kB
VmSize:	12172000 kB
VmHWM:	 9713400 kB
VmRSS:	 9713400 kB
utc=2026-09-05T15:13:54Z msolve_pid=13623
VmPeak:	13024232 kB
VmSize:	12958696 kB
VmHWM:	10398080 kB
VmRSS:	10398080 kB
utc=2026-09-05T15:14:14Z msolve_pid=13623
VmPeak:	13286376 kB
VmSize:	13220840 kB
VmHWM:	10730344 kB
VmRSS:	10730344 kB
utc=2026-09-05T15:14:34Z msolve_pid=13623
VmPeak:	13286376 kB
VmSize:	13286376 kB
VmHWM:	10924788 kB
VmRSS:	10924788 kB
utc=2026-09-05T15:14:54Z msolve_pid=13623
VmPeak:	13548520 kB
VmSize:	13548520 kB
VmHWM:	11014292 kB
VmRSS:	11014292 kB
utc=2026-09-05T15:15:14Z msolve_pid=13623
VmPeak:	13548520 kB
VmSize:	13548520 kB
VmHWM:	11060428 kB
VmRSS:	11060428 kB
utc=2026-09-05T15:15:34Z msolve_pid=13623
VmPeak:	13548520 kB
VmSize:	13548520 kB
VmHWM:	11093784 kB
VmRSS:	11093784 kB
utc=2026-09-05T15:15:54Z msolve_pid=13623
VmPeak:	13548520 kB
VmSize:	13548520 kB
VmHWM:	11101456 kB
VmRSS:	11101456 kB
utc=2026-09-05T15:16:14Z msolve_pid=13623
VmPeak:	13548520 kB
VmSize:	13272264 kB
VmHWM:	11087924 kB
VmRSS:	10825308 kB
utc=2026-09-05T15:16:34Z msolve_pid=13623
VmPeak:	13548520 kB
VmSize:	12764260 kB
VmHWM:	11087924 kB
VmRSS:	10412760 kB
utc=2026-09-05T15:16:54Z msolve_pid=13623
VmPeak:	18133356 kB
VmSize:	18133356 kB
VmHWM:	15503592 kB
VmRSS:	15503592 kB
utc=2026-09-05T15:17:14Z msolve_pid=13623
VmPeak:	29340012 kB
VmSize:	29340012 kB
VmHWM:	20244524 kB
VmRSS:	20244524 kB
utc=2026-09-05T15:17:34Z msolve_pid=13623
VmPeak:	29340012 kB
VmSize:	29340012 kB
VmHWM:	23694236 kB
VmRSS:	23694236 kB
utc=2026-09-05T15:17:54Z msolve_pid=13623
VmPeak:	29340012 kB
VmSize:	29340012 kB
VmHWM:	26489608 kB
VmRSS:	26489608 kB
utc=2026-09-05T15:18:14Z msolve_pid=13623
VmPeak:	44282220 kB
VmSize:	44282220 kB
VmHWM:	29401200 kB
VmRSS:	29401200 kB
utc=2026-09-05T15:18:34Z msolve_pid=13623
VmPeak:	44282220 kB
VmSize:	44282220 kB
VmHWM:	32638964 kB
VmRSS:	32638964 kB
utc=2026-09-05T15:18:54Z msolve_pid=13623
VmPeak:	44282220 kB
VmSize:	44282220 kB
VmHWM:	37092580 kB
VmRSS:	37092580 kB
utc=2026-09-05T15:19:14Z msolve_pid=13623
VmPeak:	44282220 kB
VmSize:	44282220 kB
VmHWM:	40572128 kB
VmRSS:	40572128 kB
utc=2026-09-05T15:19:34Z msolve_pid=13623
VmPeak:	74166636 kB
VmSize:	74166636 kB
VmHWM:	44596280 kB
VmRSS:	44596280 kB
utc=2026-09-05T15:19:54Z msolve_pid=13623
VmPeak:	74166636 kB
VmSize:	74166636 kB
VmHWM:	47083792 kB
VmRSS:	47083792 kB
utc=2026-09-05T15:20:14Z msolve_pid=13623
VmPeak:	74166636 kB
VmSize:	74166636 kB
VmHWM:	49307068 kB
VmRSS:	49307068 kB
utc=2026-09-05T15:20:34Z msolve_pid=13623
VmPeak:	74166636 kB
VmSize:	74166636 kB
VmHWM:	51008800 kB
VmRSS:	51008800 kB
utc=2026-09-05T15:20:54Z msolve_pid=13623
VmPeak:	74166636 kB
VmSize:	74166636 kB
VmHWM:	52680188 kB
VmRSS:	52680188 kB
utc=2026-09-05T15:21:15Z msolve_pid=13623
VmPeak:	74166636 kB
VmSize:	74166636 kB
VmHWM:	54139304 kB
VmRSS:	54139304 kB
utc=2026-09-05T15:21:35Z msolve_pid=13623
VmPeak:	74166636 kB
VmSize:	74166636 kB
VmHWM:	55320044 kB
VmRSS:	55320044 kB
utc=2026-09-05T15:21:55Z msolve_pid=13623
VmPeak:	74166636 kB
VmSize:	74166636 kB
VmHWM:	56520544 kB
VmRSS:	56520544 kB
utc=2026-09-05T15:22:15Z msolve_pid=13623
VmPeak:	74166636 kB
VmSize:	74166636 kB
VmHWM:	57717064 kB
VmRSS:	57717064 kB
utc=2026-09-05T15:22:35Z msolve_pid=13623
VmPeak:	74166636 kB
VmSize:	74166636 kB
VmHWM:	58910468 kB
VmRSS:	58910468 kB
