box/g9966-repair-gate-20260905/build_corrected_face_engine.py: OK
box/g9966-repair-gate-20260905/centre-radius-audit.md: OK
box/g9966-repair-gate-20260905/centre_radius_exact.json: OK
box/g9966-repair-gate-20260905/centre_radius_exact.py: OK
box/g9966-repair-gate-20260905/completion.json: OK
box/g9966-repair-gate-20260905/corrected-face-controls.json: OK
box/g9966-repair-gate-20260905/corrected-point-delta2-validation.json: OK
box/g9966-repair-gate-20260905/corrected-point-delta52-trial.json: OK
box/g9966-repair-gate-20260905/corrected_face_engine.patch: OK
box/g9966-repair-gate-20260905/corrected_face_engine.py: OK
box/g9966-repair-gate-20260905/custody-artifacts.check.log: OK
box/g9966-repair-gate-20260905/custody-audit.md: OK
box/g9966-repair-gate-20260905/custody-controls-validation.json: OK
box/g9966-repair-gate-20260905/custody-endpoint-specialization.json: OK
box/g9966-repair-gate-20260905/custody-independent-checks.json: OK
box/g9966-repair-gate-20260905/custody-original-run-comparison.json: OK
box/g9966-repair-gate-20260905/custody-patch-validation.json: OK
box/g9966-repair-gate-20260905/custody-replay-summary.json: OK
box/g9966-repair-gate-20260905/custody_check.py: OK
box/g9966-repair-gate-20260905/face-delta2/stage4.err: OK
box/g9966-repair-gate-20260905/face-delta2/stage4.finished-utc: OK
box/g9966-repair-gate-20260905/face-delta2/stage4.json: OK
box/g9966-repair-gate-20260905/face-delta2/stage4.rc: OK
box/g9966-repair-gate-20260905/face-delta2/stage4.sing: OK
box/g9966-repair-gate-20260905/face-delta2/stage4.started-utc: OK
box/g9966-repair-gate-20260905/face-delta2/stage4.time: OK
box/g9966-repair-gate-20260905/face-delta52/intentional-stop.json: OK
box/g9966-repair-gate-20260905/face-delta52/stage8.err: OK
box/g9966-repair-gate-20260905/face-delta52/stage8.finished-utc: OK
box/g9966-repair-gate-20260905/face-delta52/stage8.json: OK
box/g9966-repair-gate-20260905/face-delta52/stage8.rc: OK
box/g9966-repair-gate-20260905/face-delta52/stage8.started-utc: OK
box/g9966-repair-gate-20260905/face-delta52/stage8.time: OK
box/g9966-repair-gate-20260905/face-minor-probe.json: OK
box/g9966-repair-gate-20260905/face-minor-shift-probe.json: OK
box/g9966-repair-gate-20260905/face_minor_probe.py: OK
box/g9966-repair-gate-20260905/face_minor_shift_probe.py: OK
box/g9966-repair-gate-20260905/forced-face-control.json: OK
box/g9966-repair-gate-20260905/forced_face_control.py: OK
box/g9966-repair-gate-20260905/free-h11-check.json: OK
box/g9966-repair-gate-20260905/free_h11_check.py: OK
box/g9966-repair-gate-20260905/gauge-audit.md: OK
box/g9966-repair-gate-20260905/gauge-checks.json: OK
box/g9966-repair-gate-20260905/gauge_checks.py: OK
box/g9966-repair-gate-20260905/hash-check.txt: OK
box/g9966-repair-gate-20260905/inputs.sha256: OK
box/g9966-repair-gate-20260905/local-delta2-comparison.json: OK
box/g9966-repair-gate-20260905/local-delta2/stage4.err: OK
box/g9966-repair-gate-20260905/local-delta2/stage4.finished-utc: OK
box/g9966-repair-gate-20260905/local-delta2/stage4.json: OK
box/g9966-repair-gate-20260905/local-delta2/stage4.rc: OK
box/g9966-repair-gate-20260905/local-delta2/stage4.sing: OK
box/g9966-repair-gate-20260905/local-delta2/stage4.started-utc: OK
box/g9966-repair-gate-20260905/local-delta2/stage4.time: OK
box/g9966-repair-gate-20260905/moh-layout.txt: OK
box/g9966-repair-gate-20260905/moh-p149.png: OK
box/g9966-repair-gate-20260905/moh-p150.png: OK
box/g9966-repair-gate-20260905/moh-p152.png: OK
box/g9966-repair-gate-20260905/moh-p161.png: OK
box/g9966-repair-gate-20260905/moh-p167.png: OK
box/g9966-repair-gate-20260905/moh-p170.png: OK
box/g9966-repair-gate-20260905/moh-p171.png: OK
box/g9966-repair-gate-20260905/moh-p179.png: OK
box/g9966-repair-gate-20260905/moh-p191.png: OK
box/g9966-repair-gate-20260905/trial_corrected_delta52_point.py: OK
box/g9966-repair-gate-20260905/validate_corrected_point.py: OK
xmodel/g9966-repair-gate-astra-20260905.md: OK
