cli=grok 1.0.5 (5115b46bc909) permission=bypassPermissions output=plain
I'll start by loading the review skill and reading the charged R2 artifacts plus pinned R1 context, then independently rederive the classification.The `/review` skill is for PR/diff review; this is a math-campaign hostile review, so I’ll hash the charged files, read them, and independently rederive.Hashes match the charged set. Next I’ll read the charged artifacts and a nearby Grok hostile-review for format.Hashes match. I’ll read the pinned R0 review and R1 freeze for custody/history, then independently rederive the identities.R0/R1 pins match and R2 is a separate additive directory. Next I’ll independently expand the channels and check factor arithmetic.The apparent `u^4` leak may just be `Γ_0 U`; I’ll subtract that and recheck whether higher-`u` terms actually enter `u≤2`.Independent arithmetic checks out, including that `u^4+` misses the low channels. I’ll write the hostile review to the specified path only.R2 survives independent hostile review. Every charged hash matched; R0/R1 bytes are unchanged; the only file written is `xmodel/ggv-8_28-keller-face-cusp-unit-carrier-classification-r2-hostile-review-grok-20260827.md`.

**All 13 items: CONFIRMED.** Nothing REFUTED or GAP/REPAIR. No smallest failing coefficient, sidecar term, root/factor, determinant, or hypothesis.

| Item | Verdict |
|---|---|
| Custody / dedup / additivity | CONFIRMED |
| Formal Morse existence / orientation | CONFIRMED |
| Exact chain rule and determinant unit | CONFIRMED |
| `[u^0]`, `[u^1]`, `[u^2]` channels | CONFIRMED |
| Independence from unrestricted sidecar | CONFIRMED |
| Lower induction `U_1..U_7=V_1..V_7=0` | CONFIRMED |
| Carrier `V_8 ≠ 0` → `6 H'(c) V_8 U_{14}=1` | CONFIRMED |
| Carrier `V_8 = 0` → `(9/2) H'(c) U_{11}^2=1` | CONFIRMED |
| Mixed-factor / deck typing | CONFIRMED |
| Compiler / global image gap | CONFIRMED (still open) |
| Final scope | CONFIRMED |

What was rederived rather than taken from producer `PASS`, the Python ring, R0, or R1:

- Morse chart in `κ[[X-c,t]]` with `u ≡ H \pmod t`, orientation `u_X(c,0)=H'(c)`, formal only.
- `E = u_X L` with exact `u_t` cancellation, and the triangular unit inference `E_{<22}=0 ⇒ L_{<22}=0`, then `H'(c)[t^{22}u^0]L=1`.
- The three low-`u` identities, including every `t`-derivative; `u^4+` first appears at `u^3` as `4 G_4(tU'-8U)` and never in `u≤2`.
- First post-eight relation `V_k=3U_k/2` from the full `Γ` convolution (`U_8` killed by its `(8-8)` factor).
- Unique first constant pair on each branch; both types coexist for `H=(X^4+1)(X^4-1)`, `V_8=X^4+1`.

Licensed result is formal/rootwise carrier completeness through weight 22, robust to arbitrary local higher-`u` sidecars. It does not give the raw `2S/3S` compiler, a global `E_{22}` image, an `8_28` exclusion, a Keller pair, or JC2.
