cli=grok 1.0.13 (5e9a58528b76) [stable] permission=bypassPermissions output=plain
I'll reconstruct the valuation-three literal jet-fan from the frozen tails and V20R2 compiler, starting with the primary sources and prior K00 reports so the deliverable stays on that basis commit.I'll locate prior jet-fan and valuation reports plus the frozen V20R2 sources, then hash-check the tails and compiler.Prior r2/r4 jet-fan reports and the V20R2 compiler look like the right template; I'll read those plus the frozen tails and hashes next.The r2/r4/r5 reports give the method, not theorems for r=3. Next I’ll inspect the stdlib replays, compiler, and tails so the valuation-three calendar is reconstructed independently.I’ll pull the r2 engine APIs, the rest of the r4 residual analysis, and the compiler coordinate map so the r=3 expansion can be built in scratch.I’ll reconstruct the seven rows from the frozen tails and run a desk-scale exact expansion for valuation three, without borrowing a shift from the other valuations.Sources hash-check. Next I’ll reconstruct the rows and expand the valuation-three calendar in scratch, cell by cell.Census is in. I’ll reconstruct the leading cone and expand each rank cell through the first decision grade.The cone and `M2` identity check out. Next I’ll rule out extra leading components and expand the rank cells.Leading ranks 1 and 2 die at grade 9. I’ll expand the old-plane next-coefficient fan through the next decision grades.Next rank 2 dies at grade 12. I’ll close next rank 1 and type the next-rank-0 residual through later grades.Next rank 1 dies at grade 12. I’ll check whether the rank-0 grade-10 extra components are empty, then freeze the residual packet.Internal error: {
  "message": "API error (status 402 Payment Required): Grok Build usage balance exhausted",
  "http_status": 402,
  "promptUsage": {
    "inputTokens": 2908036,
    "outputTokens": 59467,
    "totalTokens": 2967503,
    "cachedReadTokens": 2513664,
    "cacheCreationTokens": 0,
    "reasoningTokens": 46333,
    "modelCalls": 29,
    "apiDurationMs": 945553,
    "costUsdTicks": 4084042600,
    "modelUsage": {
      "grok-4.6-build": {
        "inputTokens": 2908036,
        "outputTokens": 59467,
        "totalTokens": 2967503,
        "cachedReadTokens": 2513664,
        "cacheCreationTokens": 0,
        "reasoningTokens": 46333,
        "modelCalls": 29,
        "apiDurationMs": 945553,
        "costUsdTicks": 4084042600
      }
    },
    "numTurns": 29
  }
}
Error: Internal error: {
  "message": "API error (status 402 Payment Required): Grok Build usage balance exhausted",
  "http_status": 402,
  "promptUsage": {
    "inputTokens": 2908036,
    "outputTokens": 59467,
    "totalTokens": 2967503,
    "cachedReadTokens": 2513664,
    "cacheCreationTokens": 0,
    "reasoningTokens": 46333,
    "modelCalls": 29,
    "apiDurationMs": 945553,
    "costUsdTicks": 4084042600,
    "modelUsage": {
      "grok-4.6-build": {
        "inputTokens": 2908036,
        "outputTokens": 59467,
        "totalTokens": 2967503,
        "cachedReadTokens": 2513664,
        "cacheCreationTokens": 0,
        "reasoningTokens": 46333,
        "modelCalls": 29,
        "apiDurationMs": 945553,
        "costUsdTicks": 4084042600
      }
    },
    "numTurns": 29
  }
}
