cli=grok 1.0.5 (5115b46bc909) permission=bypassPermissions output=plain
I'll start by locating the review conventions and the charged theorem, then rehash every pin and independently audit the six claims.I'll load the charged theorem, prior hostile reviews, and the project's review format next.The charged theorem is in. Next I’ll rehash the pins and read the predecessor reviews plus the finite grade-51 case.Pins match. I’ll reconstruct the Jacobians from the sequential review and the grade-48 source rather than taking the theorem’s diagonal on faith.The finite Jacobian numbers line up so far. Next I’ll check inverse-Faber `K,H` against the frozen functionals and whether the all-orders step smuggles a truncation.I’ll recompute the first-block pivots, the `K51` substitution, and the 7×7 determinant in independent rational arithmetic before writing the report.Algebra checks out. I’ll write the hostile review from the independent Jacobian, substitution, and IFT audit — without touching charged artifacts.The four pins rehash. Independent reconstruction of the two Jacobians, the `t^{51}` divisibility, the signed 7×7 determinant, the implicit-function recursion, and the constant receiver matches the theorem. No omitted target, nonanalytic division, lookahead, or truncation artefact survived.

Report:

`xmodel/max12-812-order2-affine-faber-a-h17-q7-a3-normalized-formal-kummer-lift-hostile-review-grok-20260826.md`

| Pin | SHA-256 | Verdict |
|---|---|---|
| charged theorem | `8af6d72e0044314ca091c4ae0d74876f57ba718a572ccde6f32a597fa2e41a97` | **CONFIRMED** |
| grade-48 predecessor review | `e7df100dcbed28bf85e14108bb033c1663ae6334c810696e31d9927362a17f1c` | match |
| sequential grade-51 review | `465f53cd423d94645f0b99f4e96d18853bb469b96dc2f85590dc7fe912d158ec` | match |
| V6 `RESULT.md` | `4cfbda6e3188e72460aa46d5a2d5bf95b384755d53551d883b569df00666fc7f` | match |

Smallest failing identity: none. Smallest missing hypothesis: none inside the normalized complete-local graph on the two registered opens.

What was checked:

1. The displayed load graph makes complete formal row functions. After dividing `(P1,P3,P6,P2,P4)` by `t^{48}`, the successive pivots are `3m/4`, `-3xm/8` (resp. `-3ym/8`), `p^4/128`, `-1`, `-1`.
2. After the first graph, `K=P5` and `H=16EP5+64P7` as series; both are divisible by `t^{51}`. The second diagonal is `(-a3 p^5/32, 5 a3^3 p^7/4)`.
3. Product of the seven pivots is `45 x m^2 a3^4 p^{16}/2^{19}` (positive sign; `y` on the `Y` chart).
4. Two-stage implicit-function recursion is legitimate; `mu6` and a unit-leading `J=t^{57}j` stay free.
5. `kappa(0)=8m^3/(5 a3^3 p^5)` and the displayed `d6(0)` are exactly the finite formulae.
6. Scope stays on the normalized complete-local graph.

Charged artifacts, shared ledgers, and `jc2-lean` were not edited.

CONFIRMED
