cli=grok 1.0.5 (5115b46bc909) permission=bypassPermissions output=plain
I'll treat every producer PASS as an assertion to attack, work only in `jc2`, and start by inventorying the charged V47 artifacts plus the pinned interfaces.The workspace is mapped. Next I’ll rehash the charged V47 files and read the producer plus pinned interfaces without touching `jc2-lean`.Charged hashes match. I’ll read the producer artifacts, freeze pins, and prior reviews so the attack surface is explicit.Producer files are in. I’ll hash every consumed pin and read the lemma, V46 reviews, and prior hostile-review format next.The lemma already requires a literal-row bridge, not just hashes. I’ll read the pinned reviews and replay machinery to see whether V47 actually supplies that.I’ll rehash every consumed pin, replay the verifier unmodified, and read the miner plus endpoint authorities in parallel.Hashes match. Next I’ll replay the verifier, expand the algebra independently, and inspect whether endpoint hashes actually bridge compiler rows.Verifier replay matched the freeze and left no cache. I’ll now run an independent algebra, census, and contact-derivation harness that does not import the producer enumerator.Independent checks are in. I’ll write the hostile review with per-claim verdicts, the coefficient-bridge gap, and the surviving theorem.Wrote the hostile review to `xmodel/max12-812-order2-gate-t-strict-uac-three-row-linker-v47-hostile-review-grok-20260827.md`.

```text
a4103c4f59799cdf7467ba9b613d503d6f94ae56346ba3ff7d54a04d784432a5
  xmodel/max12-812-order2-gate-t-strict-uac-three-row-linker-v47-hostile-review-grok-20260827.md
```

Producer artifacts, freeze, and ledger were not edited. No `jc2-lean` access, no AWS, no cache.

## Verdicts

| # | Claim | Verdict |
|---|---|---|
| 1 | Custody and freeze | **CONFIRMED** |
| 2 | Independent algebra | **CONFIRMED** |
| 3 | Independent polar census | **CONFIRMED** |
| 4 | Contact derivation and closed tails | **CONFIRMED** |
| 5 | Manifest completeness / literal-row bridge | **GAP/REPAIR** |
| 6 | Mutations | **CONFIRMED** (three string-only pins flagged) |
| 7 | Transport direction and scope | **CONFIRMED** |
| 8 | Promotion / allocation-step replacement | **GAP/REPAIR** |

Charged hashes all match. Unmodified verifier replay (`python3 -B`, no output write) reproduced frozen `result.json` exactly.

Algebra holds: remainder coefficients `3/8, 3/8, 3/32`, four empty syzygies, radical/set-theoretic strength only, moving-`P` `Inv1` cancellation. Unit-ideal and `rho=0` overreads fail as countermodels. The verifier’s `Phi4` block is tautological (`h4 := -(P/2)h2`); the identity was re-proved from `Inv1`.

Independent enumerator matched all sixteen inventory hashes (71 entries), pad `+1`, AC `3/4` and C2 `3/8`, cancelled `R^2 C` / `R^4`. Local-pole allocation would accept `(2,5,3)`, `(2,5,4)`, and high-`r` `E`; V47 correctly uses global pole. The twelve baselines and four raised thresholds were derived from the wall policy. All eight negatives fire, including genuine `k2`/target `(9,3,9)`.

**Gap:** hashing a D1/D23 promotion report is not a coefficient comparison. Those endpoints prove emptiness by allocating opposite roots and evaluating `N(lambda)`. V47 never extracts `Phi1[G]`, `Phi2[G]`, `Phi4[T_C2]` from the 569-tail emitter or any chamber compiler.

**Minimal repair:** per-manifest executable contraction of the frozen V46 emitter at generic leading jets, polynomial equality to `(g1,g2,g4)`, extra-jet vanishing. Keep endpoint hashes only for `D(p*k10)` / `D(p*k0)` and theorem-type inheritance.

Until that lands, V47 does **not** replace the moving-root allocation step on the sixteen tails. Firewalls stay: no `(8,3,8)`, no generic square, no Gate T, order two, maximum twelve, `G2-PSC`/`G2-BD`, JC2, or counterexample.
