cli=grok 1.0.13 (5e9a58528b76) [stable] permission=bypassPermissions output=plain
I'll work only in `jc2` on the frozen basis, independently rehash the Fable 5 packet, and write a sealed hostile review. First I'll load the campaign guardrails, the target report, and prior promoted inputs.The review-skill GitHub workflow does not apply here. I’ll stay on the frozen jc2 basis, rehash the packet, and follow the campaign’s sealed-review format.HEAD matches the frozen basis. Next I’ll rehash the Fable 5 packet, read the report and Sol comparison, and match a recent sealed-review template.I’ll rehash the declared packet independently, then pull the charged sources and a comparable sealed-review template.Hashes match. I’ll read the charged Sigray passages, the bchild/trunk/interface promotions, and independently expand the C3 identity.Algebra checks out. I’ll write the sealed hostile review with the clause table, repairs, and printed exact calculations.The first `## Seal` hit was in the custody prose, not the heading. I’ll cut the body at the real final heading and patch the hashes.**PASS_WITH_REPAIR**

Sealed review: `xmodel/td12-global-source-bridge-b-fable5-hostile-review-grok46-92e-20260829.md`  
Marker: `GROK46-92E-B25-FABLE5-HR-20260829-NU25-KBAR17`  
Basis: `92ebe92ad5986a47f01af9ed901260595dfed869`  
`charge_basis=ABSENT`

The Fable 5 landing algebra holds. Independently,

```text
25 p q' - 17 p' q  =  25 p ( A B + (8B - 9A) t )
```

for `p=(t-A)^2(t-B)`, `q=eta(t-A)(t-B)`, `t=eta^{25}`. So the cleared landing ODE is solvable in `C[eta][1/p]` iff `8B=9A`, and on that locus the unique on-weight solution is `T = gamma q p^{-i}` with `gamma = kappa_F/(25 i lambda_f A B)`. Homogeneous deviation tops below `s*` lie in `25Z`, the greedy ledger is finite by slot count, and the reduced top cannot skip `s* = D_F+D_g-kbar_F`. Chart pieces of an actual pair are finite polynomial functionals of the pair plus a named B occurrence. `nu_F=25`, `kappa_F`, `kbar_F=17`, and the graded drop index stay distinct.

What does not survive as written:

- Theorem A’s GGV interface citation (use native Notation 3.9 / Newton–Puiseux from the occurrence).
- `s_0=c_g^2` while `lambda_f` is kept (`s_0=c_g^2/lambda_f^3` unless `lambda_f=1`).
- “N1 is the exact nonabsorbability mechanism” (the exact fact is `s*not≡0 mod nu_F`).
- Object-identity of the landing row with terminal Proposition 8.1(iv) (solvability equivalence on the reduced `(p,q)` only; `m_F=1` stays conditional).
- The C4 residue 1-form, already wrong at `j=17`: the correct first-row equation is `(p^i T_17)' = RHS_17/(25 i lambda_f)`. Two deck-orbit conditions survive after that repair; they are not the window cokernel.
- Theorem B beyond the fixed-`Delta` algebraic Keller locus. No uniform cap.
- Sol §5.1 `s<nu` binomial polynomiality. Licensed range is `s<=r`, with clamped floors when `s>i`. On B those ranges meet at the window only for even `i>=16`.

Maximum safe theorem is the C1–C3 core plus the support bound and C4 kernel resonance, with the repairs above. No occurrence, source value, cap, gate verdict, tree-landing, or JC2 conclusion follows.

Smallest licensed descendant: `TD12-B25-RESROW/v1` after installing the C4 1-form repair, B-only, desk expansion, fail-closed vacuity verdict.
