{
  "h3_incidence_residual": 0,
  "h2_only_rows": 129,
  "Qstar_pivots": 102,
  "dependent_zero": 27,
  "residual_rows": 0,
  "witness_violations_p_lt_32": [],
  "witness_a32": "(pi - 1)**4*(pi + 1)**4",
  "witness_a32_matches_(pi^2-1)^4": true,
  "localizer_c": "1",
  "leading_F": {
    "n": 96,
    "stage": 92,
    "n_tags": 24,
    "old_nonzero_at_witness": [
      [
        0,
        "1"
      ],
      [
        2,
        "-12"
      ],
      [
        4,
        "66"
      ],
      [
        6,
        "-220"
      ],
      [
        8,
        "495"
      ],
      [
        10,
        "-792"
      ],
      [
        12,
        "924"
      ],
      [
        14,
        "-792"
      ],
      [
        16,
        "495"
      ],
      [
        18,
        "-220"
      ],
      [
        20,
        "66"
      ],
      [
        22,
        "-12"
      ]
    ],
    "old_k0": "1",
    "new_all_zero": true,
    "new_nonzero": [],
    "spurious_unit_k0_old_is_1": true
  },
  "leading_G": {
    "n": 64,
    "stage": 60,
    "n_tags": 16,
    "old_nonzero_at_witness": [
      [
        0,
        "1"
      ],
      [
        2,
        "-8"
      ],
      [
        4,
        "28"
      ],
      [
        6,
        "-56"
      ],
      [
        8,
        "70"
      ],
      [
        10,
        "-56"
      ],
      [
        12,
        "28"
      ],
      [
        14,
        "-8"
      ]
    ],
    "old_k0": "1",
    "new_all_zero": true,
    "new_nonzero": [],
    "spurious_unit_k0_old_is_1": true
  },
  "poly_identity_F": true,
  "poly_identity_G": true,
  "stage_spec_F92_pole": 96,
  "stage_spec_G60_pole": 64,
  "leading_row_alone_is_unit_OLD": true,
  "leading_row_alone_is_unit_NEW": false,
  "NEW_leading_rows_satisfied_on_Delta_witness": true,
  "secs": 760.0
}
CTL_B_OK
EXIT:0
