	Command being timed: "timeout 1800 Singular -q /home/ubuntu/jobs/max12_812_order4_lemniscatic_param_v2_20260826T023000Z_box03/src/cases/max12_812_order4_lemniscatic_target_20260826/lemniscatic_param_v2.sing"
	User time (seconds): 0.00
	System time (seconds): 0.00
	Percent of CPU this job got: 83%
	Elapsed (wall clock) time (h:mm:ss or m:ss): 0:00.00
	Average shared text size (kbytes): 0
	Average unshared data size (kbytes): 0
	Average stack size (kbytes): 0
	Average total size (kbytes): 0
	Maximum resident set size (kbytes): 11236
	Average resident set size (kbytes): 0
	Major (requiring I/O) page faults: 0
	Minor (reclaiming a frame) page faults: 531
	Voluntary context switches: 3
	Involuntary context switches: 0
	Swaps: 0
	File system inputs: 0
	File system outputs: 8
	Socket messages sent: 0
	Socket messages received: 0
	Signals delivered: 0
	Page size (bytes): 4096
	Exit status: 0
