PASS_B_SYNTHETIC_CONTROLS
AWS_TAG=max12_912_order3_d1_double_root_control2_rees_certificate_20260826T010154Z_r6d
ENCODING=B_EXPANDED_REES_INVERSE_ELIM_LPDP_V2
START_B_REES_INVERSE_ELIMINATION
B_CONTRACTION_GENERATORS=403
B_SPECIAL_FIBRE_GENERATORS=35
FULL_SPECIAL_FIBRE_BASIS_BEGIN
GH[1]=4*r1^2+8*r2*r0+12*r1*r0+9*r0^2
GH[2]=4*r2*r1-r0^2
GH[3]=2*q0*r1+2*q1*r0+3*q0*r0
GH[4]=4*r2^2-4*r1*r0-3*r0^2
GH[5]=q0*r2+q1*r1
GH[6]=2*q1*r2-q0*r0
GH[7]=r2*r0^2+r1*r0^2+r0^3
GH[8]=q0*r0^2
GH[9]=q1*r0^2
GH[10]=q1*r1*r0
GH[11]=2*q1^2*r1+q0^2*r0
GH[12]=28*r1*r0^3+17*r0^4
GH[13]=2*q1^3*r0+3*q1^2*q0*r0-q0^3*r0
GH[14]=8*q1^2*q0^2+8*q1*q0^3+3*q0^4
GH[15]=8*q1^3*q0-q0^4
GH[16]=4*q1^4-8*q1*q0^3-3*q0^4
GH[17]=tau^3*rho-la
GH[18]=r0^5
GH[19]=q0^4*r0
GH[20]=q1*q0^3*r0
GH[21]=q0^5
GH[22]=q1*q0^4
GH[23]=la^5*r1*r0^2+la^5*r0^3
GH[24]=la^5*r0^4
GH[25]=8*la^15*r2+4*la^15*r1+3*r1*r0^2+3*r0^3
GH[26]=14*la^15*r0^2-3*r0^4
GH[27]=112*la^15*r1*r0+15*r0^4
GH[28]=2*la^15*q1*r0-la^15*q0*r0
GH[29]=la^15*q1*r1+la^15*q0*r0
GH[30]=la^15*q1^2+la^15*q1*q0
GH[31]=la^15*q0^2*r0
GH[32]=la^15*q1*q0^2
GH[33]=la^15*q0^4
GH[34]=la^20
GH[35]=s
FULL_SPECIAL_FIBRE_BASIS_END
TORUS_SATURATION_EXPONENT=1
MONOMIAL_WITNESS=TORUS^1
PASS_CONTROL2_REES_MONOMIAL_CERTIFICATE
B_TORUS_SPECIAL_FIBRE_GENERATORS=1
TORUS_SPECIAL_FIBRE_IS_UNIT=1
TORUS_SPECIAL_FIBRE_BASIS_BEGIN
GHT[1]=1
TORUS_SPECIAL_FIBRE_BASIS_END
RESIDUE_IDEAL_IS_UNIT=1
CONTROL2_REES_RESIDUE_SURVIVES=0
FIREWALL=EXACT_ONLY_FOR_FROZEN_AXIS_FIXED_LOAD_SUPPORT_WEIGHT_AND_RESIDUE
PASS_D1_DOUBLE_ROOT_CONTROL2_REES_V2_B
