{
  "candidate": {
    "all_G_coordinates_retained": true,
    "auxiliary_variables": 0,
    "c_target_occurrence": [
      {
        "coefficient": -1,
        "factors": [
          [
            "c",
            1
          ]
        ],
        "row": [
          0,
          1,
          0
        ]
      }
    ],
    "candidate_receipt": {
      "bytes": 4879,
      "path": "box/gi-only-20260905/experiments/fast-extract/sparse-hadic/C_n24m16_M12_17_ell1_s3/C_n24m16_M12_17_ell1_s3_G_sparse_extraction.json",
      "sha256": "d6b8061de6b8b9cab6904dab750755cf6e20b563245e104ab2ed75d92032c863"
    },
    "candidate_rows": {
      "bytes": 81839242,
      "path": "box/gi-only-20260905/experiments/fast-extract/sparse-hadic/C_n24m16_M12_17_ell1_s3/C_n24m16_M12_17_ell1_s3_G_sparse_rows.tsv",
      "sha256": "b44be95276563df8be50aec9592a88d345ef497247fc90776d3596817cc72ced"
    },
    "canonical_builder": {
      "bytes": 15793,
      "path": "box/gi-only-20260905/classes/C_n24m16_M12_17_ell1_s3/builders/C_n24m16_M12_17_ell1_s3_G_builder.sing",
      "sha256": "b0f2d5f7dd60bc10e109ee0da1e405899a39f5f6fb7793c528405d507ec263e8"
    },
    "class_id": "C_n24m16_M12_17_ell1_s3",
    "coefficient_generators": 247,
    "coordinate_specializations": 0,
    "exact_numeric_controls": [
      {
        "Tc_minus_1_at_T_equals_1_over_c": true,
        "c": 3,
        "coefficient_assignment": "deterministic exact integers",
        "literal_J_PQ_minus_cxell_equality": true,
        "plus_one_negative": true,
        "recomposed_xy_terms": 247,
        "reversed_J_QP_minus_cxell_negative": true,
        "seed": 11,
        "status": "PASS"
      },
      {
        "Tc_minus_1_at_T_equals_1_over_c": true,
        "c": 6,
        "coefficient_assignment": "deterministic exact integers",
        "literal_J_PQ_minus_cxell_equality": true,
        "plus_one_negative": true,
        "recomposed_xy_terms": 247,
        "reversed_J_QP_minus_cxell_negative": true,
        "seed": 29,
        "status": "PASS"
      }
    ],
    "generators_including_Tc_minus_1": 248,
    "inverse_generator": "T*c-1",
    "literal_orientation": "J(P,Q)-c*x^ell",
    "ring": "ring R=0,(y,x,h_0_7,h_0_6,h_0_5,h_1_5,h_0_4,h_1_4,h_0_3,h_1_3,h_0_2,h_1_2,h_2_2,h_0_1,h_1_1,h_2_1,h_0_0,h_1_0,h_2_0,A1_0_7,A1_0_6,A1_0_5,A1_1_5,A1_0_4,A1_1_4,A1_0_3,A1_1_3,A1_0_2,A1_1_2,A1_2_2,A1_0_1,A1_1_1,A1_2_1,A1_0_0,A1_1_0,A1_2_0,A2_0_7,A2_1_7,A2_2_7,A2_3_7,A2_0_6,A2_1_6,A2_2_6,A2_3_6,A2_0_5,A2_1_5,A2_2_5,A2_3_5,A2_0_4,A2_1_4,A2_2_4,A2_3_4,A2_4_4,A2_0_3,A2_1_3,A2_2_3,A2_3_3,A2_4_3,A2_0_2,A2_1_2,A2_2_2,A2_3_2,A2_4_2,A2_0_1,A2_1_1,A2_2_1,A2_3_1,A2_4_1,A2_5_1,A2_0_0,A2_1_0,A2_2_0,A2_3_0,A2_4_0,A2_5_0,A3_0_7,A3_1_7,A3_2_7,A3_3_7,A3_4_7,A3_5_7,A3_0_6,A3_1_6,A3_2_6,A3_3_6,A3_4_6,A3_5_6,A3_6_6,A3_0_5,A3_1_5,A3_2_5,A3_3_5,A3_4_5,A3_5_5,A3_6_5,A3_0_4,A3_1_4,A3_2_4,A3_3_4,A3_4_4,A3_5_4,A3_6_4,A3_0_3,A3_1_3,A3_2_3,A3_3_3,A3_4_3,A3_5_3,A3_6_3,A3_7_3,A3_0_2,A3_1_2,A3_2_2,A3_3_2,A3_4_2,A3_5_2,A3_6_2,A3_7_2,A3_0_1,A3_1_1,A3_2_1,A3_3_1,A3_4_1,A3_5_1,A3_6_1,A3_7_1,A3_1_0,A3_2_0,A3_3_0,A3_4_0,A3_5_0,A3_6_0,A3_7_0,A3_8_0,B2_0_7,B2_1_7,B2_2_7,B2_3_7,B2_0_6,B2_1_6,B2_2_6,B2_3_6,B2_0_5,B2_1_5,B2_2_5,B2_3_5,B2_0_4,B2_1_4,B2_2_4,B2_3_4,B2_4_4,B2_0_3,B2_1_3,B2_2_3,B2_3_3,B2_4_3,B2_0_2,B2_1_2,B2_2_2,B2_3_2,B2_4_2,B2_0_1,B2_1_1,B2_2_1,B2_3_1,B2_4_1,B2_5_1,B2_1_0,B2_2_0,B2_3_0,B2_4_0,B2_5_0,c),(lp(1),dp(172));",
    "status": "PASS",
    "stem": "C_n24m16_M12_17_ell1_s3_G",
    "unknowns_without_T": 171
  },
  "native_controls": [
    {
      "class_id": "C_n24m16_Mm12_m2_5_ell1_s4",
      "literal_expanded_row_dictionary_equality": true,
      "rows": 66,
      "status": "PASS",
      "unknowns_without_T": 70
    },
    {
      "class_id": "C_n18m12_M2_9_ell2_s3",
      "literal_expanded_row_dictionary_equality": true,
      "rows": 150,
      "status": "PASS",
      "unknowns_without_T": 109
    },
    {
      "class_id": "C_n24m18_Mm15_14_ell1_s3",
      "literal_expanded_row_dictionary_equality": true,
      "rows": 173,
      "status": "PASS",
      "unknowns_without_T": 127
    }
  ]
}
