{
  "chart": "the full proved G_i chart; no specialization and no omitted coordinate",
  "class_id": "C_n16m12_M6_13_ell3_s3",
  "coefficient_generators": 756,
  "elapsed_seconds": 155.77112,
  "exactness": {
    "auxiliary_variables": 0,
    "beta_1_zero": true,
    "coefficient_domain": "Z[all original G coordinates,c] inside the required Q polynomial ring",
    "coordinate_specializations": 0,
    "division": "top-down determinate Euclidean division by monic y^K + h_lower",
    "jacobian_formula": "J(a*h^r,b*h^s)=h^(r+s)J(a,b)+h^(r+s-1)(s*b*J(a,h)+r*a*J(h,b))"
  },
  "frozen_builder_fix_sha256": "d6662abfec114a443712600f87e3e7b7064071f445d9b177d2f0ea13c9d3836b",
  "generator_count_including_Tc_minus_1": 757,
  "initial_formal_levels": {
    "0": {
      "parameter_terms": 316152,
      "xy_coefficients": 450
    },
    "1": {
      "parameter_terms": 222274,
      "xy_coefficients": 370
    },
    "2": {
      "parameter_terms": 125729,
      "xy_coefficients": 290
    },
    "3": {
      "parameter_terms": 38441,
      "xy_coefficients": 210
    },
    "4": {
      "parameter_terms": 3413,
      "xy_coefficients": 112
    },
    "5": {
      "parameter_terms": 460,
      "xy_coefficients": 56
    }
  },
  "inverse_generator": "T*c-1",
  "max_parameter_degree": 8,
  "native_comparison": {
    "literal_row_dictionary_equality": null,
    "reference": null,
    "reference_rows": null,
    "requested": false,
    "status": "NOT_REQUESTED"
  },
  "normalized_levels": [
    {
      "h_power": 0,
      "input_parameter_terms": 316152,
      "input_xy_coefficients": 450,
      "quotient_parameter_terms": 618058,
      "quotient_xy_coefficients": 246,
      "remainder_parameter_terms": 10569161,
      "remainder_rows": 204
    },
    {
      "h_power": 1,
      "input_parameter_terms": 827814,
      "input_xy_coefficients": 370,
      "quotient_parameter_terms": 398247,
      "quotient_xy_coefficients": 198,
      "remainder_parameter_terms": 7363433,
      "remainder_rows": 172
    },
    {
      "h_power": 2,
      "input_parameter_terms": 515597,
      "input_xy_coefficients": 290,
      "quotient_parameter_terms": 187313,
      "quotient_xy_coefficients": 150,
      "remainder_parameter_terms": 3591159,
      "remainder_rows": 140
    },
    {
      "h_power": 3,
      "input_parameter_terms": 221410,
      "input_xy_coefficients": 210,
      "quotient_parameter_terms": 41334,
      "quotient_xy_coefficients": 102,
      "remainder_parameter_terms": 893302,
      "remainder_rows": 108
    },
    {
      "h_power": 4,
      "input_parameter_terms": 43656,
      "input_xy_coefficients": 112,
      "quotient_parameter_terms": 670,
      "quotient_xy_coefficients": 36,
      "remainder_parameter_terms": 51340,
      "remainder_rows": 76
    },
    {
      "h_power": 5,
      "input_parameter_terms": 1130,
      "input_xy_coefficients": 56,
      "quotient_parameter_terms": 65,
      "quotient_xy_coefficients": 12,
      "remainder_parameter_terms": 2259,
      "remainder_rows": 44
    },
    {
      "h_power": 6,
      "input_parameter_terms": 65,
      "input_xy_coefficients": 12,
      "quotient_parameter_terms": 0,
      "quotient_xy_coefficients": 0,
      "remainder_parameter_terms": 65,
      "remainder_rows": 12
    },
    {
      "h_power": 7,
      "input_parameter_terms": 0,
      "input_xy_coefficients": 0,
      "quotient_parameter_terms": 0,
      "quotient_xy_coefficients": 0,
      "remainder_parameter_terms": 0,
      "remainder_rows": 0
    }
  ],
  "peak_rss_kib": 2767076,
  "production_orientation": "literal J(P,Q)-c*x^ell",
  "receipt": "box/gi-only-20260905/experiments/fast-extract/sparse-hadic/C_n16m12_M6_13_ell3_s3/C_n16m12_M6_13_ell3_s3_G_sparse_extraction.json",
  "ring": "ring R=0,(y,x,h_0_3,h_1_3,h_2_3,h_0_2,h_1_2,h_2_2,h_3_2,h_4_2,h_0_1,h_1_1,h_2_1,h_3_1,h_4_1,h_5_1,h_6_1,h_0_0,h_1_0,h_2_0,h_3_0,h_4_0,h_5_0,h_6_0,h_7_0,h_8_0,A1_0_3,A1_1_3,A1_2_3,A1_0_2,A1_1_2,A1_2_2,A1_3_2,A1_4_2,A1_0_1,A1_1_1,A1_2_1,A1_3_1,A1_4_1,A1_5_1,A1_6_1,A1_0_0,A1_1_0,A1_2_0,A1_3_0,A1_4_0,A1_5_0,A1_6_0,A1_7_0,A1_8_0,A2_0_3,A2_1_3,A2_2_3,A2_3_3,A2_4_3,A2_5_3,A2_6_3,A2_7_3,A2_8_3,A2_9_3,A2_10_3,A2_0_2,A2_1_2,A2_2_2,A2_3_2,A2_4_2,A2_5_2,A2_6_2,A2_7_2,A2_8_2,A2_9_2,A2_10_2,A2_11_2,A2_12_2,A2_0_1,A2_1_1,A2_2_1,A2_3_1,A2_4_1,A2_5_1,A2_6_1,A2_7_1,A2_8_1,A2_9_1,A2_10_1,A2_11_1,A2_12_1,A2_13_1,A2_14_1,A2_0_0,A2_1_0,A2_2_0,A2_3_0,A2_4_0,A2_5_0,A2_6_0,A2_7_0,A2_8_0,A2_9_0,A2_10_0,A2_11_0,A2_12_0,A2_13_0,A2_14_0,A2_15_0,A2_16_0,A3_0_3,A3_1_3,A3_2_3,A3_3_3,A3_4_3,A3_5_3,A3_6_3,A3_7_3,A3_8_3,A3_9_3,A3_10_3,A3_11_3,A3_12_3,A3_13_3,A3_14_3,A3_15_3,A3_16_3,A3_17_3,A3_18_3,A3_0_2,A3_1_2,A3_2_2,A3_3_2,A3_4_2,A3_5_2,A3_6_2,A3_7_2,A3_8_2,A3_9_2,A3_10_2,A3_11_2,A3_12_2,A3_13_2,A3_14_2,A3_15_2,A3_16_2,A3_17_2,A3_18_2,A3_19_2,A3_20_2,A3_0_1,A3_1_1,A3_2_1,A3_3_1,A3_4_1,A3_5_1,A3_6_1,A3_7_1,A3_8_1,A3_9_1,A3_10_1,A3_11_1,A3_12_1,A3_13_1,A3_14_1,A3_15_1,A3_16_1,A3_17_1,A3_18_1,A3_19_1,A3_20_1,A3_21_1,A3_22_1,A3_0_0,A3_1_0,A3_2_0,A3_3_0,A3_4_0,A3_5_0,A3_6_0,A3_7_0,A3_8_0,A3_9_0,A3_10_0,A3_11_0,A3_12_0,A3_13_0,A3_14_0,A3_15_0,A3_16_0,A3_17_0,A3_18_0,A3_19_0,A3_20_0,A3_21_0,A3_22_0,A3_23_0,A3_24_0,A4_0_3,A4_1_3,A4_2_3,A4_3_3,A4_4_3,A4_5_3,A4_6_3,A4_7_3,A4_8_3,A4_9_3,A4_10_3,A4_11_3,A4_12_3,A4_13_3,A4_14_3,A4_15_3,A4_16_3,A4_17_3,A4_18_3,A4_19_3,A4_20_3,A4_21_3,A4_22_3,A4_23_3,A4_24_3,A4_25_3,A4_26_3,A4_0_2,A4_1_2,A4_2_2,A4_3_2,A4_4_2,A4_5_2,A4_6_2,A4_7_2,A4_8_2,A4_9_2,A4_10_2,A4_11_2,A4_12_2,A4_13_2,A4_14_2,A4_15_2,A4_16_2,A4_17_2,A4_18_2,A4_19_2,A4_20_2,A4_21_2,A4_22_2,A4_23_2,A4_24_2,A4_25_2,A4_26_2,A4_27_2,A4_28_2,A4_0_1,A4_1_1,A4_2_1,A4_3_1,A4_4_1,A4_5_1,A4_6_1,A4_7_1,A4_8_1,A4_9_1,A4_10_1,A4_11_1,A4_12_1,A4_13_1,A4_14_1,A4_15_1,A4_16_1,A4_17_1,A4_18_1,A4_19_1,A4_20_1,A4_21_1,A4_22_1,A4_23_1,A4_24_1,A4_25_1,A4_26_1,A4_27_1,A4_28_1,A4_29_1,A4_30_1,A4_1_0,A4_2_0,A4_3_0,A4_4_0,A4_5_0,A4_6_0,A4_7_0,A4_8_0,A4_9_0,A4_10_0,A4_11_0,A4_12_0,A4_13_0,A4_14_0,A4_15_0,A4_16_0,A4_17_0,A4_18_0,A4_19_0,A4_20_0,A4_21_0,A4_22_0,A4_23_0,A4_24_0,A4_25_0,A4_26_0,A4_27_0,A4_28_0,A4_29_0,A4_30_0,A4_31_0,A4_32_0,B2_0_3,B2_1_3,B2_2_3,B2_3_3,B2_4_3,B2_5_3,B2_6_3,B2_7_3,B2_8_3,B2_9_3,B2_10_3,B2_0_2,B2_1_2,B2_2_2,B2_3_2,B2_4_2,B2_5_2,B2_6_2,B2_7_2,B2_8_2,B2_9_2,B2_10_2,B2_11_2,B2_12_2,B2_0_1,B2_1_1,B2_2_1,B2_3_1,B2_4_1,B2_5_1,B2_6_1,B2_7_1,B2_8_1,B2_9_1,B2_10_1,B2_11_1,B2_12_1,B2_13_1,B2_14_1,B2_0_0,B2_1_0,B2_2_0,B2_3_0,B2_4_0,B2_5_0,B2_6_0,B2_7_0,B2_8_0,B2_9_0,B2_10_0,B2_11_0,B2_12_0,B2_13_0,B2_14_0,B2_15_0,B2_16_0,B3_0_3,B3_1_3,B3_2_3,B3_3_3,B3_4_3,B3_5_3,B3_6_3,B3_7_3,B3_8_3,B3_9_3,B3_10_3,B3_11_3,B3_12_3,B3_13_3,B3_14_3,B3_15_3,B3_16_3,B3_17_3,B3_18_3,B3_0_2,B3_1_2,B3_2_2,B3_3_2,B3_4_2,B3_5_2,B3_6_2,B3_7_2,B3_8_2,B3_9_2,B3_10_2,B3_11_2,B3_12_2,B3_13_2,B3_14_2,B3_15_2,B3_16_2,B3_17_2,B3_18_2,B3_19_2,B3_20_2,B3_0_1,B3_1_1,B3_2_1,B3_3_1,B3_4_1,B3_5_1,B3_6_1,B3_7_1,B3_8_1,B3_9_1,B3_10_1,B3_11_1,B3_12_1,B3_13_1,B3_14_1,B3_15_1,B3_16_1,B3_17_1,B3_18_1,B3_19_1,B3_20_1,B3_21_1,B3_22_1,B3_1_0,B3_2_0,B3_3_0,B3_4_0,B3_5_0,B3_6_0,B3_7_0,B3_8_0,B3_9_0,B3_10_0,B3_11_0,B3_12_0,B3_13_0,B3_14_0,B3_15_0,B3_16_0,B3_17_0,B3_18_0,B3_19_0,B3_20_0,B3_21_0,B3_22_0,B3_23_0,B3_24_0,c),(lp(1),dp(456));",
  "ring_from_frozen_builder_fix": true,
  "rows": "box/gi-only-20260905/experiments/fast-extract/sparse-hadic/C_n16m12_M6_13_ell3_s3/C_n16m12_M6_13_ell3_s3_G_sparse_rows.tsv",
  "rows_bytes": 792053508,
  "rows_sha256": "bd90a5200981e5035566011dd65e7139efca2e93be102894f8dfb1176529ba29",
  "schema": "moh-gi-only-sparse-hadic-extraction-experiment-v1",
  "source_fixed_builder": "box/gi-only-20260905/classes/C_n16m12_M6_13_ell3_s3/builders/C_n16m12_M6_13_ell3_s3_G_builder.sing",
  "source_fixed_builder_sha256": "8a71b2ba0080df32543fa443fc81415ade8ba5a1153e374cbafbc68bee3ed11c",
  "status": "PASS",
  "stem": "C_n16m12_M6_13_ell3_s3_G",
  "total_expanded_parameter_terms": 22470719,
  "unknowns_with_T": 456,
  "unknowns_without_T": 455
}
