{
  "chart": "the full proved G_i chart; no specialization and no omitted coordinate",
  "class_id": "C_n24m16_Mm12_m2_5_ell1_s4",
  "coefficient_generators": 66,
  "elapsed_seconds": 0.934993,
  "exactness": {
    "auxiliary_variables": 0,
    "beta_1_zero": true,
    "coefficient_domain": "Z[all original G coordinates,c] inside the required Q polynomial ring",
    "coordinate_specializations": 0,
    "division": "top-down determinate Euclidean division by monic y^K + h_lower",
    "jacobian_formula": "J(a*h^r,b*h^s)=h^(r+s)J(a,b)+h^(r+s-1)(s*b*J(a,h)+r*a*J(h,b))"
  },
  "frozen_builder_fix_sha256": "d6662abfec114a443712600f87e3e7b7064071f445d9b177d2f0ea13c9d3836b",
  "generator_count_including_Tc_minus_1": 67,
  "initial_formal_levels": {
    "0": {
      "parameter_terms": 1293,
      "xy_coefficients": 57
    },
    "1": {
      "parameter_terms": 800,
      "xy_coefficients": 36
    },
    "2": {
      "parameter_terms": 184,
      "xy_coefficients": 15
    }
  },
  "inverse_generator": "T*c-1",
  "max_parameter_degree": 16,
  "native_comparison": {
    "literal_row_dictionary_equality": true,
    "reference": "box/gi-only-20260905/classes/C_n24m16_Mm12_m2_5_ell1_s4/rows/C_n24m16_Mm12_m2_5_ell1_s4_G_rows.tsv",
    "reference_rows": 66,
    "requested": true,
    "status": "PASS"
  },
  "normalized_levels": [
    {
      "h_power": 0,
      "input_parameter_terms": 1293,
      "input_xy_coefficients": 57,
      "quotient_parameter_terms": 7705,
      "quotient_xy_coefficients": 33,
      "remainder_parameter_terms": 35489,
      "remainder_rows": 24
    },
    {
      "h_power": 1,
      "input_parameter_terms": 8393,
      "input_xy_coefficients": 41,
      "quotient_parameter_terms": 4080,
      "quotient_xy_coefficients": 20,
      "remainder_parameter_terms": 25367,
      "remainder_rows": 21
    },
    {
      "h_power": 2,
      "input_parameter_terms": 4208,
      "input_xy_coefficients": 21,
      "quotient_parameter_terms": 246,
      "quotient_xy_coefficients": 7,
      "remainder_parameter_terms": 4888,
      "remainder_rows": 14
    },
    {
      "h_power": 3,
      "input_parameter_terms": 246,
      "input_xy_coefficients": 7,
      "quotient_parameter_terms": 0,
      "quotient_xy_coefficients": 0,
      "remainder_parameter_terms": 246,
      "remainder_rows": 7
    },
    {
      "h_power": 4,
      "input_parameter_terms": 0,
      "input_xy_coefficients": 0,
      "quotient_parameter_terms": 0,
      "quotient_xy_coefficients": 0,
      "remainder_parameter_terms": 0,
      "remainder_rows": 0
    },
    {
      "h_power": 5,
      "input_parameter_terms": 0,
      "input_xy_coefficients": 0,
      "quotient_parameter_terms": 0,
      "quotient_xy_coefficients": 0,
      "remainder_parameter_terms": 0,
      "remainder_rows": 0
    }
  ],
  "peak_rss_kib": 39444,
  "production_orientation": "literal J(P,Q)-c*x^ell",
  "receipt": "box/gi-only-20260905/experiments/fast-extract/sparse-hadic/C_n24m16_Mm12_m2_5_ell1_s4/C_n24m16_Mm12_m2_5_ell1_s4_G_sparse_extraction.json",
  "ring": "ring R=0,(y,x,h_0_7,h_0_6,h_0_5,h_0_4,h_0_3,h_0_2,h_0_1,h_0_0,A1_0_7,A1_0_6,A1_0_5,A1_0_4,A1_0_3,A1_0_2,A1_0_1,A1_0_0,A2_0_7,A2_1_7,A2_0_6,A2_1_6,A2_0_5,A2_1_5,A2_0_4,A2_1_4,A2_0_3,A2_1_3,A2_0_2,A2_1_2,A2_0_1,A2_1_1,A2_0_0,A2_1_0,A3_0_7,A3_1_7,A3_0_6,A3_1_6,A3_2_6,A3_0_5,A3_1_5,A3_2_5,A3_0_4,A3_1_4,A3_2_4,A3_0_3,A3_1_3,A3_2_3,A3_0_2,A3_1_2,A3_2_2,A3_0_1,A3_1_1,A3_2_1,A3_1_0,A3_2_0,B2_0_7,B2_1_7,B2_0_6,B2_1_6,B2_0_5,B2_1_5,B2_0_4,B2_1_4,B2_0_3,B2_1_3,B2_0_2,B2_1_2,B2_0_1,B2_1_1,B2_1_0,c),(lp(1),dp(71));",
  "ring_from_frozen_builder_fix": true,
  "rows": "box/gi-only-20260905/experiments/fast-extract/sparse-hadic/C_n24m16_Mm12_m2_5_ell1_s4/C_n24m16_Mm12_m2_5_ell1_s4_G_sparse_rows.tsv",
  "rows_bytes": 2233756,
  "rows_sha256": "417da59ad587604f60bba2ebd0112b31e50e6b36e749b41ae37ce8074bf33bfc",
  "schema": "moh-gi-only-sparse-hadic-extraction-experiment-v1",
  "source_fixed_builder": "box/gi-only-20260905/classes/C_n24m16_Mm12_m2_5_ell1_s4/builders/C_n24m16_Mm12_m2_5_ell1_s4_G_builder.sing",
  "source_fixed_builder_sha256": "6c7fade66f166f6c6062dbe5e049c3f81836811e88073486e090110b7818839b",
  "status": "PASS",
  "stem": "C_n24m16_Mm12_m2_5_ell1_s4_G",
  "total_expanded_parameter_terms": 65990,
  "unknowns_with_T": 71,
  "unknowns_without_T": 70
}
