trivariate_first_pivot_order=ascending
center_stratum=B3=0 birational chart over Q(t=C,w=V); U is unused sentinel
B3_parameter_b_identity_zero=true
B3_parameter_plus_one_negative_control=true
B3_original_center_identity_zero=true
B3_inverse_w_equals_V0_over_U0=true
B3_inverse_t_equals_y_over_xplus5=true
B3_line_intersection_factorization=true
B3_only_missed_affine_base_point=(-5,0)_lies_on_V0_zero=true
B3_t_equals_2_only_base_affine_other_intersection_infinity=true
B3_t_equals_2_center_specialization_is_origin=true
B3_parameter_formula_denominator=t^2
B3_parameter_open_requires=t*w*(t-2)!=0
B3_weighted_scaling_used=false
B3_unused_sentinel_variable=U
trivariate_transport rows=0;pivots=1;events=0
trivariate_transport rows=250;pivots=251;events=0
trivariate_transport rows=1500;pivots=684;events=0
trivariate_transport rows=1750;pivots=934;events=0
trivariate_transport rows=2000;pivots=1184;events=0
trivariate_transport rows=2250;pivots=1434;events=0
trivariate_transport rows=4750;pivots=1716;events=0
trivariate_transport rows=5000;pivots=1966;events=1
trivariate_transport rows=5250;pivots=2215;events=1
trivariate_transport rows=5500;pivots=2465;events=2
trivariate_transport rows=5750;pivots=2715;events=2
trivariate_transport rows=6000;pivots=2965;events=2
trivariate_transport rows=6250;pivots=3215;events=2
trivariate_transport rows=6500;pivots=3465;events=2
transport_rank=3470/3602
transport_compatibility_count=0
TD6 trivariate transport PASS
transport_event_count=2
transport_event[0]=4804,('f', 'X', -1, 2),193;num=(1/32*C^4*V^4 - 1/4*C^3*V^4 + 11/16*C^2*V^4 - 3/4*C*V^4 + 1/4*V^4);den=(C^2)
transport_event[1]=5282,('g', 'X', 0, 1),1185;num=(1/8*C^2*V^2 - 1/2*C*V^2 + 1/2*V^2);den=(C)
transport_minor_num_summary=(12, 7, '3ddc2497fcf266f7e34c199835ebeb34e229bd36c3f070c4f88b1bbbb8efef24')
transport_minor_den_summary=(3, 1, 'b5d17d92af952b6b32635805e917e12924c58af93123f350e73a2d76487ec89d')
transport_global_factorization_deferred=true
first_rank=38/132
first_incompatibility_count=0
first_minor_num_summary=(65, 31, '2b1e756a28aaf07eccff6f07a1f70f71fa1380daa97c57da89a0a62073518107')
first_minor_den_summary=(13, 1, '77f4538983c252b84f71f55524b27b75e54e5b08a3c9fd734e18e7cfd3b920db')
first_global_factorization_deferred=true
TD6 trivariate genuine P12 PASS
remainder_inverse_sha256=218b4ebe549c262d6b1bca13c6dc3f24eda3c79c80845f780cdb6fc122a43548
raw_terms=2893
raw_sha256=3176eab098819000480a284bbc35c09e6cf5c0ab5f9966a17a12f63797398a62
remainder_terms=1
remainder_degree=0
remainder_sha256=93121eef14c472c3c55b7acaeb1d0eff73b77d462ad8d5b197e8e21b9cda89c4
expected_sha256=b9445255e063a82f827a01b7e18c3bdd2f3da41de14903a73fc2ae68121df7a0
remainder_is_expected_constant=true
remainder_is_constant_unit=true
source_nonzero_rows=28
source_multiplier_terms=1530
source_relation_original_row_replay=true
source_relation_plus_one_negative_control=true
raw_denominator=(C^16*V^2 - 8*C^15*V^2 + 22*C^14*V^2 - 24*C^13*V^2 + 8*C^12*V^2)
raw_denominator_summary=(18, 5, '2766f3b5df7cee923320593cc226352027aafeb6bd502451041e63f6fa39f509')
first_denominator=(C^16*V^2 - 8*C^15*V^2 + 22*C^14*V^2 - 24*C^13*V^2 + 8*C^12*V^2)
first_denominator_summary=(18, 5, '2766f3b5df7cee923320593cc226352027aafeb6bd502451041e63f6fa39f509')
relation_denominator=(C^23*V^7 - 41/2*C^22*V^7 + 186*C^21*V^7 - 984*C^20*V^7 + 3364*C^19*V^7 - 7778*C^18*V^7 + 12360*C^17*V^7 - 13432*C^16*V^7 + 9728*C^15*V^7 - 4448*C^14*V^7 + 1152*C^13*V^7 - 128*C^12*V^7)
relation_denominator_summary=(30, 12, '508e655483ef22208f5544e9fb9f71d6d462628781f102f2f503b0845e9df6f3')
termwise_denominator=(C^39*V^9 - 57/2*C^38*V^9 + 372*C^37*V^9 - 2947*C^36*V^9 + 15828*C^35*V^9 - 60966*C^34*V^9 + 173696*C^33*V^9 - 372036*C^32*V^9 + 602688*C^31*V^9 - 736640*C^30*V^9 + 672000*C^29*V^9 - 448128*C^28*V^9 + 210944*C^27*V^9 - 66048*C^26*V^9 + 12288*C^25*V^9 - 1024*C^24*V^9)
termwise_denominator_summary=(48, 16, '763b92219f767f435be8fb375cb2ec9405eb3094df46d4f7b449288903c3b5c7')
denominator_factorizations_deferred=true
certificate_chart_denominator=(C^80*V^19 - 113/2*C^79*V^19 + 1528*C^78*V^19 - 26334*C^77*V^19 + 324852*C^76*V^19 - 3054270*C^75*V^19 + 22756160*C^74*V^19 - 137915600*C^73*V^19 + 692542640*C^72*V^19 - 2920053880*C^71*V^19 + 10439859328*C^70*V^19 - 31875846112*C^69*V^19 + 83541851584*C^68*V^19 - 188583764512*C^67*V^19 + 367382711296*C^66*V^19 - 618072142848*C^65*V^19 + 897474650112*C^64*V^19 - 1122768144384*C^63*V^19 + 1206435233792*C^62*V^19 - 1108422066176*C^61*V^19 + 865395900416*C^60*V^19 - 569477218304*C^59*V^19 + 312469618688*C^58*V^19 - 140931497984*C^57*V^19 + 51251249152*C^56*V^19 - 14628683776*C^55*V^19 + 3149922304*C^54*V^19 - 480247808*C^53*V^19 + 46137344*C^52*V^19 - 2097152*C^51*V^19)
certificate_chart_denominator_factor=(1/2, [(2*C - 1, 1), (C^2 - 4*C + 2, 6), (C - 2, 16), (V, 19), (C, 51)])
stratum_localization_killed=true
whole_stratum_killed=false
B3_expected_minus_k_over_50=true
B3_parameterized_open_killed=true
B3_unused_sentinel_descent=true
B3_whole_divisor_killed=false
Rat3_inverse_count=7598
generic_open_killed=false
full_three_center_family_killed=false
SP2_killed=false
JC2_resolved=false
TD6-C1-C2-C3-B3-BIRATIONAL-DISCRIMINATOR PASS
