	Command being timed: "timeout 28800 /home/ubuntu/venvs/td6/bin/python /home/ubuntu/runs/td6_v24_b3_param_ascending_20260825T0310Z/td6-aws-handoff-20260824-v24/jc2/cases/td6_c1_c3_two_center_cover_20260824/c1_c2_c3_trivariate.py --stratum=b3-param"
	User time (seconds): 552.21
	System time (seconds): 0.83
	Percent of CPU this job got: 99%
	Elapsed (wall clock) time (h:mm:ss or m:ss): 9:13.04
	Average shared text size (kbytes): 0
	Average unshared data size (kbytes): 0
	Average stack size (kbytes): 0
	Average total size (kbytes): 0
	Maximum resident set size (kbytes): 1924680
	Average resident set size (kbytes): 0
	Major (requiring I/O) page faults: 0
	Minor (reclaiming a frame) page faults: 496282
	Voluntary context switches: 3
	Involuntary context switches: 657
	Swaps: 0
	File system inputs: 0
	File system outputs: 816
	Socket messages sent: 0
	Socket messages received: 0
	Signals delivered: 0
	Page size (bytes): 4096
	Exit status: 0
