POLL_UTC=2026-09-05T17:01:57Z
               total        used        free      shared  buff/cache   available
Mem:     532326555648  8854994944 525966204928     3399680  1345105920 523471560704
Swap:              0           0           0
    PID    PPID    PGID ELAPSED   RSS    VSZ %MEM COMMAND         COMMAND
   3822    3815    3822      64  2196   6148  0.0 timeout         timeout --signal=TERM --kill-after=60s 10200s /usr/bin/time -v -o /home/ubuntu/jc2/box/gi70-longsolve-20260905/results/a_exact_std/time-v.txt stdbuf -oL Singular --no-rc -q /home/ubuntu/jc2/box/gi70-longsolve-20260905/inputs/a_exact_std.sing
   3826    3822    3822      64  1648   2720  0.0 time            /usr/bin/time -v -o /home/ubuntu/jc2/box/gi70-longsolve-20260905/results/a_exact_std/time-v.txt stdbuf -oL Singular --no-rc -q /home/ubuntu/jc2/box/gi70-longsolve-20260905/inputs/a_exact_std.sing
   3830    3826    3822      64 2252956 2273348  0.4 Singular     Singular --no-rc -q /home/ubuntu/jc2/box/gi70-longsolve-20260905/inputs/a_exact_std.sing
   3957    3950    3957      10  2196   6148  0.0 timeout         timeout --signal=TERM --kill-after=60s 10200s /usr/bin/time -v -o /home/ubuntu/jc2/box/gi70-longsolve-20260905/results/b_guided_hilbert/time-v.txt stdbuf -oL python3 /home/ubuntu/jc2/box/gi70-longsolve-20260905/run_guided.py
   3961    3957    3957      10  1652   2720  0.0 time            /usr/bin/time -v -o /home/ubuntu/jc2/box/gi70-longsolve-20260905/results/b_guided_hilbert/time-v.txt stdbuf -oL python3 /home/ubuntu/jc2/box/gi70-longsolve-20260905/run_guided.py
   3962    3961    3957      10 19944  29176  0.0 python3         python3 /home/ubuntu/jc2/box/gi70-longsolve-20260905/run_guided.py
   3966    3962    3957       9 1544440 1564940  0.2 Singular     Singular --no-rc -q /home/ubuntu/jc2/box/gi70-longsolve-20260905/inputs/b_hilbert_seed_p32003.sing
   4016       1    4015       5  2100   7748  0.0 bash            bash -c cd /home/ubuntu/jc2/box/moh14-charts-20260905 && setsid bash -c 'timeout 10320 stdbuf -oL bash classes/../../gi70-longsolve-20260905/jobs/gi70_c_c1_msolve_fleet.sh > $HOME/gi70_c_c1_msolve.log 2>&1' </dev/null >/dev/null 2>&1 & echo LAUNCHED gi70_c_c1_msolve pid=$!
   4017    4016    4017       5  3544   7748  0.0 bash            bash -c timeout 10320 stdbuf -oL bash classes/../../gi70-longsolve-20260905/jobs/gi70_c_c1_msolve_fleet.sh > $HOME/gi70_c_c1_msolve.log 2>&1
   4018    4017    4018       5  2164   6128  0.0 timeout         timeout 10320 stdbuf -oL bash classes/../../gi70-longsolve-20260905/jobs/gi70_c_c1_msolve_fleet.sh
   4019    4018    4018       5  3612   7896  0.0 bash            bash classes/../../gi70-longsolve-20260905/jobs/gi70_c_c1_msolve_fleet.sh
   4030    4019    4018       4  2256   7764  0.0 bash            bash classes/../../gi70-longsolve-20260905/jobs/gi70_c_c1_msolve_fleet.sh
   4033    4019    4033       4  2188   6148  0.0 timeout         timeout --signal=TERM --kill-after=60s 10200s /usr/bin/time -v -o /home/ubuntu/jc2/box/gi70-longsolve-20260905/results/c_c1_msolve/time-v.txt stdbuf -oL msolve -g 2 -t 32 -v 2 -l 44 -m 2000 -f /home/ubuntu/jc2/box/gi70-longsolve-20260905/inputs/c_c1_p1073741827.ms -o /home/ubuntu/jc2/box/gi70-longsolve-20260905/results/c_c1_msolve/msolve.out
   4035    4033    4018       4  2004   6148  0.0 tee             tee /home/ubuntu/jc2/box/gi70-longsolve-20260905/results/c_c1_msolve/stdout.log
   4036    4033    4018       4  2004   6148  0.0 tee             tee /home/ubuntu/jc2/box/gi70-longsolve-20260905/results/c_c1_msolve/stderr.log
   4037    4033    4033       4  1652   2720  0.0 time            /usr/bin/time -v -o /home/ubuntu/jc2/box/gi70-longsolve-20260905/results/c_c1_msolve/time-v.txt stdbuf -oL msolve -g 2 -t 32 -v 2 -l 44 -m 2000 -f /home/ubuntu/jc2/box/gi70-longsolve-20260905/inputs/c_c1_p1073741827.ms -o /home/ubuntu/jc2/box/gi70-longsolve-20260905/results/c_c1_msolve/msolve.out
   4040    4037    4033       4 267664 2584992  0.0 msolve        msolve -g 2 -t 32 -v 2 -l 44 -m 2000 -f /home/ubuntu/jc2/box/gi70-longsolve-20260905/inputs/c_c1_p1073741827.ms -o /home/ubuntu/jc2/box/gi70-longsolve-20260905/results/c_c1_msolve/msolve.out
   4132    4125    4132       0  2192   6148  0.0 timeout         timeout --signal=TERM --kill-after=60s 10200s /usr/bin/time -v -o /home/ubuntu/jc2/box/gi70-longsolve-20260905/results/d_c1_slimgb/time-v.txt stdbuf -oL Singular --no-rc -q /home/ubuntu/jc2/box/gi70-longsolve-20260905/inputs/d_c1_slimgb.sing
   4136    4132    4132       0  1648   2720  0.0 time            /usr/bin/time -v -o /home/ubuntu/jc2/box/gi70-longsolve-20260905/results/d_c1_slimgb/time-v.txt stdbuf -oL Singular --no-rc -q /home/ubuntu/jc2/box/gi70-longsolve-20260905/inputs/d_c1_slimgb.sing
   4137    4136    4132       0 10540  32536  0.0 Singular        Singular --no-rc -q /home/ubuntu/jc2/box/gi70-longsolve-20260905/inputs/d_c1_slimgb.sing
   4139    4129    4124       0  3916   9748  0.0 awk             awk NR==1 || /Singular|msolve|run_guided.py|guided_gb.py/
POLL_UTC=2026-09-05T17:16:57Z
               total        used        free      shared  buff/cache   available
Mem:     532326555648 51960311808 482409148416     3432448  1839497216 480366243840
Swap:              0           0           0
    PID    PPID    PGID ELAPSED   RSS    VSZ %MEM COMMAND         COMMAND
   3822    3815    3822     964  2196   6148  0.0 timeout         timeout --signal=TERM --kill-after=60s 10200s /usr/bin/time -v -o /home/ubuntu/jc2/box/gi70-longsolve-20260905/results/a_exact_std/time-v.txt stdbuf -oL Singular --no-rc -q /home/ubuntu/jc2/box/gi70-longsolve-20260905/inputs/a_exact_std.sing
   3826    3822    3822     964  1648   2720  0.0 time            /usr/bin/time -v -o /home/ubuntu/jc2/box/gi70-longsolve-20260905/results/a_exact_std/time-v.txt stdbuf -oL Singular --no-rc -q /home/ubuntu/jc2/box/gi70-longsolve-20260905/inputs/a_exact_std.sing
   3830    3826    3822     964 4896220 4918292  0.9 Singular     Singular --no-rc -q /home/ubuntu/jc2/box/gi70-longsolve-20260905/inputs/a_exact_std.sing
   3957    3950    3957     910  2196   6148  0.0 timeout         timeout --signal=TERM --kill-after=60s 10200s /usr/bin/time -v -o /home/ubuntu/jc2/box/gi70-longsolve-20260905/results/b_guided_hilbert/time-v.txt stdbuf -oL python3 /home/ubuntu/jc2/box/gi70-longsolve-20260905/run_guided.py
   3961    3957    3957     910  1652   2720  0.0 time            /usr/bin/time -v -o /home/ubuntu/jc2/box/gi70-longsolve-20260905/results/b_guided_hilbert/time-v.txt stdbuf -oL python3 /home/ubuntu/jc2/box/gi70-longsolve-20260905/run_guided.py
   3962    3961    3957     910 19944  29176  0.0 python3         python3 /home/ubuntu/jc2/box/gi70-longsolve-20260905/run_guided.py
   3966    3962    3957     909 25064020 25084624  4.8 Singular   Singular --no-rc -q /home/ubuntu/jc2/box/gi70-longsolve-20260905/inputs/b_hilbert_seed_p32003.sing
   4016       1    4015     905  2100   7748  0.0 bash            bash -c cd /home/ubuntu/jc2/box/moh14-charts-20260905 && setsid bash -c 'timeout 10320 stdbuf -oL bash classes/../../gi70-longsolve-20260905/jobs/gi70_c_c1_msolve_fleet.sh > $HOME/gi70_c_c1_msolve.log 2>&1' </dev/null >/dev/null 2>&1 & echo LAUNCHED gi70_c_c1_msolve pid=$!
   4017    4016    4017     905  3544   7748  0.0 bash            bash -c timeout 10320 stdbuf -oL bash classes/../../gi70-longsolve-20260905/jobs/gi70_c_c1_msolve_fleet.sh > $HOME/gi70_c_c1_msolve.log 2>&1
   4018    4017    4018     905  2164   6128  0.0 timeout         timeout 10320 stdbuf -oL bash classes/../../gi70-longsolve-20260905/jobs/gi70_c_c1_msolve_fleet.sh
   4019    4018    4018     905  3612   7896  0.0 bash            bash classes/../../gi70-longsolve-20260905/jobs/gi70_c_c1_msolve_fleet.sh
   4030    4019    4018     904  2256   7764  0.0 bash            bash classes/../../gi70-longsolve-20260905/jobs/gi70_c_c1_msolve_fleet.sh
   4033    4019    4033     904  2188   6148  0.0 timeout         timeout --signal=TERM --kill-after=60s 10200s /usr/bin/time -v -o /home/ubuntu/jc2/box/gi70-longsolve-20260905/results/c_c1_msolve/time-v.txt stdbuf -oL msolve -g 2 -t 32 -v 2 -l 44 -m 2000 -f /home/ubuntu/jc2/box/gi70-longsolve-20260905/inputs/c_c1_p1073741827.ms -o /home/ubuntu/jc2/box/gi70-longsolve-20260905/results/c_c1_msolve/msolve.out
   4035    4033    4018     904  2004   6148  0.0 tee             tee /home/ubuntu/jc2/box/gi70-longsolve-20260905/results/c_c1_msolve/stdout.log
   4036    4033    4018     904  2004   6148  0.0 tee             tee /home/ubuntu/jc2/box/gi70-longsolve-20260905/results/c_c1_msolve/stderr.log
   4037    4033    4033     904  1652   2720  0.0 time            /usr/bin/time -v -o /home/ubuntu/jc2/box/gi70-longsolve-20260905/results/c_c1_msolve/time-v.txt stdbuf -oL msolve -g 2 -t 32 -v 2 -l 44 -m 2000 -f /home/ubuntu/jc2/box/gi70-longsolve-20260905/inputs/c_c1_p1073741827.ms -o /home/ubuntu/jc2/box/gi70-longsolve-20260905/results/c_c1_msolve/msolve.out
   4040    4037    4033     904 15052340 26007492  2.8 msolve     msolve -g 2 -t 32 -v 2 -l 44 -m 2000 -f /home/ubuntu/jc2/box/gi70-longsolve-20260905/inputs/c_c1_p1073741827.ms -o /home/ubuntu/jc2/box/gi70-longsolve-20260905/results/c_c1_msolve/msolve.out
   4132    4125    4132     900  2192   6148  0.0 timeout         timeout --signal=TERM --kill-after=60s 10200s /usr/bin/time -v -o /home/ubuntu/jc2/box/gi70-longsolve-20260905/results/d_c1_slimgb/time-v.txt stdbuf -oL Singular --no-rc -q /home/ubuntu/jc2/box/gi70-longsolve-20260905/inputs/d_c1_slimgb.sing
   4136    4132    4132     900  1648   2720  0.0 time            /usr/bin/time -v -o /home/ubuntu/jc2/box/gi70-longsolve-20260905/results/d_c1_slimgb/time-v.txt stdbuf -oL Singular --no-rc -q /home/ubuntu/jc2/box/gi70-longsolve-20260905/inputs/d_c1_slimgb.sing
   4137    4136    4132     900 778796 798756  0.1 Singular       Singular --no-rc -q /home/ubuntu/jc2/box/gi70-longsolve-20260905/inputs/d_c1_slimgb.sing
   4519    4518    4519     788  3588   7832  0.0 bash            bash -c while true; do date -u +TICK=%Y-%m-%dT%H:%M:%SZ; ps -C Singular -C msolve -C python3 -o pid=,etimes=,rss=,comm=,args= | grep -E "a_exact_std|b_hilbert|c_c1|d_c1|run_guided" || true; for f in /home/ubuntu/jc2/box/gi70-longsolve-20260905/results/*/returncode.txt; do test -e "$f" && echo "DONE $f $(cat "$f")"; done; pgrep -f "[g]i70_(a_exact_std|b_guided_hilbert|c_c1_msolve|d_c1_slimgb)_fleet.sh" >/dev/null || break; sleep 55; done
   9948    4129    4124       0  3964   9748  0.0 awk             awk NR==1 || /Singular|msolve|run_guided.py|guided_gb.py/
POLL_UTC=2026-09-05T17:31:57Z
               total        used        free      shared  buff/cache   available
Mem:     532326555648 70915612672 463452565504     3428352  1840754688 461410942976
Swap:              0           0           0
    PID    PPID    PGID ELAPSED   RSS    VSZ %MEM COMMAND         COMMAND
   3822    3815    3822    1864  2196   6148  0.0 timeout         timeout --signal=TERM --kill-after=60s 10200s /usr/bin/time -v -o /home/ubuntu/jc2/box/gi70-longsolve-20260905/results/a_exact_std/time-v.txt stdbuf -oL Singular --no-rc -q /home/ubuntu/jc2/box/gi70-longsolve-20260905/inputs/a_exact_std.sing
   3826    3822    3822    1864  1648   2720  0.0 time            /usr/bin/time -v -o /home/ubuntu/jc2/box/gi70-longsolve-20260905/results/a_exact_std/time-v.txt stdbuf -oL Singular --no-rc -q /home/ubuntu/jc2/box/gi70-longsolve-20260905/inputs/a_exact_std.sing
   3830    3826    3822    1864 7220536 7240900  1.3 Singular     Singular --no-rc -q /home/ubuntu/jc2/box/gi70-longsolve-20260905/inputs/a_exact_std.sing
   3957    3950    3957    1810  2196   6148  0.0 timeout         timeout --signal=TERM --kill-after=60s 10200s /usr/bin/time -v -o /home/ubuntu/jc2/box/gi70-longsolve-20260905/results/b_guided_hilbert/time-v.txt stdbuf -oL python3 /home/ubuntu/jc2/box/gi70-longsolve-20260905/run_guided.py
   3961    3957    3957    1810  1652   2720  0.0 time            /usr/bin/time -v -o /home/ubuntu/jc2/box/gi70-longsolve-20260905/results/b_guided_hilbert/time-v.txt stdbuf -oL python3 /home/ubuntu/jc2/box/gi70-longsolve-20260905/run_guided.py
   3962    3961    3957    1810 19944  29176  0.0 python3         python3 /home/ubuntu/jc2/box/gi70-longsolve-20260905/run_guided.py
   3966    3962    3957    1810 36646416 36666976  7.0 Singular   Singular --no-rc -q /home/ubuntu/jc2/box/gi70-longsolve-20260905/inputs/b_hilbert_seed_p32003.sing
   4016       1    4015    1805  2100   7748  0.0 bash            bash -c cd /home/ubuntu/jc2/box/moh14-charts-20260905 && setsid bash -c 'timeout 10320 stdbuf -oL bash classes/../../gi70-longsolve-20260905/jobs/gi70_c_c1_msolve_fleet.sh > $HOME/gi70_c_c1_msolve.log 2>&1' </dev/null >/dev/null 2>&1 & echo LAUNCHED gi70_c_c1_msolve pid=$!
   4017    4016    4017    1805  3544   7748  0.0 bash            bash -c timeout 10320 stdbuf -oL bash classes/../../gi70-longsolve-20260905/jobs/gi70_c_c1_msolve_fleet.sh > $HOME/gi70_c_c1_msolve.log 2>&1
   4018    4017    4018    1805  2164   6128  0.0 timeout         timeout 10320 stdbuf -oL bash classes/../../gi70-longsolve-20260905/jobs/gi70_c_c1_msolve_fleet.sh
   4019    4018    4018    1805  3612   7896  0.0 bash            bash classes/../../gi70-longsolve-20260905/jobs/gi70_c_c1_msolve_fleet.sh
   4030    4019    4018    1804  2260   7764  0.0 bash            bash classes/../../gi70-longsolve-20260905/jobs/gi70_c_c1_msolve_fleet.sh
   4033    4019    4033    1804  2188   6148  0.0 timeout         timeout --signal=TERM --kill-after=60s 10200s /usr/bin/time -v -o /home/ubuntu/jc2/box/gi70-longsolve-20260905/results/c_c1_msolve/time-v.txt stdbuf -oL msolve -g 2 -t 32 -v 2 -l 44 -m 2000 -f /home/ubuntu/jc2/box/gi70-longsolve-20260905/inputs/c_c1_p1073741827.ms -o /home/ubuntu/jc2/box/gi70-longsolve-20260905/results/c_c1_msolve/msolve.out
   4035    4033    4018    1804  2004   6148  0.0 tee             tee /home/ubuntu/jc2/box/gi70-longsolve-20260905/results/c_c1_msolve/stdout.log
   4036    4033    4018    1804  2004   6148  0.0 tee             tee /home/ubuntu/jc2/box/gi70-longsolve-20260905/results/c_c1_msolve/stderr.log
   4037    4033    4033    1804  1652   2720  0.0 time            /usr/bin/time -v -o /home/ubuntu/jc2/box/gi70-longsolve-20260905/results/c_c1_msolve/time-v.txt stdbuf -oL msolve -g 2 -t 32 -v 2 -l 44 -m 2000 -f /home/ubuntu/jc2/box/gi70-longsolve-20260905/inputs/c_c1_p1073741827.ms -o /home/ubuntu/jc2/box/gi70-longsolve-20260905/results/c_c1_msolve/msolve.out
   4040    4037    4033    1804 19277112 26480924  3.7 msolve     msolve -g 2 -t 32 -v 2 -l 44 -m 2000 -f /home/ubuntu/jc2/box/gi70-longsolve-20260905/inputs/c_c1_p1073741827.ms -o /home/ubuntu/jc2/box/gi70-longsolve-20260905/results/c_c1_msolve/msolve.out
   4132    4125    4132    1800  2192   6148  0.0 timeout         timeout --signal=TERM --kill-after=60s 10200s /usr/bin/time -v -o /home/ubuntu/jc2/box/gi70-longsolve-20260905/results/d_c1_slimgb/time-v.txt stdbuf -oL Singular --no-rc -q /home/ubuntu/jc2/box/gi70-longsolve-20260905/inputs/d_c1_slimgb.sing
   4136    4132    4132    1800  1648   2720  0.0 time            /usr/bin/time -v -o /home/ubuntu/jc2/box/gi70-longsolve-20260905/results/d_c1_slimgb/time-v.txt stdbuf -oL Singular --no-rc -q /home/ubuntu/jc2/box/gi70-longsolve-20260905/inputs/d_c1_slimgb.sing
   4137    4136    4132    1800 1204316 1224276  0.2 Singular     Singular --no-rc -q /home/ubuntu/jc2/box/gi70-longsolve-20260905/inputs/d_c1_slimgb.sing
   4519    4518    4519    1688  3588   7832  0.0 bash            bash -c while true; do date -u +TICK=%Y-%m-%dT%H:%M:%SZ; ps -C Singular -C msolve -C python3 -o pid=,etimes=,rss=,comm=,args= | grep -E "a_exact_std|b_hilbert|c_c1|d_c1|run_guided" || true; for f in /home/ubuntu/jc2/box/gi70-longsolve-20260905/results/*/returncode.txt; do test -e "$f" && echo "DONE $f $(cat "$f")"; done; pgrep -f "[g]i70_(a_exact_std|b_guided_hilbert|c_c1_msolve|d_c1_slimgb)_fleet.sh" >/dev/null || break; sleep 55; done
  10695    4129    4124       0  3932   9748  0.0 awk             awk NR==1 || /Singular|msolve|run_guided.py|guided_gb.py/
POLL_UTC=2026-09-05T17:46:57Z
               total        used        free      shared  buff/cache   available
Mem:     532326555648 78613688320 455753940992     3428352  1841344512 453712867328
Swap:              0           0           0
    PID    PPID    PGID ELAPSED   RSS    VSZ %MEM COMMAND         COMMAND
   3822    3815    3822    2764  2196   6148  0.0 timeout         timeout --signal=TERM --kill-after=60s 10200s /usr/bin/time -v -o /home/ubuntu/jc2/box/gi70-longsolve-20260905/results/a_exact_std/time-v.txt stdbuf -oL Singular --no-rc -q /home/ubuntu/jc2/box/gi70-longsolve-20260905/inputs/a_exact_std.sing
   3826    3822    3822    2764  1648   2720  0.0 time            /usr/bin/time -v -o /home/ubuntu/jc2/box/gi70-longsolve-20260905/results/a_exact_std/time-v.txt stdbuf -oL Singular --no-rc -q /home/ubuntu/jc2/box/gi70-longsolve-20260905/inputs/a_exact_std.sing
   3830    3826    3822    2764 7257912 7278224  1.3 Singular     Singular --no-rc -q /home/ubuntu/jc2/box/gi70-longsolve-20260905/inputs/a_exact_std.sing
   3957    3950    3957    2710  2196   6148  0.0 timeout         timeout --signal=TERM --kill-after=60s 10200s /usr/bin/time -v -o /home/ubuntu/jc2/box/gi70-longsolve-20260905/results/b_guided_hilbert/time-v.txt stdbuf -oL python3 /home/ubuntu/jc2/box/gi70-longsolve-20260905/run_guided.py
   3961    3957    3957    2710  1652   2720  0.0 time            /usr/bin/time -v -o /home/ubuntu/jc2/box/gi70-longsolve-20260905/results/b_guided_hilbert/time-v.txt stdbuf -oL python3 /home/ubuntu/jc2/box/gi70-longsolve-20260905/run_guided.py
   3962    3961    3957    2710 19944  29176  0.0 python3         python3 /home/ubuntu/jc2/box/gi70-longsolve-20260905/run_guided.py
   3966    3962    3957    2710 41604988 41625504  8.0 Singular   Singular --no-rc -q /home/ubuntu/jc2/box/gi70-longsolve-20260905/inputs/b_hilbert_seed_p32003.sing
   4016       1    4015    2705  2100   7748  0.0 bash            bash -c cd /home/ubuntu/jc2/box/moh14-charts-20260905 && setsid bash -c 'timeout 10320 stdbuf -oL bash classes/../../gi70-longsolve-20260905/jobs/gi70_c_c1_msolve_fleet.sh > $HOME/gi70_c_c1_msolve.log 2>&1' </dev/null >/dev/null 2>&1 & echo LAUNCHED gi70_c_c1_msolve pid=$!
   4017    4016    4017    2705  3544   7748  0.0 bash            bash -c timeout 10320 stdbuf -oL bash classes/../../gi70-longsolve-20260905/jobs/gi70_c_c1_msolve_fleet.sh > $HOME/gi70_c_c1_msolve.log 2>&1
   4018    4017    4018    2705  2164   6128  0.0 timeout         timeout 10320 stdbuf -oL bash classes/../../gi70-longsolve-20260905/jobs/gi70_c_c1_msolve_fleet.sh
   4019    4018    4018    2705  3612   7896  0.0 bash            bash classes/../../gi70-longsolve-20260905/jobs/gi70_c_c1_msolve_fleet.sh
   4030    4019    4018    2705  2260   7764  0.0 bash            bash classes/../../gi70-longsolve-20260905/jobs/gi70_c_c1_msolve_fleet.sh
   4033    4019    4033    2705  2188   6148  0.0 timeout         timeout --signal=TERM --kill-after=60s 10200s /usr/bin/time -v -o /home/ubuntu/jc2/box/gi70-longsolve-20260905/results/c_c1_msolve/time-v.txt stdbuf -oL msolve -g 2 -t 32 -v 2 -l 44 -m 2000 -f /home/ubuntu/jc2/box/gi70-longsolve-20260905/inputs/c_c1_p1073741827.ms -o /home/ubuntu/jc2/box/gi70-longsolve-20260905/results/c_c1_msolve/msolve.out
   4035    4033    4018    2705  2004   6148  0.0 tee             tee /home/ubuntu/jc2/box/gi70-longsolve-20260905/results/c_c1_msolve/stdout.log
   4036    4033    4018    2705  2004   6148  0.0 tee             tee /home/ubuntu/jc2/box/gi70-longsolve-20260905/results/c_c1_msolve/stderr.log
   4037    4033    4033    2705  1652   2720  0.0 time            /usr/bin/time -v -o /home/ubuntu/jc2/box/gi70-longsolve-20260905/results/c_c1_msolve/time-v.txt stdbuf -oL msolve -g 2 -t 32 -v 2 -l 44 -m 2000 -f /home/ubuntu/jc2/box/gi70-longsolve-20260905/inputs/c_c1_p1073741827.ms -o /home/ubuntu/jc2/box/gi70-longsolve-20260905/results/c_c1_msolve/msolve.out
   4040    4037    4033    2705 21527208 27194600  4.1 msolve     msolve -g 2 -t 32 -v 2 -l 44 -m 2000 -f /home/ubuntu/jc2/box/gi70-longsolve-20260905/inputs/c_c1_p1073741827.ms -o /home/ubuntu/jc2/box/gi70-longsolve-20260905/results/c_c1_msolve/msolve.out
   4132    4125    4132    2700  2192   6148  0.0 timeout         timeout --signal=TERM --kill-after=60s 10200s /usr/bin/time -v -o /home/ubuntu/jc2/box/gi70-longsolve-20260905/results/d_c1_slimgb/time-v.txt stdbuf -oL Singular --no-rc -q /home/ubuntu/jc2/box/gi70-longsolve-20260905/inputs/d_c1_slimgb.sing
   4136    4132    4132    2700  1648   2720  0.0 time            /usr/bin/time -v -o /home/ubuntu/jc2/box/gi70-longsolve-20260905/results/d_c1_slimgb/time-v.txt stdbuf -oL Singular --no-rc -q /home/ubuntu/jc2/box/gi70-longsolve-20260905/inputs/d_c1_slimgb.sing
   4137    4136    4132    2700 1470500 1490456  0.2 Singular     Singular --no-rc -q /home/ubuntu/jc2/box/gi70-longsolve-20260905/inputs/d_c1_slimgb.sing
   4519    4518    4519    2588  3588   7832  0.0 bash            bash -c while true; do date -u +TICK=%Y-%m-%dT%H:%M:%SZ; ps -C Singular -C msolve -C python3 -o pid=,etimes=,rss=,comm=,args= | grep -E "a_exact_std|b_hilbert|c_c1|d_c1|run_guided" || true; for f in /home/ubuntu/jc2/box/gi70-longsolve-20260905/results/*/returncode.txt; do test -e "$f" && echo "DONE $f $(cat "$f")"; done; pgrep -f "[g]i70_(a_exact_std|b_guided_hilbert|c_c1_msolve|d_c1_slimgb)_fleet.sh" >/dev/null || break; sleep 55; done
  10880    4129    4124       0  3952   9748  0.0 awk             awk NR==1 || /Singular|msolve|run_guided.py|guided_gb.py/
POLL_UTC=2026-09-05T18:01:57Z
               total        used        free      shared  buff/cache   available
Mem:     532326555648 91331682304 443035725824     3428352  1841590272 440994873344
Swap:              0           0           0
    PID    PPID    PGID ELAPSED   RSS    VSZ %MEM COMMAND         COMMAND
   3822    3815    3822    3664  2196   6148  0.0 timeout         timeout --signal=TERM --kill-after=60s 10200s /usr/bin/time -v -o /home/ubuntu/jc2/box/gi70-longsolve-20260905/results/a_exact_std/time-v.txt stdbuf -oL Singular --no-rc -q /home/ubuntu/jc2/box/gi70-longsolve-20260905/inputs/a_exact_std.sing
   3826    3822    3822    3664  1648   2720  0.0 time            /usr/bin/time -v -o /home/ubuntu/jc2/box/gi70-longsolve-20260905/results/a_exact_std/time-v.txt stdbuf -oL Singular --no-rc -q /home/ubuntu/jc2/box/gi70-longsolve-20260905/inputs/a_exact_std.sing
   3830    3826    3822    3664 7943372 7964352  1.5 Singular     Singular --no-rc -q /home/ubuntu/jc2/box/gi70-longsolve-20260905/inputs/a_exact_std.sing
   3957    3950    3957    3610  2196   6148  0.0 timeout         timeout --signal=TERM --kill-after=60s 10200s /usr/bin/time -v -o /home/ubuntu/jc2/box/gi70-longsolve-20260905/results/b_guided_hilbert/time-v.txt stdbuf -oL python3 /home/ubuntu/jc2/box/gi70-longsolve-20260905/run_guided.py
   3961    3957    3957    3610  1652   2720  0.0 time            /usr/bin/time -v -o /home/ubuntu/jc2/box/gi70-longsolve-20260905/results/b_guided_hilbert/time-v.txt stdbuf -oL python3 /home/ubuntu/jc2/box/gi70-longsolve-20260905/run_guided.py
   3962    3961    3957    3610 19944  29176  0.0 python3         python3 /home/ubuntu/jc2/box/gi70-longsolve-20260905/run_guided.py
   3966    3962    3957    3610 51289152 51311452  9.8 Singular   Singular --no-rc -q /home/ubuntu/jc2/box/gi70-longsolve-20260905/inputs/b_hilbert_seed_p32003.sing
   4016       1    4015    3605  2100   7748  0.0 bash            bash -c cd /home/ubuntu/jc2/box/moh14-charts-20260905 && setsid bash -c 'timeout 10320 stdbuf -oL bash classes/../../gi70-longsolve-20260905/jobs/gi70_c_c1_msolve_fleet.sh > $HOME/gi70_c_c1_msolve.log 2>&1' </dev/null >/dev/null 2>&1 & echo LAUNCHED gi70_c_c1_msolve pid=$!
   4017    4016    4017    3605  3544   7748  0.0 bash            bash -c timeout 10320 stdbuf -oL bash classes/../../gi70-longsolve-20260905/jobs/gi70_c_c1_msolve_fleet.sh > $HOME/gi70_c_c1_msolve.log 2>&1
   4018    4017    4018    3605  2164   6128  0.0 timeout         timeout 10320 stdbuf -oL bash classes/../../gi70-longsolve-20260905/jobs/gi70_c_c1_msolve_fleet.sh
   4019    4018    4018    3605  3612   7896  0.0 bash            bash classes/../../gi70-longsolve-20260905/jobs/gi70_c_c1_msolve_fleet.sh
   4030    4019    4018    3605  2260   7764  0.0 bash            bash classes/../../gi70-longsolve-20260905/jobs/gi70_c_c1_msolve_fleet.sh
   4033    4019    4033    3605  2188   6148  0.0 timeout         timeout --signal=TERM --kill-after=60s 10200s /usr/bin/time -v -o /home/ubuntu/jc2/box/gi70-longsolve-20260905/results/c_c1_msolve/time-v.txt stdbuf -oL msolve -g 2 -t 32 -v 2 -l 44 -m 2000 -f /home/ubuntu/jc2/box/gi70-longsolve-20260905/inputs/c_c1_p1073741827.ms -o /home/ubuntu/jc2/box/gi70-longsolve-20260905/results/c_c1_msolve/msolve.out
   4035    4033    4018    3605  2004   6148  0.0 tee             tee /home/ubuntu/jc2/box/gi70-longsolve-20260905/results/c_c1_msolve/stdout.log
   4036    4033    4018    3605  2004   6148  0.0 tee             tee /home/ubuntu/jc2/box/gi70-longsolve-20260905/results/c_c1_msolve/stderr.log
   4037    4033    4033    3605  1652   2720  0.0 time            /usr/bin/time -v -o /home/ubuntu/jc2/box/gi70-longsolve-20260905/results/c_c1_msolve/time-v.txt stdbuf -oL msolve -g 2 -t 32 -v 2 -l 44 -m 2000 -f /home/ubuntu/jc2/box/gi70-longsolve-20260905/inputs/c_c1_p1073741827.ms -o /home/ubuntu/jc2/box/gi70-longsolve-20260905/results/c_c1_msolve/msolve.out
   4040    4037    4033    3605 23780276 27602936  4.5 msolve     msolve -g 2 -t 32 -v 2 -l 44 -m 2000 -f /home/ubuntu/jc2/box/gi70-longsolve-20260905/inputs/c_c1_p1073741827.ms -o /home/ubuntu/jc2/box/gi70-longsolve-20260905/results/c_c1_msolve/msolve.out
   4132    4125    4132    3600  2192   6148  0.0 timeout         timeout --signal=TERM --kill-after=60s 10200s /usr/bin/time -v -o /home/ubuntu/jc2/box/gi70-longsolve-20260905/results/d_c1_slimgb/time-v.txt stdbuf -oL Singular --no-rc -q /home/ubuntu/jc2/box/gi70-longsolve-20260905/inputs/d_c1_slimgb.sing
   4136    4132    4132    3600  1648   2720  0.0 time            /usr/bin/time -v -o /home/ubuntu/jc2/box/gi70-longsolve-20260905/results/d_c1_slimgb/time-v.txt stdbuf -oL Singular --no-rc -q /home/ubuntu/jc2/box/gi70-longsolve-20260905/inputs/d_c1_slimgb.sing
   4137    4136    4132    3600 1321092 1341048  0.2 Singular     Singular --no-rc -q /home/ubuntu/jc2/box/gi70-longsolve-20260905/inputs/d_c1_slimgb.sing
   4519    4518    4519    3488  3588   7832  0.0 bash            bash -c while true; do date -u +TICK=%Y-%m-%dT%H:%M:%SZ; ps -C Singular -C msolve -C python3 -o pid=,etimes=,rss=,comm=,args= | grep -E "a_exact_std|b_hilbert|c_c1|d_c1|run_guided" || true; for f in /home/ubuntu/jc2/box/gi70-longsolve-20260905/results/*/returncode.txt; do test -e "$f" && echo "DONE $f $(cat "$f")"; done; pgrep -f "[g]i70_(a_exact_std|b_guided_hilbert|c_c1_msolve|d_c1_slimgb)_fleet.sh" >/dev/null || break; sleep 55; done
  11100    4129    4124       0  3916   9748  0.0 awk             awk NR==1 || /Singular|msolve|run_guided.py|guided_gb.py/
POLL_UTC=2026-09-05T18:16:57Z
               total        used        free      shared  buff/cache   available
Mem:     532326555648 112174923776 422191869952     3428352  1842196480 420151631872
Swap:              0           0           0
    PID    PPID    PGID ELAPSED   RSS    VSZ %MEM COMMAND         COMMAND
   3822    3815    3822    4564  2196   6148  0.0 timeout         timeout --signal=TERM --kill-after=60s 10200s /usr/bin/time -v -o /home/ubuntu/jc2/box/gi70-longsolve-20260905/results/a_exact_std/time-v.txt stdbuf -oL Singular --no-rc -q /home/ubuntu/jc2/box/gi70-longsolve-20260905/inputs/a_exact_std.sing
   3826    3822    3822    4564  1648   2720  0.0 time            /usr/bin/time -v -o /home/ubuntu/jc2/box/gi70-longsolve-20260905/results/a_exact_std/time-v.txt stdbuf -oL Singular --no-rc -q /home/ubuntu/jc2/box/gi70-longsolve-20260905/inputs/a_exact_std.sing
   3830    3826    3822    4564 11438712 11459080  2.2 Singular   Singular --no-rc -q /home/ubuntu/jc2/box/gi70-longsolve-20260905/inputs/a_exact_std.sing
   3957    3950    3957    4510  2196   6148  0.0 timeout         timeout --signal=TERM --kill-after=60s 10200s /usr/bin/time -v -o /home/ubuntu/jc2/box/gi70-longsolve-20260905/results/b_guided_hilbert/time-v.txt stdbuf -oL python3 /home/ubuntu/jc2/box/gi70-longsolve-20260905/run_guided.py
   3961    3957    3957    4510  1652   2720  0.0 time            /usr/bin/time -v -o /home/ubuntu/jc2/box/gi70-longsolve-20260905/results/b_guided_hilbert/time-v.txt stdbuf -oL python3 /home/ubuntu/jc2/box/gi70-longsolve-20260905/run_guided.py
   3962    3961    3957    4510 19944  29176  0.0 python3         python3 /home/ubuntu/jc2/box/gi70-longsolve-20260905/run_guided.py
   3966    3962    3957    4510 59184404 59204928 11.3 Singular   Singular --no-rc -q /home/ubuntu/jc2/box/gi70-longsolve-20260905/inputs/b_hilbert_seed_p32003.sing
   4016       1    4015    4505  2100   7748  0.0 bash            bash -c cd /home/ubuntu/jc2/box/moh14-charts-20260905 && setsid bash -c 'timeout 10320 stdbuf -oL bash classes/../../gi70-longsolve-20260905/jobs/gi70_c_c1_msolve_fleet.sh > $HOME/gi70_c_c1_msolve.log 2>&1' </dev/null >/dev/null 2>&1 & echo LAUNCHED gi70_c_c1_msolve pid=$!
   4017    4016    4017    4505  3544   7748  0.0 bash            bash -c timeout 10320 stdbuf -oL bash classes/../../gi70-longsolve-20260905/jobs/gi70_c_c1_msolve_fleet.sh > $HOME/gi70_c_c1_msolve.log 2>&1
   4018    4017    4018    4505  2164   6128  0.0 timeout         timeout 10320 stdbuf -oL bash classes/../../gi70-longsolve-20260905/jobs/gi70_c_c1_msolve_fleet.sh
   4019    4018    4018    4505  3612   7896  0.0 bash            bash classes/../../gi70-longsolve-20260905/jobs/gi70_c_c1_msolve_fleet.sh
   4030    4019    4018    4505  2260   7764  0.0 bash            bash classes/../../gi70-longsolve-20260905/jobs/gi70_c_c1_msolve_fleet.sh
   4033    4019    4033    4505  2188   6148  0.0 timeout         timeout --signal=TERM --kill-after=60s 10200s /usr/bin/time -v -o /home/ubuntu/jc2/box/gi70-longsolve-20260905/results/c_c1_msolve/time-v.txt stdbuf -oL msolve -g 2 -t 32 -v 2 -l 44 -m 2000 -f /home/ubuntu/jc2/box/gi70-longsolve-20260905/inputs/c_c1_p1073741827.ms -o /home/ubuntu/jc2/box/gi70-longsolve-20260905/results/c_c1_msolve/msolve.out
   4035    4033    4018    4505  2004   6148  0.0 tee             tee /home/ubuntu/jc2/box/gi70-longsolve-20260905/results/c_c1_msolve/stdout.log
   4036    4033    4018    4505  2004   6148  0.0 tee             tee /home/ubuntu/jc2/box/gi70-longsolve-20260905/results/c_c1_msolve/stderr.log
   4037    4033    4033    4505  1652   2720  0.0 time            /usr/bin/time -v -o /home/ubuntu/jc2/box/gi70-longsolve-20260905/results/c_c1_msolve/time-v.txt stdbuf -oL msolve -g 2 -t 32 -v 2 -l 44 -m 2000 -f /home/ubuntu/jc2/box/gi70-longsolve-20260905/inputs/c_c1_p1073741827.ms -o /home/ubuntu/jc2/box/gi70-longsolve-20260905/results/c_c1_msolve/msolve.out
   4040    4037    4033    4505 32673296 50362776  6.2 msolve     msolve -g 2 -t 32 -v 2 -l 44 -m 2000 -f /home/ubuntu/jc2/box/gi70-longsolve-20260905/inputs/c_c1_p1073741827.ms -o /home/ubuntu/jc2/box/gi70-longsolve-20260905/results/c_c1_msolve/msolve.out
   4132    4125    4132    4500  2192   6148  0.0 timeout         timeout --signal=TERM --kill-after=60s 10200s /usr/bin/time -v -o /home/ubuntu/jc2/box/gi70-longsolve-20260905/results/d_c1_slimgb/time-v.txt stdbuf -oL Singular --no-rc -q /home/ubuntu/jc2/box/gi70-longsolve-20260905/inputs/d_c1_slimgb.sing
   4136    4132    4132    4500  1648   2720  0.0 time            /usr/bin/time -v -o /home/ubuntu/jc2/box/gi70-longsolve-20260905/results/d_c1_slimgb/time-v.txt stdbuf -oL Singular --no-rc -q /home/ubuntu/jc2/box/gi70-longsolve-20260905/inputs/d_c1_slimgb.sing
   4137    4136    4132    4500 1374340 1394296  0.2 Singular     Singular --no-rc -q /home/ubuntu/jc2/box/gi70-longsolve-20260905/inputs/d_c1_slimgb.sing
   4519    4518    4519    4388  3588   7832  0.0 bash            bash -c while true; do date -u +TICK=%Y-%m-%dT%H:%M:%SZ; ps -C Singular -C msolve -C python3 -o pid=,etimes=,rss=,comm=,args= | grep -E "a_exact_std|b_hilbert|c_c1|d_c1|run_guided" || true; for f in /home/ubuntu/jc2/box/gi70-longsolve-20260905/results/*/returncode.txt; do test -e "$f" && echo "DONE $f $(cat "$f")"; done; pgrep -f "[g]i70_(a_exact_std|b_guided_hilbert|c_c1_msolve|d_c1_slimgb)_fleet.sh" >/dev/null || break; sleep 55; done
  11567    4129    4124       0  3956   9748  0.0 awk             awk NR==1 || /Singular|msolve|run_guided.py|guided_gb.py/
POLL_UTC=2026-09-05T18:31:57Z
               total        used        free      shared  buff/cache   available
Mem:     532326555648 117229125632 417137344512     3428352  1842540544 415097430016
Swap:              0           0           0
    PID    PPID    PGID ELAPSED   RSS    VSZ %MEM COMMAND         COMMAND
   3822    3815    3822    5464  2196   6148  0.0 timeout         timeout --signal=TERM --kill-after=60s 10200s /usr/bin/time -v -o /home/ubuntu/jc2/box/gi70-longsolve-20260905/results/a_exact_std/time-v.txt stdbuf -oL Singular --no-rc -q /home/ubuntu/jc2/box/gi70-longsolve-20260905/inputs/a_exact_std.sing
   3826    3822    3822    5464  1648   2720  0.0 time            /usr/bin/time -v -o /home/ubuntu/jc2/box/gi70-longsolve-20260905/results/a_exact_std/time-v.txt stdbuf -oL Singular --no-rc -q /home/ubuntu/jc2/box/gi70-longsolve-20260905/inputs/a_exact_std.sing
   3830    3826    3822    5464 10997312 11017748  2.1 Singular   Singular --no-rc -q /home/ubuntu/jc2/box/gi70-longsolve-20260905/inputs/a_exact_std.sing
   3957    3950    3957    5410  2196   6148  0.0 timeout         timeout --signal=TERM --kill-after=60s 10200s /usr/bin/time -v -o /home/ubuntu/jc2/box/gi70-longsolve-20260905/results/b_guided_hilbert/time-v.txt stdbuf -oL python3 /home/ubuntu/jc2/box/gi70-longsolve-20260905/run_guided.py
   3961    3957    3957    5410  1652   2720  0.0 time            /usr/bin/time -v -o /home/ubuntu/jc2/box/gi70-longsolve-20260905/results/b_guided_hilbert/time-v.txt stdbuf -oL python3 /home/ubuntu/jc2/box/gi70-longsolve-20260905/run_guided.py
   3962    3961    3957    5410 19944  29176  0.0 python3         python3 /home/ubuntu/jc2/box/gi70-longsolve-20260905/run_guided.py
   3966    3962    3957    5410 63067712 63088340 12.1 Singular   Singular --no-rc -q /home/ubuntu/jc2/box/gi70-longsolve-20260905/inputs/b_hilbert_seed_p32003.sing
   4016       1    4015    5405  2100   7748  0.0 bash            bash -c cd /home/ubuntu/jc2/box/moh14-charts-20260905 && setsid bash -c 'timeout 10320 stdbuf -oL bash classes/../../gi70-longsolve-20260905/jobs/gi70_c_c1_msolve_fleet.sh > $HOME/gi70_c_c1_msolve.log 2>&1' </dev/null >/dev/null 2>&1 & echo LAUNCHED gi70_c_c1_msolve pid=$!
   4017    4016    4017    5405  3544   7748  0.0 bash            bash -c timeout 10320 stdbuf -oL bash classes/../../gi70-longsolve-20260905/jobs/gi70_c_c1_msolve_fleet.sh > $HOME/gi70_c_c1_msolve.log 2>&1
   4018    4017    4018    5405  2164   6128  0.0 timeout         timeout 10320 stdbuf -oL bash classes/../../gi70-longsolve-20260905/jobs/gi70_c_c1_msolve_fleet.sh
   4019    4018    4018    5405  3612   7896  0.0 bash            bash classes/../../gi70-longsolve-20260905/jobs/gi70_c_c1_msolve_fleet.sh
   4030    4019    4018    5405  2260   7764  0.0 bash            bash classes/../../gi70-longsolve-20260905/jobs/gi70_c_c1_msolve_fleet.sh
   4033    4019    4033    5405  2188   6148  0.0 timeout         timeout --signal=TERM --kill-after=60s 10200s /usr/bin/time -v -o /home/ubuntu/jc2/box/gi70-longsolve-20260905/results/c_c1_msolve/time-v.txt stdbuf -oL msolve -g 2 -t 32 -v 2 -l 44 -m 2000 -f /home/ubuntu/jc2/box/gi70-longsolve-20260905/inputs/c_c1_p1073741827.ms -o /home/ubuntu/jc2/box/gi70-longsolve-20260905/results/c_c1_msolve/msolve.out
   4035    4033    4018    5405  2004   6148  0.0 tee             tee /home/ubuntu/jc2/box/gi70-longsolve-20260905/results/c_c1_msolve/stdout.log
   4036    4033    4018    5405  2004   6148  0.0 tee             tee /home/ubuntu/jc2/box/gi70-longsolve-20260905/results/c_c1_msolve/stderr.log
   4037    4033    4033    5405  1652   2720  0.0 time            /usr/bin/time -v -o /home/ubuntu/jc2/box/gi70-longsolve-20260905/results/c_c1_msolve/time-v.txt stdbuf -oL msolve -g 2 -t 32 -v 2 -l 44 -m 2000 -f /home/ubuntu/jc2/box/gi70-longsolve-20260905/inputs/c_c1_p1073741827.ms -o /home/ubuntu/jc2/box/gi70-longsolve-20260905/results/c_c1_msolve/msolve.out
   4040    4037    4033    5405 33965000 50623232  6.5 msolve     msolve -g 2 -t 32 -v 2 -l 44 -m 2000 -f /home/ubuntu/jc2/box/gi70-longsolve-20260905/inputs/c_c1_p1073741827.ms -o /home/ubuntu/jc2/box/gi70-longsolve-20260905/results/c_c1_msolve/msolve.out
   4132    4125    4132    5400  2192   6148  0.0 timeout         timeout --signal=TERM --kill-after=60s 10200s /usr/bin/time -v -o /home/ubuntu/jc2/box/gi70-longsolve-20260905/results/d_c1_slimgb/time-v.txt stdbuf -oL Singular --no-rc -q /home/ubuntu/jc2/box/gi70-longsolve-20260905/inputs/d_c1_slimgb.sing
   4136    4132    4132    5400  1648   2720  0.0 time            /usr/bin/time -v -o /home/ubuntu/jc2/box/gi70-longsolve-20260905/results/d_c1_slimgb/time-v.txt stdbuf -oL Singular --no-rc -q /home/ubuntu/jc2/box/gi70-longsolve-20260905/inputs/d_c1_slimgb.sing
   4137    4136    4132    5400 1512712 1532640  0.2 Singular     Singular --no-rc -q /home/ubuntu/jc2/box/gi70-longsolve-20260905/inputs/d_c1_slimgb.sing
   4519    4518    4519    5288  3588   7832  0.0 bash            bash -c while true; do date -u +TICK=%Y-%m-%dT%H:%M:%SZ; ps -C Singular -C msolve -C python3 -o pid=,etimes=,rss=,comm=,args= | grep -E "a_exact_std|b_hilbert|c_c1|d_c1|run_guided" || true; for f in /home/ubuntu/jc2/box/gi70-longsolve-20260905/results/*/returncode.txt; do test -e "$f" && echo "DONE $f $(cat "$f")"; done; pgrep -f "[g]i70_(a_exact_std|b_guided_hilbert|c_c1_msolve|d_c1_slimgb)_fleet.sh" >/dev/null || break; sleep 55; done
  11695    4129    4124       0  3912   9748  0.0 awk             awk NR==1 || /Singular|msolve|run_guided.py|guided_gb.py/
POLL_UTC=2026-09-05T18:46:57Z
               total        used        free      shared  buff/cache   available
Mem:     532326555648 120343511040 414022430720     3428352  1843105792 411983044608
Swap:              0           0           0
    PID    PPID    PGID ELAPSED   RSS    VSZ %MEM COMMAND         COMMAND
   3822    3815    3822    6364  2196   6148  0.0 timeout         timeout --signal=TERM --kill-after=60s 10200s /usr/bin/time -v -o /home/ubuntu/jc2/box/gi70-longsolve-20260905/results/a_exact_std/time-v.txt stdbuf -oL Singular --no-rc -q /home/ubuntu/jc2/box/gi70-longsolve-20260905/inputs/a_exact_std.sing
   3826    3822    3822    6364  1648   2720  0.0 time            /usr/bin/time -v -o /home/ubuntu/jc2/box/gi70-longsolve-20260905/results/a_exact_std/time-v.txt stdbuf -oL Singular --no-rc -q /home/ubuntu/jc2/box/gi70-longsolve-20260905/inputs/a_exact_std.sing
   3830    3826    3822    6364 11137908 11158320  2.1 Singular   Singular --no-rc -q /home/ubuntu/jc2/box/gi70-longsolve-20260905/inputs/a_exact_std.sing
   3957    3950    3957    6310  2196   6148  0.0 timeout         timeout --signal=TERM --kill-after=60s 10200s /usr/bin/time -v -o /home/ubuntu/jc2/box/gi70-longsolve-20260905/results/b_guided_hilbert/time-v.txt stdbuf -oL python3 /home/ubuntu/jc2/box/gi70-longsolve-20260905/run_guided.py
   3961    3957    3957    6310  1652   2720  0.0 time            /usr/bin/time -v -o /home/ubuntu/jc2/box/gi70-longsolve-20260905/results/b_guided_hilbert/time-v.txt stdbuf -oL python3 /home/ubuntu/jc2/box/gi70-longsolve-20260905/run_guided.py
   3962    3961    3957    6310 19944  29176  0.0 python3         python3 /home/ubuntu/jc2/box/gi70-longsolve-20260905/run_guided.py
   3966    3962    3957    6310 63428172 63448804 12.2 Singular   Singular --no-rc -q /home/ubuntu/jc2/box/gi70-longsolve-20260905/inputs/b_hilbert_seed_p32003.sing
   4016       1    4015    6305  2100   7748  0.0 bash            bash -c cd /home/ubuntu/jc2/box/moh14-charts-20260905 && setsid bash -c 'timeout 10320 stdbuf -oL bash classes/../../gi70-longsolve-20260905/jobs/gi70_c_c1_msolve_fleet.sh > $HOME/gi70_c_c1_msolve.log 2>&1' </dev/null >/dev/null 2>&1 & echo LAUNCHED gi70_c_c1_msolve pid=$!
   4017    4016    4017    6305  3544   7748  0.0 bash            bash -c timeout 10320 stdbuf -oL bash classes/../../gi70-longsolve-20260905/jobs/gi70_c_c1_msolve_fleet.sh > $HOME/gi70_c_c1_msolve.log 2>&1
   4018    4017    4018    6305  2164   6128  0.0 timeout         timeout 10320 stdbuf -oL bash classes/../../gi70-longsolve-20260905/jobs/gi70_c_c1_msolve_fleet.sh
   4019    4018    4018    6305  3612   7896  0.0 bash            bash classes/../../gi70-longsolve-20260905/jobs/gi70_c_c1_msolve_fleet.sh
   4030    4019    4018    6305  2260   7764  0.0 bash            bash classes/../../gi70-longsolve-20260905/jobs/gi70_c_c1_msolve_fleet.sh
   4033    4019    4033    6305  2188   6148  0.0 timeout         timeout --signal=TERM --kill-after=60s 10200s /usr/bin/time -v -o /home/ubuntu/jc2/box/gi70-longsolve-20260905/results/c_c1_msolve/time-v.txt stdbuf -oL msolve -g 2 -t 32 -v 2 -l 44 -m 2000 -f /home/ubuntu/jc2/box/gi70-longsolve-20260905/inputs/c_c1_p1073741827.ms -o /home/ubuntu/jc2/box/gi70-longsolve-20260905/results/c_c1_msolve/msolve.out
   4035    4033    4018    6305  2004   6148  0.0 tee             tee /home/ubuntu/jc2/box/gi70-longsolve-20260905/results/c_c1_msolve/stdout.log
   4036    4033    4018    6305  2004   6148  0.0 tee             tee /home/ubuntu/jc2/box/gi70-longsolve-20260905/results/c_c1_msolve/stderr.log
   4037    4033    4033    6305  1652   2720  0.0 time            /usr/bin/time -v -o /home/ubuntu/jc2/box/gi70-longsolve-20260905/results/c_c1_msolve/time-v.txt stdbuf -oL msolve -g 2 -t 32 -v 2 -l 44 -m 2000 -f /home/ubuntu/jc2/box/gi70-longsolve-20260905/inputs/c_c1_p1073741827.ms -o /home/ubuntu/jc2/box/gi70-longsolve-20260905/results/c_c1_msolve/msolve.out
   4040    4037    4033    6305 36250488 52225432  6.9 msolve     msolve -g 2 -t 32 -v 2 -l 44 -m 2000 -f /home/ubuntu/jc2/box/gi70-longsolve-20260905/inputs/c_c1_p1073741827.ms -o /home/ubuntu/jc2/box/gi70-longsolve-20260905/results/c_c1_msolve/msolve.out
   4132    4125    4132    6300  2192   6148  0.0 timeout         timeout --signal=TERM --kill-after=60s 10200s /usr/bin/time -v -o /home/ubuntu/jc2/box/gi70-longsolve-20260905/results/d_c1_slimgb/time-v.txt stdbuf -oL Singular --no-rc -q /home/ubuntu/jc2/box/gi70-longsolve-20260905/inputs/d_c1_slimgb.sing
   4136    4132    4132    6300  1648   2720  0.0 time            /usr/bin/time -v -o /home/ubuntu/jc2/box/gi70-longsolve-20260905/results/d_c1_slimgb/time-v.txt stdbuf -oL Singular --no-rc -q /home/ubuntu/jc2/box/gi70-longsolve-20260905/inputs/d_c1_slimgb.sing
   4137    4136    4132    6300 1774648 1794576  0.3 Singular     Singular --no-rc -q /home/ubuntu/jc2/box/gi70-longsolve-20260905/inputs/d_c1_slimgb.sing
   4519    4518    4519    6188  3588   7832  0.0 bash            bash -c while true; do date -u +TICK=%Y-%m-%dT%H:%M:%SZ; ps -C Singular -C msolve -C python3 -o pid=,etimes=,rss=,comm=,args= | grep -E "a_exact_std|b_hilbert|c_c1|d_c1|run_guided" || true; for f in /home/ubuntu/jc2/box/gi70-longsolve-20260905/results/*/returncode.txt; do test -e "$f" && echo "DONE $f $(cat "$f")"; done; pgrep -f "[g]i70_(a_exact_std|b_guided_hilbert|c_c1_msolve|d_c1_slimgb)_fleet.sh" >/dev/null || break; sleep 55; done
  12151    4129    4124       0  3968   9748  0.0 awk             awk NR==1 || /Singular|msolve|run_guided.py|guided_gb.py/
POLL_UTC=2026-09-05T19:01:57Z
               total        used        free      shared  buff/cache   available
Mem:     532326555648 127522070528 406843654144     3428352  1843355648 404804485120
Swap:              0           0           0
    PID    PPID    PGID ELAPSED   RSS    VSZ %MEM COMMAND         COMMAND
   3822    3815    3822    7264  2196   6148  0.0 timeout         timeout --signal=TERM --kill-after=60s 10200s /usr/bin/time -v -o /home/ubuntu/jc2/box/gi70-longsolve-20260905/results/a_exact_std/time-v.txt stdbuf -oL Singular --no-rc -q /home/ubuntu/jc2/box/gi70-longsolve-20260905/inputs/a_exact_std.sing
   3826    3822    3822    7264  1648   2720  0.0 time            /usr/bin/time -v -o /home/ubuntu/jc2/box/gi70-longsolve-20260905/results/a_exact_std/time-v.txt stdbuf -oL Singular --no-rc -q /home/ubuntu/jc2/box/gi70-longsolve-20260905/inputs/a_exact_std.sing
   3830    3826    3822    7264 11018520 11038864  2.1 Singular   Singular --no-rc -q /home/ubuntu/jc2/box/gi70-longsolve-20260905/inputs/a_exact_std.sing
   3957    3950    3957    7210  2196   6148  0.0 timeout         timeout --signal=TERM --kill-after=60s 10200s /usr/bin/time -v -o /home/ubuntu/jc2/box/gi70-longsolve-20260905/results/b_guided_hilbert/time-v.txt stdbuf -oL python3 /home/ubuntu/jc2/box/gi70-longsolve-20260905/run_guided.py
   3961    3957    3957    7210  1652   2720  0.0 time            /usr/bin/time -v -o /home/ubuntu/jc2/box/gi70-longsolve-20260905/results/b_guided_hilbert/time-v.txt stdbuf -oL python3 /home/ubuntu/jc2/box/gi70-longsolve-20260905/run_guided.py
   3962    3961    3957    7210 19944  29176  0.0 python3         python3 /home/ubuntu/jc2/box/gi70-longsolve-20260905/run_guided.py
   3966    3962    3957    7210 68296496 68317312 13.1 Singular   Singular --no-rc -q /home/ubuntu/jc2/box/gi70-longsolve-20260905/inputs/b_hilbert_seed_p32003.sing
   4016       1    4015    7205  2100   7748  0.0 bash            bash -c cd /home/ubuntu/jc2/box/moh14-charts-20260905 && setsid bash -c 'timeout 10320 stdbuf -oL bash classes/../../gi70-longsolve-20260905/jobs/gi70_c_c1_msolve_fleet.sh > $HOME/gi70_c_c1_msolve.log 2>&1' </dev/null >/dev/null 2>&1 & echo LAUNCHED gi70_c_c1_msolve pid=$!
   4017    4016    4017    7205  3544   7748  0.0 bash            bash -c timeout 10320 stdbuf -oL bash classes/../../gi70-longsolve-20260905/jobs/gi70_c_c1_msolve_fleet.sh > $HOME/gi70_c_c1_msolve.log 2>&1
   4018    4017    4018    7205  2164   6128  0.0 timeout         timeout 10320 stdbuf -oL bash classes/../../gi70-longsolve-20260905/jobs/gi70_c_c1_msolve_fleet.sh
   4019    4018    4018    7205  3612   7896  0.0 bash            bash classes/../../gi70-longsolve-20260905/jobs/gi70_c_c1_msolve_fleet.sh
   4030    4019    4018    7205  2260   7764  0.0 bash            bash classes/../../gi70-longsolve-20260905/jobs/gi70_c_c1_msolve_fleet.sh
   4033    4019    4033    7205  2188   6148  0.0 timeout         timeout --signal=TERM --kill-after=60s 10200s /usr/bin/time -v -o /home/ubuntu/jc2/box/gi70-longsolve-20260905/results/c_c1_msolve/time-v.txt stdbuf -oL msolve -g 2 -t 32 -v 2 -l 44 -m 2000 -f /home/ubuntu/jc2/box/gi70-longsolve-20260905/inputs/c_c1_p1073741827.ms -o /home/ubuntu/jc2/box/gi70-longsolve-20260905/results/c_c1_msolve/msolve.out
   4035    4033    4018    7205  2004   6148  0.0 tee             tee /home/ubuntu/jc2/box/gi70-longsolve-20260905/results/c_c1_msolve/stdout.log
   4036    4033    4018    7205  2004   6148  0.0 tee             tee /home/ubuntu/jc2/box/gi70-longsolve-20260905/results/c_c1_msolve/stderr.log
   4037    4033    4033    7205  1652   2720  0.0 time            /usr/bin/time -v -o /home/ubuntu/jc2/box/gi70-longsolve-20260905/results/c_c1_msolve/time-v.txt stdbuf -oL msolve -g 2 -t 32 -v 2 -l 44 -m 2000 -f /home/ubuntu/jc2/box/gi70-longsolve-20260905/inputs/c_c1_p1073741827.ms -o /home/ubuntu/jc2/box/gi70-longsolve-20260905/results/c_c1_msolve/msolve.out
   4040    4037    4033    7205 38478124 52218016  7.4 msolve     msolve -g 2 -t 32 -v 2 -l 44 -m 2000 -f /home/ubuntu/jc2/box/gi70-longsolve-20260905/inputs/c_c1_p1073741827.ms -o /home/ubuntu/jc2/box/gi70-longsolve-20260905/results/c_c1_msolve/msolve.out
   4132    4125    4132    7200  2192   6148  0.0 timeout         timeout --signal=TERM --kill-after=60s 10200s /usr/bin/time -v -o /home/ubuntu/jc2/box/gi70-longsolve-20260905/results/d_c1_slimgb/time-v.txt stdbuf -oL Singular --no-rc -q /home/ubuntu/jc2/box/gi70-longsolve-20260905/inputs/d_c1_slimgb.sing
   4136    4132    4132    7200  1648   2720  0.0 time            /usr/bin/time -v -o /home/ubuntu/jc2/box/gi70-longsolve-20260905/results/d_c1_slimgb/time-v.txt stdbuf -oL Singular --no-rc -q /home/ubuntu/jc2/box/gi70-longsolve-20260905/inputs/d_c1_slimgb.sing
   4137    4136    4132    7200 1814660 1834684  0.3 Singular     Singular --no-rc -q /home/ubuntu/jc2/box/gi70-longsolve-20260905/inputs/d_c1_slimgb.sing
   4519    4518    4519    7088  3588   7832  0.0 bash            bash -c while true; do date -u +TICK=%Y-%m-%dT%H:%M:%SZ; ps -C Singular -C msolve -C python3 -o pid=,etimes=,rss=,comm=,args= | grep -E "a_exact_std|b_hilbert|c_c1|d_c1|run_guided" || true; for f in /home/ubuntu/jc2/box/gi70-longsolve-20260905/results/*/returncode.txt; do test -e "$f" && echo "DONE $f $(cat "$f")"; done; pgrep -f "[g]i70_(a_exact_std|b_guided_hilbert|c_c1_msolve|d_c1_slimgb)_fleet.sh" >/dev/null || break; sleep 55; done
  12274    4129    4124       0  3932   9748  0.0 awk             awk NR==1 || /Singular|msolve|run_guided.py|guided_gb.py/
POLL_UTC=2026-09-05T19:16:57Z
               total        used        free      shared  buff/cache   available
Mem:     532326555648 141391839232 392973688832     3428352  1843548160 390934716416
Swap:              0           0           0
    PID    PPID    PGID ELAPSED   RSS    VSZ %MEM COMMAND         COMMAND
   3822    3815    3822    8164  2196   6148  0.0 timeout         timeout --signal=TERM --kill-after=60s 10200s /usr/bin/time -v -o /home/ubuntu/jc2/box/gi70-longsolve-20260905/results/a_exact_std/time-v.txt stdbuf -oL Singular --no-rc -q /home/ubuntu/jc2/box/gi70-longsolve-20260905/inputs/a_exact_std.sing
   3826    3822    3822    8164  1648   2720  0.0 time            /usr/bin/time -v -o /home/ubuntu/jc2/box/gi70-longsolve-20260905/results/a_exact_std/time-v.txt stdbuf -oL Singular --no-rc -q /home/ubuntu/jc2/box/gi70-longsolve-20260905/inputs/a_exact_std.sing
   3830    3826    3822    8164 11473600 11494904  2.2 Singular   Singular --no-rc -q /home/ubuntu/jc2/box/gi70-longsolve-20260905/inputs/a_exact_std.sing
   3957    3950    3957    8110  2196   6148  0.0 timeout         timeout --signal=TERM --kill-after=60s 10200s /usr/bin/time -v -o /home/ubuntu/jc2/box/gi70-longsolve-20260905/results/b_guided_hilbert/time-v.txt stdbuf -oL python3 /home/ubuntu/jc2/box/gi70-longsolve-20260905/run_guided.py
   3961    3957    3957    8110  1652   2720  0.0 time            /usr/bin/time -v -o /home/ubuntu/jc2/box/gi70-longsolve-20260905/results/b_guided_hilbert/time-v.txt stdbuf -oL python3 /home/ubuntu/jc2/box/gi70-longsolve-20260905/run_guided.py
   3962    3961    3957    8110 19944  29176  0.0 python3         python3 /home/ubuntu/jc2/box/gi70-longsolve-20260905/run_guided.py
   3966    3962    3957    8110 79276888 79297468 15.2 Singular   Singular --no-rc -q /home/ubuntu/jc2/box/gi70-longsolve-20260905/inputs/b_hilbert_seed_p32003.sing
   4016       1    4015    8105  2100   7748  0.0 bash            bash -c cd /home/ubuntu/jc2/box/moh14-charts-20260905 && setsid bash -c 'timeout 10320 stdbuf -oL bash classes/../../gi70-longsolve-20260905/jobs/gi70_c_c1_msolve_fleet.sh > $HOME/gi70_c_c1_msolve.log 2>&1' </dev/null >/dev/null 2>&1 & echo LAUNCHED gi70_c_c1_msolve pid=$!
   4017    4016    4017    8105  3544   7748  0.0 bash            bash -c timeout 10320 stdbuf -oL bash classes/../../gi70-longsolve-20260905/jobs/gi70_c_c1_msolve_fleet.sh > $HOME/gi70_c_c1_msolve.log 2>&1
   4018    4017    4018    8105  2164   6128  0.0 timeout         timeout 10320 stdbuf -oL bash classes/../../gi70-longsolve-20260905/jobs/gi70_c_c1_msolve_fleet.sh
   4019    4018    4018    8105  3612   7896  0.0 bash            bash classes/../../gi70-longsolve-20260905/jobs/gi70_c_c1_msolve_fleet.sh
   4030    4019    4018    8105  2260   7764  0.0 bash            bash classes/../../gi70-longsolve-20260905/jobs/gi70_c_c1_msolve_fleet.sh
   4033    4019    4033    8105  2188   6148  0.0 timeout         timeout --signal=TERM --kill-after=60s 10200s /usr/bin/time -v -o /home/ubuntu/jc2/box/gi70-longsolve-20260905/results/c_c1_msolve/time-v.txt stdbuf -oL msolve -g 2 -t 32 -v 2 -l 44 -m 2000 -f /home/ubuntu/jc2/box/gi70-longsolve-20260905/inputs/c_c1_p1073741827.ms -o /home/ubuntu/jc2/box/gi70-longsolve-20260905/results/c_c1_msolve/msolve.out
   4035    4033    4018    8105  2004   6148  0.0 tee             tee /home/ubuntu/jc2/box/gi70-longsolve-20260905/results/c_c1_msolve/stdout.log
   4036    4033    4018    8105  2004   6148  0.0 tee             tee /home/ubuntu/jc2/box/gi70-longsolve-20260905/results/c_c1_msolve/stderr.log
   4037    4033    4033    8105  1652   2720  0.0 time            /usr/bin/time -v -o /home/ubuntu/jc2/box/gi70-longsolve-20260905/results/c_c1_msolve/time-v.txt stdbuf -oL msolve -g 2 -t 32 -v 2 -l 44 -m 2000 -f /home/ubuntu/jc2/box/gi70-longsolve-20260905/inputs/c_c1_p1073741827.ms -o /home/ubuntu/jc2/box/gi70-longsolve-20260905/results/c_c1_msolve/msolve.out
   4040    4037    4033    8105 39734892 52235868  7.6 msolve     msolve -g 2 -t 32 -v 2 -l 44 -m 2000 -f /home/ubuntu/jc2/box/gi70-longsolve-20260905/inputs/c_c1_p1073741827.ms -o /home/ubuntu/jc2/box/gi70-longsolve-20260905/results/c_c1_msolve/msolve.out
   4132    4125    4132    8100  2192   6148  0.0 timeout         timeout --signal=TERM --kill-after=60s 10200s /usr/bin/time -v -o /home/ubuntu/jc2/box/gi70-longsolve-20260905/results/d_c1_slimgb/time-v.txt stdbuf -oL Singular --no-rc -q /home/ubuntu/jc2/box/gi70-longsolve-20260905/inputs/d_c1_slimgb.sing
   4136    4132    4132    8100  1648   2720  0.0 time            /usr/bin/time -v -o /home/ubuntu/jc2/box/gi70-longsolve-20260905/results/d_c1_slimgb/time-v.txt stdbuf -oL Singular --no-rc -q /home/ubuntu/jc2/box/gi70-longsolve-20260905/inputs/d_c1_slimgb.sing
   4137    4136    4132    8100 2532352 2552280  0.4 Singular     Singular --no-rc -q /home/ubuntu/jc2/box/gi70-longsolve-20260905/inputs/d_c1_slimgb.sing
   4519    4518    4519    7988  3588   7832  0.0 bash            bash -c while true; do date -u +TICK=%Y-%m-%dT%H:%M:%SZ; ps -C Singular -C msolve -C python3 -o pid=,etimes=,rss=,comm=,args= | grep -E "a_exact_std|b_hilbert|c_c1|d_c1|run_guided" || true; for f in /home/ubuntu/jc2/box/gi70-longsolve-20260905/results/*/returncode.txt; do test -e "$f" && echo "DONE $f $(cat "$f")"; done; pgrep -f "[g]i70_(a_exact_std|b_guided_hilbert|c_c1_msolve|d_c1_slimgb)_fleet.sh" >/dev/null || break; sleep 55; done
  12396    4129    4124       0  3908   9748  0.0 awk             awk NR==1 || /Singular|msolve|run_guided.py|guided_gb.py/
POLL_UTC=2026-09-05T19:31:57Z
               total        used        free      shared  buff/cache   available
Mem:     532326555648 150928556032 383436746752     3428352  1843789824 381397999616
Swap:              0           0           0
    PID    PPID    PGID ELAPSED   RSS    VSZ %MEM COMMAND         COMMAND
   3822    3815    3822    9064  2196   6148  0.0 timeout         timeout --signal=TERM --kill-after=60s 10200s /usr/bin/time -v -o /home/ubuntu/jc2/box/gi70-longsolve-20260905/results/a_exact_std/time-v.txt stdbuf -oL Singular --no-rc -q /home/ubuntu/jc2/box/gi70-longsolve-20260905/inputs/a_exact_std.sing
   3826    3822    3822    9064  1648   2720  0.0 time            /usr/bin/time -v -o /home/ubuntu/jc2/box/gi70-longsolve-20260905/results/a_exact_std/time-v.txt stdbuf -oL Singular --no-rc -q /home/ubuntu/jc2/box/gi70-longsolve-20260905/inputs/a_exact_std.sing
   3830    3826    3822    9064 11366360 11386660  2.1 Singular   Singular --no-rc -q /home/ubuntu/jc2/box/gi70-longsolve-20260905/inputs/a_exact_std.sing
   3957    3950    3957    9010  2196   6148  0.0 timeout         timeout --signal=TERM --kill-after=60s 10200s /usr/bin/time -v -o /home/ubuntu/jc2/box/gi70-longsolve-20260905/results/b_guided_hilbert/time-v.txt stdbuf -oL python3 /home/ubuntu/jc2/box/gi70-longsolve-20260905/run_guided.py
   3961    3957    3957    9010  1652   2720  0.0 time            /usr/bin/time -v -o /home/ubuntu/jc2/box/gi70-longsolve-20260905/results/b_guided_hilbert/time-v.txt stdbuf -oL python3 /home/ubuntu/jc2/box/gi70-longsolve-20260905/run_guided.py
   3962    3961    3957    9010 19944  29176  0.0 python3         python3 /home/ubuntu/jc2/box/gi70-longsolve-20260905/run_guided.py
   3966    3962    3957    9010 87788964 87809476 16.8 Singular   Singular --no-rc -q /home/ubuntu/jc2/box/gi70-longsolve-20260905/inputs/b_hilbert_seed_p32003.sing
   4016       1    4015    9005  2100   7748  0.0 bash            bash -c cd /home/ubuntu/jc2/box/moh14-charts-20260905 && setsid bash -c 'timeout 10320 stdbuf -oL bash classes/../../gi70-longsolve-20260905/jobs/gi70_c_c1_msolve_fleet.sh > $HOME/gi70_c_c1_msolve.log 2>&1' </dev/null >/dev/null 2>&1 & echo LAUNCHED gi70_c_c1_msolve pid=$!
   4017    4016    4017    9005  3544   7748  0.0 bash            bash -c timeout 10320 stdbuf -oL bash classes/../../gi70-longsolve-20260905/jobs/gi70_c_c1_msolve_fleet.sh > $HOME/gi70_c_c1_msolve.log 2>&1
   4018    4017    4018    9005  2164   6128  0.0 timeout         timeout 10320 stdbuf -oL bash classes/../../gi70-longsolve-20260905/jobs/gi70_c_c1_msolve_fleet.sh
   4019    4018    4018    9005  3612   7896  0.0 bash            bash classes/../../gi70-longsolve-20260905/jobs/gi70_c_c1_msolve_fleet.sh
   4030    4019    4018    9005  2260   7764  0.0 bash            bash classes/../../gi70-longsolve-20260905/jobs/gi70_c_c1_msolve_fleet.sh
   4033    4019    4033    9005  2188   6148  0.0 timeout         timeout --signal=TERM --kill-after=60s 10200s /usr/bin/time -v -o /home/ubuntu/jc2/box/gi70-longsolve-20260905/results/c_c1_msolve/time-v.txt stdbuf -oL msolve -g 2 -t 32 -v 2 -l 44 -m 2000 -f /home/ubuntu/jc2/box/gi70-longsolve-20260905/inputs/c_c1_p1073741827.ms -o /home/ubuntu/jc2/box/gi70-longsolve-20260905/results/c_c1_msolve/msolve.out
   4035    4033    4018    9005  2004   6148  0.0 tee             tee /home/ubuntu/jc2/box/gi70-longsolve-20260905/results/c_c1_msolve/stdout.log
   4036    4033    4018    9005  2004   6148  0.0 tee             tee /home/ubuntu/jc2/box/gi70-longsolve-20260905/results/c_c1_msolve/stderr.log
   4037    4033    4033    9005  1652   2720  0.0 time            /usr/bin/time -v -o /home/ubuntu/jc2/box/gi70-longsolve-20260905/results/c_c1_msolve/time-v.txt stdbuf -oL msolve -g 2 -t 32 -v 2 -l 44 -m 2000 -f /home/ubuntu/jc2/box/gi70-longsolve-20260905/inputs/c_c1_p1073741827.ms -o /home/ubuntu/jc2/box/gi70-longsolve-20260905/results/c_c1_msolve/msolve.out
   4040    4037    4033    9005 40926352 52218436  7.8 msolve     msolve -g 2 -t 32 -v 2 -l 44 -m 2000 -f /home/ubuntu/jc2/box/gi70-longsolve-20260905/inputs/c_c1_p1073741827.ms -o /home/ubuntu/jc2/box/gi70-longsolve-20260905/results/c_c1_msolve/msolve.out
   4132    4125    4132    9000  2192   6148  0.0 timeout         timeout --signal=TERM --kill-after=60s 10200s /usr/bin/time -v -o /home/ubuntu/jc2/box/gi70-longsolve-20260905/results/d_c1_slimgb/time-v.txt stdbuf -oL Singular --no-rc -q /home/ubuntu/jc2/box/gi70-longsolve-20260905/inputs/d_c1_slimgb.sing
   4136    4132    4132    9000  1648   2720  0.0 time            /usr/bin/time -v -o /home/ubuntu/jc2/box/gi70-longsolve-20260905/results/d_c1_slimgb/time-v.txt stdbuf -oL Singular --no-rc -q /home/ubuntu/jc2/box/gi70-longsolve-20260905/inputs/d_c1_slimgb.sing
   4137    4136    4132    9000 2262516 2282444  0.4 Singular     Singular --no-rc -q /home/ubuntu/jc2/box/gi70-longsolve-20260905/inputs/d_c1_slimgb.sing
   4519    4518    4519    8888  3588   7832  0.0 bash            bash -c while true; do date -u +TICK=%Y-%m-%dT%H:%M:%SZ; ps -C Singular -C msolve -C python3 -o pid=,etimes=,rss=,comm=,args= | grep -E "a_exact_std|b_hilbert|c_c1|d_c1|run_guided" || true; for f in /home/ubuntu/jc2/box/gi70-longsolve-20260905/results/*/returncode.txt; do test -e "$f" && echo "DONE $f $(cat "$f")"; done; pgrep -f "[g]i70_(a_exact_std|b_guided_hilbert|c_c1_msolve|d_c1_slimgb)_fleet.sh" >/dev/null || break; sleep 55; done
  12832    4129    4124       0  3896   9748  0.0 awk             awk NR==1 || /Singular|msolve|run_guided.py|guided_gb.py/
POLL_UTC=2026-09-05T19:46:57Z
               total        used        free      shared  buff/cache   available
Mem:     532326555648 61690773504 472674164736     3428352  1844174848 470635782144
Swap:              0           0           0
    PID    PPID    PGID ELAPSED   RSS    VSZ %MEM COMMAND         COMMAND
   3822    3815    3822    9964  2196   6148  0.0 timeout         timeout --signal=TERM --kill-after=60s 10200s /usr/bin/time -v -o /home/ubuntu/jc2/box/gi70-longsolve-20260905/results/a_exact_std/time-v.txt stdbuf -oL Singular --no-rc -q /home/ubuntu/jc2/box/gi70-longsolve-20260905/inputs/a_exact_std.sing
   3826    3822    3822    9964  1648   2720  0.0 time            /usr/bin/time -v -o /home/ubuntu/jc2/box/gi70-longsolve-20260905/results/a_exact_std/time-v.txt stdbuf -oL Singular --no-rc -q /home/ubuntu/jc2/box/gi70-longsolve-20260905/inputs/a_exact_std.sing
   3830    3826    3822    9964 11371036 11391392  2.1 Singular   Singular --no-rc -q /home/ubuntu/jc2/box/gi70-longsolve-20260905/inputs/a_exact_std.sing
   4016       1    4015    9905  2100   7748  0.0 bash            bash -c cd /home/ubuntu/jc2/box/moh14-charts-20260905 && setsid bash -c 'timeout 10320 stdbuf -oL bash classes/../../gi70-longsolve-20260905/jobs/gi70_c_c1_msolve_fleet.sh > $HOME/gi70_c_c1_msolve.log 2>&1' </dev/null >/dev/null 2>&1 & echo LAUNCHED gi70_c_c1_msolve pid=$!
   4017    4016    4017    9905  3544   7748  0.0 bash            bash -c timeout 10320 stdbuf -oL bash classes/../../gi70-longsolve-20260905/jobs/gi70_c_c1_msolve_fleet.sh > $HOME/gi70_c_c1_msolve.log 2>&1
   4018    4017    4018    9905  2164   6128  0.0 timeout         timeout 10320 stdbuf -oL bash classes/../../gi70-longsolve-20260905/jobs/gi70_c_c1_msolve_fleet.sh
   4019    4018    4018    9905  3612   7896  0.0 bash            bash classes/../../gi70-longsolve-20260905/jobs/gi70_c_c1_msolve_fleet.sh
   4030    4019    4018    9905  2260   7764  0.0 bash            bash classes/../../gi70-longsolve-20260905/jobs/gi70_c_c1_msolve_fleet.sh
   4033    4019    4033    9905  2188   6148  0.0 timeout         timeout --signal=TERM --kill-after=60s 10200s /usr/bin/time -v -o /home/ubuntu/jc2/box/gi70-longsolve-20260905/results/c_c1_msolve/time-v.txt stdbuf -oL msolve -g 2 -t 32 -v 2 -l 44 -m 2000 -f /home/ubuntu/jc2/box/gi70-longsolve-20260905/inputs/c_c1_p1073741827.ms -o /home/ubuntu/jc2/box/gi70-longsolve-20260905/results/c_c1_msolve/msolve.out
   4035    4033    4018    9905  2004   6148  0.0 tee             tee /home/ubuntu/jc2/box/gi70-longsolve-20260905/results/c_c1_msolve/stdout.log
   4036    4033    4018    9905  2004   6148  0.0 tee             tee /home/ubuntu/jc2/box/gi70-longsolve-20260905/results/c_c1_msolve/stderr.log
   4037    4033    4033    9905  1652   2720  0.0 time            /usr/bin/time -v -o /home/ubuntu/jc2/box/gi70-longsolve-20260905/results/c_c1_msolve/time-v.txt stdbuf -oL msolve -g 2 -t 32 -v 2 -l 44 -m 2000 -f /home/ubuntu/jc2/box/gi70-longsolve-20260905/inputs/c_c1_p1073741827.ms -o /home/ubuntu/jc2/box/gi70-longsolve-20260905/results/c_c1_msolve/msolve.out
   4040    4037    4033    9905 41736680 52561392  8.0 msolve     msolve -g 2 -t 32 -v 2 -l 44 -m 2000 -f /home/ubuntu/jc2/box/gi70-longsolve-20260905/inputs/c_c1_p1073741827.ms -o /home/ubuntu/jc2/box/gi70-longsolve-20260905/results/c_c1_msolve/msolve.out
   4132    4125    4132    9900  2192   6148  0.0 timeout         timeout --signal=TERM --kill-after=60s 10200s /usr/bin/time -v -o /home/ubuntu/jc2/box/gi70-longsolve-20260905/results/d_c1_slimgb/time-v.txt stdbuf -oL Singular --no-rc -q /home/ubuntu/jc2/box/gi70-longsolve-20260905/inputs/d_c1_slimgb.sing
   4136    4132    4132    9900  1648   2720  0.0 time            /usr/bin/time -v -o /home/ubuntu/jc2/box/gi70-longsolve-20260905/results/d_c1_slimgb/time-v.txt stdbuf -oL Singular --no-rc -q /home/ubuntu/jc2/box/gi70-longsolve-20260905/inputs/d_c1_slimgb.sing
   4137    4136    4132    9900 2129656 2149584  0.4 Singular     Singular --no-rc -q /home/ubuntu/jc2/box/gi70-longsolve-20260905/inputs/d_c1_slimgb.sing
   4519    4518    4519    9788  3588   7832  0.0 bash            bash -c while true; do date -u +TICK=%Y-%m-%dT%H:%M:%SZ; ps -C Singular -C msolve -C python3 -o pid=,etimes=,rss=,comm=,args= | grep -E "a_exact_std|b_hilbert|c_c1|d_c1|run_guided" || true; for f in /home/ubuntu/jc2/box/gi70-longsolve-20260905/results/*/returncode.txt; do test -e "$f" && echo "DONE $f $(cat "$f")"; done; pgrep -f "[g]i70_(a_exact_std|b_guided_hilbert|c_c1_msolve|d_c1_slimgb)_fleet.sh" >/dev/null || break; sleep 55; done
  12947    4129    4124       0  3948   9748  0.0 awk             awk NR==1 || /Singular|msolve|run_guided.py|guided_gb.py/
