// ** redefining sat1 (LIB "primdec.lib";) /home/ubuntu/jobs/max12_812_order2_first_normal_jet_p32003_20260826T041900Z_box03/compiled/first_normal_jet_p32003.sing:2
// ** redefining sat2 (LIB "primdec.lib";) /home/ubuntu/jobs/max12_812_order2_first_normal_jet_p32003_20260826T041900Z_box03/compiled/first_normal_jet_p32003.sing:2
// ** redefining minSat (LIB "primdec.lib";) /home/ubuntu/jobs/max12_812_order2_first_normal_jet_p32003_20260826T041900Z_box03/compiled/first_normal_jet_p32003.sing:2
// ** redefining minSat (LIB "primdec.lib";) /home/ubuntu/jobs/max12_812_order2_first_normal_jet_p32003_20260826T041900Z_box03/compiled/first_normal_jet_p32003.sing:2
// ** redefining quotMin (LIB "primdec.lib";) /home/ubuntu/jobs/max12_812_order2_first_normal_jet_p32003_20260826T041900Z_box03/compiled/first_normal_jet_p32003.sing:2
// ** redefining testFactor (LIB "primdec.lib";) /home/ubuntu/jobs/max12_812_order2_first_normal_jet_p32003_20260826T041900Z_box03/compiled/first_normal_jet_p32003.sing:2
// ** redefining factor (LIB "primdec.lib";) /home/ubuntu/jobs/max12_812_order2_first_normal_jet_p32003_20260826T041900Z_box03/compiled/first_normal_jet_p32003.sing:2
// ** redefining idealsEqual (LIB "primdec.lib";) /home/ubuntu/jobs/max12_812_order2_first_normal_jet_p32003_20260826T041900Z_box03/compiled/first_normal_jet_p32003.sing:2
// ** redefining idealsEqual (LIB "primdec.lib";) /home/ubuntu/jobs/max12_812_order2_first_normal_jet_p32003_20260826T041900Z_box03/compiled/first_normal_jet_p32003.sing:2
// ** redefining specialIdealsEqual (LIB "primdec.lib";) /home/ubuntu/jobs/max12_812_order2_first_normal_jet_p32003_20260826T041900Z_box03/compiled/first_normal_jet_p32003.sing:2
// ** redefining stdIdealsEqual (LIB "primdec.lib";) /home/ubuntu/jobs/max12_812_order2_first_normal_jet_p32003_20260826T041900Z_box03/compiled/first_normal_jet_p32003.sing:2
// ** redefining primaryTest (LIB "primdec.lib";) /home/ubuntu/jobs/max12_812_order2_first_normal_jet_p32003_20260826T041900Z_box03/compiled/first_normal_jet_p32003.sing:2
// ** redefining primaryTest (LIB "primdec.lib";) /home/ubuntu/jobs/max12_812_order2_first_normal_jet_p32003_20260826T041900Z_box03/compiled/first_normal_jet_p32003.sing:2
// ** redefining gcdTest (LIB "primdec.lib";) /home/ubuntu/jobs/max12_812_order2_first_normal_jet_p32003_20260826T041900Z_box03/compiled/first_normal_jet_p32003.sing:2
// ** redefining gcdTest (LIB "primdec.lib";) /home/ubuntu/jobs/max12_812_order2_first_normal_jet_p32003_20260826T041900Z_box03/compiled/first_normal_jet_p32003.sing:2
// ** redefining splitPrimary (LIB "primdec.lib";) /home/ubuntu/jobs/max12_812_order2_first_normal_jet_p32003_20260826T041900Z_box03/compiled/first_normal_jet_p32003.sing:2
// ** redefining splitCharp (LIB "primdec.lib";) /home/ubuntu/jobs/max12_812_order2_first_normal_jet_p32003_20260826T041900Z_box03/compiled/first_normal_jet_p32003.sing:2
// ** redefining zero_decomp (LIB "primdec.lib";) /home/ubuntu/jobs/max12_812_order2_first_normal_jet_p32003_20260826T041900Z_box03/compiled/first_normal_jet_p32003.sing:2
// ** redefining zero_decomp (LIB "primdec.lib";) /home/ubuntu/jobs/max12_812_order2_first_normal_jet_p32003_20260826T041900Z_box03/compiled/first_normal_jet_p32003.sing:2
// ** redefining extF (LIB "primdec.lib";) /home/ubuntu/jobs/max12_812_order2_first_normal_jet_p32003_20260826T041900Z_box03/compiled/first_normal_jet_p32003.sing:2
// ** redefining extF (LIB "primdec.lib";) /home/ubuntu/jobs/max12_812_order2_first_normal_jet_p32003_20260826T041900Z_box03/compiled/first_normal_jet_p32003.sing:2
// ** redefining zeroSp (LIB "primdec.lib";) /home/ubuntu/jobs/max12_812_order2_first_normal_jet_p32003_20260826T041900Z_box03/compiled/first_normal_jet_p32003.sing:2
// ** redefining zeroSp (LIB "primdec.lib";) /home/ubuntu/jobs/max12_812_order2_first_normal_jet_p32003_20260826T041900Z_box03/compiled/first_normal_jet_p32003.sing:2
// ** redefining zeroSepClos (LIB "primdec.lib";) /home/ubuntu/jobs/max12_812_order2_first_normal_jet_p32003_20260826T041900Z_box03/compiled/first_normal_jet_p32003.sing:2
// ** redefining zeroSepClos (LIB "primdec.lib";) /home/ubuntu/jobs/max12_812_order2_first_normal_jet_p32003_20260826T041900Z_box03/compiled/first_normal_jet_p32003.sing:2
// ** redefining insepDecomp_i (LIB "primdec.lib";) /home/ubuntu/jobs/max12_812_order2_first_normal_jet_p32003_20260826T041900Z_box03/compiled/first_normal_jet_p32003.sing:2
// ** redefining insepDecomp_i (LIB "primdec.lib";) /home/ubuntu/jobs/max12_812_order2_first_normal_jet_p32003_20260826T041900Z_box03/compiled/first_normal_jet_p32003.sing:2
// ** redefining clearSB (LIB "primdec.lib";) /home/ubuntu/jobs/max12_812_order2_first_normal_jet_p32003_20260826T041900Z_box03/compiled/first_normal_jet_p32003.sing:2
// ** redefining clearSBNeu (LIB "primdec.lib";) /home/ubuntu/jobs/max12_812_order2_first_normal_jet_p32003_20260826T041900Z_box03/compiled/first_normal_jet_p32003.sing:2
// ** redefining teilt (LIB "primdec.lib";) /home/ubuntu/jobs/max12_812_order2_first_normal_jet_p32003_20260826T041900Z_box03/compiled/first_normal_jet_p32003.sing:2
// ** redefining independSet (LIB "primdec.lib";) /home/ubuntu/jobs/max12_812_order2_first_normal_jet_p32003_20260826T041900Z_box03/compiled/first_normal_jet_p32003.sing:2
// ** redefining maxIndependSet (LIB "primdec.lib";) /home/ubuntu/jobs/max12_812_order2_first_normal_jet_p32003_20260826T041900Z_box03/compiled/first_normal_jet_p32003.sing:2
// ** redefining prepareQuotientring (LIB "primdec.lib";) /home/ubuntu/jobs/max12_812_order2_first_normal_jet_p32003_20260826T041900Z_box03/compiled/first_normal_jet_p32003.sing:2
// ** redefining cleanPrimary (LIB "primdec.lib";) /home/ubuntu/jobs/max12_812_order2_first_normal_jet_p32003_20260826T041900Z_box03/compiled/first_normal_jet_p32003.sing:2
// ** redefining minAssPrimesoldE (LIB "primdec.lib";) /home/ubuntu/jobs/max12_812_order2_first_normal_jet_p32003_20260826T041900Z_box03/compiled/first_normal_jet_p32003.sing:2
// ** redefining minAssPrimesoldE (LIB "primdec.lib";) /home/ubuntu/jobs/max12_812_order2_first_normal_jet_p32003_20260826T041900Z_box03/compiled/first_normal_jet_p32003.sing:2
// ** redefining minAssPrimesold (LIB "primdec.lib";) /home/ubuntu/jobs/max12_812_order2_first_normal_jet_p32003_20260826T041900Z_box03/compiled/first_normal_jet_p32003.sing:2
// ** redefining minAssPrimesold (LIB "primdec.lib";) /home/ubuntu/jobs/max12_812_order2_first_normal_jet_p32003_20260826T041900Z_box03/compiled/first_normal_jet_p32003.sing:2
// ** redefining minAssPrimesold_i (LIB "primdec.lib";) /home/ubuntu/jobs/max12_812_order2_first_normal_jet_p32003_20260826T041900Z_box03/compiled/first_normal_jet_p32003.sing:2
// ** redefining primT (LIB "primdec.lib";) /home/ubuntu/jobs/max12_812_order2_first_normal_jet_p32003_20260826T041900Z_box03/compiled/first_normal_jet_p32003.sing:2
// ** redefining minAssPrimesE (LIB "primdec.lib";) /home/ubuntu/jobs/max12_812_order2_first_normal_jet_p32003_20260826T041900Z_box03/compiled/first_normal_jet_p32003.sing:2
// ** redefining minAssPrimes (LIB "primdec.lib";) /home/ubuntu/jobs/max12_812_order2_first_normal_jet_p32003_20260826T041900Z_box03/compiled/first_normal_jet_p32003.sing:2
// ** redefining minAssPrimes_i (LIB "primdec.lib";) /home/ubuntu/jobs/max12_812_order2_first_normal_jet_p32003_20260826T041900Z_box03/compiled/first_normal_jet_p32003.sing:2
// ** redefining union (LIB "primdec.lib";) /home/ubuntu/jobs/max12_812_order2_first_normal_jet_p32003_20260826T041900Z_box03/compiled/first_normal_jet_p32003.sing:2
// ** redefining equidim (LIB "primdec.lib";) /home/ubuntu/jobs/max12_812_order2_first_normal_jet_p32003_20260826T041900Z_box03/compiled/first_normal_jet_p32003.sing:2
// ** redefining equidim (LIB "primdec.lib";) /home/ubuntu/jobs/max12_812_order2_first_normal_jet_p32003_20260826T041900Z_box03/compiled/first_normal_jet_p32003.sing:2
// ** redefining equidimMax (LIB "primdec.lib";) /home/ubuntu/jobs/max12_812_order2_first_normal_jet_p32003_20260826T041900Z_box03/compiled/first_normal_jet_p32003.sing:2
// ** redefining equidimMax (LIB "primdec.lib";) /home/ubuntu/jobs/max12_812_order2_first_normal_jet_p32003_20260826T041900Z_box03/compiled/first_normal_jet_p32003.sing:2
// ** redefining islp (LIB "primdec.lib";) /home/ubuntu/jobs/max12_812_order2_first_normal_jet_p32003_20260826T041900Z_box03/compiled/first_normal_jet_p32003.sing:2
// ** redefining algeDecoE (LIB "primdec.lib";) /home/ubuntu/jobs/max12_812_order2_first_normal_jet_p32003_20260826T041900Z_box03/compiled/first_normal_jet_p32003.sing:2
// ** redefining algeDecoE (LIB "primdec.lib";) /home/ubuntu/jobs/max12_812_order2_first_normal_jet_p32003_20260826T041900Z_box03/compiled/first_normal_jet_p32003.sing:2
// ** redefining algeDeco (LIB "primdec.lib";) /home/ubuntu/jobs/max12_812_order2_first_normal_jet_p32003_20260826T041900Z_box03/compiled/first_normal_jet_p32003.sing:2
// ** redefining algeDeco (LIB "primdec.lib";) /home/ubuntu/jobs/max12_812_order2_first_normal_jet_p32003_20260826T041900Z_box03/compiled/first_normal_jet_p32003.sing:2
// ** redefining algeDeco_i (LIB "primdec.lib";) /home/ubuntu/jobs/max12_812_order2_first_normal_jet_p32003_20260826T041900Z_box03/compiled/first_normal_jet_p32003.sing:2
// ** redefining prepare_absprimdec (LIB "primdec.lib";) /home/ubuntu/jobs/max12_812_order2_first_normal_jet_p32003_20260826T041900Z_box03/compiled/first_normal_jet_p32003.sing:2
// ** redefining decompE (LIB "primdec.lib";) /home/ubuntu/jobs/max12_812_order2_first_normal_jet_p32003_20260826T041900Z_box03/compiled/first_normal_jet_p32003.sing:2
// ** redefining decomp (LIB "primdec.lib";) /home/ubuntu/jobs/max12_812_order2_first_normal_jet_p32003_20260826T041900Z_box03/compiled/first_normal_jet_p32003.sing:2
// ** redefining decomp_i (LIB "primdec.lib";) /home/ubuntu/jobs/max12_812_order2_first_normal_jet_p32003_20260826T041900Z_box03/compiled/first_normal_jet_p32003.sing:2
// ** redefining powerCoeffs (LIB "primdec.lib";) /home/ubuntu/jobs/max12_812_order2_first_normal_jet_p32003_20260826T041900Z_box03/compiled/first_normal_jet_p32003.sing:2
// ** redefining sep (LIB "primdec.lib";) /home/ubuntu/jobs/max12_812_order2_first_normal_jet_p32003_20260826T041900Z_box03/compiled/first_normal_jet_p32003.sing:2
// ** redefining sep (LIB "primdec.lib";) /home/ubuntu/jobs/max12_812_order2_first_normal_jet_p32003_20260826T041900Z_box03/compiled/first_normal_jet_p32003.sing:2
// ** redefining zeroRad (LIB "primdec.lib";) /home/ubuntu/jobs/max12_812_order2_first_normal_jet_p32003_20260826T041900Z_box03/compiled/first_normal_jet_p32003.sing:2
// ** redefining zeroRad (LIB "primdec.lib";) /home/ubuntu/jobs/max12_812_order2_first_normal_jet_p32003_20260826T041900Z_box03/compiled/first_normal_jet_p32003.sing:2
// ** redefining algeRad (LIB "primdec.lib";) /home/ubuntu/jobs/max12_812_order2_first_normal_jet_p32003_20260826T041900Z_box03/compiled/first_normal_jet_p32003.sing:2
// ** redefining radicalEHV (LIB "primdec.lib";) /home/ubuntu/jobs/max12_812_order2_first_normal_jet_p32003_20260826T041900Z_box03/compiled/first_normal_jet_p32003.sing:2
// ** redefining radicalEHV (LIB "primdec.lib";) /home/ubuntu/jobs/max12_812_order2_first_normal_jet_p32003_20260826T041900Z_box03/compiled/first_normal_jet_p32003.sing:2
// ** redefining Ann (LIB "primdec.lib";) /home/ubuntu/jobs/max12_812_order2_first_normal_jet_p32003_20260826T041900Z_box03/compiled/first_normal_jet_p32003.sing:2
// ** redefining Ann (LIB "primdec.lib";) /home/ubuntu/jobs/max12_812_order2_first_normal_jet_p32003_20260826T041900Z_box03/compiled/first_normal_jet_p32003.sing:2
// ** redefining int_ass_primary_e (LIB "primdec.lib";) /home/ubuntu/jobs/max12_812_order2_first_normal_jet_p32003_20260826T041900Z_box03/compiled/first_normal_jet_p32003.sing:2
// ** redefining AnnExt_R (LIB "primdec.lib";) /home/ubuntu/jobs/max12_812_order2_first_normal_jet_p32003_20260826T041900Z_box03/compiled/first_normal_jet_p32003.sing:2
// ** redefining analyze (LIB "primdec.lib";) /home/ubuntu/jobs/max12_812_order2_first_normal_jet_p32003_20260826T041900Z_box03/compiled/first_normal_jet_p32003.sing:2
// ** redefining simplifyIdeal (LIB "primdec.lib";) /home/ubuntu/jobs/max12_812_order2_first_normal_jet_p32003_20260826T041900Z_box03/compiled/first_normal_jet_p32003.sing:2
// ** redefining ini_mod (LIB "primdec.lib";) /home/ubuntu/jobs/max12_812_order2_first_normal_jet_p32003_20260826T041900Z_box03/compiled/first_normal_jet_p32003.sing:2
// ** redefining min_ass_prim_charsets_i (LIB "primdec.lib";) /home/ubuntu/jobs/max12_812_order2_first_normal_jet_p32003_20260826T041900Z_box03/compiled/first_normal_jet_p32003.sing:2
// ** redefining min_ass_prim_charsets0_i (LIB "primdec.lib";) /home/ubuntu/jobs/max12_812_order2_first_normal_jet_p32003_20260826T041900Z_box03/compiled/first_normal_jet_p32003.sing:2
// ** redefining min_ass_prim_charsets1_i (LIB "primdec.lib";) /home/ubuntu/jobs/max12_812_order2_first_normal_jet_p32003_20260826T041900Z_box03/compiled/first_normal_jet_p32003.sing:2
// ** redefining prim_dec_i (LIB "primdec.lib";) /home/ubuntu/jobs/max12_812_order2_first_normal_jet_p32003_20260826T041900Z_box03/compiled/first_normal_jet_p32003.sing:2
// ** redefining pseudo_prim_dec_charsets_i (LIB "primdec.lib";) /home/ubuntu/jobs/max12_812_order2_first_normal_jet_p32003_20260826T041900Z_box03/compiled/first_normal_jet_p32003.sing:2
// ** redefining pseudo_prim_dec_special_charsets_i (LIB "primdec.lib";) /home/ubuntu/jobs/max12_812_order2_first_normal_jet_p32003_20260826T041900Z_box03/compiled/first_normal_jet_p32003.sing:2
// ** redefining pseudo_prim_dec_i_i (LIB "primdec.lib";) /home/ubuntu/jobs/max12_812_order2_first_normal_jet_p32003_20260826T041900Z_box03/compiled/first_normal_jet_p32003.sing:2
// ** redefining extraction (LIB "primdec.lib";) /home/ubuntu/jobs/max12_812_order2_first_normal_jet_p32003_20260826T041900Z_box03/compiled/first_normal_jet_p32003.sing:2
// ** redefining minsat (LIB "primdec.lib";) /home/ubuntu/jobs/max12_812_order2_first_normal_jet_p32003_20260826T041900Z_box03/compiled/first_normal_jet_p32003.sing:2
// ** redefining minsat_ppd (LIB "primdec.lib";) /home/ubuntu/jobs/max12_812_order2_first_normal_jet_p32003_20260826T041900Z_box03/compiled/first_normal_jet_p32003.sing:2
// ** redefining minquot (LIB "primdec.lib";) /home/ubuntu/jobs/max12_812_order2_first_normal_jet_p32003_20260826T041900Z_box03/compiled/first_normal_jet_p32003.sing:2
// ** redefining special_ideals_equal (LIB "primdec.lib";) /home/ubuntu/jobs/max12_812_order2_first_normal_jet_p32003_20260826T041900Z_box03/compiled/first_normal_jet_p32003.sing:2
// ** redefining convList (LIB "primdec.lib";) /home/ubuntu/jobs/max12_812_order2_first_normal_jet_p32003_20260826T041900Z_box03/compiled/first_normal_jet_p32003.sing:2
// ** redefining reconvList (LIB "primdec.lib";) /home/ubuntu/jobs/max12_812_order2_first_normal_jet_p32003_20260826T041900Z_box03/compiled/first_normal_jet_p32003.sing:2
// ** redefining primdecGTZE (LIB "primdec.lib";) /home/ubuntu/jobs/max12_812_order2_first_normal_jet_p32003_20260826T041900Z_box03/compiled/first_normal_jet_p32003.sing:2
// ** redefining primdecGTZE (LIB "primdec.lib";) /home/ubuntu/jobs/max12_812_order2_first_normal_jet_p32003_20260826T041900Z_box03/compiled/first_normal_jet_p32003.sing:2
// ** redefining primdecGTZ (LIB "primdec.lib";) /home/ubuntu/jobs/max12_812_order2_first_normal_jet_p32003_20260826T041900Z_box03/compiled/first_normal_jet_p32003.sing:2
// ** redefining primdecGTZ (LIB "primdec.lib";) /home/ubuntu/jobs/max12_812_order2_first_normal_jet_p32003_20260826T041900Z_box03/compiled/first_normal_jet_p32003.sing:2
// ** redefining primdecGTZ_i (LIB "primdec.lib";) /home/ubuntu/jobs/max12_812_order2_first_normal_jet_p32003_20260826T041900Z_box03/compiled/first_normal_jet_p32003.sing:2
// ** redefining absPrimdecGTZE (LIB "primdec.lib";) /home/ubuntu/jobs/max12_812_order2_first_normal_jet_p32003_20260826T041900Z_box03/compiled/first_normal_jet_p32003.sing:2
// ** redefining absPrimdecGTZE (LIB "primdec.lib";) /home/ubuntu/jobs/max12_812_order2_first_normal_jet_p32003_20260826T041900Z_box03/compiled/first_normal_jet_p32003.sing:2
// ** redefining absPrimdecGTZ (LIB "primdec.lib";) /home/ubuntu/jobs/max12_812_order2_first_normal_jet_p32003_20260826T041900Z_box03/compiled/first_normal_jet_p32003.sing:2
// ** redefining absPrimdecGTZ (LIB "primdec.lib";) /home/ubuntu/jobs/max12_812_order2_first_normal_jet_p32003_20260826T041900Z_box03/compiled/first_normal_jet_p32003.sing:2
// ** redefining absPrimdecGTZ_i (LIB "primdec.lib";) /home/ubuntu/jobs/max12_812_order2_first_normal_jet_p32003_20260826T041900Z_box03/compiled/first_normal_jet_p32003.sing:2
// ** redefining primdecSYE (LIB "primdec.lib";) /home/ubuntu/jobs/max12_812_order2_first_normal_jet_p32003_20260826T041900Z_box03/compiled/first_normal_jet_p32003.sing:2
// ** redefining primdecSYE (LIB "primdec.lib";) /home/ubuntu/jobs/max12_812_order2_first_normal_jet_p32003_20260826T041900Z_box03/compiled/first_normal_jet_p32003.sing:2
// ** redefining primdecSY (LIB "primdec.lib";) /home/ubuntu/jobs/max12_812_order2_first_normal_jet_p32003_20260826T041900Z_box03/compiled/first_normal_jet_p32003.sing:2
// ** redefining primdecSY (LIB "primdec.lib";) /home/ubuntu/jobs/max12_812_order2_first_normal_jet_p32003_20260826T041900Z_box03/compiled/first_normal_jet_p32003.sing:2
// ** redefining primdecSY_i (LIB "primdec.lib";) /home/ubuntu/jobs/max12_812_order2_first_normal_jet_p32003_20260826T041900Z_box03/compiled/first_normal_jet_p32003.sing:2
// ** redefining minAssGTZE (LIB "primdec.lib";) /home/ubuntu/jobs/max12_812_order2_first_normal_jet_p32003_20260826T041900Z_box03/compiled/first_normal_jet_p32003.sing:2
// ** redefining minAssGTZE (LIB "primdec.lib";) /home/ubuntu/jobs/max12_812_order2_first_normal_jet_p32003_20260826T041900Z_box03/compiled/first_normal_jet_p32003.sing:2
// ** redefining minAssGTZ (LIB "primdec.lib";) /home/ubuntu/jobs/max12_812_order2_first_normal_jet_p32003_20260826T041900Z_box03/compiled/first_normal_jet_p32003.sing:2
// ** redefining minAssGTZ (LIB "primdec.lib";) /home/ubuntu/jobs/max12_812_order2_first_normal_jet_p32003_20260826T041900Z_box03/compiled/first_normal_jet_p32003.sing:2
// ** redefining minAssGTZ_i (LIB "primdec.lib";) /home/ubuntu/jobs/max12_812_order2_first_normal_jet_p32003_20260826T041900Z_box03/compiled/first_normal_jet_p32003.sing:2
// ** redefining minAssCharE (LIB "primdec.lib";) /home/ubuntu/jobs/max12_812_order2_first_normal_jet_p32003_20260826T041900Z_box03/compiled/first_normal_jet_p32003.sing:2
// ** redefining minAssCharE (LIB "primdec.lib";) /home/ubuntu/jobs/max12_812_order2_first_normal_jet_p32003_20260826T041900Z_box03/compiled/first_normal_jet_p32003.sing:2
// ** redefining minAssChar (LIB "primdec.lib";) /home/ubuntu/jobs/max12_812_order2_first_normal_jet_p32003_20260826T041900Z_box03/compiled/first_normal_jet_p32003.sing:2
// ** redefining minAssChar (LIB "primdec.lib";) /home/ubuntu/jobs/max12_812_order2_first_normal_jet_p32003_20260826T041900Z_box03/compiled/first_normal_jet_p32003.sing:2
// ** redefining minAssChar_i (LIB "primdec.lib";) /home/ubuntu/jobs/max12_812_order2_first_normal_jet_p32003_20260826T041900Z_box03/compiled/first_normal_jet_p32003.sing:2
// ** redefining minAssChar_i (LIB "primdec.lib";) /home/ubuntu/jobs/max12_812_order2_first_normal_jet_p32003_20260826T041900Z_box03/compiled/first_normal_jet_p32003.sing:2
// ** redefining equiRadical (LIB "primdec.lib";) /home/ubuntu/jobs/max12_812_order2_first_normal_jet_p32003_20260826T041900Z_box03/compiled/first_normal_jet_p32003.sing:2
// ** redefining equiRadical (LIB "primdec.lib";) /home/ubuntu/jobs/max12_812_order2_first_normal_jet_p32003_20260826T041900Z_box03/compiled/first_normal_jet_p32003.sing:2
// ** redefining radical (LIB "primdec.lib";) /home/ubuntu/jobs/max12_812_order2_first_normal_jet_p32003_20260826T041900Z_box03/compiled/first_normal_jet_p32003.sing:2
// ** redefining radical (LIB "primdec.lib";) /home/ubuntu/jobs/max12_812_order2_first_normal_jet_p32003_20260826T041900Z_box03/compiled/first_normal_jet_p32003.sing:2
// ** redefining radicalKL (LIB "primdec.lib";) /home/ubuntu/jobs/max12_812_order2_first_normal_jet_p32003_20260826T041900Z_box03/compiled/first_normal_jet_p32003.sing:2
// ** redefining radicalSL (LIB "primdec.lib";) /home/ubuntu/jobs/max12_812_order2_first_normal_jet_p32003_20260826T041900Z_box03/compiled/first_normal_jet_p32003.sing:2
// ** redefining radicalReduction (LIB "primdec.lib";) /home/ubuntu/jobs/max12_812_order2_first_normal_jet_p32003_20260826T041900Z_box03/compiled/first_normal_jet_p32003.sing:2
// ** redefining radicalSLIteration (LIB "primdec.lib";) /home/ubuntu/jobs/max12_812_order2_first_normal_jet_p32003_20260826T041900Z_box03/compiled/first_normal_jet_p32003.sing:2
// ** redefining newMaxIndependSetDp (LIB "primdec.lib";) /home/ubuntu/jobs/max12_812_order2_first_normal_jet_p32003_20260826T041900Z_box03/compiled/first_normal_jet_p32003.sing:2
// ** redefining newMaxIndependSetDp (LIB "primdec.lib";) /home/ubuntu/jobs/max12_812_order2_first_normal_jet_p32003_20260826T041900Z_box03/compiled/first_normal_jet_p32003.sing:2
// ** redefining prepareAss (LIB "primdec.lib";) /home/ubuntu/jobs/max12_812_order2_first_normal_jet_p32003_20260826T041900Z_box03/compiled/first_normal_jet_p32003.sing:2
// ** redefining prepareAss (LIB "primdec.lib";) /home/ubuntu/jobs/max12_812_order2_first_normal_jet_p32003_20260826T041900Z_box03/compiled/first_normal_jet_p32003.sing:2
// ** redefining equidimMaxEHV (LIB "primdec.lib";) /home/ubuntu/jobs/max12_812_order2_first_normal_jet_p32003_20260826T041900Z_box03/compiled/first_normal_jet_p32003.sing:2
// ** redefining equidimMaxEHV (LIB "primdec.lib";) /home/ubuntu/jobs/max12_812_order2_first_normal_jet_p32003_20260826T041900Z_box03/compiled/first_normal_jet_p32003.sing:2
// ** redefining testPrimaryE (LIB "primdec.lib";) /home/ubuntu/jobs/max12_812_order2_first_normal_jet_p32003_20260826T041900Z_box03/compiled/first_normal_jet_p32003.sing:2
// ** redefining testPrimaryE (LIB "primdec.lib";) /home/ubuntu/jobs/max12_812_order2_first_normal_jet_p32003_20260826T041900Z_box03/compiled/first_normal_jet_p32003.sing:2
// ** redefining testPrimary (LIB "primdec.lib";) /home/ubuntu/jobs/max12_812_order2_first_normal_jet_p32003_20260826T041900Z_box03/compiled/first_normal_jet_p32003.sing:2
// ** redefining testPrimary (LIB "primdec.lib";) /home/ubuntu/jobs/max12_812_order2_first_normal_jet_p32003_20260826T041900Z_box03/compiled/first_normal_jet_p32003.sing:2
// ** redefining testPrimary_i (LIB "primdec.lib";) /home/ubuntu/jobs/max12_812_order2_first_normal_jet_p32003_20260826T041900Z_box03/compiled/first_normal_jet_p32003.sing:2
// ** redefining zerodec (LIB "primdec.lib";) /home/ubuntu/jobs/max12_812_order2_first_normal_jet_p32003_20260826T041900Z_box03/compiled/first_normal_jet_p32003.sing:2
// ** redefining zerodec (LIB "primdec.lib";) /home/ubuntu/jobs/max12_812_order2_first_normal_jet_p32003_20260826T041900Z_box03/compiled/first_normal_jet_p32003.sing:2
// ** redefining newDecompStepE (LIB "primdec.lib";) /home/ubuntu/jobs/max12_812_order2_first_normal_jet_p32003_20260826T041900Z_box03/compiled/first_normal_jet_p32003.sing:2
// ** redefining newDecompStep (LIB "primdec.lib";) /home/ubuntu/jobs/max12_812_order2_first_normal_jet_p32003_20260826T041900Z_box03/compiled/first_normal_jet_p32003.sing:2
// ** redefining newDecompStep_i (LIB "primdec.lib";) /home/ubuntu/jobs/max12_812_order2_first_normal_jet_p32003_20260826T041900Z_box03/compiled/first_normal_jet_p32003.sing:2
// ** redefining newReduction (LIB "primdec.lib";) /home/ubuntu/jobs/max12_812_order2_first_normal_jet_p32003_20260826T041900Z_box03/compiled/first_normal_jet_p32003.sing:2
// ** redefining minAssE (LIB "primdec.lib";) /home/ubuntu/jobs/max12_812_order2_first_normal_jet_p32003_20260826T041900Z_box03/compiled/first_normal_jet_p32003.sing:2
// ** redefining minAssE (LIB "primdec.lib";) /home/ubuntu/jobs/max12_812_order2_first_normal_jet_p32003_20260826T041900Z_box03/compiled/first_normal_jet_p32003.sing:2
// ** redefining minAss (LIB "primdec.lib";) /home/ubuntu/jobs/max12_812_order2_first_normal_jet_p32003_20260826T041900Z_box03/compiled/first_normal_jet_p32003.sing:2
// ** redefining minAss (LIB "primdec.lib";) /home/ubuntu/jobs/max12_812_order2_first_normal_jet_p32003_20260826T041900Z_box03/compiled/first_normal_jet_p32003.sing:2
// ** redefining minAss_i (LIB "primdec.lib";) /home/ubuntu/jobs/max12_812_order2_first_normal_jet_p32003_20260826T041900Z_box03/compiled/first_normal_jet_p32003.sing:2
// ** redefining minAssSL (LIB "primdec.lib";) /home/ubuntu/jobs/max12_812_order2_first_normal_jet_p32003_20260826T041900Z_box03/compiled/first_normal_jet_p32003.sing:2
// ** redefining minAssSLIteration (LIB "primdec.lib";) /home/ubuntu/jobs/max12_812_order2_first_normal_jet_p32003_20260826T041900Z_box03/compiled/first_normal_jet_p32003.sing:2
// ** redefining newMaxIndependSetLp (LIB "primdec.lib";) /home/ubuntu/jobs/max12_812_order2_first_normal_jet_p32003_20260826T041900Z_box03/compiled/first_normal_jet_p32003.sing:2
// ** redefining newMaxIndependSetLp (LIB "primdec.lib";) /home/ubuntu/jobs/max12_812_order2_first_normal_jet_p32003_20260826T041900Z_box03/compiled/first_normal_jet_p32003.sing:2
// ** redefining newZero_decomp (LIB "primdec.lib";) /home/ubuntu/jobs/max12_812_order2_first_normal_jet_p32003_20260826T041900Z_box03/compiled/first_normal_jet_p32003.sing:2
// ** redefining newZero_decomp (LIB "primdec.lib";) /home/ubuntu/jobs/max12_812_order2_first_normal_jet_p32003_20260826T041900Z_box03/compiled/first_normal_jet_p32003.sing:2
// ** redefining check_variables (LIB "primdec.lib";) /home/ubuntu/jobs/max12_812_order2_first_normal_jet_p32003_20260826T041900Z_box03/compiled/first_normal_jet_p32003.sing:2
// ** redefining prep_decomp (LIB "primdec.lib";) /home/ubuntu/jobs/max12_812_order2_first_normal_jet_p32003_20260826T041900Z_box03/compiled/first_normal_jet_p32003.sing:2
FIRST_NORMAL_SOURCE_HASHES=PASS
FIRST_NORMAL_LOAD_LINEARITY=PASS
FIRST_NORMAL_LAMBDA2_DIVISIBLE=1
FIRST_NORMAL_DIVISION_IDENTITY=1
FIRST_NORMAL_FORBIDDEN_INDEPENDENCE=1
FIRST_NORMAL_Q_BASIS_BEGIN
-625*p^4*c*k10-9001*p*c^3*k10+5000*p^2*c*r*k10-10000*c*r^2*k10+8000*p*n2*n3+4000*c*n3^2-8000*n1*n2-8000*n0*n3
2719*p^6*k10-1250*p^3*c^2*k10-625*p^4*r*k10-10251*c^4*k10+5000*p*c^2*r*k10+2500*p^2*r^2*k10-4000*p^2*n3^2-14001*r^3*k10+4000*p*n2^2+8000*p*n1*n3+8000*c*n2*n3+4000*r*n3^2-4000*n1^2-8000*n0*n2
8157*p^5*c*k10-11501*p^2*c^3*k10-1250*p^3*c*r*k10-9001*c^3*r*k10+2500*p*c*r^2*k10-6000*p^2*n2*n3-7000*p*c*n3^2+6000*p*n1*n2+4000*c*n2^2+6000*p*n0*n3+8000*c*n1*n3+8000*r*n2*n3-8000*n0*n1
2000*p^3*n3^2-2000*p^2*n2^2-4000*p^2*n1*n3-10000*p*c*n2*n3-3000*c^2*n3^2-6000*p*r*n3^2+2000*p*n1^2+4000*p*n0*n2+6000*c*n1*n2+4000*r*n2^2+6000*c*n0*n3+8000*r*n1*n3-4000*n0^2
15060*p^6*c*k10+7532*p^3*c^3*k10-625*p^4*c*r*k10+10751*c^5*k10-9001*p*c^3*r*k10-13814*p^2*c*r^2*k10+2250*p^3*n2*n3+4125*p^2*c*n3^2-2500*c*r^3*k10-2250*p^2*n1*n2-3000*p*c*n2^2-2250*p^2*n0*n3-6000*p*c*n1*n3-4000*c^2*n2*n3-8000*p*r*n2*n3-5000*c*r*n3^2+2000*p*n0*n1+2000*c*n1^2+4000*c*n0*n2+6000*r*n1*n2+6000*r*n0*n3
-1255*p^8*k10-3766*p^5*c^2*k10-11923*p^6*r*k10+4813*p^2*c^4*k10-1875*p^3*c^2*r*k10+7532*p^4*r^2*k10-500*p^4*n3^2+11501*c^4*r*k10+3750*p*c^2*r^2*k10+1250*p^2*r^3*k10+500*p^3*n2^2+1000*p^3*n1*n3+4000*p^2*c*n2*n3+2500*p*c^2*n3^2+2500*p^2*r*n3^2-1250*r^4*k10-500*p^2*n1^2-1000*p^2*n0*n2-3000*p*c*n1*n2-1000*c^2*n2^2-2000*p*r*n2^2-3000*p*c*n0*n3-2000*c^2*n1*n3-4000*p*r*n1*n3-6000*c*r*n2*n3-2000*r^2*n3^2+2000*c*n0*n1+2000*r*n1^2+4000*r*n0*n2
-6275*p^7*c*k10-13388*p^4*c^3*k10-15689*p^5*c*r*k10-8157*p*c^5*k10+14439*p^2*c^3*r*k10+10673*p^3*c*r^2*k10+15689*p^4*n2*n3-8782*p^3*c*n3^2-14439*c^3*r^2*k10+1875*p*c*r^3*k10-15689*p^3*n1*n2+625*p^2*c*n2^2-15689*p^3*n0*n3+1250*p^2*c*n1*n3+1750*p*c^2*n2*n3+1750*p^2*r*n2*n3+375*c^3*n3^2+2250*p*c*r*n3^2-250*p^2*n0*n1-500*p*c*n1^2-1000*p*c*n0*n2-750*c^2*n1*n2-1500*p*r*n1*n2-1000*c*r*n2^2-750*c^2*n0*n3-1500*p*r*n0*n3-2000*c*r*n1*n3-2000*r^2*n2*n3+2000*r*n0*n1
FIRST_NORMAL_Q_BASIS_END
FIRST_NORMAL_Q_STD_DONE
FIRST_NORMAL_Q_SIZE=1152
FIRST_NORMAL_Q_DIM=4
FIRST_NORMAL_K_SAT_START
FIRST_NORMAL_K_SAT_DONE
FIRST_NORMAL_NORMAL_SAT_START
FIRST_NORMAL_NORMAL_SAT_DONE
FIRST_NORMAL_QSTAR_SIZE=1175
FIRST_NORMAL_QSTAR_DIM=4
FIRST_NORMAL_QSTAR_IS_UNIT=0
FIRST_NORMAL_MINASS_START
FIRST_NORMAL_MINASS_DONE
FIRST_NORMAL_MINASS_COUNT=2
FIRST_NORMAL_MINASS_COMPONENT=1,SIZE=24,DIM=3
// ** redefining Pai (    ideal Pai=std(PA[ai]);) /home/ubuntu/jobs/max12_812_order2_first_normal_jet_p32003_20260826T041900Z_box03/compiled/first_normal_jet_p32003.sing:85
FIRST_NORMAL_MINASS_COMPONENT=2,SIZE=10,DIM=4
FIRST_NORMAL_ENDPOINT=PASS_NAVIGATION
