Command exited with non-zero status 10
	Command being timed: "boolector -m -d /home/ubuntu/jobs/as_global_predecessor_rawq7_20260825T074543Z/base_wave1/base_0519_0201020/formula.smt2"
	User time (seconds): 323.65
	System time (seconds): 12.05
	Percent of CPU this job got: 99%
	Elapsed (wall clock) time (h:mm:ss or m:ss): 5:35.79
	Average shared text size (kbytes): 0
	Average unshared data size (kbytes): 0
	Average stack size (kbytes): 0
	Average total size (kbytes): 0
	Maximum resident set size (kbytes): 1426176
	Average resident set size (kbytes): 0
	Major (requiring I/O) page faults: 0
	Minor (reclaiming a frame) page faults: 5240553
	Voluntary context switches: 1
	Involuntary context switches: 364
	Swaps: 0
	File system inputs: 0
	File system outputs: 16
	Socket messages sent: 0
	Socket messages received: 0
	Signals delivered: 0
	Page size (bytes): 4096
	Exit status: 10
