Running as unit: run-r1a38cd188a4047b7bc46fa8f22f002de.scope; invocation ID: 9ab15b9b40af46da84d303b128337c31
	Command being timed: "timeout 21600 ./run_v67.sh b3tq"
	User time (seconds): 7413.70
	System time (seconds): 4.94
	Percent of CPU this job got: 99%
	Elapsed (wall clock) time (h:mm:ss or m:ss): 2:03:38
	Average shared text size (kbytes): 0
	Average unshared data size (kbytes): 0
	Average stack size (kbytes): 0
	Average total size (kbytes): 0
	Maximum resident set size (kbytes): 3437592
	Average resident set size (kbytes): 0
	Major (requiring I/O) page faults: 0
	Minor (reclaiming a frame) page faults: 1979431
	Voluntary context switches: 7
	Involuntary context switches: 9873
	Swaps: 0
	File system inputs: 0
	File system outputs: 896
	Socket messages sent: 0
	Socket messages received: 0
	Signals delivered: 0
	Page size (bytes): 4096
	Exit status: 0
