2026-09-09T14:33:25Z
ip-172-30-0-72
/usr/bin/Singular
90ab699b7a28486944a167e797d7c8dd38f8f949960b93ee7a6d08ff1c7c46f4  /usr/bin/Singular
a92f0f95e883390c7256b2e441484aac06b1002dbe1d924141a77c8d82f96223  /usr/bin/python3
singular:amd64	1:4.3.2-p10+ds-1.1build1
singular-data	1:4.3.2-p10+ds-1.1build1
Python 3.12.3
Singular for x86_64-Linux version 4.3.2 (4330, 64 bit) Apr  1 2024 04:44:00
with
	GMP(6.3.0),NTL(11.5.1),FLINT(3.0.1),
	omalloc,static readline(8),Plural,vspace(2),DBM,
	dynamic modules,OM_NDEBUG,SING_NDEBUG,
	CC:OPTIMIZE,GenericAdd,TableMult,no invTable,
	eigenvalues,Gauss-Manin system,random=1788964407
built-in modules: {}
AC_CONFIGURE_ARGS =  '--build=x86_64-linux-gnu' '--prefix=/usr' '--includedir=${prefix}/include' '--mandir=${prefix}/share/man' '--infodir=${prefix}/share/info' '--sysconfdir=/etc' '--localstatedir=/var' '--disable-option-checking' '--disable-silent-rules' '--libdir=${prefix}/lib/x86_64-linux-gnu' '--runstatedir=/run' '--disable-maintainer-mode' '--disable-dependency-tracking' '--libexecdir=/usr/libexec/x86_64-linux-gnu' '--htmldir=/usr/share/doc/singular/html' '--with-libparse' '--enable-streamio' 'build_alias=x86_64-linux-gnu' 'CFLAGS=-g -O2 -fno-omit-frame-pointer -mno-omit-leaf-frame-pointer -ffile-prefix-map=/build/singular-HDHwVv/singular-4.3.2-p10+ds=. -flto=auto -ffat-lto-objects -fstack-protector-strong -fstack-clash-protection -Wformat -Werror=format-security -fcf-protection -fdebug-prefix-map=/build/singular-HDHwVv/singular-4.3.2-p10+ds=/usr/src/singular-1:4.3.2-p10+ds-1.1build1' 'LDFLAGS=-Wl,-Bsymbolic-functions -flto=auto -ffat-lto-objects -Wl,-z,relro -Wl,-z,now' 'CPPFLAGS=-Wdate-time -D_FORTIFY_SOURCE=3' 'CXXFLAGS=-g -O2 -fno-omit-frame-pointer -mno-omit-leaf-frame-pointer -ffile-prefix-map=/build/singular-HDHwVv/singular-4.3.2-p10+ds=. -flto=auto -ffat-lto-objects -fstack-protector-strong -fstack-clash-protection -Wformat -Werror=format-security -fcf-protection -fdebug-prefix-map=/build/singular-HDHwVv/singular-4.3.2-p10+ds=/usr/src/singular-1:4.3.2-p10+ds-1.1build1' 'PYTHON=/usr/bin/python3' --enable-omalloc  OMALLOC_LIBS='/build/singular-HDHwVv/singular-4.3.2-p10+ds/omalloc/libsingular-omalloc.la' OMALLOC_INCLUDES='-I/build/singular-HDHwVv/singular-4.3.2-p10+ds'  --with-Singular RESOURCES_LIBS='/build/singular-HDHwVv/singular-4.3.2-p10+ds/resources/libsingular-resources.la' RESOURCES_INCLUDES='-I/build/singular-HDHwVv/singular-4.3.2-p10+ds ' FACTORY_LIBS='/build/singular-HDHwVv/singular-4.3.2-p10+ds/factory/libsingular-factory.la' FACTORY_INCLUDES='-I/build/singular-HDHwVv/singular-4.3.2-p10+ds -I/build/singular-HDHwVv/singular-4.3.2-p10+ds/factory -I/build/singular-HDHwVv/singular-4.3.2-p10+ds/factory/include',
CC = gcc,FLAGS :  -g -O2 -fno-omit-frame-pointer -mno-omit-leaf-frame-pointer -ffile-prefix-map=/build/singular-HDHwVv/singular-4.3.2-p10+ds=. -flto=auto -ffat-lto-objects -fstack-protector-strong -fstack-clash-protection -Wformat -Werror=format-security -fcf-protection -fdebug-prefix-map=/build/singular-HDHwVv/singular-4.3.2-p10+ds=/usr/src/singular-1:4.3.2-p10+ds-1.1build1 -pipe -fno-common -O3 -Wno-unused-function -Wno-trigraphs -Wno-unused-parameter -Wunknown-pragmas -Wno-unused-variable -fomit-frame-pointer -fwrapv -fvisibility=default -finline-functions -fno-exceptions -fno-threadsafe-statics -fno-enforce-eh-specs -fconserve-space -funroll-loops -pthread -pthread,
CXX = g++,FLAGS : -g -O2 -fno-omit-frame-pointer -mno-omit-leaf-frame-pointer -ffile-prefix-map=/build/singular-HDHwVv/singular-4.3.2-p10+ds=. -flto=auto -ffat-lto-objects -fstack-protector-strong -fstack-clash-protection -Wformat -Werror=format-security -fcf-protection -fdebug-prefix-map=/build/singular-HDHwVv/singular-4.3.2-p10+ds=/usr/src/singular-1:4.3.2-p10+ds-1.1build1 -pipe -fno-common -O3 -Wno-unused-function -Wno-trigraphs -Wno-unused-parameter -Wunknown-pragmas -Wno-unused-variable -fomit-frame-pointer -fwrapv -fvisibility=default -finline-functions -fno-exceptions -fno-threadsafe-statics -fno-enforce-eh-specs -fconserve-space -funroll-loops -fno-rtti -fno-delete-null-pointer-checks -pthread,
DEFS : ,CPPFLAGS : -Wdate-time -D_FORTIFY_SOURCE=3,
LDFLAGS : -Wl,-Bsymbolic-functions -flto=auto -ffat-lto-objects -Wl,-z,relro -Wl,-z,now -pipe -fno-common -g -O3 -Wno-unused-function -Wno-trigraphs -Wno-unused-parameter -Wunknown-pragmas -Wno-unused-variable -fomit-frame-pointer -fwrapv -fvisibility=default -finline-functions -fno-exceptions -fno-threadsafe-statics -fno-enforce-eh-specs -fconserve-space -funroll-loops  -rdynamic -Wl,-undefined,dynamic_lookup,LIBS : -lreadline -lncurses  -lgmp -lrt  -lpthread (ver: 13.2.0)
argv[0]   :	/usr/bin/Singular
SearchPath:	/usr/bin/../share/singular/LIB:/usr/bin/../share/singular/factory:/usr/libexec/x86_64-linux-gnu/singular/MOD:/usr/bin
Singular  :	/usr/bin/Singular
BinDir    :	/usr/bin
ProcDir   :	/usr/libexec/x86_64-linux-gnu/singular/MOD
RootDir   :	/usr/bin/..
DataDir   :	/usr/bin/../share
DefaultDir:	/usr
InfoFile  :	
IdxFile   :	
HtmlDir   :	
ManualUrl :	https://www.singular.uni-kl.de/Manual/
ExDir     :	
Path      :	/usr/bin:/usr/libexec/x86_64-linux-gnu/singular/MOD:/usr/local/sbin:/usr/local/bin:/usr/sbin:/sbin:/bin:/usr/games:/usr/local/games:/snap/bin
emacs     :	
xemacs    :	
SingularEmacs:	/usr/bin/Singular
EmacsLoad :	
EmacsDir  :	
SingularXterm:	/usr/bin/Singular
xterm     :	
EmacsDir  :	
Available HelpBrowsers: dummy, emacs, 
Current HelpBrowser: dummy 
                     SINGULAR                                 /  Development
 A Computer Algebra System for Polynomial Computations       /   version 4.3.2
                                                           0<
 by: W. Decker, G.-M. Greuel, G. Pfister, H. Schoenemann     \   Feb 2023
FB Mathematik der Universitaet, D-67653 Kaiserslautern        \  Debian 1:4.3.2-p10+ds-1.1build1
// ** running in restricted mode: shell invocation and links are disallowed
Auf Wiedersehen.
Singular is a Computer Algebra System (CAS) for Polynomial Computations.
Usage: /usr/bin/Singular [options] [file1 [file2 ...]]
Options:
 -b --batch                Run in batch mode (requires --link/--MPhost/--MPport)
 -c --execute=STRING       Execute STRING on start-up
 -d --sdb                  Enable source code debugger (experimental)
 -e --echo[=VAL]           Set value of variable `echo' to (integer) VAL
 -h --help                 Print help message and exit
 -p --profile              Collect profiling data in smon.out
 -q --quiet                Do not print start-up banner and lib load messages
 -r --random=SEED          Seed random generator with (integer) SEED
 -t --no-tty               Do not redefine the terminal characteristics
 -u --user-option=STRING   Return STRING on `system("--user-option")'
 -v --version              Print extended version and configuration info
    --allow-net            Allow one to fetch (html) help pages from the net
    --browser=BROWSER      Display help in BROWSER (see help.cnf)
    --cntrlc[=CHAR]        Automatic answer for CTRL-C prompt
    --emacs                Set defaults for running within emacs
    --log=LOGFILE          Log all input to LOGFILE.*
    --no-stdlib            Do not load `standard.lib' on start-up
    --no-rc                Do not execute `.singularrc' file(s) on start-up
    --no-warn              Do not display warning messages
    --no-out               Suppress all output
    --no-shell             Restricted mode: prohibit shell escape commands and links
    --min-time=SECS        Do not display times smaller than SECS (in seconds)
    --cpus=#CPUs           maximal number of CPUs to use
    --threads=#threads     maximal number of CPUs to use for threads
    --flint-threads=#flintthreads maximal number of threads to use in flint/ntl library
    --MPport=PORT          Use PORT number for connections
    --MPhost=HOST          Use HOST for connections
    --link=LINK            Use LINK for connections
    --ticks-per-sec=TICKS  Sets unit of timer to TICKS per second
    --dump-versiontuple    Display the version-tuple and exit

For more information, type `help;' from within Singular or visit
https://www.singular.uni-kl.de or consult the
Singular manual (available as on-line info or html manual).
