box/f10-middle-real-controls-execution-prep-20260910/harvest/run/jc2-real-controls-20260910T1204/check-R.post.json: OK
box/f10-middle-real-controls-execution-prep-20260910/harvest/var/lib/jc2-real-controls-20260910T1204/check-R.post.json: OK
box/f10-middle-real-controls-execution-prep-20260910/harvest/run/jc2-real-controls-20260910T1204/check-R.pre.json: OK
box/f10-middle-real-controls-execution-prep-20260910/harvest/var/lib/jc2-real-controls-20260910T1204/check-R.pre.json: OK
box/f10-middle-real-controls-execution-prep-20260910/harvest/run/jc2-real-controls-20260910T1204/check-R.python-live.json: OK
box/f10-middle-real-controls-execution-prep-20260910/harvest/var/lib/jc2-real-controls-20260910T1204/check-R.python-live.json: OK
box/f10-middle-real-controls-execution-prep-20260910/harvest/run/jc2-real-controls-20260910T1204/check-R.runner-live.json: OK
box/f10-middle-real-controls-execution-prep-20260910/harvest/var/lib/jc2-real-controls-20260910T1204/check-R.runner-live.json: OK
box/f10-middle-real-controls-execution-prep-20260910/harvest/run/jc2-real-controls-20260910T1204/check-R.runner.stderr: OK
box/f10-middle-real-controls-execution-prep-20260910/harvest/var/lib/jc2-real-controls-20260910T1204/check-R.runner.stderr: OK
box/f10-middle-real-controls-execution-prep-20260910/harvest/run/jc2-real-controls-20260910T1204/check-R.runner.stdout: OK
box/f10-middle-real-controls-execution-prep-20260910/harvest/var/lib/jc2-real-controls-20260910T1204/check-R.runner.stdout: OK
box/f10-middle-real-controls-execution-prep-20260910/harvest/run/jc2-real-controls-20260910T1204/check-R.stderr: OK
box/f10-middle-real-controls-execution-prep-20260910/harvest/var/lib/jc2-real-controls-20260910T1204/check-R.stderr: OK
box/f10-middle-real-controls-execution-prep-20260910/harvest/run/jc2-real-controls-20260910T1204/check-R.stdout: OK
box/f10-middle-real-controls-execution-prep-20260910/harvest/var/lib/jc2-real-controls-20260910T1204/check-R.stdout: OK
box/f10-middle-real-controls-execution-prep-20260910/harvest/run/jc2-real-controls-20260910T1204/check-R.telemetry.json: OK
box/f10-middle-real-controls-execution-prep-20260910/harvest/var/lib/jc2-real-controls-20260910T1204/check-R.telemetry.json: OK
box/f10-middle-real-controls-execution-prep-20260910/harvest/run/jc2-real-controls-20260910T1204/check-U.post.json: OK
box/f10-middle-real-controls-execution-prep-20260910/harvest/var/lib/jc2-real-controls-20260910T1204/check-U.post.json: OK
box/f10-middle-real-controls-execution-prep-20260910/harvest/run/jc2-real-controls-20260910T1204/check-U.pre.json: OK
box/f10-middle-real-controls-execution-prep-20260910/harvest/var/lib/jc2-real-controls-20260910T1204/check-U.pre.json: OK
box/f10-middle-real-controls-execution-prep-20260910/harvest/run/jc2-real-controls-20260910T1204/check-U.python-live.json: OK
box/f10-middle-real-controls-execution-prep-20260910/harvest/var/lib/jc2-real-controls-20260910T1204/check-U.python-live.json: OK
box/f10-middle-real-controls-execution-prep-20260910/harvest/run/jc2-real-controls-20260910T1204/check-U.runner-live.json: OK
box/f10-middle-real-controls-execution-prep-20260910/harvest/var/lib/jc2-real-controls-20260910T1204/check-U.runner-live.json: OK
box/f10-middle-real-controls-execution-prep-20260910/harvest/run/jc2-real-controls-20260910T1204/check-U.runner.stderr: OK
box/f10-middle-real-controls-execution-prep-20260910/harvest/var/lib/jc2-real-controls-20260910T1204/check-U.runner.stderr: OK
box/f10-middle-real-controls-execution-prep-20260910/harvest/run/jc2-real-controls-20260910T1204/check-U.runner.stdout: OK
box/f10-middle-real-controls-execution-prep-20260910/harvest/var/lib/jc2-real-controls-20260910T1204/check-U.runner.stdout: OK
box/f10-middle-real-controls-execution-prep-20260910/harvest/run/jc2-real-controls-20260910T1204/check-U.stderr: OK
box/f10-middle-real-controls-execution-prep-20260910/harvest/var/lib/jc2-real-controls-20260910T1204/check-U.stderr: OK
box/f10-middle-real-controls-execution-prep-20260910/harvest/run/jc2-real-controls-20260910T1204/check-U.stdout: OK
box/f10-middle-real-controls-execution-prep-20260910/harvest/var/lib/jc2-real-controls-20260910T1204/check-U.stdout: OK
box/f10-middle-real-controls-execution-prep-20260910/harvest/run/jc2-real-controls-20260910T1204/check-U.telemetry.json: OK
box/f10-middle-real-controls-execution-prep-20260910/harvest/var/lib/jc2-real-controls-20260910T1204/check-U.telemetry.json: OK
box/f10-middle-real-controls-execution-prep-20260910/harvest/run/jc2-real-controls-20260910T1204/check-bernstein.post.json: OK
box/f10-middle-real-controls-execution-prep-20260910/harvest/var/lib/jc2-real-controls-20260910T1204/check-bernstein.post.json: OK
box/f10-middle-real-controls-execution-prep-20260910/harvest/run/jc2-real-controls-20260910T1204/check-bernstein.pre.json: OK
box/f10-middle-real-controls-execution-prep-20260910/harvest/var/lib/jc2-real-controls-20260910T1204/check-bernstein.pre.json: OK
box/f10-middle-real-controls-execution-prep-20260910/harvest/run/jc2-real-controls-20260910T1204/check-bernstein.python-live.json: OK
box/f10-middle-real-controls-execution-prep-20260910/harvest/var/lib/jc2-real-controls-20260910T1204/check-bernstein.python-live.json: OK
box/f10-middle-real-controls-execution-prep-20260910/harvest/run/jc2-real-controls-20260910T1204/check-bernstein.runner-live.json: OK
box/f10-middle-real-controls-execution-prep-20260910/harvest/var/lib/jc2-real-controls-20260910T1204/check-bernstein.runner-live.json: OK
box/f10-middle-real-controls-execution-prep-20260910/harvest/run/jc2-real-controls-20260910T1204/check-bernstein.runner.stderr: OK
box/f10-middle-real-controls-execution-prep-20260910/harvest/var/lib/jc2-real-controls-20260910T1204/check-bernstein.runner.stderr: OK
box/f10-middle-real-controls-execution-prep-20260910/harvest/run/jc2-real-controls-20260910T1204/check-bernstein.runner.stdout: OK
box/f10-middle-real-controls-execution-prep-20260910/harvest/var/lib/jc2-real-controls-20260910T1204/check-bernstein.runner.stdout: OK
box/f10-middle-real-controls-execution-prep-20260910/harvest/run/jc2-real-controls-20260910T1204/check-bernstein.stderr: OK
box/f10-middle-real-controls-execution-prep-20260910/harvest/var/lib/jc2-real-controls-20260910T1204/check-bernstein.stderr: OK
box/f10-middle-real-controls-execution-prep-20260910/harvest/run/jc2-real-controls-20260910T1204/check-bernstein.stdout: OK
box/f10-middle-real-controls-execution-prep-20260910/harvest/var/lib/jc2-real-controls-20260910T1204/check-bernstein.stdout: OK
box/f10-middle-real-controls-execution-prep-20260910/harvest/run/jc2-real-controls-20260910T1204/check-bernstein.telemetry.json: OK
box/f10-middle-real-controls-execution-prep-20260910/harvest/var/lib/jc2-real-controls-20260910T1204/check-bernstein.telemetry.json: OK
box/f10-middle-real-controls-execution-prep-20260910/harvest/run/jc2-real-controls-20260910T1204/check-j.post.json: OK
box/f10-middle-real-controls-execution-prep-20260910/harvest/var/lib/jc2-real-controls-20260910T1204/check-j.post.json: OK
box/f10-middle-real-controls-execution-prep-20260910/harvest/run/jc2-real-controls-20260910T1204/check-j.pre.json: OK
box/f10-middle-real-controls-execution-prep-20260910/harvest/var/lib/jc2-real-controls-20260910T1204/check-j.pre.json: OK
box/f10-middle-real-controls-execution-prep-20260910/harvest/run/jc2-real-controls-20260910T1204/check-j.python-live.json: OK
box/f10-middle-real-controls-execution-prep-20260910/harvest/var/lib/jc2-real-controls-20260910T1204/check-j.python-live.json: OK
box/f10-middle-real-controls-execution-prep-20260910/harvest/run/jc2-real-controls-20260910T1204/check-j.runner-live.json: OK
box/f10-middle-real-controls-execution-prep-20260910/harvest/var/lib/jc2-real-controls-20260910T1204/check-j.runner-live.json: OK
box/f10-middle-real-controls-execution-prep-20260910/harvest/run/jc2-real-controls-20260910T1204/check-j.runner.stderr: OK
box/f10-middle-real-controls-execution-prep-20260910/harvest/var/lib/jc2-real-controls-20260910T1204/check-j.runner.stderr: OK
box/f10-middle-real-controls-execution-prep-20260910/harvest/run/jc2-real-controls-20260910T1204/check-j.runner.stdout: OK
box/f10-middle-real-controls-execution-prep-20260910/harvest/var/lib/jc2-real-controls-20260910T1204/check-j.runner.stdout: OK
box/f10-middle-real-controls-execution-prep-20260910/harvest/run/jc2-real-controls-20260910T1204/check-j.stderr: OK
box/f10-middle-real-controls-execution-prep-20260910/harvest/var/lib/jc2-real-controls-20260910T1204/check-j.stderr: OK
box/f10-middle-real-controls-execution-prep-20260910/harvest/run/jc2-real-controls-20260910T1204/check-j.stdout: OK
box/f10-middle-real-controls-execution-prep-20260910/harvest/var/lib/jc2-real-controls-20260910T1204/check-j.stdout: OK
box/f10-middle-real-controls-execution-prep-20260910/harvest/run/jc2-real-controls-20260910T1204/check-j.telemetry.json: OK
box/f10-middle-real-controls-execution-prep-20260910/harvest/var/lib/jc2-real-controls-20260910T1204/check-j.telemetry.json: OK
box/f10-middle-real-controls-execution-prep-20260910/harvest/run/jc2-real-controls-20260910T1204/dispatcher.stderr: OK
box/f10-middle-real-controls-execution-prep-20260910/harvest/var/lib/jc2-real-controls-20260910T1204/dispatcher.stderr: OK
box/f10-middle-real-controls-execution-prep-20260910/harvest/run/jc2-real-controls-20260910T1204/dispatcher.stdout: OK
box/f10-middle-real-controls-execution-prep-20260910/harvest/var/lib/jc2-real-controls-20260910T1204/dispatcher.stdout: OK
box/f10-middle-real-controls-execution-prep-20260910/harvest/run/jc2-real-controls-20260910T1204/dummy.post.json: OK
box/f10-middle-real-controls-execution-prep-20260910/harvest/var/lib/jc2-real-controls-20260910T1204/dummy.post.json: OK
box/f10-middle-real-controls-execution-prep-20260910/harvest/run/jc2-real-controls-20260910T1204/dummy.pre.json: OK
box/f10-middle-real-controls-execution-prep-20260910/harvest/var/lib/jc2-real-controls-20260910T1204/dummy.pre.json: OK
box/f10-middle-real-controls-execution-prep-20260910/harvest/run/jc2-real-controls-20260910T1204/dummy.python-live.json: OK
box/f10-middle-real-controls-execution-prep-20260910/harvest/var/lib/jc2-real-controls-20260910T1204/dummy.python-live.json: OK
box/f10-middle-real-controls-execution-prep-20260910/harvest/run/jc2-real-controls-20260910T1204/dummy.runner-live.json: OK
box/f10-middle-real-controls-execution-prep-20260910/harvest/var/lib/jc2-real-controls-20260910T1204/dummy.runner-live.json: OK
box/f10-middle-real-controls-execution-prep-20260910/harvest/run/jc2-real-controls-20260910T1204/dummy.runner.stderr: OK
box/f10-middle-real-controls-execution-prep-20260910/harvest/var/lib/jc2-real-controls-20260910T1204/dummy.runner.stderr: OK
box/f10-middle-real-controls-execution-prep-20260910/harvest/run/jc2-real-controls-20260910T1204/dummy.runner.stdout: OK
box/f10-middle-real-controls-execution-prep-20260910/harvest/var/lib/jc2-real-controls-20260910T1204/dummy.runner.stdout: OK
box/f10-middle-real-controls-execution-prep-20260910/harvest/run/jc2-real-controls-20260910T1204/dummy.stderr: OK
box/f10-middle-real-controls-execution-prep-20260910/harvest/var/lib/jc2-real-controls-20260910T1204/dummy.stderr: OK
box/f10-middle-real-controls-execution-prep-20260910/harvest/run/jc2-real-controls-20260910T1204/dummy.stdout: OK
box/f10-middle-real-controls-execution-prep-20260910/harvest/var/lib/jc2-real-controls-20260910T1204/dummy.stdout: OK
box/f10-middle-real-controls-execution-prep-20260910/harvest/run/jc2-real-controls-20260910T1204/dummy.telemetry.json: OK
box/f10-middle-real-controls-execution-prep-20260910/harvest/var/lib/jc2-real-controls-20260910T1204/dummy.telemetry.json: OK
box/f10-middle-real-controls-execution-prep-20260910/harvest/run/jc2-real-controls-20260910T1204/mutate.post.json: OK
box/f10-middle-real-controls-execution-prep-20260910/harvest/var/lib/jc2-real-controls-20260910T1204/mutate.post.json: OK
box/f10-middle-real-controls-execution-prep-20260910/harvest/run/jc2-real-controls-20260910T1204/mutate.pre.json: OK
box/f10-middle-real-controls-execution-prep-20260910/harvest/var/lib/jc2-real-controls-20260910T1204/mutate.pre.json: OK
box/f10-middle-real-controls-execution-prep-20260910/harvest/run/jc2-real-controls-20260910T1204/mutate.python-live.json: OK
box/f10-middle-real-controls-execution-prep-20260910/harvest/var/lib/jc2-real-controls-20260910T1204/mutate.python-live.json: OK
box/f10-middle-real-controls-execution-prep-20260910/harvest/run/jc2-real-controls-20260910T1204/mutate.runner-live.json: OK
box/f10-middle-real-controls-execution-prep-20260910/harvest/var/lib/jc2-real-controls-20260910T1204/mutate.runner-live.json: OK
box/f10-middle-real-controls-execution-prep-20260910/harvest/run/jc2-real-controls-20260910T1204/mutate.runner.stderr: OK
box/f10-middle-real-controls-execution-prep-20260910/harvest/var/lib/jc2-real-controls-20260910T1204/mutate.runner.stderr: OK
box/f10-middle-real-controls-execution-prep-20260910/harvest/run/jc2-real-controls-20260910T1204/mutate.runner.stdout: OK
box/f10-middle-real-controls-execution-prep-20260910/harvest/var/lib/jc2-real-controls-20260910T1204/mutate.runner.stdout: OK
box/f10-middle-real-controls-execution-prep-20260910/harvest/run/jc2-real-controls-20260910T1204/mutate.stderr: OK
box/f10-middle-real-controls-execution-prep-20260910/harvest/var/lib/jc2-real-controls-20260910T1204/mutate.stderr: OK
box/f10-middle-real-controls-execution-prep-20260910/harvest/run/jc2-real-controls-20260910T1204/mutate.stdout: OK
box/f10-middle-real-controls-execution-prep-20260910/harvest/var/lib/jc2-real-controls-20260910T1204/mutate.stdout: OK
box/f10-middle-real-controls-execution-prep-20260910/harvest/run/jc2-real-controls-20260910T1204/mutate.telemetry.json: OK
box/f10-middle-real-controls-execution-prep-20260910/harvest/var/lib/jc2-real-controls-20260910T1204/mutate.telemetry.json: OK
box/f10-middle-real-controls-execution-prep-20260910/harvest/run/jc2-real-controls-20260910T1204/refuse-argv.post.json: OK
box/f10-middle-real-controls-execution-prep-20260910/harvest/var/lib/jc2-real-controls-20260910T1204/refuse-argv.post.json: OK
box/f10-middle-real-controls-execution-prep-20260910/harvest/run/jc2-real-controls-20260910T1204/refuse-argv.pre.json: OK
box/f10-middle-real-controls-execution-prep-20260910/harvest/var/lib/jc2-real-controls-20260910T1204/refuse-argv.pre.json: OK
box/f10-middle-real-controls-execution-prep-20260910/harvest/run/jc2-real-controls-20260910T1204/refuse-argv.python-live.json: OK
box/f10-middle-real-controls-execution-prep-20260910/harvest/var/lib/jc2-real-controls-20260910T1204/refuse-argv.python-live.json: OK
box/f10-middle-real-controls-execution-prep-20260910/harvest/run/jc2-real-controls-20260910T1204/refuse-argv.runner-live.json: OK
box/f10-middle-real-controls-execution-prep-20260910/harvest/var/lib/jc2-real-controls-20260910T1204/refuse-argv.runner-live.json: OK
box/f10-middle-real-controls-execution-prep-20260910/harvest/run/jc2-real-controls-20260910T1204/refuse-argv.runner.stderr: OK
box/f10-middle-real-controls-execution-prep-20260910/harvest/var/lib/jc2-real-controls-20260910T1204/refuse-argv.runner.stderr: OK
box/f10-middle-real-controls-execution-prep-20260910/harvest/run/jc2-real-controls-20260910T1204/refuse-argv.runner.stdout: OK
box/f10-middle-real-controls-execution-prep-20260910/harvest/var/lib/jc2-real-controls-20260910T1204/refuse-argv.runner.stdout: OK
box/f10-middle-real-controls-execution-prep-20260910/harvest/run/jc2-real-controls-20260910T1204/refuse-argv.stderr: OK
box/f10-middle-real-controls-execution-prep-20260910/harvest/var/lib/jc2-real-controls-20260910T1204/refuse-argv.stderr: OK
box/f10-middle-real-controls-execution-prep-20260910/harvest/run/jc2-real-controls-20260910T1204/refuse-argv.stdout: OK
box/f10-middle-real-controls-execution-prep-20260910/harvest/var/lib/jc2-real-controls-20260910T1204/refuse-argv.stdout: OK
box/f10-middle-real-controls-execution-prep-20260910/harvest/run/jc2-real-controls-20260910T1204/refuse-argv.telemetry.json: OK
box/f10-middle-real-controls-execution-prep-20260910/harvest/var/lib/jc2-real-controls-20260910T1204/refuse-argv.telemetry.json: OK
box/f10-middle-real-controls-execution-prep-20260910/harvest/run/jc2-real-controls-20260910T1204/refuse-caps.post.json: OK
box/f10-middle-real-controls-execution-prep-20260910/harvest/var/lib/jc2-real-controls-20260910T1204/refuse-caps.post.json: OK
box/f10-middle-real-controls-execution-prep-20260910/harvest/run/jc2-real-controls-20260910T1204/refuse-caps.pre.json: OK
box/f10-middle-real-controls-execution-prep-20260910/harvest/var/lib/jc2-real-controls-20260910T1204/refuse-caps.pre.json: OK
box/f10-middle-real-controls-execution-prep-20260910/harvest/run/jc2-real-controls-20260910T1204/refuse-caps.python-live.json: OK
box/f10-middle-real-controls-execution-prep-20260910/harvest/var/lib/jc2-real-controls-20260910T1204/refuse-caps.python-live.json: OK
box/f10-middle-real-controls-execution-prep-20260910/harvest/run/jc2-real-controls-20260910T1204/refuse-caps.runner-live.json: OK
box/f10-middle-real-controls-execution-prep-20260910/harvest/var/lib/jc2-real-controls-20260910T1204/refuse-caps.runner-live.json: OK
box/f10-middle-real-controls-execution-prep-20260910/harvest/run/jc2-real-controls-20260910T1204/refuse-caps.runner.stderr: OK
box/f10-middle-real-controls-execution-prep-20260910/harvest/var/lib/jc2-real-controls-20260910T1204/refuse-caps.runner.stderr: OK
box/f10-middle-real-controls-execution-prep-20260910/harvest/run/jc2-real-controls-20260910T1204/refuse-caps.runner.stdout: OK
box/f10-middle-real-controls-execution-prep-20260910/harvest/var/lib/jc2-real-controls-20260910T1204/refuse-caps.runner.stdout: OK
box/f10-middle-real-controls-execution-prep-20260910/harvest/run/jc2-real-controls-20260910T1204/refuse-caps.stderr: OK
box/f10-middle-real-controls-execution-prep-20260910/harvest/var/lib/jc2-real-controls-20260910T1204/refuse-caps.stderr: OK
box/f10-middle-real-controls-execution-prep-20260910/harvest/run/jc2-real-controls-20260910T1204/refuse-caps.stdout: OK
box/f10-middle-real-controls-execution-prep-20260910/harvest/var/lib/jc2-real-controls-20260910T1204/refuse-caps.stdout: OK
box/f10-middle-real-controls-execution-prep-20260910/harvest/run/jc2-real-controls-20260910T1204/refuse-caps.telemetry.json: OK
box/f10-middle-real-controls-execution-prep-20260910/harvest/var/lib/jc2-real-controls-20260910T1204/refuse-caps.telemetry.json: OK
box/f10-middle-real-controls-execution-prep-20260910/harvest/run/jc2-real-controls-20260910T1204/refuse-disabled.post.json: OK
box/f10-middle-real-controls-execution-prep-20260910/harvest/var/lib/jc2-real-controls-20260910T1204/refuse-disabled.post.json: OK
box/f10-middle-real-controls-execution-prep-20260910/harvest/run/jc2-real-controls-20260910T1204/refuse-disabled.pre.json: OK
box/f10-middle-real-controls-execution-prep-20260910/harvest/var/lib/jc2-real-controls-20260910T1204/refuse-disabled.pre.json: OK
box/f10-middle-real-controls-execution-prep-20260910/harvest/run/jc2-real-controls-20260910T1204/refuse-disabled.python-live.json: OK
box/f10-middle-real-controls-execution-prep-20260910/harvest/var/lib/jc2-real-controls-20260910T1204/refuse-disabled.python-live.json: OK
box/f10-middle-real-controls-execution-prep-20260910/harvest/run/jc2-real-controls-20260910T1204/refuse-disabled.runner-live.json: OK
box/f10-middle-real-controls-execution-prep-20260910/harvest/var/lib/jc2-real-controls-20260910T1204/refuse-disabled.runner-live.json: OK
box/f10-middle-real-controls-execution-prep-20260910/harvest/run/jc2-real-controls-20260910T1204/refuse-disabled.runner.stderr: OK
box/f10-middle-real-controls-execution-prep-20260910/harvest/var/lib/jc2-real-controls-20260910T1204/refuse-disabled.runner.stderr: OK
box/f10-middle-real-controls-execution-prep-20260910/harvest/run/jc2-real-controls-20260910T1204/refuse-disabled.runner.stdout: OK
box/f10-middle-real-controls-execution-prep-20260910/harvest/var/lib/jc2-real-controls-20260910T1204/refuse-disabled.runner.stdout: OK
box/f10-middle-real-controls-execution-prep-20260910/harvest/run/jc2-real-controls-20260910T1204/refuse-disabled.stderr: OK
box/f10-middle-real-controls-execution-prep-20260910/harvest/var/lib/jc2-real-controls-20260910T1204/refuse-disabled.stderr: OK
box/f10-middle-real-controls-execution-prep-20260910/harvest/run/jc2-real-controls-20260910T1204/refuse-disabled.stdout: OK
box/f10-middle-real-controls-execution-prep-20260910/harvest/var/lib/jc2-real-controls-20260910T1204/refuse-disabled.stdout: OK
box/f10-middle-real-controls-execution-prep-20260910/harvest/run/jc2-real-controls-20260910T1204/refuse-disabled.telemetry.json: OK
box/f10-middle-real-controls-execution-prep-20260910/harvest/var/lib/jc2-real-controls-20260910T1204/refuse-disabled.telemetry.json: OK
box/f10-middle-real-controls-execution-prep-20260910/harvest/run/jc2-real-controls-20260910T1204/refuse-missing.post.json: OK
box/f10-middle-real-controls-execution-prep-20260910/harvest/var/lib/jc2-real-controls-20260910T1204/refuse-missing.post.json: OK
box/f10-middle-real-controls-execution-prep-20260910/harvest/run/jc2-real-controls-20260910T1204/refuse-missing.pre.json: OK
box/f10-middle-real-controls-execution-prep-20260910/harvest/var/lib/jc2-real-controls-20260910T1204/refuse-missing.pre.json: OK
box/f10-middle-real-controls-execution-prep-20260910/harvest/run/jc2-real-controls-20260910T1204/refuse-missing.python-live.json: OK
box/f10-middle-real-controls-execution-prep-20260910/harvest/var/lib/jc2-real-controls-20260910T1204/refuse-missing.python-live.json: OK
box/f10-middle-real-controls-execution-prep-20260910/harvest/run/jc2-real-controls-20260910T1204/refuse-missing.runner-live.json: OK
box/f10-middle-real-controls-execution-prep-20260910/harvest/var/lib/jc2-real-controls-20260910T1204/refuse-missing.runner-live.json: OK
box/f10-middle-real-controls-execution-prep-20260910/harvest/run/jc2-real-controls-20260910T1204/refuse-missing.runner.stderr: OK
box/f10-middle-real-controls-execution-prep-20260910/harvest/var/lib/jc2-real-controls-20260910T1204/refuse-missing.runner.stderr: OK
box/f10-middle-real-controls-execution-prep-20260910/harvest/run/jc2-real-controls-20260910T1204/refuse-missing.runner.stdout: OK
box/f10-middle-real-controls-execution-prep-20260910/harvest/var/lib/jc2-real-controls-20260910T1204/refuse-missing.runner.stdout: OK
box/f10-middle-real-controls-execution-prep-20260910/harvest/run/jc2-real-controls-20260910T1204/refuse-missing.stderr: OK
box/f10-middle-real-controls-execution-prep-20260910/harvest/var/lib/jc2-real-controls-20260910T1204/refuse-missing.stderr: OK
box/f10-middle-real-controls-execution-prep-20260910/harvest/run/jc2-real-controls-20260910T1204/refuse-missing.stdout: OK
box/f10-middle-real-controls-execution-prep-20260910/harvest/var/lib/jc2-real-controls-20260910T1204/refuse-missing.stdout: OK
box/f10-middle-real-controls-execution-prep-20260910/harvest/run/jc2-real-controls-20260910T1204/refuse-missing.telemetry.json: OK
box/f10-middle-real-controls-execution-prep-20260910/harvest/var/lib/jc2-real-controls-20260910T1204/refuse-missing.telemetry.json: OK
box/f10-middle-real-controls-execution-prep-20260910/harvest/run/jc2-real-controls-20260910T1204/refuse-wronghost.post.json: OK
box/f10-middle-real-controls-execution-prep-20260910/harvest/var/lib/jc2-real-controls-20260910T1204/refuse-wronghost.post.json: OK
box/f10-middle-real-controls-execution-prep-20260910/harvest/run/jc2-real-controls-20260910T1204/refuse-wronghost.pre.json: OK
box/f10-middle-real-controls-execution-prep-20260910/harvest/var/lib/jc2-real-controls-20260910T1204/refuse-wronghost.pre.json: OK
box/f10-middle-real-controls-execution-prep-20260910/harvest/run/jc2-real-controls-20260910T1204/refuse-wronghost.python-live.json: OK
box/f10-middle-real-controls-execution-prep-20260910/harvest/var/lib/jc2-real-controls-20260910T1204/refuse-wronghost.python-live.json: OK
box/f10-middle-real-controls-execution-prep-20260910/harvest/run/jc2-real-controls-20260910T1204/refuse-wronghost.runner-live.json: OK
box/f10-middle-real-controls-execution-prep-20260910/harvest/var/lib/jc2-real-controls-20260910T1204/refuse-wronghost.runner-live.json: OK
box/f10-middle-real-controls-execution-prep-20260910/harvest/run/jc2-real-controls-20260910T1204/refuse-wronghost.runner.stderr: OK
box/f10-middle-real-controls-execution-prep-20260910/harvest/var/lib/jc2-real-controls-20260910T1204/refuse-wronghost.runner.stderr: OK
box/f10-middle-real-controls-execution-prep-20260910/harvest/run/jc2-real-controls-20260910T1204/refuse-wronghost.runner.stdout: OK
box/f10-middle-real-controls-execution-prep-20260910/harvest/var/lib/jc2-real-controls-20260910T1204/refuse-wronghost.runner.stdout: OK
box/f10-middle-real-controls-execution-prep-20260910/harvest/run/jc2-real-controls-20260910T1204/refuse-wronghost.stderr: OK
box/f10-middle-real-controls-execution-prep-20260910/harvest/var/lib/jc2-real-controls-20260910T1204/refuse-wronghost.stderr: OK
box/f10-middle-real-controls-execution-prep-20260910/harvest/run/jc2-real-controls-20260910T1204/refuse-wronghost.stdout: OK
box/f10-middle-real-controls-execution-prep-20260910/harvest/var/lib/jc2-real-controls-20260910T1204/refuse-wronghost.stdout: OK
box/f10-middle-real-controls-execution-prep-20260910/harvest/run/jc2-real-controls-20260910T1204/refuse-wronghost.telemetry.json: OK
box/f10-middle-real-controls-execution-prep-20260910/harvest/var/lib/jc2-real-controls-20260910T1204/refuse-wronghost.telemetry.json: OK
box/f10-middle-real-controls-execution-prep-20260910/harvest/run/jc2-real-controls-20260910T1204/startup-checker.post.json: OK
box/f10-middle-real-controls-execution-prep-20260910/harvest/var/lib/jc2-real-controls-20260910T1204/startup-checker.post.json: OK
box/f10-middle-real-controls-execution-prep-20260910/harvest/run/jc2-real-controls-20260910T1204/startup-checker.pre.json: OK
box/f10-middle-real-controls-execution-prep-20260910/harvest/var/lib/jc2-real-controls-20260910T1204/startup-checker.pre.json: OK
box/f10-middle-real-controls-execution-prep-20260910/harvest/run/jc2-real-controls-20260910T1204/startup-checker.python-live.json: OK
box/f10-middle-real-controls-execution-prep-20260910/harvest/var/lib/jc2-real-controls-20260910T1204/startup-checker.python-live.json: OK
box/f10-middle-real-controls-execution-prep-20260910/harvest/run/jc2-real-controls-20260910T1204/startup-checker.runner-live.json: OK
box/f10-middle-real-controls-execution-prep-20260910/harvest/var/lib/jc2-real-controls-20260910T1204/startup-checker.runner-live.json: OK
box/f10-middle-real-controls-execution-prep-20260910/harvest/run/jc2-real-controls-20260910T1204/startup-checker.runner.stderr: OK
box/f10-middle-real-controls-execution-prep-20260910/harvest/var/lib/jc2-real-controls-20260910T1204/startup-checker.runner.stderr: OK
box/f10-middle-real-controls-execution-prep-20260910/harvest/run/jc2-real-controls-20260910T1204/startup-checker.runner.stdout: OK
box/f10-middle-real-controls-execution-prep-20260910/harvest/var/lib/jc2-real-controls-20260910T1204/startup-checker.runner.stdout: OK
box/f10-middle-real-controls-execution-prep-20260910/harvest/run/jc2-real-controls-20260910T1204/startup-checker.stderr: OK
box/f10-middle-real-controls-execution-prep-20260910/harvest/var/lib/jc2-real-controls-20260910T1204/startup-checker.stderr: OK
box/f10-middle-real-controls-execution-prep-20260910/harvest/run/jc2-real-controls-20260910T1204/startup-checker.stdout: OK
box/f10-middle-real-controls-execution-prep-20260910/harvest/var/lib/jc2-real-controls-20260910T1204/startup-checker.stdout: OK
box/f10-middle-real-controls-execution-prep-20260910/harvest/run/jc2-real-controls-20260910T1204/startup-checker.telemetry.json: OK
box/f10-middle-real-controls-execution-prep-20260910/harvest/var/lib/jc2-real-controls-20260910T1204/startup-checker.telemetry.json: OK
box/f10-middle-real-controls-execution-prep-20260910/harvest/run/jc2-real-controls-20260910T1204/startup-producer.post.json: OK
box/f10-middle-real-controls-execution-prep-20260910/harvest/var/lib/jc2-real-controls-20260910T1204/startup-producer.post.json: OK
box/f10-middle-real-controls-execution-prep-20260910/harvest/run/jc2-real-controls-20260910T1204/startup-producer.pre.json: OK
box/f10-middle-real-controls-execution-prep-20260910/harvest/var/lib/jc2-real-controls-20260910T1204/startup-producer.pre.json: OK
box/f10-middle-real-controls-execution-prep-20260910/harvest/run/jc2-real-controls-20260910T1204/startup-producer.python-live.json: OK
box/f10-middle-real-controls-execution-prep-20260910/harvest/var/lib/jc2-real-controls-20260910T1204/startup-producer.python-live.json: OK
box/f10-middle-real-controls-execution-prep-20260910/harvest/run/jc2-real-controls-20260910T1204/startup-producer.runner-live.json: OK
box/f10-middle-real-controls-execution-prep-20260910/harvest/var/lib/jc2-real-controls-20260910T1204/startup-producer.runner-live.json: OK
box/f10-middle-real-controls-execution-prep-20260910/harvest/run/jc2-real-controls-20260910T1204/startup-producer.runner.stderr: OK
box/f10-middle-real-controls-execution-prep-20260910/harvest/var/lib/jc2-real-controls-20260910T1204/startup-producer.runner.stderr: OK
box/f10-middle-real-controls-execution-prep-20260910/harvest/run/jc2-real-controls-20260910T1204/startup-producer.runner.stdout: OK
box/f10-middle-real-controls-execution-prep-20260910/harvest/var/lib/jc2-real-controls-20260910T1204/startup-producer.runner.stdout: OK
box/f10-middle-real-controls-execution-prep-20260910/harvest/run/jc2-real-controls-20260910T1204/startup-producer.stderr: OK
box/f10-middle-real-controls-execution-prep-20260910/harvest/var/lib/jc2-real-controls-20260910T1204/startup-producer.stderr: OK
box/f10-middle-real-controls-execution-prep-20260910/harvest/run/jc2-real-controls-20260910T1204/startup-producer.stdout: OK
box/f10-middle-real-controls-execution-prep-20260910/harvest/var/lib/jc2-real-controls-20260910T1204/startup-producer.stdout: OK
box/f10-middle-real-controls-execution-prep-20260910/harvest/run/jc2-real-controls-20260910T1204/startup-producer.telemetry.json: OK
box/f10-middle-real-controls-execution-prep-20260910/harvest/var/lib/jc2-real-controls-20260910T1204/startup-producer.telemetry.json: OK
box/f10-middle-real-controls-execution-prep-20260910/harvest/run/jc2-real-controls-20260910T1204/valid.post.json: OK
box/f10-middle-real-controls-execution-prep-20260910/harvest/var/lib/jc2-real-controls-20260910T1204/valid.post.json: OK
box/f10-middle-real-controls-execution-prep-20260910/harvest/run/jc2-real-controls-20260910T1204/valid.pre.json: OK
box/f10-middle-real-controls-execution-prep-20260910/harvest/var/lib/jc2-real-controls-20260910T1204/valid.pre.json: OK
box/f10-middle-real-controls-execution-prep-20260910/harvest/run/jc2-real-controls-20260910T1204/valid.python-live.json: OK
box/f10-middle-real-controls-execution-prep-20260910/harvest/var/lib/jc2-real-controls-20260910T1204/valid.python-live.json: OK
box/f10-middle-real-controls-execution-prep-20260910/harvest/run/jc2-real-controls-20260910T1204/valid.runner-live.json: OK
box/f10-middle-real-controls-execution-prep-20260910/harvest/var/lib/jc2-real-controls-20260910T1204/valid.runner-live.json: OK
box/f10-middle-real-controls-execution-prep-20260910/harvest/run/jc2-real-controls-20260910T1204/valid.runner.stderr: OK
box/f10-middle-real-controls-execution-prep-20260910/harvest/var/lib/jc2-real-controls-20260910T1204/valid.runner.stderr: OK
box/f10-middle-real-controls-execution-prep-20260910/harvest/run/jc2-real-controls-20260910T1204/valid.runner.stdout: OK
box/f10-middle-real-controls-execution-prep-20260910/harvest/var/lib/jc2-real-controls-20260910T1204/valid.runner.stdout: OK
box/f10-middle-real-controls-execution-prep-20260910/harvest/run/jc2-real-controls-20260910T1204/valid.stderr: OK
box/f10-middle-real-controls-execution-prep-20260910/harvest/var/lib/jc2-real-controls-20260910T1204/valid.stderr: OK
box/f10-middle-real-controls-execution-prep-20260910/harvest/run/jc2-real-controls-20260910T1204/valid.stdout: OK
box/f10-middle-real-controls-execution-prep-20260910/harvest/var/lib/jc2-real-controls-20260910T1204/valid.stdout: OK
box/f10-middle-real-controls-execution-prep-20260910/harvest/run/jc2-real-controls-20260910T1204/valid.telemetry.json: OK
box/f10-middle-real-controls-execution-prep-20260910/harvest/var/lib/jc2-real-controls-20260910T1204/valid.telemetry.json: OK
box/f10-middle-real-controls-execution-prep-20260910/harvest/run/jc2-real-controls-20260910T1204/writer/dummy.payload: OK
box/f10-middle-real-controls-execution-prep-20260910/harvest/var/lib/jc2-real-controls-20260910T1204/writer/dummy.payload: OK
box/f10-middle-real-controls-execution-prep-20260910/harvest/run/jc2-real-controls-20260910T1204/writer/mutate.payload: OK
box/f10-middle-real-controls-execution-prep-20260910/harvest/var/lib/jc2-real-controls-20260910T1204/writer/mutate.payload: OK
box/f10-middle-real-controls-execution-prep-20260910/harvest/run/jc2-real-controls-20260910T1204/writer/valid.payload: OK
box/f10-middle-real-controls-execution-prep-20260910/harvest/var/lib/jc2-real-controls-20260910T1204/writer/valid.payload: OK
box/f10-middle-real-controls-execution-prep-20260910/harvest/run/jc2-real-controls-20260910T1204/frozen/mutated-R.json: OK
box/f10-middle-real-controls-execution-prep-20260910/harvest/var/lib/jc2-real-controls-20260910T1204/frozen/mutated-R.json: OK
box/f10-middle-real-controls-execution-prep-20260910/harvest/run/jc2-real-controls-20260910T1204/frozen/mutated-U.json: OK
box/f10-middle-real-controls-execution-prep-20260910/harvest/var/lib/jc2-real-controls-20260910T1204/frozen/mutated-U.json: OK
box/f10-middle-real-controls-execution-prep-20260910/harvest/run/jc2-real-controls-20260910T1204/frozen/mutated-bernstein.json: OK
box/f10-middle-real-controls-execution-prep-20260910/harvest/var/lib/jc2-real-controls-20260910T1204/frozen/mutated-bernstein.json: OK
box/f10-middle-real-controls-execution-prep-20260910/harvest/run/jc2-real-controls-20260910T1204/frozen/mutated-j.json: OK
box/f10-middle-real-controls-execution-prep-20260910/harvest/var/lib/jc2-real-controls-20260910T1204/frozen/mutated-j.json: OK
box/f10-middle-real-controls-execution-prep-20260910/harvest/run/jc2-real-controls-20260910T1204/authority/check-R.authority.json: OK
box/f10-middle-real-controls-execution-prep-20260910/harvest/var/lib/jc2-real-controls-20260910T1204/authority/check-R.authority.json: OK
box/f10-middle-real-controls-execution-prep-20260910/harvest/run/jc2-real-controls-20260910T1204/authority/check-U.authority.json: OK
box/f10-middle-real-controls-execution-prep-20260910/harvest/var/lib/jc2-real-controls-20260910T1204/authority/check-U.authority.json: OK
box/f10-middle-real-controls-execution-prep-20260910/harvest/run/jc2-real-controls-20260910T1204/authority/check-bernstein.authority.json: OK
box/f10-middle-real-controls-execution-prep-20260910/harvest/var/lib/jc2-real-controls-20260910T1204/authority/check-bernstein.authority.json: OK
box/f10-middle-real-controls-execution-prep-20260910/harvest/run/jc2-real-controls-20260910T1204/authority/check-j.authority.json: OK
box/f10-middle-real-controls-execution-prep-20260910/harvest/var/lib/jc2-real-controls-20260910T1204/authority/check-j.authority.json: OK
box/f10-middle-real-controls-execution-prep-20260910/harvest/run/jc2-real-controls-20260910T1204/authority/dummy.authority.json: OK
box/f10-middle-real-controls-execution-prep-20260910/harvest/var/lib/jc2-real-controls-20260910T1204/authority/dummy.authority.json: OK
box/f10-middle-real-controls-execution-prep-20260910/harvest/run/jc2-real-controls-20260910T1204/authority/mutate.authority.json: OK
box/f10-middle-real-controls-execution-prep-20260910/harvest/var/lib/jc2-real-controls-20260910T1204/authority/mutate.authority.json: OK
box/f10-middle-real-controls-execution-prep-20260910/harvest/run/jc2-real-controls-20260910T1204/authority/refuse-argv.authority.json: OK
box/f10-middle-real-controls-execution-prep-20260910/harvest/var/lib/jc2-real-controls-20260910T1204/authority/refuse-argv.authority.json: OK
box/f10-middle-real-controls-execution-prep-20260910/harvest/run/jc2-real-controls-20260910T1204/authority/refuse-caps.authority.json: OK
box/f10-middle-real-controls-execution-prep-20260910/harvest/var/lib/jc2-real-controls-20260910T1204/authority/refuse-caps.authority.json: OK
box/f10-middle-real-controls-execution-prep-20260910/harvest/run/jc2-real-controls-20260910T1204/authority/refuse-disabled.authority.json: OK
box/f10-middle-real-controls-execution-prep-20260910/harvest/var/lib/jc2-real-controls-20260910T1204/authority/refuse-disabled.authority.json: OK
box/f10-middle-real-controls-execution-prep-20260910/harvest/run/jc2-real-controls-20260910T1204/authority/refuse-missing.authority.json: OK
box/f10-middle-real-controls-execution-prep-20260910/harvest/var/lib/jc2-real-controls-20260910T1204/authority/refuse-missing.authority.json: OK
box/f10-middle-real-controls-execution-prep-20260910/harvest/run/jc2-real-controls-20260910T1204/authority/refuse-wronghost.authority.json: OK
box/f10-middle-real-controls-execution-prep-20260910/harvest/var/lib/jc2-real-controls-20260910T1204/authority/refuse-wronghost.authority.json: OK
box/f10-middle-real-controls-execution-prep-20260910/harvest/run/jc2-real-controls-20260910T1204/authority/startup-checker.authority.json: OK
box/f10-middle-real-controls-execution-prep-20260910/harvest/var/lib/jc2-real-controls-20260910T1204/authority/startup-checker.authority.json: OK
box/f10-middle-real-controls-execution-prep-20260910/harvest/run/jc2-real-controls-20260910T1204/authority/startup-producer.authority.json: OK
box/f10-middle-real-controls-execution-prep-20260910/harvest/var/lib/jc2-real-controls-20260910T1204/authority/startup-producer.authority.json: OK
box/f10-middle-real-controls-execution-prep-20260910/harvest/run/jc2-real-controls-20260910T1204/authority/valid.authority.json: OK
box/f10-middle-real-controls-execution-prep-20260910/harvest/var/lib/jc2-real-controls-20260910T1204/authority/valid.authority.json: OK
box/f10-middle-real-controls-execution-prep-20260910/harvest/var/lib/jc2-real-controls-20260910T1204/CUSTODY.json: OK
box/f10-middle-real-controls-execution-prep-20260910/harvest/opt/jc2-real-controls-20260910T1204/run_capped.py: OK
box/f10-middle-real-controls-execution-prep-20260910/harvest/opt/jc2-real-controls-20260910T1204/f10-middle-real-code-astra-20260910.md: OK
box/f10-middle-real-controls-execution-prep-20260910/harvest/opt/jc2-real-controls-20260910T1204/f10-middle-real-code-gate-fable5-20260910.md: OK
box/f10-middle-real-controls-execution-prep-20260910/harvest/opt/jc2-real-controls-20260910T1204/f10-middle-real-domain-astra-20260910.md: OK
box/f10-middle-real-controls-execution-prep-20260910/harvest/opt/jc2-real-controls-20260910T1204/f10-middle-real-domain-gate-fable5-20260910.md: OK
box/f10-middle-real-controls-execution-prep-20260910/harvest/opt/jc2-real-controls-20260910T1204/f10-middle-resonance-unit-astra-20260910.md: OK
box/f10-middle-real-controls-execution-prep-20260910/harvest/opt/jc2-real-controls-20260910T1204/f10-middle-resonance-unit-gate-fable5-20260910.md: OK
box/f10-middle-real-controls-execution-prep-20260910/harvest/opt/jc2-real-controls-20260910T1204/f10-middle-full-boundary-astra-20260910.md: OK
box/f10-middle-real-controls-execution-prep-20260910/harvest/opt/jc2-real-controls-20260910T1204/f10-middle-full-boundary-gate-fable5-20260910.md: OK
box/f10-middle-real-controls-execution-prep-20260910/harvest/opt/jc2-real-controls-20260910T1204/f10-middle-univariate-unit-astra-20260910.md: OK
box/f10-middle-real-controls-execution-prep-20260910/harvest/opt/jc2-real-controls-20260910T1204/f10-middle-septic-gate-fable5-20260910.md: OK
box/f10-middle-real-controls-execution-prep-20260910/harvest/opt/jc2-real-controls-20260910T1204/f10-middle-real-runtime-gate-fable5-20260910.md: OK
box/f10-middle-real-controls-execution-prep-20260910/harvest/opt/jc2-real-controls-20260910T1204/dispatch.py: OK
box/f10-middle-real-controls-execution-prep-20260910/harvest/opt/jc2-real-controls-20260910T1204/mutator.py: OK
box/f10-middle-real-controls-execution-prep-20260910/harvest/opt/jc2-real-controls-20260910T1204/probe.py: OK
box/f10-middle-real-controls-execution-prep-20260910/harvest/opt/jc2-real-controls-20260910T1204/authority.py: OK
box/f10-middle-real-controls-execution-prep-20260910/harvest/opt/jc2-real-controls-20260910T1204/producer.py: OK
box/f10-middle-real-controls-execution-prep-20260910/harvest/opt/jc2-real-controls-20260910T1204/checker.py: OK
box/f10-middle-real-controls-execution-prep-20260910/harvest/opt/jc2-real-controls-20260910T1204/f10-middle-real-controls-astra-20260910.md: OK
box/f10-middle-real-controls-execution-prep-20260910/harvest/opt/jc2-real-controls-20260910T1204/f10-middle-real-controls-gate-fable5-20260910.md: OK
box/f10-middle-real-controls-execution-prep-20260910/harvest/opt/jc2-real-controls-20260910T1204/CONTRACT.md: OK
box/f10-middle-real-controls-execution-prep-20260910/harvest/opt/jc2-real-controls-20260910T1204/native-manifest.json: OK
box/f10-middle-real-controls-execution-prep-20260910/harvest/opt/jc2-real-controls-20260910T1204/certificate.json: OK
box/f10-middle-real-controls-execution-prep-20260910/harvest/opt/jc2-real-controls-20260910T1204/check.payload: OK
box/f10-middle-real-controls-execution-prep-20260910/harvest/opt/jc2-real-controls-20260910T1204/ROOT-EXECUTION-CARD.md: OK
box/f10-middle-real-controls-execution-prep-20260910/harvest/opt/jc2-real-controls-20260910T1204/ROOT-REGISTRATION.json: OK
