	Command being timed: "timeout 3600 /home/ubuntu/jobs/as_global_chart_qfbv_20260825T0628Z/proof_v2/drat_trim_tool/source/drat-trim /home/ubuntu/jobs/as_p2_depth3_pilot_20260825T1140Z_v2/d2/proof/d2.cnf /home/ubuntu/jobs/as_p2_depth3_pilot_20260825T1140Z_v2/d2/proof/d2.drat"
	User time (seconds): 0.03
	System time (seconds): 0.02
	Percent of CPU this job got: 100%
	Elapsed (wall clock) time (h:mm:ss or m:ss): 0:00.06
	Average shared text size (kbytes): 0
	Average unshared data size (kbytes): 0
	Average stack size (kbytes): 0
	Average total size (kbytes): 0
	Maximum resident set size (kbytes): 63488
	Average resident set size (kbytes): 0
	Major (requiring I/O) page faults: 0
	Minor (reclaiming a frame) page faults: 15882
	Voluntary context switches: 3
	Involuntary context switches: 0
	Swaps: 0
	File system inputs: 0
	File system outputs: 8
	Socket messages sent: 0
	Socket messages received: 0
	Signals delivered: 0
	Page size (bytes): 4096
	Exit status: 0
