processed 100/1420 rows; same-tree all killed rows=8
processed 200/1420 rows; same-tree all killed rows=13
processed 300/1420 rows; same-tree all killed rows=15
processed 400/1420 rows; same-tree all killed rows=17
processed 500/1420 rows; same-tree all killed rows=23
processed 600/1420 rows; same-tree all killed rows=23
processed 700/1420 rows; same-tree all killed rows=28
processed 800/1420 rows; same-tree all killed rows=30
processed 900/1420 rows; same-tree all killed rows=32
processed 1000/1420 rows; same-tree all killed rows=37
processed 1100/1420 rows; same-tree all killed rows=42
processed 1200/1420 rows; same-tree all killed rows=42
processed 1300/1420 rows; same-tree all killed rows=48
processed 1400/1420 rows; same-tree all killed rows=48
processed 1420/1420 rows; same-tree all killed rows=48
{
  "independent_sharp": {
    "groups": 686,
    "killed_groups": 33,
    "killed_rows": 48,
    "rows": 1420,
    "touched_groups": 42
  },
  "same_tree_all": {
    "groups": 686,
    "killed_groups": 33,
    "killed_rows": 48,
    "rows": 1420,
    "touched_groups": 42
  },
  "same_tree_cor53": {
    "groups": 686,
    "killed_groups": 33,
    "killed_rows": 48,
    "rows": 1420,
    "touched_groups": 42
  }
}
wrote box/xusametree-20260903/same_tree_results.json
