	Command being timed: "timeout 600 Singular -q /home/ubuntu/jobs/max12_812_order2_first_normal_minass_p32003_20260826T044600Z_box03/compiled/first_normal_minass_bases_p32003.sing"
	User time (seconds): 177.70
	System time (seconds): 0.05
	Percent of CPU this job got: 99%
	Elapsed (wall clock) time (h:mm:ss or m:ss): 2:57.76
	Average shared text size (kbytes): 0
	Average unshared data size (kbytes): 0
	Average stack size (kbytes): 0
	Average total size (kbytes): 0
	Maximum resident set size (kbytes): 72076
	Average resident set size (kbytes): 0
	Major (requiring I/O) page faults: 0
	Minor (reclaiming a frame) page faults: 20852
	Voluntary context switches: 3
	Involuntary context switches: 220
	Swaps: 0
	File system inputs: 0
	File system outputs: 80
	Socket messages sent: 0
	Socket messages received: 0
	Signals delivered: 0
	Page size (bytes): 4096
	Exit status: 0
