box/caprun-closed-scope-c-execution-root-20260911/ADMIN-NATIVE-QUALIFIED.json: OK
box/caprun-closed-scope-c-execution-root-20260911/AUTHORITIES.preallocation.json: OK
box/caprun-closed-scope-c-execution-root-20260911/AUTHORITIES.preholder.json: OK
box/caprun-closed-scope-c-execution-root-20260911/CYCLE-STOP.md: OK
box/caprun-closed-scope-c-execution-root-20260911/FINAL-INSTALL-INPUTS.sha256: OK
box/caprun-closed-scope-c-execution-root-20260911/LATE-OBSERVATION.json: OK
box/caprun-closed-scope-c-execution-root-20260911/ORIGINAL-CLOCKS.json: OK
box/caprun-closed-scope-c-execution-root-20260911/PLAN.md: OK
box/caprun-closed-scope-c-execution-root-20260911/PRE-ADMISSION-INSTALLED.sha256: OK
box/caprun-closed-scope-c-execution-root-20260911/PRE-ADMISSION-STAGE.sha256: OK
box/caprun-closed-scope-c-execution-root-20260911/PREHOLDER-PINS.json: OK
box/caprun-closed-scope-c-execution-root-20260911/ROOT-EXECUTION-CARD.md: OK
box/caprun-closed-scope-c-execution-root-20260911/ROOT-EXECUTION-CARD.preallocation.md: OK
box/caprun-closed-scope-c-execution-root-20260911/ROOT-EXECUTION-CARD.preholder.md: OK
box/caprun-closed-scope-c-execution-root-20260911/ROOT-METADATA-DECISION.json: OK
box/caprun-closed-scope-c-execution-root-20260911/ROOT-OFFLINE-QUALIFICATION.md: OK
box/caprun-closed-scope-c-execution-root-20260911/ROOT-PORT-MAP.json: OK
box/caprun-closed-scope-c-execution-root-20260911/ROOT-PREHOLDER-QUALIFIED.md: OK
box/caprun-closed-scope-c-execution-root-20260911/ROOT-READY-INPUTS.sha256: OK
box/caprun-closed-scope-c-execution-root-20260911/ROOT-REGISTRATION.json: OK
box/caprun-closed-scope-c-execution-root-20260911/ROOT-REGISTRATION.preallocation.json: OK
box/caprun-closed-scope-c-execution-root-20260911/ROOT-REGISTRATION.preholder.json: OK
box/caprun-closed-scope-c-execution-root-20260911/ROOT-SOURCE-CONTRACT.json: OK
box/caprun-closed-scope-c-execution-root-20260911/SUMMARY.json: OK
box/caprun-closed-scope-c-execution-root-20260911/admin-helper-metadata.sh: OK
box/caprun-closed-scope-c-execution-root-20260911/admin-helper.stderr: OK
box/caprun-closed-scope-c-execution-root-20260911/admin-helper.stdout: OK
box/caprun-closed-scope-c-execution-root-20260911/admission.stderr: OK
box/caprun-closed-scope-c-execution-root-20260911/admission.stdout: OK
box/caprun-closed-scope-c-execution-root-20260911/archive-remote-observation.stdout: OK
box/caprun-closed-scope-c-execution-root-20260911/authority/dummy.json: OK
box/caprun-closed-scope-c-execution-root-20260911/authority/refuse-caps.json: OK
box/caprun-closed-scope-c-execution-root-20260911/authority/refuse-hash.json: OK
box/caprun-closed-scope-c-execution-root-20260911/authority/refuse-inventory.json: OK
box/caprun-closed-scope-c-execution-root-20260911/authority/refuse-source.json: OK
box/caprun-closed-scope-c-execution-root-20260911/authority/refuse-status.json: OK
box/caprun-closed-scope-c-execution-root-20260911/authority/startup-check.json: OK
box/caprun-closed-scope-c-execution-root-20260911/authority/startup-produce.json: OK
box/caprun-closed-scope-c-execution-root-20260911/authority/valid.json: OK
box/caprun-closed-scope-c-execution-root-20260911/coordinator-retirement-immediate.stdout: OK
box/caprun-closed-scope-c-execution-root-20260911/dummy.policy.preallocation.json: OK
box/caprun-closed-scope-c-execution-root-20260911/final-install.preholder.sh: OK
box/caprun-closed-scope-c-execution-root-20260911/final-install.sh: OK
box/caprun-closed-scope-c-execution-root-20260911/holder.preallocation.py: OK
box/caprun-closed-scope-c-execution-root-20260911/holder.py: OK
box/caprun-closed-scope-c-execution-root-20260911/launch-response.json: OK
box/caprun-closed-scope-c-execution-root-20260911/launch-worker.preallocation.sh: OK
box/caprun-closed-scope-c-execution-root-20260911/launch-worker.sh: OK
box/caprun-closed-scope-c-execution-root-20260911/leaves.stderr: OK
box/caprun-closed-scope-c-execution-root-20260911/leaves.stdout: OK
box/caprun-closed-scope-c-execution-root-20260911/native-manifest.json: OK
box/caprun-closed-scope-c-execution-root-20260911/native-metadata.sh: OK
box/caprun-closed-scope-c-execution-root-20260911/native.sha256: OK
box/caprun-closed-scope-c-execution-root-20260911/native.stderr: OK
box/caprun-closed-scope-c-execution-root-20260911/native.stdout: OK
box/caprun-closed-scope-c-execution-root-20260911/outer-admission.preallocation.sh: OK
box/caprun-closed-scope-c-execution-root-20260911/outer-admission.sh: OK
box/caprun-closed-scope-c-execution-root-20260911/physical-metadata.sh: OK
box/caprun-closed-scope-c-execution-root-20260911/physical.stderr: OK
box/caprun-closed-scope-c-execution-root-20260911/physical.stdout: OK
box/caprun-closed-scope-c-execution-root-20260911/preflight-policy.json: OK
box/caprun-closed-scope-c-execution-root-20260911/preholder-authorities/refuse-caps.json: OK
box/caprun-closed-scope-c-execution-root-20260911/preholder-authorities/refuse-hash.json: OK
box/caprun-closed-scope-c-execution-root-20260911/preholder-authorities/refuse-inventory.json: OK
box/caprun-closed-scope-c-execution-root-20260911/preholder-authorities/refuse-source.json: OK
box/caprun-closed-scope-c-execution-root-20260911/preholder-authorities/refuse-status.json: OK
box/caprun-closed-scope-c-execution-root-20260911/preholder-authorities/startup-check.json: OK
box/caprun-closed-scope-c-execution-root-20260911/preholder-authorities/startup-produce.json: OK
box/caprun-closed-scope-c-execution-root-20260911/preholder-security.sh: OK
box/caprun-closed-scope-c-execution-root-20260911/preholder-security.stderr: OK
box/caprun-closed-scope-c-execution-root-20260911/preholder-security.stdout: OK
box/caprun-closed-scope-c-execution-root-20260911/prepare-leaves.preholder.sh: OK
box/caprun-closed-scope-c-execution-root-20260911/prepare-leaves.sh: OK
box/caprun-closed-scope-c-execution-root-20260911/setup-pre-admission.sh: OK
box/caprun-closed-scope-c-execution-root-20260911/setup.stderr: OK
box/caprun-closed-scope-c-execution-root-20260911/setup.stdout: OK
box/caprun-closed-scope-c-execution-root-20260911/source-native-manifest.json: OK
box/caprun-closed-scope-c-execution-root-20260911/ssh-known-hosts: OK
box/caprun-closed-scope-c-execution-root-20260911/stage/ROOT-SOURCE-CONTRACT.json: OK
box/caprun-closed-scope-c-execution-root-20260911/stage/arithmetic.py: OK
box/caprun-closed-scope-c-execution-root-20260911/stage/authority.py: OK
box/caprun-closed-scope-c-execution-root-20260911/stage/check.py: OK
box/caprun-closed-scope-c-execution-root-20260911/stage/check_arithmetic.py: OK
box/caprun-closed-scope-c-execution-root-20260911/stage/dispatch.py: OK
box/caprun-closed-scope-c-execution-root-20260911/stage/holder.py: OK
box/caprun-closed-scope-c-execution-root-20260911/stage/mutate.py: OK
box/caprun-closed-scope-c-execution-root-20260911/stage/native-manifest.json: OK
box/caprun-closed-scope-c-execution-root-20260911/stage/native.sha256: OK
box/caprun-closed-scope-c-execution-root-20260911/stage/native.stdout: OK
box/caprun-closed-scope-c-execution-root-20260911/stage/preflight-policy.json: OK
box/caprun-closed-scope-c-execution-root-20260911/stage/probe.py: OK
box/caprun-closed-scope-c-execution-root-20260911/stage/produce.py: OK
box/caprun-closed-scope-c-execution-root-20260911/stage/run_capped.py: OK
box/caprun-closed-scope-c-execution-root-20260911/stage/source-native-manifest.json: OK
box/caprun-closed-scope-c-execution-root-20260911/terminal-native-pins.stdout: OK
box/caprun-closed-scope-c-execution-root-20260911/terminal-observation.stdout: OK
box/caprun-closed-scope-c-execution-root-20260911/terminal-systemd.stdout: OK
box/caprun-closed-scope-c-execution-root-20260911/valid.policy.preallocation.json: OK
