{"msg": "PASS source_hash", "rss_kib": 29804, "t": 0.0}
{"msg": "PASS residual_rows_empty", "rss_kib": 31340, "t": 0.0}
{"msg": "PASS normalization", "rss_kib": 31340, "t": 0.0}
{"msg": "PASS source_name_census", "rss_kib": 31340, "t": 0.0, "unused": ["Z55", "leader55", "target_c", "target_d", "target_e"]}
{"msg": "PASS header_ring", "rss_kib": 31340, "t": 0.0}
{"msg": "PASS variable_order_literal", "n_hfact": 160, "n_source": 439, "rss_kib": 31340, "t": 0.0}
{"deg_C": 35, "deg_C2": 14, "deg_C3": 14, "deg_D": 34, "deg_h": 33, "deg_h3": 11, "max_semdeg_C": 1, "max_semdeg_D": 1, "max_semdeg_h_source": 12, "msg": "PASS physical_degrees", "rss_kib": 48740, "support_C": 201, "support_D": 194, "support_h": 178, "t": 0.04, "terms_C": 228, "terms_D": 223, "terms_h_source": 9913}
{"msg": "PASS h_top_form_fixed", "rss_kib": 48740, "t": 0.04}
{"F_top": "W^72*(X+W)^27", "G_top": "W^48*(X+W)^18", "msg": "PASS FG_exact_degrees", "rss_kib": 48740, "t": 0.04}
{"constants": {"0_33": "1", "1_0": "1", "1_32": "9", "2_3": "-8", "2_31": "36", "3_30": "84", "3_6": "28", "4_29": "126", "4_9": "-56", "5_12": "70", "5_28": "126", "6_15": "-56", "6_27": "84", "7_18": "28", "7_26": "36", "8_21": "-8", "8_25": "9", "9_24": "1"}, "msg": "PASS sites_match_Hfact_list", "n_sites": 160, "rss_kib": 49036, "t": 0.04}
{"msg": "building brackets", "rss_kib": 49036, "t": 0.04}
{"cd": 47783, "ch": 38520, "hd": 37614, "msg": "brackets", "rss_kib": 188160, "t": 0.19}
{"msg": "A*hd", "rss_kib": 4785792, "t": 6.13, "terms": 7685332}
{"msg": "B*ch", "rss_kib": 6936192, "t": 8.11, "terms": 3556009}
{"msg": "Jmine", "rss_kib": 20489600, "semdeg": 101, "t": 13.63, "terms": 11289124}
{"lifted_terms": 12, "msg": "PASS J0_lift_compose_equals_source", "rss_kib": 20489600, "source_degree": 8, "source_terms": 45, "t": 13.64}
{"lifted_sha": "275d955b760e52bcea6a28923bdc6bc5134bd1b855da9016e225fd004fb53743", "msg": "PASS J0_json_texts", "rss_kib": 20489600, "source_sha": "63b5edb9fadbf9dd1b530b51613e4732ab2f2c94e62b29f287d4d425cc079d30", "t": 13.64}
{"msg": "streaming literal rows", "rss_kib": 20489600, "t": 13.64}
{"msg": "rows", "rows": 300, "rss_kib": 20489600, "t": 14.97, "terms": 154717}
{"msg": "rows", "rows": 600, "rss_kib": 20489600, "t": 33.16, "terms": 2671119}
{"msg": "rows", "rows": 900, "rss_kib": 20489600, "t": 64.86, "terms": 7299400}
{"msg": "rows", "rows": 1200, "rss_kib": 20489600, "t": 85.5, "terms": 10399480}
{"msg": "rows", "rows": 1500, "rss_kib": 20489600, "t": 91.43, "terms": 11273495}
{"msg": "PASS no_trailing_data", "rss_kib": 20489600, "t": 91.66}
{"msg": "PASS graph_rows_exact", "n_def": 160, "rss_kib": 20489600, "t": 91.66}
{"msg": "PASS inverse_row_exact", "rss_kib": 20489600, "t": 91.66}
{"generators": 1629, "msg": "PASS footer_counts_and_hash", "rss_kib": 20489600, "stream_sha": "9fd637ac64193872a7354502e3dca590d43ad8eebd0ca4dbc9f8579af5fa77f0", "t": 91.66, "terms": 11299180}
{"max_phys_degree": 99, "msg": "PASS J_row_census", "n_J": 1468, "rss_kib": 20489600, "t": 91.66}
{"msg": "tree sum of tagged rows", "n": 1468, "rss_kib": 20489600, "t": 91.66}
{"msg": "level", "n": 734, "rss_kib": 22642944, "t": 94.27}
{"msg": "level", "n": 367, "rss_kib": 29434112, "t": 96.9}
{"msg": "level", "n": 184, "rss_kib": 29434720, "t": 98.25}
{"msg": "level", "n": 92, "rss_kib": 29434720, "t": 100.18}
{"msg": "level", "n": 46, "rss_kib": 29436428, "t": 101.39}
{"msg": "level", "n": 23, "rss_kib": 29439516, "t": 103.28}
{"msg": "level", "n": 12, "rss_kib": 29567832, "t": 104.52}
{"msg": "level", "n": 6, "rss_kib": 29836080, "t": 106.45}
{"msg": "level", "n": 3, "rss_kib": 33109656, "t": 108.49}
{"msg": "level", "n": 2, "rss_kib": 33109656, "t": 109.54}
{"msg": "level", "n": 1, "rss_kib": 33109656, "t": 112.11}
{"msg": "Jlit", "rss_kib": 33109656, "t": 112.13, "terms": 11289112}
{"J0_terms": 12, "diff_terms": 12, "msg": "PASS EXACT_IDENTITY_full_J", "rss_kib": 33109656, "t": 113.58}
FLINT exception (General error):
    Unable to allocate memory (9025840864).
