utc=2026-09-05T14:12:07Z
pid=
utc=2026-09-05T14:12:27Z
pid=3207
VmPeak:	  484520 kB
VmSize:	  484520 kB
VmHWM:	  208888 kB
VmRSS:	  208888 kB
utc=2026-09-05T14:12:47Z
pid=3207
VmPeak:	  579708 kB
VmSize:	  579708 kB
VmHWM:	  302692 kB
VmRSS:	  302692 kB
utc=2026-09-05T14:13:07Z
pid=3207
VmPeak:	  659860 kB
VmSize:	  659860 kB
VmHWM:	  384460 kB
VmRSS:	  384460 kB
utc=2026-09-05T14:13:27Z
pid=3207
VmPeak:	  722256 kB
VmSize:	  722256 kB
VmHWM:	  445244 kB
VmRSS:	  445244 kB
utc=2026-09-05T14:13:47Z
pid=3207
VmPeak:	  768280 kB
VmSize:	  768280 kB
VmHWM:	  491576 kB
VmRSS:	  491576 kB
utc=2026-09-05T14:14:07Z
pid=3207
VmPeak:	  824672 kB
VmSize:	  824672 kB
VmHWM:	  549288 kB
VmRSS:	  549288 kB
utc=2026-09-05T14:14:27Z
pid=3207
VmPeak:	  884576 kB
VmSize:	  884576 kB
VmHWM:	  607544 kB
VmRSS:	  607544 kB
utc=2026-09-05T14:14:47Z
pid=3207
VmPeak:	  938844 kB
VmSize:	  938844 kB
VmHWM:	  661800 kB
VmRSS:	  661800 kB
utc=2026-09-05T14:15:07Z
pid=3207
VmPeak:	  984108 kB
VmSize:	  984108 kB
VmHWM:	  706912 kB
VmRSS:	  706912 kB
utc=2026-09-05T14:15:27Z
pid=3207
VmPeak:	 1011720 kB
VmSize:	 1011720 kB
VmHWM:	  734748 kB
VmRSS:	  734748 kB
utc=2026-09-05T14:15:47Z
pid=3207
VmPeak:	 1030932 kB
VmSize:	 1030932 kB
VmHWM:	  755204 kB
VmRSS:	  755204 kB
utc=2026-09-05T14:16:07Z
pid=3207
VmPeak:	 1064516 kB
VmSize:	 1064516 kB
VmHWM:	  788376 kB
VmRSS:	  788376 kB
utc=2026-09-05T14:16:27Z
pid=3207
VmPeak:	 1097772 kB
VmSize:	 1097772 kB
VmHWM:	  821996 kB
VmRSS:	  821996 kB
utc=2026-09-05T14:16:47Z
pid=3207
VmPeak:	 1130924 kB
VmSize:	 1130924 kB
VmHWM:	  855208 kB
VmRSS:	  855208 kB
utc=2026-09-05T14:17:07Z
pid=3207
VmPeak:	 1167444 kB
VmSize:	 1167444 kB
VmHWM:	  891672 kB
VmRSS:	  891672 kB
utc=2026-09-05T14:17:27Z
pid=3207
VmPeak:	 1203968 kB
VmSize:	 1203968 kB
VmHWM:	  927184 kB
VmRSS:	  927184 kB
utc=2026-09-05T14:17:47Z
pid=3207
VmPeak:	 1238572 kB
VmSize:	 1238572 kB
VmHWM:	  963040 kB
VmRSS:	  963040 kB
utc=2026-09-05T14:18:07Z
pid=3207
VmPeak:	 1273260 kB
VmSize:	 1273260 kB
VmHWM:	  997380 kB
VmRSS:	  997380 kB
utc=2026-09-05T14:18:27Z
pid=3207
VmPeak:	 1307932 kB
VmSize:	 1307932 kB
VmHWM:	 1030784 kB
VmRSS:	 1030784 kB
utc=2026-09-05T14:18:48Z
pid=3207
VmPeak:	 1338388 kB
VmSize:	 1338388 kB
VmHWM:	 1060912 kB
VmRSS:	 1060912 kB
utc=2026-09-05T14:19:08Z
pid=3207
VmPeak:	 1361660 kB
VmSize:	 1361660 kB
VmHWM:	 1086092 kB
VmRSS:	 1086092 kB
utc=2026-09-05T14:19:28Z
pid=3207
VmPeak:	 1383004 kB
VmSize:	 1383004 kB
VmHWM:	 1107260 kB
VmRSS:	 1107260 kB
utc=2026-09-05T14:19:48Z
pid=3207
VmPeak:	 1399836 kB
VmSize:	 1399836 kB
VmHWM:	 1124340 kB
VmRSS:	 1124340 kB
utc=2026-09-05T14:20:08Z
pid=3207
VmPeak:	 1418648 kB
VmSize:	 1418648 kB
VmHWM:	 1141420 kB
VmRSS:	 1141420 kB
utc=2026-09-05T14:20:28Z
pid=3207
VmPeak:	 1431324 kB
VmSize:	 1431324 kB
VmHWM:	 1155832 kB
VmRSS:	 1155832 kB
utc=2026-09-05T14:20:48Z
pid=3207
VmPeak:	 1446152 kB
VmSize:	 1446152 kB
VmHWM:	 1170084 kB
VmRSS:	 1170084 kB
utc=2026-09-05T14:21:08Z
pid=3207
VmPeak:	 1458852 kB
VmSize:	 1458852 kB
VmHWM:	 1183000 kB
VmRSS:	 1183000 kB
utc=2026-09-05T14:21:28Z
pid=3207
VmPeak:	 1471660 kB
VmSize:	 1471660 kB
VmHWM:	 1196152 kB
VmRSS:	 1196152 kB
utc=2026-09-05T14:21:48Z
pid=3207
VmPeak:	 1488832 kB
VmSize:	 1488832 kB
VmHWM:	 1211688 kB
VmRSS:	 1211688 kB
utc=2026-09-05T14:22:08Z
pid=3207
VmPeak:	 1508092 kB
VmSize:	 1508092 kB
VmHWM:	 1232328 kB
VmRSS:	 1232328 kB
utc=2026-09-05T14:22:28Z
pid=3207
VmPeak:	 1527020 kB
VmSize:	 1527020 kB
VmHWM:	 1251180 kB
VmRSS:	 1251180 kB
utc=2026-09-05T14:22:48Z
pid=3207
VmPeak:	 1548032 kB
VmSize:	 1548032 kB
VmHWM:	 1272664 kB
VmRSS:	 1272664 kB
utc=2026-09-05T14:23:08Z
pid=3207
VmPeak:	 1566892 kB
VmSize:	 1566892 kB
VmHWM:	 1291540 kB
VmRSS:	 1291540 kB
utc=2026-09-05T14:23:28Z
pid=3207
VmPeak:	 1591964 kB
VmSize:	 1591964 kB
VmHWM:	 1314772 kB
VmRSS:	 1314772 kB
utc=2026-09-05T14:23:48Z
pid=3207
VmPeak:	 1612872 kB
VmSize:	 1612872 kB
VmHWM:	 1336768 kB
VmRSS:	 1336768 kB
utc=2026-09-05T14:24:08Z
pid=3207
VmPeak:	 1633576 kB
VmSize:	 1633576 kB
VmHWM:	 1357176 kB
VmRSS:	 1357176 kB
utc=2026-09-05T14:24:28Z
pid=3207
VmPeak:	 1656532 kB
VmSize:	 1656532 kB
VmHWM:	 1381060 kB
VmRSS:	 1381060 kB
utc=2026-09-05T14:24:48Z
pid=3207
VmPeak:	 1675144 kB
VmSize:	 1675144 kB
VmHWM:	 1399596 kB
VmRSS:	 1399596 kB
utc=2026-09-05T14:25:08Z
pid=3207
VmPeak:	 1700048 kB
VmSize:	 1700048 kB
VmHWM:	 1423588 kB
VmRSS:	 1423588 kB
utc=2026-09-05T14:25:28Z
pid=3207
VmPeak:	 1718636 kB
VmSize:	 1718636 kB
VmHWM:	 1442468 kB
VmRSS:	 1442468 kB
utc=2026-09-05T14:25:48Z
pid=3207
VmPeak:	 1743524 kB
VmSize:	 1743524 kB
VmHWM:	 1467576 kB
VmRSS:	 1467576 kB
utc=2026-09-05T14:26:08Z
pid=3207
VmPeak:	 1764288 kB
VmSize:	 1764288 kB
VmHWM:	 1487156 kB
VmRSS:	 1487156 kB
utc=2026-09-05T14:26:28Z
pid=3207
VmPeak:	 1784948 kB
VmSize:	 1784948 kB
VmHWM:	 1509572 kB
VmRSS:	 1509572 kB
utc=2026-09-05T14:26:48Z
pid=3207
VmPeak:	 1809836 kB
VmSize:	 1809836 kB
VmHWM:	 1533972 kB
VmRSS:	 1533972 kB
utc=2026-09-05T14:27:08Z
pid=3207
VmPeak:	 1828416 kB
VmSize:	 1828416 kB
VmHWM:	 1551728 kB
VmRSS:	 1551728 kB
utc=2026-09-05T14:27:28Z
pid=3207
VmPeak:	 1853284 kB
VmSize:	 1853284 kB
VmHWM:	 1576120 kB
VmRSS:	 1576120 kB
utc=2026-09-05T14:27:48Z
pid=3207
VmPeak:	 1871856 kB
VmSize:	 1871856 kB
VmHWM:	 1596052 kB
VmRSS:	 1596052 kB
utc=2026-09-05T14:28:08Z
pid=3207
VmPeak:	 1896596 kB
VmSize:	 1896596 kB
VmHWM:	 1619792 kB
VmRSS:	 1619792 kB
utc=2026-09-05T14:28:28Z
pid=3207
VmPeak:	 1919596 kB
VmSize:	 1919596 kB
VmHWM:	 1642332 kB
VmRSS:	 1642332 kB
utc=2026-09-05T14:28:48Z
pid=3207
VmPeak:	 1934380 kB
VmSize:	 1934380 kB
VmHWM:	 1658664 kB
VmRSS:	 1658664 kB
utc=2026-09-05T14:29:08Z
pid=3207
VmPeak:	 1953344 kB
VmSize:	 1953344 kB
VmHWM:	 1676096 kB
VmRSS:	 1676096 kB
utc=2026-09-05T14:29:28Z
pid=3207
VmPeak:	 1970360 kB
VmSize:	 1970360 kB
VmHWM:	 1693368 kB
VmRSS:	 1693368 kB
utc=2026-09-05T14:29:48Z
pid=3207
VmPeak:	 1985192 kB
VmSize:	 1985192 kB
VmHWM:	 1708840 kB
VmRSS:	 1708840 kB
utc=2026-09-05T14:30:08Z
pid=3207
VmPeak:	 2006252 kB
VmSize:	 2006252 kB
VmHWM:	 1729840 kB
VmRSS:	 1729840 kB
utc=2026-09-05T14:30:28Z
pid=3207
VmPeak:	 2023172 kB
VmSize:	 2023172 kB
VmHWM:	 1746980 kB
VmRSS:	 1746980 kB
utc=2026-09-05T14:30:48Z
pid=3207
VmPeak:	 2042092 kB
VmSize:	 2042092 kB
VmHWM:	 1766380 kB
VmRSS:	 1766380 kB
utc=2026-09-05T14:31:08Z
pid=3207
VmPeak:	 2061032 kB
VmSize:	 2061032 kB
VmHWM:	 1784224 kB
VmRSS:	 1784224 kB
utc=2026-09-05T14:31:28Z
pid=3207
VmPeak:	 2077932 kB
VmSize:	 2077932 kB
VmHWM:	 1801720 kB
VmRSS:	 1801720 kB
utc=2026-09-05T14:31:48Z
pid=3207
VmPeak:	 2096820 kB
VmSize:	 2096820 kB
VmHWM:	 1820624 kB
VmRSS:	 1820624 kB
utc=2026-09-05T14:32:08Z
pid=3207
VmPeak:	 2113684 kB
VmSize:	 2113684 kB
VmHWM:	 1838224 kB
VmRSS:	 1838224 kB
utc=2026-09-05T14:32:28Z
pid=3207
VmPeak:	 2132660 kB
VmSize:	 2132660 kB
VmHWM:	 1857260 kB
VmRSS:	 1857260 kB
utc=2026-09-05T14:32:48Z
pid=3207
VmPeak:	 2149448 kB
VmSize:	 2149448 kB
VmHWM:	 1873864 kB
VmRSS:	 1873864 kB
utc=2026-09-05T14:33:08Z
pid=3207
VmPeak:	 2168316 kB
VmSize:	 2168316 kB
VmHWM:	 1891396 kB
VmRSS:	 1891396 kB
utc=2026-09-05T14:33:28Z
pid=3207
VmPeak:	 2185160 kB
VmSize:	 2185160 kB
VmHWM:	 1908860 kB
VmRSS:	 1908860 kB
utc=2026-09-05T14:33:49Z
pid=3207
VmPeak:	 2202060 kB
VmSize:	 2202060 kB
VmHWM:	 1925856 kB
VmRSS:	 1925856 kB
utc=2026-09-05T14:34:09Z
pid=3207
VmPeak:	 2218828 kB
VmSize:	 2218828 kB
VmHWM:	 1943312 kB
VmRSS:	 1943312 kB
utc=2026-09-05T14:34:29Z
pid=3207
VmPeak:	 2235836 kB
VmSize:	 2235836 kB
VmHWM:	 1960436 kB
VmRSS:	 1960436 kB
utc=2026-09-05T14:34:49Z
pid=3207
VmPeak:	 2252744 kB
VmSize:	 2252744 kB
VmHWM:	 1976300 kB
VmRSS:	 1976300 kB
utc=2026-09-05T14:35:09Z
pid=3207
VmPeak:	 2269520 kB
VmSize:	 2269520 kB
VmHWM:	 1993032 kB
VmRSS:	 1993032 kB
utc=2026-09-05T14:35:29Z
pid=3207
VmPeak:	 2286392 kB
VmSize:	 2286392 kB
VmHWM:	 2009224 kB
VmRSS:	 2009224 kB
utc=2026-09-05T14:35:49Z
pid=3207
VmPeak:	 2301192 kB
VmSize:	 2301192 kB
VmHWM:	 2025780 kB
VmRSS:	 2025780 kB
utc=2026-09-05T14:36:09Z
pid=3207
VmPeak:	 2318008 kB
VmSize:	 2318008 kB
VmHWM:	 2041600 kB
VmRSS:	 2041600 kB
utc=2026-09-05T14:36:29Z
pid=3207
VmPeak:	 2332644 kB
VmSize:	 2332644 kB
VmHWM:	 2056436 kB
VmRSS:	 2056436 kB
utc=2026-09-05T14:36:49Z
pid=3207
VmPeak:	 2347364 kB
VmSize:	 2347364 kB
VmHWM:	 2071964 kB
VmRSS:	 2071964 kB
utc=2026-09-05T14:37:09Z
pid=3207
VmPeak:	 2364416 kB
VmSize:	 2364416 kB
VmHWM:	 2088448 kB
VmRSS:	 2088448 kB
utc=2026-09-05T14:37:29Z
pid=3207
VmPeak:	 2379472 kB
VmSize:	 2379472 kB
VmHWM:	 2103520 kB
VmRSS:	 2103520 kB
utc=2026-09-05T14:37:49Z
pid=3207
VmPeak:	 2394656 kB
VmSize:	 2394656 kB
VmHWM:	 2118516 kB
VmRSS:	 2118516 kB
utc=2026-09-05T14:38:09Z
pid=3207
VmPeak:	 2409584 kB
VmSize:	 2409584 kB
VmHWM:	 2132176 kB
VmRSS:	 2132176 kB
utc=2026-09-05T14:38:29Z
pid=3207
VmPeak:	 2422604 kB
VmSize:	 2422604 kB
VmHWM:	 2146280 kB
VmRSS:	 2146280 kB
utc=2026-09-05T14:38:49Z
pid=3207
VmPeak:	 2435584 kB
VmSize:	 2435584 kB
VmHWM:	 2159816 kB
VmRSS:	 2159816 kB
utc=2026-09-05T14:39:09Z
pid=3207
VmPeak:	 2450424 kB
VmSize:	 2450424 kB
VmHWM:	 2174524 kB
VmRSS:	 2174524 kB
utc=2026-09-05T14:39:29Z
pid=3207
VmPeak:	 2467152 kB
VmSize:	 2467152 kB
VmHWM:	 2190240 kB
VmRSS:	 2190240 kB
utc=2026-09-05T14:39:49Z
pid=3207
VmPeak:	 2481804 kB
VmSize:	 2481804 kB
VmHWM:	 2206456 kB
VmRSS:	 2206456 kB
utc=2026-09-05T14:40:09Z
pid=3207
VmPeak:	 2496548 kB
VmSize:	 2496548 kB
VmHWM:	 2220956 kB
VmRSS:	 2220956 kB
utc=2026-09-05T14:40:29Z
pid=3207
VmPeak:	 2511268 kB
VmSize:	 2511268 kB
VmHWM:	 2235784 kB
VmRSS:	 2235784 kB
utc=2026-09-05T14:40:49Z
pid=3207
VmPeak:	 2528028 kB
VmSize:	 2528028 kB
VmHWM:	 2251108 kB
VmRSS:	 2251108 kB
utc=2026-09-05T14:41:09Z
pid=3207
VmPeak:	 2542696 kB
VmSize:	 2542696 kB
VmHWM:	 2265932 kB
VmRSS:	 2265932 kB
utc=2026-09-05T14:41:29Z
pid=3207
VmPeak:	 2555376 kB
VmSize:	 2555376 kB
VmHWM:	 2279668 kB
VmRSS:	 2279668 kB
utc=2026-09-05T14:41:49Z
pid=3207
VmPeak:	 2570116 kB
VmSize:	 2570116 kB
VmHWM:	 2292912 kB
VmRSS:	 2292912 kB
utc=2026-09-05T14:42:09Z
pid=3207
VmPeak:	 2582788 kB
VmSize:	 2582788 kB
VmHWM:	 2306888 kB
VmRSS:	 2306888 kB
utc=2026-09-05T14:42:29Z
pid=3207
VmPeak:	 2595472 kB
VmSize:	 2595472 kB
VmHWM:	 2320116 kB
VmRSS:	 2320116 kB
utc=2026-09-05T14:42:49Z
pid=3207
VmPeak:	 2610216 kB
VmSize:	 2610216 kB
VmHWM:	 2333000 kB
VmRSS:	 2333000 kB
utc=2026-09-05T14:43:09Z
pid=3207
VmPeak:	 2620872 kB
VmSize:	 2620872 kB
VmHWM:	 2345444 kB
VmRSS:	 2345444 kB
utc=2026-09-05T14:43:29Z
pid=3207
VmPeak:	 2633596 kB
VmSize:	 2633596 kB
VmHWM:	 2357768 kB
VmRSS:	 2357768 kB
utc=2026-09-05T14:43:49Z
pid=3207
VmPeak:	 2646308 kB
VmSize:	 2646308 kB
VmHWM:	 2369032 kB
VmRSS:	 2369032 kB
utc=2026-09-05T14:44:09Z
pid=3207
VmPeak:	 2656984 kB
VmSize:	 2656984 kB
VmHWM:	 2380580 kB
VmRSS:	 2380580 kB
utc=2026-09-05T14:44:29Z
pid=3207
VmPeak:	 2665536 kB
VmSize:	 2665536 kB
VmHWM:	 2389500 kB
VmRSS:	 2389500 kB
utc=2026-09-05T14:44:49Z
pid=3207
VmPeak:	 2678492 kB
VmSize:	 2678492 kB
VmHWM:	 2403064 kB
VmRSS:	 2403064 kB
utc=2026-09-05T14:45:09Z
pid=3207
VmPeak:	 2691460 kB
VmSize:	 2691460 kB
VmHWM:	 2415632 kB
VmRSS:	 2415632 kB
utc=2026-09-05T14:45:29Z
pid=3207
VmPeak:	 2704432 kB
VmSize:	 2704432 kB
VmHWM:	 2427144 kB
VmRSS:	 2427144 kB
utc=2026-09-05T14:45:49Z
pid=3207
VmPeak:	 2713084 kB
VmSize:	 2713084 kB
VmHWM:	 2437040 kB
VmRSS:	 2437040 kB
utc=2026-09-05T14:46:09Z
pid=3207
VmPeak:	 2723700 kB
VmSize:	 2723700 kB
VmHWM:	 2446788 kB
VmRSS:	 2446788 kB
utc=2026-09-05T14:46:29Z
pid=3207
VmPeak:	 2732268 kB
VmSize:	 2732268 kB
VmHWM:	 2456360 kB
VmRSS:	 2456360 kB
utc=2026-09-05T14:46:49Z
pid=3207
VmPeak:	 2740812 kB
VmSize:	 2740812 kB
VmHWM:	 2465268 kB
VmRSS:	 2465268 kB
utc=2026-09-05T14:47:09Z
pid=3207
VmPeak:	 2749360 kB
VmSize:	 2749360 kB
VmHWM:	 2473028 kB
VmRSS:	 2473028 kB
utc=2026-09-05T14:47:29Z
pid=3207
VmPeak:	 2761912 kB
VmSize:	 2761912 kB
VmHWM:	 2484800 kB
VmRSS:	 2484800 kB
utc=2026-09-05T14:47:49Z
pid=3207
VmPeak:	 2778548 kB
VmSize:	 2778548 kB
VmHWM:	 2503184 kB
VmRSS:	 2503184 kB
utc=2026-09-05T14:48:09Z
pid=3207
VmPeak:	 2795244 kB
VmSize:	 2795244 kB
VmHWM:	 2519552 kB
VmRSS:	 2519552 kB
utc=2026-09-05T14:48:30Z
pid=3207
VmPeak:	 2810476 kB
VmSize:	 2810476 kB
VmHWM:	 2534384 kB
VmRSS:	 2534384 kB
utc=2026-09-05T14:48:50Z
pid=3207
VmPeak:	 2827668 kB
VmSize:	 2827668 kB
VmHWM:	 2550624 kB
VmRSS:	 2550624 kB
utc=2026-09-05T14:49:10Z
pid=3207
VmPeak:	 2836248 kB
VmSize:	 2836248 kB
VmHWM:	 2560052 kB
VmRSS:	 2560052 kB
utc=2026-09-05T14:49:30Z
pid=3207
VmPeak:	 2849228 kB
VmSize:	 2849228 kB
VmHWM:	 2572884 kB
VmRSS:	 2572884 kB
utc=2026-09-05T14:49:50Z
pid=3207
VmPeak:	 2864268 kB
VmSize:	 2864268 kB
VmHWM:	 2587064 kB
VmRSS:	 2587064 kB
utc=2026-09-05T14:50:10Z
pid=3207
VmPeak:	 2874940 kB
VmSize:	 2874940 kB
VmHWM:	 2599596 kB
VmRSS:	 2599596 kB
utc=2026-09-05T14:50:30Z
pid=3207
VmPeak:	 2887936 kB
VmSize:	 2887936 kB
VmHWM:	 2612132 kB
VmRSS:	 2612132 kB
utc=2026-09-05T14:50:50Z
pid=3207
VmPeak:	 2903004 kB
VmSize:	 2903004 kB
VmHWM:	 2627476 kB
VmRSS:	 2627476 kB
utc=2026-09-05T14:51:10Z
pid=3207
VmPeak:	 2913620 kB
VmSize:	 2913620 kB
VmHWM:	 2637560 kB
VmRSS:	 2637560 kB
utc=2026-09-05T14:51:30Z
pid=3207
VmPeak:	 2926600 kB
VmSize:	 2926600 kB
VmHWM:	 2650576 kB
VmRSS:	 2650576 kB
utc=2026-09-05T14:51:50Z
pid=3207
VmPeak:	 2941612 kB
VmSize:	 2941612 kB
VmHWM:	 2664468 kB
VmRSS:	 2664468 kB
utc=2026-09-05T14:52:10Z
pid=3207
VmPeak:	 2948108 kB
VmSize:	 2948108 kB
VmHWM:	 2672440 kB
VmRSS:	 2672440 kB
utc=2026-09-05T14:52:30Z
pid=3207
VmPeak:	 2963092 kB
VmSize:	 2963092 kB
VmHWM:	 2685712 kB
VmRSS:	 2685712 kB
utc=2026-09-05T14:52:50Z
pid=3207
VmPeak:	 2978168 kB
VmSize:	 2978168 kB
VmHWM:	 2701164 kB
VmRSS:	 2701164 kB
utc=2026-09-05T14:53:10Z
pid=3207
VmPeak:	 2986724 kB
VmSize:	 2986724 kB
VmHWM:	 2709396 kB
VmRSS:	 2709396 kB
utc=2026-09-05T14:53:30Z
pid=3207
VmPeak:	 3001792 kB
VmSize:	 3001792 kB
VmHWM:	 2724908 kB
VmRSS:	 2724908 kB
utc=2026-09-05T14:53:50Z
pid=3207
VmPeak:	 3010348 kB
VmSize:	 3010348 kB
VmHWM:	 2732984 kB
VmRSS:	 2732984 kB
utc=2026-09-05T14:54:10Z
pid=3207
VmPeak:	 3025408 kB
VmSize:	 3025408 kB
VmHWM:	 2748220 kB
VmRSS:	 2748220 kB
utc=2026-09-05T14:54:30Z
pid=3207
VmPeak:	 3031904 kB
VmSize:	 3031904 kB
VmHWM:	 2755852 kB
VmRSS:	 2755852 kB
utc=2026-09-05T14:54:50Z
pid=3207
VmPeak:	 3046940 kB
VmSize:	 3046940 kB
VmHWM:	 2769900 kB
VmRSS:	 2769900 kB
utc=2026-09-05T14:55:10Z
pid=3207
VmPeak:	 3053420 kB
VmSize:	 3053420 kB
VmHWM:	 2777300 kB
VmRSS:	 2777300 kB
utc=2026-09-05T14:55:30Z
pid=3207
VmPeak:	 3064304 kB
VmSize:	 3064304 kB
VmHWM:	 2788412 kB
VmRSS:	 2788412 kB
utc=2026-09-05T14:55:50Z
pid=3207
VmPeak:	 3072868 kB
VmSize:	 3072868 kB
VmHWM:	 2797520 kB
VmRSS:	 2797520 kB
utc=2026-09-05T14:56:10Z
pid=3207
VmPeak:	 3085584 kB
VmSize:	 3085584 kB
VmHWM:	 2810072 kB
VmRSS:	 2810072 kB
utc=2026-09-05T14:56:30Z
pid=3207
VmPeak:	 3100648 kB
VmSize:	 3100648 kB
VmHWM:	 2824692 kB
VmRSS:	 2824692 kB
utc=2026-09-05T14:56:50Z
pid=3207
VmPeak:	 3109204 kB
VmSize:	 3109204 kB
VmHWM:	 2832716 kB
VmRSS:	 2832716 kB
utc=2026-09-05T14:57:10Z
pid=3207
VmPeak:	 3124256 kB
VmSize:	 3124256 kB
VmHWM:	 2847764 kB
VmRSS:	 2847764 kB
utc=2026-09-05T14:57:30Z
pid=3207
VmPeak:	 3130760 kB
VmSize:	 3130760 kB
VmHWM:	 2855152 kB
VmRSS:	 2855152 kB
utc=2026-09-05T14:57:50Z
pid=3207
VmPeak:	 3145808 kB
VmSize:	 3145808 kB
VmHWM:	 2868576 kB
VmRSS:	 2868576 kB
utc=2026-09-05T14:58:10Z
pid=3207
VmPeak:	 3152292 kB
VmSize:	 3152292 kB
VmHWM:	 2875120 kB
VmRSS:	 2875120 kB
utc=2026-09-05T14:58:30Z
pid=3207
VmPeak:	 3163228 kB
VmSize:	 3163228 kB
VmHWM:	 2886788 kB
VmRSS:	 2886788 kB
utc=2026-09-05T14:58:50Z
pid=3207
VmPeak:	 3173624 kB
VmSize:	 3173624 kB
VmHWM:	 2898276 kB
VmRSS:	 2898276 kB
utc=2026-09-05T14:59:10Z
pid=3207
VmPeak:	 3191004 kB
VmSize:	 3191004 kB
VmHWM:	 2914196 kB
VmRSS:	 2914196 kB
utc=2026-09-05T14:59:30Z
pid=3207
VmPeak:	 3197512 kB
VmSize:	 3197512 kB
VmHWM:	 2921672 kB
VmRSS:	 2921672 kB
utc=2026-09-05T14:59:50Z
pid=3207
VmPeak:	 3212236 kB
VmSize:	 3212236 kB
VmHWM:	 2935260 kB
VmRSS:	 2935260 kB
utc=2026-09-05T15:00:10Z
pid=3207
VmPeak:	 3219076 kB
VmSize:	 3219076 kB
VmHWM:	 2941964 kB
VmRSS:	 2941964 kB
utc=2026-09-05T15:00:30Z
pid=3207
VmPeak:	 3221148 kB
VmSize:	 3221148 kB
VmHWM:	 2945440 kB
VmRSS:	 2945440 kB
utc=2026-09-05T15:00:50Z
pid=3207
VmPeak:	 3223196 kB
VmSize:	 3223196 kB
VmHWM:	 2946660 kB
VmRSS:	 2946660 kB
utc=2026-09-05T15:01:10Z
pid=3207
VmPeak:	 3223196 kB
VmSize:	 3223196 kB
VmHWM:	 2947732 kB
VmRSS:	 2947732 kB
utc=2026-09-05T15:01:30Z
pid=3207
VmPeak:	 3223196 kB
VmSize:	 3223196 kB
VmHWM:	 2947732 kB
VmRSS:	 2947732 kB
utc=2026-09-05T15:01:50Z
pid=3207
VmPeak:	 3223196 kB
VmSize:	 3223196 kB
VmHWM:	 2947732 kB
VmRSS:	 2947732 kB
utc=2026-09-05T15:02:10Z
pid=3207
VmPeak:	 3223196 kB
VmSize:	 3223196 kB
VmHWM:	 2947732 kB
VmRSS:	 2947732 kB
utc=2026-09-05T15:02:30Z
pid=3207
VmPeak:	 3227396 kB
VmSize:	 3227396 kB
VmHWM:	 2950572 kB
VmRSS:	 2950572 kB
utc=2026-09-05T15:02:50Z
pid=3207
VmPeak:	 3238144 kB
VmSize:	 3238144 kB
VmHWM:	 2961512 kB
VmRSS:	 2961512 kB
utc=2026-09-05T15:03:11Z
pid=3207
VmPeak:	 3246708 kB
VmSize:	 3246708 kB
VmHWM:	 2970160 kB
VmRSS:	 2970160 kB
utc=2026-09-05T15:03:31Z
pid=3207
VmPeak:	 3257500 kB
VmSize:	 3257500 kB
VmHWM:	 2980496 kB
VmRSS:	 2980496 kB
utc=2026-09-05T15:03:51Z
pid=3207
VmPeak:	 3268268 kB
VmSize:	 3268268 kB
VmHWM:	 2991448 kB
VmRSS:	 2991448 kB
utc=2026-09-05T15:04:11Z
pid=3207
VmPeak:	 3279036 kB
VmSize:	 3279036 kB
VmHWM:	 3002208 kB
VmRSS:	 3002208 kB
utc=2026-09-05T15:04:31Z
pid=3207
VmPeak:	 3285536 kB
VmSize:	 3285536 kB
VmHWM:	 3009240 kB
VmRSS:	 3009240 kB
utc=2026-09-05T15:04:51Z
pid=3207
VmPeak:	 3298328 kB
VmSize:	 3298328 kB
VmHWM:	 3020932 kB
VmRSS:	 3020932 kB
utc=2026-09-05T15:05:11Z
pid=3207
VmPeak:	 3304836 kB
VmSize:	 3304836 kB
VmHWM:	 3028872 kB
VmRSS:	 3028872 kB
utc=2026-09-05T15:05:31Z
pid=3207
VmPeak:	 3317672 kB
VmSize:	 3317672 kB
VmHWM:	 3040836 kB
VmRSS:	 3040836 kB
utc=2026-09-05T15:05:51Z
pid=3207
VmPeak:	 3328460 kB
VmSize:	 3328460 kB
VmHWM:	 3052480 kB
VmRSS:	 3052480 kB
utc=2026-09-05T15:06:11Z
pid=3207
VmPeak:	 3337012 kB
VmSize:	 3337012 kB
VmHWM:	 3060444 kB
VmRSS:	 3060444 kB
utc=2026-09-05T15:06:31Z
pid=3207
VmPeak:	 3347772 kB
VmSize:	 3347772 kB
VmHWM:	 3071548 kB
VmRSS:	 3071548 kB
utc=2026-09-05T15:06:51Z
pid=3207
VmPeak:	 3356300 kB
VmSize:	 3356300 kB
VmHWM:	 3079420 kB
VmRSS:	 3079420 kB
utc=2026-09-05T15:07:11Z
pid=3207
VmPeak:	 3365004 kB
VmSize:	 3365004 kB
VmHWM:	 3088896 kB
VmRSS:	 3088896 kB
utc=2026-09-05T15:07:31Z
pid=3207
VmPeak:	 3373536 kB
VmSize:	 3373536 kB
VmHWM:	 3096420 kB
VmRSS:	 3096420 kB
utc=2026-09-05T15:07:51Z
pid=3207
VmPeak:	 3384292 kB
VmSize:	 3384292 kB
VmHWM:	 3107928 kB
VmRSS:	 3107928 kB
utc=2026-09-05T15:08:11Z
pid=3207
VmPeak:	 3392852 kB
VmSize:	 3392852 kB
VmHWM:	 3117040 kB
VmRSS:	 3117040 kB
utc=2026-09-05T15:08:31Z
pid=3207
VmPeak:	 3403640 kB
VmSize:	 3403640 kB
VmHWM:	 3127760 kB
VmRSS:	 3127760 kB
utc=2026-09-05T15:08:51Z
pid=3207
VmPeak:	 3412200 kB
VmSize:	 3412200 kB
VmHWM:	 3135956 kB
VmRSS:	 3135956 kB
utc=2026-09-05T15:09:11Z
pid=3207
VmPeak:	 3420752 kB
VmSize:	 3420752 kB
VmHWM:	 3145100 kB
VmRSS:	 3145100 kB
utc=2026-09-05T15:09:31Z
pid=3207
VmPeak:	 3431536 kB
VmSize:	 3431536 kB
VmHWM:	 3156044 kB
VmRSS:	 3156044 kB
utc=2026-09-05T15:09:51Z
pid=3207
VmPeak:	 3444188 kB
VmSize:	 3444188 kB
VmHWM:	 3167444 kB
VmRSS:	 3167444 kB
utc=2026-09-05T15:10:11Z
pid=3207
VmPeak:	 3450872 kB
VmSize:	 3450872 kB
VmHWM:	 3174912 kB
VmRSS:	 3174912 kB
utc=2026-09-05T15:10:31Z
pid=3207
VmPeak:	 3459424 kB
VmSize:	 3459424 kB
VmHWM:	 3182400 kB
VmRSS:	 3182400 kB
utc=2026-09-05T15:10:51Z
pid=3207
VmPeak:	 3470168 kB
VmSize:	 3470168 kB
VmHWM:	 3192616 kB
VmRSS:	 3192616 kB
utc=2026-09-05T15:11:11Z
pid=3207
VmPeak:	 3474592 kB
VmSize:	 3474592 kB
VmHWM:	 3198924 kB
VmRSS:	 3198924 kB
utc=2026-09-05T15:11:31Z
pid=3207
VmPeak:	 3483272 kB
VmSize:	 3483272 kB
VmHWM:	 3207564 kB
VmRSS:	 3207564 kB
utc=2026-09-05T15:11:51Z
pid=3207
VmPeak:	 3489744 kB
VmSize:	 3489744 kB
VmHWM:	 3213052 kB
VmRSS:	 3213052 kB
utc=2026-09-05T15:12:11Z
pid=3207
VmPeak:	 3496244 kB
VmSize:	 3496244 kB
VmHWM:	 3219760 kB
VmRSS:	 3219760 kB
utc=2026-09-05T15:12:31Z
pid=3207
VmPeak:	 3506832 kB
VmSize:	 3506832 kB
VmHWM:	 3229480 kB
VmRSS:	 3229480 kB
utc=2026-09-05T15:12:51Z
pid=3207
VmPeak:	 3513520 kB
VmSize:	 3513520 kB
VmHWM:	 3237700 kB
VmRSS:	 3237700 kB
utc=2026-09-05T15:13:11Z
pid=3207
VmPeak:	 3526348 kB
VmSize:	 3526348 kB
VmHWM:	 3249292 kB
VmRSS:	 3249292 kB
utc=2026-09-05T15:13:31Z
pid=3207
VmPeak:	 3534904 kB
VmSize:	 3534904 kB
VmHWM:	 3257368 kB
VmRSS:	 3257368 kB
utc=2026-09-05T15:13:51Z
pid=3207
VmPeak:	 3541412 kB
VmSize:	 3541412 kB
VmHWM:	 3265332 kB
VmRSS:	 3265332 kB
utc=2026-09-05T15:14:11Z
pid=3207
VmPeak:	 3549964 kB
VmSize:	 3549964 kB
VmHWM:	 3273116 kB
VmRSS:	 3273116 kB
utc=2026-09-05T15:14:31Z
pid=3207
VmPeak:	 3560740 kB
VmSize:	 3560740 kB
VmHWM:	 3284216 kB
VmRSS:	 3284216 kB
utc=2026-09-05T15:14:51Z
pid=3207
VmPeak:	 3567240 kB
VmSize:	 3567240 kB
VmHWM:	 3291288 kB
VmRSS:	 3291288 kB
utc=2026-09-05T15:15:11Z
pid=3207
VmPeak:	 3578020 kB
VmSize:	 3578020 kB
VmHWM:	 3301096 kB
VmRSS:	 3301096 kB
utc=2026-09-05T15:15:31Z
pid=3207
VmPeak:	 3584516 kB
VmSize:	 3584516 kB
VmHWM:	 3307492 kB
VmRSS:	 3307492 kB
utc=2026-09-05T15:15:51Z
pid=3207
VmPeak:	 3591008 kB
VmSize:	 3591008 kB
VmHWM:	 3313624 kB
VmRSS:	 3313624 kB
utc=2026-09-05T15:16:11Z
pid=3207
VmPeak:	 3599796 kB
VmSize:	 3599796 kB
VmHWM:	 3323160 kB
VmRSS:	 3323160 kB
utc=2026-09-05T15:16:31Z
pid=3207
VmPeak:	 3604184 kB
VmSize:	 3604184 kB
VmHWM:	 3328488 kB
VmRSS:	 3328488 kB
utc=2026-09-05T15:16:51Z
pid=3207
VmPeak:	 3614972 kB
VmSize:	 3614972 kB
VmHWM:	 3337532 kB
VmRSS:	 3337532 kB
utc=2026-09-05T15:17:11Z
pid=3207
VmPeak:	 3623708 kB
VmSize:	 3623708 kB
VmHWM:	 3347364 kB
VmRSS:	 3347364 kB
utc=2026-09-05T15:17:31Z
pid=3207
VmPeak:	 3630216 kB
VmSize:	 3630216 kB
VmHWM:	 3354704 kB
VmRSS:	 3354704 kB
utc=2026-09-05T15:17:52Z
pid=3207
VmPeak:	 3638772 kB
VmSize:	 3638772 kB
VmHWM:	 3362204 kB
VmRSS:	 3362204 kB
utc=2026-09-05T15:18:12Z
pid=3207
VmPeak:	 3649376 kB
VmSize:	 3649376 kB
VmHWM:	 3373032 kB
VmRSS:	 3373032 kB
utc=2026-09-05T15:18:32Z
pid=3207
VmPeak:	 3656064 kB
VmSize:	 3656064 kB
VmHWM:	 3379976 kB
VmRSS:	 3379976 kB
utc=2026-09-05T15:18:52Z
pid=3207
VmPeak:	 3662572 kB
VmSize:	 3662572 kB
VmHWM:	 3386244 kB
VmRSS:	 3386244 kB
utc=2026-09-05T15:19:12Z
pid=3207
VmPeak:	 3669080 kB
VmSize:	 3669080 kB
VmHWM:	 3392540 kB
VmRSS:	 3392540 kB
utc=2026-09-05T15:19:32Z
pid=3207
VmPeak:	 3669080 kB
VmSize:	 3669080 kB
VmHWM:	 3393620 kB
VmRSS:	 3393620 kB
utc=2026-09-05T15:19:52Z
pid=3207
VmPeak:	 3669080 kB
VmSize:	 3669080 kB
VmHWM:	 3393620 kB
VmRSS:	 3393620 kB
utc=2026-09-05T15:20:12Z
pid=3207
VmPeak:	 3669080 kB
VmSize:	 3669080 kB
VmHWM:	 3393620 kB
VmRSS:	 3393620 kB
utc=2026-09-05T15:20:32Z
pid=3207
VmPeak:	 3669080 kB
VmSize:	 3669080 kB
VmHWM:	 3393620 kB
VmRSS:	 3393620 kB
utc=2026-09-05T15:20:52Z
pid=3207
VmPeak:	 3669080 kB
VmSize:	 3669080 kB
VmHWM:	 3393620 kB
VmRSS:	 3393620 kB
utc=2026-09-05T15:21:12Z
pid=3207
VmPeak:	 3669080 kB
VmSize:	 3669080 kB
VmHWM:	 3393620 kB
VmRSS:	 3393620 kB
utc=2026-09-05T15:21:32Z
pid=3207
VmPeak:	 3669080 kB
VmSize:	 3669080 kB
VmHWM:	 3393620 kB
VmRSS:	 3393620 kB
utc=2026-09-05T15:21:52Z
pid=3207
VmPeak:	 3673176 kB
VmSize:	 3673176 kB
VmHWM:	 3395832 kB
VmRSS:	 3395832 kB
utc=2026-09-05T15:22:12Z
pid=3207
VmPeak:	 3677272 kB
VmSize:	 3677272 kB
VmHWM:	 3400600 kB
VmRSS:	 3400600 kB
utc=2026-09-05T15:22:32Z
pid=3207
VmPeak:	 3685568 kB
VmSize:	 3685568 kB
VmHWM:	 3409624 kB
VmRSS:	 3409624 kB
utc=2026-09-05T15:22:52Z
pid=3207
VmPeak:	 3691956 kB
VmSize:	 3691956 kB
VmHWM:	 3416028 kB
VmRSS:	 3416028 kB
utc=2026-09-05T15:23:12Z
pid=3207
VmPeak:	 3702612 kB
VmSize:	 3702612 kB
VmHWM:	 3426840 kB
VmRSS:	 3426840 kB
utc=2026-09-05T15:23:32Z
pid=3207
VmPeak:	 3708960 kB
VmSize:	 3708960 kB
VmHWM:	 3432476 kB
VmRSS:	 3432476 kB
utc=2026-09-05T15:23:52Z
pid=3207
VmPeak:	 3719616 kB
VmSize:	 3719616 kB
VmHWM:	 3443292 kB
VmRSS:	 3443292 kB
utc=2026-09-05T15:24:12Z
pid=3207
VmPeak:	 3725956 kB
VmSize:	 3725956 kB
VmHWM:	 3448760 kB
VmRSS:	 3448760 kB
utc=2026-09-05T15:24:32Z
pid=3207
VmPeak:	 3734532 kB
VmSize:	 3734532 kB
VmHWM:	 3458444 kB
VmRSS:	 3458444 kB
utc=2026-09-05T15:24:52Z
pid=3207
VmPeak:	 3738808 kB
VmSize:	 3738808 kB
VmHWM:	 3463080 kB
VmRSS:	 3463080 kB
utc=2026-09-05T15:25:12Z
pid=3207
VmPeak:	 3747356 kB
VmSize:	 3747356 kB
VmHWM:	 3471040 kB
VmRSS:	 3471040 kB
utc=2026-09-05T15:25:32Z
pid=3207
VmPeak:	 3753700 kB
VmSize:	 3753700 kB
VmHWM:	 3477532 kB
VmRSS:	 3477532 kB
utc=2026-09-05T15:25:52Z
pid=3207
VmPeak:	 3762120 kB
VmSize:	 3762120 kB
VmHWM:	 3484756 kB
VmRSS:	 3484756 kB
utc=2026-09-05T15:26:12Z
pid=3207
VmPeak:	 3770700 kB
VmSize:	 3770700 kB
VmHWM:	 3494140 kB
VmRSS:	 3494140 kB
utc=2026-09-05T15:26:32Z
pid=3207
VmPeak:	 3777052 kB
VmSize:	 3777052 kB
VmHWM:	 3501068 kB
VmRSS:	 3501068 kB
utc=2026-09-05T15:26:52Z
pid=3207
VmPeak:	 3787696 kB
VmSize:	 3787696 kB
VmHWM:	 3510720 kB
VmRSS:	 3510720 kB
utc=2026-09-05T15:27:12Z
pid=3207
VmPeak:	 3791996 kB
VmSize:	 3791996 kB
VmHWM:	 3516184 kB
VmRSS:	 3516184 kB
utc=2026-09-05T15:27:32Z
pid=3207
VmPeak:	 3802644 kB
VmSize:	 3802644 kB
VmHWM:	 3526096 kB
VmRSS:	 3526096 kB
utc=2026-09-05T15:27:52Z
pid=3207
VmPeak:	 3806932 kB
VmSize:	 3806932 kB
VmHWM:	 3530988 kB
VmRSS:	 3530988 kB
utc=2026-09-05T15:28:12Z
pid=3207
VmPeak:	 3815488 kB
VmSize:	 3815488 kB
VmHWM:	 3539244 kB
VmRSS:	 3539244 kB
utc=2026-09-05T15:28:32Z
pid=3207
VmPeak:	 3819752 kB
VmSize:	 3819752 kB
VmHWM:	 3542936 kB
VmRSS:	 3542936 kB
utc=2026-09-05T15:28:52Z
pid=3207
VmPeak:	 3826232 kB
VmSize:	 3826232 kB
VmHWM:	 3548820 kB
VmRSS:	 3548820 kB
utc=2026-09-05T15:29:12Z
pid=3207
VmPeak:	 3830636 kB
VmSize:	 3830636 kB
VmHWM:	 3554720 kB
VmRSS:	 3554720 kB
utc=2026-09-05T15:29:32Z
pid=3207
VmPeak:	 3834924 kB
VmSize:	 3834924 kB
VmHWM:	 3559176 kB
VmRSS:	 3559176 kB
utc=2026-09-05T15:29:52Z
pid=3207
VmPeak:	 3839252 kB
VmSize:	 3839252 kB
VmHWM:	 3563608 kB
VmRSS:	 3563608 kB
utc=2026-09-05T15:30:12Z
pid=3207
VmPeak:	 3849740 kB
VmSize:	 3849740 kB
VmHWM:	 3573112 kB
VmRSS:	 3573112 kB
utc=2026-09-05T15:30:32Z
pid=3207
VmPeak:	 3858312 kB
VmSize:	 3858312 kB
VmHWM:	 3581404 kB
VmRSS:	 3581404 kB
utc=2026-09-05T15:30:52Z
pid=3207
VmPeak:	 3864660 kB
VmSize:	 3864660 kB
VmHWM:	 3587728 kB
VmRSS:	 3587728 kB
utc=2026-09-05T15:31:12Z
pid=3207
VmPeak:	 3873256 kB
VmSize:	 3873256 kB
VmHWM:	 3596488 kB
VmRSS:	 3596488 kB
utc=2026-09-05T15:31:32Z
pid=3207
VmPeak:	 3877548 kB
VmSize:	 3877548 kB
VmHWM:	 3601096 kB
VmRSS:	 3601096 kB
utc=2026-09-05T15:31:52Z
pid=3207
VmPeak:	 3886140 kB
VmSize:	 3886140 kB
VmHWM:	 3609256 kB
VmRSS:	 3609256 kB
utc=2026-09-05T15:32:12Z
pid=3207
VmPeak:	 3890428 kB
VmSize:	 3890428 kB
VmHWM:	 3613064 kB
VmRSS:	 3613064 kB
utc=2026-09-05T15:32:33Z
pid=3207
VmPeak:	 3896948 kB
VmSize:	 3896948 kB
VmHWM:	 3619512 kB
VmRSS:	 3619512 kB
