	Command being timed: "timeout --signal=TERM --kill-after=60s 21600 env JC2_ROOT=/home/ubuntu/jobs/as_global_row8_projection_20260825T1422Z_v3/source SHARD_INDEX=8 SHARD_COUNT=27 OUTPUT_JSON=/home/ubuntu/jobs/as_global_row8_projection_20260825T1422Z_v3/shards/shard_08/result.json python3 /home/ubuntu/jobs/as_global_row8_projection_20260825T1422Z_v3/source/cases/as_fonly_d7_global_row8_projection_20260825/project_row8_shard.py"
	User time (seconds): 27.34
	System time (seconds): 0.01
	Percent of CPU this job got: 100%
	Elapsed (wall clock) time (h:mm:ss or m:ss): 0:27.36
	Average shared text size (kbytes): 0
	Average unshared data size (kbytes): 0
	Average stack size (kbytes): 0
	Average total size (kbytes): 0
	Maximum resident set size (kbytes): 21740
	Average resident set size (kbytes): 0
	Major (requiring I/O) page faults: 0
	Minor (reclaiming a frame) page faults: 3557
	Voluntary context switches: 4
	Involuntary context switches: 25
	Swaps: 0
	File system inputs: 0
	File system outputs: 16
	Socket messages sent: 0
	Socket messages received: 0
	Signals delivered: 0
	Page size (bytes): 4096
	Exit status: 0
