CONTROL PASS basis_division_unit_one
CONTROL PASS basis_remainder_y_degree
CONTROL PASS basis_division_unit_one
CONTROL PASS basis_remainder_y_degree
CONTROL PASS basis_division_unit_one
CONTROL PASS basis_remainder_y_degree
CONTROL PASS basis_exact_polynomial_reconstruction
CONTROL PASS basis_three_levels
CONTROL PASS basis_ordinary_in_hadic
CONTROL PASS basis_hadic_in_ordinary
CONTROL PASS basis_control_ideal_is_proper
CONTROL PASS basis_one_unit_perturbation_rejected
CONTROL PASS pivot_first_scalar_monic
CONTROL PASS pivot_second_scalar_monic_after_substitution
CONTROL PASS pivot_third_scalar_monic_after_substitution
CONTROL PASS pivot_recursive_definition_images_zero
CONTROL PASS pivot_original_in_graph_lift
CONTROL PASS pivot_graph_lift_in_original
CONTROL PASS pivot_reverse_map_fixes_remaining_coordinates
CONTROL PASS pivot_substitution_is_idempotent
CONTROL PASS pivot_reconstruction_uses_only_remaining_coordinates
CONTROL PASS pivot_nonlinear_row_rejected
CONTROL PASS pivot_variable_leader_rejected
CONTROL PASS pivot_absent_variable_rejected
CONTROL PASS pivot_one_unit_reconstruction_perturbation_rejected
CONTROL PASS pivot_other_row_nonlinearity_is_substituted
CONTROL PASS composition_block_recomputation_equals_mapped_Jacobian
CONTROL PASS composition_every_coefficient_image_matches_recomputed_coordinate
CONTROL PASS composition_pivot_images_are_parameter_only
CONTROL PASS composition_structural_dependent_derivative_map_rejected
CONTROL PASS composition_structural_rhs_requires_separate_rejection
CLASSA_EXACT_Q_CONTROLS PASS failures=0
