	Command being timed: "timeout 21600 Singular -q /home/ubuntu/jobs/max12_812_order4_mu4_nonzero_curve_v2_modsatQ_20260826T002334Z_box02/coefficient_curve_v2_modsatQ.sing"
	User time (seconds): 76.63
	System time (seconds): 10.65
	Percent of CPU this job got: 622%
	Elapsed (wall clock) time (h:mm:ss or m:ss): 0:14.03
	Average shared text size (kbytes): 0
	Average unshared data size (kbytes): 0
	Average stack size (kbytes): 0
	Average total size (kbytes): 0
	Maximum resident set size (kbytes): 148280
	Average resident set size (kbytes): 0
	Major (requiring I/O) page faults: 52
	Minor (reclaiming a frame) page faults: 868793
	Voluntary context switches: 8599
	Involuntary context switches: 376
	Swaps: 0
	File system inputs: 0
	File system outputs: 832
	Socket messages sent: 0
	Socket messages received: 0
	Signals delivered: 0
	Page size (bytes): 4096
	Exit status: 0
