./certificate-audit/README.md: OK
./certificate-audit/SHA256SUMS: OK
./certificate-audit/SHA256SUMS.check.log: OK
./certificate-audit/full-lift/K8_B11_Q1_p0_lift.sing: OK
./certificate-audit/full-lift/custody/artifact-manifest.sha256: OK
./certificate-audit/full-lift/custody/assessment.txt: OK
./certificate-audit/full-lift/custody/command.txt: OK
./certificate-audit/full-lift/custody/driver.sha256: OK
./certificate-audit/full-lift/custody/launcher.pid: OK
./certificate-audit/full-lift/custody/manifest.verify.txt: OK
./certificate-audit/full-lift/custody/marker-check.txt: OK
./certificate-audit/full-lift/custody/output-custody.txt: OK
./certificate-audit/full-lift/custody/poll.log: OK
./certificate-audit/full-lift/custody/postflight.txt: OK
./certificate-audit/full-lift/custody/rc: OK
./certificate-audit/full-lift/custody/run-preflight.txt: OK
./certificate-audit/full-lift/custody/run-result.txt: OK
./certificate-audit/full-lift/custody/shm-dir.txt: OK
./certificate-audit/full-lift/launcher.stderr: OK
./certificate-audit/full-lift/launcher.stdout: OK
./certificate-audit/full-lift/run_full_lift.sh: OK
./certificate-audit/full-lift/stderr.txt: OK
./certificate-audit/full-lift/stdout.txt: OK
./certificate-audit/full-lift/time.txt: OK
./certificate-audit/q0_certificate_search.stdout: OK
./certificate-audit/q0_certificate_search.time: OK
./certificate-audit/search_q0_certificate.sh: OK
./certificate-audit/static_q3_span_audit.json: OK
./certificate-audit/static_q3_span_audit.py: OK
./certificate-audit/static_q3_span_audit.time: OK
./collect_terminate_finalize.sh: OK
./custody/charged-inputs.check.log: OK
./custody/charged-inputs.sha256: OK
./custody/driver-sources.sha256: OK
./custody/exact-dispatch.log: OK
./custody/exact-final-eta.txt: OK
./custody/exact-poll.log: OK
./custody/exact-preflight.txt: OK
./custody/final-worker-idle.txt: OK
./custody/input-verification.json: OK
./custody/mod-dispatch.log: OK
./custody/mod-poll.log: OK
./custody/mod-staging.txt: OK
./custody/mod32003-final-eta.txt: OK
./custody/msolve-char0-caveat.txt: OK
./custody/original-input-search.txt: OK
./custody/pulled-output-verification.txt: OK
./custody/reemit-K8_B11_Q1.json: OK
./custody/reemit-poll.log: OK
./custody/results-summary.json: OK
./custody/results-summary.stdout: OK
./custody/round2-K8_B11_Q1.json: OK
./custody/round2-K8_B11_Q1_p0.ph2.ph2.json: OK
./custody/sequential-jobs.txt: OK
./custody/sparse-row-scan.json: OK
./custody/worker-launch.json: OK
./custody/worker-termination.log: OK
./custody/worker-versions.txt: OK
./fleet/i-06d4a0da61650ede5/dispatch/exact_q.log: OK
./fleet/i-06d4a0da61650ede5/dispatch/mod32003.log: OK
./fleet/i-06d4a0da61650ede5/mod32003.watchdog_seconds: OK
./fleet/i-06d4a0da61650ede5/reemit.custody: OK
./fleet/i-06d4a0da61650ede5/reemit.end_ns: OK
./fleet/i-06d4a0da61650ede5/reemit.end_utc: OK
./fleet/i-06d4a0da61650ede5/reemit.rc: OK
./fleet/i-06d4a0da61650ede5/reemit.start_ns: OK
./fleet/i-06d4a0da61650ede5/reemit.start_utc: OK
./fleet/i-06d4a0da61650ede5/reemit.stderr: OK
./fleet/i-06d4a0da61650ede5/reemit.stdout: OK
./fleet/i-06d4a0da61650ede5/reemit.time: OK
./fleet/i-06d4a0da61650ede5/results/exact_q.custody: OK
./fleet/i-06d4a0da61650ede5/results/exact_q.end_ns: OK
./fleet/i-06d4a0da61650ede5/results/exact_q.end_utc: OK
./fleet/i-06d4a0da61650ede5/results/exact_q.msout: OK
./fleet/i-06d4a0da61650ede5/results/exact_q.output.bytes: OK
./fleet/i-06d4a0da61650ede5/results/exact_q.output.sha256: OK
./fleet/i-06d4a0da61650ede5/results/exact_q.rc: OK
./fleet/i-06d4a0da61650ede5/results/exact_q.start_ns: OK
./fleet/i-06d4a0da61650ede5/results/exact_q.start_utc: OK
./fleet/i-06d4a0da61650ede5/results/exact_q.stdout: OK
./fleet/i-06d4a0da61650ede5/results/exact_q.time: OK
./fleet/i-06d4a0da61650ede5/results/exact_q.v2.log: OK
./fleet/i-06d4a0da61650ede5/results/mod32003.custody: OK
./fleet/i-06d4a0da61650ede5/results/mod32003.end_ns: OK
./fleet/i-06d4a0da61650ede5/results/mod32003.end_utc: OK
./fleet/i-06d4a0da61650ede5/results/mod32003.msout: OK
./fleet/i-06d4a0da61650ede5/results/mod32003.output.bytes: OK
./fleet/i-06d4a0da61650ede5/results/mod32003.output.sha256: OK
./fleet/i-06d4a0da61650ede5/results/mod32003.rc: OK
./fleet/i-06d4a0da61650ede5/results/mod32003.start_ns: OK
./fleet/i-06d4a0da61650ede5/results/mod32003.start_utc: OK
./fleet/i-06d4a0da61650ede5/results/mod32003.stdout: OK
./fleet/i-06d4a0da61650ede5/results/mod32003.time: OK
./fleet/i-06d4a0da61650ede5/results/mod32003.v2.log: OK
./fleet/i-06d4a0da61650ede5/results/reemit.custody: OK
./fleet/i-06d4a0da61650ede5/results/reemit.end_ns: OK
./fleet/i-06d4a0da61650ede5/results/reemit.end_utc: OK
./fleet/i-06d4a0da61650ede5/results/reemit.rc: OK
./fleet/i-06d4a0da61650ede5/results/reemit.start_ns: OK
./fleet/i-06d4a0da61650ede5/results/reemit.start_utc: OK
./fleet/i-06d4a0da61650ede5/results/reemit.stderr: OK
./fleet/i-06d4a0da61650ede5/results/reemit.stdout: OK
./fleet/i-06d4a0da61650ede5/results/reemit.time: OK
./input/K8_B11_Q1_p0.ms: OK
./input/K8_B11_Q1_p32003.ms: OK
./input/mod32003.watchdog_seconds: OK
./jobs/exact_q_fleet.sh: OK
./jobs/mod32003_fleet.sh: OK
./jobs/reemit_fleet.sh: OK
./make_artifact_manifest.sh: OK
./scan_sparse_rows.py: OK
./source/lane_eta.py: OK
./source/r2_solve.py: OK
./source/strata_chart.py: OK
./summarize_results.py: OK
./verify_input.py: OK
