utc=2026-09-05T14:11:15Z msolve_pid=none
utc=2026-09-05T14:11:35Z msolve_pid=3508
VmPeak:	 4196040 kB
VmSize:	 4196040 kB
VmHWM:	 1733908 kB
VmRSS:	 1733908 kB
utc=2026-09-05T14:11:55Z msolve_pid=3508
VmPeak:	 4878104 kB
VmSize:	 4878104 kB
VmHWM:	 2166560 kB
VmRSS:	 2166560 kB
utc=2026-09-05T14:12:15Z msolve_pid=3508
VmPeak:	10130220 kB
VmSize:	10066440 kB
VmHWM:	 8102872 kB
VmRSS:	 8102872 kB
utc=2026-09-05T14:12:35Z msolve_pid=3508
VmPeak:	11418560 kB
VmSize:	11289148 kB
VmHWM:	 9166500 kB
VmRSS:	 9166500 kB
utc=2026-09-05T14:12:55Z msolve_pid=3508
VmPeak:	12379048 kB
VmSize:	12249064 kB
VmHWM:	 9990268 kB
VmRSS:	 9990268 kB
utc=2026-09-05T14:13:15Z msolve_pid=3508
VmPeak:	13143932 kB
VmSize:	13013464 kB
VmHWM:	10650680 kB
VmRSS:	10650680 kB
utc=2026-09-05T14:13:35Z msolve_pid=3508
VmPeak:	13706760 kB
VmSize:	13641224 kB
VmHWM:	11374512 kB
VmRSS:	11374512 kB
utc=2026-09-05T14:13:55Z msolve_pid=3508
VmPeak:	14447908 kB
VmSize:	14317136 kB
VmHWM:	11917036 kB
VmRSS:	11917036 kB
utc=2026-09-05T14:14:15Z msolve_pid=3508
VmPeak:	14656132 kB
VmSize:	14525060 kB
VmHWM:	12358424 kB
VmRSS:	12358424 kB
utc=2026-09-05T14:14:35Z msolve_pid=3508
VmPeak:	15144332 kB
VmSize:	15078796 kB
VmHWM:	12804152 kB
VmRSS:	12804152 kB
utc=2026-09-05T14:14:55Z msolve_pid=3508
VmPeak:	15633088 kB
VmSize:	15505072 kB
VmHWM:	13151116 kB
VmRSS:	13151116 kB
utc=2026-09-05T14:15:15Z msolve_pid=3508
VmPeak:	15787156 kB
VmSize:	15723520 kB
VmHWM:	13333788 kB
VmRSS:	13333788 kB
utc=2026-09-05T14:15:35Z msolve_pid=3508
VmPeak:	15796792 kB
VmSize:	15796792 kB
VmHWM:	13433808 kB
VmRSS:	13433808 kB
utc=2026-09-05T14:15:55Z msolve_pid=3508
VmPeak:	15796928 kB
VmSize:	15070980 kB
VmHWM:	13429196 kB
VmRSS:	12717336 kB
utc=2026-09-05T14:16:15Z msolve_pid=3508
VmPeak:	15796928 kB
VmSize:	13760260 kB
VmHWM:	13429196 kB
VmRSS:	11806392 kB
utc=2026-09-05T14:16:35Z msolve_pid=3508
VmPeak:	15796928 kB
VmSize:	13898628 kB
VmHWM:	13429196 kB
VmRSS:	10374144 kB
utc=2026-09-05T14:16:55Z msolve_pid=3508
VmPeak:	18125700 kB
VmSize:	18125700 kB
VmHWM:	13582936 kB
VmRSS:	13582936 kB
utc=2026-09-05T14:17:15Z msolve_pid=3508
VmPeak:	18125700 kB
VmSize:	18115124 kB
VmHWM:	14823260 kB
VmRSS:	14823260 kB
utc=2026-09-05T14:17:35Z msolve_pid=3508
VmPeak:	26569268 kB
VmSize:	26568152 kB
VmHWM:	17382804 kB
VmRSS:	17382804 kB
utc=2026-09-05T14:17:55Z msolve_pid=3508
VmPeak:	26569268 kB
VmSize:	26569240 kB
VmHWM:	18807256 kB
VmRSS:	18807256 kB
utc=2026-09-05T14:18:15Z msolve_pid=3508
VmPeak:	26569268 kB
VmSize:	26568608 kB
VmHWM:	19547632 kB
VmRSS:	19547632 kB
utc=2026-09-05T14:18:35Z msolve_pid=3508
VmPeak:	26569268 kB
VmSize:	26568608 kB
VmHWM:	19547632 kB
VmRSS:	19547632 kB
utc=2026-09-05T14:18:55Z msolve_pid=3508
VmPeak:	26569268 kB
VmSize:	26568608 kB
VmHWM:	19740996 kB
VmRSS:	19740996 kB
utc=2026-09-05T14:19:15Z msolve_pid=3508
VmPeak:	26569268 kB
VmSize:	26568608 kB
VmHWM:	19768168 kB
VmRSS:	19768168 kB
utc=2026-09-05T14:19:35Z msolve_pid=3508
VmPeak:	26569268 kB
VmSize:	26568608 kB
VmHWM:	19817352 kB
VmRSS:	19817352 kB
utc=2026-09-05T14:19:55Z msolve_pid=3508
VmPeak:	27625376 kB
VmSize:	27625376 kB
VmHWM:	20011184 kB
VmRSS:	20011184 kB
utc=2026-09-05T14:20:16Z msolve_pid=3508
VmPeak:	27625376 kB
VmSize:	27625376 kB
VmHWM:	20098456 kB
VmRSS:	20098456 kB
utc=2026-09-05T14:20:36Z msolve_pid=3508
VmPeak:	27625376 kB
VmSize:	27625376 kB
VmHWM:	20181332 kB
VmRSS:	20181332 kB
utc=2026-09-05T14:20:56Z msolve_pid=3508
VmPeak:	27625376 kB
VmSize:	27625376 kB
VmHWM:	20262968 kB
VmRSS:	20262968 kB
utc=2026-09-05T14:21:16Z msolve_pid=3508
VmPeak:	27625376 kB
VmSize:	27625376 kB
VmHWM:	20303640 kB
VmRSS:	20303640 kB
utc=2026-09-05T14:21:36Z msolve_pid=3508
VmPeak:	27625376 kB
VmSize:	27625376 kB
VmHWM:	20356220 kB
VmRSS:	20356220 kB
utc=2026-09-05T14:21:56Z msolve_pid=3508
VmPeak:	38824604 kB
VmSize:	38824604 kB
VmHWM:	25698764 kB
VmRSS:	25698764 kB
utc=2026-09-05T14:22:16Z msolve_pid=3508
VmPeak:	45676676 kB
VmSize:	45612880 kB
VmHWM:	30269532 kB
VmRSS:	30269532 kB
utc=2026-09-05T14:22:36Z msolve_pid=3508
VmPeak:	46758008 kB
VmSize:	46758008 kB
VmHWM:	31045484 kB
VmRSS:	31045484 kB
utc=2026-09-05T14:22:56Z msolve_pid=3508
VmPeak:	47172332 kB
VmSize:	47106796 kB
VmHWM:	31552380 kB
VmRSS:	31552380 kB
utc=2026-09-05T14:23:16Z msolve_pid=3508
VmPeak:	47847728 kB
VmSize:	47847728 kB
VmHWM:	32020880 kB
VmRSS:	32020880 kB
utc=2026-09-05T14:23:36Z msolve_pid=3508
VmPeak:	48340444 kB
VmSize:	48209372 kB
VmHWM:	32490728 kB
VmRSS:	32490728 kB
utc=2026-09-05T14:23:56Z msolve_pid=3508
VmPeak:	48774524 kB
VmSize:	48645396 kB
VmHWM:	32916448 kB
VmRSS:	32916448 kB
utc=2026-09-05T14:24:16Z msolve_pid=3508
VmPeak:	49199024 kB
VmSize:	49069176 kB
VmHWM:	33284972 kB
VmRSS:	33284972 kB
utc=2026-09-05T14:24:36Z msolve_pid=3508
VmPeak:	49546436 kB
VmSize:	49546436 kB
VmHWM:	33620908 kB
VmRSS:	33620908 kB
utc=2026-09-05T14:24:56Z msolve_pid=3508
VmPeak:	49892292 kB
VmSize:	49762684 kB
VmHWM:	33926520 kB
VmRSS:	33926520 kB
utc=2026-09-05T14:25:16Z msolve_pid=3508
VmPeak:	50432332 kB
VmSize:	50366796 kB
VmHWM:	34221844 kB
VmRSS:	34221844 kB
utc=2026-09-05T14:25:36Z msolve_pid=3508
VmPeak:	50638596 kB
VmSize:	50573308 kB
VmHWM:	34501596 kB
VmRSS:	34501596 kB
utc=2026-09-05T14:25:56Z msolve_pid=3508
VmPeak:	50639428 kB
VmSize:	50639428 kB
VmHWM:	34767748 kB
VmRSS:	34767748 kB
utc=2026-09-05T14:26:16Z msolve_pid=3508
VmPeak:	50836036 kB
VmSize:	50770500 kB
VmHWM:	35024172 kB
VmRSS:	35024172 kB
utc=2026-09-05T14:26:36Z msolve_pid=3508
VmPeak:	51043684 kB
VmSize:	50983620 kB
VmHWM:	35268852 kB
VmRSS:	35268852 kB
utc=2026-09-05T14:26:56Z msolve_pid=3508
VmPeak:	51327400 kB
VmSize:	51261864 kB
VmHWM:	35482360 kB
VmRSS:	35482360 kB
utc=2026-09-05T14:27:16Z msolve_pid=3508
VmPeak:	51604840 kB
VmSize:	51604840 kB
VmHWM:	35679044 kB
VmRSS:	35679044 kB
utc=2026-09-05T14:27:37Z msolve_pid=3508
VmPeak:	52007680 kB
VmSize:	51946808 kB
VmHWM:	35881988 kB
VmRSS:	35881988 kB
utc=2026-09-05T14:27:57Z msolve_pid=3508
VmPeak:	52021420 kB
VmSize:	52021420 kB
VmHWM:	36146612 kB
VmRSS:	36146612 kB
utc=2026-09-05T14:28:17Z msolve_pid=3508
VmPeak:	52362436 kB
VmSize:	52296900 kB
VmHWM:	36411336 kB
VmRSS:	36411336 kB
utc=2026-09-05T14:28:37Z msolve_pid=3508
VmPeak:	52505856 kB
VmSize:	52505856 kB
VmHWM:	36654788 kB
VmRSS:	36654788 kB
utc=2026-09-05T14:28:57Z msolve_pid=3508
VmPeak:	52644672 kB
VmSize:	52644672 kB
VmHWM:	36909608 kB
VmRSS:	36909608 kB
utc=2026-09-05T14:29:17Z msolve_pid=3508
VmPeak:	53045540 kB
VmSize:	52983652 kB
VmHWM:	37227876 kB
VmRSS:	37227876 kB
utc=2026-09-05T14:29:37Z msolve_pid=3508
VmPeak:	53336416 kB
VmSize:	53205344 kB
VmHWM:	37591120 kB
VmRSS:	37591120 kB
utc=2026-09-05T14:29:57Z msolve_pid=3508
VmPeak:	54009160 kB
VmSize:	53878088 kB
VmHWM:	37970028 kB
VmRSS:	37970028 kB
utc=2026-09-05T14:30:17Z msolve_pid=3508
VmPeak:	54423772 kB
VmSize:	54297904 kB
VmHWM:	38321492 kB
VmRSS:	38321492 kB
utc=2026-09-05T14:30:37Z msolve_pid=3508
VmPeak:	54583672 kB
VmSize:	54452600 kB
VmHWM:	38677744 kB
VmRSS:	38677744 kB
utc=2026-09-05T14:30:57Z msolve_pid=3508
VmPeak:	55000948 kB
VmSize:	55000948 kB
VmHWM:	39034072 kB
VmRSS:	39034072 kB
utc=2026-09-05T14:31:17Z msolve_pid=3508
VmPeak:	55476364 kB
VmSize:	55345292 kB
VmHWM:	39410644 kB
VmRSS:	39410644 kB
utc=2026-09-05T14:31:37Z msolve_pid=3508
VmPeak:	56017316 kB
VmSize:	55951780 kB
VmHWM:	39782008 kB
VmRSS:	39782008 kB
utc=2026-09-05T14:31:57Z msolve_pid=3508
VmPeak:	56360512 kB
VmSize:	56229440 kB
VmHWM:	40143916 kB
VmRSS:	40143916 kB
utc=2026-09-05T14:32:17Z msolve_pid=3508
VmPeak:	56628712 kB
VmSize:	56563176 kB
VmHWM:	40502808 kB
VmRSS:	40502808 kB
utc=2026-09-05T14:32:37Z msolve_pid=3508
VmPeak:	56767400 kB
VmSize:	56767400 kB
VmHWM:	40825376 kB
VmRSS:	40825376 kB
utc=2026-09-05T14:32:57Z msolve_pid=3508
VmPeak:	57167252 kB
VmSize:	57101716 kB
VmHWM:	41130704 kB
VmRSS:	41130704 kB
