	Command being timed: "timeout --signal=TERM --kill-after=30s 3000s Singular --cpus=1 --threads=1 --flint-threads=1 -q --no-rc /home/ubuntu/jc2/box/moh14-charts-20260905/hsupport-gate-20260905/classes/C_n18m12_M2_9_ell2_s3/builders/C_n18m12_M2_9_ell2_s3_V1_8_direct_builder.sing"
	User time (seconds): 120.75
	System time (seconds): 0.21
	Percent of CPU this job got: 49%
	Elapsed (wall clock) time (h:mm:ss or m:ss): 4:02.02
	Average shared text size (kbytes): 0
	Average unshared data size (kbytes): 0
	Average stack size (kbytes): 0
	Average total size (kbytes): 0
	Maximum resident set size (kbytes): 273752
	Average resident set size (kbytes): 0
	Major (requiring I/O) page faults: 0
	Minor (reclaiming a frame) page faults: 115327
	Voluntary context switches: 3
	Involuntary context switches: 40637
	Swaps: 0
	File system inputs: 0
	File system outputs: 15880
	Socket messages sent: 0
	Socket messages received: 0
	Signals delivered: 0
	Page size (bytes): 4096
	Exit status: 0
