Initial seed for pseudo-random number generator is 1788613060

--------------- INPUT DATA ---------------
#variables                     124
#equations                     322
#invalid equations               0
field characteristic    1073741827
homogeneous input?               0
signature-based computation      0
monomial order                 DRL
basis hash table resetting     OFF
linear algebra option           44
initial hash table size     131072 (2^17)
max pair selection            1000
reduce gb                        1
#threads                        12
info level                       2
generate pbm files               0
------------------------------------------

Legend for f4 information
--------------------------------------------------------
deg       current degree of pairs selected in this round
sel       number of pairs selected in this round
pairs     total number of pairs in pair list
mat       matrix dimensions (# rows x # columns)
density   density of the matrix
new data  # new elements for basis in this round
          # zero reductions during linear algebra
time(rd)  time of the current f4 round in seconds given
          for real and cpu time
--------------------------------------------------------

deg     sel   pairs        mat          density            new data         time(rd) in sec (real|cpu)
------------------------------------------------------------------------------------------------------
  2       3    4929       9 x 6          22.22%        0 new       3 zero         0.00 | 0.02         
  3      16    4926      72 x 80          3.04%       13 new       3 zero         0.01 | 0.06         
  3      27    2372     103 x 132         1.64%       18 new       9 zero         0.01 | 0.07         
  3      11    2493      25 x 15          9.07%        0 new      11 zero         0.00 | 0.00         
  4     110    2482     641 x 803         0.35%       37 new      73 zero         0.01 | 0.14         
  3      30    1707     145 x 275         1.12%       25 new       5 zero         0.01 | 0.10         
  4     261    1922    1369 x 2015        0.19%       88 new     173 zero         0.03 | 0.41         
  4     168    2897     631 x 581         0.42%       21 new     147 zero         0.01 | 0.12         
  4      32    3034     126 x 109         1.59%        5 new      27 zero         0.00 | 0.04         
  5    1000    3069    8648 x 12339       0.03%      211 new     789 zero         0.15 | 1.51         
  5     524    6349   57825 x 164985      0.00%      222 new     302 zero         0.67 | 2.94         
  3      38    7255     195 x 537         0.86%       32 new       6 zero         0.04 | 0.41         
  3      36    5264     185 x 680         0.75%       35 new       1 zero         0.04 | 0.44         
  4     934    5682    6428 x 12769       0.05%      420 new     514 zero         0.57 | 6.27         
  3      34   11601     171 x 920         0.76%       34 new       0 zero         0.06 | 0.63         
  3       7   11666      21 x 31          7.07%        3 new       4 zero         0.01 | 0.11         
  4     842   11810    6978 x 19778       0.04%      397 new     445 zero         0.81 | 8.88         
  4     109   20627     538 x 992         0.38%       30 new      79 zero         0.08 | 0.80         
  5    1000   21345   16212 x 57474       0.02%      465 new     535 zero         1.47 | 13.73        
  5    1000   31931    9915 x 18419       0.04%      222 new     778 zero         0.75 | 7.67         
  5    1000   36131   12601 x 31057       0.03%      262 new     738 zero         1.03 | 9.94         
  5    1000   41064    9646 x 17533       0.04%      250 new     750 zero         1.14 | 10.70        
  5    1000   44722   10715 x 19589       0.04%      202 new     799 zero         0.96 | 9.31         
  4      57   47210     197 x 324         0.95%        8 new      49 zero         0.07 | 0.46         
  5    1000   46692   14786 x 30730       0.03%      220 new     780 zero         1.22 | 11.10        
  4      22   50022     127 x 195         1.75%        3 new      19 zero         0.06 | 0.23         
  5    1000   49699   13180 x 25343       0.03%      253 new     748 zero         1.43 | 12.93        
  4      98   52708     447 x 818         0.59%       17 new      81 zero         0.14 | 0.92         
  5    1000   51694   14766 x 28563       0.03%      221 new     779 zero         1.43 | 11.36        
  5    1000   54780   16465 x 35239       0.03%      263 new     737 zero         1.82 | 13.61        
  4      84   58967     384 x 748         0.51%       12 new      72 zero         0.14 | 0.73         
  5    1000   58471   19664 x 36623       0.02%      221 new     780 zero         1.69 | 11.75        
  4      20   61895      55 x 76          3.71%        1 new      19 zero         0.06 | 0.14         
  5    1001   61778   22041 x 39089       0.03%      198 new     806 zero         1.90 | 10.92        
  4      20   63687      78 x 163         2.39%        3 new      17 zero         0.08 | 0.26         
  5    1000   63457   21325 x 37528       0.03%      223 new     777 zero         1.84 | 12.00        
  4      12   66841      50 x 54          4.30%        0 new      12 zero         0.06 | 0.06         
  5    1002   66829   26737 x 47028       0.03%      210 new     793 zero         1.95 | 11.78        
  5    1000   69336   26938 x 51243       0.03%      298 new     703 zero         2.89 | 16.68        
  4      54   70787     403 x 886         0.66%       17 new      37 zero         0.22 | 1.04         
  5    1000   69280   14809 x 35140       0.04%      240 new     760 zero         2.32 | 13.32        
  5    1000   73470   20852 x 46876       0.03%      244 new     756 zero         2.65 | 13.86        
  5    1000   73750   10573 x 22849       0.06%      253 new     747 zero         2.56 | 14.04        
  5    1000   78080   27965 x 51588       0.03%      200 new     800 zero         2.55 | 11.81        
  4      43   79719     446 x 961         0.75%        7 new      36 zero         0.17 | 0.53         
  5    1000   79285   29054 x 63237       0.03%      217 new     783 zero         3.01 | 13.02        
  4      70   81205     504 x 1057        0.67%        5 new      65 zero         0.15 | 0.42         
  5    1000   80711   24659 x 48061       0.03%      191 new     809 zero         2.66 | 11.53        
  4      47   83146     298 x 592         0.96%        3 new      44 zero         0.13 | 0.31         
  5    1001   82577   37601 x 68538       0.02%      284 new     717 zero         3.85 | 17.21        
  4      15   87258      55 x 56          3.44%        1 new      14 zero         0.10 | 0.19         
  5    1001   87249   35906 x 66119       0.03%      199 new     802 zero         3.60 | 13.16        
  5    1000   88679   36501 x 72033       0.03%      311 new     689 zero         4.50 | 19.65        
  5    1000   93790   41949 x 87467       0.02%      274 new     726 zero         4.41 | 17.59        
  4      15   98397      58 x 60          3.51%        1 new      14 zero         0.13 | 0.22         
  5    1000   98362   44586 x 90932       0.02%      200 new     800 zero         3.80 | 13.72        
  4      18  101231      94 x 118         2.24%        2 new      16 zero         0.13 | 0.27         
  5    1001  101001   38237 x 80799       0.02%      285 new     716 zero         4.71 | 19.11        
  5    1001  106686   33227 x 62774       0.03%      264 new     737 zero         4.44 | 17.96        
  3      18  109489      74 x 80          2.65%        3 new      15 zero         0.19 | 0.40         
  3      14  108211      68 x 123         2.69%        4 new      10 zero         0.19 | 0.45         
  4     281  106343    2160 x 4668        0.13%       56 new     225 zero         1.01 | 3.95         
  4     197  102107    1079 x 1853        0.23%       55 new     142 zero         0.80 | 3.60         
  4      47  102793     287 x 562         0.65%       16 new      31 zero         0.32 | 1.17         
  5    1000  103476    8052 x 16900       0.04%      188 new     812 zero         2.64 | 11.71        
  5    1000  108094    9829 x 18126       0.05%      131 new     869 zero         2.05 | 8.24         
  5    1000  110604   19281 x 43927       0.02%      155 new     846 zero         2.93 | 10.30        
  5    1000  113447   30621 x 71124       0.02%      139 new     861 zero         3.32 | 10.09        
  5    1000  116065   55122 x 129647      0.02%      295 new     705 zero         6.28 | 20.61        
  5    1000  123665   54418 x 136468      0.02%      296 new     704 zero         6.56 | 20.89        
  5    1000  131437   38367 x 115890      0.02%      261 new     739 zero         5.92 | 18.56        
  3       7  136404      48 x 82          3.56%        5 new       2 zero         0.30 | 0.60         
  3      13  135221      98 x 227         1.88%        4 new       9 zero         0.25 | 0.49         
  4     257  134744    3423 x 9292        0.08%       91 new     166 zero         2.97 | 7.38         
  4     144  131079    2419 x 6129        0.14%       60 new      84 zero         1.22 | 4.07         
  4     170  129050    1001 x 2353        0.20%       52 new     118 zero         0.98 | 3.48         
  4      24  130489     261 x 655         0.79%       11 new      13 zero         0.35 | 0.93         
  5    1000  130805   10174 x 31000       0.03%      362 new     638 zero         6.36 | 26.20        
  5    1000  140306   10703 x 24194       0.03%      187 new     813 zero         3.76 | 14.36        
  5    1000  145015   13834 x 27268       0.04%      166 new     834 zero         3.71 | 12.60        
  5    1000  148347   22896 x 53781       0.02%      214 new     786 zero         5.12 | 16.65        
  4      19  152662      70 x 155         2.58%        3 new      16 zero         0.25 | 0.45         
  5    1000  152579   31233 x 80470       0.02%      199 new     801 zero         5.57 | 17.27        
  5    1000  157002   33461 x 76249       0.02%      223 new     777 zero         6.80 | 20.21        
  5    1000  161836   50373 x 123466      0.01%      284 new     716 zero         9.38 | 26.14        
  4     101  165810     543 x 1093        0.49%       21 new      80 zero         0.73 | 1.86         
  5    1000  163576   18842 x 47600       0.03%      194 new     806 zero         5.49 | 15.73        
  5    1001  168093   51727 x 104087      0.02%      358 new     643 zero        11.02 | 31.17        
  4      27  174565     155 x 353         1.37%       10 new      17 zero         0.45 | 0.97         
  5    1000  174651   21578 x 45384       0.03%      321 new     679 zero         9.11 | 25.96        
  5    1000  181435   49819 x 103116      0.02%      320 new     680 zero        10.90 | 28.10        
  5    1000  188090   47426 x 139221      0.02%      290 new     710 zero        11.17 | 26.40        
  4      45  194100     437 x 991         0.49%       21 new      24 zero         0.78 | 1.90         
  5    1000  193499   40703 x 98466       0.02%      317 new     683 zero        10.45 | 27.45        
  4      56  198015     360 x 859         0.55%       16 new      40 zero         0.79 | 1.77         
  5    1000  197186   15350 x 35919       0.03%      218 new     782 zero         6.81 | 18.90        
  5    1000  202325   23348 x 55689       0.02%      232 new     768 zero         8.19 | 20.88        
  5     627  207018   68950 x 290190      0.01%      246 new     381 zero        14.95 | 28.42        
  3      41  194974     311 x 1859        0.48%       41 new       0 zero         1.65 | 4.14         
  4     848  183073   13066 x 48782       0.03%      489 new     359 zero        15.72 | 42.75        
  4     872  166616    5726 x 16235       0.05%      245 new     627 zero         7.77 | 20.83        
  4     429  158568    2257 x 4158        0.12%       97 new     332 zero         2.86 | 7.55         
  5    1000  158250    8828 x 20384       0.05%      207 new     793 zero         5.47 | 15.24        
  4      32  165309      94 x 133         1.93%        2 new      30 zero         0.27 | 0.44         
  5    1000  165336    8694 x 24653       0.05%      180 new     820 zero         5.99 | 14.87        
  4      17  169191      53 x 112         3.54%        6 new      11 zero         0.45 | 0.85         
  4      15  169106      41 x 66          5.43%        1 new      14 zero         0.24 | 0.33         
  5    1000  169113   10856 x 26801       0.05%      254 new     746 zero         7.91 | 20.39        
  5    1000  175105   18944 x 57438       0.03%      300 new     700 zero        10.81 | 25.85        
  4      52  181185     279 x 590         0.72%       13 new      39 zero         0.61 | 1.33         
  4      32  181560     152 x 266         1.20%        2 new      30 zero         0.30 | 0.47         
  5    1000  181601   31426 x 147826      0.01%      477 new     523 zero        17.87 | 42.02        
  4      30  195663     273 x 696         0.88%       11 new      19 zero         0.64 | 1.23         
  5    1001  195918   27631 x 125635      0.02%      341 new     660 zero        14.62 | 32.38        
  4      31  206956     179 x 379         1.53%        4 new      27 zero         0.45 | 0.70         
  5    1000  206811   12602 x 33370       0.03%      134 new     866 zero         5.63 | 12.54        
  5    1000  210301   20207 x 52525       0.02%      215 new     785 zero         9.27 | 20.54        
  5    1000  214580   20454 x 50365       0.03%      265 new     735 zero        11.50 | 25.50        
  5    1000  221430   27184 x 89934       0.02%      226 new     774 zero        11.61 | 23.48        
  4      24  226396     211 x 459         1.14%        7 new      17 zero         0.60 | 1.15         
  4      16  226430      59 x 129         3.68%        0 new      16 zero         0.30 | 0.31         
  5    1001  226414   31761 x 113854      0.02%      188 new     813 zero        11.05 | 20.92        
  4      26  230583     274 x 716         1.01%        1 new      25 zero         0.42 | 0.52         
  5    1000  230335   21228 x 57665       0.02%      170 new     831 zero         9.02 | 18.78        
  5    1001  234775   29822 x 83088       0.02%      171 new     830 zero        10.26 | 20.17        
  4      78  237708     367 x 761         0.50%        7 new      71 zero         0.68 | 1.20         
  5    1000  237033   36715 x 96406       0.01%      225 new     775 zero        13.40 | 26.41        
  5    1000  242133   48657 x 140749      0.01%      233 new     768 zero        15.56 | 28.88        
  4      34  247143     159 x 282         1.15%        2 new      32 zero         0.42 | 0.59         
  5    1000  247193   44854 x 123211      0.02%      258 new     743 zero        16.04 | 30.51        
  5    1000  253100   55591 x 171398      0.01%      270 new     730 zero        19.01 | 34.38        
  5    1000  259350   51708 x 146494      0.01%      264 new     738 zero        17.48 | 32.54        
  5    1000  264816   31150 x 81054       0.02%      286 new     714 zero        15.67 | 32.15        
  5    1000  270899   37579 x 92950       0.02%      275 new     725 zero        16.99 | 33.77        
  5    1000  275243   66598 x 160190      0.01%      260 new     740 zeroEnlarging exponent vector for hash table failed
for esz = 268435456, segmentation fault will follow.
Command terminated by signal 11
	Command being timed: "msolve -g 2 -t 12 -v 2 -l 44 -m 1000 -f /home/ubuntu/jc2/box/moh14-charts-20260905/hsupport-gate-20260905/fleet/172.30.0.18/C_n18m12_M2_9_ell2_s3_V1_8_direct/C_n18m12_M2_9_ell2_s3_V1_8_full_p1073741827.ms -o /home/ubuntu/jc2/box/moh14-charts-20260905/hsupport-gate-20260905/fleet/172.30.0.18/C_n18m12_M2_9_ell2_s3_V1_8_direct/C_n18m12_M2_9_ell2_s3_V1_8_full_p1073741827.g2.out"
	User time (seconds): 1498.53
	System time (seconds): 15.94
	Percent of CPU this job got: 277%
	Elapsed (wall clock) time (h:mm:ss or m:ss): 9:06.17
	Average shared text size (kbytes): 0
	Average unshared data size (kbytes): 0
	Average stack size (kbytes): 0
	Average total size (kbytes): 0
	Maximum resident set size (kbytes): 41639136
	Average resident set size (kbytes): 0
	Major (requiring I/O) page faults: 0
	Minor (reclaiming a frame) page faults: 10539658
	Voluntary context switches: 197169
	Involuntary context switches: 2894
	Swaps: 0
	File system inputs: 0
	File system outputs: 160
	Socket messages sent: 0
	Socket messages received: 0
	Signals delivered: 0
	Page size (bytes): 4096
	Exit status: 0
