AWS_TAG=max12_912_order3_d1_composition_jacobian_20260825T222000Z_box03
SOURCE=EXACT_ORDINARY_FABER_TAILS
FACTOR_omit_r1_BEGIN
[1]:
   _[1]=16/4782969
   _[2]=-5p3+45c2+18B
   _[3]=4B3+12B2k+9Bk2+12A2
[2]:
   1,1,2
FACTOR_omit_r1_END
FACTOR_omit_r2_BEGIN
[1]:
   _[1]=-64/531441
   _[2]=p
   _[3]=c
   _[4]=4B3+12B2k+9Bk2+12A2
[2]:
   1,1,1,2
FACTOR_omit_r2_END
FACTOR_omit_r4_BEGIN
[1]:
   _[1]=32/177147
   _[2]=c
   _[3]=4B3+12B2k+9Bk2+12A2
[2]:
   1,1,2
FACTOR_omit_r4_END
FACTOR_omit_r5_BEGIN
[1]:
   _[1]=-16/177147
   _[2]=p
   _[3]=4B3+12B2k+9Bk2+12A2
[2]:
   1,1,2
FACTOR_omit_r5_END
FACTOR_omit_r7_BEGIN
[1]:
   _[1]=16/59049
   _[2]=4B3+12B2k+9Bk2+12A2
[2]:
   1,2
FACTOR_omit_r7_END
PASS_D1_COMPOSITION_JACOBIAN_FACTORIZATION
