{
  "aws_tag": "max12_912_order3_d1_normal_tangent_20260825T220700Z_box03",
  "deformation_variables": [
    "x0",
    "x1",
    "x2",
    "x3",
    "x4",
    "x5",
    "k"
  ],
  "maximum_deformation_degree": 3,
  "normal_substitution": {
    "f": "(z^3+p*z+c)^3+x0+x1*z+...+x5*z^5",
    "k": "k"
  },
  "rows": {
    "1": {
      "0": {
        "polynomial": "0",
        "sha256": "4f53cda18c2baa0c0354bb5f9a3ecbe5ed12ab4d8e11ba873c2f11161202b945",
        "support": 0
      },
      "1": {
        "polynomial": "0",
        "sha256": "4f53cda18c2baa0c0354bb5f9a3ecbe5ed12ab4d8e11ba873c2f11161202b945",
        "support": 0
      },
      "2": {
        "polynomial": "(4/3)*p^2*x4*x5+(4/3)*p*c*x5^2+(-8/9)*p*x2*x5+(-8/9)*p*x3*x4+(-2/3)*p*x4*k+(-8/9)*c*x3*x5+(-4/9)*c*x4^2+(-2/3)*c*x5*k+(4/9)*x0*x5+(4/9)*x1*x4+(4/9)*x2*x3+(2/3)*x2*k",
        "sha256": "ba0e0b211a393adcff05a1da0619778d9ccf8ca64c021c153701be84f6657c0c",
        "support": 12
      },
      "3": {
        "polynomial": "(-4/27)*x4*x5^2",
        "sha256": "8927896afe22fa2386bb0bebfe960fe775a5e7fe196938b0e5786302101f687b",
        "support": 1
      }
    },
    "2": {
      "0": {
        "polynomial": "0",
        "sha256": "4f53cda18c2baa0c0354bb5f9a3ecbe5ed12ab4d8e11ba873c2f11161202b945",
        "support": 0
      },
      "1": {
        "polynomial": "0",
        "sha256": "4f53cda18c2baa0c0354bb5f9a3ecbe5ed12ab4d8e11ba873c2f11161202b945",
        "support": 0
      },
      "2": {
        "polynomial": "(-8/9)*p^3*x5^2+(4/3)*p^2*x3*x5+(2/3)*p^2*x4^2+(2/3)*p^2*x5*k+(8/3)*p*c*x4*x5+(-8/9)*p*x1*x5+(-8/9)*p*x2*x4+(-4/9)*p*x3^2+(-2/3)*p*x3*k+(2/3)*c^2*x5^2+(-8/9)*c*x2*x5+(-8/9)*c*x3*x4+(-2/3)*c*x4*k+(4/9)*x0*x4+(4/9)*x1*x3+(2/3)*x1*k+(2/9)*x2^2",
        "sha256": "b8e11bcd09699a5f8eb0a0840d2ffab18a22d8f1344ccf421705c9752c3c82a2",
        "support": 17
      },
      "3": {
        "polynomial": "(20/81)*p*x5^3+(-4/27)*x3*x5^2+(-4/27)*x4^2*x5+(-1/9)*x5^2*k",
        "sha256": "cac5ee9039b9b43c9952d85cba62c0e9122fad55d87ec617c7abf3acdad1d67d",
        "support": 4
      }
    },
    "3": {
      "0": {
        "polynomial": "0",
        "sha256": "4f53cda18c2baa0c0354bb5f9a3ecbe5ed12ab4d8e11ba873c2f11161202b945",
        "support": 0
      },
      "1": {
        "polynomial": "0",
        "sha256": "4f53cda18c2baa0c0354bb5f9a3ecbe5ed12ab4d8e11ba873c2f11161202b945",
        "support": 0
      },
      "2": {
        "polynomial": "(-4/3)*p^3*x4*x5+(-20/9)*p^2*c*x5^2+(28/27)*p^2*x2*x5+(28/27)*p^2*x3*x4+(4/9)*p^2*x4*k+(64/27)*p*c*x3*x5+(32/27)*p*c*x4^2+(10/9)*p*c*x5*k+(-20/27)*p*x0*x5+(-20/27)*p*x1*x4+(-20/27)*p*x2*x3+(-4/9)*p*x2*k+(4/3)*c^2*x4*x5+(-8/9)*c*x1*x5+(-8/9)*c*x2*x4+(-4/9)*c*x3^2+(-2/3)*c*x3*k+(4/9)*x0*x3+(2/3)*x0*k+(4/9)*x1*x2",
        "sha256": "a1e4d7528197c9dbaa106080f63bb9c27e35b15b7975737a4b38a1d0941a8ed2",
        "support": 20
      },
      "3": {
        "polynomial": "(56/81)*p*x4*x5^2+(20/81)*c*x5^3+(-4/27)*x2*x5^2+(-8/27)*x3*x4*x5+(-4/81)*x4^3+(-2/9)*x4*x5*k",
        "sha256": "7d489931d1cec5f29d552abf7d634ccf70e78887f661b1a34b58ca0824511599",
        "support": 6
      }
    },
    "4": {
      "0": {
        "polynomial": "0",
        "sha256": "4f53cda18c2baa0c0354bb5f9a3ecbe5ed12ab4d8e11ba873c2f11161202b945",
        "support": 0
      },
      "1": {
        "polynomial": "0",
        "sha256": "4f53cda18c2baa0c0354bb5f9a3ecbe5ed12ab4d8e11ba873c2f11161202b945",
        "support": 0
      },
      "2": {
        "polynomial": "(14/27)*p^4*x5^2+(-8/9)*p^3*x3*x5+(-4/9)*p^3*x4^2+(-2/9)*p^3*x5*k+(-28/9)*p^2*c*x4*x5+(20/27)*p^2*x1*x5+(20/27)*p^2*x2*x4+(10/27)*p^2*x3^2+(2/9)*p^2*x3*k+(-16/9)*p*c^2*x5^2+(16/9)*p*c*x2*x5+(16/9)*p*c*x3*x4+(2/3)*p*c*x4*k+(-16/27)*p*x0*x4+(-16/27)*p*x1*x3+(-2/9)*p*x1*k+(-8/27)*p*x2^2+(28/27)*c^2*x3*x5+(14/27)*c^2*x4^2+(4/9)*c^2*x5*k+(-20/27)*c*x0*x5+(-20/27)*c*x1*x4+(-20/27)*c*x2*x3+(-4/9)*c*x2*k+(4/9)*x0*x2+(2/9)*x1^2",
        "sha256": "8d5dcb69b42330036e9c892d3fe0083a458e1e7a1dcdb75a4839a31ccdaf0136",
        "support": 26
      },
      "3": {
        "polynomial": "(-140/243)*p^2*x5^3+(52/81)*p*x3*x5^2+(52/81)*p*x4^2*x5+(10/27)*p*x5^2*k+(56/81)*c*x4*x5^2+(-4/27)*x1*x5^2+(-8/27)*x2*x4*x5+(-4/27)*x3^2*x5+(-4/27)*x3*x4^2+(-2/9)*x3*x5*k+(-1/9)*x4^2*k",
        "sha256": "3c37b73be1de50bd5f611a96027f29d800ea84fa6c6d0f2c1d35ce53a588095d",
        "support": 11
      }
    },
    "5": {
      "0": {
        "polynomial": "0",
        "sha256": "4f53cda18c2baa0c0354bb5f9a3ecbe5ed12ab4d8e11ba873c2f11161202b945",
        "support": 0
      },
      "1": {
        "polynomial": "0",
        "sha256": "4f53cda18c2baa0c0354bb5f9a3ecbe5ed12ab4d8e11ba873c2f11161202b945",
        "support": 0
      },
      "2": {
        "polynomial": "(16/27)*p^4*x4*x5+(4/3)*p^3*c*x5^2+(-44/81)*p^3*x2*x5+(-44/81)*p^3*x3*x4+(-2/27)*p^3*x4*k+(-152/81)*p^2*c*x3*x5+(-76/81)*p^2*c*x4^2+(-8/27)*p^2*c*x5*k+(40/81)*p^2*x0*x5+(40/81)*p^2*x1*x4+(40/81)*p^2*x2*x3+(2/27)*p^2*x2*k+(-20/9)*p*c^2*x4*x5+(32/27)*p*c*x1*x5+(32/27)*p*c*x2*x4+(16/27)*p*c*x3^2+(2/9)*p*c*x3*k+(-4/9)*p*x0*x3+(-4/9)*p*x1*x2+(-4/9)*c^3*x5^2+(20/27)*c^2*x2*x5+(20/27)*c^2*x3*x4+(2/9)*c^2*x4*k+(-16/27)*c*x0*x4+(-16/27)*c*x1*x3+(-2/9)*c*x1*k+(-8/27)*c*x2^2+(4/9)*x0*x1",
        "sha256": "bf1cf289962324301bbed3d22e995667aafbf910f610d799239441d87efe18a7",
        "support": 28
      },
      "3": {
        "polynomial": "(-328/243)*p^2*x4*x5^2+(-224/243)*p*c*x5^3+(40/81)*p*x2*x5^2+(88/81)*p*x3*x4*x5+(16/81)*p*x4^3+(16/27)*p*x4*x5*k+(44/81)*c*x3*x5^2+(16/27)*c*x4^2*x5+(8/27)*c*x5^2*k+(-8/81)*x0*x5^2+(-20/81)*x1*x4*x5+(-20/81)*x2*x3*x5+(-4/27)*x2*x4^2+(-4/27)*x2*x5*k+(-4/27)*x3^2*x4+(-2/9)*x3*x4*k",
        "sha256": "fece218beade8e099f217de0a67833cf2962e70f5dc082759ad276e0c7b0dfe7",
        "support": 16
      }
    },
    "6": {
      "0": {
        "polynomial": "0",
        "sha256": "4f53cda18c2baa0c0354bb5f9a3ecbe5ed12ab4d8e11ba873c2f11161202b945",
        "support": 0
      },
      "1": {
        "polynomial": "0",
        "sha256": "4f53cda18c2baa0c0354bb5f9a3ecbe5ed12ab4d8e11ba873c2f11161202b945",
        "support": 0
      },
      "2": {
        "polynomial": "(-4/27)*p^5*x5^2+(8/27)*p^4*x3*x5+(4/27)*p^4*x4^2+(4/3)*p^3*c*x4*x5+(-8/27)*p^3*x1*x5+(-8/27)*p^3*x2*x4+(-4/27)*p^3*x3^2+(10/9)*p^2*c^2*x5^2+(-28/27)*p^2*c*x2*x5+(-28/27)*p^2*c*x3*x4+(8/27)*p^2*x0*x4+(8/27)*p^2*x1*x3+(4/27)*p^2*x2^2+(-32/27)*p*c^2*x3*x5+(-16/27)*p*c^2*x4^2+(20/27)*p*c*x0*x5+(20/27)*p*c*x1*x4+(20/27)*p*c*x2*x3+(-8/27)*p*x0*x2+(-4/27)*p*x1^2+(-4/9)*c^3*x4*x5+(4/9)*c^2*x1*x5+(4/9)*c^2*x2*x4+(2/9)*c^2*x3^2+(-4/9)*c*x0*x3+(-4/9)*c*x1*x2+(2/9)*x0^2",
        "sha256": "11ebe72d6d4ae4385ea64d84a0358e29312ba5827ede960abcab94cc64da325b",
        "support": 27
      },
      "3": {
        "polynomial": "(152/243)*p^3*x5^3+(-80/81)*p^2*x3*x5^2+(-80/81)*p^2*x4^2*x5+(-11/27)*p^2*x5^2*k+(-164/81)*p*c*x4*x5^2+(28/81)*p*x1*x5^2+(64/81)*p*x2*x4*x5+(4/9)*p*x3^2*x5+(4/9)*p*x3*x4^2+(4/9)*p*x3*x5*k+(2/9)*p*x4^2*k+(-28/81)*c^2*x5^3+(32/81)*c*x2*x5^2+(8/9)*c*x3*x4*x5+(4/27)*c*x4^3+(4/9)*c*x4*x5*k+(-4/27)*x0*x4*x5+(-16/81)*x1*x3*x5+(-8/81)*x1*x4^2+(-2/27)*x1*x5*k+(-8/81)*x2^2*x5+(-20/81)*x2*x3*x4+(-4/27)*x2*x4*k+(-4/81)*x3^3+(-1/9)*x3^2*k",
        "sha256": "e7f29c7e58b9cedc6675ffff515adedd3b4b3aa77cd374ef73dc77e57ac39acd",
        "support": 25
      }
    },
    "7": {
      "0": {
        "polynomial": "0",
        "sha256": "4f53cda18c2baa0c0354bb5f9a3ecbe5ed12ab4d8e11ba873c2f11161202b945",
        "support": 0
      },
      "1": {
        "polynomial": "0",
        "sha256": "4f53cda18c2baa0c0354bb5f9a3ecbe5ed12ab4d8e11ba873c2f11161202b945",
        "support": 0
      },
      "2": {
        "polynomial": "(-28/243)*p^5*x4*x5+(-76/243)*p^4*c*x5^2+(92/729)*p^4*x2*x5+(92/729)*p^4*x3*x4+(-4/243)*p^4*x4*k+(416/729)*p^3*c*x3*x5+(208/729)*p^3*c*x4^2+(-22/243)*p^3*c*x5*k+(-100/729)*p^3*x0*x5+(-100/729)*p^3*x1*x4+(-100/729)*p^3*x2*x3+(4/243)*p^3*x2*k+(8/9)*p^2*c^2*x4*x5+(-40/81)*p^2*c*x1*x5+(-40/81)*p^2*c*x2*x4+(-20/81)*p^2*c*x3^2+(2/27)*p^2*c*x3*k+(4/27)*p^2*x0*x3+(4/27)*p^2*x1*x2+(8/27)*p*c^3*x5^2+(-44/81)*p*c^2*x2*x5+(-44/81)*p*c^2*x3*x4+(4/27)*p*c^2*x4*k+(32/81)*p*c*x0*x4+(32/81)*p*c*x1*x3+(-2/27)*p*c*x1*k+(16/81)*p*c*x2^2+(-4/27)*p*x0*x1+(-16/81)*c^3*x3*x5+(-8/81)*c^3*x4^2+(2/27)*c^3*x5*k+(20/81)*c^2*x0*x5+(20/81)*c^2*x1*x4+(20/81)*c^2*x2*x3+(-2/27)*c^2*x2*k+(-8/27)*c*x0*x2+(-4/27)*c*x1^2",
        "sha256": "41d74f6d287d6f818e368d81294905946e8feedae849d7a0932dc6e5071c7f1e",
        "support": 37
      },
      "3": {
        "polynomial": "(2368/2187)*p^3*x4*x5^2+(820/729)*p^2*c*x5^3+(-140/243)*p^2*x2*x5^2+(-296/243)*p^2*x3*x4*x5+(-52/243)*p^2*x4^3+(-38/81)*p^2*x4*x5*k+(-304/243)*p*c*x3*x5^2+(-104/81)*p*c*x4^2*x5+(-40/81)*p*c*x5^2*k+(40/243)*p*x0*x5^2+(112/243)*p*x1*x4*x5+(136/243)*p*x2*x3*x5+(8/27)*p*x2*x4^2+(20/81)*p*x2*x5*k+(8/27)*p*x3^2*x4+(8/27)*p*x3*x4*k+(-164/243)*c^2*x4*x5^2+(20/81)*c*x1*x5^2+(16/27)*c*x2*x4*x5+(8/27)*c*x3^2*x5+(8/27)*c*x3*x4^2+(8/27)*c*x3*x5*k+(4/27)*c*x4^2*k+(-8/81)*x0*x3*x5+(-4/81)*x0*x4^2+(-4/27)*x1*x2*x5+(-4/27)*x1*x3*x4+(-2/27)*x1*x4*k+(-8/81)*x2^2*x4+(-8/81)*x2*x3^2+(-4/27)*x2*x3*k",
        "sha256": "5e4ed848268adc0146cd2c5d7755b901ccc1da580dc06e5ee6d91a19f86151bb",
        "support": 31
      }
    },
    "8": {
      "0": {
        "polynomial": "0",
        "sha256": "4f53cda18c2baa0c0354bb5f9a3ecbe5ed12ab4d8e11ba873c2f11161202b945",
        "support": 0
      },
      "1": {
        "polynomial": "0",
        "sha256": "4f53cda18c2baa0c0354bb5f9a3ecbe5ed12ab4d8e11ba873c2f11161202b945",
        "support": 0
      },
      "2": {
        "polynomial": "(10/729)*p^6*x5^2+(-8/243)*p^5*x3*x5+(-4/243)*p^5*x4^2+(2/243)*p^5*x5*k+(-40/243)*p^4*c*x4*x5+(28/729)*p^4*x1*x5+(28/729)*p^4*x2*x4+(14/729)*p^4*x3^2+(-2/243)*p^4*x3*k+(-40/243)*p^3*c^2*x5^2+(124/729)*p^3*c*x2*x5+(124/729)*p^3*c*x3*x4+(-14/243)*p^3*c*x4*k+(-32/729)*p^3*x0*x4+(-32/729)*p^3*x1*x3+(2/243)*p^3*x1*k+(-16/729)*p^3*x2^2+(68/243)*p^2*c^2*x3*x5+(34/243)*p^2*c^2*x4^2+(-10/81)*p^2*c^2*x5*k+(-40/243)*p^2*c*x0*x5+(-40/243)*p^2*c*x1*x4+(-40/243)*p^2*c*x2*x3+(4/81)*p^2*c*x2*k+(4/81)*p^2*x0*x2+(2/81)*p^2*x1^2+(4/27)*p*c^3*x4*x5+(-16/81)*p*c^2*x1*x5+(-16/81)*p*c^2*x2*x4+(-8/81)*p*c^2*x3^2+(2/27)*p*c^2*x3*k+(4/27)*p*c*x0*x3+(4/27)*p*c*x1*x2+(-4/81)*c^3*x2*x5+(-4/81)*c^3*x3*x4+(2/27)*c^3*x4*k+(8/81)*c^2*x0*x4+(8/81)*c^2*x1*x3+(-2/27)*c^2*x1*k+(4/81)*c^2*x2^2+(-4/27)*c*x0*x1",
        "sha256": "54345bab2aba3a6505b7c3bd2318e7a6e32b91382c0732efc091fd7aab4e60ca",
        "support": 41
      },
      "3": {
        "polynomial": "(-1528/6561)*p^4*x5^3+(1004/2187)*p^3*x3*x5^2+(1004/2187)*p^3*x4^2*x5+(98/729)*p^3*x5^2*k+(1048/729)*p^2*c*x4*x5^2+(-20/81)*p^2*x1*x5^2+(-128/243)*p^2*x2*x4*x5+(-68/243)*p^2*x3^2*x5+(-68/243)*p^2*x3*x4^2+(-16/81)*p^2*x3*x5*k+(-8/81)*p^2*x4^2*k+(364/729)*p*c^2*x5^3+(-44/81)*p*c*x2*x5^2+(-280/243)*p*c*x3*x4*x5+(-16/81)*p*c*x4^3+(-34/81)*p*c*x4*x5*k+(4/27)*p*x0*x4*x5+(64/243)*p*x1*x3*x5+(32/243)*p*x1*x4^2+(8/81)*p*x1*x5*k+(32/243)*p*x2^2*x5+(68/243)*p*x2*x3*x4+(10/81)*p*x2*x4*k+(4/81)*p*x3^3+(2/27)*p*x3^2*k+(-8/27)*c^2*x3*x5^2+(-76/243)*c^2*x4^2*x5+(-1/9)*c^2*x5^2*k+(20/243)*c*x0*x5^2+(68/243)*c*x1*x4*x5+(68/243)*c*x2*x3*x5+(4/27)*c*x2*x4^2+(10/81)*c*x2*x5*k+(4/27)*c*x3^2*x4+(4/27)*c*x3*x4*k+(-4/81)*x0*x2*x5+(-4/81)*x0*x3*x4+(-4/81)*x1^2*x5+(-8/81)*x1*x2*x4+(-4/81)*x1*x3^2+(-2/27)*x1*x3*k+(-4/81)*x2^2*x3+(-1/27)*x2^2*k",
        "sha256": "a5ff1faf3acfad463d129488174bb239d2c4b9c9a04fab59c7057029e3092bf5",
        "support": 43
      }
    }
  },
  "source": "cases/max12_912_order3_d1_passport_full_fibre_taylor_v2_20260825/independent_reconstruct.py",
  "source_sha256": "67343b569db54f61f4a9e56e4262c0bf4fa781323a1287addbaf4fff93844623",
  "variables": [
    "p",
    "c",
    "x0",
    "x1",
    "x2",
    "x3",
    "x4",
    "x5",
    "k"
  ]
}
PASS-D1-NORMAL-TANGENT-EXTRACTION
payload_sha256=c9b26b9c5af5c6e5dea8238651185c2df11d936ea260bdddbabf73e56afadbc5
