{
  "aws_tag": "max12_912_order3_d1_weight20_20260825T223500Z_box03",
  "maximum_L_weight": 20,
  "rows": {
    "1": {
      "17": {
        "polynomial": "(4/9)*b*V2+(4/9)*a*U2+(2/3)*V2*k",
        "sha256": "af13a156fce7ecc85c125fd1a6c75572b199c7fc3dd86049f2f98a9e8efa6fbf",
        "support": 3
      },
      "19": {
        "polynomial": "(-4/9)*p*U2*V2+(4/9)*U1*V1",
        "sha256": "affdd48cdf7a553ddaef7e73ca50b733a20b465fd7379e6a2fde72a56b1c379a",
        "support": 2
      }
    },
    "2": {
      "17": {
        "polynomial": "(4/9)*b*V1+(4/9)*a*U1+(2/3)*V1*k",
        "sha256": "e23ca2828844a05aa8d148779cc2d18cf1555cdc476bac7599e3952bad0ce390",
        "support": 3
      },
      "19": {
        "polynomial": "(-4/9)*p*U2*V1+(-4/9)*p*U1*V2+(-4/9)*c*U2*V2",
        "sha256": "d3fbed9a54b787d856691f9c6d6e89a5c63c61c1b7bbfffad28eff7c83bbc306",
        "support": 3
      }
    },
    "3": {
      "15": {
        "polynomial": "(4/9)*b*a+(2/3)*a*k",
        "sha256": "aa61967df7a877ae332837f31cc91bec64ccea9240d6f18ac93fed78dd71de5e",
        "support": 2
      },
      "17": {
        "polynomial": "(-8/27)*p*b*V2+(-8/27)*p*a*U2+(-4/9)*p*V2*k",
        "sha256": "c2ce98f8c2e84c4ed8e394e7637f46b39414243b0616ceeb7d1754b633a7ca1a",
        "support": 3
      },
      "19": {
        "polynomial": "(8/27)*p^2*U2*V2+(-8/27)*p*U1*V1+(-4/9)*c*U2*V1+(-4/9)*c*U1*V2",
        "sha256": "18a7464b27ed307b522e5f81397aca718903c50feb1f0441d182088881e1e112",
        "support": 4
      }
    },
    "4": {
      "17": {
        "polynomial": "(-4/27)*p*b*V1+(-4/27)*p*a*U1+(-2/9)*p*V1*k+(-8/27)*c*b*V2+(-8/27)*c*a*U2+(-4/9)*c*V2*k",
        "sha256": "90022c587a587df6320a85423b80ed9453e7cea3d7cf27931ef5698be57d5cf9",
        "support": 6
      },
      "19": {
        "polynomial": "(4/27)*p^2*U2*V1+(4/27)*p^2*U1*V2+(4/9)*p*c*U2*V2+(-8/27)*c*U1*V1",
        "sha256": "8c18fab00fda803990cddd42a1e66816b37ad1bf2e48c6949110990651ec64b9",
        "support": 4
      },
      "20": {
        "polynomial": "(-4/27)*b^2*U2+(-2/9)*b*U2*k+(4/9)*a*V2",
        "sha256": "440da1e52e26ec3a1c77b9862fec37934a944040e04c2877a989b43eedf77578",
        "support": 3
      }
    },
    "5": {
      "17": {
        "polynomial": "(4/81)*p^2*b*V2+(4/81)*p^2*a*U2+(2/27)*p^2*V2*k+(-4/27)*c*b*V1+(-4/27)*c*a*U1+(-2/9)*c*V1*k",
        "sha256": "bef5308cbeb9df77d6d937baf242a5e2503458a45e04c40b45a549c39a31f472",
        "support": 6
      },
      "19": {
        "polynomial": "(-4/81)*p^3*U2*V2+(4/81)*p^2*U1*V1+(4/27)*p*c*U2*V1+(4/27)*p*c*U1*V2+(4/27)*c^2*U2*V2",
        "sha256": "092082268660e8ce41ad2f198f0a37303fc96394a3a19f79c298443518a3a471",
        "support": 5
      },
      "20": {
        "polynomial": "(-4/27)*b^2*U1+(-2/9)*b*U1*k+(4/9)*a*V1",
        "sha256": "95d48265324c7389d3df746104ad524df968c75cc3bac7d2f7367b945a785a6d",
        "support": 3
      }
    },
    "6": {
      "18": {
        "polynomial": "(-4/81)*b^3+(-1/9)*b^2*k+(2/9)*a^2",
        "sha256": "82da3ee77f541ed0ad39905df767244f69e843f5e8717cb95413bd89110a932b",
        "support": 3
      },
      "20": {
        "polynomial": "(8/81)*p*b^2*U2+(4/27)*p*b*U2*k+(-8/27)*p*a*V2",
        "sha256": "148c5e89cab7008ebb3a234320e6ccf2239b770b235f67cb6bf4e88ff383f59c",
        "support": 3
      }
    },
    "7": {
      "17": {
        "polynomial": "(8/729)*p^3*b*V2+(8/729)*p^3*a*U2+(4/243)*p^3*V2*k+(-4/81)*p*c*b*V1+(-4/81)*p*c*a*U1+(-2/27)*p*c*V1*k+(-4/81)*c^2*b*V2+(-4/81)*c^2*a*U2+(-2/27)*c^2*V2*k",
        "sha256": "e0b0e2328662c06e24a87fa94db87c4b2b40ac0599ab24722aad3e677fbc1daa",
        "support": 9
      },
      "19": {
        "polynomial": "(-8/729)*p^4*U2*V2+(8/729)*p^3*U1*V1+(4/81)*p^2*c*U2*V1+(4/81)*p^2*c*U1*V2+(8/81)*p*c^2*U2*V2+(-4/81)*c^2*U1*V1",
        "sha256": "349237df3cf14c8e6c93a147a2aa876af9d152f99b47ce4def1ce39dd8e52651",
        "support": 6
      },
      "20": {
        "polynomial": "(4/81)*p*b^2*U1+(2/27)*p*b*U1*k+(-4/27)*p*a*V1+(8/81)*c*b^2*U2+(4/27)*c*b*U2*k+(-8/27)*c*a*V2",
        "sha256": "103d3e4afa4cb00f371822aed31c3a945d8e3ca25b4964683d23cc63fcc7da8e",
        "support": 6
      }
    },
    "8": {
      "17": {
        "polynomial": "(4/729)*p^3*b*V1+(4/729)*p^3*a*U1+(2/243)*p^3*V1*k+(8/243)*p^2*c*b*V2+(8/243)*p^2*c*a*U2+(4/81)*p^2*c*V2*k+(-4/81)*c^2*b*V1+(-4/81)*c^2*a*U1+(-2/27)*c^2*V1*k",
        "sha256": "647e8aa20540e899bf708f4d448a92c5c40aad72cda0e1ce0f7801e3f18d934e",
        "support": 9
      },
      "19": {
        "polynomial": "(-4/729)*p^4*U2*V1+(-4/729)*p^4*U1*V2+(-28/729)*p^3*c*U2*V2+(8/243)*p^2*c*U1*V1+(4/81)*p*c^2*U2*V1+(4/81)*p*c^2*U1*V2+(4/81)*c^3*U2*V2",
        "sha256": "b4d02b63153bd6ebf9df4861d105d4a624e6532ca435318bed8bfc8480169f0c",
        "support": 7
      },
      "20": {
        "polynomial": "(-4/243)*p^2*b^2*U2+(-2/81)*p^2*b*U2*k+(4/81)*p^2*a*V2+(4/81)*c*b^2*U1+(2/27)*c*b*U1*k+(-4/27)*c*a*V1",
        "sha256": "fdd4f51b9bb2997799b2ad073326c75e2ff3020727b63f1785db2f922a9676eb",
        "support": 6
      }
    }
  },
  "scaling": {
    "A": 9,
    "B": 6,
    "kbar": 6,
    "u1": 8,
    "u2": 8,
    "v1": 11,
    "v2": 11
  },
  "source_sha256": "67343b569db54f61f4a9e56e4262c0bf4fa781323a1287addbaf4fff93844623"
}
PASS-D1-WEIGHT20-EXACT-EXTRACTION
payload_sha256=403dab183de04726f2b7899fca517a5eedc0215788c5b9f5a9d87beddf6d7d59
