delta2 inner minor solved in 0.96s
delta2 inner low-weight product: 25 slots, 1.61s
delta2 inner incidence reduced: 14 pivots, 5.92s
delta2 inner: 78 preincidence, 14 QQ* pivots, 0 residual, 6.82s
delta2 inner minor solved in 0.97s
delta2 inner low-weight product: 25 slots, 1.63s
delta2 inner incidence reduced: 14 pivots, 5.90s
delta2 inner: 78 preincidence, 14 QQ* pivots, 0 residual, 6.78s
weak source/J chain: reused 185 hash-bound independently verified phases
strong printed-face chain: reused 120 hash-bound independently verified phases
merged/full-J chain: reused 17 hash-bound independently verified phases
merged/full-J chain: verified 18/30 Jacobian_t58
merged/full-J chain: verified 19/30 Jacobian_t59
merged/full-J chain: verified 20/30 Jacobian_t60
merged/full-J chain: verified 21/30 Jacobian_t61
merged/full-J chain: verified 22/30 Jacobian_t62
merged/full-J chain: verified 23/30 Jacobian_t63
merged/full-J chain: verified 24/30 Jacobian_t64
merged/full-J chain: verified 25/30 Jacobian_t65
merged/full-J chain: verified 26/30 Jacobian_t66
merged/full-J chain: verified 27/30 Jacobian_t67
merged/full-J chain: verified 28/30 Jacobian_t68
merged/full-J chain: verified 29/30 Jacobian_t69
merged/full-J chain: verified 30/30 Jacobian_t70
{
  "status": "GRAPH_CHAIN_AND_FINAL_IDEAL_VERIFIED",
  "branch": "delta2",
  "dimension": 213,
  "unit": false,
  "seconds": 37.07374232800066
}
