delta2 inner minor solved in 0.98s
delta2 inner low-weight product: 25 slots, 1.65s
delta2 inner incidence reduced: 14 pivots, 6.07s
delta2 inner: 78 preincidence, 14 QQ* pivots, 0 residual, 6.99s
delta2 inner minor solved in 0.98s
delta2 inner low-weight product: 25 slots, 1.64s
delta2 inner incidence reduced: 14 pivots, 6.02s
delta2 inner: 78 preincidence, 14 QQ* pivots, 0 residual, 6.93s
weak source/J chain: reused 185 hash-bound independently verified phases
strong printed-face chain: reused 120 hash-bound independently verified phases
merged/full-J chain: reused 17 hash-bound independently verified phases
merged/full-J chain: verified 18/27 Jacobian_t58
merged/full-J chain: verified 19/27 Jacobian_t59
merged/full-J chain: verified 20/27 Jacobian_t60
merged/full-J chain: verified 21/27 Jacobian_t61
merged/full-J chain: verified 22/27 Jacobian_t62
merged/full-J chain: verified 23/27 Jacobian_t63
merged/full-J chain: verified 24/27 Jacobian_t64
merged/full-J chain: verified 25/27 Jacobian_t65
merged/full-J chain: verified 26/27 Jacobian_t66
merged/full-J chain: verified 27/27 certified_quotient_transition
{
  "status": "PASS",
  "branch": "delta2",
  "dimension": 230,
  "unit": false,
  "seconds": 28.844980230000147
}
