delta52 inner minor solved in 1.53s
delta52 inner low-weight product: 25 slots, 1.94s
delta52 inner incidence reduced: 14 pivots, 3.04s
delta52 inner: 76 preincidence, 14 QQ* pivots, 0 residual, 3.33s
delta52 inner minor solved in 1.54s
delta52 inner low-weight product: 25 slots, 1.95s
delta52 inner incidence reduced: 14 pivots, 3.06s
delta52 inner: 76 preincidence, 14 QQ* pivots, 0 residual, 3.36s
weak source/J chain: reused 317 hash-bound independently verified phases
strong printed-face chain: reused 242 hash-bound independently verified phases
merged/full-J chain: reused 25 hash-bound independently verified phases
merged/full-J chain: verified 26/45 Jacobian_t71
merged/full-J chain: verified 27/45 Jacobian_t72
merged/full-J chain: verified 28/45 Jacobian_t73
merged/full-J chain: verified 29/45 Jacobian_t74
merged/full-J chain: verified 30/45 Jacobian_t75
merged/full-J chain: verified 31/45 Jacobian_t76
merged/full-J chain: verified 32/45 Jacobian_t77
merged/full-J chain: verified 33/45 Jacobian_t78
merged/full-J chain: verified 34/45 Jacobian_t79
merged/full-J chain: verified 35/45 Jacobian_t80
merged/full-J chain: verified 36/45 Jacobian_t81
merged/full-J chain: verified 37/45 Jacobian_t82
merged/full-J chain: verified 38/45 Jacobian_t83
merged/full-J chain: verified 39/45 Jacobian_t84
merged/full-J chain: verified 40/45 Jacobian_t85
merged/full-J chain: verified 41/45 Jacobian_t86
merged/full-J chain: verified 42/45 Jacobian_t87
merged/full-J chain: verified 43/45 Jacobian_t88
merged/full-J chain: verified 44/45 Jacobian_t89
merged/full-J chain: verified 45/45 certified_quotient_transition
{
  "status": "PASS",
  "branch": "delta52",
  "dimension": 44,
  "unit": false,
  "seconds": 204.67748216699874
}
