{
  "branch": "delta2",
  "free_count": 64,
  "local_leading_orders": {
    "h3": 9,
    "C2": 8,
    "C3": 19,
    "K2": 17
  },
  "pole_point_failures": {
    "F": {
      "target_local_power": 81,
      "first_failed_local_power": 51,
      "first_nonzero_rows": {
        "51,6": "8000",
        "51,7": "8000",
        "51,8": "8000/3",
        "51,9": "8000/27"
      }
    },
    "G": {
      "target_local_power": 54,
      "first_failed_local_power": 34,
      "first_nonzero_rows": {
        "34,4": "400",
        "34,5": "800/3",
        "34,6": "400/9"
      }
    }
  },
  "elapsed_seconds": 9.766016567940824
}
