{
  "branch": "delta52",
  "free_count": 62,
  "local_leading_orders": {
    "h3": 21,
    "C2": 16,
    "C3": 38,
    "K2": 37
  },
  "pole_point_failures": {
    "F": {
      "target_local_power": 189,
      "first_failed_local_power": 111,
      "first_nonzero_rows": {
        "111,3": "-1331/27",
        "111,5": "1331/9",
        "111,7": "-1331/9",
        "111,9": "1331/27"
      }
    },
    "G": {
      "target_local_power": 126,
      "first_failed_local_power": 74,
      "first_nonzero_rows": {
        "74,2": "121/9",
        "74,4": "-242/9",
        "74,6": "121/9"
      }
    }
  },
  "elapsed_seconds": 127.68032970000058
}
