Command exited with non-zero status 124
	Command being timed: "timeout 900 Singular --cpus=1 --threads=1 --flint-threads=1 -q --no-rc builders/C_n24m16_Mm12_m2_5_ell1_s4_union_builder.sing"
	User time (seconds): 897.60
	System time (seconds): 0.86
	Percent of CPU this job got: 99%
	Elapsed (wall clock) time (h:mm:ss or m:ss): 15:00.05
	Average shared text size (kbytes): 0
	Average unshared data size (kbytes): 0
	Average stack size (kbytes): 0
	Average total size (kbytes): 0
	Maximum resident set size (kbytes): 818244
	Average resident set size (kbytes): 0
	Major (requiring I/O) page faults: 0
	Minor (reclaiming a frame) page faults: 377613
	Voluntary context switches: 4
	Involuntary context switches: 6183
	Swaps: 0
	File system inputs: 0
	File system outputs: 24
	Socket messages sent: 0
	Socket messages received: 0
	Signals delivered: 0
	Page size (bytes): 4096
	Exit status: 124
