delta52: exact AST encoded 61 rows in 1.61s
Traceback (most recent call last):
  File "/home/ubuntu/g9966-corrected-oracle-adjoin/deep_oracle_dimension.py", line 70, in <module>
    if __name__=='__main__':main()
                            ^^^^^^
  File "/home/ubuntu/g9966-corrected-oracle-adjoin/deep_oracle_dimension.py", line 66, in main
    run=subprocess.run(['Singular','-q',str(sing)],capture_output=True,text=True,check=True);out=run.stdout+run.stderr;a.output.with_suffix('.sing.out').write_text(out)
        ^^^^^^^^^^^^^^^^^^^^^^^^^^^^^^^^^^^^^^^^^^^^^^^^^^^^^^^^^^^^^^^^^^^^^^^^^^^^^^^^^^^^
  File "/usr/lib/python3.12/subprocess.py", line 550, in run
    stdout, stderr = process.communicate(input, timeout=timeout)
                     ^^^^^^^^^^^^^^^^^^^^^^^^^^^^^^^^^^^^^^^^^^^
  File "/usr/lib/python3.12/subprocess.py", line 1209, in communicate
    stdout, stderr = self._communicate(input, endtime, timeout)
                     ^^^^^^^^^^^^^^^^^^^^^^^^^^^^^^^^^^^^^^^^^^
  File "/usr/lib/python3.12/subprocess.py", line 2115, in _communicate
    ready = selector.select(timeout)
            ^^^^^^^^^^^^^^^^^^^^^^^^
  File "/usr/lib/python3.12/selectors.py", line 415, in select
    fd_event_list = self._selector.poll(timeout)
                    ^^^^^^^^^^^^^^^^^^^^^^^^^^^^
KeyboardInterrupt
