cases/max12_812_order2_gate_t_actual_total_g20_custody_v44r3_20260827/PREREGISTRATION.md: OK
cases/max12_812_order2_gate_t_actual_total_g20_custody_v44r3_20260827/validate_frozen_v44r1_v44r3.py: OK
cases/max12_812_order2_gate_t_actual_total_g20_custody_v44r3_20260827/validate_crosslane_v44r3.py: OK
cases/max12_812_order2_gate_t_actual_total_g20_custody_v44r3_20260827/run_aws.sh: OK
cases/max12_812_order2_gate_t_actual_total_g20_custody_v44r3_20260827/launch_host.sh: OK
cases/max12_812_order2_gate_t_actual_total_g20_custody_v44r2_20260827/validate_frozen_v44r1_v44r2.py: OK
cases/max12_812_order2_gate_t_actual_total_g20_custody_v44r2_20260827/validate_crosslane_v44r2.py: OK
cases/max12_812_order2_gate_t_actual_total_g20_custody_v44r1_20260827/compiler_pass_validator_failed_v1_aws_q_r6a/compiled/Tg20_1_q.poly: OK
cases/max12_812_order2_gate_t_actual_total_g20_custody_v44r1_20260827/compiler_pass_validator_failed_v1_aws_q_r6a/compiled/Tg20_2_q.poly: OK
cases/max12_812_order2_gate_t_actual_total_g20_custody_v44r1_20260827/compiler_pass_validator_failed_v1_aws_q_r6a/compiled/Tg20_3_q.poly: OK
cases/max12_812_order2_gate_t_actual_total_g20_custody_v44r1_20260827/compiler_pass_validator_failed_v1_aws_q_r6a/compiled/Tg20_4_q.poly: OK
cases/max12_812_order2_gate_t_actual_total_g20_custody_v44r1_20260827/compiler_pass_validator_failed_v1_aws_q_r6a/compiled/Tg20_5_q.poly: OK
cases/max12_812_order2_gate_t_actual_total_g20_custody_v44r1_20260827/compiler_pass_validator_failed_v1_aws_q_r6a/compiled/Tg20_6_q.poly: OK
cases/max12_812_order2_gate_t_actual_total_g20_custody_v44r1_20260827/compiler_pass_validator_failed_v1_aws_q_r6a/compiled/Tg20_7_q.poly: OK
cases/max12_812_order2_gate_t_actual_total_g20_custody_v44r1_20260827/compiler_pass_validator_failed_v1_aws_q_r6a/compiled/result.json: OK
cases/max12_812_order2_gate_t_actual_total_g20_custody_v44r1_20260827/compiler_pass_validator_failed_v1_aws_q_r6a/run/max12_812_order2_gate_t_actual_total_g20_custody_v44r1_20260827T091855Z_q_compiler.stdout: OK
cases/max12_812_order2_gate_t_actual_total_g20_custody_v44r1_20260827/compiler_pass_validator_failed_v1_aws_q_r6a/run/max12_812_order2_gate_t_actual_total_g20_custody_v44r1_20260827T091855Z_q_compiler.stderr: OK
cases/max12_812_order2_gate_t_actual_total_g20_custody_v44r1_20260827/compiler_pass_validator_failed_v1_aws_p65521_r6b/compiled/Tg20_1_p65521.poly: OK
cases/max12_812_order2_gate_t_actual_total_g20_custody_v44r1_20260827/compiler_pass_validator_failed_v1_aws_p65521_r6b/compiled/Tg20_2_p65521.poly: OK
cases/max12_812_order2_gate_t_actual_total_g20_custody_v44r1_20260827/compiler_pass_validator_failed_v1_aws_p65521_r6b/compiled/Tg20_3_p65521.poly: OK
cases/max12_812_order2_gate_t_actual_total_g20_custody_v44r1_20260827/compiler_pass_validator_failed_v1_aws_p65521_r6b/compiled/Tg20_4_p65521.poly: OK
cases/max12_812_order2_gate_t_actual_total_g20_custody_v44r1_20260827/compiler_pass_validator_failed_v1_aws_p65521_r6b/compiled/Tg20_5_p65521.poly: OK
cases/max12_812_order2_gate_t_actual_total_g20_custody_v44r1_20260827/compiler_pass_validator_failed_v1_aws_p65521_r6b/compiled/Tg20_6_p65521.poly: OK
cases/max12_812_order2_gate_t_actual_total_g20_custody_v44r1_20260827/compiler_pass_validator_failed_v1_aws_p65521_r6b/compiled/Tg20_7_p65521.poly: OK
cases/max12_812_order2_gate_t_actual_total_g20_custody_v44r1_20260827/compiler_pass_validator_failed_v1_aws_p65521_r6b/compiled/result.json: OK
cases/max12_812_order2_gate_t_actual_total_g20_custody_v44r1_20260827/compiler_pass_validator_failed_v1_aws_p65521_r6b/run/max12_812_order2_gate_t_actual_total_g20_custody_v44r1_20260827T091855Z_p65521_compiler.stdout: OK
cases/max12_812_order2_gate_t_actual_total_g20_custody_v44r1_20260827/compiler_pass_validator_failed_v1_aws_p65521_r6b/run/max12_812_order2_gate_t_actual_total_g20_custody_v44r1_20260827T091855Z_p65521_compiler.stderr: OK
cases/max12_812_order2_p0_total_rees_j2_typed_census_v23_20260827/census_j2_typed_v23.py: OK
ops/aws_exact_lane.sh: OK
