	Command being timed: "timeout 1800 env JC2_ROOT=/home/ubuntu/jobs/as_b9_d12_full_fibre_mod2187_20260825T1630Z/source OUTPUT_JSON=/home/ubuntu/jobs/as_b9_d12_full_fibre_mod2187_20260825T1630Z/result.json PARENT_REPLAY_JSON=/home/ubuntu/jobs/as_b9_d12_full_fibre_mod2187_20260825T1630Z/parent_mod729_replay.json python3 /home/ubuntu/jobs/as_b9_d12_full_fibre_mod2187_20260825T1630Z/source/cases/as_b9_max12_full_fibre_mod2187_20260825/solve_full_fibre_mod2187.py"
	User time (seconds): 0.61
	System time (seconds): 0.01
	Percent of CPU this job got: 100%
	Elapsed (wall clock) time (h:mm:ss or m:ss): 0:00.62
	Average shared text size (kbytes): 0
	Average unshared data size (kbytes): 0
	Average stack size (kbytes): 0
	Average total size (kbytes): 0
	Maximum resident set size (kbytes): 20720
	Average resident set size (kbytes): 0
	Major (requiring I/O) page faults: 0
	Minor (reclaiming a frame) page faults: 3452
	Voluntary context switches: 3
	Involuntary context switches: 0
	Swaps: 0
	File system inputs: 0
	File system outputs: 24
	Socket messages sent: 0
	Socket messages received: 0
	Signals delivered: 0
	Page size (bytes): 4096
	Exit status: 0
