  D108 tp=1 nonzero=0
  D108 tp=2 nonzero=0
  D108 tp=3 nonzero=0
  D108 tp=7 nonzero=0
  D108 tp=35 nonzero=0
  D108 tp=36 nonzero=0
  D108 tp=37 nonzero=0
  D108 tp=38 nonzero=0
  D108 tp=72 nonzero=0
  D108 tp=73 nonzero=0
  D108 tp=74 nonzero=0
  D108 tp=108 nonzero=0
  D108 tp=109 nonzero=0
  D108 tp=110 nonzero=0
D108 SITES {'KF:bb': [72, 73, 74], 'KF:cp': [108], 'KG:dd': [36, 37, 38], 'KG:ee': [72]}
D108 nonzero probes: 0 | CTRL_A: [1, 2, 3, 4, 5, 6] | CTRL_B: [1, 2, 3, 4, 5, 6]
  G9966 tp=1 nonzero=0
  G9966 tp=2 nonzero=0
  G9966 tp=3 nonzero=0
  G9966 tp=7 nonzero=0
  G9966 tp=32 nonzero=0
  G9966 tp=33 nonzero=0
  G9966 tp=34 nonzero=0
  G9966 tp=35 nonzero=0
  G9966 tp=66 nonzero=0
  G9966 tp=67 nonzero=0
  G9966 tp=68 nonzero=0
  G9966 tp=99 nonzero=0
  G9966 tp=100 nonzero=0
  G9966 tp=101 nonzero=0
G9966 SITES {'KF:bb': [66, 67, 68], 'KF:cp': [99], 'KG:dd': [33, 34, 35], 'KG:ee': [66]}
G9966 nonzero probes: 0 | CTRL_A: [1, 2, 3, 4, 5, 6] | CTRL_B: [1, 2, 3, 4, 5, 6]
secs 9.8
