EXPANDED 12 (6, 3) 1
EXPANDED 13 (5, 3) 1
EXPANDED 14 (4, 3) 2
EXPANDED 15 (3, 3) 4
EXPANDED 24 (6, 4) 5
EXPANDED 25 (5, 4) 6
EXPANDED 26 (4, 4) 8
EXPANDED 27 (3, 4) 11
EXPANDED 38 (6, 5) 17
EXPANDED 39 (5, 5) 19
EXPANDED 40 (4, 5) 23
EXPANDED 41 (3, 5) 25
EXPANDED 42 (2, 5) 22
EXPANDED 53 (6, 6) 44
EXPANDED 54 (5, 6) 48
EXPANDED 55 (4, 6) 53
EXPANDED 56 (3, 6) 52
EXPANDED 68 (6, 7) 104
EXPANDED 69 (5, 7) 107
EXPANDED 83 (6, 8) 212
EXPANDED 84 (5, 8) 217
EXPANDED 98 (6, 9) 427
EXPANDED 99 (5, 9) 411
EXPANDED 112 (6, 10) 810
EXPANDED 113 (5, 10) 747
EXPANDED 114 (4, 10) 666
EXPANDED 126 (6, 11) 1466
EXPANDED 127 (5, 11) 1310
EXPANDED 140 (6, 12) 2551
EXPANDED 141 (5, 12) 2221
RANK_PROGRESS 5 12 1000 1000 1000 0.02
RANK_PROGRESS 5 12 2000 2000 2000 0.05
RANK_PROGRESS 5 12 3000 2970 2970 0.45
COMPONENT {"B": 5, "Y": 12, "reduced_columns": 7864, "reduced_rows": 3455, "nonzeros": 65497, "rank_Q": 3418, "rank_Fp": 3418, "prime": 1073741827, "hilbert_Q": 4446, "matrix_sha256": "fa932e8f6cfa64b34ea4e49904f16eaba99717eed2bf512f7770b0dd16ffc6a2", "exact_echelon_sha256": "495d5d4370a0465eb44f300d69e8a1b4c217b6679a95af401dea25fd4d8660c2", "rational_elimination_steps": 57455, "elapsed_seconds": 5.453033351921476, "status": "EXACT_Q"}
RANK_PROGRESS 6 12 1000 1000 1000 0.02
RANK_PROGRESS 6 12 2000 2000 2000 0.04
RANK_PROGRESS 6 12 3000 2815 2815 0.07
RANK_PROGRESS 6 12 4000 3672 3672 0.17
RANK_PROGRESS 6 12 5000 4519 4519 1.91
COMPONENT {"B": 6, "Y": 12, "reduced_columns": 8765, "reduced_rows": 5554, "nonzeros": 101594, "rank_Q": 4945, "rank_Fp": 4945, "prime": 1073741827, "hilbert_Q": 3820, "matrix_sha256": "5e910bbf256ff2fb8f49345234e3c798dfac0c43602d6822546404af7f7ac23f", "exact_echelon_sha256": "703545cf2f524a930c16193b559dff3b3614d258cd5283e28a1867bc9405d946", "rational_elimination_steps": 150389, "elapsed_seconds": 13.479751215083525, "status": "EXACT_Q"}
DONE
