CONTROL_RING_PASS
CONTROL_EMPTY_WRAPPER_PASS
CONTROL_NONEMPTY_WRAPPER_PASS
CONTROL_UNSATURATED_NONUNIT_PASS
MAIN_START equations=8 unknowns_excluding_T=17 char=32027
MAIN_DONE basis_size=
11
BASIS_BEGIN
G[1]=g_26_67
G[2]=g_26_66
G[3]=g_27_71
G[4]=g_27_70
G[5]=g_27_69
G[6]=g_27_68
G[7]=gamma*T-1
G[8]=g_26_69*g_25_64^2+16013*g_26_68*g_25_64*g_25_65
G[9]=g_26_68*g_26_69*g_25_64+16013*g_26_68^2*g_25_65
G[10]=g_26_68^2*g_26_69+16012*g_26_69*g_25_64+16012*g_26_68*g_25_65
G[11]=g_26_68^3+16009*g_26_68*g_25_64
BASIS_END
MAIN_NONUNIT
DIM=
9
