CONTROL_RING_PASS
CONTROL_EMPTY_WRAPPER_PASS
CONTROL_NONEMPTY_WRAPPER_PASS
CONTROL_UNSATURATED_NONUNIT_PASS
MAIN_START equations=13 unknowns_excluding_T=26 char=32027
MAIN_DONE basis_size=
38
BASIS_BEGIN
G[1]=g_25_63
G[2]=g_26_67
G[3]=g_26_66
G[4]=g_26_65
G[5]=g_27_71
G[6]=g_27_70
G[7]=g_27_69
G[8]=g_27_68
G[9]=g_27_67
G[10]=gamma*T-1
G[11]=g_25_64*g_25_65*g_24_61+g_26_68*g_24_61^2+16*g_25_64^2*g_24_62
G[12]=g_25_64^2*g_24_61
G[13]=g_26_68*g_25_64*g_24_61
G[14]=g_25_64^2*g_25_65
G[15]=g_25_64^3
G[16]=g_26_69*g_25_64^2-10676*g_26_68*g_25_64*g_25_65+5338*g_26_68^2*g_24_61
G[17]=g_26_68*g_25_64^2
G[18]=g_26_68*g_26_69*g_25_64+10675*g_26_68^2*g_25_65+g_25_64*g_25_65+g_26_68*g_24_61
G[19]=g_26_68^2*g_25_64-6*g_25_64^2
G[20]=g_26_68^3+16009*g_26_68*g_25_64
G[21]=g_26_69*g_25_64*g_24_61^2+16013*g_26_68*g_25_65*g_24_61^2
G[22]=g_26_68^2*g_24_61^2
G[23]=g_26_68*g_25_65^2*g_24_61+2*g_26_68*g_26_69*g_24_61^2+10697*g_26_68*g_25_64*g_25_65*g_24_62+10667*g_26_68^2*g_24_61*g_24_62
G[24]=g_26_68^2*g_25_65*g_24_61+24*g_25_64^2*g_24_62
G[25]=g_26_68^2*g_26_69*g_24_61+8006*g_25_64*g_25_65^2-16009*g_25_64^2*g_25_66+16012*g_26_69*g_25_64*g_24_61+16012*g_26_68*g_25_64*g_24_62
G[26]=g_25_64*g_25_65^3-2*g_26_68*g_26_69*g_24_61^2+2*g_26_68*g_25_64*g_25_65*g_24_62
G[27]=g_26_68*g_25_65^3-2*g_26_68*g_25_64*g_25_65*g_25_66-4563*g_26_69^2*g_25_64*g_24_61-9159*g_26_68*g_26_69*g_25_65*g_24_61-4578*g_26_68^2*g_25_66*g_24_61+10675*g_26_68^2*g_25_65*g_24_62-4574*g_25_65^2*g_24_61-9148*g_25_64*g_25_66*g_24_61-9148*g_26_69*g_24_61^2+4*g_25_64*g_25_65*g_24_62-9144*g_26_68*g_24_61*g_24_62
G[28]=g_26_69*g_25_64*g_25_65^2-2*g_26_68*g_25_64*g_25_65*g_25_66-13725*g_26_69^2*g_25_64*g_24_61+4573*g_26_68*g_26_69*g_25_65*g_24_61-13726*g_26_68^2*g_25_66*g_24_61+10677*g_26_68^2*g_25_65*g_24_62-13725*g_25_65^2*g_24_61+4577*g_25_64*g_25_66*g_24_61+4577*g_26_69*g_24_61^2-2*g_25_64*g_25_65*g_24_62+4575*g_26_68*g_24_61*g_24_62
G[29]=g_26_68*g_25_64*g_25_65^2+12*g_25_64^2*g_24_62
G[30]=g_26_68^2*g_25_65^2+8003*g_25_64*g_25_65^2+16000*g_25_64^2*g_25_66-9618*g_26_69*g_25_64*g_24_61+12812*g_26_68*g_25_65*g_24_61+3209*g_26_68*g_25_64*g_24_62
G[31]=g_26_69^2*g_25_64*g_25_65+7440*g_26_68*g_26_69*g_25_65^2+8735*g_26_68^2*g_25_65*g_25_66+14235*g_26_68*g_26_69^2*g_24_61-4853*g_26_68^2*g_26_69*g_24_62+14543*g_26_68*g_25_64*g_25_65-9705*g_25_65^3+2911*g_25_64*g_25_65*g_25_66+2923*g_26_68^2*g_24_61+12617*g_26_69*g_25_65*g_24_61-9706*g_26_68*g_25_66*g_24_61+12617*g_26_68*g_25_65*g_24_62
G[32]=g_26_68^2*g_26_69*g_25_65+9603*g_26_69*g_25_64*g_25_65+9609*g_26_68*g_25_65^2-6409*g_26_68*g_25_64*g_25_66-3206*g_26_68*g_26_69*g_24_61-12809*g_26_68^2*g_24_62+6697*g_25_64^2
G[33]=g_26_68^2*g_26_69^2+13725*g_26_69^2*g_25_64-4577*g_26_68*g_26_69*g_25_65+13725*g_26_68^2*g_25_66+4610*g_26_68*g_25_64-2287*g_25_65^2-4574*g_25_64*g_25_66-4574*g_26_69*g_24_61-4574*g_26_68*g_24_62
G[34]=g_26_68*g_26_69*g_25_65*g_24_61^2-3203*g_25_65^2*g_24_61^2-6406*g_25_64*g_25_66*g_24_61^2-6406*g_26_69*g_24_61^3-6406*g_26_68*g_24_61^2*g_24_62
G[35]=g_26_68*g_26_69^2*g_24_61^2-14412*g_25_65^3*g_24_61+3203*g_26_69*g_25_65*g_24_61^2-3203*g_26_68*g_25_66*g_24_61^2+3212*g_25_64*g_25_65^2*g_24_62-6322*g_25_64^2*g_25_66*g_24_62+9014*g_26_69*g_25_64*g_24_61*g_24_62+1908*g_26_68*g_25_65*g_24_61*g_24_62+1244*g_26_68*g_25_64*g_24_62^2
G[36]=g_25_65^4*g_24_61+4*g_26_69*g_25_65^2*g_24_61^2+4*g_26_69^2*g_24_61^3-10761*g_26_68*g_25_64*g_25_65*g_24_62^2-10637*g_26_68^2*g_24_61*g_24_62^2
G[37]=g_26_69^3*g_25_64*g_24_61-12007*g_26_68*g_26_69^2*g_25_65*g_24_61-12881*g_25_65^4-15022*g_25_64*g_25_65^2*g_25_66+2316*g_25_64^2*g_25_66^2-11091*g_26_69*g_25_65^2*g_24_61+951*g_26_69*g_25_64*g_25_66*g_24_61+8922*g_26_68*g_25_65*g_25_66*g_24_61-2685*g_26_69^2*g_24_61^2-1813*g_26_69*g_25_64*g_25_65*g_24_62-11037*g_26_68*g_25_65^2*g_24_62+3831*g_26_68*g_25_64*g_25_66*g_24_62-7075*g_26_68*g_26_69*g_24_61*g_24_62-2577*g_26_68^2*g_24_62^2-13282*g_25_64^2*g_24_62
G[38]=g_25_65^5+4*g_26_69*g_25_65^3*g_24_61+4*g_26_69^2*g_25_65*g_24_61^2+11793*g_26_68*g_25_64*g_25_65*g_25_66*g_24_62-1018*g_26_69^2*g_25_64*g_24_61*g_24_62-3432*g_26_68*g_26_69*g_25_65*g_24_61*g_24_62+14954*g_26_68^2*g_25_66*g_24_61*g_24_62+7728*g_26_68^2*g_25_65*g_24_62^2+4385*g_25_65^2*g_24_61*g_24_62+8770*g_25_64*g_25_66*g_24_61*g_24_62+8770*g_26_69*g_24_61^2*g_24_62-11598*g_25_64*g_25_65*g_24_62^2-2828*g_26_68*g_24_61*g_24_62^2
BASIS_END
MAIN_NONUNIT
DIM=
14
