utc=2026-09-05T14:12:07Z
pid=
utc=2026-09-05T14:12:27Z
pid=8415
VmPeak:	  617176 kB
VmSize:	  617176 kB
VmHWM:	  340728 kB
VmRSS:	  340728 kB
utc=2026-09-05T14:12:47Z
pid=8415
VmPeak:	  696604 kB
VmSize:	  696604 kB
VmHWM:	  420972 kB
VmRSS:	  420972 kB
utc=2026-09-05T14:13:07Z
pid=8415
VmPeak:	  781308 kB
VmSize:	  781308 kB
VmHWM:	  504752 kB
VmRSS:	  504752 kB
utc=2026-09-05T14:13:27Z
pid=8415
VmPeak:	  868000 kB
VmSize:	  868000 kB
VmHWM:	  591292 kB
VmRSS:	  591292 kB
utc=2026-09-05T14:13:47Z
pid=8415
VmPeak:	  950440 kB
VmSize:	  950440 kB
VmHWM:	  674996 kB
VmRSS:	  674996 kB
utc=2026-09-05T14:14:07Z
pid=8415
VmPeak:	 1037116 kB
VmSize:	 1037116 kB
VmHWM:	  761768 kB
VmRSS:	  761768 kB
utc=2026-09-05T14:14:27Z
pid=8415
VmPeak:	 1107068 kB
VmSize:	 1107068 kB
VmHWM:	  831456 kB
VmRSS:	  831456 kB
utc=2026-09-05T14:14:47Z
pid=8415
VmPeak:	 1183080 kB
VmSize:	 1183080 kB
VmHWM:	  906732 kB
VmRSS:	  906732 kB
utc=2026-09-05T14:15:07Z
pid=8415
VmPeak:	 1254984 kB
VmSize:	 1254984 kB
VmHWM:	  979668 kB
VmRSS:	  979668 kB
utc=2026-09-05T14:15:27Z
pid=8415
VmPeak:	 1326860 kB
VmSize:	 1326860 kB
VmHWM:	 1051544 kB
VmRSS:	 1051544 kB
utc=2026-09-05T14:15:47Z
pid=8415
VmPeak:	 1400784 kB
VmSize:	 1396696 kB
VmHWM:	 1125064 kB
VmRSS:	 1121388 kB
utc=2026-09-05T14:16:07Z
pid=8415
VmPeak:	 1464392 kB
VmSize:	 1464392 kB
VmHWM:	 1187792 kB
VmRSS:	 1187792 kB
utc=2026-09-05T14:16:27Z
pid=8415
VmPeak:	 1527976 kB
VmSize:	 1527976 kB
VmHWM:	 1252248 kB
VmRSS:	 1251400 kB
utc=2026-09-05T14:16:47Z
pid=8415
VmPeak:	 1593592 kB
VmSize:	 1593592 kB
VmHWM:	 1317864 kB
VmRSS:	 1317672 kB
utc=2026-09-05T14:17:07Z
pid=8415
VmPeak:	 1665360 kB
VmSize:	 1665360 kB
VmHWM:	 1388296 kB
VmRSS:	 1388296 kB
utc=2026-09-05T14:17:27Z
pid=8415
VmPeak:	 1731008 kB
VmSize:	 1731008 kB
VmHWM:	 1454948 kB
VmRSS:	 1454948 kB
utc=2026-09-05T14:17:47Z
pid=8415
VmPeak:	 1807040 kB
VmSize:	 1802948 kB
VmHWM:	 1531164 kB
VmRSS:	 1527640 kB
utc=2026-09-05T14:18:07Z
pid=8415
VmPeak:	 1872688 kB
VmSize:	 1872688 kB
VmHWM:	 1596876 kB
VmRSS:	 1596876 kB
utc=2026-09-05T14:18:27Z
pid=8415
VmPeak:	 1905988 kB
VmSize:	 1905988 kB
VmHWM:	 1629492 kB
VmRSS:	 1629492 kB
utc=2026-09-05T14:18:47Z
pid=8415
VmPeak:	 1930948 kB
VmSize:	 1930948 kB
VmHWM:	 1654928 kB
VmRSS:	 1654928 kB
utc=2026-09-05T14:19:07Z
pid=8415
VmPeak:	 1968188 kB
VmSize:	 1968188 kB
VmHWM:	 1692588 kB
VmRSS:	 1692588 kB
utc=2026-09-05T14:19:27Z
pid=8415
VmPeak:	 1995244 kB
VmSize:	 1995244 kB
VmHWM:	 1718780 kB
VmRSS:	 1718780 kB
utc=2026-09-05T14:19:47Z
pid=8415
VmPeak:	 2020220 kB
VmSize:	 2020220 kB
VmHWM:	 1743280 kB
VmRSS:	 1743280 kB
utc=2026-09-05T14:20:07Z
pid=8415
VmPeak:	 2047120 kB
VmSize:	 2047120 kB
VmHWM:	 1770692 kB
VmRSS:	 1770692 kB
utc=2026-09-05T14:20:27Z
pid=8415
VmPeak:	 2080132 kB
VmSize:	 2080132 kB
VmHWM:	 1804060 kB
VmRSS:	 1804060 kB
utc=2026-09-05T14:20:47Z
pid=8415
VmPeak:	 2115212 kB
VmSize:	 2115212 kB
VmHWM:	 1839656 kB
VmRSS:	 1839656 kB
utc=2026-09-05T14:21:07Z
pid=8415
VmPeak:	 2148140 kB
VmSize:	 2148140 kB
VmHWM:	 1872276 kB
VmRSS:	 1872276 kB
utc=2026-09-05T14:21:27Z
pid=8415
VmPeak:	 2172892 kB
VmSize:	 2172892 kB
VmHWM:	 1895868 kB
VmRSS:	 1895868 kB
utc=2026-09-05T14:21:47Z
pid=8415
VmPeak:	 2199764 kB
VmSize:	 2199764 kB
VmHWM:	 1923332 kB
VmRSS:	 1923332 kB
utc=2026-09-05T14:22:08Z
pid=8415
VmPeak:	 2232704 kB
VmSize:	 2232704 kB
VmHWM:	 1956068 kB
VmRSS:	 1956068 kB
utc=2026-09-05T14:22:28Z
pid=8415
VmPeak:	 2267664 kB
VmSize:	 2267664 kB
VmHWM:	 1992396 kB
VmRSS:	 1992396 kB
utc=2026-09-05T14:22:48Z
pid=8415
VmPeak:	 2296496 kB
VmSize:	 2296496 kB
VmHWM:	 2019364 kB
VmRSS:	 2019364 kB
utc=2026-09-05T14:23:08Z
pid=8415
VmPeak:	 2329424 kB
VmSize:	 2329424 kB
VmHWM:	 2053476 kB
VmRSS:	 2053476 kB
utc=2026-09-05T14:23:28Z
pid=8415
VmPeak:	 2356228 kB
VmSize:	 2356228 kB
VmHWM:	 2080076 kB
VmRSS:	 2080076 kB
utc=2026-09-05T14:23:48Z
pid=8415
VmPeak:	 2378948 kB
VmSize:	 2378948 kB
VmHWM:	 2103452 kB
VmRSS:	 2103452 kB
utc=2026-09-05T14:24:08Z
pid=8415
VmPeak:	 2405680 kB
VmSize:	 2405680 kB
VmHWM:	 2130240 kB
VmRSS:	 2130240 kB
utc=2026-09-05T14:24:28Z
pid=8415
VmPeak:	 2432444 kB
VmSize:	 2432444 kB
VmHWM:	 2157180 kB
VmRSS:	 2157180 kB
utc=2026-09-05T14:24:48Z
pid=8415
VmPeak:	 2463280 kB
VmSize:	 2463280 kB
VmHWM:	 2186708 kB
VmRSS:	 2186708 kB
utc=2026-09-05T14:25:08Z
pid=8415
VmPeak:	 2496156 kB
VmSize:	 2496156 kB
VmHWM:	 2219764 kB
VmRSS:	 2219764 kB
utc=2026-09-05T14:25:28Z
pid=8415
VmPeak:	 2531032 kB
VmSize:	 2531032 kB
VmHWM:	 2254528 kB
VmRSS:	 2254528 kB
utc=2026-09-05T14:25:48Z
pid=8415
VmPeak:	 2562156 kB
VmSize:	 2562156 kB
VmHWM:	 2286496 kB
VmRSS:	 2286496 kB
utc=2026-09-05T14:26:08Z
pid=8415
VmPeak:	 2584820 kB
VmSize:	 2584820 kB
VmHWM:	 2309556 kB
VmRSS:	 2309556 kB
utc=2026-09-05T14:26:28Z
pid=8415
VmPeak:	 2613600 kB
VmSize:	 2613600 kB
VmHWM:	 2337836 kB
VmRSS:	 2337836 kB
utc=2026-09-05T14:26:48Z
pid=8415
VmPeak:	 2640372 kB
VmSize:	 2640372 kB
VmHWM:	 2365116 kB
VmRSS:	 2365116 kB
utc=2026-09-05T14:27:08Z
pid=8415
VmPeak:	 2667100 kB
VmSize:	 2667100 kB
VmHWM:	 2390892 kB
VmRSS:	 2390892 kB
utc=2026-09-05T14:27:28Z
pid=8415
VmPeak:	 2695872 kB
VmSize:	 2695872 kB
VmHWM:	 2419368 kB
VmRSS:	 2419368 kB
utc=2026-09-05T14:27:48Z
pid=8415
VmPeak:	 2724644 kB
VmSize:	 2724644 kB
VmHWM:	 2448488 kB
VmRSS:	 2448488 kB
utc=2026-09-05T14:28:08Z
pid=8415
VmPeak:	 2755436 kB
VmSize:	 2755436 kB
VmHWM:	 2479224 kB
VmRSS:	 2479224 kB
utc=2026-09-05T14:28:28Z
pid=8415
VmPeak:	 2784168 kB
VmSize:	 2784168 kB
VmHWM:	 2507604 kB
VmRSS:	 2507604 kB
utc=2026-09-05T14:28:48Z
pid=8415
VmPeak:	 2817012 kB
VmSize:	 2817012 kB
VmHWM:	 2540716 kB
VmRSS:	 2540716 kB
utc=2026-09-05T14:29:08Z
pid=8415
VmPeak:	 2843768 kB
VmSize:	 2843768 kB
VmHWM:	 2566916 kB
VmRSS:	 2566916 kB
utc=2026-09-05T14:29:28Z
pid=8415
VmPeak:	 2872516 kB
VmSize:	 2872516 kB
VmHWM:	 2597216 kB
VmRSS:	 2597216 kB
utc=2026-09-05T14:29:48Z
pid=8415
VmPeak:	 2901236 kB
VmSize:	 2899188 kB
VmHWM:	 2624468 kB
VmRSS:	 2623940 kB
utc=2026-09-05T14:30:08Z
pid=8415
VmPeak:	 2929988 kB
VmSize:	 2929988 kB
VmHWM:	 2654736 kB
VmRSS:	 2654736 kB
utc=2026-09-05T14:30:28Z
pid=8415
VmPeak:	 2958724 kB
VmSize:	 2958724 kB
VmHWM:	 2683476 kB
VmRSS:	 2683476 kB
utc=2026-09-05T14:30:48Z
pid=8415
VmPeak:	 2989504 kB
VmSize:	 2989504 kB
VmHWM:	 2713900 kB
VmRSS:	 2713900 kB
utc=2026-09-05T14:31:08Z
pid=8415
VmPeak:	 3020304 kB
VmSize:	 3020304 kB
VmHWM:	 2744032 kB
VmRSS:	 2744032 kB
utc=2026-09-05T14:31:28Z
pid=8415
VmPeak:	 3049088 kB
VmSize:	 3049088 kB
VmHWM:	 2773840 kB
VmRSS:	 2773840 kB
utc=2026-09-05T14:31:48Z
pid=8415
VmPeak:	 3073772 kB
VmSize:	 3073772 kB
VmHWM:	 2797824 kB
VmRSS:	 2797824 kB
utc=2026-09-05T14:32:08Z
pid=8415
VmPeak:	 3100476 kB
VmSize:	 3100476 kB
VmHWM:	 2823508 kB
VmRSS:	 2823508 kB
utc=2026-09-05T14:32:28Z
pid=8415
VmPeak:	 3125124 kB
VmSize:	 3125124 kB
VmHWM:	 2849876 kB
VmRSS:	 2849876 kB
utc=2026-09-05T14:32:48Z
pid=8415
VmPeak:	 3153880 kB
VmSize:	 3153880 kB
VmHWM:	 2877208 kB
VmRSS:	 2877208 kB
utc=2026-09-05T14:33:08Z
pid=8415
VmPeak:	 3176492 kB
VmSize:	 3176492 kB
VmHWM:	 2901252 kB
VmRSS:	 2901252 kB
