POLL_UTC=2026-09-05T17:00:52Z
               total        used        free      shared  buff/cache   available
Mem:     532326555648  4693938176 530130567168     3387392  1341743104 527632617472
Swap:              0           0           0
    PID    PPID    PGID ELAPSED   RSS    VSZ %MEM COMMAND         COMMAND
   3822    3815    3822       0  2196   6148  0.0 timeout         timeout --signal=TERM --kill-after=60s 10200s /usr/bin/time -v -o /home/ubuntu/jc2/box/gi70-longsolve-20260905/results/a_exact_std/time-v.txt stdbuf -oL Singular --no-rc -q /home/ubuntu/jc2/box/gi70-longsolve-20260905/inputs/a_exact_std.sing
   3826    3822    3822       0   540   6148  0.0 timeout         timeout --signal=TERM --kill-after=60s 10200s /usr/bin/time -v -o /home/ubuntu/jc2/box/gi70-longsolve-20260905/results/a_exact_std/time-v.txt stdbuf -oL Singular --no-rc -q /home/ubuntu/jc2/box/gi70-longsolve-20260905/inputs/a_exact_std.sing
   3828    3819    3814       0  3956   9748  0.0 awk             awk NR==1 || /Singular|msolve|run_guided.py|guided_gb.py/
POLL_UTC=2026-09-05T17:15:52Z
               total        used        free      shared  buff/cache   available
Mem:     532326555648 51734999040 482677497856     3432448  1771020288 480591556608
Swap:              0           0           0
    PID    PPID    PGID ELAPSED   RSS    VSZ %MEM COMMAND         COMMAND
   3822    3815    3822     900  2196   6148  0.0 timeout         timeout --signal=TERM --kill-after=60s 10200s /usr/bin/time -v -o /home/ubuntu/jc2/box/gi70-longsolve-20260905/results/a_exact_std/time-v.txt stdbuf -oL Singular --no-rc -q /home/ubuntu/jc2/box/gi70-longsolve-20260905/inputs/a_exact_std.sing
   3826    3822    3822     900  1648   2720  0.0 time            /usr/bin/time -v -o /home/ubuntu/jc2/box/gi70-longsolve-20260905/results/a_exact_std/time-v.txt stdbuf -oL Singular --no-rc -q /home/ubuntu/jc2/box/gi70-longsolve-20260905/inputs/a_exact_std.sing
   3830    3826    3822     899 5544724 5565148  1.0 Singular     Singular --no-rc -q /home/ubuntu/jc2/box/gi70-longsolve-20260905/inputs/a_exact_std.sing
   3957    3950    3957     845  2196   6148  0.0 timeout         timeout --signal=TERM --kill-after=60s 10200s /usr/bin/time -v -o /home/ubuntu/jc2/box/gi70-longsolve-20260905/results/b_guided_hilbert/time-v.txt stdbuf -oL python3 /home/ubuntu/jc2/box/gi70-longsolve-20260905/run_guided.py
   3961    3957    3957     845  1652   2720  0.0 time            /usr/bin/time -v -o /home/ubuntu/jc2/box/gi70-longsolve-20260905/results/b_guided_hilbert/time-v.txt stdbuf -oL python3 /home/ubuntu/jc2/box/gi70-longsolve-20260905/run_guided.py
   3962    3961    3957     845 19944  29176  0.0 python3         python3 /home/ubuntu/jc2/box/gi70-longsolve-20260905/run_guided.py
   3966    3962    3957     845 24579360 24601280  4.7 Singular   Singular --no-rc -q /home/ubuntu/jc2/box/gi70-longsolve-20260905/inputs/b_hilbert_seed_p32003.sing
   4016       1    4015     840  2100   7748  0.0 bash            bash -c cd /home/ubuntu/jc2/box/moh14-charts-20260905 && setsid bash -c 'timeout 10320 stdbuf -oL bash classes/../../gi70-longsolve-20260905/jobs/gi70_c_c1_msolve_fleet.sh > $HOME/gi70_c_c1_msolve.log 2>&1' </dev/null >/dev/null 2>&1 & echo LAUNCHED gi70_c_c1_msolve pid=$!
   4017    4016    4017     840  3544   7748  0.0 bash            bash -c timeout 10320 stdbuf -oL bash classes/../../gi70-longsolve-20260905/jobs/gi70_c_c1_msolve_fleet.sh > $HOME/gi70_c_c1_msolve.log 2>&1
   4018    4017    4018     840  2164   6128  0.0 timeout         timeout 10320 stdbuf -oL bash classes/../../gi70-longsolve-20260905/jobs/gi70_c_c1_msolve_fleet.sh
   4019    4018    4018     840  3612   7896  0.0 bash            bash classes/../../gi70-longsolve-20260905/jobs/gi70_c_c1_msolve_fleet.sh
   4030    4019    4018     840  2256   7764  0.0 bash            bash classes/../../gi70-longsolve-20260905/jobs/gi70_c_c1_msolve_fleet.sh
   4033    4019    4033     840  2188   6148  0.0 timeout         timeout --signal=TERM --kill-after=60s 10200s /usr/bin/time -v -o /home/ubuntu/jc2/box/gi70-longsolve-20260905/results/c_c1_msolve/time-v.txt stdbuf -oL msolve -g 2 -t 32 -v 2 -l 44 -m 2000 -f /home/ubuntu/jc2/box/gi70-longsolve-20260905/inputs/c_c1_p1073741827.ms -o /home/ubuntu/jc2/box/gi70-longsolve-20260905/results/c_c1_msolve/msolve.out
   4035    4033    4018     840  2004   6148  0.0 tee             tee /home/ubuntu/jc2/box/gi70-longsolve-20260905/results/c_c1_msolve/stdout.log
   4036    4033    4018     840  2004   6148  0.0 tee             tee /home/ubuntu/jc2/box/gi70-longsolve-20260905/results/c_c1_msolve/stderr.log
   4037    4033    4033     840  1652   2720  0.0 time            /usr/bin/time -v -o /home/ubuntu/jc2/box/gi70-longsolve-20260905/results/c_c1_msolve/time-v.txt stdbuf -oL msolve -g 2 -t 32 -v 2 -l 44 -m 2000 -f /home/ubuntu/jc2/box/gi70-longsolve-20260905/inputs/c_c1_p1073741827.ms -o /home/ubuntu/jc2/box/gi70-longsolve-20260905/results/c_c1_msolve/msolve.out
   4040    4037    4033     840 14737660 26297668  2.8 msolve     msolve -g 2 -t 32 -v 2 -l 44 -m 2000 -f /home/ubuntu/jc2/box/gi70-longsolve-20260905/inputs/c_c1_p1073741827.ms -o /home/ubuntu/jc2/box/gi70-longsolve-20260905/results/c_c1_msolve/msolve.out
   4132    4125    4132     835  2192   6148  0.0 timeout         timeout --signal=TERM --kill-after=60s 10200s /usr/bin/time -v -o /home/ubuntu/jc2/box/gi70-longsolve-20260905/results/d_c1_slimgb/time-v.txt stdbuf -oL Singular --no-rc -q /home/ubuntu/jc2/box/gi70-longsolve-20260905/inputs/d_c1_slimgb.sing
   4136    4132    4132     835  1648   2720  0.0 time            /usr/bin/time -v -o /home/ubuntu/jc2/box/gi70-longsolve-20260905/results/d_c1_slimgb/time-v.txt stdbuf -oL Singular --no-rc -q /home/ubuntu/jc2/box/gi70-longsolve-20260905/inputs/d_c1_slimgb.sing
   4137    4136    4132     835 770640 790600  0.1 Singular       Singular --no-rc -q /home/ubuntu/jc2/box/gi70-longsolve-20260905/inputs/d_c1_slimgb.sing
   4519    4518    4519     723  3588   7832  0.0 bash            bash -c while true; do date -u +TICK=%Y-%m-%dT%H:%M:%SZ; ps -C Singular -C msolve -C python3 -o pid=,etimes=,rss=,comm=,args= | grep -E "a_exact_std|b_hilbert|c_c1|d_c1|run_guided" || true; for f in /home/ubuntu/jc2/box/gi70-longsolve-20260905/results/*/returncode.txt; do test -e "$f" && echo "DONE $f $(cat "$f")"; done; pgrep -f "[g]i70_(a_exact_std|b_guided_hilbert|c_c1_msolve|d_c1_slimgb)_fleet.sh" >/dev/null || break; sleep 55; done
   4924    3819    3814       0  3912   9748  0.0 awk             awk NR==1 || /Singular|msolve|run_guided.py|guided_gb.py/
POLL_UTC=2026-09-05T17:30:52Z
               total        used        free      shared  buff/cache   available
Mem:     532326555648 69321551872 465046679552     3428352  1840668672 463005003776
Swap:              0           0           0
    PID    PPID    PGID ELAPSED   RSS    VSZ %MEM COMMAND         COMMAND
   3822    3815    3822    1800  2196   6148  0.0 timeout         timeout --signal=TERM --kill-after=60s 10200s /usr/bin/time -v -o /home/ubuntu/jc2/box/gi70-longsolve-20260905/results/a_exact_std/time-v.txt stdbuf -oL Singular --no-rc -q /home/ubuntu/jc2/box/gi70-longsolve-20260905/inputs/a_exact_std.sing
   3826    3822    3822    1800  1648   2720  0.0 time            /usr/bin/time -v -o /home/ubuntu/jc2/box/gi70-longsolve-20260905/results/a_exact_std/time-v.txt stdbuf -oL Singular --no-rc -q /home/ubuntu/jc2/box/gi70-longsolve-20260905/inputs/a_exact_std.sing
   3830    3826    3822    1799 7220376 7240720  1.3 Singular     Singular --no-rc -q /home/ubuntu/jc2/box/gi70-longsolve-20260905/inputs/a_exact_std.sing
   3957    3950    3957    1745  2196   6148  0.0 timeout         timeout --signal=TERM --kill-after=60s 10200s /usr/bin/time -v -o /home/ubuntu/jc2/box/gi70-longsolve-20260905/results/b_guided_hilbert/time-v.txt stdbuf -oL python3 /home/ubuntu/jc2/box/gi70-longsolve-20260905/run_guided.py
   3961    3957    3957    1745  1652   2720  0.0 time            /usr/bin/time -v -o /home/ubuntu/jc2/box/gi70-longsolve-20260905/results/b_guided_hilbert/time-v.txt stdbuf -oL python3 /home/ubuntu/jc2/box/gi70-longsolve-20260905/run_guided.py
   3962    3961    3957    1745 19944  29176  0.0 python3         python3 /home/ubuntu/jc2/box/gi70-longsolve-20260905/run_guided.py
   3966    3962    3957    1745 35334396 35356180  6.7 Singular   Singular --no-rc -q /home/ubuntu/jc2/box/gi70-longsolve-20260905/inputs/b_hilbert_seed_p32003.sing
   4016       1    4015    1740  2100   7748  0.0 bash            bash -c cd /home/ubuntu/jc2/box/moh14-charts-20260905 && setsid bash -c 'timeout 10320 stdbuf -oL bash classes/../../gi70-longsolve-20260905/jobs/gi70_c_c1_msolve_fleet.sh > $HOME/gi70_c_c1_msolve.log 2>&1' </dev/null >/dev/null 2>&1 & echo LAUNCHED gi70_c_c1_msolve pid=$!
   4017    4016    4017    1740  3544   7748  0.0 bash            bash -c timeout 10320 stdbuf -oL bash classes/../../gi70-longsolve-20260905/jobs/gi70_c_c1_msolve_fleet.sh > $HOME/gi70_c_c1_msolve.log 2>&1
   4018    4017    4018    1740  2164   6128  0.0 timeout         timeout 10320 stdbuf -oL bash classes/../../gi70-longsolve-20260905/jobs/gi70_c_c1_msolve_fleet.sh
   4019    4018    4018    1740  3612   7896  0.0 bash            bash classes/../../gi70-longsolve-20260905/jobs/gi70_c_c1_msolve_fleet.sh
   4030    4019    4018    1740  2256   7764  0.0 bash            bash classes/../../gi70-longsolve-20260905/jobs/gi70_c_c1_msolve_fleet.sh
   4033    4019    4033    1740  2188   6148  0.0 timeout         timeout --signal=TERM --kill-after=60s 10200s /usr/bin/time -v -o /home/ubuntu/jc2/box/gi70-longsolve-20260905/results/c_c1_msolve/time-v.txt stdbuf -oL msolve -g 2 -t 32 -v 2 -l 44 -m 2000 -f /home/ubuntu/jc2/box/gi70-longsolve-20260905/inputs/c_c1_p1073741827.ms -o /home/ubuntu/jc2/box/gi70-longsolve-20260905/results/c_c1_msolve/msolve.out
   4035    4033    4018    1740  2004   6148  0.0 tee             tee /home/ubuntu/jc2/box/gi70-longsolve-20260905/results/c_c1_msolve/stdout.log
   4036    4033    4018    1740  2004   6148  0.0 tee             tee /home/ubuntu/jc2/box/gi70-longsolve-20260905/results/c_c1_msolve/stderr.log
   4037    4033    4033    1740  1652   2720  0.0 time            /usr/bin/time -v -o /home/ubuntu/jc2/box/gi70-longsolve-20260905/results/c_c1_msolve/time-v.txt stdbuf -oL msolve -g 2 -t 32 -v 2 -l 44 -m 2000 -f /home/ubuntu/jc2/box/gi70-longsolve-20260905/inputs/c_c1_p1073741827.ms -o /home/ubuntu/jc2/box/gi70-longsolve-20260905/results/c_c1_msolve/msolve.out
   4040    4037    4033    1740 19098132 26456740  3.6 msolve     msolve -g 2 -t 32 -v 2 -l 44 -m 2000 -f /home/ubuntu/jc2/box/gi70-longsolve-20260905/inputs/c_c1_p1073741827.ms -o /home/ubuntu/jc2/box/gi70-longsolve-20260905/results/c_c1_msolve/msolve.out
   4132    4125    4132    1735  2192   6148  0.0 timeout         timeout --signal=TERM --kill-after=60s 10200s /usr/bin/time -v -o /home/ubuntu/jc2/box/gi70-longsolve-20260905/results/d_c1_slimgb/time-v.txt stdbuf -oL Singular --no-rc -q /home/ubuntu/jc2/box/gi70-longsolve-20260905/inputs/d_c1_slimgb.sing
   4136    4132    4132    1735  1648   2720  0.0 time            /usr/bin/time -v -o /home/ubuntu/jc2/box/gi70-longsolve-20260905/results/d_c1_slimgb/time-v.txt stdbuf -oL Singular --no-rc -q /home/ubuntu/jc2/box/gi70-longsolve-20260905/inputs/d_c1_slimgb.sing
   4137    4136    4132    1735 1204316 1224276  0.2 Singular     Singular --no-rc -q /home/ubuntu/jc2/box/gi70-longsolve-20260905/inputs/d_c1_slimgb.sing
   4519    4518    4519    1623  3588   7832  0.0 bash            bash -c while true; do date -u +TICK=%Y-%m-%dT%H:%M:%SZ; ps -C Singular -C msolve -C python3 -o pid=,etimes=,rss=,comm=,args= | grep -E "a_exact_std|b_hilbert|c_c1|d_c1|run_guided" || true; for f in /home/ubuntu/jc2/box/gi70-longsolve-20260905/results/*/returncode.txt; do test -e "$f" && echo "DONE $f $(cat "$f")"; done; pgrep -f "[g]i70_(a_exact_std|b_guided_hilbert|c_c1_msolve|d_c1_slimgb)_fleet.sh" >/dev/null || break; sleep 55; done
  10400    3819    3814       0  3880   9748  0.0 awk             awk NR==1 || /Singular|msolve|run_guided.py|guided_gb.py/
POLL_UTC=2026-09-05T17:45:52Z
               total        used        free      shared  buff/cache   available
Mem:     532326555648 78739562496 455628070912     3428352  1841307648 453586993152
Swap:              0           0           0
    PID    PPID    PGID ELAPSED   RSS    VSZ %MEM COMMAND         COMMAND
   3822    3815    3822    2700  2196   6148  0.0 timeout         timeout --signal=TERM --kill-after=60s 10200s /usr/bin/time -v -o /home/ubuntu/jc2/box/gi70-longsolve-20260905/results/a_exact_std/time-v.txt stdbuf -oL Singular --no-rc -q /home/ubuntu/jc2/box/gi70-longsolve-20260905/inputs/a_exact_std.sing
   3826    3822    3822    2700  1648   2720  0.0 time            /usr/bin/time -v -o /home/ubuntu/jc2/box/gi70-longsolve-20260905/results/a_exact_std/time-v.txt stdbuf -oL Singular --no-rc -q /home/ubuntu/jc2/box/gi70-longsolve-20260905/inputs/a_exact_std.sing
   3830    3826    3822    2699 7610076 7630400  1.4 Singular     Singular --no-rc -q /home/ubuntu/jc2/box/gi70-longsolve-20260905/inputs/a_exact_std.sing
   3957    3950    3957    2645  2196   6148  0.0 timeout         timeout --signal=TERM --kill-after=60s 10200s /usr/bin/time -v -o /home/ubuntu/jc2/box/gi70-longsolve-20260905/results/b_guided_hilbert/time-v.txt stdbuf -oL python3 /home/ubuntu/jc2/box/gi70-longsolve-20260905/run_guided.py
   3961    3957    3957    2645  1652   2720  0.0 time            /usr/bin/time -v -o /home/ubuntu/jc2/box/gi70-longsolve-20260905/results/b_guided_hilbert/time-v.txt stdbuf -oL python3 /home/ubuntu/jc2/box/gi70-longsolve-20260905/run_guided.py
   3962    3961    3957    2645 19944  29176  0.0 python3         python3 /home/ubuntu/jc2/box/gi70-longsolve-20260905/run_guided.py
   3966    3962    3957    2645 41583636 41605024  7.9 Singular   Singular --no-rc -q /home/ubuntu/jc2/box/gi70-longsolve-20260905/inputs/b_hilbert_seed_p32003.sing
   4016       1    4015    2640  2100   7748  0.0 bash            bash -c cd /home/ubuntu/jc2/box/moh14-charts-20260905 && setsid bash -c 'timeout 10320 stdbuf -oL bash classes/../../gi70-longsolve-20260905/jobs/gi70_c_c1_msolve_fleet.sh > $HOME/gi70_c_c1_msolve.log 2>&1' </dev/null >/dev/null 2>&1 & echo LAUNCHED gi70_c_c1_msolve pid=$!
   4017    4016    4017    2640  3544   7748  0.0 bash            bash -c timeout 10320 stdbuf -oL bash classes/../../gi70-longsolve-20260905/jobs/gi70_c_c1_msolve_fleet.sh > $HOME/gi70_c_c1_msolve.log 2>&1
   4018    4017    4018    2640  2164   6128  0.0 timeout         timeout 10320 stdbuf -oL bash classes/../../gi70-longsolve-20260905/jobs/gi70_c_c1_msolve_fleet.sh
   4019    4018    4018    2640  3612   7896  0.0 bash            bash classes/../../gi70-longsolve-20260905/jobs/gi70_c_c1_msolve_fleet.sh
   4030    4019    4018    2640  2260   7764  0.0 bash            bash classes/../../gi70-longsolve-20260905/jobs/gi70_c_c1_msolve_fleet.sh
   4033    4019    4033    2640  2188   6148  0.0 timeout         timeout --signal=TERM --kill-after=60s 10200s /usr/bin/time -v -o /home/ubuntu/jc2/box/gi70-longsolve-20260905/results/c_c1_msolve/time-v.txt stdbuf -oL msolve -g 2 -t 32 -v 2 -l 44 -m 2000 -f /home/ubuntu/jc2/box/gi70-longsolve-20260905/inputs/c_c1_p1073741827.ms -o /home/ubuntu/jc2/box/gi70-longsolve-20260905/results/c_c1_msolve/msolve.out
   4035    4033    4018    2640  2004   6148  0.0 tee             tee /home/ubuntu/jc2/box/gi70-longsolve-20260905/results/c_c1_msolve/stdout.log
   4036    4033    4018    2640  2004   6148  0.0 tee             tee /home/ubuntu/jc2/box/gi70-longsolve-20260905/results/c_c1_msolve/stderr.log
   4037    4033    4033    2640  1652   2720  0.0 time            /usr/bin/time -v -o /home/ubuntu/jc2/box/gi70-longsolve-20260905/results/c_c1_msolve/time-v.txt stdbuf -oL msolve -g 2 -t 32 -v 2 -l 44 -m 2000 -f /home/ubuntu/jc2/box/gi70-longsolve-20260905/inputs/c_c1_p1073741827.ms -o /home/ubuntu/jc2/box/gi70-longsolve-20260905/results/c_c1_msolve/msolve.out
   4040    4037    4033    2640 21382088 27141412  4.1 msolve     msolve -g 2 -t 32 -v 2 -l 44 -m 2000 -f /home/ubuntu/jc2/box/gi70-longsolve-20260905/inputs/c_c1_p1073741827.ms -o /home/ubuntu/jc2/box/gi70-longsolve-20260905/results/c_c1_msolve/msolve.out
   4132    4125    4132    2635  2192   6148  0.0 timeout         timeout --signal=TERM --kill-after=60s 10200s /usr/bin/time -v -o /home/ubuntu/jc2/box/gi70-longsolve-20260905/results/d_c1_slimgb/time-v.txt stdbuf -oL Singular --no-rc -q /home/ubuntu/jc2/box/gi70-longsolve-20260905/inputs/d_c1_slimgb.sing
   4136    4132    4132    2635  1648   2720  0.0 time            /usr/bin/time -v -o /home/ubuntu/jc2/box/gi70-longsolve-20260905/results/d_c1_slimgb/time-v.txt stdbuf -oL Singular --no-rc -q /home/ubuntu/jc2/box/gi70-longsolve-20260905/inputs/d_c1_slimgb.sing
   4137    4136    4132    2635 1450736 1470692  0.2 Singular     Singular --no-rc -q /home/ubuntu/jc2/box/gi70-longsolve-20260905/inputs/d_c1_slimgb.sing
   4519    4518    4519    2523  3588   7832  0.0 bash            bash -c while true; do date -u +TICK=%Y-%m-%dT%H:%M:%SZ; ps -C Singular -C msolve -C python3 -o pid=,etimes=,rss=,comm=,args= | grep -E "a_exact_std|b_hilbert|c_c1|d_c1|run_guided" || true; for f in /home/ubuntu/jc2/box/gi70-longsolve-20260905/results/*/returncode.txt; do test -e "$f" && echo "DONE $f $(cat "$f")"; done; pgrep -f "[g]i70_(a_exact_std|b_guided_hilbert|c_c1_msolve|d_c1_slimgb)_fleet.sh" >/dev/null || break; sleep 55; done
  10854    3819    3814       0  3960   9748  0.0 awk             awk NR==1 || /Singular|msolve|run_guided.py|guided_gb.py/
POLL_UTC=2026-09-05T18:00:52Z
               total        used        free      shared  buff/cache   available
Mem:     532326555648 90328367104 444039053312     3428352  1841549312 441998188544
Swap:              0           0           0
    PID    PPID    PGID ELAPSED   RSS    VSZ %MEM COMMAND         COMMAND
   3822    3815    3822    3600  2196   6148  0.0 timeout         timeout --signal=TERM --kill-after=60s 10200s /usr/bin/time -v -o /home/ubuntu/jc2/box/gi70-longsolve-20260905/results/a_exact_std/time-v.txt stdbuf -oL Singular --no-rc -q /home/ubuntu/jc2/box/gi70-longsolve-20260905/inputs/a_exact_std.sing
   3826    3822    3822    3600  1648   2720  0.0 time            /usr/bin/time -v -o /home/ubuntu/jc2/box/gi70-longsolve-20260905/results/a_exact_std/time-v.txt stdbuf -oL Singular --no-rc -q /home/ubuntu/jc2/box/gi70-longsolve-20260905/inputs/a_exact_std.sing
   3830    3826    3822    3599 7937344 7958208  1.5 Singular     Singular --no-rc -q /home/ubuntu/jc2/box/gi70-longsolve-20260905/inputs/a_exact_std.sing
   3957    3950    3957    3545  2196   6148  0.0 timeout         timeout --signal=TERM --kill-after=60s 10200s /usr/bin/time -v -o /home/ubuntu/jc2/box/gi70-longsolve-20260905/results/b_guided_hilbert/time-v.txt stdbuf -oL python3 /home/ubuntu/jc2/box/gi70-longsolve-20260905/run_guided.py
   3961    3957    3957    3545  1652   2720  0.0 time            /usr/bin/time -v -o /home/ubuntu/jc2/box/gi70-longsolve-20260905/results/b_guided_hilbert/time-v.txt stdbuf -oL python3 /home/ubuntu/jc2/box/gi70-longsolve-20260905/run_guided.py
   3962    3961    3957    3545 19944  29176  0.0 python3         python3 /home/ubuntu/jc2/box/gi70-longsolve-20260905/run_guided.py
   3966    3962    3957    3545 50317924 50338464  9.6 Singular   Singular --no-rc -q /home/ubuntu/jc2/box/gi70-longsolve-20260905/inputs/b_hilbert_seed_p32003.sing
   4016       1    4015    3540  2100   7748  0.0 bash            bash -c cd /home/ubuntu/jc2/box/moh14-charts-20260905 && setsid bash -c 'timeout 10320 stdbuf -oL bash classes/../../gi70-longsolve-20260905/jobs/gi70_c_c1_msolve_fleet.sh > $HOME/gi70_c_c1_msolve.log 2>&1' </dev/null >/dev/null 2>&1 & echo LAUNCHED gi70_c_c1_msolve pid=$!
   4017    4016    4017    3540  3544   7748  0.0 bash            bash -c timeout 10320 stdbuf -oL bash classes/../../gi70-longsolve-20260905/jobs/gi70_c_c1_msolve_fleet.sh > $HOME/gi70_c_c1_msolve.log 2>&1
   4018    4017    4018    3540  2164   6128  0.0 timeout         timeout 10320 stdbuf -oL bash classes/../../gi70-longsolve-20260905/jobs/gi70_c_c1_msolve_fleet.sh
   4019    4018    4018    3540  3612   7896  0.0 bash            bash classes/../../gi70-longsolve-20260905/jobs/gi70_c_c1_msolve_fleet.sh
   4030    4019    4018    3540  2260   7764  0.0 bash            bash classes/../../gi70-longsolve-20260905/jobs/gi70_c_c1_msolve_fleet.sh
   4033    4019    4033    3540  2188   6148  0.0 timeout         timeout --signal=TERM --kill-after=60s 10200s /usr/bin/time -v -o /home/ubuntu/jc2/box/gi70-longsolve-20260905/results/c_c1_msolve/time-v.txt stdbuf -oL msolve -g 2 -t 32 -v 2 -l 44 -m 2000 -f /home/ubuntu/jc2/box/gi70-longsolve-20260905/inputs/c_c1_p1073741827.ms -o /home/ubuntu/jc2/box/gi70-longsolve-20260905/results/c_c1_msolve/msolve.out
   4035    4033    4018    3540  2004   6148  0.0 tee             tee /home/ubuntu/jc2/box/gi70-longsolve-20260905/results/c_c1_msolve/stdout.log
   4036    4033    4018    3540  2004   6148  0.0 tee             tee /home/ubuntu/jc2/box/gi70-longsolve-20260905/results/c_c1_msolve/stderr.log
   4037    4033    4033    3540  1652   2720  0.0 time            /usr/bin/time -v -o /home/ubuntu/jc2/box/gi70-longsolve-20260905/results/c_c1_msolve/time-v.txt stdbuf -oL msolve -g 2 -t 32 -v 2 -l 44 -m 2000 -f /home/ubuntu/jc2/box/gi70-longsolve-20260905/inputs/c_c1_p1073741827.ms -o /home/ubuntu/jc2/box/gi70-longsolve-20260905/results/c_c1_msolve/msolve.out
   4040    4037    4033    3540 23780276 27602936  4.5 msolve     msolve -g 2 -t 32 -v 2 -l 44 -m 2000 -f /home/ubuntu/jc2/box/gi70-longsolve-20260905/inputs/c_c1_p1073741827.ms -o /home/ubuntu/jc2/box/gi70-longsolve-20260905/results/c_c1_msolve/msolve.out
   4132    4125    4132    3535  2192   6148  0.0 timeout         timeout --signal=TERM --kill-after=60s 10200s /usr/bin/time -v -o /home/ubuntu/jc2/box/gi70-longsolve-20260905/results/d_c1_slimgb/time-v.txt stdbuf -oL Singular --no-rc -q /home/ubuntu/jc2/box/gi70-longsolve-20260905/inputs/d_c1_slimgb.sing
   4136    4132    4132    3535  1648   2720  0.0 time            /usr/bin/time -v -o /home/ubuntu/jc2/box/gi70-longsolve-20260905/results/d_c1_slimgb/time-v.txt stdbuf -oL Singular --no-rc -q /home/ubuntu/jc2/box/gi70-longsolve-20260905/inputs/d_c1_slimgb.sing
   4137    4136    4132    3535 1321092 1341048  0.2 Singular     Singular --no-rc -q /home/ubuntu/jc2/box/gi70-longsolve-20260905/inputs/d_c1_slimgb.sing
   4519    4518    4519    3423  3588   7832  0.0 bash            bash -c while true; do date -u +TICK=%Y-%m-%dT%H:%M:%SZ; ps -C Singular -C msolve -C python3 -o pid=,etimes=,rss=,comm=,args= | grep -E "a_exact_std|b_hilbert|c_c1|d_c1|run_guided" || true; for f in /home/ubuntu/jc2/box/gi70-longsolve-20260905/results/*/returncode.txt; do test -e "$f" && echo "DONE $f $(cat "$f")"; done; pgrep -f "[g]i70_(a_exact_std|b_guided_hilbert|c_c1_msolve|d_c1_slimgb)_fleet.sh" >/dev/null || break; sleep 55; done
  11080    3819    3814       0  3964   9748  0.0 awk             awk NR==1 || /Singular|msolve|run_guided.py|guided_gb.py/
POLL_UTC=2026-09-05T18:15:52Z
               total        used        free      shared  buff/cache   available
Mem:     532326555648 111941718016 422425100288     3428352  1842159616 420384837632
Swap:              0           0           0
    PID    PPID    PGID ELAPSED   RSS    VSZ %MEM COMMAND         COMMAND
   3822    3815    3822    4500  2196   6148  0.0 timeout         timeout --signal=TERM --kill-after=60s 10200s /usr/bin/time -v -o /home/ubuntu/jc2/box/gi70-longsolve-20260905/results/a_exact_std/time-v.txt stdbuf -oL Singular --no-rc -q /home/ubuntu/jc2/box/gi70-longsolve-20260905/inputs/a_exact_std.sing
   3826    3822    3822    4500  1648   2720  0.0 time            /usr/bin/time -v -o /home/ubuntu/jc2/box/gi70-longsolve-20260905/results/a_exact_std/time-v.txt stdbuf -oL Singular --no-rc -q /home/ubuntu/jc2/box/gi70-longsolve-20260905/inputs/a_exact_std.sing
   3830    3826    3822    4499 11368708 11389100  2.1 Singular   Singular --no-rc -q /home/ubuntu/jc2/box/gi70-longsolve-20260905/inputs/a_exact_std.sing
   3957    3950    3957    4445  2196   6148  0.0 timeout         timeout --signal=TERM --kill-after=60s 10200s /usr/bin/time -v -o /home/ubuntu/jc2/box/gi70-longsolve-20260905/results/b_guided_hilbert/time-v.txt stdbuf -oL python3 /home/ubuntu/jc2/box/gi70-longsolve-20260905/run_guided.py
   3961    3957    3957    4445  1652   2720  0.0 time            /usr/bin/time -v -o /home/ubuntu/jc2/box/gi70-longsolve-20260905/results/b_guided_hilbert/time-v.txt stdbuf -oL python3 /home/ubuntu/jc2/box/gi70-longsolve-20260905/run_guided.py
   3962    3961    3957    4445 19944  29176  0.0 python3         python3 /home/ubuntu/jc2/box/gi70-longsolve-20260905/run_guided.py
   3966    3962    3957    4445 59186452 59206976 11.3 Singular   Singular --no-rc -q /home/ubuntu/jc2/box/gi70-longsolve-20260905/inputs/b_hilbert_seed_p32003.sing
   4016       1    4015    4440  2100   7748  0.0 bash            bash -c cd /home/ubuntu/jc2/box/moh14-charts-20260905 && setsid bash -c 'timeout 10320 stdbuf -oL bash classes/../../gi70-longsolve-20260905/jobs/gi70_c_c1_msolve_fleet.sh > $HOME/gi70_c_c1_msolve.log 2>&1' </dev/null >/dev/null 2>&1 & echo LAUNCHED gi70_c_c1_msolve pid=$!
   4017    4016    4017    4440  3544   7748  0.0 bash            bash -c timeout 10320 stdbuf -oL bash classes/../../gi70-longsolve-20260905/jobs/gi70_c_c1_msolve_fleet.sh > $HOME/gi70_c_c1_msolve.log 2>&1
   4018    4017    4018    4440  2164   6128  0.0 timeout         timeout 10320 stdbuf -oL bash classes/../../gi70-longsolve-20260905/jobs/gi70_c_c1_msolve_fleet.sh
   4019    4018    4018    4440  3612   7896  0.0 bash            bash classes/../../gi70-longsolve-20260905/jobs/gi70_c_c1_msolve_fleet.sh
   4030    4019    4018    4440  2260   7764  0.0 bash            bash classes/../../gi70-longsolve-20260905/jobs/gi70_c_c1_msolve_fleet.sh
   4033    4019    4033    4440  2188   6148  0.0 timeout         timeout --signal=TERM --kill-after=60s 10200s /usr/bin/time -v -o /home/ubuntu/jc2/box/gi70-longsolve-20260905/results/c_c1_msolve/time-v.txt stdbuf -oL msolve -g 2 -t 32 -v 2 -l 44 -m 2000 -f /home/ubuntu/jc2/box/gi70-longsolve-20260905/inputs/c_c1_p1073741827.ms -o /home/ubuntu/jc2/box/gi70-longsolve-20260905/results/c_c1_msolve/msolve.out
   4035    4033    4018    4440  2004   6148  0.0 tee             tee /home/ubuntu/jc2/box/gi70-longsolve-20260905/results/c_c1_msolve/stdout.log
   4036    4033    4018    4440  2004   6148  0.0 tee             tee /home/ubuntu/jc2/box/gi70-longsolve-20260905/results/c_c1_msolve/stderr.log
   4037    4033    4033    4440  1652   2720  0.0 time            /usr/bin/time -v -o /home/ubuntu/jc2/box/gi70-longsolve-20260905/results/c_c1_msolve/time-v.txt stdbuf -oL msolve -g 2 -t 32 -v 2 -l 44 -m 2000 -f /home/ubuntu/jc2/box/gi70-longsolve-20260905/inputs/c_c1_p1073741827.ms -o /home/ubuntu/jc2/box/gi70-longsolve-20260905/results/c_c1_msolve/msolve.out
   4040    4037    4033    4440 32554260 50361728  6.2 msolve     msolve -g 2 -t 32 -v 2 -l 44 -m 2000 -f /home/ubuntu/jc2/box/gi70-longsolve-20260905/inputs/c_c1_p1073741827.ms -o /home/ubuntu/jc2/box/gi70-longsolve-20260905/results/c_c1_msolve/msolve.out
   4132    4125    4132    4435  2192   6148  0.0 timeout         timeout --signal=TERM --kill-after=60s 10200s /usr/bin/time -v -o /home/ubuntu/jc2/box/gi70-longsolve-20260905/results/d_c1_slimgb/time-v.txt stdbuf -oL Singular --no-rc -q /home/ubuntu/jc2/box/gi70-longsolve-20260905/inputs/d_c1_slimgb.sing
   4136    4132    4132    4435  1648   2720  0.0 time            /usr/bin/time -v -o /home/ubuntu/jc2/box/gi70-longsolve-20260905/results/d_c1_slimgb/time-v.txt stdbuf -oL Singular --no-rc -q /home/ubuntu/jc2/box/gi70-longsolve-20260905/inputs/d_c1_slimgb.sing
   4137    4136    4132    4435 1370244 1390200  0.2 Singular     Singular --no-rc -q /home/ubuntu/jc2/box/gi70-longsolve-20260905/inputs/d_c1_slimgb.sing
   4519    4518    4519    4324  3588   7832  0.0 bash            bash -c while true; do date -u +TICK=%Y-%m-%dT%H:%M:%SZ; ps -C Singular -C msolve -C python3 -o pid=,etimes=,rss=,comm=,args= | grep -E "a_exact_std|b_hilbert|c_c1|d_c1|run_guided" || true; for f in /home/ubuntu/jc2/box/gi70-longsolve-20260905/results/*/returncode.txt; do test -e "$f" && echo "DONE $f $(cat "$f")"; done; pgrep -f "[g]i70_(a_exact_std|b_guided_hilbert|c_c1_msolve|d_c1_slimgb)_fleet.sh" >/dev/null || break; sleep 55; done
  11547    3819    3814       0  3952   9748  0.0 awk             awk NR==1 || /Singular|msolve|run_guided.py|guided_gb.py/
POLL_UTC=2026-09-05T18:30:52Z
               total        used        free      shared  buff/cache   available
Mem:     532326555648 116535193600 417831321600     3428352  1842475008 415791362048
Swap:              0           0           0
    PID    PPID    PGID ELAPSED   RSS    VSZ %MEM COMMAND         COMMAND
   3822    3815    3822    5400  2196   6148  0.0 timeout         timeout --signal=TERM --kill-after=60s 10200s /usr/bin/time -v -o /home/ubuntu/jc2/box/gi70-longsolve-20260905/results/a_exact_std/time-v.txt stdbuf -oL Singular --no-rc -q /home/ubuntu/jc2/box/gi70-longsolve-20260905/inputs/a_exact_std.sing
   3826    3822    3822    5400  1648   2720  0.0 time            /usr/bin/time -v -o /home/ubuntu/jc2/box/gi70-longsolve-20260905/results/a_exact_std/time-v.txt stdbuf -oL Singular --no-rc -q /home/ubuntu/jc2/box/gi70-longsolve-20260905/inputs/a_exact_std.sing
   3830    3826    3822    5399 10405912 10426220  2.0 Singular   Singular --no-rc -q /home/ubuntu/jc2/box/gi70-longsolve-20260905/inputs/a_exact_std.sing
   3957    3950    3957    5345  2196   6148  0.0 timeout         timeout --signal=TERM --kill-after=60s 10200s /usr/bin/time -v -o /home/ubuntu/jc2/box/gi70-longsolve-20260905/results/b_guided_hilbert/time-v.txt stdbuf -oL python3 /home/ubuntu/jc2/box/gi70-longsolve-20260905/run_guided.py
   3961    3957    3957    5345  1652   2720  0.0 time            /usr/bin/time -v -o /home/ubuntu/jc2/box/gi70-longsolve-20260905/results/b_guided_hilbert/time-v.txt stdbuf -oL python3 /home/ubuntu/jc2/box/gi70-longsolve-20260905/run_guided.py
   3962    3961    3957    5345 19944  29176  0.0 python3         python3 /home/ubuntu/jc2/box/gi70-longsolve-20260905/run_guided.py
   3966    3962    3957    5345 62703072 62723640 12.0 Singular   Singular --no-rc -q /home/ubuntu/jc2/box/gi70-longsolve-20260905/inputs/b_hilbert_seed_p32003.sing
   4016       1    4015    5340  2100   7748  0.0 bash            bash -c cd /home/ubuntu/jc2/box/moh14-charts-20260905 && setsid bash -c 'timeout 10320 stdbuf -oL bash classes/../../gi70-longsolve-20260905/jobs/gi70_c_c1_msolve_fleet.sh > $HOME/gi70_c_c1_msolve.log 2>&1' </dev/null >/dev/null 2>&1 & echo LAUNCHED gi70_c_c1_msolve pid=$!
   4017    4016    4017    5340  3544   7748  0.0 bash            bash -c timeout 10320 stdbuf -oL bash classes/../../gi70-longsolve-20260905/jobs/gi70_c_c1_msolve_fleet.sh > $HOME/gi70_c_c1_msolve.log 2>&1
   4018    4017    4018    5340  2164   6128  0.0 timeout         timeout 10320 stdbuf -oL bash classes/../../gi70-longsolve-20260905/jobs/gi70_c_c1_msolve_fleet.sh
   4019    4018    4018    5340  3612   7896  0.0 bash            bash classes/../../gi70-longsolve-20260905/jobs/gi70_c_c1_msolve_fleet.sh
   4030    4019    4018    5340  2260   7764  0.0 bash            bash classes/../../gi70-longsolve-20260905/jobs/gi70_c_c1_msolve_fleet.sh
   4033    4019    4033    5340  2188   6148  0.0 timeout         timeout --signal=TERM --kill-after=60s 10200s /usr/bin/time -v -o /home/ubuntu/jc2/box/gi70-longsolve-20260905/results/c_c1_msolve/time-v.txt stdbuf -oL msolve -g 2 -t 32 -v 2 -l 44 -m 2000 -f /home/ubuntu/jc2/box/gi70-longsolve-20260905/inputs/c_c1_p1073741827.ms -o /home/ubuntu/jc2/box/gi70-longsolve-20260905/results/c_c1_msolve/msolve.out
   4035    4033    4018    5340  2004   6148  0.0 tee             tee /home/ubuntu/jc2/box/gi70-longsolve-20260905/results/c_c1_msolve/stdout.log
   4036    4033    4018    5340  2004   6148  0.0 tee             tee /home/ubuntu/jc2/box/gi70-longsolve-20260905/results/c_c1_msolve/stderr.log
   4037    4033    4033    5340  1652   2720  0.0 time            /usr/bin/time -v -o /home/ubuntu/jc2/box/gi70-longsolve-20260905/results/c_c1_msolve/time-v.txt stdbuf -oL msolve -g 2 -t 32 -v 2 -l 44 -m 2000 -f /home/ubuntu/jc2/box/gi70-longsolve-20260905/inputs/c_c1_p1073741827.ms -o /home/ubuntu/jc2/box/gi70-longsolve-20260905/results/c_c1_msolve/msolve.out
   4040    4037    4033    5340 33965000 50623232  6.5 msolve     msolve -g 2 -t 32 -v 2 -l 44 -m 2000 -f /home/ubuntu/jc2/box/gi70-longsolve-20260905/inputs/c_c1_p1073741827.ms -o /home/ubuntu/jc2/box/gi70-longsolve-20260905/results/c_c1_msolve/msolve.out
   4132    4125    4132    5335  2192   6148  0.0 timeout         timeout --signal=TERM --kill-after=60s 10200s /usr/bin/time -v -o /home/ubuntu/jc2/box/gi70-longsolve-20260905/results/d_c1_slimgb/time-v.txt stdbuf -oL Singular --no-rc -q /home/ubuntu/jc2/box/gi70-longsolve-20260905/inputs/d_c1_slimgb.sing
   4136    4132    4132    5335  1648   2720  0.0 time            /usr/bin/time -v -o /home/ubuntu/jc2/box/gi70-longsolve-20260905/results/d_c1_slimgb/time-v.txt stdbuf -oL Singular --no-rc -q /home/ubuntu/jc2/box/gi70-longsolve-20260905/inputs/d_c1_slimgb.sing
   4137    4136    4132    5335 1758808 1778736  0.3 Singular     Singular --no-rc -q /home/ubuntu/jc2/box/gi70-longsolve-20260905/inputs/d_c1_slimgb.sing
   4519    4518    4519    5224  3588   7832  0.0 bash            bash -c while true; do date -u +TICK=%Y-%m-%dT%H:%M:%SZ; ps -C Singular -C msolve -C python3 -o pid=,etimes=,rss=,comm=,args= | grep -E "a_exact_std|b_hilbert|c_c1|d_c1|run_guided" || true; for f in /home/ubuntu/jc2/box/gi70-longsolve-20260905/results/*/returncode.txt; do test -e "$f" && echo "DONE $f $(cat "$f")"; done; pgrep -f "[g]i70_(a_exact_std|b_guided_hilbert|c_c1_msolve|d_c1_slimgb)_fleet.sh" >/dev/null || break; sleep 55; done
  11670    3819    3814       0  3932   9748  0.0 awk             awk NR==1 || /Singular|msolve|run_guided.py|guided_gb.py/
POLL_UTC=2026-09-05T18:45:52Z
               total        used        free      shared  buff/cache   available
Mem:     532326555648 120449904640 413916061696     3428352  1843073024 411876651008
Swap:              0           0           0
    PID    PPID    PGID ELAPSED   RSS    VSZ %MEM COMMAND         COMMAND
   3822    3815    3822    6300  2196   6148  0.0 timeout         timeout --signal=TERM --kill-after=60s 10200s /usr/bin/time -v -o /home/ubuntu/jc2/box/gi70-longsolve-20260905/results/a_exact_std/time-v.txt stdbuf -oL Singular --no-rc -q /home/ubuntu/jc2/box/gi70-longsolve-20260905/inputs/a_exact_std.sing
   3826    3822    3822    6300  1648   2720  0.0 time            /usr/bin/time -v -o /home/ubuntu/jc2/box/gi70-longsolve-20260905/results/a_exact_std/time-v.txt stdbuf -oL Singular --no-rc -q /home/ubuntu/jc2/box/gi70-longsolve-20260905/inputs/a_exact_std.sing
   3830    3826    3822    6299 11447464 11467780  2.2 Singular   Singular --no-rc -q /home/ubuntu/jc2/box/gi70-longsolve-20260905/inputs/a_exact_std.sing
   3957    3950    3957    6245  2196   6148  0.0 timeout         timeout --signal=TERM --kill-after=60s 10200s /usr/bin/time -v -o /home/ubuntu/jc2/box/gi70-longsolve-20260905/results/b_guided_hilbert/time-v.txt stdbuf -oL python3 /home/ubuntu/jc2/box/gi70-longsolve-20260905/run_guided.py
   3961    3957    3957    6245  1652   2720  0.0 time            /usr/bin/time -v -o /home/ubuntu/jc2/box/gi70-longsolve-20260905/results/b_guided_hilbert/time-v.txt stdbuf -oL python3 /home/ubuntu/jc2/box/gi70-longsolve-20260905/run_guided.py
   3962    3961    3957    6245 19944  29176  0.0 python3         python3 /home/ubuntu/jc2/box/gi70-longsolve-20260905/run_guided.py
   3966    3962    3957    6245 63428172 63448804 12.2 Singular   Singular --no-rc -q /home/ubuntu/jc2/box/gi70-longsolve-20260905/inputs/b_hilbert_seed_p32003.sing
   4016       1    4015    6240  2100   7748  0.0 bash            bash -c cd /home/ubuntu/jc2/box/moh14-charts-20260905 && setsid bash -c 'timeout 10320 stdbuf -oL bash classes/../../gi70-longsolve-20260905/jobs/gi70_c_c1_msolve_fleet.sh > $HOME/gi70_c_c1_msolve.log 2>&1' </dev/null >/dev/null 2>&1 & echo LAUNCHED gi70_c_c1_msolve pid=$!
   4017    4016    4017    6240  3544   7748  0.0 bash            bash -c timeout 10320 stdbuf -oL bash classes/../../gi70-longsolve-20260905/jobs/gi70_c_c1_msolve_fleet.sh > $HOME/gi70_c_c1_msolve.log 2>&1
   4018    4017    4018    6240  2164   6128  0.0 timeout         timeout 10320 stdbuf -oL bash classes/../../gi70-longsolve-20260905/jobs/gi70_c_c1_msolve_fleet.sh
   4019    4018    4018    6240  3612   7896  0.0 bash            bash classes/../../gi70-longsolve-20260905/jobs/gi70_c_c1_msolve_fleet.sh
   4030    4019    4018    6240  2260   7764  0.0 bash            bash classes/../../gi70-longsolve-20260905/jobs/gi70_c_c1_msolve_fleet.sh
   4033    4019    4033    6240  2188   6148  0.0 timeout         timeout --signal=TERM --kill-after=60s 10200s /usr/bin/time -v -o /home/ubuntu/jc2/box/gi70-longsolve-20260905/results/c_c1_msolve/time-v.txt stdbuf -oL msolve -g 2 -t 32 -v 2 -l 44 -m 2000 -f /home/ubuntu/jc2/box/gi70-longsolve-20260905/inputs/c_c1_p1073741827.ms -o /home/ubuntu/jc2/box/gi70-longsolve-20260905/results/c_c1_msolve/msolve.out
   4035    4033    4018    6240  2004   6148  0.0 tee             tee /home/ubuntu/jc2/box/gi70-longsolve-20260905/results/c_c1_msolve/stdout.log
   4036    4033    4018    6240  2004   6148  0.0 tee             tee /home/ubuntu/jc2/box/gi70-longsolve-20260905/results/c_c1_msolve/stderr.log
   4037    4033    4033    6240  1652   2720  0.0 time            /usr/bin/time -v -o /home/ubuntu/jc2/box/gi70-longsolve-20260905/results/c_c1_msolve/time-v.txt stdbuf -oL msolve -g 2 -t 32 -v 2 -l 44 -m 2000 -f /home/ubuntu/jc2/box/gi70-longsolve-20260905/inputs/c_c1_p1073741827.ms -o /home/ubuntu/jc2/box/gi70-longsolve-20260905/results/c_c1_msolve/msolve.out
   4040    4037    4033    6240 36022936 52237056  6.9 msolve     msolve -g 2 -t 32 -v 2 -l 44 -m 2000 -f /home/ubuntu/jc2/box/gi70-longsolve-20260905/inputs/c_c1_p1073741827.ms -o /home/ubuntu/jc2/box/gi70-longsolve-20260905/results/c_c1_msolve/msolve.out
   4132    4125    4132    6235  2192   6148  0.0 timeout         timeout --signal=TERM --kill-after=60s 10200s /usr/bin/time -v -o /home/ubuntu/jc2/box/gi70-longsolve-20260905/results/d_c1_slimgb/time-v.txt stdbuf -oL Singular --no-rc -q /home/ubuntu/jc2/box/gi70-longsolve-20260905/inputs/d_c1_slimgb.sing
   4136    4132    4132    6235  1648   2720  0.0 time            /usr/bin/time -v -o /home/ubuntu/jc2/box/gi70-longsolve-20260905/results/d_c1_slimgb/time-v.txt stdbuf -oL Singular --no-rc -q /home/ubuntu/jc2/box/gi70-longsolve-20260905/inputs/d_c1_slimgb.sing
   4137    4136    4132    6235 1774648 1794576  0.3 Singular     Singular --no-rc -q /home/ubuntu/jc2/box/gi70-longsolve-20260905/inputs/d_c1_slimgb.sing
   4519    4518    4519    6124  3588   7832  0.0 bash            bash -c while true; do date -u +TICK=%Y-%m-%dT%H:%M:%SZ; ps -C Singular -C msolve -C python3 -o pid=,etimes=,rss=,comm=,args= | grep -E "a_exact_std|b_hilbert|c_c1|d_c1|run_guided" || true; for f in /home/ubuntu/jc2/box/gi70-longsolve-20260905/results/*/returncode.txt; do test -e "$f" && echo "DONE $f $(cat "$f")"; done; pgrep -f "[g]i70_(a_exact_std|b_guided_hilbert|c_c1_msolve|d_c1_slimgb)_fleet.sh" >/dev/null || break; sleep 55; done
  12131    3819    3814       0  3984   9748  0.0 awk             awk NR==1 || /Singular|msolve|run_guided.py|guided_gb.py/
POLL_UTC=2026-09-05T19:00:52Z
               total        used        free      shared  buff/cache   available
Mem:     532326555648 126431121408 407934652416     3428352  1843318784 405895434240
Swap:              0           0           0
    PID    PPID    PGID ELAPSED   RSS    VSZ %MEM COMMAND         COMMAND
   3822    3815    3822    7200  2196   6148  0.0 timeout         timeout --signal=TERM --kill-after=60s 10200s /usr/bin/time -v -o /home/ubuntu/jc2/box/gi70-longsolve-20260905/results/a_exact_std/time-v.txt stdbuf -oL Singular --no-rc -q /home/ubuntu/jc2/box/gi70-longsolve-20260905/inputs/a_exact_std.sing
   3826    3822    3822    7200  1648   2720  0.0 time            /usr/bin/time -v -o /home/ubuntu/jc2/box/gi70-longsolve-20260905/results/a_exact_std/time-v.txt stdbuf -oL Singular --no-rc -q /home/ubuntu/jc2/box/gi70-longsolve-20260905/inputs/a_exact_std.sing
   3830    3826    3822    7200 11332440 11352836  2.1 Singular   Singular --no-rc -q /home/ubuntu/jc2/box/gi70-longsolve-20260905/inputs/a_exact_std.sing
   3957    3950    3957    7145  2196   6148  0.0 timeout         timeout --signal=TERM --kill-after=60s 10200s /usr/bin/time -v -o /home/ubuntu/jc2/box/gi70-longsolve-20260905/results/b_guided_hilbert/time-v.txt stdbuf -oL python3 /home/ubuntu/jc2/box/gi70-longsolve-20260905/run_guided.py
   3961    3957    3957    7145  1652   2720  0.0 time            /usr/bin/time -v -o /home/ubuntu/jc2/box/gi70-longsolve-20260905/results/b_guided_hilbert/time-v.txt stdbuf -oL python3 /home/ubuntu/jc2/box/gi70-longsolve-20260905/run_guided.py
   3962    3961    3957    7145 19944  29176  0.0 python3         python3 /home/ubuntu/jc2/box/gi70-longsolve-20260905/run_guided.py
   3966    3962    3957    7145 67080016 67100580 12.9 Singular   Singular --no-rc -q /home/ubuntu/jc2/box/gi70-longsolve-20260905/inputs/b_hilbert_seed_p32003.sing
   4016       1    4015    7140  2100   7748  0.0 bash            bash -c cd /home/ubuntu/jc2/box/moh14-charts-20260905 && setsid bash -c 'timeout 10320 stdbuf -oL bash classes/../../gi70-longsolve-20260905/jobs/gi70_c_c1_msolve_fleet.sh > $HOME/gi70_c_c1_msolve.log 2>&1' </dev/null >/dev/null 2>&1 & echo LAUNCHED gi70_c_c1_msolve pid=$!
   4017    4016    4017    7140  3544   7748  0.0 bash            bash -c timeout 10320 stdbuf -oL bash classes/../../gi70-longsolve-20260905/jobs/gi70_c_c1_msolve_fleet.sh > $HOME/gi70_c_c1_msolve.log 2>&1
   4018    4017    4018    7140  2164   6128  0.0 timeout         timeout 10320 stdbuf -oL bash classes/../../gi70-longsolve-20260905/jobs/gi70_c_c1_msolve_fleet.sh
   4019    4018    4018    7140  3612   7896  0.0 bash            bash classes/../../gi70-longsolve-20260905/jobs/gi70_c_c1_msolve_fleet.sh
   4030    4019    4018    7140  2260   7764  0.0 bash            bash classes/../../gi70-longsolve-20260905/jobs/gi70_c_c1_msolve_fleet.sh
   4033    4019    4033    7140  2188   6148  0.0 timeout         timeout --signal=TERM --kill-after=60s 10200s /usr/bin/time -v -o /home/ubuntu/jc2/box/gi70-longsolve-20260905/results/c_c1_msolve/time-v.txt stdbuf -oL msolve -g 2 -t 32 -v 2 -l 44 -m 2000 -f /home/ubuntu/jc2/box/gi70-longsolve-20260905/inputs/c_c1_p1073741827.ms -o /home/ubuntu/jc2/box/gi70-longsolve-20260905/results/c_c1_msolve/msolve.out
   4035    4033    4018    7140  2004   6148  0.0 tee             tee /home/ubuntu/jc2/box/gi70-longsolve-20260905/results/c_c1_msolve/stdout.log
   4036    4033    4018    7140  2004   6148  0.0 tee             tee /home/ubuntu/jc2/box/gi70-longsolve-20260905/results/c_c1_msolve/stderr.log
   4037    4033    4033    7140  1652   2720  0.0 time            /usr/bin/time -v -o /home/ubuntu/jc2/box/gi70-longsolve-20260905/results/c_c1_msolve/time-v.txt stdbuf -oL msolve -g 2 -t 32 -v 2 -l 44 -m 2000 -f /home/ubuntu/jc2/box/gi70-longsolve-20260905/inputs/c_c1_p1073741827.ms -o /home/ubuntu/jc2/box/gi70-longsolve-20260905/results/c_c1_msolve/msolve.out
   4040    4037    4033    7140 38478124 52218016  7.4 msolve     msolve -g 2 -t 32 -v 2 -l 44 -m 2000 -f /home/ubuntu/jc2/box/gi70-longsolve-20260905/inputs/c_c1_p1073741827.ms -o /home/ubuntu/jc2/box/gi70-longsolve-20260905/results/c_c1_msolve/msolve.out
   4132    4125    4132    7135  2192   6148  0.0 timeout         timeout --signal=TERM --kill-after=60s 10200s /usr/bin/time -v -o /home/ubuntu/jc2/box/gi70-longsolve-20260905/results/d_c1_slimgb/time-v.txt stdbuf -oL Singular --no-rc -q /home/ubuntu/jc2/box/gi70-longsolve-20260905/inputs/d_c1_slimgb.sing
   4136    4132    4132    7135  1648   2720  0.0 time            /usr/bin/time -v -o /home/ubuntu/jc2/box/gi70-longsolve-20260905/results/d_c1_slimgb/time-v.txt stdbuf -oL Singular --no-rc -q /home/ubuntu/jc2/box/gi70-longsolve-20260905/inputs/d_c1_slimgb.sing
   4137    4136    4132    7135 1652972 1672908  0.3 Singular     Singular --no-rc -q /home/ubuntu/jc2/box/gi70-longsolve-20260905/inputs/d_c1_slimgb.sing
   4519    4518    4519    7024  3588   7832  0.0 bash            bash -c while true; do date -u +TICK=%Y-%m-%dT%H:%M:%SZ; ps -C Singular -C msolve -C python3 -o pid=,etimes=,rss=,comm=,args= | grep -E "a_exact_std|b_hilbert|c_c1|d_c1|run_guided" || true; for f in /home/ubuntu/jc2/box/gi70-longsolve-20260905/results/*/returncode.txt; do test -e "$f" && echo "DONE $f $(cat "$f")"; done; pgrep -f "[g]i70_(a_exact_std|b_guided_hilbert|c_c1_msolve|d_c1_slimgb)_fleet.sh" >/dev/null || break; sleep 55; done
  12254    3819    3814       0  3956   9748  0.0 awk             awk NR==1 || /Singular|msolve|run_guided.py|guided_gb.py/
POLL_UTC=2026-09-05T19:15:52Z
               total        used        free      shared  buff/cache   available
Mem:     532326555648 141628526592 392737034240     3428352  1843515392 390698029056
Swap:              0           0           0
    PID    PPID    PGID ELAPSED   RSS    VSZ %MEM COMMAND         COMMAND
   3822    3815    3822    8100  2196   6148  0.0 timeout         timeout --signal=TERM --kill-after=60s 10200s /usr/bin/time -v -o /home/ubuntu/jc2/box/gi70-longsolve-20260905/results/a_exact_std/time-v.txt stdbuf -oL Singular --no-rc -q /home/ubuntu/jc2/box/gi70-longsolve-20260905/inputs/a_exact_std.sing
   3826    3822    3822    8100  1648   2720  0.0 time            /usr/bin/time -v -o /home/ubuntu/jc2/box/gi70-longsolve-20260905/results/a_exact_std/time-v.txt stdbuf -oL Singular --no-rc -q /home/ubuntu/jc2/box/gi70-longsolve-20260905/inputs/a_exact_std.sing
   3830    3826    3822    8100 11929924 11950336  2.2 Singular   Singular --no-rc -q /home/ubuntu/jc2/box/gi70-longsolve-20260905/inputs/a_exact_std.sing
   3957    3950    3957    8045  2196   6148  0.0 timeout         timeout --signal=TERM --kill-after=60s 10200s /usr/bin/time -v -o /home/ubuntu/jc2/box/gi70-longsolve-20260905/results/b_guided_hilbert/time-v.txt stdbuf -oL python3 /home/ubuntu/jc2/box/gi70-longsolve-20260905/run_guided.py
   3961    3957    3957    8045  1652   2720  0.0 time            /usr/bin/time -v -o /home/ubuntu/jc2/box/gi70-longsolve-20260905/results/b_guided_hilbert/time-v.txt stdbuf -oL python3 /home/ubuntu/jc2/box/gi70-longsolve-20260905/run_guided.py
   3962    3961    3957    8045 19944  29176  0.0 python3         python3 /home/ubuntu/jc2/box/gi70-longsolve-20260905/run_guided.py
   3966    3962    3957    8045 79067988 79088564 15.2 Singular   Singular --no-rc -q /home/ubuntu/jc2/box/gi70-longsolve-20260905/inputs/b_hilbert_seed_p32003.sing
   4016       1    4015    8040  2100   7748  0.0 bash            bash -c cd /home/ubuntu/jc2/box/moh14-charts-20260905 && setsid bash -c 'timeout 10320 stdbuf -oL bash classes/../../gi70-longsolve-20260905/jobs/gi70_c_c1_msolve_fleet.sh > $HOME/gi70_c_c1_msolve.log 2>&1' </dev/null >/dev/null 2>&1 & echo LAUNCHED gi70_c_c1_msolve pid=$!
   4017    4016    4017    8040  3544   7748  0.0 bash            bash -c timeout 10320 stdbuf -oL bash classes/../../gi70-longsolve-20260905/jobs/gi70_c_c1_msolve_fleet.sh > $HOME/gi70_c_c1_msolve.log 2>&1
   4018    4017    4018    8040  2164   6128  0.0 timeout         timeout 10320 stdbuf -oL bash classes/../../gi70-longsolve-20260905/jobs/gi70_c_c1_msolve_fleet.sh
   4019    4018    4018    8040  3612   7896  0.0 bash            bash classes/../../gi70-longsolve-20260905/jobs/gi70_c_c1_msolve_fleet.sh
   4030    4019    4018    8040  2260   7764  0.0 bash            bash classes/../../gi70-longsolve-20260905/jobs/gi70_c_c1_msolve_fleet.sh
   4033    4019    4033    8040  2188   6148  0.0 timeout         timeout --signal=TERM --kill-after=60s 10200s /usr/bin/time -v -o /home/ubuntu/jc2/box/gi70-longsolve-20260905/results/c_c1_msolve/time-v.txt stdbuf -oL msolve -g 2 -t 32 -v 2 -l 44 -m 2000 -f /home/ubuntu/jc2/box/gi70-longsolve-20260905/inputs/c_c1_p1073741827.ms -o /home/ubuntu/jc2/box/gi70-longsolve-20260905/results/c_c1_msolve/msolve.out
   4035    4033    4018    8040  2004   6148  0.0 tee             tee /home/ubuntu/jc2/box/gi70-longsolve-20260905/results/c_c1_msolve/stdout.log
   4036    4033    4018    8040  2004   6148  0.0 tee             tee /home/ubuntu/jc2/box/gi70-longsolve-20260905/results/c_c1_msolve/stderr.log
   4037    4033    4033    8040  1652   2720  0.0 time            /usr/bin/time -v -o /home/ubuntu/jc2/box/gi70-longsolve-20260905/results/c_c1_msolve/time-v.txt stdbuf -oL msolve -g 2 -t 32 -v 2 -l 44 -m 2000 -f /home/ubuntu/jc2/box/gi70-longsolve-20260905/inputs/c_c1_p1073741827.ms -o /home/ubuntu/jc2/box/gi70-longsolve-20260905/results/c_c1_msolve/msolve.out
   4040    4037    4033    8040 39734892 52235868  7.6 msolve     msolve -g 2 -t 32 -v 2 -l 44 -m 2000 -f /home/ubuntu/jc2/box/gi70-longsolve-20260905/inputs/c_c1_p1073741827.ms -o /home/ubuntu/jc2/box/gi70-longsolve-20260905/results/c_c1_msolve/msolve.out
   4132    4125    4132    8035  2192   6148  0.0 timeout         timeout --signal=TERM --kill-after=60s 10200s /usr/bin/time -v -o /home/ubuntu/jc2/box/gi70-longsolve-20260905/results/d_c1_slimgb/time-v.txt stdbuf -oL Singular --no-rc -q /home/ubuntu/jc2/box/gi70-longsolve-20260905/inputs/d_c1_slimgb.sing
   4136    4132    4132    8035  1648   2720  0.0 time            /usr/bin/time -v -o /home/ubuntu/jc2/box/gi70-longsolve-20260905/results/d_c1_slimgb/time-v.txt stdbuf -oL Singular --no-rc -q /home/ubuntu/jc2/box/gi70-longsolve-20260905/inputs/d_c1_slimgb.sing
   4137    4136    4132    8035 2532360 2552288  0.4 Singular     Singular --no-rc -q /home/ubuntu/jc2/box/gi70-longsolve-20260905/inputs/d_c1_slimgb.sing
   4519    4518    4519    7924  3588   7832  0.0 bash            bash -c while true; do date -u +TICK=%Y-%m-%dT%H:%M:%SZ; ps -C Singular -C msolve -C python3 -o pid=,etimes=,rss=,comm=,args= | grep -E "a_exact_std|b_hilbert|c_c1|d_c1|run_guided" || true; for f in /home/ubuntu/jc2/box/gi70-longsolve-20260905/results/*/returncode.txt; do test -e "$f" && echo "DONE $f $(cat "$f")"; done; pgrep -f "[g]i70_(a_exact_std|b_guided_hilbert|c_c1_msolve|d_c1_slimgb)_fleet.sh" >/dev/null || break; sleep 55; done
  12371    3819    3814       0  3940   9748  0.0 awk             awk NR==1 || /Singular|msolve|run_guided.py|guided_gb.py/
POLL_UTC=2026-09-05T19:30:52Z
               total        used        free      shared  buff/cache   available
Mem:     532326555648 151301607424 383063744512     3428352  1843740672 381024948224
Swap:              0           0           0
    PID    PPID    PGID ELAPSED   RSS    VSZ %MEM COMMAND         COMMAND
   3822    3815    3822    9000  2196   6148  0.0 timeout         timeout --signal=TERM --kill-after=60s 10200s /usr/bin/time -v -o /home/ubuntu/jc2/box/gi70-longsolve-20260905/results/a_exact_std/time-v.txt stdbuf -oL Singular --no-rc -q /home/ubuntu/jc2/box/gi70-longsolve-20260905/inputs/a_exact_std.sing
   3826    3822    3822    9000  1648   2720  0.0 time            /usr/bin/time -v -o /home/ubuntu/jc2/box/gi70-longsolve-20260905/results/a_exact_std/time-v.txt stdbuf -oL Singular --no-rc -q /home/ubuntu/jc2/box/gi70-longsolve-20260905/inputs/a_exact_std.sing
   3830    3826    3822    9000 11956276 11976604  2.2 Singular   Singular --no-rc -q /home/ubuntu/jc2/box/gi70-longsolve-20260905/inputs/a_exact_std.sing
   3957    3950    3957    8945  2196   6148  0.0 timeout         timeout --signal=TERM --kill-after=60s 10200s /usr/bin/time -v -o /home/ubuntu/jc2/box/gi70-longsolve-20260905/results/b_guided_hilbert/time-v.txt stdbuf -oL python3 /home/ubuntu/jc2/box/gi70-longsolve-20260905/run_guided.py
   3961    3957    3957    8945  1652   2720  0.0 time            /usr/bin/time -v -o /home/ubuntu/jc2/box/gi70-longsolve-20260905/results/b_guided_hilbert/time-v.txt stdbuf -oL python3 /home/ubuntu/jc2/box/gi70-longsolve-20260905/run_guided.py
   3962    3961    3957    8945 19944  29176  0.0 python3         python3 /home/ubuntu/jc2/box/gi70-longsolve-20260905/run_guided.py
   3966    3962    3957    8945 87781356 87803332 16.8 Singular   Singular --no-rc -q /home/ubuntu/jc2/box/gi70-longsolve-20260905/inputs/b_hilbert_seed_p32003.sing
   4016       1    4015    8940  2100   7748  0.0 bash            bash -c cd /home/ubuntu/jc2/box/moh14-charts-20260905 && setsid bash -c 'timeout 10320 stdbuf -oL bash classes/../../gi70-longsolve-20260905/jobs/gi70_c_c1_msolve_fleet.sh > $HOME/gi70_c_c1_msolve.log 2>&1' </dev/null >/dev/null 2>&1 & echo LAUNCHED gi70_c_c1_msolve pid=$!
   4017    4016    4017    8940  3544   7748  0.0 bash            bash -c timeout 10320 stdbuf -oL bash classes/../../gi70-longsolve-20260905/jobs/gi70_c_c1_msolve_fleet.sh > $HOME/gi70_c_c1_msolve.log 2>&1
   4018    4017    4018    8940  2164   6128  0.0 timeout         timeout 10320 stdbuf -oL bash classes/../../gi70-longsolve-20260905/jobs/gi70_c_c1_msolve_fleet.sh
   4019    4018    4018    8940  3612   7896  0.0 bash            bash classes/../../gi70-longsolve-20260905/jobs/gi70_c_c1_msolve_fleet.sh
   4030    4019    4018    8940  2260   7764  0.0 bash            bash classes/../../gi70-longsolve-20260905/jobs/gi70_c_c1_msolve_fleet.sh
   4033    4019    4033    8940  2188   6148  0.0 timeout         timeout --signal=TERM --kill-after=60s 10200s /usr/bin/time -v -o /home/ubuntu/jc2/box/gi70-longsolve-20260905/results/c_c1_msolve/time-v.txt stdbuf -oL msolve -g 2 -t 32 -v 2 -l 44 -m 2000 -f /home/ubuntu/jc2/box/gi70-longsolve-20260905/inputs/c_c1_p1073741827.ms -o /home/ubuntu/jc2/box/gi70-longsolve-20260905/results/c_c1_msolve/msolve.out
   4035    4033    4018    8940  2004   6148  0.0 tee             tee /home/ubuntu/jc2/box/gi70-longsolve-20260905/results/c_c1_msolve/stdout.log
   4036    4033    4018    8940  2004   6148  0.0 tee             tee /home/ubuntu/jc2/box/gi70-longsolve-20260905/results/c_c1_msolve/stderr.log
   4037    4033    4033    8940  1652   2720  0.0 time            /usr/bin/time -v -o /home/ubuntu/jc2/box/gi70-longsolve-20260905/results/c_c1_msolve/time-v.txt stdbuf -oL msolve -g 2 -t 32 -v 2 -l 44 -m 2000 -f /home/ubuntu/jc2/box/gi70-longsolve-20260905/inputs/c_c1_p1073741827.ms -o /home/ubuntu/jc2/box/gi70-longsolve-20260905/results/c_c1_msolve/msolve.out
   4040    4037    4033    8940 40926352 52218436  7.8 msolve     msolve -g 2 -t 32 -v 2 -l 44 -m 2000 -f /home/ubuntu/jc2/box/gi70-longsolve-20260905/inputs/c_c1_p1073741827.ms -o /home/ubuntu/jc2/box/gi70-longsolve-20260905/results/c_c1_msolve/msolve.out
   4132    4125    4132    8935  2192   6148  0.0 timeout         timeout --signal=TERM --kill-after=60s 10200s /usr/bin/time -v -o /home/ubuntu/jc2/box/gi70-longsolve-20260905/results/d_c1_slimgb/time-v.txt stdbuf -oL Singular --no-rc -q /home/ubuntu/jc2/box/gi70-longsolve-20260905/inputs/d_c1_slimgb.sing
   4136    4132    4132    8935  1648   2720  0.0 time            /usr/bin/time -v -o /home/ubuntu/jc2/box/gi70-longsolve-20260905/results/d_c1_slimgb/time-v.txt stdbuf -oL Singular --no-rc -q /home/ubuntu/jc2/box/gi70-longsolve-20260905/inputs/d_c1_slimgb.sing
   4137    4136    4132    8935 2095140 2115096  0.4 Singular     Singular --no-rc -q /home/ubuntu/jc2/box/gi70-longsolve-20260905/inputs/d_c1_slimgb.sing
   4519    4518    4519    8824  3588   7832  0.0 bash            bash -c while true; do date -u +TICK=%Y-%m-%dT%H:%M:%SZ; ps -C Singular -C msolve -C python3 -o pid=,etimes=,rss=,comm=,args= | grep -E "a_exact_std|b_hilbert|c_c1|d_c1|run_guided" || true; for f in /home/ubuntu/jc2/box/gi70-longsolve-20260905/results/*/returncode.txt; do test -e "$f" && echo "DONE $f $(cat "$f")"; done; pgrep -f "[g]i70_(a_exact_std|b_guided_hilbert|c_c1_msolve|d_c1_slimgb)_fleet.sh" >/dev/null || break; sleep 55; done
  12495    3819    3814       0  3976   9748  0.0 awk             awk NR==1 || /Singular|msolve|run_guided.py|guided_gb.py/
POLL_UTC=2026-09-05T19:45:52Z
               total        used        free      shared  buff/cache   available
Mem:     532326555648 155863404544 378501636096     3428352  1844084736 376463151104
Swap:              0           0           0
    PID    PPID    PGID ELAPSED   RSS    VSZ %MEM COMMAND         COMMAND
   3822    3815    3822    9900  2196   6148  0.0 timeout         timeout --signal=TERM --kill-after=60s 10200s /usr/bin/time -v -o /home/ubuntu/jc2/box/gi70-longsolve-20260905/results/a_exact_std/time-v.txt stdbuf -oL Singular --no-rc -q /home/ubuntu/jc2/box/gi70-longsolve-20260905/inputs/a_exact_std.sing
   3826    3822    3822    9900  1648   2720  0.0 time            /usr/bin/time -v -o /home/ubuntu/jc2/box/gi70-longsolve-20260905/results/a_exact_std/time-v.txt stdbuf -oL Singular --no-rc -q /home/ubuntu/jc2/box/gi70-longsolve-20260905/inputs/a_exact_std.sing
   3830    3826    3822    9900 11748748 11769152  2.2 Singular   Singular --no-rc -q /home/ubuntu/jc2/box/gi70-longsolve-20260905/inputs/a_exact_std.sing
   3957    3950    3957    9845  2196   6148  0.0 timeout         timeout --signal=TERM --kill-after=60s 10200s /usr/bin/time -v -o /home/ubuntu/jc2/box/gi70-longsolve-20260905/results/b_guided_hilbert/time-v.txt stdbuf -oL python3 /home/ubuntu/jc2/box/gi70-longsolve-20260905/run_guided.py
   3961    3957    3957    9845  1652   2720  0.0 time            /usr/bin/time -v -o /home/ubuntu/jc2/box/gi70-longsolve-20260905/results/b_guided_hilbert/time-v.txt stdbuf -oL python3 /home/ubuntu/jc2/box/gi70-longsolve-20260905/run_guided.py
   3962    3961    3957    9845 19944  29176  0.0 python3         python3 /home/ubuntu/jc2/box/gi70-longsolve-20260905/run_guided.py
   3966    3962    3957    9845 91397780 91418308 17.5 Singular   Singular --no-rc -q /home/ubuntu/jc2/box/gi70-longsolve-20260905/inputs/b_hilbert_seed_p32003.sing
   4016       1    4015    9840  2100   7748  0.0 bash            bash -c cd /home/ubuntu/jc2/box/moh14-charts-20260905 && setsid bash -c 'timeout 10320 stdbuf -oL bash classes/../../gi70-longsolve-20260905/jobs/gi70_c_c1_msolve_fleet.sh > $HOME/gi70_c_c1_msolve.log 2>&1' </dev/null >/dev/null 2>&1 & echo LAUNCHED gi70_c_c1_msolve pid=$!
   4017    4016    4017    9840  3544   7748  0.0 bash            bash -c timeout 10320 stdbuf -oL bash classes/../../gi70-longsolve-20260905/jobs/gi70_c_c1_msolve_fleet.sh > $HOME/gi70_c_c1_msolve.log 2>&1
   4018    4017    4018    9840  2164   6128  0.0 timeout         timeout 10320 stdbuf -oL bash classes/../../gi70-longsolve-20260905/jobs/gi70_c_c1_msolve_fleet.sh
   4019    4018    4018    9840  3612   7896  0.0 bash            bash classes/../../gi70-longsolve-20260905/jobs/gi70_c_c1_msolve_fleet.sh
   4030    4019    4018    9840  2260   7764  0.0 bash            bash classes/../../gi70-longsolve-20260905/jobs/gi70_c_c1_msolve_fleet.sh
   4033    4019    4033    9840  2188   6148  0.0 timeout         timeout --signal=TERM --kill-after=60s 10200s /usr/bin/time -v -o /home/ubuntu/jc2/box/gi70-longsolve-20260905/results/c_c1_msolve/time-v.txt stdbuf -oL msolve -g 2 -t 32 -v 2 -l 44 -m 2000 -f /home/ubuntu/jc2/box/gi70-longsolve-20260905/inputs/c_c1_p1073741827.ms -o /home/ubuntu/jc2/box/gi70-longsolve-20260905/results/c_c1_msolve/msolve.out
   4035    4033    4018    9840  2004   6148  0.0 tee             tee /home/ubuntu/jc2/box/gi70-longsolve-20260905/results/c_c1_msolve/stdout.log
   4036    4033    4018    9840  2004   6148  0.0 tee             tee /home/ubuntu/jc2/box/gi70-longsolve-20260905/results/c_c1_msolve/stderr.log
   4037    4033    4033    9840  1652   2720  0.0 time            /usr/bin/time -v -o /home/ubuntu/jc2/box/gi70-longsolve-20260905/results/c_c1_msolve/time-v.txt stdbuf -oL msolve -g 2 -t 32 -v 2 -l 44 -m 2000 -f /home/ubuntu/jc2/box/gi70-longsolve-20260905/inputs/c_c1_p1073741827.ms -o /home/ubuntu/jc2/box/gi70-longsolve-20260905/results/c_c1_msolve/msolve.out
   4040    4037    4033    9840 41736680 52561392  8.0 msolve     msolve -g 2 -t 32 -v 2 -l 44 -m 2000 -f /home/ubuntu/jc2/box/gi70-longsolve-20260905/inputs/c_c1_p1073741827.ms -o /home/ubuntu/jc2/box/gi70-longsolve-20260905/results/c_c1_msolve/msolve.out
   4132    4125    4132    9835  2192   6148  0.0 timeout         timeout --signal=TERM --kill-after=60s 10200s /usr/bin/time -v -o /home/ubuntu/jc2/box/gi70-longsolve-20260905/results/d_c1_slimgb/time-v.txt stdbuf -oL Singular --no-rc -q /home/ubuntu/jc2/box/gi70-longsolve-20260905/inputs/d_c1_slimgb.sing
   4136    4132    4132    9835  1648   2720  0.0 time            /usr/bin/time -v -o /home/ubuntu/jc2/box/gi70-longsolve-20260905/results/d_c1_slimgb/time-v.txt stdbuf -oL Singular --no-rc -q /home/ubuntu/jc2/box/gi70-longsolve-20260905/inputs/d_c1_slimgb.sing
   4137    4136    4132    9835 2129656 2149584  0.4 Singular     Singular --no-rc -q /home/ubuntu/jc2/box/gi70-longsolve-20260905/inputs/d_c1_slimgb.sing
   4519    4518    4519    9724  3588   7832  0.0 bash            bash -c while true; do date -u +TICK=%Y-%m-%dT%H:%M:%SZ; ps -C Singular -C msolve -C python3 -o pid=,etimes=,rss=,comm=,args= | grep -E "a_exact_std|b_hilbert|c_c1|d_c1|run_guided" || true; for f in /home/ubuntu/jc2/box/gi70-longsolve-20260905/results/*/returncode.txt; do test -e "$f" && echo "DONE $f $(cat "$f")"; done; pgrep -f "[g]i70_(a_exact_std|b_guided_hilbert|c_c1_msolve|d_c1_slimgb)_fleet.sh" >/dev/null || break; sleep 55; done
  12926    3819    3814       0  3952   9748  0.0 awk             awk NR==1 || /Singular|msolve|run_guided.py|guided_gb.py/
