
Legend for f4 information
--------------------------------------------------------
deg       current degree of pairs selected in this round
sel       number of pairs selected in this round
pairs     total number of pairs in pair list
mat       matrix dimensions (# rows x # columns)
density   density of the matrix
new data  # new elements for basis in this round
          # zero reductions during linear algebra
time(rd)  time of the current f4 round in seconds given
          for real and cpu time
--------------------------------------------------------

deg     sel   pairs        mat          density            new data         time(rd) in sec (real|cpu)
------------------------------------------------------------------------------------------------------
  2       1     445       2 x 2          75.00%        1 new       0 zero         0.00 | 0.00         
  3       4     444      17 x 26          9.73%        4 new       0 zero         0.00 | 0.01         
  2       1     450       2 x 4          75.00%        1 new       0 zero         0.00 | 0.01         
  3       5     449      22 x 36          7.58%        4 new       1 zero         0.00 | 0.01         
  4      13     452     139 x 241         1.47%        9 new       4 zero         0.00 | 0.02         
  3      10     477      34 x 117         4.00%       10 new       0 zero         0.00 | 0.02         
  4      56     526     417 x 1065        0.53%       28 new      28 zero         0.01 | 0.07         
  4      38     693     466 x 1246        0.53%       30 new       8 zero         0.01 | 0.09         
  5     405    1007    5410 x 13580       0.07%      166 new     239 zero         0.11 | 0.67         
  3      12    2215      34 x 188         3.61%       12 new       0 zero         0.01 | 0.07         
  4     122    2315    1060 x 4176        0.25%       75 new      47 zero         0.06 | 0.41         
  4      56    2597     696 x 2780        0.57%       42 new      14 zero         0.04 | 0.27         
  5    1000    3129   12190 x 40228       0.05%      524 new     476 zero         0.82 | 5.34         
  5    1000    8477   17206 x 61710       0.06%      450 new     550 zero         1.46 | 8.40         
  5     981   14105   29282 x 103272      0.04%      412 new     570 zero         2.35 | 11.65        
  5     223   18591   13466 x 64182       0.13%      147 new      76 zero         1.36 | 5.25         
  5      25   20664    8132 x 46879       0.23%       22 new       3 zero         0.71 | 1.36         
  6    1000   21009   38255 x 151611      0.05%      558 new     442 zero         5.54 | 22.35        
  6    1000   29338   51535 x 206960      0.05%      329 new     671 zero         6.15 | 15.73        
  6    1000   33523   35249 x 175719      0.08%      425 new     575 zero         7.10 | 20.11        
  6    1000   39303   52916 x 206351      0.07%      270 new     730 zero         7.77 | 16.40        
  6    1000   42726   73064 x 304175      0.06%      397 new     604 zero        14.15 | 29.60        
  6    1000   48075   91919 x 344466      0.05%      327 new     673 zero        14.99 | 26.08        
  6    1000   52157   70406 x 282693      0.07%      471 new     530 zero        16.89 | 36.29        
  6    1000   59096  124538 x 501399      0.04%      446 new     554 zero        28.69 | 48.57        
  6    1000   65277  114092 x 474917      0.05%      296 new     704 zero        25.76 | 36.25        
  6    1000   69168  106746 x 413396      0.06%      287 new     713 zero        25.67 | 38.18        
  6    1001   73211  118498 x 446853      0.06%      181 new     820 zero        26.21 | 33.76        
  6    1000   75017  140594 x 498795      0.05%      384 new     616 zero        36.25 | 58.07        
  6    1000   80418  152033 x 518145      0.05%      300 new     700 zero        37.92 | 54.24        
  6    1000   84564  134665 x 418992      0.06%      209 new     792 zero        30.45 | 42.10        
  6    1000   87445  162870 x 520429      0.05%      195 new     806 zero        37.05 | 48.67        
  6    1000   90120  117742 x 342057      0.05%      218 new     782 zero        21.43 | 29.59        
  3       4   90914      16 x 46          8.83%        4 new       0 zero         0.27 | 0.43         
  3       4   88426      14 x 48          9.97%        4 new       0 zero         0.24 | 0.39         
  4     125   88161     748 x 3090        0.34%       92 new      33 zero         2.68 | 5.44         
  3       6   77543      15 x 52          8.21%        6 new       0 zero         0.28 | 0.51         
  4     131   78245    1219 x 4631        0.50%       92 new      39 zero         2.61 | 5.43         
  4       8   72907     151 x 505         3.81%        6 new       2 zero         0.25 | 0.46         
  5    1000   72525    7705 x 24641       0.12%      575 new     429 zero        15.12 | 31.83        
  5    1001   67710   14655 x 49962       0.10%      504 new     497 zero        14.05 | 29.13        
  5    1000   68544   17064 x 53597       0.12%      390 new     613 zero        11.92 | 23.52        
  5    1000   69681   26502 x 86358       0.09%      537 new     467 zero        18.29 | 34.54        
  5    1000   70233   30981 x 98782       0.10%      538 new     466 zero        20.67 | 37.55        
  5    1000   73472   33699 x 107665      0.11%      447 new     558 zero        19.95 | 34.54        
  5    1000   79870   39929 x 146310      0.11%      535 new     465 zero        28.42 | 47.30        
  5     364   86565   31944 x 127070      0.16%      122 new     242 zero        12.59 | 16.69        
  5      28   88139   16611 x 44569       0.28%       17 new      11 zero         2.65 | 3.26         
  6    1000   88479   41472 x 140977      0.12%      334 new     666 zero        23.31 | 34.18        
  6    1000   93757   29851 x 93843       0.15%      407 new     593 zero        22.89 | 36.02        
  6    1001   99942   46268 x 156533      0.11%      431 new     570 zero        31.19 | 46.02        
  6    1001  106908   40422 x 126930      0.14%      426 new     575 zero