/opt/jc2-r2-highest-ready-20260910T1720/science/authority.py: OK
/opt/jc2-r2-highest-ready-20260910T1720/science/arithmetic.py: OK
/opt/jc2-r2-highest-ready-20260910T1720/science/produce.py: OK
/opt/jc2-r2-highest-ready-20260910T1720/science/check_arithmetic.py: OK
/opt/jc2-r2-highest-ready-20260910T1720/science/check.py: OK
/opt/jc2-r2-highest-ready-20260910T1720/wrapper/dispatch.py: OK
/opt/jc2-r2-highest-ready-20260910T1720/wrapper/probe.py: OK
/opt/jc2-r2-highest-ready-20260910T1720/wrapper/mutate.py: OK
/opt/jc2-r2-highest-ready-20260910T1720/metadata/run_capped.py: OK
/opt/jc2-r2-highest-ready-20260910T1720/metadata/artifact.json: OK
/opt/jc2-r2-highest-ready-20260910T1720/metadata/native-manifest.json: OK
/opt/jc2-r2-highest-ready-20260910T1720/metadata/ROOT-EXECUTION-CARD.md: OK
/opt/jc2-r2-highest-ready-20260910T1720/metadata/CONTRACT.md: OK
/opt/jc2-r2-highest-ready-20260910T1720/metadata/ROOT-REGISTRATION.json: OK
/opt/jc2-r2-highest-ready-20260910T1720/highest/entry.py: OK
/opt/jc2-r2-highest-ready-20260910T1720/highest/produce.py: OK
/opt/jc2-r2-highest-ready-20260910T1720/highest/check.py: OK
/opt/jc2-r2-highest-ready-20260910T1720/metadata/f10-r2-highest-status-fix-gate-fable5-20260910.md: OK
/opt/jc2-r2-highest-ready-20260910T1720/metadata/f10-r2-highest-modular-runtime-gate-fable5-20260910.md: OK
/opt/jc2-r2-highest-ready-20260910T1720/metadata/native.stdout: OK
/opt/jc2-r2-highest-ready-20260910T1720/metadata/native.sha256: OK
