authority.py: OK
arithmetic.py: OK
produce.py: OK
check_arithmetic.py: OK
check.py: OK
dispatch.py: OK
probe.py: OK
mutate.py: OK
run_capped.py: OK
artifact.json: OK
native-manifest.json: OK
ROOT-EXECUTION-CARD.md: OK
CONTRACT.md: OK
ROOT-REGISTRATION.json: OK
highest-entry.py: OK
highest-produce.py: OK
highest-check.py: OK
f10-r2-highest-status-fix-gate-fable5-20260910.md: OK
f10-r2-highest-modular-runtime-gate-fable5-20260910.md: OK
native.stdout: OK
native.sha256: OK
/opt/jc2-r2-highest-ready-20260910T1720/science/authority.py: OK
/opt/jc2-r2-highest-ready-20260910T1720/science/arithmetic.py: OK
/opt/jc2-r2-highest-ready-20260910T1720/science/produce.py: OK
/opt/jc2-r2-highest-ready-20260910T1720/science/check_arithmetic.py: OK
/opt/jc2-r2-highest-ready-20260910T1720/science/check.py: OK
/opt/jc2-r2-highest-ready-20260910T1720/wrapper/dispatch.py: OK
/opt/jc2-r2-highest-ready-20260910T1720/wrapper/probe.py: OK
/opt/jc2-r2-highest-ready-20260910T1720/wrapper/mutate.py: OK
/opt/jc2-r2-highest-ready-20260910T1720/metadata/run_capped.py: OK
/opt/jc2-r2-highest-ready-20260910T1720/metadata/artifact.json: OK
/opt/jc2-r2-highest-ready-20260910T1720/metadata/native-manifest.json: OK
/opt/jc2-r2-highest-ready-20260910T1720/metadata/ROOT-EXECUTION-CARD.md: OK
/opt/jc2-r2-highest-ready-20260910T1720/metadata/CONTRACT.md: OK
/opt/jc2-r2-highest-ready-20260910T1720/metadata/ROOT-REGISTRATION.json: OK
/opt/jc2-r2-highest-ready-20260910T1720/highest/entry.py: OK
/opt/jc2-r2-highest-ready-20260910T1720/highest/produce.py: OK
/opt/jc2-r2-highest-ready-20260910T1720/highest/check.py: OK
/opt/jc2-r2-highest-ready-20260910T1720/metadata/f10-r2-highest-status-fix-gate-fable5-20260910.md: OK
/opt/jc2-r2-highest-ready-20260910T1720/metadata/f10-r2-highest-modular-runtime-gate-fable5-20260910.md: OK
/opt/jc2-r2-highest-ready-20260910T1720/metadata/native.stdout: OK
/opt/jc2-r2-highest-ready-20260910T1720/metadata/native.sha256: OK
66305 0 0 755 /opt/jc2-r2-highest-ready-20260910T1720/science
66305 0 0 755 /opt/jc2-r2-highest-ready-20260910T1720/wrapper
66305 0 0 755 /opt/jc2-r2-highest-ready-20260910T1720/highest
66305 0 0 755 /opt/jc2-r2-highest-ready-20260910T1720/metadata
49 0 0 755 /run/jc2-r2-highest-ready-20260910T1720
49 0 0 755 /run/jc2-r2-highest-ready-20260910T1720/authority
49 0 0 755 /run/jc2-r2-highest-ready-20260910T1720/frozen
49 65534 65534 700 /run/jc2-r2-highest-ready-20260910T1720/writer
active
active
R2_HIGHEST_SYSTEM_TIMERS_ARMED_BEFORE_LAUNCH 2026-09-10 17:25:02.482004618 UTC
RuntimeMaxUSec=11min
MainPID=9533
ExecMainStartTimestamp=Thu 2026-09-10 17:25:02 UTC
ControlGroup=/system.slice/jc2-f10-r2-highest-ready-20260910T1720.service
MemoryMax=2147483648
TasksMax=32
LimitCPU=infinity
KillMode=control-group
ActiveState=active
InvocationID=862858bc396349db9125b9221e4e9628
   9533       1    9533 Thu Sep 10 17:25:02 2026 /usr/bin/python3.12 -I -S -B /opt/jc2-r2-highest-ready-20260910T1720/wrapper/dispatch.py --registration /opt/jc2-r2-highest-ready-20260910T1720/metadata/ROOT-REGISTRATION.json
9533 (python3.12) R 1 9533 9533 0 -1 4194560 2482 0 0 0 1 0 0 0 20 0 1 0 45802 19058688 3255 18446744073709551615 4325376 7353021 140728435345824 0 0 0 0 16781312 2 0 0 0 17 0 0 0 0 0 0 10657224 12220544 987463680 140728435351306 140728435351482 140728435351482 140728435351524 0
pid:[4026531836]
2147483648
R2_HIGHEST_SAME_CALL_MAIN_CAPTURE 2026-09-10 17:25:02.516689420 UTC
