/run/jc2-r2-highest-ready-20260910T1720/dummy.post.json: OK
/var/lib/jc2-r2-highest-ready-20260910T1720/dummy.post.json: OK
/run/jc2-r2-highest-ready-20260910T1720/dummy.pre.json: OK
/var/lib/jc2-r2-highest-ready-20260910T1720/dummy.pre.json: OK
/run/jc2-r2-highest-ready-20260910T1720/dummy.python-live.json: OK
/var/lib/jc2-r2-highest-ready-20260910T1720/dummy.python-live.json: OK
/run/jc2-r2-highest-ready-20260910T1720/dummy.runner-live.json: OK
/var/lib/jc2-r2-highest-ready-20260910T1720/dummy.runner-live.json: OK
/run/jc2-r2-highest-ready-20260910T1720/dummy.runner.stderr: OK
/var/lib/jc2-r2-highest-ready-20260910T1720/dummy.runner.stderr: OK
/run/jc2-r2-highest-ready-20260910T1720/dummy.runner.stdout: OK
/var/lib/jc2-r2-highest-ready-20260910T1720/dummy.runner.stdout: OK
/run/jc2-r2-highest-ready-20260910T1720/dummy.stderr: OK
/var/lib/jc2-r2-highest-ready-20260910T1720/dummy.stderr: OK
/run/jc2-r2-highest-ready-20260910T1720/dummy.stdout: OK
/var/lib/jc2-r2-highest-ready-20260910T1720/dummy.stdout: OK
/run/jc2-r2-highest-ready-20260910T1720/dummy.telemetry.json: OK
/var/lib/jc2-r2-highest-ready-20260910T1720/dummy.telemetry.json: OK
/run/jc2-r2-highest-ready-20260910T1720/highest-binding.json: OK
/var/lib/jc2-r2-highest-ready-20260910T1720/highest-binding.json: OK
/run/jc2-r2-highest-ready-20260910T1720/highest-negative.post.json: OK
/var/lib/jc2-r2-highest-ready-20260910T1720/highest-negative.post.json: OK
/run/jc2-r2-highest-ready-20260910T1720/highest-negative.pre.json: OK
/var/lib/jc2-r2-highest-ready-20260910T1720/highest-negative.pre.json: OK
/run/jc2-r2-highest-ready-20260910T1720/highest-negative.python-live.json: OK
/var/lib/jc2-r2-highest-ready-20260910T1720/highest-negative.python-live.json: OK
/run/jc2-r2-highest-ready-20260910T1720/highest-negative.runner-live.json: OK
/var/lib/jc2-r2-highest-ready-20260910T1720/highest-negative.runner-live.json: OK
/run/jc2-r2-highest-ready-20260910T1720/highest-negative.runner.stderr: OK
/var/lib/jc2-r2-highest-ready-20260910T1720/highest-negative.runner.stderr: OK
/run/jc2-r2-highest-ready-20260910T1720/highest-negative.runner.stdout: OK
/var/lib/jc2-r2-highest-ready-20260910T1720/highest-negative.runner.stdout: OK
/run/jc2-r2-highest-ready-20260910T1720/highest-negative.stderr: OK
/var/lib/jc2-r2-highest-ready-20260910T1720/highest-negative.stderr: OK
/run/jc2-r2-highest-ready-20260910T1720/highest-negative.stdout: OK
/var/lib/jc2-r2-highest-ready-20260910T1720/highest-negative.stdout: OK
/run/jc2-r2-highest-ready-20260910T1720/highest-negative.telemetry.json: OK
/var/lib/jc2-r2-highest-ready-20260910T1720/highest-negative.telemetry.json: OK
/run/jc2-r2-highest-ready-20260910T1720/highest-positive.post.json: OK
/var/lib/jc2-r2-highest-ready-20260910T1720/highest-positive.post.json: OK
/run/jc2-r2-highest-ready-20260910T1720/highest-positive.pre.json: OK
/var/lib/jc2-r2-highest-ready-20260910T1720/highest-positive.pre.json: OK
/run/jc2-r2-highest-ready-20260910T1720/highest-positive.python-live.json: OK
/var/lib/jc2-r2-highest-ready-20260910T1720/highest-positive.python-live.json: OK
/run/jc2-r2-highest-ready-20260910T1720/highest-positive.runner-live.json: OK
/var/lib/jc2-r2-highest-ready-20260910T1720/highest-positive.runner-live.json: OK
/run/jc2-r2-highest-ready-20260910T1720/highest-positive.runner.stderr: OK
/var/lib/jc2-r2-highest-ready-20260910T1720/highest-positive.runner.stderr: OK
/run/jc2-r2-highest-ready-20260910T1720/highest-positive.runner.stdout: OK
/var/lib/jc2-r2-highest-ready-20260910T1720/highest-positive.runner.stdout: OK
/run/jc2-r2-highest-ready-20260910T1720/highest-positive.stderr: OK
/var/lib/jc2-r2-highest-ready-20260910T1720/highest-positive.stderr: OK
/run/jc2-r2-highest-ready-20260910T1720/highest-positive.stdout: OK
/var/lib/jc2-r2-highest-ready-20260910T1720/highest-positive.stdout: OK
/run/jc2-r2-highest-ready-20260910T1720/highest-positive.telemetry.json: OK
/var/lib/jc2-r2-highest-ready-20260910T1720/highest-positive.telemetry.json: OK
/run/jc2-r2-highest-ready-20260910T1720/highest-produce.post.json: OK
/var/lib/jc2-r2-highest-ready-20260910T1720/highest-produce.post.json: OK
/run/jc2-r2-highest-ready-20260910T1720/highest-produce.pre.json: OK
/var/lib/jc2-r2-highest-ready-20260910T1720/highest-produce.pre.json: OK
/run/jc2-r2-highest-ready-20260910T1720/highest-produce.python-live.json: OK
/var/lib/jc2-r2-highest-ready-20260910T1720/highest-produce.python-live.json: OK
/run/jc2-r2-highest-ready-20260910T1720/highest-produce.runner-live.json: OK
/var/lib/jc2-r2-highest-ready-20260910T1720/highest-produce.runner-live.json: OK
/run/jc2-r2-highest-ready-20260910T1720/highest-produce.runner.stderr: OK
/var/lib/jc2-r2-highest-ready-20260910T1720/highest-produce.runner.stderr: OK
/run/jc2-r2-highest-ready-20260910T1720/highest-produce.runner.stdout: OK
/var/lib/jc2-r2-highest-ready-20260910T1720/highest-produce.runner.stdout: OK
/run/jc2-r2-highest-ready-20260910T1720/highest-produce.stderr: OK
/var/lib/jc2-r2-highest-ready-20260910T1720/highest-produce.stderr: OK
/run/jc2-r2-highest-ready-20260910T1720/highest-produce.stdout: OK
/var/lib/jc2-r2-highest-ready-20260910T1720/highest-produce.stdout: OK
/run/jc2-r2-highest-ready-20260910T1720/highest-produce.telemetry.json: OK
/var/lib/jc2-r2-highest-ready-20260910T1720/highest-produce.telemetry.json: OK
/run/jc2-r2-highest-ready-20260910T1720/mutate.post.json: OK
/var/lib/jc2-r2-highest-ready-20260910T1720/mutate.post.json: OK
/run/jc2-r2-highest-ready-20260910T1720/mutate.pre.json: OK
/var/lib/jc2-r2-highest-ready-20260910T1720/mutate.pre.json: OK
/run/jc2-r2-highest-ready-20260910T1720/mutate.python-live.json: OK
/var/lib/jc2-r2-highest-ready-20260910T1720/mutate.python-live.json: OK
/run/jc2-r2-highest-ready-20260910T1720/mutate.runner-live.json: OK
/var/lib/jc2-r2-highest-ready-20260910T1720/mutate.runner-live.json: OK
/run/jc2-r2-highest-ready-20260910T1720/mutate.runner.stderr: OK
/var/lib/jc2-r2-highest-ready-20260910T1720/mutate.runner.stderr: OK
/run/jc2-r2-highest-ready-20260910T1720/mutate.runner.stdout: OK
/var/lib/jc2-r2-highest-ready-20260910T1720/mutate.runner.stdout: OK
/run/jc2-r2-highest-ready-20260910T1720/mutate.stderr: OK
/var/lib/jc2-r2-highest-ready-20260910T1720/mutate.stderr: OK
/run/jc2-r2-highest-ready-20260910T1720/mutate.stdout: OK
/var/lib/jc2-r2-highest-ready-20260910T1720/mutate.stdout: OK
/run/jc2-r2-highest-ready-20260910T1720/mutate.telemetry.json: OK
/var/lib/jc2-r2-highest-ready-20260910T1720/mutate.telemetry.json: OK
/run/jc2-r2-highest-ready-20260910T1720/outer.stderr: OK
/var/lib/jc2-r2-highest-ready-20260910T1720/outer.stderr: OK
/run/jc2-r2-highest-ready-20260910T1720/outer.stdout: OK
/var/lib/jc2-r2-highest-ready-20260910T1720/outer.stdout: OK
/run/jc2-r2-highest-ready-20260910T1720/refuse-caps.post.json: OK
/var/lib/jc2-r2-highest-ready-20260910T1720/refuse-caps.post.json: OK
/run/jc2-r2-highest-ready-20260910T1720/refuse-caps.pre.json: OK
/var/lib/jc2-r2-highest-ready-20260910T1720/refuse-caps.pre.json: OK
/run/jc2-r2-highest-ready-20260910T1720/refuse-caps.python-live.json: OK
/var/lib/jc2-r2-highest-ready-20260910T1720/refuse-caps.python-live.json: OK
/run/jc2-r2-highest-ready-20260910T1720/refuse-caps.runner-live.json: OK
/var/lib/jc2-r2-highest-ready-20260910T1720/refuse-caps.runner-live.json: OK
/run/jc2-r2-highest-ready-20260910T1720/refuse-caps.runner.stderr: OK
/var/lib/jc2-r2-highest-ready-20260910T1720/refuse-caps.runner.stderr: OK
/run/jc2-r2-highest-ready-20260910T1720/refuse-caps.runner.stdout: OK
/var/lib/jc2-r2-highest-ready-20260910T1720/refuse-caps.runner.stdout: OK
/run/jc2-r2-highest-ready-20260910T1720/refuse-caps.stderr: OK
/var/lib/jc2-r2-highest-ready-20260910T1720/refuse-caps.stderr: OK
/run/jc2-r2-highest-ready-20260910T1720/refuse-caps.stdout: OK
/var/lib/jc2-r2-highest-ready-20260910T1720/refuse-caps.stdout: OK
/run/jc2-r2-highest-ready-20260910T1720/refuse-caps.telemetry.json: OK
/var/lib/jc2-r2-highest-ready-20260910T1720/refuse-caps.telemetry.json: OK
/run/jc2-r2-highest-ready-20260910T1720/refuse-hash.post.json: OK
/var/lib/jc2-r2-highest-ready-20260910T1720/refuse-hash.post.json: OK
/run/jc2-r2-highest-ready-20260910T1720/refuse-hash.pre.json: OK
/var/lib/jc2-r2-highest-ready-20260910T1720/refuse-hash.pre.json: OK
/run/jc2-r2-highest-ready-20260910T1720/refuse-hash.python-live.json: OK
/var/lib/jc2-r2-highest-ready-20260910T1720/refuse-hash.python-live.json: OK
/run/jc2-r2-highest-ready-20260910T1720/refuse-hash.runner-live.json: OK
/var/lib/jc2-r2-highest-ready-20260910T1720/refuse-hash.runner-live.json: OK
/run/jc2-r2-highest-ready-20260910T1720/refuse-hash.runner.stderr: OK
/var/lib/jc2-r2-highest-ready-20260910T1720/refuse-hash.runner.stderr: OK
/run/jc2-r2-highest-ready-20260910T1720/refuse-hash.runner.stdout: OK
/var/lib/jc2-r2-highest-ready-20260910T1720/refuse-hash.runner.stdout: OK
/run/jc2-r2-highest-ready-20260910T1720/refuse-hash.stderr: OK
/var/lib/jc2-r2-highest-ready-20260910T1720/refuse-hash.stderr: OK
/run/jc2-r2-highest-ready-20260910T1720/refuse-hash.stdout: OK
/var/lib/jc2-r2-highest-ready-20260910T1720/refuse-hash.stdout: OK
/run/jc2-r2-highest-ready-20260910T1720/refuse-hash.telemetry.json: OK
/var/lib/jc2-r2-highest-ready-20260910T1720/refuse-hash.telemetry.json: OK
/run/jc2-r2-highest-ready-20260910T1720/refuse-inventory.post.json: OK
/var/lib/jc2-r2-highest-ready-20260910T1720/refuse-inventory.post.json: OK
/run/jc2-r2-highest-ready-20260910T1720/refuse-inventory.pre.json: OK
/var/lib/jc2-r2-highest-ready-20260910T1720/refuse-inventory.pre.json: OK
/run/jc2-r2-highest-ready-20260910T1720/refuse-inventory.python-live.json: OK
/var/lib/jc2-r2-highest-ready-20260910T1720/refuse-inventory.python-live.json: OK
/run/jc2-r2-highest-ready-20260910T1720/refuse-inventory.runner-live.json: OK
/var/lib/jc2-r2-highest-ready-20260910T1720/refuse-inventory.runner-live.json: OK
/run/jc2-r2-highest-ready-20260910T1720/refuse-inventory.runner.stderr: OK
/var/lib/jc2-r2-highest-ready-20260910T1720/refuse-inventory.runner.stderr: OK
/run/jc2-r2-highest-ready-20260910T1720/refuse-inventory.runner.stdout: OK
/var/lib/jc2-r2-highest-ready-20260910T1720/refuse-inventory.runner.stdout: OK
/run/jc2-r2-highest-ready-20260910T1720/refuse-inventory.stderr: OK
/var/lib/jc2-r2-highest-ready-20260910T1720/refuse-inventory.stderr: OK
/run/jc2-r2-highest-ready-20260910T1720/refuse-inventory.stdout: OK
/var/lib/jc2-r2-highest-ready-20260910T1720/refuse-inventory.stdout: OK
/run/jc2-r2-highest-ready-20260910T1720/refuse-inventory.telemetry.json: OK
/var/lib/jc2-r2-highest-ready-20260910T1720/refuse-inventory.telemetry.json: OK
/run/jc2-r2-highest-ready-20260910T1720/refuse-source.post.json: OK
/var/lib/jc2-r2-highest-ready-20260910T1720/refuse-source.post.json: OK
/run/jc2-r2-highest-ready-20260910T1720/refuse-source.pre.json: OK
/var/lib/jc2-r2-highest-ready-20260910T1720/refuse-source.pre.json: OK
/run/jc2-r2-highest-ready-20260910T1720/refuse-source.python-live.json: OK
/var/lib/jc2-r2-highest-ready-20260910T1720/refuse-source.python-live.json: OK
/run/jc2-r2-highest-ready-20260910T1720/refuse-source.runner-live.json: OK
/var/lib/jc2-r2-highest-ready-20260910T1720/refuse-source.runner-live.json: OK
/run/jc2-r2-highest-ready-20260910T1720/refuse-source.runner.stderr: OK
/var/lib/jc2-r2-highest-ready-20260910T1720/refuse-source.runner.stderr: OK
/run/jc2-r2-highest-ready-20260910T1720/refuse-source.runner.stdout: OK
/var/lib/jc2-r2-highest-ready-20260910T1720/refuse-source.runner.stdout: OK
/run/jc2-r2-highest-ready-20260910T1720/refuse-source.stderr: OK
/var/lib/jc2-r2-highest-ready-20260910T1720/refuse-source.stderr: OK
/run/jc2-r2-highest-ready-20260910T1720/refuse-source.stdout: OK
/var/lib/jc2-r2-highest-ready-20260910T1720/refuse-source.stdout: OK
/run/jc2-r2-highest-ready-20260910T1720/refuse-source.telemetry.json: OK
/var/lib/jc2-r2-highest-ready-20260910T1720/refuse-source.telemetry.json: OK
/run/jc2-r2-highest-ready-20260910T1720/refuse-status.post.json: OK
/var/lib/jc2-r2-highest-ready-20260910T1720/refuse-status.post.json: OK
/run/jc2-r2-highest-ready-20260910T1720/refuse-status.pre.json: OK
/var/lib/jc2-r2-highest-ready-20260910T1720/refuse-status.pre.json: OK
/run/jc2-r2-highest-ready-20260910T1720/refuse-status.python-live.json: OK
/var/lib/jc2-r2-highest-ready-20260910T1720/refuse-status.python-live.json: OK
/run/jc2-r2-highest-ready-20260910T1720/refuse-status.runner-live.json: OK
/var/lib/jc2-r2-highest-ready-20260910T1720/refuse-status.runner-live.json: OK
/run/jc2-r2-highest-ready-20260910T1720/refuse-status.runner.stderr: OK
/var/lib/jc2-r2-highest-ready-20260910T1720/refuse-status.runner.stderr: OK
/run/jc2-r2-highest-ready-20260910T1720/refuse-status.runner.stdout: OK
/var/lib/jc2-r2-highest-ready-20260910T1720/refuse-status.runner.stdout: OK
/run/jc2-r2-highest-ready-20260910T1720/refuse-status.stderr: OK
/var/lib/jc2-r2-highest-ready-20260910T1720/refuse-status.stderr: OK
/run/jc2-r2-highest-ready-20260910T1720/refuse-status.stdout: OK
/var/lib/jc2-r2-highest-ready-20260910T1720/refuse-status.stdout: OK
/run/jc2-r2-highest-ready-20260910T1720/refuse-status.telemetry.json: OK
/var/lib/jc2-r2-highest-ready-20260910T1720/refuse-status.telemetry.json: OK
/run/jc2-r2-highest-ready-20260910T1720/startup-check.post.json: OK
/var/lib/jc2-r2-highest-ready-20260910T1720/startup-check.post.json: OK
/run/jc2-r2-highest-ready-20260910T1720/startup-check.pre.json: OK
/var/lib/jc2-r2-highest-ready-20260910T1720/startup-check.pre.json: OK
/run/jc2-r2-highest-ready-20260910T1720/startup-check.python-live.json: OK
/var/lib/jc2-r2-highest-ready-20260910T1720/startup-check.python-live.json: OK
/run/jc2-r2-highest-ready-20260910T1720/startup-check.runner-live.json: OK
/var/lib/jc2-r2-highest-ready-20260910T1720/startup-check.runner-live.json: OK
/run/jc2-r2-highest-ready-20260910T1720/startup-check.runner.stderr: OK
/var/lib/jc2-r2-highest-ready-20260910T1720/startup-check.runner.stderr: OK
/run/jc2-r2-highest-ready-20260910T1720/startup-check.runner.stdout: OK
/var/lib/jc2-r2-highest-ready-20260910T1720/startup-check.runner.stdout: OK
/run/jc2-r2-highest-ready-20260910T1720/startup-check.stderr: OK
/var/lib/jc2-r2-highest-ready-20260910T1720/startup-check.stderr: OK
/run/jc2-r2-highest-ready-20260910T1720/startup-check.stdout: OK
/var/lib/jc2-r2-highest-ready-20260910T1720/startup-check.stdout: OK
/run/jc2-r2-highest-ready-20260910T1720/startup-check.telemetry.json: OK
/var/lib/jc2-r2-highest-ready-20260910T1720/startup-check.telemetry.json: OK
/run/jc2-r2-highest-ready-20260910T1720/startup-produce.post.json: OK
/var/lib/jc2-r2-highest-ready-20260910T1720/startup-produce.post.json: OK
/run/jc2-r2-highest-ready-20260910T1720/startup-produce.pre.json: OK
/var/lib/jc2-r2-highest-ready-20260910T1720/startup-produce.pre.json: OK
/run/jc2-r2-highest-ready-20260910T1720/startup-produce.python-live.json: OK
/var/lib/jc2-r2-highest-ready-20260910T1720/startup-produce.python-live.json: OK
/run/jc2-r2-highest-ready-20260910T1720/startup-produce.runner-live.json: OK
/var/lib/jc2-r2-highest-ready-20260910T1720/startup-produce.runner-live.json: OK
/run/jc2-r2-highest-ready-20260910T1720/startup-produce.runner.stderr: OK
/var/lib/jc2-r2-highest-ready-20260910T1720/startup-produce.runner.stderr: OK
/run/jc2-r2-highest-ready-20260910T1720/startup-produce.runner.stdout: OK
/var/lib/jc2-r2-highest-ready-20260910T1720/startup-produce.runner.stdout: OK
/run/jc2-r2-highest-ready-20260910T1720/startup-produce.stderr: OK
/var/lib/jc2-r2-highest-ready-20260910T1720/startup-produce.stderr: OK
/run/jc2-r2-highest-ready-20260910T1720/startup-produce.stdout: OK
/var/lib/jc2-r2-highest-ready-20260910T1720/startup-produce.stdout: OK
/run/jc2-r2-highest-ready-20260910T1720/startup-produce.telemetry.json: OK
/var/lib/jc2-r2-highest-ready-20260910T1720/startup-produce.telemetry.json: OK
/run/jc2-r2-highest-ready-20260910T1720/valid.post.json: OK
/var/lib/jc2-r2-highest-ready-20260910T1720/valid.post.json: OK
/run/jc2-r2-highest-ready-20260910T1720/valid.pre.json: OK
/var/lib/jc2-r2-highest-ready-20260910T1720/valid.pre.json: OK
/run/jc2-r2-highest-ready-20260910T1720/valid.python-live.json: OK
/var/lib/jc2-r2-highest-ready-20260910T1720/valid.python-live.json: OK
/run/jc2-r2-highest-ready-20260910T1720/valid.runner-live.json: OK
/var/lib/jc2-r2-highest-ready-20260910T1720/valid.runner-live.json: OK
/run/jc2-r2-highest-ready-20260910T1720/valid.runner.stderr: OK
/var/lib/jc2-r2-highest-ready-20260910T1720/valid.runner.stderr: OK
/run/jc2-r2-highest-ready-20260910T1720/valid.runner.stdout: OK
/var/lib/jc2-r2-highest-ready-20260910T1720/valid.runner.stdout: OK
/run/jc2-r2-highest-ready-20260910T1720/valid.stderr: OK
/var/lib/jc2-r2-highest-ready-20260910T1720/valid.stderr: OK
/run/jc2-r2-highest-ready-20260910T1720/valid.stdout: OK
/var/lib/jc2-r2-highest-ready-20260910T1720/valid.stdout: OK
/run/jc2-r2-highest-ready-20260910T1720/valid.telemetry.json: OK
/var/lib/jc2-r2-highest-ready-20260910T1720/valid.telemetry.json: OK
/run/jc2-r2-highest-ready-20260910T1720/writer/dummy.payload: OK
/var/lib/jc2-r2-highest-ready-20260910T1720/writer/dummy.payload: OK
/run/jc2-r2-highest-ready-20260910T1720/writer/valid.payload: OK
/var/lib/jc2-r2-highest-ready-20260910T1720/writer/valid.payload: OK
/run/jc2-r2-highest-ready-20260910T1720/frozen/candidate.json: OK
/var/lib/jc2-r2-highest-ready-20260910T1720/frozen/candidate.json: OK
/run/jc2-r2-highest-ready-20260910T1720/frozen/changed.json: OK
/var/lib/jc2-r2-highest-ready-20260910T1720/frozen/changed.json: OK
/run/jc2-r2-highest-ready-20260910T1720/frozen/highest-positive.receipt.json: OK
/var/lib/jc2-r2-highest-ready-20260910T1720/frozen/highest-positive.receipt.json: OK
/run/jc2-r2-highest-ready-20260910T1720/frozen/highest-produce.receipt.json: OK
/var/lib/jc2-r2-highest-ready-20260910T1720/frozen/highest-produce.receipt.json: OK
/run/jc2-r2-highest-ready-20260910T1720/frozen/mutate.receipt.json: OK
/var/lib/jc2-r2-highest-ready-20260910T1720/frozen/mutate.receipt.json: OK
/run/jc2-r2-highest-ready-20260910T1720/authority/dummy.json: OK
/var/lib/jc2-r2-highest-ready-20260910T1720/authority/dummy.json: OK
/run/jc2-r2-highest-ready-20260910T1720/authority/highest-negative.json: OK
/var/lib/jc2-r2-highest-ready-20260910T1720/authority/highest-negative.json: OK
/run/jc2-r2-highest-ready-20260910T1720/authority/highest-positive.json: OK
/var/lib/jc2-r2-highest-ready-20260910T1720/authority/highest-positive.json: OK
/run/jc2-r2-highest-ready-20260910T1720/authority/highest-produce.json: OK
/var/lib/jc2-r2-highest-ready-20260910T1720/authority/highest-produce.json: OK
/run/jc2-r2-highest-ready-20260910T1720/authority/mutate.json: OK
/var/lib/jc2-r2-highest-ready-20260910T1720/authority/mutate.json: OK
/run/jc2-r2-highest-ready-20260910T1720/authority/refuse-caps.json: OK
/var/lib/jc2-r2-highest-ready-20260910T1720/authority/refuse-caps.json: OK
/run/jc2-r2-highest-ready-20260910T1720/authority/refuse-hash.json: OK
/var/lib/jc2-r2-highest-ready-20260910T1720/authority/refuse-hash.json: OK
/run/jc2-r2-highest-ready-20260910T1720/authority/refuse-inventory.json: OK
/var/lib/jc2-r2-highest-ready-20260910T1720/authority/refuse-inventory.json: OK
/run/jc2-r2-highest-ready-20260910T1720/authority/refuse-source.json: OK
/var/lib/jc2-r2-highest-ready-20260910T1720/authority/refuse-source.json: OK
/run/jc2-r2-highest-ready-20260910T1720/authority/refuse-status.json: OK
/var/lib/jc2-r2-highest-ready-20260910T1720/authority/refuse-status.json: OK
/run/jc2-r2-highest-ready-20260910T1720/authority/startup-check.json: OK
/var/lib/jc2-r2-highest-ready-20260910T1720/authority/startup-check.json: OK
/run/jc2-r2-highest-ready-20260910T1720/authority/startup-produce.json: OK
/var/lib/jc2-r2-highest-ready-20260910T1720/authority/startup-produce.json: OK
/run/jc2-r2-highest-ready-20260910T1720/authority/valid.json: OK
/var/lib/jc2-r2-highest-ready-20260910T1720/authority/valid.json: OK
/var/lib/jc2-r2-highest-ready-20260910T1720/CUSTODY.json: OK
