	Command being timed: "timeout 7200 env JC2_ROOT=/home/ubuntu/runs/as_b8_affine_kuranishi_v1_box03_20260825T1643Z/repo OUTPUT_JSON=/home/ubuntu/runs/as_b8_affine_kuranishi_v1_box03_20260825T1643Z/out/result.json ANF_OUTPUT=/home/ubuntu/runs/as_b8_affine_kuranishi_v1_box03_20260825T1643Z/out/kuranishi_anf.json python3 /home/ubuntu/runs/as_b8_affine_kuranishi_v1_box03_20260825T1643Z/repo/cases/as_b8_max12_affine_kuranishi_aws_20260825/compile_affine_kuranishi.py"
	User time (seconds): 8.97
	System time (seconds): 0.03
	Percent of CPU this job got: 99%
	Elapsed (wall clock) time (h:mm:ss or m:ss): 0:09.00
	Average shared text size (kbytes): 0
	Average unshared data size (kbytes): 0
	Average stack size (kbytes): 0
	Average total size (kbytes): 0
	Maximum resident set size (kbytes): 76184
	Average resident set size (kbytes): 0
	Major (requiring I/O) page faults: 0
	Minor (reclaiming a frame) page faults: 17798
	Voluntary context switches: 3
	Involuntary context switches: 10
	Swaps: 0
	File system inputs: 0
	File system outputs: 824
	Socket messages sent: 0
	Socket messages received: 0
	Signals delivered: 0
	Page size (bytes): 4096
	Exit status: 0
