utc=2026-09-05T15:11:14Z msolve_pid=13623
VmPeak:	 1084128 kB
VmSize:	 1084128 kB
VmHWM:	   21288 kB
VmRSS:	   21288 kB
utc=2026-09-05T15:11:34Z msolve_pid=13623
VmPeak:	 3364928 kB
VmSize:	 3364928 kB
VmHWM:	 1519448 kB
VmRSS:	 1519448 kB
utc=2026-09-05T15:11:54Z msolve_pid=13623
VmPeak:	 4301984 kB
VmSize:	 4301984 kB
VmHWM:	 1639352 kB
VmRSS:	 1639352 kB
utc=2026-09-05T15:12:14Z msolve_pid=13623
VmPeak:	 5758348 kB
VmSize:	 5758348 kB
VmHWM:	 2595124 kB
VmRSS:	 2595124 kB
utc=2026-09-05T15:12:34Z msolve_pid=13623
VmPeak:	 8336808 kB
VmSize:	 8273740 kB
VmHWM:	 5912156 kB
VmRSS:	 5912156 kB
