Command exited with non-zero status 2
	Command being timed: "Singular -q box/bridgegate-20260903/t8/bridge_runtime_p32003_std.sing"
	User time (seconds): 41.73
	System time (seconds): 2.40
	Percent of CPU this job got: 47%
	Elapsed (wall clock) time (h:mm:ss or m:ss): 1:32.87
	Average shared text size (kbytes): 0
	Average unshared data size (kbytes): 0
	Average stack size (kbytes): 0
	Average total size (kbytes): 0
	Maximum resident set size (kbytes): 204624
	Average resident set size (kbytes): 0
	Major (requiring I/O) page faults: 0
	Minor (reclaiming a frame) page faults: 970803
	Voluntary context switches: 5
	Involuntary context switches: 30785
	Swaps: 0
	File system inputs: 0
	File system outputs: 16
	Socket messages sent: 0
	Socket messages received: 0
	Signals delivered: 0
	Page size (bytes): 4096
	Exit status: 2
