
Legend for f4 information
--------------------------------------------------------
deg       current degree of pairs selected in this round
sel       number of pairs selected in this round
pairs     total number of pairs in pair list
mat       matrix dimensions (# rows x # columns)
density   density of the matrix
new data  # new elements for basis in this round
          # zero reductions during linear algebra
time(rd)  time of the current f4 round in seconds given
          for real and cpu time
--------------------------------------------------------

deg     sel   pairs        mat          density            new data         time(rd) in sec (real|cpu)
------------------------------------------------------------------------------------------------------
  8       1      65       2 x 4          62.50%        1 new       0 zero         0.00 | 0.01         
  8       2      65       4 x 10         30.00%        2 new       0 zero         0.00 | 0.01         
  9       9      68      29 x 119         5.04%        9 new       0 zero         0.00 | 0.00         
  9      20      85      80 x 312         2.18%       12 new       8 zero         0.00 | 0.02         
  9       5     112      18 x 25         13.33%        0 new       5 zero         0.00 | 0.00         
 10      47     107     319 x 1758        0.62%       29 new      18 zero         0.02 | 0.14         
 10      63     145     447 x 3603        0.47%       49 new      14 zero         0.01 | 0.16         
 10      35     287     385 x 2568        0.62%       24 new      11 zero         0.01 | 0.12         
  9       2     366       5 x 4          35.00%        1 new       1 zero         0.00 | 0.00         
 10      43     371     336 x 1369        0.74%       22 new      21 zero         0.00 | 0.08         
 10      25     434     134 x 270         1.83%        6 new      19 zero         0.00 | 0.02         
 11     380     441    4508 x 28121       0.07%      178 new     202 zero         0.09 | 0.97         
  9       3     844      11 x 11         23.97%        0 new       3 zero         0.00 | 0.00         
 10      32     841     287 x 647         1.56%       19 new      13 zero         0.01 | 0.10         
 10      14     897     101 x 243         1.81%       10 new       4 zero         0.02 | 0.22         
 10      37     945     158 x 279         1.19%       11 new      26 zero         0.00 | 0.08         
 10      13     987      75 x 176         2.89%        6 new       7 zero         0.00 | 0.06         
 11     607    1016    7825 x 51843       0.05%      299 new     308 zero         0.47 | 5.44         
 10      10    2087     127 x 348         1.87%        9 new       1 zero         0.01 | 0.14         
 10      19    2109     120 x 326         2.37%       15 new       5 zero         0.03 | 0.47         
 10       5    2132      16 x 17         12.13%        1 new       4 zero         0.00 | 0.06         
 10       1    2137       5 x 4          45.00%        0 new       1 zero         0.00 | 0.00         
 11     740    2136    8657 x 45762       0.07%      374 new     366 zero         0.85 | 10.78        
 10      12    3471     103 x 287         5.17%        5 new       7 zero         0.03 | 0.47         
 11     741    3483    9420 x 43306       0.07%      313 new     429 zero         0.93 | 11.99        
 10      20    4802     189 x 542         1.85%       14 new       6 zero         0.04 | 0.55         
 10      58    4831     543 x 1714        0.64%       32 new      26 zero         0.10 | 1.51         
 10       9    4893      77 x 321         2.79%        5 new       4 zero         0.03 | 0.41         
 11     697    4929    9100 x 36291       0.09%      290 new     408 zero         1.17 | 14.28        
 11     244    6487    5538 x 21769       0.15%      148 new      96 zero         0.67 | 8.07         
 10       7    7468      29 x 95          8.89%        1 new       6 zero         0.01 | 0.13         
 10       1    7505       3 x 3          66.67%        0 new       1 zero         0.02 | 0.30         
 11     151    7504    3591 x 13380       0.24%       72 new      79 zero         0.41 | 4.99         
 11     128    7792    2389 x 6410        0.40%       82 new      46 zero         0.36 | 5.03         
 11     146    8337    2782 x 9183        0.37%       76 new      70 zero         0.37 | 4.59         
 11      53    8843     797 x 1649        0.84%       17 new      36 zero         0.09 | 1.08         
 12    1000    8919   16364 x 53552       0.06%      439 new     561 zero         1.85 | 25.41        
 11      54   11665     761 x 1325        1.27%       21 new      33 zero         0.09 | 1.40         
 11      85   11527    1253 x 3005        0.52%       30 new      55 zero         0.14 | 1.93         
 12    1000   11649   18286 x 58706       0.05%      444 new     556 zero         2.30 | 28.43        
 11      72   13984    1398 x 4666        0.65%       42 new      30 zero         0.23 | 3.28         
 11      54   13972    2058 x 7521        0.64%       24 new      30 zero         0.20 | 1.98         
 11       5   14002      14 x 23         11.18%        1 new       4 zero         0.02 | 0.24         
 12    1000   14008   19310 x 61098       0.06%      499 new     501 zero         3.07 | 40.02        
 11      83   16636    1105 x 2799        0.93%       39 new      44 zero         0.25 | 3.77         
 11      44   16604     375 x 814         1.36%       14 new      30 zero         0.08 | 1.23         
 11      41   16636     381 x 727         1.36%       15 new      26 zero         0.10 | 1.49         
 11       9   16681     133 x 234         2.81%        3 new       6 zero         0.02 | 0.29         
 12    1000   16702   19078 x 63930       0.07%      412 new     588 zero         3.37 | 39.04        
 11      31   18859    1011 x 3474        0.89%       17 new      14 zero         0.18 | 1.91         
 11      34   18786    1614 x 6901        0.93%       16 new      18 zero         0.24 | 1.89         
 11      36   18798     207 x 379         2.94%        8 new      28 zero         0.06 | 0.85         
 11      26   18691     234 x 450         2.84%        6 new      20 zero         0.05 | 0.65         
 12    1000   18691   23659 x 73999       0.06%      375 new     625 zero         4.42 | 42.29        
 11      25   20856     106 x 256         3.02%        9 new      16 zero         0.10 | 1.05         
 11      44   20847     248 x 453         1.78%        8 new      36 zero         0.10 | 0.99         
 11      12   20829     102 x 182         3.31%        2 new      10 zero         0.04 | 0.48         
 12    1000   20842   20640 x 62028       0.07%      300 new     700 zero         3.67 | 33.46        
 11      29   21970     413 x 738         1.41%       12 new      17 zero         0.13 | 1.46         
 12    1000   22007   16804 x 47058       0.09%      302 new     700 zero         3.72 | 34.62        
 11      24   23499     273 x 542         1.84%       14 new      10 zero         0.15 | 1.61         
 11      16   23481     119 x 136         3.23%        1 new      15 zero         0.03 | 0.22         
 12    1000   23466   25043 x 81219       0.06%      360 new     640 zero         4.70 | 40.01        
 11      30   25137     820 x 1300        1.41%       12 new      18 zero         0.16 | 1.35         
 12    1000   25213   37127 x 126879      0.04%      381 new     619 zero         6.21 | 43.88        
 11      61   26602    2718 x 15626       0.45%       41 new      20 zero         0.86 | 5.12         
 10      26   25888      95 x 163         2.43%        9 new      17 zero         0.10 | 1.05         
 10      13   25902      85 x 165         3.41%        2 new      11 zero         0.04 | 0.31         
 11     237   25882    3324 x 11582       0.27%       90 new     147 zero         1.04 | 9.92         
 11     241   24556    5361 x 19735       0.20%      109 new     132 zero         1.50 | 12.16        
 11     155   23813    3635 x 11746       0.35%       73 new      82 zero         1.12 | 8.35         
 11      85   23487    3573 x 11300       0.47%       26 new      59 zero         0.51 | 3.10         
 11      14   23330    1865 x 7551        0.98%        7 new       7 zero         0.28 | 1.06         
 12    1000   23329   11423 x 36280       0.12%      366 new     635 zero         4.51 | 40.38        
 11      92   24480     860 x 1539        1.01%       32 new      60 zero         0.36 | 3.46         
 11      36   24191     356 x 605         1.80%       10 new      26 zero         0.12 | 1.16         
 12    1000   24209   14982 x 41110       0.10%      336 new     664 zero         4.30 | 36.84        
 11      13   25587     421 x 658         2.21%        2 new      11 zero         0.05 | 0.31         
 12    1000   25587   15109 x 37811       0.12%      372 new     629 zero         5.31 | 41.63        
 12    1000   27903   31685 x 106891      0.05%      391 new     609 zero         8.64 | 49.32        
 11      15   30341    1237 x 4275        1.24%       13 new       2 zero         0.38 | 1.84         
 11       9   30341     346 x 551         2.71%        2 new       7 zero         0.06 | 0.31         
 12    1000   30330   34117 x 106856      0.06%      375 new     625 zero         9.26 | 48.48        
 10      26   32033     116 x 344         5.39%       19 new       7 zero         0.31 | 2.32         
 10      32   31713     211 x 359         2.02%       16 new      16 zero         0.27 | 2.10         
 10      13   31408     124 x 197         3.79%        5 new       8 zero         0.10 | 0.69         
 10       3   31295      20 x 21         22.62%        0 new       3 zero         0.02 | 0.02         
 11     518   31292    4019 x 9991        0.26%      175 new     344 zero         2.87 | 20.99        
 10      12   29221      69 x 118         5.45%        6 new       6 zero         0.14 | 0.84         
 11     543   29211    4894 x 10807       0.26%      132 new     411 zero         2.15 | 15.52        
 11      50   28982    1921 x 4465        0.63%       20 new      30 zero         0.40 | 2.41         
 12    1000   29045   11349 x 26012       0.15%      227 new     774 zero         3.75 | 25.91        
 11      43   29736    1821 x 5137        0.93%       23 new      20 zero         0.51 | 2.88         
 11      41   29743    1342 x 2911        1.02%       18 new      23 zero         0.36 | 2.18         
 11      12   29766     337 x 851         2.83%        4 new       8 zero         0.10 | 0.57         
 12    1000   29792   19713 x 48903       0.09%      266 new     735 zero         5.30 | 31.29        
 12    1000   31208   29537 x 78062       0.07%      322 new     678 zero         7.71 | 39.10        
 12    1000   33293   43262 x 117992      0.05%      271 new     729 zero         9.05 | 36.66        
 11      31   34503    1241 x 4702        0.97%       23 new       8 zero         0.55 | 2.81         
 11      73   34165    2477 x 6979        0.64%       46 new      27 zero         0.97 | 5.57         
 11     117   33736    2402 x 5520        0.50%       51 new      66 zero         1.00 | 6.12         
 11      14   33795     218 x 599         4.82%        6 new       8 zero         0.14 | 0.83         
 11       8   33835      45 x 49          8.25%        0 new       8 zero         0.02 | 0.02         
 12    1000   33827   37544 x 94317       0.06%      344 new     656 zero         9.51 | 43.00        
 11      90   35092    2552 x 6501        0.71%       57 new      33 zero         1.34 | 6.93         
 11     105   34868    1787 x 3836        0.70%       52 new      54 zero         1.22 | 6.51         
 12    1000   34859   30575 x 78146       0.07%      395 new     605 zero        11.72 | 50.04        
 11      15   36774     142 x 200         3.96%        7 new       8 zero         0.16 | 0.91         
 11      22   36725     197 x 426         1.34%       12 new      10 zero         0.23 | 1.47         
 12    1000   36774   31182 x 69287       0.07%      428 new     572 zero        10.57 | 53.64        
 11      26   38693     189 x 269         2.51%        8 new      18 zero         0.18 | 1.10         
 11      24   38723     108 x 106         3.04%        0 new      24 zero         0.03 | 0.03         
 12    1000   38699   26431 x 52198       0.09%      388 new     613 zero        21.00 | 74.41        
 12    1000   40541   26814 x 55052       0.11%      323 new     680 zero        21.05 | 68.15        
 11      21   42205     850 x 2062        1.80%        5 new      16 zero         0.59 | 1.57         
 12    1000   42171   29333 x 55756       0.10%      235 new     766 zero        18.15 | 52.66        
 11      27   43021     559 x 1217        2.99%       14 new      13 zero         1.04 | 3.56         
 12    1000   42980   34145 x 68846       0.10%      237 new     763 zero        13.14 | 44.92        
 10      10   44050      42 x 49          7.43%        4 new       6 zero         0.13 | 0.60         
 11     101   44057     663 x 1116        1.05%       26 new      75 zero         0.70 | 3.84         
 11      29   44020     101 x 95          2.69%        1 new      28 zero         0.06 | 0.30         
 12    1001   43988   49407 x 137975      0.06%      317 new     684 zero        17.73 | 56.85        
 11     105   45248    2750 x 7226        0.64%       42 new      63 zero         1.52 | 7.14         
 11      14   44858     588 x 1498        2.60%        5 new       9 zero         0.24 | 1.04         
 12    1000   44825   53960 x 154564      0.05%      329 new     671 zero        18.07 | 56.39        
 12    1000   46796   58274 x 177780      0.05%      342 new     659 zero        21.98 | 63.92        
 11      26   48439     572 x 1153        1.25%       13 new      13 zero         0.43 | 1.92         
 12    1001   48156   62965 x 200863      0.04%      354 new     647 zero        24.11 | 67.21        
 11      19   49734     537 x 1196        1.38%       12 new       7 zero         0.44 | 2.00         
 11      12   49724      41 x 41          5.83%        1 new      11 zero         0.10 | 0.67         
 12    1000   49712   68699 x 210009      0.04%      334 new     669 zero        23.58 | 59.87        
 11      14   51203     287 x 563         3.71%        7 new       7 zero         0.25 | 1.08         
 11      12   51140     164 x 279         3.86%        4 new       8 zero         0.15 | 0.63         
 11      11   51142      47 x 48          6.56%        0 new      11 zero         0.04 | 0.04         
 12    1000   51131   69718 x 232959      0.04%      398 new     602 zero        27.83 | 71.41        
 11      62   52822    1864 x 5331        0.86%       35 new      27 zero         1.27 | 5.00         
 10      14   52713      83 x 160         3.99%        3 new      11 zero         0.14 | 0.58         
 10      12   52725      48 x 51          5.92%        0 new      12 zero         0.06 | 0.24         
 11      52   52713    1615 x 3877        1.02%       14 new      38 zero         0.61 | 2.29         
 12    1000   52649   43340 x 119507      0.06%      414 new     586 zero        25.22 | 81.49        
 10      13   54216      75 x 123         4.36%        2 new      11 zero         0.21 | 0.89         
 11     116   54189    2348 x 6199        0.80%       46 new      70 zero         2.63 | 9.82         
 11     165   53378    3207 x 7752        0.40%       44 new     121 zero         2.73 | 9.72         
 11      27   53074     954 x 2378        1.28%       10 new      17 zero         0.74 | 2.80         
 12    1000   52997   26655 x 68188       0.08%      280 new     720 zero        18.17 | 59.23        
 11      85   53811    2085 x 4551        0.64%       31 new      54 zero         1.92 | 6.73         
 11      55   53501     796 x 1510        1.05%       21 new      34 zero         0.93 | 3.61         
 11      38   53192     502 x 1059        1.37%        8 new      30 zero         0.61 | 2.37         
 12    1000   53141   26109 x 61361       0.08%      288 new     713 zero        16.82 | 57.11        
 11      23   54648     185 x 346         1.52%       10 new      13 zero         0.50 | 2.29         
 11      36   54607     180 x 257         1.56%       14 new      22 zero         0.68 | 3.00         
 11      46   54472     344 x 418         1.33%        4 new      42 zero         0.28 | 1.26         
 11      17   54446     295 x 385         1.78%        1 new      16 zero         0.16 | 0.70         
 12    1000   54429   35655 x 78397       0.08%      330 new     671 zero        19.42 | 61.62        
 11       9   55954      21 x 19         10.03%        0 new       9 zero         0.05 | 0.05         
 12    1000   55945   37058 x 83511       0.08%      350 new     650 zero        20.16 | 60.96        
 12    1000   58373   76517 x 208546      0.04%      353 new     647 zero        32.19 | 73.60        
 10       7   60307      34 x 48          6.86%        4 new       3 zero         0.18 | 0.69         
 10      10   60263      44 x 77          7.11%        2 new       8 zero         0.12 | 0.42         
 11      83   60226    1510 x 3923        1.22%       32 new      51 zero         1.42 | 4.99         
 11     105   59457     925 x 1553        0.89%       26 new      79 zero         1.30 | 4.56         
 11      75   58960     688 x 1169        1.42%       17 new      58 zero         0.71 | 2.99         
 11      10   58828     111 x 143         5.07%        2 new       8 zero         0.13 | 0.49         
 12    1000   58845   57292 x 158694      0.06%      336 new     664 zero        27.13 | 69.01        
 12    1001   60742   74670 x 224512      0.04%      323 new     678 zero        34.02 | 74.64        
  9       6   61578      12 x 11         12.88%        3 new       3 zero         0.20 | 0.98         
  9       6   61402      18 x 16         15.97%        1 new       5 zero         0.08 | 0.28         
 10      78   61411     293 x 562         0.90%       30 new      48 zero         1.27 | 4.74         
 10     139   60524     586 x 805         0.58%       16 new     123 zero         0.63 | 2.30         
 10      43   60183     296 x 398         1.59%        6 new      37 zero         0.29 | 1.10         
 10      10   60059      94 x 128         5.58%        2 new       8 zero         0.16 | 0.90         
 11     571   59960    9845 x 36671       0.13%      220 new     352 zero        11.13 | 38.79        
  9       5   55719      17 x 20         10.59%        3 new       2 zero         0.18 | 0.71         
 10      34   55570     139 x 167         1.84%       11 new      23 zero         0.55 | 2.41         
 10      47   55205     214 x 260         1.74%        8 new      39 zero         0.40 | 1.45         
 11     820   55135   13818 x 38807       0.14%      253 new     567 zero