
Legend for f4 information
--------------------------------------------------------
deg       current degree of pairs selected in this round
sel       number of pairs selected in this round
pairs     total number of pairs in pair list
mat       matrix dimensions (# rows x # columns)
density   density of the matrix
new data  # new elements for basis in this round
          # zero reductions during linear algebra
time(rd)  time of the current f4 round in seconds given
          for real and cpu time
--------------------------------------------------------

deg     sel   pairs        mat          density            new data         time(rd) in sec (real|cpu)
------------------------------------------------------------------------------------------------------
  2      10    1069      26 x 45          5.47%       10 new       0 zero         0.09 | 2.19         
  2       4    1088      15 x 23         10.72%        4 new       0 zero         0.05 | 1.30         
  2       1    1096       2 x 5          70.00%        1 new       0 zero         0.03 | 0.81         
  3      73    1094     369 x 593         0.50%       64 new       9 zero         0.44 | 10.99        
  2       2    2037       4 x 9          30.56%        2 new       0 zero         0.04 | 0.97         
  2       1    2034       2 x 5          70.00%        1 new       0 zero         0.03 | 0.81         
  3     173    2030     763 x 1204        0.29%       98 new      75 zero         0.65 | 16.43        
  3     191    3248    1071 x 2004        0.23%      102 new      89 zero         0.70 | 17.51        
  3      21    4985     122 x 361         1.39%       12 new       9 zero         0.10 | 2.65         
  4    1000    5237    4252 x 5709        0.09%      363 new     637 zero         2.37 | 60.01        
  3      12   10115      27 x 27          5.76%        4 new       8 zero         0.05 | 1.30         
  4    1000   10208    4008 x 4531        0.14%      239 new     761 zero         1.62 | 40.52        
  4    1000   14720    6697 x 9382        0.07%      218 new     782 zero         1.56 | 36.04        
  4    1000   19000    8893 x 12521       0.06%      196 new     804 zero         1.50 | 32.83        
  4    1000   21513   10982 x 16800       0.05%      240 new     760 zero         2.04 | 42.31        
  3      16   24336      58 x 70          3.67%        4 new      12 zero         0.08 | 1.53         
  4    1000   24235   10067 x 15143       0.07%      342 new     658 zero         2.95 | 64.85        
  4    1000   31589   13890 x 21047       0.05%      183 new     817 zero         2.31 | 41.60        
  4    1000   35431   15212 x 23823       0.05%      245 new     755 zero         3.45 | 59.54        
  4    1000   40803   17659 x 30387       0.04%      173 new     827 zero         3.57 | 43.90        
  4    1000   43659   22101 x 38036       0.03%      205 new     795 zero         4.07 | 52.41        
  3      35   42640     420 x 1590        0.78%       31 new       4 zero         0.59 | 8.68         
  4    1000   42586    9136 x 16881       0.10%      590 new     410 zero        10.00 | 149.97       
  4    1000   49092    7613 x 12451       0.13%      362 new     638 zero         6.85 | 93.18        
  4    1000   57152   12787 x 22228       0.08%      455 new     545 zero         9.57 | 119.34       
  4    1000   64550   14330 x 25422       0.08%      378 new     622 zero         9.57 | 101.16       
  4    1000   72361   15931 x 27127       0.08%      400 new     600 zero        10.68 | 107.87       
  4    1000   81944   19679 x 33156       0.07%      293 new     707 zero         9.54 | 80.58        
  4    1000   88824   22877 x 39368       0.07%      436 new     564 zero        14.57 | 121.39       
  4    1000  100373   26938 x 48721       0.06%      461 new     539 zero        18.39 | 131.67       
  4    1001  112786   30860 x 55875       0.06%      434 new     567 zero        20.25 | 126.64       
  4    1000  124498   32588 x 64803       0.06%      450 new     550 zero        25.51 | 135.71       
  4    1000  137473   36199 x 70557       0.05%      230 new     770 zero        21.55 | 78.45        
  4    1001  144260   25144 x 40295       0.11%      117 new     884 zero        11.95 | 41.39        
  4    1000  146897   23345 x 36595       0.11%       93 new     907 zero         9.87 | 34.23        
  4    1000  149043   31299 x 50979       0.09%      157 new     843 zero        15.14 | 54.14        
  4    1001  153283   36249 x 66266       0.07%      173 new     828 zero        21.75 | 65.51        
  4     524  157834   29614 x 57754       0.09%      109 new     415 zero        18.80 | 46.21        
  4      54  160718     998 x 3955        0.49%       54 new       0 zero         3.82 | 17.87        
  3      63  163588     409 x 1847        0.44%       40 new      23 zero         3.37 | 14.10        
  4    1000  169763   31235 x 88557       0.06%      445 new     555 zero        53.20 | 163.27       
  4     346  190472   27549 x 67184       0.09%      147 new     199 zero        27.25 | 63.88        
  5    1001  197255   15183 x 19520       0.15%       71 new     930 zero         7.22 | 27.54        
  5    1000  198607   24019 x 36255       0.10%       94 new     906 zero        12.75 | 40.34        
  4      29  200848     330 x 487         2.78%        5 new      24 zero         0.61 | 2.61         
  5    1000  201001   30741 x 42464       0.09%      104 new     896 zero        14.00 | 42.82        
  5    1000  203691   38905 x 65737       0.06%      134 new     866 zero        35.14 | 69.81        
  5    1000  207564   34003 x 56076       0.08%      101 new     899 zero        35.30 | 62.09        
  5    1001  210054   21633 x 28326       0.12%       89 new     918 zero        12.67 | 37.82        
  5    1000  212227   25783 x 35338       0.09%      127 new     875 zero        16.82 | 52.19        
  5    1000  215830   37416 x 59603       0.08%      169 new     831 zero        26.95 | 71.60        
  5    1000  220548   21069 x 31618       0.10%       80 new     921 zero        15.06 | 36.70        
  5    1000  222347   34770 x 50758       0.08%      121 new     879 zero        21.34 | 53.58        
  5    1000  225546   31439 x 40766       0.08%       54 new     950 zero        12.02 | 27.80        
  5    1000  226505   38820 x 55031       0.08%       84 new     918 zero        18.75 | 42.61        
  5    1000  228531   48073 x 73457       0.06%      135 new     865 zero        27.13 | 63.57        
  5    1000  232195   40653 x 61838       0.07%       61 new     939 zero        23.42 | 39.61        
  5    1000  233616   44850 x 69448       0.07%      181 new     819 zero        38.08 | 86.93        
  5    1000  239075   33069 x 47973       0.08%      215 new     785 zero        33.05 | 92.00        
  5    1000  245619   33640 x 47997       0.06%      117 new     884 zero        23.30 | 55.24        
  5    1000  248830   39888 x 51775       0.07%      102 new     899 zero        20.48 | 49.18        
  5    1002  251012   42815 x 57271       0.07%      123 new     881 zero        24.60 | 59.70        
  5    1003  253148   44996 x 60227       0.07%       88 new     918 zero        23.48 | 48.96        
  5    1001  255557   57685 x 85668       0.05%      160 new     846 zero        38.72 | 82.94        
  5    1000  260291   52412 x 73955       0.06%       71 new     932 zero        26.19 | 45.80        
  5    1000  261891   50544 x 73479       0.07%      139 new     862 zero        32.98 | 71.52        
  5    1000  265678   58386 x 81538       0.05%      127 new     873 zero        34.50 | 70.15        
  5    1000  269244   59705 x 84353       0.05%      121 new     883 zero        35.67 | 69.03        
  5    1000  272308   63243 x 98102       0.04%       83 new     917 zero        41.88 | 64.50        
  5    1001  274467   64523 x 92993       0.05%      101 new     900 zero        35.70 | 63.81        
  5    1000  277033   61563 x 90186       0.05%      159 new     841 zero        41.74 | 87.20        
  5    1000  281479   57701 x 79936       0.05%      117 new     883 zero        34.24 | 66.69        
  5    1000  284817   66694 x 92433       0.05%       98 new     905 zero        40.01 | 67.53        
  5    1000  287298   81024 x 124251      0.04%      116 new     886 zero        58.75 | 90.58        
  5    1000  290757   68752 x 89876       0.05%       67 new     935 zero        32.51 | 52.25        
  5    1000  292166   80144 x 119923      0.04%      279 new     721 zero        78.48 | 153.62       
  5    1000  301280   85099 x 122427      0.04%      112 new     889 zero        50.37 | 82.05        
  5    1001  304083   92852 x 141611      0.03%      116 new     885 zero        61.02 | 93.31        
  5    1000  307175   70903 x 92393       0.05%       81 new     927 zero        35.79 | 59.25        
  5    1000  309093