
Legend for f4 information
--------------------------------------------------------
deg       current degree of pairs selected in this round
sel       number of pairs selected in this round
pairs     total number of pairs in pair list
mat       matrix dimensions (# rows x # columns)
density   density of the matrix
new data  # new elements for basis in this round
          # zero reductions during linear algebra
time(rd)  time of the current f4 round in seconds given
          for real and cpu time
--------------------------------------------------------

deg     sel   pairs        mat          density            new data         time(rd) in sec (real|cpu)
------------------------------------------------------------------------------------------------------
  2       1     152       2 x 1         100.00%        0 new       1 zero         0.03 | 0.30         
  3       3     151      10 x 12         19.17%        2 new       1 zero         0.08 | 0.76         
  3       2     154       7 x 9          22.22%        2 new       0 zero         0.09 | 0.68         
  3       1     156       2 x 1         100.00%        0 new       1 zero         0.07 | 0.44         
  4      14     155      91 x 127         2.12%        7 new       7 zero         0.18 | 1.41         
  3      10     157      30 x 44          5.15%        6 new       4 zero         0.17 | 1.35         
  3       9     167      32 x 33          6.34%        1 new       8 zero         0.09 | 0.70         
  4      21     165     135 x 176         1.49%        6 new      15 zero         0.13 | 1.20         
  4      18     180     124 x 191         1.47%        5 new      13 zero         0.12 | 1.05         
  4      17     205     162 x 232         1.34%        7 new      10 zero         0.13 | 1.30         
  4       6     231      84 x 105         2.38%        1 new       5 zero         0.05 | 0.64         
  5      85     232     967 x 1648        0.22%       20 new      65 zero         0.13 | 1.16         
  3      20     261     106 x 339         1.40%       19 new       1 zero         0.06 | 0.53         
  3       6     362      17 x 36         10.62%        2 new       4 zero         0.06 | 0.56         
  4     164     375    1453 x 3507        0.17%       71 new      93 zero         1.01 | 8.98         
  3      11     799      45 x 74          5.29%        3 new       8 zero         0.13 | 1.03         
  4     136     796     891 x 1441        0.34%       42 new      94 zero         0.54 | 4.79         
  4      50    1076     491 x 816         0.68%       13 new      37 zero         0.23 | 2.14         
  4      25    1126     408 x 655         0.86%        3 new      22 zero         0.15 | 1.01         
  5     871    1130   14518 x 28273       0.03%      169 new     702 zero         3.35 | 22.63        
  3       9    2244      39 x 89          5.59%        5 new       4 zero         0.26 | 1.42         
  4      90    2307    1090 x 2282        0.34%       36 new      54 zero         0.98 | 5.75         
  4      50    2626     451 x 923         0.77%       11 new      39 zero         0.29 | 1.88         
  5     925    2729   16316 x 34910       0.03%      285 new     640 zero         5.50 | 36.62        
  4      15    4784     333 x 1010        1.36%        4 new      11 zero         0.17 | 1.13         
  5     971    4821   21982 x 47842       0.03%      289 new     682 zero         4.69 | 35.87        
  5     349    8001   15586 x 33663       0.06%       90 new     259 zero         1.09 | 9.14         
  5      36    9051    3428 x 11068       0.24%       13 new      23 zero         0.26 | 2.05         
  6    1000    9246   40085 x 96142       0.03%      325 new     675 zero         2.75 | 27.57        
  5      14   12877    4416 x 9966        0.27%        5 new       9 zero         0.13 | 1.01         
  6    1001   12935   32898 x 76276       0.04%      245 new     756 zero         2.07 | 20.22        
  6    1000   15565   51080 x 127168      0.03%      221 new     779 zero         4.34 | 29.97        
  6    1001   17912   53531 x 119244      0.04%      175 new     826 zero         3.90 | 24.33        
  6    1000   19555   68988 x 152658      0.03%      156 new     844 zero         3.95 | 22.15        
  6    1001   21001   90565 x 241181      0.02%      352 new     649 zero         5.39 | 41.01        
  5      38   25486    7851 x 21568       0.18%       26 new      12 zero         0.35 | 3.21         
  4      90   23701     658 x 1723        0.64%       47 new      44 zero         0.41 | 5.22         
  4     145   22883    1019 x 2089        0.35%       36 new     109 zero         0.28 | 3.91         
  5    1000   23427   10882 x 24393       0.08%      274 new     732 zero         2.98 | 32.22        
  5    1000   22920   17835 x 41413       0.06%      218 new     782 zero         2.85 | 27.47        
  5     380   24549   22915 x 52167       0.06%       64 new     316 zero         1.42 | 9.35         
  5      20   24867    8580 x 23417       0.18%        7 new      13 zero         0.27 | 1.42         
  6    1000   24957   42249 x 104345      0.04%      235 new     765 zero         4.34 | 33.35        
  6    1000   27856   53566 x 129580      0.03%      199 new     810 zero         3.64 | 26.69        
  6    1000   30086   42564 x 96864       0.05%      104 new     896 zero         2.17 | 14.24        
  6    1000   30879   79572 x 178076      0.03%      158 new     842 zero         3.97 | 20.56        
  6    1000   32538  141984 x 389814      0.01%      302 new     698 zero         9.37 | 48.66        
  6    1000   37034   90391 x 234175      0.02%      148 new     853 zero         4.61 | 21.43        
  6    1000   38567   93511 x 216085      0.03%      122 new     878 zero         3.99 | 17.51        
  6    1001   39778  123340 x 261240      0.02%      123 new     878 zero         5.76 | 20.36        
  6    1000   40867  144371 x 302237      0.02%      152 new     848 zero         6.45 | 26.77        
  6    1000   42463  131606 x 297988      0.02%      112 new     896 zero         6.00 | 19.49        
  6    1000   43309  174051 x 381568      0.02%      111 new     890 zero         7.11 | 21.05        
  6    1000   44164  201182 x 420718      0.02%      155 new     845 zero         7.85 | 25.11        
  6    1000   45733  201538 x 430819      0.02%      159 new     841 zero         9.83 | 30.90        
  6    1001   47524  190201 x 393233      0.02%      111 new     890 zero         8.06 | 21.41        
  6    1000   48448  216321 x 429569      0.01%      146 new     854 zero        10.61 | 29.07        
  6    1001   49892  218307 x 429608      0.01%      167 new     834 zero         9.61 | 31.56        
  5      31   51693    2175 x 10082       0.27%       31 new       0 zero         0.80 | 4.64         
  4      18   51285     340 x 1067        1.12%       14 new       4 zero         0.43 | 2.68         
  4      31   51249     301 x 821         1.32%       10 new      21 zero         0.40 | 2.28         
  4      13   51385      68 x 135         3.14%        1 new      12 zero         0.06 | 0.25         
  5     558   51411   21898 x 53781       0.07%      227 new     332 zero         5.02 | 30.58        
  5     893   45577   29070 x 66814       0.06%      377 new     516 zero         8.45 | 50.52        
  5     529   41602   27235 x 65208       0.07%      168 new     361 zero         5.04 | 27.22        
  5      36   42160    3098 x 8657        0.46%       11 new      25 zero         0.28 | 1.68         
  6    1000   42211   50687 x 112914      0.05%      325 new     675 zero         8.82 | 48.37        
  6    1000   45973   57794 x 151111      0.05%      305 new     695 zero        10.31 | 49.45        
  6    1000   49563   84561 x 199507      0.04%      266 new     736 zero         9.47 | 41.34        
  6    1000   52504   68737 x 171187      0.05%      222 new     778 zero         9.23 | 36.63        
  5      24   54918    9491 x 28358       0.29%       12 new      12 zero         0.84 | 2.63         
  6    1000   54787  102829 x 257741      0.03%      232 new     768 zero        10.10 | 37.14        
  6    1000   57611   98925 x 226113      0.04%      242 new     758 zero         8.52 | 33.53        
  6    1000   60828   86721 x 200183      0.05%      151 new     855 zero         7.66 | 26.25        
  6    1000   62437  107574 x 252428      0.04%      256 new     746 zero        10.68 | 37.11        
  6    1000   65977  150861 x 328667      0.03%      187 new     815 zero        12.52 | 35.86        
  6    1000   67528  177701 x 452810      0.02%      408 new     592 zero        24.00 | 70.28        
  6    1000   73329  184785 x 493413      0.02%      269 new     731 zero        25.57 | 64.77        
  6    1000   77002  133645 x 327000      0.04%      142 new     858 zero        12.88 | 31.88        
  6    1000   78525  134073 x 306177      0.04%      216 new     785 zero        16.62 | 46.77        
  6    1000   81481  259764 x 555709      0.02%      221 new     779 zero        25.34 | 53.74        
  6    1000   84534  165019 x 389559      0.03%      222 new     778 zero        19.07 | 48.82        
  6    1000   87618  199001 x 474251      0.03%      192 new     808 zero        19.40 | 43.04        
  6    1000   90132  212447 x 495205      0.03%      215 new     785 zero        22.87 | 52.32        
  6    1001   93290  221213 x 506563      0.03%      162 new     839 zero        19.85 | 40.59        
  6    1000   95324  236033 x 535052      0.03%      105 new     895 zero        21.34 | 36.31        
  6    1001   96284  306311 x 667806      0.02%      103 new     898 zero        24.89 | 40.35        
  6    1000   97163  314949 x 715529      0.02%      207 new     793 zero        41.54 | 75.19        
  6    1000   99934  358065 x 802669      0.02%      203 new     798 zero        38.61 | 70.18        
  6    1000  102453  398638 x 873058      0.02%      261 new     739 zero        47.46 | 87.29        
  6    1000  105798  417932 x 883982      0.01%      245 new     755 zero        40.99 | 78.97        
  6    1000  108619  403240 x 872581      0.01%      254 new     747 zero        41.49 | 77.48        
  6    1000  112720  227329 x 495615      0.02%      219 new     781 zero        24.58 | 54.89        
  5       7  116062     182 x 2386        0.98%        7 new       0 zero         0.64 | 1.97         
  6     689  116565  236027 x 560806      0.02%      228 new     461 zero        28.07 | 57.95        
  6     296  121155  194203 x 581369      0.02%      171 new     127 zero        28.73 | 52.45        
  6      22  124983   48946 x 156616      0.09%       11 new      11 zero         4.62 | 6.06         
  7    1000  125197  288440 x 654673      0.03%      259 new     741 zero        37.98 | 71.49        
  7    1000  129433  289246 x 658001      0.03%      246 new     754 zero        37.25 | 69.64        
  7    1000  133405