
Legend for f4 information
--------------------------------------------------------
deg       current degree of pairs selected in this round
sel       number of pairs selected in this round
pairs     total number of pairs in pair list
mat       matrix dimensions (# rows x # columns)
density   density of the matrix
new data  # new elements for basis in this round
          # zero reductions during linear algebra
time(rd)  time of the current f4 round in seconds given
          for real and cpu time
--------------------------------------------------------

deg     sel   pairs        mat          density            new data         time(rd) in sec (real|cpu)
------------------------------------------------------------------------------------------------------
  2       3     386       8 x 7          21.43%        2 new       1 zero         0.00 | 0.02         
  3       5     383      29 x 31          6.56%        2 new       3 zero         0.00 | 0.02         
  3       3     381       8 x 17         16.18%        3 new       0 zero         0.00 | 0.02         
  4      12     400      97 x 118         2.11%        4 new       8 zero         0.00 | 0.04         
  3       8     402      23 x 66          5.53%        8 new       0 zero         0.00 | 0.06         
  4      33     426     186 x 363         1.13%       12 new      21 zero         0.00 | 0.08         
  4       6     478      32 x 44          6.82%        1 new       5 zero         0.00 | 0.02         
  5      63     478     683 x 1152        0.35%       15 new      48 zero         0.01 | 0.16         
  3      15     501      47 x 169         2.74%       15 new       0 zero         0.01 | 0.12         
  4      98     569     626 x 1438        0.39%       41 new      57 zero         0.02 | 0.42         
  4      54     769     188 x 168         1.40%        9 new      45 zero         0.00 | 0.10         
  4      18     778      42 x 26          4.76%        2 new      16 zero         0.00 | 0.02         
  5     101     784     569 x 566         0.50%       22 new      79 zero         0.01 | 0.24         
  5     100     874     761 x 913         0.36%       16 new      84 zero         0.01 | 0.22         
  5     100     925    1388 x 2133        0.22%       28 new      72 zero         0.02 | 0.37         
  5     100    1023    1910 x 3187        0.19%       26 new      74 zero         0.02 | 0.38         
  5      86    1197    1930 x 4597        0.16%       15 new      71 zero         0.02 | 0.30         
  6     100    1257    1020 x 1372        0.29%       16 new      84 zero         0.01 | 0.24         
  6     100    1318    1903 x 2889        0.18%       24 new      76 zero         0.02 | 0.42         
  6     100    1433    2673 x 3847        0.14%       31 new      69 zero         0.03 | 0.53         
  6     100    1642    3018 x 3940        0.13%       11 new      89 zero         0.02 | 0.24         
  6     100    1643    3633 x 5396        0.13%       17 new      83 zero         0.02 | 0.32         
  6     100    1737    4319 x 6525        0.11%        7 new      93 zero         0.02 | 0.23         
  6     100    1721    6529 x 10940       0.07%       18 new      82 zero         0.04 | 0.43         
  6     100    1795    7025 x 12743       0.07%       10 new      90 zero         0.04 | 0.31         
  6     100    1813    6763 x 12791       0.06%       29 new      71 zero         0.05 | 0.64         
  3      12    2399      40 x 165         3.14%       12 new       0 zero         0.01 | 0.24         
  3      13    2785      56 x 115         2.97%        8 new       5 zero         0.01 | 0.18         
  3       7    2972      20 x 47          7.23%        3 new       4 zero         0.00 | 0.08         
  4     100    3017     634 x 1436        0.32%       36 new      64 zero         0.04 | 0.74         
  4     100    3435     583 x 1128        0.35%       31 new      69 zero         0.03 | 0.68         
  4     100    3873     840 x 2358        0.25%       34 new      66 zero         0.04 | 0.79         
  4     100    4356    1009 x 3253        0.19%       64 new      36 zero         0.08 | 1.54         
  3       7    4754      35 x 66          5.24%        5 new       2 zero         0.01 | 0.16         
  3       7    4692      22 x 40          8.52%        3 new       4 zero         0.01 | 0.12         
  4     100    4674     698 x 1468        0.35%       32 new      68 zero         0.04 | 0.86         
  4     100    5072     809 x 2255        0.26%       47 new      53 zero         0.07 | 1.27         
  4     100    5476    1417 x 4310        0.17%       54 new      46 zero         0.08 | 1.58         
  4      96    6249     602 x 2380        0.28%       41 new      55 zero         0.07 | 1.27         
  5     100    6874    1253 x 3517        0.22%       30 new      70 zero         0.06 | 1.04         
  5     100    7328    1065 x 2936        0.26%       33 new      67 zero         0.06 | 1.13         
  5     100    7822    1636 x 4344        0.19%       31 new      69 zero         0.06 | 1.12         
  5     100    8154    1808 x 4778        0.18%       35 new      65 zero         0.07 | 1.29         
  5     100    8617    2134 x 6321        0.15%       29 new      71 zero         0.07 | 1.13         
  5     100    8856    2052 x 7322        0.16%       52 new      48 zero         0.12 | 2.00         
  5     100    9658    1518 x 3655        0.28%       17 new      84 zero         0.05 | 0.74         
  5     100    9903    2026 x 5334        0.20%       22 new      78 zero         0.06 | 0.96         
  4      14   10071     105 x 210         2.33%        1 new      13 zero         0.01 | 0.10         
  5     100   10079    1749 x 5266        0.18%       36 new      64 zero         0.09 | 1.57         
  5     100   10536    2029 x 6407        0.18%       41 new      59 zero         0.11 | 1.78         
  5     100   11117    1604 x 6096        0.17%       41 new      59 zero         0.11 | 1.83         
  5     100   11770    2603 x 9931        0.13%       50 new      50 zero         0.15 | 2.42         
  5     100   12578    2953 x 13510       0.08%       64 new      36 zero         0.20 | 3.15         
  5     100   13874    1904 x 13829       0.10%       75 new      25 zero         0.23 | 3.86         
  5     100   15628    1900 x 7264        0.16%       20 new      80 zero         0.09 | 1.18         
  5     101   15984    3035 x 9776        0.12%       28 new      73 zero         0.12 | 1.67         
  5     100   16490    2707 x 8520        0.14%       25 new      75 zero         0.11 | 1.53         
  5     101   16867    3465 x 9982        0.11%       26 new      75 zero         0.12 | 1.64         
  5     101   17217    1770 x 4308        0.26%       16 new      85 zero         0.07 | 1.04         
  5     100   17478    2427 x 6767        0.18%       20 new      80 zero         0.09 | 1.30         
  5     100   17666    3979 x 10707       0.12%       20 new      80 zero         0.11 | 1.35         
  5     101   17899    3237 x 8026        0.14%       17 new      84 zero         0.09 | 1.16         
  5     100   18052    4727 x 13273       0.11%       17 new      83 zero         0.11 | 1.22         
  5     100   18230    4030 x 11262       0.14%       11 new      89 zero         0.09 | 0.87         
  5     101   18367    3909 x 14375       0.11%       31 new      70 zero         0.17 | 2.12         
  5     100   19022    4942 x 12612       0.11%       23 new      78 zero         0.14 | 1.64         
  5     101   19322    5734 x 14140       0.09%       29 new      73 zero         0.16 | 2.08         
  5     100   19729    5443 x 15428       0.08%       33 new      67 zero         0.19 | 2.35         
  5     100   20070    5360 x 13864       0.10%       15 new      85 zero         0.13 | 1.20         
  5     100   20274    4673 x 13038       0.09%       22 new      78 zero         0.15 | 1.68         
  5     100   20402    6403 x 18205       0.08%       42 new      58 zero         0.33 | 3.10         
  5     100   21057    5074 x 14132       0.08%       26 new      74 zero         0.17 | 1.98         
  5     100   21351    6808 x 24012       0.07%       37 new      63 zero         0.26 | 2.83         
  5     101   22059    6930 x 19327       0.07%       28 new      73 zero         0.22 | 2.33         
  5     100   22515    6521 x 19358       0.07%       29 new      71 zero         0.24 | 2.44         
  5     100   22843    5628 x 16856       0.09%       37 new      63 zero         0.24 | 3.02         
  5     100   23338    7324 x 19351       0.08%       25 new      75 zero         0.21 | 2.21         
  5     100   23723    8885 x 24350       0.07%       28 new      72 zero         0.25 | 2.48         
  5     100   24054    7107 x 23365       0.07%       40 new      60 zero         0.29 | 3.47         
  5     100   24372    7902 x 24555       0.08%       34 new      66 zero         0.28 | 3.01         
  5     100   24830    8045 x 22002       0.07%       10 new      90 zero         0.19 | 1.11         
  5     101   24912    6803 x 24581       0.06%       23 new      78 zero         0.24 | 2.20         
  5     100   25202    8362 x 24588       0.08%       34 new      66 zero         0.30 | 3.13         
  5     100   25576    8244 x 30008       0.07%       56 new      44 zero         0.44 | 5.05         
  5     100   25695    2183 x 7374        0.35%       38 new      62 zero         0.24 | 3.37         
  5     100   26167    2141 x 9620        0.30%       32 new      68 zero         0.23 | 2.93         
  5     100   26696    6836 x 21817       0.09%       43 new      57 zero         0.37 | 3.96         
  5     100   27291    7841 x 24609       0.08%       25 new      75 zero         0.30 | 2.45         
  5     100   27498   11393 x 31048       0.06%       35 new      65 zero         0.40 | 3.35         
  5     100   27992    8173 x 23134       0.08%       25 new      75 zero         0.31 | 2.47         
  5     100   28332   11617 x 31857       0.06%        8 new      92 zero         0.28 | 1.07         
  5     100   28388   12317 x 40076       0.04%       14 new      86 zero         0.37 | 1.65         
  5     100   28559   10412 x 41112       0.05%       44 new      56 zero         0.52 | 4.21         
  5     101   29506   10096 x 32104       0.06%       26 new      75 zero         0.38 | 2.62         
  5     100   29963   12807 x 41031       0.04%       40 new      60 zero         0.51 | 3.88         
  5     100   30736    4762 x 27999       0.07%       63 new      37 zero         0.54 | 5.77         
  4      13   31565     400 x 1269        1.01%       13 new       0 zero         0.11 | 1.22         
  3      15   30548      42 x 78          4.61%        5 new      10 zero         0.05 | 0.49         
  4     100   29941     593 x 1482        0.53%       34 new      66 zero         0.23 | 3.04         
  4      89   28415     944 x 2927        0.35%       31 new      58 zero         0.22 | 2.78         
  4      14   26752     184 x 494         1.39%        7 new       7 zero         0.06 | 0.70         
  4      37   26641     248 x 591         1.36%        6 new      31 zero         0.05 | 0.58         
  4      13   26559     117 x 374         2.04%        3 new      10 zero         0.03 | 0.32         
  5     100   26511     731 x 2165        0.58%       25 new      75 zero         0.17 | 2.23         
  5     100   26824    1411 x 3881        0.32%       45 new      55 zero         0.30 | 4.01         
  5     100   27032     919 x 2807        0.63%       34 new      66 zero         0.24 | 3.06         
  4      15   27078      49 x 100         4.35%        1 new      14 zero         0.02 | 0.13         
  5     100   27081     838 x 2167        0.57%       26 new      76 zero         0.18 | 2.35         
  5     100   27479    1688 x 4293        0.35%       30 new      72 zero         0.22 | 2.73         
  5     100   27834    1871 x 4688        0.35%       16 new      84 zero         0.14 | 1.48         
  5     100   27959    2813 x 7991        0.22%       31 new      69 zero         0.25 | 2.86         
  5     100   28308    3399 x 8507        0.20%       23 new      77 zero         0.21 | 2.16         
  5     100   28623    4228 x 11671       0.14%       30 new      70 zero         0.27 | 2.82         
  5     100   28934    3541 x 9385        0.21%       35 new      65 zero         0.30 | 3.24         
  5     100   29327    3154 x 8883        0.21%       35 new      65 zero         0.30 | 3.24         
  5     100   29557    3449 x 9932        0.20%       38 new      62 zero         0.34 | 3.53         
  5     100   29840    3183 x 8377        0.19%       33 new      67 zero         0.30 | 3.06         
  5     100   30029    2493 x 8420        0.19%       37 new      63 zero         0.32 | 3.42         
  5     100   30509    1435 x 5197        0.47%       22 new      78 zero         0.21 | 2.07         
  5     100   30656    4543 x 16613       0.16%       35 new      65 zero         0.38 | 3.33         
  5     100   31295    2715 x 11207       0.16%       32 new      68 zero         0.30 | 3.02         
  5     100   32067    3120 x 6839        0.23%       10 new      90 zero         0.14 | 1.04         
  5     100   32188    1750 x 4651        0.34%       16 new      84 zero         0.16 | 1.51         
  5     100   32417    3671 x 9677        0.20%       16 new      84 zero         0.20 | 1.63         
  5     100   32640    5173 x 13648       0.14%       20 new      80 zero         0.26 | 2.02         
  5     100   32982    4970 x 10986       0.17%       23 new      77 zero         0.27 | 2.26         
  5     100   33338    5362 x 14080       0.14%       25 new      75 zero         0.30 | 2.46         
  5     100   33774    2613 x 6940        0.41%       18 new      82 zero         0.21 | 1.79         
  5     100   34004    2667 x 8322        0.31%       25 new      75 zero         0.28 | 2.41         
  5     100   34286    2445 x 5627        0.26%       13 new      87 zero         0.16 | 1.31         
  5     100   34448    3191 x 6780        0.25%        6 new      94 zero         0.11 | 0.70         
  5     100   34447    7461 x 18563       0.12%       16 new      85 zero         0.29 | 1.74         
  5     100   34584    5148 x 14461       0.14%       25 new      75 zero         0.32 | 2.49         
  5     100   35004    7084 x 18770       0.12%       24 new      76 zero         0.35 | 2.42         
  5     100   35347    7926 x 21722       0.11%       17 new      83 zero         0.33 | 1.87         
  5     100   35574   10539 x 27879       0.09%       20 new      80 zero         0.40 | 2.18         
  5     100   35852    8484 x 24731       0.11%       26 new      74 zero         0.42 | 2.69         
  5     100   36203    9014 x 25209       0.10%       27 new      73 zero         0.46 | 2.79         
  5     100   36662   12458 x 35895       0.06%       30 new      70 zero         0.58 | 3.18         
  5     100   37135   13007 x 37454       0.06%       38 new      62 zero         0.69 | 3.93         
  5     100   37836   14320 x 34664       0.06%       29 new      71 zero         0.57 | 3.09         
  5     100   38176   10535 x 29086       0.08%       21 new      79 zero         0.45 | 2.31         
  5     100   38480   18383 x 45507       0.05%       25 new      75 zero         0.64 | 2.84         
  5     100   38872    9914 x 50561       0.05%       64 new      36 zero         1.19 | 6.56         
  5     100   40050    9080 x 26120       0.07%       56 new      44 zero         0.71 | 5.40         
  5     100   39477    4007 x 17867       0.18%       83 new      17 zero         0.90 | 7.78         
  4      20   38277     340 x 985         1.19%        5 new      15 zero         0.08 | 0.56         
  5     100   38010    1536 x 4837        0.45%       36 new      64 zero         0.39 | 3.41         
  5     100   38038    1478 x 4106        0.49%       35 new      65 zero         0.37 | 3.30         
  5     100   38345    1806 x 5180        0.43%       43 new      57 zero         0.47 | 4.06         
  5     100   38815    1998 x 5071        0.35%       27 new      73 zero         0.31 | 2.62         
  5     100   39256    2533 x 6312        0.36%       28 new      72 zero         0.34 | 2.73         
  5     100   39647    4404 x 11383       0.22%       24 new      76 zero         0.35 | 2.45         
  5     100   39979    3205 x 10858       0.26%       47 new      53 zero         0.58 | 4.55         
  4      20   40180     102 x 320         3.94%        4 new      16 zero         0.08 | 0.49         
  4      40   39903     673 x 2170        0.94%        4 new      36 zero         0.08 | 0.50         
  5     100   39692    4310 x 12282       0.19%       16 new      84 zero         0.28 | 1.75         
  5     100   39922    5010 x 12012       0.22%       33 new      67 zero         0.45 | 3.30         
  5     100   40510    6520 x 15725       0.17%       37 new      63 zero         0.53 | 3.69         
  5     100   40849    8641 x 23820       0.11%       38 new      62 zero         0.62 | 3.86         
  5     100   41551    7601 x 18134       0.14%       30 new      70 zero         0.51 | 3.11         
  5     101   42038   10060 x 28724       0.10%       42 new      59 zero         0.73 | 4.31         
  5     100   42708    8669 x 22789       0.13%       27 new      73 zero         0.54 | 2.91         
  5     100   43176    8348 x 19600       0.13%        9 new      91 zero         0.32 | 1.23         
  5     100   43245   12108 x 32245       0.09%       28 new      72 zero         0.66 | 3.12         
  5     100   43489   10715 x 31021       0.08%       54 new      46 zero         0.92 | 5.48         
  5     100   43985   11939 x 36448       0.10%       53 new      47 zero         0.99 | 5.50         
  5     100   44998    8103 x 21608       0.12%       40 new      60 zero         0.69 | 4.12         
  5     100   45637   13240 x 38313       0.07%       32 new      68 zero         0.80 | 3.58         
  5     100   46264   15730 x 41554       0.07%       31 new      69 zero         0.84 | 3.56         
  5     100   46704   18498 x 58386       0.05%       70 new      30 zero         1.38 | 7.20         
  5     100   47847   18842 x 58328       0.05%       55 new      45 zero         1.30 | 5.91         
  5     100   49045   10602 x 24518       0.09%       23 new      77 zero         0.56 | 2.58         
  5     100   49435    5742 x 14509       0.17%       21 new      79 zero         0.45 | 2.29         
  5     100   49539    6324 x 16990       0.15%       17 new      83 zero         0.44 | 1.95         
  5     100   49788    8788 x 24908       0.09%       44 new      56 zero         0.81 | 4.44         
  5     100   50153   13269 x 41792       0.06%       31 new      69 zero         0.89 | 3.52         
  5     100   50351   13879 x 47971       0.07%       46 new      54 zero         1.17 | 4.97         
  5     100   50664   14064 x 46691       0.07%       49 new      51 zero         1.21 | 5.26         
  5     100   50831   11276 x 32540       0.10%       52 new      48 zero         1.09 | 5.37         
  5     100   51622   11698 x 31609       0.10%       37 new      63 zero         0.90 | 4.00         
  5     101   52254   13026 x 41695       0.07%       45 new      56 zero         1.04 | 4.77         
  5     100   52831    9528 x 32460       0.09%       50 new      50 zero         1.04 | 5.16         
  5     100   53385   11252 x 49517       0.08%       81 new      19 zero         1.64 | 8.22         
  5     100   54644   13078 x 51090       0.07%       52 new      48 zero         1.31 | 5.62         
  5     101   55811    5542 x 25146       0.08%       18 new      83 zero         0.53 | 2.15         
  5      35   56469    1548 x 11037       0.24%       11 new      24 zero         0.30 | 1.36         
  6     100   56704    3740 x 10109       0.35%       28 new      72 zero         0.56 | 3.00         
  6     100   57224    6428 x 19097       0.17%       24 new      76 zero         0.59 | 2.70         
  6     100   57696   11986 x 37793       0.10%       29 new      71 zero         0.96 | 3.48         
  6     100   58157    6434 x 24482       0.19%       21 new      79 zero         0.73 | 2.59         
  6     100   58541   10930 x 35148       0.10%       26 new      74 zero         0.91 | 3.18         
  6     100   59010   12934 x 44191       0.09%       25 new      75 zero         1.09 | 3.29         
  6     100   59549   12450 x 36127       0.10%       37 new      63 zero         1.07 | 4.22         
  6     100   60330   16082 x 49973       0.07%       28 new      72 zero         1.23 | 3.68         
  6     100   60775    3423 x 11929       0.37%       15 new      85 zero         0.43 | 1.81         
  6     100   61018    6501 x 14071       0.19%       28 new      72 zero         0.60 | 3.03         
  6     100   61520    9446 x 23348       0.13%       21 new      79 zero         0.62 | 2.48         
  6     100   61906   15438 x 41564       0.09%       32 new      68 zero         1.03 | 3.80         
  6     100   62496    3960 x 15044       0.33%       35 new      65 zero         0.77 | 3.78         
  6     100   63119    4570 x 14089       0.30%       19 new      82 zero         0.52 | 2.24         
  6     101   63412    5695 x 15388       0.24%       15 new      86 zero         0.47 | 1.86         
  6     100   63567    7992 x 21806       0.18%       26 new      74 zero         0.72 | 3.02         
  6     101   63967    9121 x 25281       0.15%       20 new      81 zero         0.69 | 2.48         
  6     100   64251   14660 x 38936       0.10%       32 new      68 zero         1.02 | 3.78         
  6     100   64771   15264 x 42695       0.09%       34 new      66 zero         1.15 | 4.08         
  6     100   65300   16483 x 52054       0.08%       48 new      52 zero         1.48 | 5.56         
  6     100   65953    3231 x 15655       0.53%       47 new      53 zero         0.99 | 4.95         
  6     100   66801    9658 x 29090       0.17%       35 new      65 zero         1.01 | 4.04         
  6     101   67366   10874 x 28457       0.15%       33 new      68 zero         0.98 | 3.83         
  6     101   67929   13606 x 37385       0.12%       36 new      66 zero         1.16 | 4.26         
  6     100   68367   21300 x 69676       0.06%       67 new      33 zero         2.07 | 7.70         
  6     100   69534    3331 x 15135       0.39%       23 new      77 zero         0.66 | 2.70         
  6     100   69988    3781 x 11388       0.28%       10 new      90 zero         0.38 | 1.37         
  6     100   70080    8282 x 22368       0.21%       18 new      82 zero         1.15 | 2.78         
  6     100   70296    9526 x 27363       0.18%       24 new      76 zero         0.87 | 2.99         
  6     100   70698   11000 x 31324       0.15%       16 new      84 zero         0.84 | 2.31         
  6     100   70929    9573 x 28131       0.21%       17 new      83 zero         0.83 | 2.39         
  6     100   71198    8397 x 25547       0.23%        9 new      91 zero         0.66 | 1.56         
  6     101   71298   12474 x 31999       0.15%       15 new      86 zero         0.82 | 2.23         
  6     100   71500   13148 x 38004       0.13%       22 new      78 zero         1.06 | 2.99         
  6     101   71821   16963 x 47647       0.10%       29 new      72 zero         1.30 | 3.80         
  6     100   72282   12841 x 41959       0.12%       28 new      72 zero         1.24 | 3.64         
  6     100   72771   21760 x 59723       0.07%       33 new      67 zero         1.57 | 4.39         
  6     100   73211    6083 x 26132       0.22%       35 new      65 zero         1.13 | 4.07         
  6     100   73962    9339 x 26208       0.21%       16 new      84 zero         0.79 | 2.24         
  6     100   73990    9999 x 29005       0.19%       23 new      77 zero         0.96 | 2.97         
  6     100   74391   12879 x 34660       0.13%        5 new      96 zero         0.73 | 1.32         
  6     100   74403   12223 x 32803       0.16%       10 new      90 zero         0.82 | 1.80         
  6     101   74501   14411 x 39568       0.14%       15 new      86 zero         1.04 | 2.42         
  6     100   74691   24875 x 64159       0.08%       18 new      82 zero         1.52 | 3.16         
  6     100   74934   21948 x 62938       0.08%       22 new      78 zero         1.64 | 3.59         
  6     101   75291   20709 x 55233       0.09%       21 new      80 zero         1.45 | 3.32         
  6     100   75461   27236 x 84365       0.06%       31 new      69 zero         2.16 | 4.84         
  6     100   75911   26058 x 73255       0.06%       34 new      66 zero         1.91 | 4.82         
  6     100   76444   16299 x 54225       0.11%       39 new      61 zero         1.81 | 5.11         
  6     100   77188   17826 x 50982       0.11%       11 new      90 zero         1.27 | 2.35         
  6     100   77349   24475 x 70375       0.07%       28 new      72 zero         1.91 | 4.36         
  6     100   77772   24407 x 66897       0.08%       43 new      57 zero         2.00 | 5.63         
  6     100   78473   16422 x 46441       0.12%       20 new      80 zero         1.27 | 3.06         
  6     100   78768   21010 x 55675       0.09%        8 new      92 zero         1.27 | 2.11         
  6     100   78847   27113 x 71428       0.07%       19 new      81 zero         1.72 | 3.46         
  6     100   79047   34303 x 91363       0.05%       54 new      46 zero         2.75 | 7.41         
  6     102   79917   31554 x 79391       0.07%       18 new      85 zero         1.98 | 3.68         
  6     100   80170   37081 x 98355       0.05%       21 new      79 zero         2.47 | 4.42         
  6     100   80377   31067 x 90173       0.06%       37 new      63 zero         2.57 | 5.79         
  6     100   80921   40980 x 121456      0.05%       42 new      58 zero         3.42 | 7.02         
  6     100   81602   36784 x 111806      0.05%       58 new      42 zero         3.47 | 8.32         
  6     100   82279   24753 x 73812       0.08%       49 new      51 zero         2.61 | 6.71         
  6     100   83229   32971 x 103370      0.06%       42 new      58 zero         3.10 | 6.67         
  6     100   83884   28170 x 88959       0.06%       33 new      67 zero         2.50 | 5.35         
  6     102   84503   29113 x 79187       0.07%       21 new      81 zero         2.20 | 4.09         
  6     100   84830   25768 x 73466       0.08%       20 new      80 zero         1.98 | 3.78         
  6     100   85147   24749 x 74011       0.08%       19 new      81 zero         2.05 | 3.77         
  6     100   85425   25725 x 78300       0.07%       19 new      81 zero         2.04 | 3.78         
  6     100   85704   21758 x 65794       0.09%       17 new      83 zero         1.84 | 3.40         
  6     100   85862   23211 x 74609       0.08%       24 new      76 zero         2.20 | 4.33         
  6     100   86045   19561 x 56649       0.09%       12 new      88 zero         1.47 | 2.63         
  6     100   86170   35028 x 98064       0.05%       22 new      78 zero         2.60 | 4.60         
  6     100   86558   31764 x 99557       0.06%       24 new      76 zero         2.68 | 4.83         
  6     100   86800   23374 x 81235       0.07%       19 new      81 zero         2.21 | 3.93         
  6     100   86964   15306 x 49878       0.10%       20 new      80 zero         1.57 | 3.36         
  6     100   87244   15387 x 45394       0.12%       10 new      90 zero         1.30 | 2.29         
  6     100   87384   22491 x 63293       0.07%       18 new      82 zero         1.67 | 3.31         
  5      25   87463     218 x 646         2.50%        4 new      21 zero         0.18 | 0.59         
  5      26   87209     320 x 1014        1.42%        1 new      25 zero         0.12 | 0.28         
  6     100   87118    9882 x 40945       0.15%        9 new      91 zero         1.06 | 1.96         
  6     100   87083   32187 x 92871       0.05%       40 new      60 zero         2.69 | 6.11         
  6     101   87749   36037 x 111056      0.05%       33 new      68 zero         3.10 | 5.98         
  6     100   88196   39264 x 109968      0.05%       38 new      62 zero         3.16 | 6.44         
  6     100   88830   12460 x 44441       0.17%       22 new      78 zero         1.59 | 3.57         
  6     100   89173   15089 x 55361       0.11%       21 new      79 zero         1.89 | 3.79         
  6     100   89561   24259 x 80525       0.07%       23 new      77 zero         2.47 | 4.56         
  6     100   89945   19261 x 62782       0.07%       38 new      62 zero         2.30 | 5.63         
  6     100   90692    8971 x 26298       0.23%        9 new      92 zero         0.85 | 1.79         
  6     100   90752    8172 x 23861       0.22%       17 new      83 zero         0.89 | 2.46         
  6     100   90929    8301 x 21196       0.18%       14 new      87 zero         0.76 | 2.10         
  6     100   91094    9926 x 23556       0.15%       16 new      84 zero         0.79 | 2.28         
  6     100   91307    8992 x 24110       0.20%       24 new      78 zero         1.12 | 3.30         
  6     101   91706   11717 x 35925       0.14%       28 new      73 zero         1.38 | 3.85         
  6     100   92212   11608 x 28594       0.16%        9 new      91 zero         0.82 | 1.75         
  6     100   92294   15789 x 36607       0.11%       13 new      87 zero         1.04 | 2.33         
  6     102   92455   13607 x 30076       0.16%       15 new      88 zero         0.98 | 2.42         
  6     100   92599   17400 x 45057       0.09%       32 new      68 zero         1.62 | 4.47         
  6     100   93013   18575 x 52913       0.10%       44 new      56 zero         2.18 | 5.93         
  6     100   93557   15306 x 45593       0.12%       37 new      63 zero         1.88 | 5.05         
  6     101   94176   14348 x 37181       0.12%       16 new      85 zero         1.16 | 2.64         
  6     100   94383   15058 x 37810       0.12%       15 new      85 zero         1.15 | 2.54         
  6     100   94593   19207 x 48605       0.10%       22 new      79 zero         1.60 | 3.56         
  6     100   94935   26851 x 71789       0.07%       28 new      72 zero         2.24 | 4.71         
  6     100   95313   23018 x 67003       0.07%       32 new      68 zero         2.26 | 5.02         
  6     100   95888   26317 x 74317       0.07%       25 new      75 zero         2.22 | 4.43         
  6     101   96268   23796 x 66093       0.08%       33 new      68 zero         2.18 | 5.03         
  6     100   96811   16613 x 50449       0.10%       37 new      63 zero         1.90 | 5.08         
  6     100   97395   13583 x 42691       0.16%       19 new      81 zero         1.47 | 3.20         
  6     100   97671   20707 x 58770       0.10%       29 new      71 zero         2.08 | 4.63         
  6     100   98105   23491 x 68275       0.09%       29 new      72 zero         2.40 | 4.95         
  6     100   98433   27881 x 82743       0.07%       29 new      71 zero         2.68 | 5.22         
  6     100   99000   23344 x 72574       0.09%       32 new      68 zero         2.55 | 5.35         
  6     100   99454   25837 x 84773       0.07%       45 new      55 zero         2.99 | 6.84         
  6     100  100210   14845 x 74030       0.07%       52 new      48 zero         2.94 | 7.30         
  6     100  101387    8768 x 55794       0.08%       45 new      55 zero         2.30 | 6.08         
  6     100  102478    4270 x 15504       0.24%       17 new      83 zero         0.82 | 2.35         
  6     100  102756    6274 x 17260       0.21%       12 new      89 zero         0.76 | 1.91         
  6     100  102936   13680 x 31449       0.16%       15 new      85 zero         1.17 | 2.56         
  6     100  103190   13068 x 38060       0.17%       17 new      83 zero         1.47 | 3.03         
  6     100  103440    6880 x 21841       0.20%       12 new      89 zero         0.89 | 2.01         
  6     100  103583   12279 x 30146       0.18%       13 new      87 zero         1.13 | 2.35         
  6     100  103730   15794 x 39594       0.13%       10 new      90 zero         1.27 | 2.27         
  6     100  103821   19849 x 51837       0.11%       19 new      81 zero         1.80 | 3.54         
  6     100  104071   11961 x 34975       0.16%       24 new      77 zero         1.54 | 3.63         
  6     100  104459   16993 x 40340       0.14%       21 new      79 zero         1.56 | 3.45         
  6     100  104810   19556 x 54152       0.10%       27 new      73 zero         2.06 | 4.47         
  6     100  105209   13829 x 37913       0.13%       11 new      89 zero         1.29 | 2.38         
  6     100  105363   20736 x 52795       0.09%        4 new      96 zero         1.40 | 1.93         
  6     100  105360   22666 x 60136       0.08%       13 new      87 zero         1.84 | 3.10         
  6     100  105514   22635 x 50261       0.10%        8 new      92 zero         1.46 | 2.32         
  6     100  105580   25654 x 65435       0.08%       19 new      81 zero         2.14 | 3.91         
  6     101  105879   24554 x 61051       0.09%       18 new      84 zero         1.98 | 3.70         
  6     100  106160   26083 x 73830       0.08%       26 new      74 zero         2.64 | 5.01         
  6     100  106541   23739 x 70511       0.10%       34 new      66 zero         2.80 | 5.86         
  6     100  106996   25002 x 68049       0.09%       18 new      83 zero         2.29 | 3.97         
  6     100  107031   29046 x 77153       0.07%       22 new      78 zero         2.58 | 4.58         
  6     101  107282   25139 x 70769       0.09%       19 new      82 zero         2.53 | 4.26         
  6     100  107529   26075 x 73439       0.08%       15 new      86 zero         2.43 | 3.87         
  6     100  107559   28294 x 73343       0.08%       13 new      87 zero         2.37 | 3.64         
  6     100  107737   22323 x 55392       0.11%       14 new      87 zero         1.85 | 3.19         
  6     100  107710   39039 x 111193      0.05%       33 new      67 zero         3.81 | 6.73         
  6     100  108001   41367 x 120064      0.05%       31 new      69 zero         4.20 | 6.95         
  6     100  108386   29532 x 76766       0.07%       24 new      76 zero         2.57 | 4.75         
  6     100  108768   21600 x 54105       0.09%       10 new      91 zero         1.64 | 2.66         
  6     101  108863   32421 x 88554       0.07%       19 new      82 zero         3.05 | 4.81         
  6     100  109105   45487 x 120518      0.05%       26 new      74 zero         4.02 | 6.39         
  6     100  109250   30267 x 87458       0.07%       28 new      72 zero         3.06 | 5.55         
  6     100  109617   27771 x 83648       0.07%       27 new      73 zero         3.08 | 5.49         
  6     100  110018   35712 x 93109       0.05%       36 new      64 zero         3.41 | 6.55         
  6     100  110424   20056 x 59201       0.11%       29 new      71 zero         2.55 | 5.11         
  6     100  110832   28930 x 93503       0.08%       44 new      56 zero         3.94 | 7.72         
  6     100  111729   40742 x 104863      0.05%       34 new      66 zero         3.96 | 6.96         
  5      23  112217     109 x 1352        4.66%        2 new      21 zero         0.21 | 0.46         
  6     100  112139   44651 x 122969      0.04%       27 new      73 zero         4.17 | 6.62         
  6     100  112564   11452 x 33795       0.13%       23 new      77 zero         1.57 | 3.64         
  6     100  112925    8131 x 18908       0.18%        6 new      94 zero         0.70 | 1.37         
  6     100  112962   12741 x 31255       0.14%       10 new      90 zero         1.12 | 2.12         
  6     100  113071   16479 x 45893       0.12%       10 new      90 zero         1.67 | 2.66         
  6     100  113188   20651 x 45867       0.11%        8 new      94 zero         1.51 | 2.36         
  6     100  113196   27421 x 69626       0.08%       17 new      83 zero         2.53 | 4.12         
  6     100  113459   27222 x 66819       0.08%       18 new      83 zero         2.41 | 4.10         
  6     100  113734   25279 x 62565       0.09%       18 new      82 zero         2.24 | 3.94         
  6     100  113908   16040 x 47595       0.13%       17 new      83 zero         1.88 | 3.45         
  6     101  114207   26822 x 61488       0.10%       12 new      90 zero         2.13 | 3.35         
  6     100  114321   30642 x 82266       0.07%       19 new      81 zero         2.93 | 4.72         
  6     100  114598   24708 x 67296       0.10%       24 new      76 zero         3.84 | 6.46         
  6     100  114879   24854 x 55705       0.07%        7 new      93 zero         1.71 | 2.64         
  6     100  114935   34602 x 77981       0.07%       11 new      91 zero         2.76 | 4.09         
  6     100  115012   32119 x 72054       0.08%        7 new      95 zero         2.48 | 3.44         
  6     100  115048   33553 x 80312       0.07%        8 new      92 zero         2.73 | 3.79         
  6     100  115082   32817 x 85329       0.07%       16 new      84 zero         3.10 | 4.91         
  6     100  115293   38287 x 110955      0.06%       22 new      78 zero         4.37 | 6.78         
  6     100  115651   29298 x 96158       0.07%       23 new      77 zero         3.67 | 6.14         
  6     101  116090   31775 x 81472       0.08%        5 new      96 zero         2.86 | 3.63         
  6     100  116045   47991 x 119180      0.05%        8 new      92 zero         4.37 | 5.46         
  6     100  116059   40581 x 84573       0.07%        9 new      91 zero         2.86 | 4.03         
  6     101  116127   49289 x 119294      0.05%       23 new      78 zero         4.73 | 7.25         
  6     101  116414   57430 x 144108      0.04%       29 new      72 zero         5.67 | 8.77         
  6     100  116898   40372 x 92632       0.07%        6 new      94 zero         3.18 | 4.06         
  6     100  116948   51560 x 147767      0.05%       15 new      85 zero         5.57 | 7.33         
  6     100  117068   53148 x 144931      0.04%       25 new      76 zero         5.46 | 8.18         
  6     101  117402   43220 x 122301      0.05%       29 new      73 zero         5.05 | 8.15         
  6     100  117779   46283 x 125466      0.05%       26 new      74 zero         4.78 | 7.61         
  6     100  118171   42532 x 107855      0.06%       26 new      74 zero         4.44 | 7.30         
  6     100  118499   24714 x 65647       0.10%       23 new      77 zero         2.98 | 5.56         
  6     100  118920    7395 x 25394       0.19%        7 new      93 zero         1.12 | 2.02         
  6     100  118975   44929 x 111624      0.05%       21 new      79 zero         4.30 | 6.61         
  6     102  119326   48045 x 119973      0.05%       19 new      83 zero         4.62 | 6.78         
  6     100  119608   40719 x 96791       0.07%       19 new      81 zero         3.83 | 5.96         
  6     100  119840   41249 x 111565      0.06%       28 new      74 zero         4.78 | 7.77         
  6     100  120316   35573 x 125939      0.07%       56 new      48 zero         6.27 | 11.91        
  6     100  121490   38424 x 100733      0.07%        7 new      94 zero         3.95 | 4.92         
  6     101  121558   53176 x 127916      0.05%        5 new      96 zero         4.73 | 5.54         
  6     100  121564   51278 x 128246      0.05%       23 new      78 zero         5.28 | 7.79         
  6     100  121859   50959 x 116265      0.06%       25 new      76 zero         4.84 | 7.54         
  6     100  122353   56906 x 147140      0.05%       24 new      76 zero         6.13 | 8.75         
  6     101  122693   55550 x 144767      0.04%       26 new      75 zero         5.84 | 8.66         
  6     100  122935   55774 x 152577      0.05%       39 new      61 zero         6.90 | 10.93        
  6     100  123444   60793 x 144741      0.04%       47 new      53 zero         6.41 | 11.23        
  6     101  124069   66725 x 172976      0.04%       57 new      44 zero         7.98 | 13.75        
  6     100  124822   58738 x 163690      0.04%       48 new      52 zero         7.70 | 12.59        
  6     100  125795   50046 x 125204      0.05%       30 new      70 zero         5.52 | 8.73         
  6     100  125946    7380 x 27159       0.23%       18 new      82 zero         1.88 | 3.81         
  6     100  126306   47898 x 133305      0.06%       41 new      59 zero         6.59 | 10.88        
  6     100  127068   36887 x 97929       0.05%       15 new      85 zero         3.65 | 5.42         
  6     100  127251   45193 x 120640      0.06%       12 new      88 zero         5.02 | 6.50         
  6     100  127437   49158 x 130348      0.05%       15 new      85 zero         5.17 | 6.94         
  6     100  127641   46340 x 133041      0.05%       25 new      75 zero         5.83 | 8.60         
  6     100  128100   49623 x 116693      0.06%       14 new      86 zero         4.90 | 6.59         
  6     100  128301   59908 x 137332      0.05%       20 new      80 zero         5.87 | 8.13         
  6     100  128412   76698 x 206941      0.04%       34 new      66 zero         9.76 | 13.45        
  6     100  129032   56843 x 155471      0.05%        9 new      91 zero         6.12 | 7.33         
  6     100  129069   49563 x 132838      0.05%       17 new      83 zero         5.15 | 7.15         
  6     100  129247   46330 x 102928      0.06%       11 new      89 zero         4.26 | 5.65         
  6     102  129366   50273 x 115795      0.06%       14 new      88 zero         4.92 | 6.60         
  6     100  129546   62369 x 148434      0.04%       20 new      81 zero         6.04 | 8.32         
  6     100  129832   70387 x 180691      0.04%       19 new      81 zero         7.67 | 9.88         
  6     100  130095   48737 x 155787      0.05%       24 new      76 zero         7.01 | 9.73         
  6     100  130478   43098 x 109194      0.07%       12 new      88 zero         5.00 | 6.50         
  6     101  130616   62518 x 131271      0.05%       11 new      90 zero         5.44 | 6.82         
  6     102  130736   74353 x 178761      0.04%       13 new      89 zero         7.53 | 9.15         
  6     100  130824   76000 x 174737      0.04%       20 new      80 zero         7.70 | 10.00        
  6     100  131104   59356 x 150812      0.05%       15 new      85 zero         6.72 | 8.50         
  6     100  131302   57723 x 132807      0.06%       13 new      89 zero         5.54 | 7.12         
  6     100  131436   67719 x 174756      0.04%       17 new      83 zero         7.31 | 9.29         
  6     100  131628   59015 x 153173      0.04%       28 new      72 zero         6.37 | 9.44         
  6     100  131944   58140 x 184753      0.04%       29 new      71 zero         7.86 | 11.04        
  6     100  132390   43617 x 148392      0.06%       39 new      61 zero         7.30 | 11.39        
  6     100  133086   58305 x 131729      0.06%       20 new      80 zero         5.85 | 8.08         
  6     100  133446   60387 x 151276      0.05%       20 new      80 zero         6.77 | 8.99         
  6     100  133664   75527 x 183482      0.04%       30 new      70 zero         8.40 | 11.60        
  6     100  134082   69063 x 189405      0.04%       34 new      66 zero         8.35 | 11.95        
  6     101  134514   60360 x 193964      0.05%       45 new      56 zero         9.36 | 13.97        
  6     100  135166   41416 x 129550      0.06%       48 new      52 zero         6.68 | 11.57        
  6     100  135921   57730 x 188526      0.04%       48 new      52 zero         8.89 | 13.81        
  6     100  136500   57384 x 215614      0.04%       51 new      49 zero        10.68 | 15.85        
  6     100  137461   40191 x 174741      0.05%       38 new      62 zero         8.34 | 12.23        
  6     101  138056   38160 x 122550      0.06%       31 new      70 zero         6.06 | 9.30         
  6     100  138620   33446 x 110062      0.07%       43 new      57 zero         5.87 | 10.24        
  6     100  139362   38924 x 116989      0.07%       28 new      72 zero         6.23 | 9.20         
  6     100  139551   48404 x 139678      0.05%       33 new      67 zero         7.01 | 10.44        
  6     100  140097   45351 x 115166      0.06%       19 new      81 zero         5.93 | 8.05         
  6     100  140383   30932 x 79174       0.09%       14 new      86 zero         3.86 | 5.49         
  6     100  140426   79737 x 195793      0.04%       27 new      73 zero        10.02 | 12.97        
  6     100  140806   37703 x 106072      0.07%       14 new      86 zero         5.31 | 6.96         
  6     100  140975   38752 x 109102      0.06%        7 new      93 zero         5.14 | 6.11         
  6     102  141036   36603 x 93896       0.08%        6 new      96 zero         4.32 | 5.19         
  6     100  141055   41924 x 115359      0.05%       11 new      89 zero         5.31 | 6.66         
  6     100  141112   43511 x 118517      0.06%       35 new      65 zero         6.72 | 10.33        
  6     100  141790   45966 x 129958      0.05%       30 new      70 zero         7.05 | 10.20        
  6     100  142292   43635 x 109091      0.05%       23 new      77 zero         5.25 | 7.74         
  6     100  142588   49844 x 135859      0.05%       22 new      78 zero         7.21 | 9.63         
  6     100  142727   54206 x 155626      0.04%       30 new      70 zero         8.14 | 11.32        
  6     100  142829   55465 x 153375      0.04%       35 new      65 zero         8.49 | 12.13        
  6     100  143271   62541 x 188749      0.04%       38 new      62 zero        10.28 | 14.22        
  6     100  144064   41803 x 128705      0.05%       29 new      71 zero         6.46 | 9.52         
  6     100  144605   50705 x 160213      0.04%       10 new      90 zero         7.35 | 8.63         
  6     101  144699   40056 x 118313      0.06%       15 new      86 zero         5.76 | 7.49         
  6     100  144926   37932 x 122615      0.06%        9 new      91 zero         6.02 | 7.18         
  6     100  145028   36109 x 117766      0.05%       19 new      81 zero         6.12 | 8.22         
  5      25  145170     766 x 2487        1.30%        4 new      21 zero         0.49 | 1.00         
  5      24  144512    1801 x 5880        0.57%        2 new      22 zero         0.48 | 0.82         
  6     100  144438   20983 x 69437       0.14%       19 new      81 zero         3.97 | 6.01         
  6     101  144636   67329 x 176237      0.04%       29 new      72 zero         8.56 | 11.65        
  6     100  145134   32385 x 84826       0.07%       34 new      66 zero         5.02 | 8.50         
  6     100  145749   56470 x 184545      0.04%       24 new      76 zero         8.87 | 11.46        
  6     100  146128   53280 x 154574      0.04%       33 new      67 zero         7.76 | 11.19        
  6     100  146587   54395 x 194754      0.04%       33 new      67 zero         9.26 | 12.69        
  6     100  147038   40257 x 153449      0.04%       46 new      54 zero         7.96 | 12.60        
  6     100  148062   28734 x 98054       0.05%       33 new      67 zero         5.28 | 8.66         
  6     100  148566   46933 x 117559      0.06%       21 new      79 zero         5.53 | 7.84         
  6     100  148899   62809 x 174303      0.04%       26 new      74 zero         8.72 | 11.58        
  6     100  149269   67089 x 188767      0.04%       34 new      66 zero         9.73 | 13.36        
  6     100  149827   71401 x 184318      0.04%       29 new      71 zero         9.29 | 12.41        
  6     102  150286   87062 x 205834      0.04%       27 new      75 zero        10.21 | 13.18        
  6     100  150728