
Legend for f4 information
--------------------------------------------------------
deg       current degree of pairs selected in this round
sel       number of pairs selected in this round
pairs     total number of pairs in pair list
mat       matrix dimensions (# rows x # columns)
density   density of the matrix
new data  # new elements for basis in this round
          # zero reductions during linear algebra
time(rd)  time of the current f4 round in seconds given
          for real and cpu time
--------------------------------------------------------

deg     sel   pairs        mat          density            new data         time(rd) in sec (real|cpu)
------------------------------------------------------------------------------------------------------
  2       1     122       2 x 1         100.00%        0 new       1 zero         0.00 | 0.00         
  3       3     121      10 x 12         19.17%        2 new       1 zero         0.00 | 0.00         
  3       2     124       7 x 9          22.22%        2 new       0 zero         0.00 | 0.02         
  3       1     129       2 x 1         100.00%        0 new       1 zero         0.00 | 0.00         
  4       6     128      35 x 39          6.23%        2 new       4 zero         0.00 | 0.00         
  3       4     131      12 x 19         11.84%        3 new       1 zero         0.00 | 0.00         
  3       2     135       4 x 2          50.00%        0 new       2 zero         0.00 | 0.00         
  4       7     133      51 x 54          4.07%        1 new       6 zero         0.00 | 0.00         
  5       9     134      72 x 79          3.20%        2 new       7 zero         0.00 | 0.02         
  3       6     134      25 x 33          6.55%        4 new       2 zero         0.00 | 0.00         
  4      23     150     153 x 178         1.34%        8 new      15 zero         0.02 | 0.27         
  4      15     166      42 x 27          4.94%        0 new      15 zero         0.01 | 0.25         
  5      25     151     309 x 331         0.71%        5 new      20 zero         0.02 | 0.23         
  6      32     156     498 x 524         0.46%        1 new      31 zero         0.00 | 0.02         
  3       4     132      13 x 22         10.84%        4 new       0 zero         0.00 | 0.00         
  4      20     155     122 x 137         1.69%        6 new      14 zero         0.03 | 0.33         
  4       9     164      20 x 11         10.00%        0 new       9 zero         0.00 | 0.00         
  5      28     155     273 x 309         0.79%        6 new      22 zero         0.00 | 0.02         
  6      44     172     515 x 649         0.40%        7 new      37 zero         0.01 | 0.21         
  7      49     177    1067 x 1153        0.22%        0 new      49 zero         0.02 | 0.21         
  8      24     128     218 x 216         1.06%        5 new      19 zero         0.00 | 0.02         
  6       7     104      30 x 26          6.41%        1 new       6 zero         0.00 | 0.00         
  6      10     107      72 x 90          2.59%        4 new       6 zero         0.00 | 0.02         
  6       7     128      53 x 46          3.77%        0 new       7 zero         0.00 | 0.00         
  7      35     121     477 x 564         0.48%        3 new      32 zero         0.00 | 0.02         
  6       7     112      85 x 82          2.32%        1 new       6 zero         0.00 | 0.02         
  7      30     117     271 x 332         0.73%        7 new      23 zero         0.00 | 0.04         
  8      69     153    1234 x 1626        0.19%        1 new      68 zero         0.03 | 0.35         
  8       9      93     161 x 212         1.16%        2 new       7 zero         0.00 | 0.00         
  8      18     103     481 x 590         0.42%        2 new      16 zero         0.00 | 0.02         
  8      10     104      70 x 118         2.64%        1 new       9 zero         0.00 | 0.00         
  9      21     103     592 x 720         0.35%        0 new      21 zero         0.00 | 0.02         
 10       3      82      32 x 30          7.50%        0 new       3 zero         0.00 | 0.00         
 11       3      79      31 x 28          7.83%        0 new       3 zero         0.00 | 0.00         
 12       3      76      31 x 28          7.83%        0 new       3 zero         0.00 | 0.00         
 13       3      73      31 x 28          7.83%        0 new       3 zero         0.00 | 0.00         
 14       3      70      31 x 28          7.83%        0 new       3 zero         0.00 | 0.00         
 15       3      67      31 x 28          7.83%        0 new       3 zero         0.00 | 0.00         
 16      47      64     600 x 811         0.38%       29 new      18 zero         0.03 | 0.40         
 14      11     182      35 x 35          5.06%        2 new       9 zero         0.00 | 0.02         
 14      12     183      58 x 73          3.12%        3 new       9 zero         0.00 | 0.00         
 14      24     196     180 x 241         1.07%        4 new      20 zero         0.00 | 0.02         
 14      25     200     263 x 387         0.74%        5 new      20 zero         0.00 | 0.04         
 14      37     215     565 x 847         0.36%        6 new      31 zero         0.04 | 0.39         
 14      38     221     765 x 1205        0.27%        7 new      31 zero         0.07 | 0.81         
 14      46     234    1238 x 1702        0.17%        4 new      42 zero         0.00 | 0.06         
 14      42     231    1691 x 2392        0.14%        0 new      42 zero         0.03 | 0.28         
 15      30     189     216 x 554         1.88%        3 new      27 zero         0.00 | 0.04         
 15      25     184     188 x 262         1.00%        5 new      20 zero         0.00 | 0.04         
 15      40     202     566 x 825         0.36%        7 new      33 zero         0.00 | 0.06         
 15      53     222     973 x 1494        0.21%        9 new      44 zero         0.02 | 0.22         
 15      68     246    2008 x 3094        0.11%       11 new      57 zero         0.01 | 0.10         
 15      81     272    3028 x 4793        0.07%       13 new      68 zero         0.04 | 0.36         
 15      96     302    5065 x 7900        0.04%       15 new      81 zero         0.03 | 0.42         
 15     101     326    6680 x 9517        0.04%        9 new      92 zero         0.02 | 0.23         
 15     105     332   13430 x 19642       0.02%        0 new     105 zero         0.03 | 0.17         
 16      83     227     962 x 5062        0.49%        0 new      83 zero         0.02 | 0.30         
 17     128     144   25722 x 56386       0.01%       27 new     101 zero         0.11 | 0.57         
 16     105     308     649 x 859         0.29%       14 new      91 zero         0.03 | 0.27         
 16     125     361    1130 x 1823        0.17%       27 new      98 zero         0.03 | 0.47         
 16     230     512    3506 x 5746        0.06%       34 new     196 zero         0.05 | 0.76         
 16     250     613    5567 x 9862        0.04%       47 new     203 zero         0.06 | 0.80         
 16     348     799   11695 x 19526       0.02%       47 new     301 zero         0.11 | 1.15         
 16     349     890   15926 x 25205       0.01%       41 new     308 zero         0.11 | 1.06         
 16     331     885   22010 x 35563       0.01%       23 new     308 zero         0.09 | 0.57         
 16      56     622    2985 x 5176        0.08%        3 new      53 zero         0.02 | 0.24         
 16      35     602    4341 x 6401        0.06%        0 new      35 zero         0.01 | 0.10         
 17     494     567    6522 x 25383       0.05%       24 new     470 zero         0.14 | 0.97         
 17     264     380   13348 x 21495       0.02%       32 new     232 zero         0.13 | 1.12         
 17     272     483   21453 x 36020       0.01%       40 new     232 zero         0.83 | 5.59         
 17     404     711   46294 x 75549       0.01%       48 new     356 zero         0.89 | 6.41         
 17     412     867   65423 x 109825      0.00%       56 new     356 zero         1.17 | 7.66         
 17     544    1147  115919 x 193231      0.00%       64 new     480 zero         1.05 | 7.34         
 17     552    1355  161872 x 279524      0.00%       72 new     480 zero         0.75 | 2.85         
 17     649    1652  303838 x 493952      0.00%       45 new     604 zero         1.37 | 3.59         
 17     162    1673   96861 x 158655      0.00%       11 new     151 zero         0.35 | 0.87         
 17     111    1663   66127 x 120941      0.00%        5 new     106 zero         0.27 | 0.65         
 18    1614    1646  666378 x 1354696     0.00%        5 new    1609 zero         4.12 | 4.98         
 19      52      73  529158 x 908874      0.00%       13 new      39 zero         2.01 | 3.62         
 20     109     228 2335848 x 3726130     0.00%       21 new      88 zero         8.77 | 10.78        
 21     191     309 6277069 x 10481170     0.00%       32 new     159 zero        27.28 | 33.55        
 22     296     434 15134472 x 27775836     0.00%       27 new     269 zero        80.73 | 89.71        
 23     281     438 30837118 x 58857367     0.00%       44 new     237 zero       198.25 | 233.77       
 24     466     661 71512101 x 146166844     0.00%       52 new     414 zero       602.13 | 737.14       
 25     565     759