
Legend for f4 information
--------------------------------------------------------
deg       current degree of pairs selected in this round
sel       number of pairs selected in this round
pairs     total number of pairs in pair list
mat       matrix dimensions (# rows x # columns)
density   density of the matrix
new data  # new elements for basis in this round
          # zero reductions during linear algebra
time(rd)  time of the current f4 round in seconds given
          for real and cpu time
--------------------------------------------------------

deg     sel   pairs        mat          density            new data         time(rd) in sec (real|cpu)
------------------------------------------------------------------------------------------------------
  2       1     163       2 x 1         100.00%        0 new       1 zero         0.03 | 0.29         
  3       3     162      10 x 12         19.17%        2 new       1 zero         0.10 | 0.88         
  3       2     166       7 x 9          22.22%        2 new       0 zero         0.09 | 0.73         
  3       1     172       2 x 1         100.00%        0 new       1 zero         0.06 | 0.44         
  4       6     171      35 x 39          6.23%        2 new       4 zero         0.09 | 0.69         
  3       4     175      12 x 19         11.84%        3 new       1 zero         0.13 | 1.02         
  3       2     179       4 x 2          50.00%        0 new       2 zero         0.02 | 0.27         
  4       7     177      51 x 54          4.07%        1 new       6 zero         0.10 | 0.73         
  5       9     179      72 x 79          3.20%        2 new       7 zero         0.08 | 0.70         
  3       6     179      25 x 33          6.55%        4 new       2 zero         0.17 | 1.10         
  4      23     195     153 x 178         1.34%        8 new      15 zero         0.18 | 1.41         
  4      15     211      42 x 27          4.94%        0 new      15 zero         0.05 | 0.42         
  5      25     196     309 x 331         0.71%        5 new      20 zero         0.11 | 1.08         
  6      32     202     498 x 524         0.46%        1 new      31 zero         0.07 | 0.55         
  3       4     178      13 x 22         10.84%        4 new       0 zero         0.12 | 0.98         
  4      20     201     122 x 137         1.69%        6 new      14 zero         0.13 | 1.15         
  4       9     210      20 x 11         10.00%        0 new       9 zero         0.12 | 0.41         
  5      28     201     273 x 309         0.79%        6 new      22 zero         0.13 | 1.15         
  6      44     218     515 x 649         0.40%        7 new      37 zero         0.14 | 1.18         
  7      52     223    1188 x 1319        0.20%        1 new      51 zero         0.07 | 0.59         
  3       5     181      15 x 31          8.82%        5 new       0 zero         0.16 | 1.14         
  4      31     218     187 x 275         1.01%       12 new      19 zero         0.32 | 2.01         
  4      12     268      25 x 15          7.47%        1 new      11 zero         0.02 | 0.22         
  5      76     264     813 x 1144        0.27%       15 new      61 zero         0.22 | 1.78         
  6     128     312    2612 x 3470        0.09%       15 new     113 zero         0.08 | 0.77         
  7     122     301    4431 x 5549        0.05%        7 new     115 zero         0.01 | 0.15         
  8      96     238    2088 x 2475        0.12%       13 new      83 zero         0.00 | 0.08         
  3      13     184      33 x 93          3.78%       13 new       0 zero         0.04 | 0.40         
  4      98     352     492 x 842         0.41%       37 new      61 zero         0.69 | 4.92         
  4      42     630     157 x 243         1.02%       20 new      22 zero         0.39 | 3.04         
  4      13     838      43 x 49          3.99%        4 new       9 zero         0.12 | 0.99         
  5     624     881    4782 x 7607        0.05%      180 new     444 zero         3.68 | 23.46        
  4      13    2147      67 x 122         2.29%        9 new       4 zero         0.01 | 0.10         
  4      14    2187      46 x 59          3.43%        4 new      10 zero         0.06 | 0.33         
  5     682    2233    3768 x 5791        0.07%      136 new     546 zero         3.19 | 19.72        
  5     141    3239     691 x 1212        0.33%       22 new     119 zero         0.48 | 3.47         
  6    1000    3382    9822 x 17776       0.04%       74 new     926 zero         1.47 | 10.17        
  6    1000    3226    9923 x 16831       0.04%      128 new     872 zero         1.76 | 13.75        
  6    1000    3767   13283 x 22351       0.03%       76 new     924 zero         1.62 | 10.94        
  6     489    3780   12180 x 20181       0.03%       31 new     458 zero         0.43 | 3.30         
  6      63    3555     894 x 1855        0.26%       22 new      41 zero         0.45 | 3.40         
  5      15    3746      97 x 110         1.87%        3 new      12 zero         0.07 | 0.62         
  6     113    3776    2096 x 3095        0.10%       28 new      85 zero         0.46 | 3.89         
  7    1000    4063   24382 x 49933       0.02%       75 new     925 zero         0.59 | 4.80         
  7    1000    4001   22809 x 53038       0.02%       76 new     925 zero         1.10 | 9.13         
  7    1000    3985   15489 x 31479       0.03%      138 new     862 zero         1.44 | 12.78        
  7    1000    4986   31823 x 65667       0.02%       79 new     921 zero         1.03 | 9.38         
  7     625    5222   50308 x 88776       0.01%       57 new     568 zero         0.47 | 3.56         
  6      75    5263     747 x 1387        0.36%        6 new      71 zero         0.02 | 0.33         
  6      40    5181     477 x 1206        0.59%        5 new      35 zero         0.01 | 0.28         
  7     269    5106   20396 x 42379       0.02%       17 new     252 zero         0.15 | 0.95         
  7      49    5033    2091 x 6249        0.18%        0 new      49 zero         0.02 | 0.11         
  8    1000    4984   51122 x 110126      0.01%       76 new     924 zero         1.27 | 9.82         
  8    1000    4955   65211 x 156887      0.01%       60 new     940 zero         0.82 | 4.24         
  8    1001    4743   38214 x 91981       0.02%       72 new     929 zero         1.78 | 10.84        
  8    1001    4588   49474 x 109292      0.02%       73 new     928 zero         2.01 | 11.43        
  8    1000    4686   63579 x 136324      0.01%       59 new     941 zero         1.09 | 5.49         
  8     500    4637   76160 x 144006      0.01%       36 new     464 zero         1.23 | 6.21         
  7      10    4666     311 x 553         0.61%        4 new       6 zero         0.17 | 1.07         
  7      25    4674     804 x 1216        0.27%        9 new      16 zero         0.34 | 2.08         
  7      53    4649    2326 x 3554        0.09%       21 new      32 zero         0.53 | 3.50         
  7      54    4650    2091 x 3159        0.11%       15 new      39 zero         0.36 | 2.57         
  8     660    4672   49327 x 77831       0.01%       98 new     562 zero         1.41 | 11.13        
  8     281    5403   18770 x 32636       0.01%       51 new     230 zero         1.24 | 7.69         
  8      88    5900    9297 x 17360       0.03%       14 new      74 zero         0.42 | 2.49         
  9    1000    6028  150742 x 259651      0.00%       67 new     933 zero         1.83 | 8.99         
  9    1000    6047  180690 x 308501      0.00%       80 new     920 zero         2.40 | 12.57        
  9    1000    6291  186746 x 421718      0.00%       28 new     972 zero         2.25 | 6.24         
  9    1000    5722  186386 x 458879      0.00%       19 new     981 zero         2.49 | 5.71         
  9    1000    4976  191122 x 419234      0.00%       33 new     967 zero         2.90 | 7.67         
  9    1000    4482  180309 x 424229      0.01%       67 new     933 zero         3.24 | 10.52        
  9     375    4580   67543 x 152946      0.01%       18 new     357 zero         1.01 | 3.33         
  9      23    4482     211 x 249         1.17%        6 new      17 zero         0.05 | 0.67         
 10    1000    4570  320438 x 637089      0.00%       17 new     983 zero         2.79 | 5.90         
 10    1000    3828  699805 x 1254440     0.00%        7 new     993 zero         5.33 | 9.05         
 10    1000    2934  430334 x 1091971     0.00%        4 new     996 zero         6.96 | 9.84         
 10    1000    1994  532680 x 1229331     0.00%       34 new     966 zero        10.83 | 17.65        
 10     428    1544  139216 x 387397      0.01%        3 new     425 zero         2.16 | 3.08         
 11    1000    1161 1266370 x 3140038     0.00%       47 new     953 zero        22.32 | 35.29        
 11     186     862  104816 x 240120      0.01%        6 new     180 zero         1.09 | 2.22         
 11      43     742   14501 x 30060       0.03%        0 new      43 zero         0.12 | 0.32         
 12     555     699 1396832 x 3435901     0.00%       10 new     545 zero        30.29 | 37.41        
 13     163     299 1113508 x 3092516     0.00%        4 new     159 zero        23.32 | 25.82        
 14      63     195  601284 x 1542565     0.00%        0 new      63 zero        11.00 | 11.77        
 15       4     132      88 x 84          2.85%        0 new       4 zero         0.03 | 0.34         
 16      60     128    1466 x 2261        0.19%       39 new      21 zero         0.57 | 5.33         
 13      13     243      41 x 39          4.38%        2 new      11 zero         0.08 | 0.69         
 13      15     245      73 x 99          2.38%        4 new      11 zero         0.08 | 0.65         
 13      31     266     235 x 328         0.82%        7 new      24 zero         0.14 | 1.27         
 13      63     306     940 x 1463        0.22%       11 new      52 zero         0.23 | 1.78         
 13      64     366    1359 x 2221        0.16%       12 new      52 zero         0.18 | 1.65         
 13      97     419    3632 x 5826        0.06%       17 new      80 zero         0.22 | 2.29         
 13     146     495    9155 x 15289       0.03%       23 new     123 zero         0.23 | 2.48         
 13     135     598   12667 x 19271       0.02%       12 new     123 zero         0.17 | 1.52         
 13     166     629   28972 x 46543       0.01%        0 new     166 zero         0.16 | 0.61         
 14     235     463   43948 x 76324       0.01%        7 new     228 zero         0.37 | 1.74         
 15     124     337   33378 x 55957       0.01%        9 new     115 zero         0.37 | 1.82         
 15      16     336     142 x 214         1.28%        4 new      12 zero         0.09 | 0.87         
 15      33     358     460 x 692         0.44%        7 new      26 zero         0.12 | 1.10         
 15      67     403    1862 x 2992        0.12%       11 new      56 zero         0.26 | 2.08         
 15      68     470    2734 x 4674        0.08%       12 new      56 zero         0.26 | 1.93         
 15     103     530    7133 x 11750       0.03%       17 new      86 zero         0.37 | 2.86         
 15     155     616   17742 x 30118       0.01%       23 new     132 zero         0.49 | 3.67         
 15     156     741   25933 x 43822       0.01%       24 new     132 zero         0.42 | 3.52         
 15     209     848   54391 x 89431       0.01%       31 new     178 zero         0.63 | 4.33         
 15     259     979  116194 x 180190      0.00%       19 new     240 zero         0.72 | 3.15         
 15     240    1011  223074 x 351461      0.00%        0 new     240 zero         1.01 | 1.50         
 16     600     771  341596 x 597450      0.00%       24 new     576 zero         2.14 | 5.75         
 15      15     542      51 x 71          3.42%        3 new      12 zero         0.03 | 0.40         
 15      17     547      83 x 121         2.27%        4 new      13 zero         0.06 | 0.67         
 15      33     570     245 x 346         0.79%        5 new      28 zero         0.10 | 1.11         
 15      69     611    1422 x 2367        0.16%       13 new      56 zero         0.14 | 1.73         
 15      70     723    1589 x 2870        0.14%       12 new      58 zero         0.11 | 1.46         
 15     106     787    4337 x 7548        0.06%       17 new      89 zero         0.16 | 2.04         
 15     153     923   13654 x 22431       0.02%       21 new     132 zero         0.23 | 2.63         
 15     158    1034   16416 x 28401       0.02%       23 new     135 zero         0.29 | 3.07         
 15     196    1133   33955 x 54136       0.01%       14 new     182 zero         0.27 | 2.15         
 15     182    1153   55173 x 93369       0.01%        0 new     182 zero         0.30 | 0.77         
 16     470     971   90648 x 162011      0.00%       26 new     444 zero         0.77 | 4.07         
 16      65     888    2917 x 4596        0.09%       15 new      50 zero         0.17 | 2.10         
 16     135    1009   11497 x 18463       0.02%       27 new     108 zero         0.27 | 3.25         
 16     194    1212   32575 x 49982       0.01%       39 new     155 zero         0.52 | 5.05         
 16     284    1516   59255 x 91249       0.01%       54 new     230 zero         0.82 | 6.83         
 16     408    1938  144884 x 225857      0.00%       72 new     336 zero         1.63 | 10.61        
 16     504    2494  325174 x 491715      0.00%       87 new     417 zero         2.29 | 12.01        
 16     648    3151  506347 x 769304      0.00%      108 new     540 zero         5.77 | 20.46        
 16     825    3909 1077968 x 1650769     0.00%      131 new     694 zero        11.17 | 30.28        
 16     933    4762 2266077 x 3329400     0.00%      124 new     809 zero        21.22 | 44.06        
 16    1000    5514 3949997 x 5844923     0.00%       73 new     927 zero        35.85 | 61.88        
 16     823    5627 7024285 x 10330433     0.00%       26 new     797 zero        55.26 | 82.40        
 17    1002    5236 1287777 x 2718981     0.00%      128 new     874 zero        20.34 | 45.21        
 17    1000    6547 3613497 x 5307257     0.00%       78 new     922 zero        32.00 | 57.62        
 17    1000    6877  876254 x 1398167     0.00%       30 new     970 zero         6.92 | 13.42        
 17    1000    6385 4909579 x 7909567     0.00%       64 new     936 zero        49.72 | 81.24        
 17    1000    6464 5863491 x 8683983     0.00%       86 new     914 zero        52.40 | 89.25        
 17    1000    6982 10603067 x 16079179     0.00%       80 new     920 zero       114.63 | 169.86       
 16      72    7147     818 x 1459        0.29%       10 new      62 zero         0.31 | 2.16         
 16      74    7198    3178 x 6077        0.09%       14 new      60 zero         0.28 | 2.08         
 16      72    7337    3962 x 7876        0.07%       10 new      62 zero         0.34 | 2.23         
 16     114    7422   10591 x 19990       0.03%       19 new      95 zero         0.64 | 3.67         
 16     162    7601   33881 x 63698       0.01%       21 new     141 zero         0.89 | 4.42         
 16     168    7727   39152 x 73290       0.01%       24 new     144 zero         0.89 | 4.48         
 16     224    7889   90419 x 171112      0.00%       30 new     194 zero         1.28 | 4.72         
 16     221    8002  115456 x 221651      0.00%       27 new     194 zero         1.30 | 4.28         
 16     264    8087  216098 x 407917      0.00%       20 new     244 zero         2.78 | 6.28         
 17    1000    8043 1422996 x 2529499     0.00%       88 new     912 zero        19.03 | 36.99        
 17    1000    8276 3625033 x 5629160     0.00%      128 new     872 zero        37.11 | 69.79        
 16     252    9287    2140 x 3710        0.10%       42 new     210 zero         0.60 | 5.69         
 16     264    9776    4163 x 7245        0.05%       54 new     210 zero         0.80 | 7.03         
 16     524   10523   23895 x 42631       0.01%       92 new     432 zero         1.39 | 12.02        
 16     544   11925   40525 x 73447       0.01%      100 new     444 zero         1.87 | 14.22        
 16     799   13345  102896 x 179434      0.00%      139 new     660 zero         3.24 | 20.91        
 16    1000   15132  249919 x 435373      0.00%      168 new     832 zero         6.35 | 27.46        
 16    1000   17353  351788 x 637583      0.00%      164 new     836 zero         8.73 | 32.52        
 16    1000   19131  472251 x 913995      0.00%      163 new     837 zero         9.92 | 32.86        
 16    1000   20768  763809 x 1505139     0.00%      131 new     869 zero        19.32 | 39.99        
 16    1000   22182  874407 x 1625859     0.00%       95 new     905 zero        15.13 | 30.70        
 16     527   22966  508068 x 923974      0.00%       44 new     483 zero         9.60 | 15.52        
 16     239   23284  161219 x 316839      0.00%       22 new     217 zero         2.36 | 5.31         
 17    1000   23496  158920 x 336249      0.00%       54 new     946 zero         3.85 | 12.12        
 17    1000   23153  239272 x 485371      0.00%       75 new     925 zero         5.36 | 15.39        
 17    1000   23004  568666 x 985585      0.00%       89 new     911 zero         9.04 | 22.03        
 17    1000   23049  920142 x 1556804     0.00%      101 new     899 zero        12.98 | 27.98        
 17    1002   23144 1402220 x 2147923     0.00%      135 new     867 zero        17.96 | 41.74        
 17    1001   23735 2122455 x 3312228     0.00%      163 new     838 zero        27.52 | 57.66        
 17    1000   25368 1151284 x 1966824     0.00%      114 new     886 zero        19.26 | 36.50        
 17    1000   26492  351644 x 638383      0.00%       47 new     953 zero         6.01 | 12.36        
 17    1000   26262  121997 x 266297      0.00%       82 new     918 zero         4.10 | 14.48        
 17    1000   26726  119991 x 284596      0.00%      103 new     897 zero         5.04 | 17.37        
 17    1000   27782  557090 x 1132172     0.00%       50 new     950 zero        11.70 | 19.58        
 17    1001   27782   61849 x 154988      0.01%       57 new     944 zero         2.32 | 8.72         
 17    1000   27980  583600 x 1219523     0.00%       22 new     978 zero        11.83 | 16.75        
 17    1000   27325  421252 x 742149      0.00%       25 new     975 zero         6.80 | 11.07        
 17    1001   26689  605817 x 1067037     0.00%       50 new     951 zero         9.81 | 17.57        
 17    1000   26330  340270 x 632049      0.00%       82 new     918 zero         6.34 | 15.72        
 17    1000   26703  134226 x 253468      0.00%       89 new     911 zero         3.19 | 12.49        
 17    1000   27103