
Legend for f4 information
--------------------------------------------------------
deg       current degree of pairs selected in this round
sel       number of pairs selected in this round
pairs     total number of pairs in pair list
mat       matrix dimensions (# rows x # columns)
density   density of the matrix
new data  # new elements for basis in this round
          # zero reductions during linear algebra
time(rd)  time of the current f4 round in seconds given
          for real and cpu time
--------------------------------------------------------

deg     sel   pairs        mat          density            new data         time(rd) in sec (real|cpu)
------------------------------------------------------------------------------------------------------
  2       5     549      18 x 26          9.40%        5 new       0 zero         0.00 | 0.02         
  3      22     584      94 x 178         1.70%       19 new       3 zero         0.00 | 0.10         
  3      62     752     160 x 263         1.17%       36 new      26 zero         0.01 | 0.18         
  3      78    1053     212 x 222         1.29%       13 new      65 zero         0.00 | 0.08         
  3      14    1108      43 x 55          4.78%        2 new      12 zero         0.00 | 0.02         
  4     311    1116    1864 x 2868        0.16%       55 new     256 zero         0.03 | 0.50         
  3      30    1402     207 x 425         1.06%       25 new       5 zero         0.04 | 0.65         
  3      71    1526     208 x 225         1.19%       17 new      54 zero         0.01 | 0.16         
  4     518    1690    3261 x 5021        0.12%      120 new     398 zero         0.11 | 1.69         
  4     512    2799    3322 x 5644        0.14%      142 new     370 zero         0.26 | 3.69         
  4     137    4416    2434 x 4567        0.25%       28 new     109 zero         0.12 | 1.27         
  5    1000    4728   12951 x 22702       0.06%      215 new     785 zero         1.01 | 12.18        
  3      28    7055     137 x 215         1.53%       18 new      10 zero         0.10 | 1.29         
  3      54    6214     136 x 100         1.89%        2 new      52 zero         0.03 | 0.25         
  4     290    6055    3204 x 6320        0.16%      127 new     164 zero         0.59 | 6.96         
  3      12    5940      69 x 70          3.62%        2 new      10 zero         0.05 | 0.61         
  4     579    5968    6397 x 10912       0.14%      197 new     382 zero         2.27 | 20.77        
  4     283    8549    3579 x 6201        0.28%       67 new     216 zero         1.04 | 8.80         
  5    1000    9518   18057 x 34071       0.07%      369 new     631 zero         4.90 | 45.16        
  4      22   15411    2730 x 7552        0.52%       13 new       9 zero         0.32 | 2.08         
  5    1000   15555   26121 x 49759       0.06%      330 new     670 zero         3.38 | 32.39        
  5    1000   20324   29521 x 56809       0.07%      249 new     752 zero         3.78 | 31.88        
  5    1000   24422   20239 x 35398       0.13%      120 new     885 zero         3.01 | 19.53        
  5    1000   25829   37805 x 62530       0.07%      177 new     826 zero         4.22 | 28.20        
  5    1000   28388   46915 x 78694       0.06%      169 new     831 zero         3.68 | 23.86        
  5    1000   30810   48161 x 86940       0.06%      123 new     882 zero         3.40 | 17.66        
  5    1000   32260   43555 x 72499       0.07%      121 new     883 zero         4.53 | 21.85        
  5    1000   33705   61175 x 111824      0.06%      215 new     785 zero         7.91 | 37.30        
  5    1000   37124   60319 x 97166       0.07%       66 new     936 zero         5.00 | 13.68        
  5    1002   37440   50196 x 80796       0.08%      123 new     879 zero         5.92 | 23.13        
  5    1000   38942   49841 x 80626       0.07%       88 new     913 zero         5.83 | 17.62        
  5     529   39787   34080 x 48196       0.07%       26 new     503 zero         2.26 | 6.13         
  6    1000   39770   62615 x 118120      0.06%      205 new     795 zero         7.61 | 32.51        
  4      54   42700    2176 x 4715        0.47%       44 new      10 zero         0.57 | 5.34         
  4     393   39978    6706 x 13103       0.23%      196 new     197 zero         2.74 | 25.90        
  4     713   34148    5105 x 8367        0.32%      161 new     553 zero         3.16 | 24.94        
  4     242   34174    2462 x 3312        0.45%       39 new     203 zero         0.88 | 6.59         
  4      15   34656     290 x 422         0.98%        4 new      11 zero         0.13 | 1.07         
  5    1000   34739   24377 x 53203       0.11%      474 new     526 zero         8.42 | 64.09        
  4      68   37340    3734 x 7674        0.45%       40 new      28 zero         0.96 | 6.31         
  4     102   36800    3555 x 6775        0.43%       37 new      65 zero         0.87 | 5.71         
  4      19   37290     840 x 1448        0.94%        5 new      14 zero         0.16 | 0.89         
  5    1001   37384   33701 x 68731       0.09%      575 new     426 zero        11.99 | 83.42        
  5    1000   43970   35297 x 71838       0.11%      396 new     605 zero        10.67 | 52.68        
  5    1000   51560   36583 x 65902       0.13%      253 new     747 zero         9.79 | 45.25        
  5    1000   56463   29429 x 45873       0.16%      183 new     818 zero         5.94 | 27.21        
  5    1000   59910   48917 x 85274       0.10%      184 new     818 zero         7.73 | 27.54        
  5    1000   63418   59155 x 111086      0.08%      311 new     690 zero        13.23 | 50.08        
  5    1000   69618   61547 x 102573      0.09%      296 new     704 zero        12.40 | 45.68        
  5    1000   75743   66769 x 118020      0.09%      207 new     795 zero        18.36 | 50.53        
  5    1000   79415   58897 x 94733       0.10%      108 new     892 zero        12.91 | 27.18        
  5    1000   80939   64038 x 125077      0.09%      281 new     720 zero        18.37 | 51.87        
  5    1000   86386   76239 x 148394      0.08%      387 new     615 zero        30.66 | 81.77        
  5    1001   94411   79532 x 136420      0.09%      143 new     858 zero        18.38 | 37.89        
  5    1000   96830   75446 x 114154      0.10%       74 new     928 zero        13.17 | 23.01        
  5    1000   97541   88595 x 138702      0.08%      232 new     769 zero        21.67 | 52.10        
  5    1000  102135   96004 x 160692      0.07%      175 new     825 zero        25.64 | 48.85        
  5    1000  105562   72095 x 116927      0.09%      134 new     866 zero        18.91 | 35.09        
  5    1000  108015   75415 x 121856      0.09%      107 new     893 zero        19.90 | 34.29        
  5    1000  109683   62152 x 87750       0.11%       63 new     937 zero        19.92 | 27.56        
  5    1000  110219   60064 x 98572       0.10%       91 new     909 zero        18.87 | 30.91        
  5    1000  111510   54228 x 77379       0.11%      137 new     867 zero        19.86 | 35.68        
  5    1000  113760   67858 x 99094       0.09%       55 new     945 zero        19.37 | 26.03        
  5    1000  114120   56245 x 78676       0.11%       40 new     960 zero        14.71 | 19.65        
  5     949  114063   50363 x 69330       0.11%       61 new     888 zero        13.25 | 20.59        
  6    1000  114662  113334 x 217272      0.06%      333 new     667 zero        53.44 | 111.15       
  6    1000  122389  130148 x 235824      0.06%      269 new     732 zero        50.98 | 96.65        
  6    1000  128080  127153 x 211067      0.06%      155 new     846 zero        34.09 | 59.03        
  6    1000  130906  145697 x 274287      0.05%      252 new     750 zero        61.22 | 103.29       
  6    1000  136107  146826 x 237960      0.06%      161 new     840 zero        42.72 | 68.64        
  6    1000  138900  149908 x 259153      0.06%      235 new     767 zero        54.89 | 90.46        
  6    1000  143972  139287 x 234956      0.07%      190 new     812 zero        49.28 | 78.99        
  6    1000  147742  157870 x 277005      0.06%      286 new     716 zero        58.23 | 101.88       
  6    1000  154142  144666 x 290644      0.07%      426 new     574 zero        77.58 | 147.26       
  6    1000  163644  184117 x 352288      0.05%      297 new     706 zero        86.21 | 136.33       
  6    1001  169781  168409 x 304827      0.06%      166 new     843 zero        71.27 | 98.95        
  6    1000  173324  171257 x 319583      0.06%      151 new     852 zero        77.29 | 101.87       
  6    1001  176276  184712 x 358311      0.06%      294 new     712 zero        98.27 | 149.34       
  6    1000  182675  190854 x 297855      0.07%      220 new     785 zero        67.79 | 104.54       
  6    1000  187060  186722 x 298211      0.07%      184 new     821 zero        71.25 | 102.37       
  6    1000  190752  167040 x 282248      0.07%      220 new     787 zero        76.05 | 110.16       
  6    1000  195253  202595 x 358638      0.06%      268 new     735 zero        97.10 | 143.40       
  6    1000  200668  224919 x 404599      0.06%      264 new     737 zero       131.09 | 180.35       
  6    1000  206312  187880 x 300457      0.07%      302 new     701 zero