
Legend for f4 information
--------------------------------------------------------
deg       current degree of pairs selected in this round
sel       number of pairs selected in this round
pairs     total number of pairs in pair list
mat       matrix dimensions (# rows x # columns)
density   density of the matrix
new data  # new elements for basis in this round
          # zero reductions during linear algebra
time(rd)  time of the current f4 round in seconds given
          for real and cpu time
--------------------------------------------------------

deg     sel   pairs        mat          density            new data         time(rd) in sec (real|cpu)
------------------------------------------------------------------------------------------------------
  2       1     982       2 x 1         100.00%        0 new       1 zero         0.00 | 0.00         
  3       3     981      10 x 12         19.17%        2 new       1 zero         0.00 | 0.02         
  3       2    1103       7 x 9          22.22%        2 new       0 zero         0.00 | 0.04         
  3       1    1219       2 x 1         100.00%        0 new       1 zero         0.00 | 0.00         
  4       6    1218      35 x 39          6.23%        2 new       4 zero         0.00 | 0.02         
  3       4    1340      12 x 19         11.84%        3 new       1 zero         0.00 | 0.02         
  3       2    1352       4 x 2          50.00%        0 new       2 zero         0.00 | 0.00         
  4       7    1350      51 x 54          4.07%        1 new       6 zero         0.00 | 0.02         
  5       9    1454      72 x 79          3.20%        2 new       7 zero         0.01 | 0.11         
  3       6    1454      25 x 33          6.55%        4 new       2 zero         0.01 | 0.18         
  4      23    1469     144 x 159         1.44%        8 new      15 zero         0.00 | 0.08         
  4      15    1500      42 x 27          4.94%        0 new      15 zero         0.00 | 0.02         
  5      24    1485     201 x 210         1.03%        4 new      20 zero         0.00 | 0.04         
  6      27    1581     325 x 356         0.70%        1 new      26 zero         0.00 | 0.04         
  3       4    1562      13 x 22         10.84%        4 new       0 zero         0.00 | 0.04         
  4      21    1600     132 x 172         1.45%        7 new      14 zero         0.02 | 0.29         
  4       9    1625      20 x 11         10.00%        0 new       9 zero         0.00 | 0.02         
  5      37    1616     408 x 519         0.54%       10 new      27 zero         0.01 | 0.10         
  6      72    1682     966 x 1112        0.23%        6 new      66 zero         0.02 | 0.22         
  7      47    1741     820 x 952         0.29%        1 new      46 zero         0.00 | 0.06         
  3       5    1704      15 x 31          8.82%        5 new       0 zero         0.00 | 0.06         
  4      30    1766     178 x 245         1.09%       11 new      19 zero         0.02 | 0.26         
  4      12    1832      25 x 15          7.47%        1 new      11 zero         0.00 | 0.02         
  5      73    1828     707 x 1020        0.31%       17 new      56 zero         0.06 | 0.93         
  6     154    1935    2528 x 3366        0.10%       19 new     135 zero         0.04 | 0.43         
  7     175    1982    5517 x 7131        0.05%       12 new     163 zero         0.04 | 0.41         
  8     172    1995    8063 x 12974       0.03%       37 new     135 zero         0.11 | 1.09         
  3      21     610      59 x 156         2.38%       18 new       3 zero         0.03 | 0.46         
  3       9     862      34 x 62          4.36%        6 new       3 zero         0.00 | 0.10         
  4     196     927    1038 x 1868        0.22%       77 new     119 zero         0.88 | 8.13         
  4      89    1375     411 x 749         0.50%       39 new      50 zero         0.56 | 5.17         
  4     175    1878     885 x 1712        0.30%       81 new      94 zero         1.02 | 9.43         
  4      60    2759     308 x 604         0.70%       25 new      35 zero         0.41 | 3.68         
  4      18    3075      63 x 98          2.92%        6 new      12 zero         0.14 | 1.37         
  5    1000    3170    8362 x 14891       0.04%      294 new     706 zero         1.91 | 20.22        
  4      41    6068     446 x 1337        0.45%       22 new      19 zero         0.07 | 0.82         
  4      22    6179      72 x 173         2.01%        7 new      15 zero         0.02 | 0.37         
  4      19    6128     161 x 365         1.45%        7 new      12 zero         0.03 | 0.42         
  4      10    6218      76 x 245         2.75%        3 new       7 zero         0.02 | 0.25         
  5    1000    6249   12860 x 26990       0.03%      323 new     677 zero         0.96 | 11.44        
  4      38    9575     279 x 794         0.90%       16 new      22 zero         0.15 | 2.08         
  4      20    9800      76 x 169         2.71%        6 new      14 zero         0.07 | 1.01         
  5    1000    9908   14212 x 31466       0.04%      333 new     667 zero         2.36 | 28.60        
  4      33   13946     206 x 568         1.15%        9 new      24 zero         0.05 | 0.79         
  5    1001   14061   15819 x 33985       0.03%      237 new     764 zero         2.21 | 21.70        
  4      21   17113      77 x 172         2.14%        6 new      15 zero         0.13 | 1.27         
  5    1000   17241   14749 x 37625       0.04%      275 new     725 zero         3.90 | 32.14        
  5    1000   21220   17791 x 43870       0.04%      300 new     700 zero         4.32 | 38.10        
  4      18   24990      77 x 218         2.80%        4 new      14 zero         0.06 | 0.52         
  5    1000   25053   14727 x 39175       0.05%      214 new     786 zero         3.19 | 26.47        
  5     836   27196    9714 x 27979       0.07%      133 new     703 zero         2.03 | 15.18        
  5     238   28661    3683 x 13716       0.12%       59 new     179 zero         1.17 | 7.91         
  6    1000   29484   29239 x 66509       0.03%      342 new     658 zero         5.58 | 46.94        
  4      19   34189     218 x 619         1.16%       12 new       7 zero         0.15 | 1.65         
  4      24   33696      81 x 183         2.25%        6 new      18 zero         0.11 | 1.25         
  5     537   33125   12328 x 32974       0.06%      190 new     347 zero         3.24 | 25.13        
  4      24   33972     169 x 738         2.30%        6 new      18 zero         0.09 | 0.92         
  5     775   33356   19204 x 53037       0.04%      338 new     437 zero         7.26 | 47.83        
  4      51   35543     307 x 1098        1.41%       19 new      32 zero         0.30 | 2.69         
  4      22   34635     250 x 1183        1.40%       12 new      10 zero         0.20 | 1.84         
  5    1000   34363   16005 x 42307       0.05%      297 new     703 zero         5.98 | 43.53        
  4      47   37394     341 x 1244        1.60%       11 new      36 zero         0.34 | 2.31         
  5    1000   37365   13755 x 40930       0.06%      342 new     658 zero         5.76 | 43.57        
  5    1000   42755   16171 x 45351       0.07%      223 new     779 zero         5.65 | 32.65        
  5     660   45215    7436 x 24378       0.09%      108 new     552 zero         2.94 | 16.60        
  5     122   46649    3805 x 15375       0.18%       47 new      75 zero         1.61 | 7.83         
  6    1000   47368   39577 x 94963       0.03%      395 new     605 zero        11.28 | 61.91        
  4      19   53052      83 x 244         2.50%        4 new      15 zero         0.11 | 0.73         
  5     268   53081    6084 x 22286       0.14%       84 new     184 zero         2.34 | 12.46        
  5     320   53315   12970 x 40885       0.08%      106 new     214 zero         4.10 | 18.13        
  5     106   54802    8311 x 26160       0.15%       26 new      80 zero         1.50 | 4.55         
  5      18   55259     371 x 1457        0.91%        2 new      16 zero         0.13 | 0.43         
  6    1000   55285   48465 x 123585      0.03%      467 new     533 zero        14.36 | 73.71        
  5     151   63002    8230 x 27619       0.18%       86 new      65 zero         2.89 | 12.83        
  5      70   64663    2321 x 9015        0.42%       24 new      46 zero         1.56 | 4.80         
  6    1000   65091   54114 x 148502      0.03%      404 new     596 zero        15.93 | 69.01        
  5     427   70908   12332 x 41842       0.11%      158 new     269 zero         5.29 | 21.05        
  5     124   73522    5018 x 20027       0.21%       26 new      98 zero         1.58 | 4.33         
  6    1000   73912   57547 x 167911      0.03%      589 new     411 zero        23.23 | 89.14        
  5      85   84452    3531 x 14960       0.27%       13 new      72 zero         1.70 | 3.48         
  6    1000   84554   56894 x 154508      0.03%      239 new     761 zero        18.33 | 47.68        
  5      45   88202    3080 x 13540       0.24%        5 new      40 zero         1.32 | 2.53         
  6    1000   88226   55307 x 134953      0.03%      151 new     849 zero        14.48 | 34.03        
  5      60   89631    8461 x 28849       0.20%       25 new      35 zero         2.37 | 5.23         
  5      80   89375    8132 x 28619       0.20%       30 new      50 zero         2.79 | 6.22         
  6    1000   89752   53070 x 143484      0.04%      157 new     847 zero        12.33 | 30.14        
  5      58   91931    2921 x 13028       0.25%       14 new      44 zero         1.67 | 3.52         
  6    1000   92171   50839 x 146826      0.04%      192 new     809 zero        14.71 | 37.66        
  5      81   94777    2225 x 9889        0.36%        8 new      73 zero         1.05 | 2.28         
  6    1000   94851   78838 x 202586      0.03%      262 new     738 zero        19.97 | 49.44        
  5      38   98794    1240 x 7580        0.46%        6 new      32 zero         0.77 | 1.57         
  5      11   98907     455 x 2298        0.88%        0 new      11 zero         0.25 | 0.25         
  6    1000   98896   61543 x 150871      0.03%      145 new     857 zero        16.03 | 33.11        
  5      18  100633     173 x 1080        2.23%        1 new      17 zero         0.28 | 0.48         
  5      17  100600     178 x 864         1.53%        0 new      17 zero         0.18 | 0.19         
  6    1000  100583   69553 x 157297      0.03%       69 new     932 zero        15.65 | 23.59        
  6    1000  101004   46784 x 134120      0.05%       87 new     916 zero        13.32 | 23.68        
  5      64  101412    2151 x 10817       0.48%        7 new      57 zero         1.26 | 2.18         
  6    1001  101502   87791 x 197194      0.02%      114 new     887 zero        17.92 | 31.97        
  5      42  102387     681 x 3556        0.48%        0 new      42 zero         0.39 | 0.67         
  6    1000  102345   60585 x 147323      0.03%      105 new     895 zero        14.78 | 26.15        
  5      17  103017     258 x 962         1.16%        1 new      16 zero         0.16 | 0.36         
  6    1000  103019   86493 x 197355      0.03%       42 new     958 zero        13.95 | 18.85        
  6    1000  102776   69763 x 186968      0.03%       65 new     935 zero        16.90 | 25.00        
  5      35  102930    2287 x 12429       0.46%       11 new      24 zero         1.44 | 2.71         
  6    1001  103056   72952 x 181972      0.03%       27 new     974 zero        12.91 | 16.02        
  6    1001  102526   65847 x 186515      0.03%       56 new     945 zero        17.80 | 24.44        
  5      45  102390    2059 x 11629       0.49%       13 new      32 zero         1.49 | 3.15         
  6    1000  102601   32557 x 119565      0.06%       70 new     930 zero        15.11 | 22.98        
  5      54  102875     722 x 3823        0.41%        0 new      54 zero         0.42 | 0.42         
  6    1000  102821  101334 x 257156      0.02%      327 new     673 zero        29.61 | 68.11        
  6    1000  108752  111841 x 268896      0.02%      346 new     655 zero        30.71 | 73.42        
  5      19  114747    1672 x 8100        0.77%       10 new       9 zero         1.22 | 2.39         
  5      13  114872     274 x 1513        1.06%        0 new      13 zero         0.22 | 0.23         
  6    1000  114859  124635 x 330468      0.02%      404 new     597 zero        61.52 | 126.05       
  6    1000  122553  108857 x 280146      0.03%      283 new     718 zero        43.84 | 85.44        
  6    1000  127355  134793 x 336215      0.02%      231 new     770 zero        55.19 | 89.70        
  6    1000  131189  128758 x 297288      0.02%      129 new     871 zero        35.63 | 53.24        
  6    1000  132910  152756 x 364417      0.02%      248 new     752 zero        45.90 | 78.75        
  6    1000  137870  118197 x 251944      0.02%       39 new     961 zero        23.54 | 28.44        
  6    1001  137735  120822 x 319513      0.02%       69 new     935 zero        36.69 | 45.18        
  6    1001  138147  107301 x 305134      0.03%       91 new     910 zero        40.63 | 51.34        
  6    1002  138990   78797 x 241221      0.04%       80 new     922 zero        44.45 | 54.66        
  5      41  139454     525 x 3543        1.94%        5 new      36 zero         0.77 | 1.78         
  6    1000  139563  155621 x 400296      0.02%      165 new     835 zero        52.68 | 73.10        
  6    1000  142393  140473 x 362245      0.02%      114 new     886 zero        66.55 | 79.81        
  6    1000  143846  118563 x 307715      0.02%      100 new     901 zero        50.62 | 63.77        
  6    1001  145246  146562 x 318687      0.02%       35 new     966 zero        34.13 | 38.84        
  6    1000  145024  122735 x 321787      0.02%       29 new     971 zero        40.25 | 44.04        
  6    1000  144683   75231 x 237040      0.04%       12 new     989 zero        34.71 | 36.46        
  6    1001  143949  150072 x 429445      0.02%      107 new     894 zero        62.24 | 74.86        
  6    1000  145671  155746 x 440806      0.02%      200 new     800 zero        66.50 | 90.86        
  6    1000  149614  163935 x 407817      0.02%       92 new     908 zero        52.48 | 63.18        
  6    1000  150782  137787 x 337063      0.03%       39 new     963 zero        42.34 | 47.19        
  6    1001  150543  137972 x 386945      0.02%       91 new     910 zero        60.46 | 71.08        
  6    1000  151473  138521 x 371501      0.02%       71 new     929 zero        72.69 | 81.22        
  6    1001  152092  151268 x 433964      0.02%      110 new     891 zero        68.77 | 81.35        
  6    1000  153562  138077 x 422676      0.02%       60 new     941 zero        70.62 | 77.55        
  6    1001  153801  129429 x 385102      0.02%       74 new     931 zero        66.12 | 74.22        
  6    1000  154228   61959 x 246104      0.04%      110 new     891 zero        58.73 | 70.72        
  5      45  155149     456 x 2317        0.60%        0 new      45 zero         0.38 | 0.39         
  6    1000  155104