utc=2026-09-05T14:12:07Z
pid=
utc=2026-09-05T14:12:27Z
pid=3176
VmPeak:	  892876 kB
VmSize:	  892876 kB
VmHWM:	  616724 kB
VmRSS:	  616724 kB
utc=2026-09-05T14:12:47Z
pid=3176
VmPeak:	 1340244 kB
VmSize:	 1340244 kB
VmHWM:	 1063428 kB
VmRSS:	 1063428 kB
utc=2026-09-05T14:13:07Z
pid=3176
VmPeak:	 1669168 kB
VmSize:	 1669168 kB
VmHWM:	 1393684 kB
VmRSS:	 1393684 kB
utc=2026-09-05T14:13:27Z
pid=3176
VmPeak:	 1775092 kB
VmSize:	 1775092 kB
VmHWM:	 1498044 kB
VmRSS:	 1498044 kB
utc=2026-09-05T14:13:47Z
pid=3176
VmPeak:	 1987244 kB
VmSize:	 1987244 kB
VmHWM:	 1710252 kB
VmRSS:	 1710252 kB
utc=2026-09-05T14:14:07Z
pid=3176
VmPeak:	 2244068 kB
VmSize:	 2244068 kB
VmHWM:	 1968500 kB
VmRSS:	 1968500 kB
utc=2026-09-05T14:14:27Z
pid=3176
VmPeak:	 2609228 kB
VmSize:	 2607184 kB
VmHWM:	 2331624 kB
VmRSS:	 2331624 kB
utc=2026-09-05T14:14:47Z
pid=3176
VmPeak:	 2925184 kB
VmSize:	 2925184 kB
VmHWM:	 2649576 kB
VmRSS:	 2649576 kB
utc=2026-09-05T14:15:07Z
pid=3176
VmPeak:	 3134352 kB
VmSize:	 3134352 kB
VmHWM:	 2858812 kB
VmRSS:	 2858812 kB
utc=2026-09-05T14:15:27Z
pid=3176
VmPeak:	 3345548 kB
VmSize:	 3345548 kB
VmHWM:	 3069808 kB
VmRSS:	 3069808 kB
utc=2026-09-05T14:15:47Z
pid=3176
VmPeak:	 3548556 kB
VmSize:	 3548556 kB
VmHWM:	 3272428 kB
VmRSS:	 3272316 kB
utc=2026-09-05T14:16:07Z
pid=3176
VmPeak:	 3786312 kB
VmSize:	 3786312 kB
VmHWM:	 3510176 kB
VmRSS:	 3509564 kB
utc=2026-09-05T14:16:27Z
pid=3176
VmPeak:	 3987236 kB
VmSize:	 3987236 kB
VmHWM:	 3710876 kB
VmRSS:	 3710876 kB
utc=2026-09-05T14:16:47Z
pid=3176
VmPeak:	 4210800 kB
VmSize:	 4208752 kB
VmHWM:	 3934632 kB
VmRSS:	 3933248 kB
utc=2026-09-05T14:17:07Z
pid=3176
VmPeak:	 4450876 kB
VmSize:	 4450876 kB
VmHWM:	 4174816 kB
VmRSS:	 4173460 kB
utc=2026-09-05T14:17:27Z
pid=3176
VmPeak:	 4725688 kB
VmSize:	 4725688 kB
VmHWM:	 4449472 kB
VmRSS:	 4449472 kB
utc=2026-09-05T14:17:47Z
pid=3176
VmPeak:	 4914420 kB
VmSize:	 4914420 kB
VmHWM:	 4637952 kB
VmRSS:	 4637952 kB
utc=2026-09-05T14:18:07Z
pid=3176
VmPeak:	 5132032 kB
VmSize:	 5132032 kB
VmHWM:	 4855728 kB
VmRSS:	 4855728 kB
utc=2026-09-05T14:18:27Z
pid=3176
VmPeak:	 5367652 kB
VmSize:	 5367652 kB
VmHWM:	 5091072 kB
VmRSS:	 5091072 kB
utc=2026-09-05T14:18:47Z
pid=3176
VmPeak:	 5543888 kB
VmSize:	 5543888 kB
VmHWM:	 5268432 kB
VmRSS:	 5268432 kB
utc=2026-09-05T14:19:07Z
pid=3176
VmPeak:	 5707796 kB
VmSize:	 5707796 kB
VmHWM:	 5431356 kB
VmRSS:	 5431356 kB
utc=2026-09-05T14:19:27Z
pid=3176
VmPeak:	 5869716 kB
VmSize:	 5869716 kB
VmHWM:	 5592724 kB
VmRSS:	 5592724 kB
utc=2026-09-05T14:19:47Z
pid=3176
VmPeak:	 6029668 kB
VmSize:	 6027624 kB
VmHWM:	 5753612 kB
VmRSS:	 5752168 kB
utc=2026-09-05T14:20:07Z
pid=3176
VmPeak:	 6203952 kB
VmSize:	 6203952 kB
VmHWM:	 5927436 kB
VmRSS:	 5927436 kB
utc=2026-09-05T14:20:27Z
pid=3176
VmPeak:	 6398652 kB
VmSize:	 6398652 kB
VmHWM:	 6123204 kB
VmRSS:	 6123204 kB
utc=2026-09-05T14:20:47Z
pid=3176
VmPeak:	 6542104 kB
VmSize:	 6542104 kB
VmHWM:	 6265116 kB
VmRSS:	 6265116 kB
utc=2026-09-05T14:21:07Z
pid=3176
VmPeak:	 6644588 kB
VmSize:	 6644588 kB
VmHWM:	 6367628 kB
VmRSS:	 6367628 kB
utc=2026-09-05T14:21:27Z
pid=3176
VmPeak:	 6763468 kB
VmSize:	 6763468 kB
VmHWM:	 6486516 kB
VmRSS:	 6486516 kB
utc=2026-09-05T14:21:47Z
pid=3176
VmPeak:	 6906916 kB
VmSize:	 6906916 kB
VmHWM:	 6630316 kB
VmRSS:	 6630316 kB
utc=2026-09-05T14:22:07Z
pid=3176
VmPeak:	 7072900 kB
VmSize:	 7072900 kB
VmHWM:	 6796844 kB
VmRSS:	 6795628 kB
utc=2026-09-05T14:22:27Z
pid=3176
VmPeak:	 7222512 kB
VmSize:	 7222512 kB
VmHWM:	 6946180 kB
VmRSS:	 6946180 kB
utc=2026-09-05T14:22:47Z
pid=3176
VmPeak:	 7359872 kB
VmSize:	 7359872 kB
VmHWM:	 7084420 kB
VmRSS:	 7084420 kB
utc=2026-09-05T14:23:07Z
pid=3176
VmPeak:	 7511548 kB
VmSize:	 7511548 kB
VmHWM:	 7234980 kB
VmRSS:	 7234980 kB
utc=2026-09-05T14:23:27Z
pid=3176
VmPeak:	 7661340 kB
VmSize:	 7661340 kB
VmHWM:	 7385772 kB
VmRSS:	 7385772 kB
utc=2026-09-05T14:23:47Z
pid=3176
VmPeak:	 7802820 kB
VmSize:	 7802820 kB
VmHWM:	 7526636 kB
VmRSS:	 7526012 kB
utc=2026-09-05T14:24:07Z
pid=3176
VmPeak:	 8020128 kB
VmSize:	 8020128 kB
VmHWM:	 7743544 kB
VmRSS:	 7743544 kB
utc=2026-09-05T14:24:27Z
pid=3176
VmPeak:	 8208688 kB
VmSize:	 8208688 kB
VmHWM:	 7931432 kB
VmRSS:	 7931432 kB
utc=2026-09-05T14:24:47Z
pid=3176
VmPeak:	 8335740 kB
VmSize:	 8335740 kB
VmHWM:	 8060220 kB
VmRSS:	 8060220 kB
utc=2026-09-05T14:25:07Z
pid=3176
VmPeak:	 8516084 kB
VmSize:	 8516084 kB
VmHWM:	 8238960 kB
VmRSS:	 8238960 kB
utc=2026-09-05T14:25:27Z
pid=3176
VmPeak:	 8723100 kB
VmSize:	 8723100 kB
VmHWM:	 8447584 kB
VmRSS:	 8447584 kB
utc=2026-09-05T14:25:48Z
pid=3176
VmPeak:	 8946532 kB
VmSize:	 8946532 kB
VmHWM:	 8670336 kB
VmRSS:	 8670336 kB
utc=2026-09-05T14:26:08Z
pid=3176
VmPeak:	 9053068 kB
VmSize:	 9053068 kB
VmHWM:	 8777592 kB
VmRSS:	 8777592 kB
utc=2026-09-05T14:26:28Z
pid=3176
VmPeak:	 9122720 kB
VmSize:	 9122720 kB
VmHWM:	 8846952 kB
VmRSS:	 8846952 kB
utc=2026-09-05T14:26:48Z
pid=3176
VmPeak:	 9161644 kB
VmSize:	 9161644 kB
VmHWM:	 8884904 kB
VmRSS:	 8884904 kB
utc=2026-09-05T14:27:08Z
pid=3176
VmPeak:	 9260028 kB
VmSize:	 9260028 kB
VmHWM:	 8984552 kB
VmRSS:	 8984552 kB
utc=2026-09-05T14:27:28Z
pid=3176
VmPeak:	 9395256 kB
VmSize:	 9380924 kB
VmHWM:	 9119172 kB
VmRSS:	 9104968 kB
utc=2026-09-05T14:27:48Z
pid=3176
VmPeak:	 9532540 kB
VmSize:	 9532540 kB
VmHWM:	 9257064 kB
VmRSS:	 9257064 kB
utc=2026-09-05T14:28:08Z
pid=3176
VmPeak:	 9653440 kB
VmSize:	 9653440 kB
VmHWM:	 9377968 kB
VmRSS:	 9377968 kB
utc=2026-09-05T14:28:28Z
pid=3176
VmPeak:	 9778448 kB
VmSize:	 9778448 kB
VmHWM:	 9501296 kB
VmRSS:	 9501296 kB
utc=2026-09-05T14:28:48Z
pid=3176
VmPeak:	 9923920 kB
VmSize:	 9921876 kB
VmHWM:	 9647852 kB
VmRSS:	 9646400 kB
utc=2026-09-05T14:29:08Z
pid=3176
VmPeak:	10114452 kB
VmSize:	10114452 kB
VmHWM:	 9837788 kB
VmRSS:	 9837788 kB
utc=2026-09-05T14:29:28Z
pid=3176
VmPeak:	10227124 kB
VmSize:	10227124 kB
VmHWM:	 9950232 kB
VmRSS:	 9950232 kB
utc=2026-09-05T14:29:48Z
pid=3176
VmPeak:	10380788 kB
VmSize:	10380788 kB
VmHWM:	10104804 kB
VmRSS:	10104804 kB
utc=2026-09-05T14:30:08Z
pid=3176
VmPeak:	10481204 kB
VmSize:	10481204 kB
VmHWM:	10205728 kB
VmRSS:	10205728 kB
utc=2026-09-05T14:30:28Z
pid=3176
VmPeak:	10669684 kB
VmSize:	10669684 kB
VmHWM:	10394208 kB
VmRSS:	10394208 kB
utc=2026-09-05T14:30:48Z
pid=3176
VmPeak:	10765976 kB
VmSize:	10765976 kB
VmHWM:	10490504 kB
VmRSS:	10490504 kB
utc=2026-09-05T14:31:08Z
pid=3176
VmPeak:	10995472 kB
VmSize:	10995472 kB
VmHWM:	10718784 kB
VmRSS:	10718784 kB
utc=2026-09-05T14:31:28Z
pid=3176
VmPeak:	11098056 kB
VmSize:	11098056 kB
VmHWM:	10822488 kB
VmRSS:	10822488 kB
utc=2026-09-05T14:31:48Z
pid=3176
VmPeak:	11231188 kB
VmSize:	11231188 kB
VmHWM:	10955620 kB
VmRSS:	10955620 kB
utc=2026-09-05T14:32:08Z
pid=3176
VmPeak:	11370476 kB
VmSize:	11368432 kB
VmHWM:	11094312 kB
VmRSS:	11092860 kB
utc=2026-09-05T14:32:28Z
pid=3176
VmPeak:	11556944 kB
VmSize:	11556944 kB
VmHWM:	11281376 kB
VmRSS:	11281376 kB
utc=2026-09-05T14:32:48Z
pid=3176
VmPeak:	11692248 kB
VmSize:	11692248 kB
VmHWM:	11416100 kB
VmRSS:	11416100 kB
utc=2026-09-05T14:33:08Z
pid=3176
VmPeak:	11821352 kB
VmSize:	11821352 kB
VmHWM:	11545780 kB
VmRSS:	11545780 kB
utc=2026-09-05T14:33:28Z
pid=3176
VmPeak:	12059096 kB
VmSize:	12059096 kB
VmHWM:	11783524 kB
VmRSS:	11783524 kB
utc=2026-09-05T14:33:48Z
pid=3176
VmPeak:	12253784 kB
VmSize:	12253784 kB
VmHWM:	11978212 kB
VmRSS:	11978212 kB
utc=2026-09-05T14:34:08Z
pid=3176
VmPeak:	12268120 kB
VmSize:	12268120 kB
VmHWM:	11992028 kB
VmRSS:	11992028 kB
utc=2026-09-05T14:34:28Z
pid=3176
VmPeak:	12268120 kB
VmSize:	12268120 kB
VmHWM:	11992028 kB
VmRSS:	11992028 kB
utc=2026-09-05T14:34:48Z
pid=3176
VmPeak:	12370532 kB
VmSize:	12370532 kB
VmHWM:	12093248 kB
VmRSS:	12093248 kB
utc=2026-09-05T14:35:08Z
pid=3176
VmPeak:	12370532 kB
VmSize:	12370532 kB
VmHWM:	12094960 kB
VmRSS:	12094960 kB
utc=2026-09-05T14:35:28Z
pid=3176
VmPeak:	12370532 kB
VmSize:	12370532 kB
VmHWM:	12094960 kB
VmRSS:	12094960 kB
utc=2026-09-05T14:35:48Z
pid=3176
VmPeak:	12374628 kB
VmSize:	12374628 kB
VmHWM:	12098544 kB
VmRSS:	12098544 kB
utc=2026-09-05T14:36:08Z
pid=3176
VmPeak:	12374628 kB
VmSize:	12374628 kB
VmHWM:	12098544 kB
VmRSS:	12098544 kB
utc=2026-09-05T14:36:28Z
pid=3176
VmPeak:	12421736 kB
VmSize:	12421736 kB
VmHWM:	12146164 kB
VmRSS:	12146164 kB
utc=2026-09-05T14:36:48Z
pid=3176
VmPeak:	12444268 kB
VmSize:	12444268 kB
VmHWM:	12168588 kB
VmRSS:	12168588 kB
utc=2026-09-05T14:37:08Z
pid=3176
VmPeak:	12444268 kB
VmSize:	12444268 kB
VmHWM:	12168588 kB
VmRSS:	12168588 kB
utc=2026-09-05T14:37:28Z
pid=3176
VmPeak:	12503672 kB
VmSize:	12503672 kB
VmHWM:	12227144 kB
VmRSS:	12227144 kB
utc=2026-09-05T14:37:48Z
pid=3176
VmPeak:	12505720 kB
VmSize:	12505720 kB
VmHWM:	12228980 kB
VmRSS:	12228980 kB
utc=2026-09-05T14:38:08Z
pid=3176
VmPeak:	12587660 kB
VmSize:	12587660 kB
VmHWM:	12310932 kB
VmRSS:	12310932 kB
utc=2026-09-05T14:38:28Z
pid=3176
VmPeak:	12694168 kB
VmSize:	12694168 kB
VmHWM:	12417924 kB
VmRSS:	12417924 kB
utc=2026-09-05T14:38:48Z
pid=3176
VmPeak:	12712600 kB
VmSize:	12712600 kB
VmHWM:	12437032 kB
VmRSS:	12437032 kB
utc=2026-09-05T14:39:08Z
pid=3176
VmPeak:	12712600 kB
VmSize:	12712600 kB
VmHWM:	12437032 kB
VmRSS:	12437032 kB
utc=2026-09-05T14:39:28Z
pid=3176
VmPeak:	12712600 kB
VmSize:	12712600 kB
VmHWM:	12437032 kB
VmRSS:	12437032 kB
utc=2026-09-05T14:39:48Z
pid=3176
VmPeak:	12757660 kB
VmSize:	12757660 kB
VmHWM:	12481788 kB
VmRSS:	12481788 kB
utc=2026-09-05T14:40:08Z
pid=3176
VmPeak:	12778144 kB
VmSize:	12778144 kB
VmHWM:	12502572 kB
VmRSS:	12502572 kB
utc=2026-09-05T14:40:28Z
pid=3176
VmPeak:	12798624 kB
VmSize:	12798624 kB
VmHWM:	12521516 kB
VmRSS:	12521516 kB
utc=2026-09-05T14:40:49Z
pid=3176
VmPeak:	12831400 kB
VmSize:	12831400 kB
VmHWM:	12553808 kB
VmRSS:	12553808 kB
utc=2026-09-05T14:41:09Z
pid=3176
VmPeak:	12929720 kB
VmSize:	12929720 kB
VmHWM:	12654152 kB
VmRSS:	12654152 kB
utc=2026-09-05T14:41:29Z
pid=3176
VmPeak:	12995272 kB
VmSize:	12995272 kB
VmHWM:	12718364 kB
VmRSS:	12718364 kB
utc=2026-09-05T14:41:49Z
pid=3176
VmPeak:	13042376 kB
VmSize:	13042376 kB
VmHWM:	12766808 kB
VmRSS:	12766808 kB
utc=2026-09-05T14:42:09Z
pid=3176
VmPeak:	13105872 kB
VmSize:	13105872 kB
VmHWM:	12829276 kB
VmRSS:	12829276 kB
utc=2026-09-05T14:42:29Z
pid=3176
VmPeak:	13122256 kB
VmSize:	13122256 kB
VmHWM:	12846584 kB
VmRSS:	12846584 kB
utc=2026-09-05T14:42:49Z
pid=3176
VmPeak:	13122256 kB
VmSize:	13122256 kB
VmHWM:	12846584 kB
VmRSS:	12846584 kB
utc=2026-09-05T14:43:09Z
pid=3176
VmPeak:	13195988 kB
VmSize:	13195988 kB
VmHWM:	12920232 kB
VmRSS:	12920232 kB
utc=2026-09-05T14:43:29Z
pid=3176
VmPeak:	13195988 kB
VmSize:	13195988 kB
VmHWM:	12920420 kB
VmRSS:	12920420 kB
utc=2026-09-05T14:43:49Z
pid=3176
VmPeak:	13280028 kB
VmSize:	13280028 kB
VmHWM:	13002772 kB
VmRSS:	13002772 kB
utc=2026-09-05T14:44:09Z
pid=3176
VmPeak:	13413156 kB
VmSize:	13413156 kB
VmHWM:	13136684 kB
VmRSS:	13136684 kB
utc=2026-09-05T14:44:29Z
pid=3176
VmPeak:	13443876 kB
VmSize:	13443876 kB
VmHWM:	13168308 kB
VmRSS:	13168308 kB
utc=2026-09-05T14:44:49Z
pid=3176
VmPeak:	13527852 kB
VmSize:	13527852 kB
VmHWM:	13251116 kB
VmRSS:	13251116 kB
utc=2026-09-05T14:45:09Z
pid=3176
VmPeak:	13533996 kB
VmSize:	13533996 kB
VmHWM:	13257796 kB
VmRSS:	13257796 kB
utc=2026-09-05T14:45:29Z
pid=3176
VmPeak:	13533996 kB
VmSize:	13533996 kB
VmHWM:	13257796 kB
VmRSS:	13257796 kB
utc=2026-09-05T14:45:49Z
pid=3176
VmPeak:	13533996 kB
VmSize:	13533996 kB
VmHWM:	13257796 kB
VmRSS:	13257796 kB
utc=2026-09-05T14:46:09Z
pid=3176
VmPeak:	13656896 kB
VmSize:	13656896 kB
VmHWM:	13381324 kB
VmRSS:	13381324 kB
utc=2026-09-05T14:46:29Z
pid=3176
VmPeak:	13767540 kB
VmSize:	13767540 kB
VmHWM:	13491964 kB
VmRSS:	13491964 kB
utc=2026-09-05T14:46:49Z
pid=3176
VmPeak:	13906840 kB
VmSize:	13906840 kB
VmHWM:	13631268 kB
VmRSS:	13631268 kB
utc=2026-09-05T14:47:09Z
pid=3176
VmPeak:	13980576 kB
VmSize:	13980576 kB
VmHWM:	13704740 kB
VmRSS:	13704740 kB
utc=2026-09-05T14:47:29Z
pid=3176
VmPeak:	14037948 kB
VmSize:	14035900 kB
VmHWM:	13759728 kB
VmRSS:	13758640 kB
utc=2026-09-05T14:47:49Z
pid=3176
VmPeak:	14134228 kB
VmSize:	14134228 kB
VmHWM:	13858084 kB
VmRSS:	13858084 kB
utc=2026-09-05T14:48:09Z
pid=3176
VmPeak:	14179288 kB
VmSize:	14179288 kB
VmHWM:	13903720 kB
VmRSS:	13903720 kB
utc=2026-09-05T14:48:29Z
pid=3176
VmPeak:	14238704 kB
VmSize:	14238704 kB
VmHWM:	13963132 kB
VmRSS:	13963132 kB
utc=2026-09-05T14:48:49Z
pid=3176
VmPeak:	14404648 kB
VmSize:	14404648 kB
VmHWM:	14127404 kB
VmRSS:	14127404 kB
utc=2026-09-05T14:49:09Z
pid=3176
VmPeak:	14474288 kB
VmSize:	14474288 kB
VmHWM:	14196748 kB
VmRSS:	14196748 kB
utc=2026-09-05T14:49:29Z
pid=3176
VmPeak:	14474288 kB
VmSize:	14474288 kB
VmHWM:	14196748 kB
VmRSS:	14196748 kB
utc=2026-09-05T14:49:49Z
pid=3176
VmPeak:	14560328 kB
VmSize:	14560328 kB
VmHWM:	14283900 kB
VmRSS:	14283900 kB
utc=2026-09-05T14:50:09Z
pid=3176
VmPeak:	14695520 kB
VmSize:	14695520 kB
VmHWM:	14419356 kB
VmRSS:	14419356 kB
utc=2026-09-05T14:50:29Z
pid=3176
VmPeak:	14783596 kB
VmSize:	14783596 kB
VmHWM:	14508028 kB
VmRSS:	14508028 kB
utc=2026-09-05T14:50:49Z
pid=3176
VmPeak:	14859376 kB
VmSize:	14859376 kB
VmHWM:	14583152 kB
VmRSS:	14583152 kB
utc=2026-09-05T14:51:09Z
pid=3176
VmPeak:	14888060 kB
VmSize:	14888060 kB
VmHWM:	14611216 kB
VmRSS:	14611216 kB
utc=2026-09-05T14:51:29Z
pid=3176
VmPeak:	15150244 kB
VmSize:	15150244 kB
VmHWM:	14873064 kB
VmRSS:	14873064 kB
utc=2026-09-05T14:51:49Z
pid=3176
VmPeak:	15150244 kB
VmSize:	15150244 kB
VmHWM:	14874676 kB
VmRSS:	14874676 kB
utc=2026-09-05T14:52:09Z
pid=3176
VmPeak:	15195300 kB
VmSize:	15195300 kB
VmHWM:	14917984 kB
VmRSS:	14917984 kB
utc=2026-09-05T14:52:29Z
pid=3176
VmPeak:	15205544 kB
VmSize:	15205544 kB
VmHWM:	14928996 kB
VmRSS:	14928996 kB
utc=2026-09-05T14:52:49Z
pid=3176
VmPeak:	15279280 kB
VmSize:	15279280 kB
VmHWM:	15003116 kB
VmRSS:	15003116 kB
utc=2026-09-05T14:53:09Z
pid=3176
VmPeak:	15373504 kB
VmSize:	15373504 kB
VmHWM:	15097936 kB
VmRSS:	15097936 kB
utc=2026-09-05T14:53:29Z
pid=3176
VmPeak:	15555820 kB
VmSize:	15553772 kB
VmHWM:	15279664 kB
VmRSS:	15278204 kB
utc=2026-09-05T14:53:49Z
pid=3176
VmPeak:	15721732 kB
VmSize:	15721732 kB
VmHWM:	15446160 kB
VmRSS:	15446160 kB
utc=2026-09-05T14:54:09Z
pid=3176
VmPeak:	15721732 kB
VmSize:	15721732 kB
VmHWM:	15446160 kB
VmRSS:	15446160 kB
utc=2026-09-05T14:54:29Z
pid=3176
VmPeak:	15770888 kB
VmSize:	15770888 kB
VmHWM:	15494060 kB
VmRSS:	15494060 kB
utc=2026-09-05T14:54:49Z
pid=3176
VmPeak:	15842580 kB
VmSize:	15842580 kB
VmHWM:	15567012 kB
VmRSS:	15567012 kB
utc=2026-09-05T14:55:09Z
pid=3176
VmPeak:	15914272 kB
VmSize:	15914272 kB
VmHWM:	15638700 kB
VmRSS:	15638700 kB
utc=2026-09-05T14:55:29Z
pid=3176
VmPeak:	16049472 kB
VmSize:	16049472 kB
VmHWM:	15772848 kB
VmRSS:	15772848 kB
utc=2026-09-05T14:55:50Z
pid=3176
VmPeak:	16192848 kB
VmSize:	16192848 kB
VmHWM:	15915560 kB
VmRSS:	15915560 kB
utc=2026-09-05T14:56:10Z
pid=3176
VmPeak:	16303500 kB
VmSize:	16303500 kB
VmHWM:	16026500 kB
VmRSS:	16026500 kB
utc=2026-09-05T14:56:30Z
pid=3176
VmPeak:	16440732 kB
VmSize:	16440732 kB
VmHWM:	16163300 kB
VmRSS:	16163300 kB
utc=2026-09-05T14:56:50Z
pid=3176
VmPeak:	16483752 kB
VmSize:	16483752 kB
VmHWM:	16208244 kB
VmRSS:	16208244 kB
utc=2026-09-05T14:57:10Z
pid=3176
VmPeak:	16604604 kB
VmSize:	16604604 kB
VmHWM:	16329096 kB
VmRSS:	16329096 kB
utc=2026-09-05T14:57:30Z
pid=3176
VmPeak:	16778728 kB
VmSize:	16778728 kB
VmHWM:	16503220 kB
VmRSS:	16503220 kB
utc=2026-09-05T14:57:50Z
pid=3176
VmPeak:	16942644 kB
VmSize:	16936508 kB
VmHWM:	16666540 kB
VmRSS:	16660060 kB
utc=2026-09-05T14:58:10Z
pid=3176
VmPeak:	17102436 kB
VmSize:	17102436 kB
VmHWM:	16825376 kB
VmRSS:	16825376 kB
utc=2026-09-05T14:58:30Z
pid=3176
VmPeak:	17321748 kB
VmSize:	17321748 kB
VmHWM:	17046284 kB
VmRSS:	17046284 kB
utc=2026-09-05T14:58:50Z
pid=3176
VmPeak:	17418016 kB
VmSize:	17415968 kB
VmHWM:	17140504 kB
VmRSS:	17140504 kB
utc=2026-09-05T14:59:10Z
pid=3176
VmPeak:	17504048 kB
VmSize:	17504048 kB
VmHWM:	17227076 kB
VmRSS:	17227076 kB
utc=2026-09-05T14:59:30Z
pid=3176
VmPeak:	17622864 kB
VmSize:	17622864 kB
VmHWM:	17345952 kB
VmRSS:	17345952 kB
utc=2026-09-05T14:59:50Z
pid=3176
VmPeak:	17741664 kB
VmSize:	17741664 kB
VmHWM:	17465316 kB
VmRSS:	17465316 kB
utc=2026-09-05T15:00:10Z
pid=3176
VmPeak:	17862580 kB
VmSize:	17862580 kB
VmHWM:	17586672 kB
VmRSS:	17586672 kB
utc=2026-09-05T15:00:30Z
pid=3176
VmPeak:	18073792 kB
VmSize:	18073792 kB
VmHWM:	17798220 kB
VmRSS:	17798220 kB
utc=2026-09-05T15:00:50Z
pid=3176
VmPeak:	18256136 kB
VmSize:	18256136 kB
VmHWM:	17979068 kB
VmRSS:	17979068 kB
utc=2026-09-05T15:01:10Z
pid=3176
VmPeak:	18415948 kB
VmSize:	18415948 kB
VmHWM:	18140480 kB
VmRSS:	18140480 kB
utc=2026-09-05T15:01:30Z
pid=3176
VmPeak:	18555256 kB
VmSize:	18555256 kB
VmHWM:	18279792 kB
VmRSS:	18279792 kB
utc=2026-09-05T15:01:50Z
pid=3176
VmPeak:	18698696 kB
VmSize:	18698696 kB
VmHWM:	18423232 kB
VmRSS:	18423232 kB
utc=2026-09-05T15:02:10Z
pid=3176
VmPeak:	18909752 kB
VmSize:	18909752 kB
VmHWM:	18634288 kB
VmRSS:	18634288 kB
utc=2026-09-05T15:02:30Z
pid=3176
VmPeak:	19098296 kB
VmSize:	19079872 kB
VmHWM:	18822236 kB
VmRSS:	18804400 kB
utc=2026-09-05T15:02:50Z
pid=3176
VmPeak:	19208916 kB
VmSize:	19208916 kB
VmHWM:	18933452 kB
VmRSS:	18933452 kB
utc=2026-09-05T15:03:10Z
pid=3176
VmPeak:	19374892 kB
VmSize:	19364656 kB
VmHWM:	19098808 kB
VmRSS:	19089192 kB
utc=2026-09-05T15:03:30Z
pid=3176
VmPeak:	19553384 kB
VmSize:	19553384 kB
VmHWM:	19277180 kB
VmRSS:	19277180 kB
utc=2026-09-05T15:03:50Z
pid=3176
VmPeak:	19727668 kB
VmSize:	19727668 kB
VmHWM:	19451068 kB
VmRSS:	19451068 kB
utc=2026-09-05T15:04:10Z
pid=3176
VmPeak:	19819848 kB
VmSize:	19819848 kB
VmHWM:	19543308 kB
VmRSS:	19543308 kB
utc=2026-09-05T15:04:30Z
pid=3176
VmPeak:	19932500 kB
VmSize:	19932500 kB
VmHWM:	19656024 kB
VmRSS:	19656024 kB
utc=2026-09-05T15:04:50Z
pid=3176
VmPeak:	19932500 kB
VmSize:	19932500 kB
VmHWM:	19656024 kB
VmRSS:	19656024 kB
utc=2026-09-05T15:05:10Z
pid=3176
VmPeak:	19932500 kB
VmSize:	19932500 kB
VmHWM:	19656024 kB
VmRSS:	19656024 kB
utc=2026-09-05T15:05:30Z
pid=3176
VmPeak:	19932500 kB
VmSize:	19932500 kB
VmHWM:	19656024 kB
VmRSS:	19656024 kB
utc=2026-09-05T15:05:50Z
pid=3176
VmPeak:	19932500 kB
VmSize:	19932500 kB
VmHWM:	19656024 kB
VmRSS:	19656024 kB
utc=2026-09-05T15:06:10Z
pid=3176
VmPeak:	19932500 kB
VmSize:	19932500 kB
VmHWM:	19656024 kB
VmRSS:	19656024 kB
utc=2026-09-05T15:06:30Z
pid=3176
VmPeak:	19981660 kB
VmSize:	19981660 kB
VmHWM:	19706088 kB
VmRSS:	19706088 kB
utc=2026-09-05T15:06:50Z
pid=3176
VmPeak:	20047196 kB
VmSize:	20047196 kB
VmHWM:	19770364 kB
VmRSS:	19770364 kB
utc=2026-09-05T15:07:10Z
pid=3176
VmPeak:	20047196 kB
VmSize:	20047196 kB
VmHWM:	19770364 kB
VmRSS:	19770364 kB
utc=2026-09-05T15:07:30Z
pid=3176
VmPeak:	20047196 kB
VmSize:	20047196 kB
VmHWM:	19770364 kB
VmRSS:	19770364 kB
utc=2026-09-05T15:07:50Z
pid=3176
VmPeak:	20047196 kB
VmSize:	20047196 kB
VmHWM:	19770364 kB
VmRSS:	19770364 kB
utc=2026-09-05T15:08:10Z
pid=3176
VmPeak:	20047196 kB
VmSize:	20047196 kB
VmHWM:	19770364 kB
VmRSS:	19770364 kB
utc=2026-09-05T15:08:30Z
pid=3176
VmPeak:	20047196 kB
VmSize:	20047196 kB
VmHWM:	19770364 kB
VmRSS:	19770364 kB
utc=2026-09-05T15:08:50Z
pid=3176
VmPeak:	20047196 kB
VmSize:	20047196 kB
VmHWM:	19770364 kB
VmRSS:	19770364 kB
utc=2026-09-05T15:09:10Z
pid=3176
VmPeak:	20047196 kB
VmSize:	20047196 kB
VmHWM:	19770364 kB
VmRSS:	19770364 kB
utc=2026-09-05T15:09:30Z
pid=3176
VmPeak:	20047196 kB
VmSize:	20004188 kB
VmHWM:	19771028 kB
VmRSS:	19728076 kB
utc=2026-09-05T15:09:50Z
pid=3176
VmPeak:	20180336 kB
VmSize:	20180336 kB
VmHWM:	19904764 kB
VmRSS:	19904764 kB
utc=2026-09-05T15:10:10Z
pid=3176
VmPeak:	20180336 kB
VmSize:	20180336 kB
VmHWM:	19904764 kB
VmRSS:	19904764 kB
utc=2026-09-05T15:10:30Z
pid=3176
VmPeak:	20204920 kB
VmSize:	20204920 kB
VmHWM:	19929348 kB
VmRSS:	19929348 kB
utc=2026-09-05T15:10:51Z
pid=3176
VmPeak:	20247928 kB
VmSize:	20247928 kB
VmHWM:	19972356 kB
VmRSS:	19972356 kB
utc=2026-09-05T15:11:11Z
pid=3176
VmPeak:	20254072 kB
VmSize:	20254072 kB
VmHWM:	19977008 kB
VmRSS:	19977008 kB
utc=2026-09-05T15:11:31Z
pid=3176
VmPeak:	20254072 kB
VmSize:	20254072 kB
VmHWM:	19977008 kB
VmRSS:	19977008 kB
utc=2026-09-05T15:11:51Z
pid=3176
VmPeak:	20254072 kB
VmSize:	20254072 kB
VmHWM:	19977008 kB
VmRSS:	19977008 kB
utc=2026-09-05T15:12:11Z
pid=3176
VmPeak:	20254072 kB
VmSize:	20254072 kB
VmHWM:	19977008 kB
VmRSS:	19977008 kB
utc=2026-09-05T15:12:31Z
pid=3176
VmPeak:	20254072 kB
VmSize:	20254072 kB
VmHWM:	19977008 kB
VmRSS:	19977008 kB
utc=2026-09-05T15:12:51Z
pid=3176
VmPeak:	20254072 kB
VmSize:	20254072 kB
VmHWM:	19977008 kB
VmRSS:	19977008 kB
utc=2026-09-05T15:13:11Z
pid=3176
VmPeak:	20374908 kB
VmSize:	20374908 kB
VmHWM:	20099032 kB
VmRSS:	20099032 kB
utc=2026-09-05T15:13:31Z
pid=3176
VmPeak:	20374908 kB
VmSize:	20374908 kB
VmHWM:	20099336 kB
VmRSS:	20099336 kB
utc=2026-09-05T15:13:51Z
pid=3176
VmPeak:	20374908 kB
VmSize:	20374908 kB
VmHWM:	20099336 kB
VmRSS:	20099336 kB
utc=2026-09-05T15:14:11Z
pid=3176
VmPeak:	20374908 kB
VmSize:	20374908 kB
VmHWM:	20099336 kB
VmRSS:	20099336 kB
utc=2026-09-05T15:14:31Z
pid=3176
VmPeak:	20374908 kB
VmSize:	20374908 kB
VmHWM:	20099336 kB
VmRSS:	20099336 kB
utc=2026-09-05T15:14:51Z
pid=3176
VmPeak:	20454784 kB
VmSize:	20452736 kB
VmHWM:	20177084 kB
VmRSS:	20175672 kB
utc=2026-09-05T15:15:11Z
pid=3176
VmPeak:	20454784 kB
VmSize:	20452736 kB
VmHWM:	20177164 kB
VmRSS:	20177164 kB
utc=2026-09-05T15:15:31Z
pid=3176
VmPeak:	20454784 kB
VmSize:	20452736 kB
VmHWM:	20177164 kB
VmRSS:	20177164 kB
utc=2026-09-05T15:15:51Z
pid=3176
VmPeak:	20454784 kB
VmSize:	20452736 kB
VmHWM:	20177164 kB
VmRSS:	20177164 kB
utc=2026-09-05T15:16:11Z
pid=3176
VmPeak:	20454784 kB
VmSize:	20452736 kB
VmHWM:	20177164 kB
VmRSS:	20177164 kB
utc=2026-09-05T15:16:31Z
pid=3176
VmPeak:	20454784 kB
VmSize:	20446616 kB
VmHWM:	20177084 kB
VmRSS:	20170360 kB
utc=2026-09-05T15:16:51Z
pid=3176
VmPeak:	20454784 kB
VmSize:	20448664 kB
VmHWM:	20177084 kB
VmRSS:	20172116 kB
utc=2026-09-05T15:17:11Z
pid=3176
VmPeak:	20465068 kB
VmSize:	20465068 kB
VmHWM:	20189496 kB
VmRSS:	20189496 kB
utc=2026-09-05T15:17:31Z
pid=3176
VmPeak:	20532664 kB
VmSize:	20532664 kB
VmHWM:	20255140 kB
VmRSS:	20255140 kB
utc=2026-09-05T15:17:51Z
pid=3176
VmPeak:	20532664 kB
VmSize:	20524484 kB
VmHWM:	20256496 kB
VmRSS:	20248912 kB
utc=2026-09-05T15:18:11Z
pid=3176
VmPeak:	20624868 kB
VmSize:	20624868 kB
VmHWM:	20349344 kB
VmRSS:	20349344 kB
utc=2026-09-05T15:18:31Z
pid=3176
VmPeak:	20706800 kB
VmSize:	20706800 kB
VmHWM:	20430856 kB
VmRSS:	20430856 kB
utc=2026-09-05T15:18:51Z
pid=3176
VmPeak:	20706800 kB
VmSize:	20702712 kB
VmHWM:	20430676 kB
VmRSS:	20427188 kB
utc=2026-09-05T15:19:11Z
pid=3176
VmPeak:	20715000 kB
VmSize:	20715000 kB
VmHWM:	20439476 kB
VmRSS:	20439476 kB
utc=2026-09-05T15:19:31Z
pid=3176
VmPeak:	20762116 kB
VmSize:	20762116 kB
VmHWM:	20485724 kB
VmRSS:	20485724 kB
utc=2026-09-05T15:19:51Z
pid=3176
VmPeak:	20786696 kB
VmSize:	20786696 kB
VmHWM:	20511076 kB
VmRSS:	20511076 kB
utc=2026-09-05T15:20:11Z
pid=3176
VmPeak:	20809232 kB
VmSize:	20809232 kB
VmHWM:	20533708 kB
VmRSS:	20533708 kB
utc=2026-09-05T15:20:31Z
pid=3176
VmPeak:	20907548 kB
VmSize:	20907548 kB
VmHWM:	20630840 kB
VmRSS:	20630840 kB
utc=2026-09-05T15:20:51Z
pid=3176
VmPeak:	20907548 kB
VmSize:	20907548 kB
VmHWM:	20632024 kB
VmRSS:	20632024 kB
utc=2026-09-05T15:21:11Z
pid=3176
VmPeak:	20919840 kB
VmSize:	20919840 kB
VmHWM:	20644316 kB
VmRSS:	20644316 kB
utc=2026-09-05T15:21:31Z
pid=3176
VmPeak:	20938272 kB
VmSize:	20938272 kB
VmHWM:	20660848 kB
VmRSS:	20660848 kB
utc=2026-09-05T15:21:51Z
pid=3176
VmPeak:	20952612 kB
VmSize:	20952612 kB
VmHWM:	20677088 kB
VmRSS:	20677088 kB
utc=2026-09-05T15:22:11Z
pid=3176
VmPeak:	21030456 kB
VmSize:	21030456 kB
VmHWM:	20753952 kB
VmRSS:	20753952 kB
utc=2026-09-05T15:22:31Z
pid=3176
VmPeak:	21118544 kB
VmSize:	21118544 kB
VmHWM:	20843020 kB
VmRSS:	20843020 kB
utc=2026-09-05T15:22:51Z
pid=3176
VmPeak:	21261908 kB
VmSize:	21261908 kB
VmHWM:	20986384 kB
VmRSS:	20986384 kB
utc=2026-09-05T15:23:11Z
pid=3176
VmPeak:	21261908 kB
VmSize:	21261908 kB
VmHWM:	20986384 kB
VmRSS:	20986384 kB
utc=2026-09-05T15:23:31Z
pid=3176
VmPeak:	21261908 kB
VmSize:	21261908 kB
VmHWM:	20986384 kB
VmRSS:	20986384 kB
utc=2026-09-05T15:23:51Z
pid=3176
VmPeak:	21261908 kB
VmSize:	21261908 kB
VmHWM:	20986384 kB
VmRSS:	20986384 kB
utc=2026-09-05T15:24:11Z
pid=3176
VmPeak:	21261908 kB
VmSize:	21243480 kB
VmHWM:	20985780 kB
VmRSS:	20966252 kB
utc=2026-09-05T15:24:31Z
pid=3176
VmPeak:	21306996 kB
VmSize:	21306996 kB
VmHWM:	21031472 kB
VmRSS:	21031472 kB
utc=2026-09-05T15:24:51Z
pid=3176
VmPeak:	21345928 kB
VmSize:	21345928 kB
VmHWM:	21070472 kB
VmRSS:	21070472 kB
utc=2026-09-05T15:25:11Z
pid=3176
VmPeak:	21403292 kB
VmSize:	21403292 kB
VmHWM:	21127836 kB
VmRSS:	21127836 kB
utc=2026-09-05T15:25:31Z
pid=3176
VmPeak:	21489352 kB
VmSize:	21489352 kB
VmHWM:	21213896 kB
VmRSS:	21213896 kB
utc=2026-09-05T15:25:51Z
pid=3176
VmPeak:	21579500 kB
VmSize:	21579500 kB
VmHWM:	21302824 kB
VmRSS:	21302824 kB
utc=2026-09-05T15:26:12Z
pid=3176
VmPeak:	21585652 kB
VmSize:	21583604 kB
VmHWM:	21308144 kB
VmRSS:	21308144 kB
utc=2026-09-05T15:26:32Z
pid=3176
VmPeak:	21632768 kB
VmSize:	21632768 kB
VmHWM:	21357180 kB
VmRSS:	21357180 kB
utc=2026-09-05T15:26:52Z
pid=3176
VmPeak:	21808916 kB
VmSize:	21808916 kB
VmHWM:	21533284 kB
VmRSS:	21533284 kB
utc=2026-09-05T15:27:12Z
pid=3176
VmPeak:	21808916 kB
VmSize:	21808916 kB
VmHWM:	21533284 kB
VmRSS:	21533284 kB
utc=2026-09-05T15:27:32Z
pid=3176
VmPeak:	21823268 kB
VmSize:	21823268 kB
VmHWM:	21547812 kB
VmRSS:	21547812 kB
utc=2026-09-05T15:27:52Z
pid=3176
VmPeak:	21892944 kB
VmSize:	21888856 kB
VmHWM:	21616892 kB
VmRSS:	21612296 kB
utc=2026-09-05T15:28:12Z
pid=3176
VmPeak:	21985164 kB
VmSize:	21985164 kB
VmHWM:	21709708 kB
VmRSS:	21709708 kB
utc=2026-09-05T15:28:32Z
pid=3176
VmPeak:	22101948 kB
VmSize:	22101948 kB
VmHWM:	21826492 kB
VmRSS:	21826492 kB
utc=2026-09-05T15:28:52Z
pid=3176
VmPeak:	22188168 kB
VmSize:	22188168 kB
VmHWM:	21910976 kB
VmRSS:	21910976 kB
utc=2026-09-05T15:29:12Z
pid=3176
VmPeak:	22304928 kB
VmSize:	22304928 kB
VmHWM:	22028572 kB
VmRSS:	22028572 kB
utc=2026-09-05T15:29:32Z
pid=3176
VmPeak:	22446276 kB
VmSize:	22446276 kB
VmHWM:	22170708 kB
VmRSS:	22170708 kB
utc=2026-09-05T15:29:52Z
pid=3176
VmPeak:	22497492 kB
VmSize:	22497492 kB
VmHWM:	22221924 kB
VmRSS:	22221924 kB
utc=2026-09-05T15:30:12Z
pid=3176
VmPeak:	22612192 kB
VmSize:	22612192 kB
VmHWM:	22336624 kB
VmRSS:	22336624 kB
utc=2026-09-05T15:30:32Z
pid=3176
VmPeak:	22612192 kB
VmSize:	22612192 kB
VmHWM:	22336624 kB
VmRSS:	22336624 kB
utc=2026-09-05T15:30:52Z
pid=3176
VmPeak:	22612192 kB
VmSize:	22612192 kB
VmHWM:	22336624 kB
VmRSS:	22336624 kB
utc=2026-09-05T15:31:12Z
pid=3176
VmPeak:	22642916 kB
VmSize:	22642916 kB
VmHWM:	22367344 kB
VmRSS:	22367344 kB
utc=2026-09-05T15:31:32Z
pid=3176
VmPeak:	22692088 kB
VmSize:	22692088 kB
VmHWM:	22416516 kB
VmRSS:	22416516 kB
utc=2026-09-05T15:31:52Z
pid=3176
VmPeak:	22757632 kB
VmSize:	22757632 kB
VmHWM:	22480624 kB
VmRSS:	22480624 kB
utc=2026-09-05T15:32:12Z
pid=3176
VmPeak:	22901004 kB
VmSize:	22901004 kB
VmHWM:	22625432 kB
VmRSS:	22625432 kB
utc=2026-09-05T15:32:32Z
pid=3176
VmPeak:	22901004 kB
VmSize:	22901004 kB
VmHWM:	22625432 kB
VmRSS:	22625432 kB
utc=2026-09-05T15:32:52Z
pid=3176
VmPeak:	22929676 kB
VmSize:	22929676 kB
VmHWM:	22654108 kB
VmRSS:	22654108 kB
utc=2026-09-05T15:33:12Z
pid=3176
VmPeak:	22929676 kB
VmSize:	22929676 kB
VmHWM:	22654108 kB
VmRSS:	22654108 kB
utc=2026-09-05T15:33:32Z
pid=3176
VmPeak:	22937872 kB
VmSize:	22937872 kB
VmHWM:	22662200 kB
VmRSS:	22662200 kB
utc=2026-09-05T15:33:52Z
pid=3176
VmPeak:	23017776 kB
VmSize:	23017776 kB
VmHWM:	22742208 kB
VmRSS:	22742208 kB
utc=2026-09-05T15:34:12Z
pid=3176
VmPeak:	23138628 kB
VmSize:	23138628 kB
VmHWM:	22862936 kB
VmRSS:	22862936 kB
utc=2026-09-05T15:34:32Z
pid=3176
VmPeak:	23167300 kB
VmSize:	23167300 kB
VmHWM:	22891732 kB
VmRSS:	22891732 kB
utc=2026-09-05T15:34:52Z
pid=3176
VmPeak:	23224656 kB
VmSize:	23224656 kB
VmHWM:	22949088 kB
VmRSS:	22949088 kB
utc=2026-09-05T15:35:12Z
pid=3176
VmPeak:	23290200 kB
VmSize:	23290200 kB
VmHWM:	23013520 kB
VmRSS:	23013520 kB
utc=2026-09-05T15:35:32Z
pid=3176
VmPeak:	23392632 kB
VmSize:	23392632 kB
VmHWM:	23115164 kB
VmRSS:	23115164 kB
utc=2026-09-05T15:35:52Z
pid=3176
VmPeak:	23449984 kB
VmSize:	23449984 kB
VmHWM:	23174072 kB
VmRSS:	23174072 kB
utc=2026-09-05T15:36:12Z
pid=3176
VmPeak:	23568816 kB
VmSize:	23568816 kB
VmHWM:	23293312 kB
VmRSS:	23293312 kB
utc=2026-09-05T15:36:32Z
pid=3176
VmPeak:	23693792 kB
VmSize:	23693792 kB
VmHWM:	23417672 kB
VmRSS:	23417672 kB
utc=2026-09-05T15:36:52Z
pid=3176
VmPeak:	23841308 kB
VmSize:	23841308 kB
VmHWM:	23565800 kB
VmRSS:	23565800 kB
utc=2026-09-05T15:37:12Z
pid=3176
VmPeak:	23919140 kB
VmSize:	23919140 kB
VmHWM:	23642176 kB
VmRSS:	23642176 kB
utc=2026-09-05T15:37:32Z
pid=3176
VmPeak:	23958056 kB
VmSize:	23958056 kB
VmHWM:	23682548 kB
VmRSS:	23682548 kB
utc=2026-09-05T15:37:52Z
pid=3176
VmPeak:	24001076 kB
VmSize:	24001076 kB
VmHWM:	23725568 kB
VmRSS:	23725568 kB
utc=2026-09-05T15:38:12Z
pid=3176
VmPeak:	24099408 kB
VmSize:	24099408 kB
VmHWM:	23823900 kB
VmRSS:	23823900 kB
utc=2026-09-05T15:38:32Z
pid=3176
VmPeak:	24283760 kB
VmSize:	24283760 kB
VmHWM:	24007844 kB
VmRSS:	24007844 kB
utc=2026-09-05T15:38:52Z
pid=3176
VmPeak:	24324724 kB
VmSize:	24324724 kB
VmHWM:	24049192 kB
VmRSS:	24049192 kB
utc=2026-09-05T15:39:12Z
pid=3176
VmPeak:	24324724 kB
VmSize:	24324724 kB
VmHWM:	24049192 kB
VmRSS:	24049192 kB
utc=2026-09-05T15:39:32Z
pid=3176
VmPeak:	24361588 kB
VmSize:	24361588 kB
VmHWM:	24086084 kB
VmRSS:	24086084 kB
utc=2026-09-05T15:39:52Z
pid=3176
VmPeak:	24402556 kB
VmSize:	24402556 kB
VmHWM:	24127048 kB
VmRSS:	24127048 kB
utc=2026-09-05T15:40:12Z
pid=3176
VmPeak:	24412796 kB
VmSize:	24412796 kB
VmHWM:	24137288 kB
VmRSS:	24137288 kB
utc=2026-09-05T15:40:32Z
pid=3176
VmPeak:	24420992 kB
VmSize:	24420992 kB
VmHWM:	24144820 kB
VmRSS:	24144820 kB
utc=2026-09-05T15:40:52Z
pid=3176
VmPeak:	24455812 kB
VmSize:	24455812 kB
VmHWM:	24180304 kB
VmRSS:	24180304 kB
utc=2026-09-05T15:41:13Z
pid=3176
VmPeak:	24476296 kB
VmSize:	24476296 kB
VmHWM:	24199900 kB
VmRSS:	24199900 kB
utc=2026-09-05T15:41:33Z
pid=3176
VmPeak:	24584872 kB
VmSize:	24584872 kB
VmHWM:	24309364 kB
VmRSS:	24309364 kB
utc=2026-09-05T15:41:53Z
pid=3176
VmPeak:	24668852 kB
VmSize:	24668852 kB
VmHWM:	24393344 kB
VmRSS:	24393344 kB
utc=2026-09-05T15:42:13Z
pid=3176
VmPeak:	24750792 kB
VmSize:	24750792 kB
VmHWM:	24475284 kB
VmRSS:	24475284 kB
utc=2026-09-05T15:42:33Z
pid=3176
VmPeak:	24892160 kB
VmSize:	24892160 kB
VmHWM:	24616652 kB
VmRSS:	24616652 kB
utc=2026-09-05T15:42:53Z
pid=3176
VmPeak:	25031480 kB
VmSize:	25027388 kB
VmHWM:	24755332 kB
VmRSS:	24751928 kB
utc=2026-09-05T15:43:13Z
pid=3176
VmPeak:	25090880 kB
VmSize:	25089036 kB
VmHWM:	24814828 kB
VmRSS:	24813464 kB
utc=2026-09-05T15:43:33Z
pid=3176
VmPeak:	25173044 kB
VmSize:	25160756 kB
VmHWM:	24896876 kB
VmRSS:	24885184 kB
utc=2026-09-05T15:43:53Z
pid=3176
VmPeak:	25259096 kB
VmSize:	25244768 kB
VmHWM:	24982920 kB
VmRSS:	24969196 kB
utc=2026-09-05T15:44:13Z
pid=3176
VmPeak:	25351288 kB
VmSize:	25351288 kB
VmHWM:	25075604 kB
VmRSS:	25075604 kB
utc=2026-09-05T15:44:33Z
pid=3176
VmPeak:	25398396 kB
VmSize:	25373824 kB
VmHWM:	25122240 kB
VmRSS:	25098256 kB
utc=2026-09-05T15:44:53Z
pid=3176
VmPeak:	25466004 kB
VmSize:	25466004 kB
VmHWM:	25190436 kB
VmRSS:	25190436 kB
utc=2026-09-05T15:45:13Z
pid=3176
VmPeak:	25500828 kB
VmSize:	25488548 kB
VmHWM:	25224664 kB
VmRSS:	25212564 kB
utc=2026-09-05T15:45:33Z
pid=3176
VmPeak:	25593076 kB
VmSize:	25593076 kB
VmHWM:	25317508 kB
VmRSS:	25317508 kB
utc=2026-09-05T15:45:53Z
pid=3176
VmPeak:	25709916 kB
VmSize:	25705840 kB
VmHWM:	25433692 kB
VmRSS:	25430336 kB
utc=2026-09-05T15:46:13Z
pid=3176
VmPeak:	25804200 kB
VmSize:	25802152 kB
VmHWM:	25526648 kB
VmRSS:	25526648 kB
utc=2026-09-05T15:46:33Z
pid=3176
VmPeak:	25912780 kB
VmSize:	25912780 kB
VmHWM:	25637016 kB
VmRSS:	25637016 kB
utc=2026-09-05T15:46:53Z
pid=3176
VmPeak:	26078704 kB
VmSize:	26078704 kB
VmHWM:	25801864 kB
VmRSS:	25801864 kB
utc=2026-09-05T15:47:13Z
pid=3176
VmPeak:	26088948 kB
VmSize:	26086916 kB
VmHWM:	25812852 kB
VmRSS:	25810896 kB
utc=2026-09-05T15:47:33Z
pid=3176
VmPeak:	26174996 kB
VmSize:	26174996 kB
VmHWM:	25899488 kB
VmRSS:	25899488 kB
utc=2026-09-05T15:47:53Z
pid=3176
VmPeak:	26248824 kB
VmSize:	26248824 kB
VmHWM:	25973324 kB
VmRSS:	25973324 kB
utc=2026-09-05T15:48:13Z
pid=3176
VmPeak:	26375924 kB
VmSize:	26375924 kB
VmHWM:	26100420 kB
VmRSS:	26100420 kB
utc=2026-09-05T15:48:33Z
pid=3176
VmPeak:	26535904 kB
VmSize:	26535904 kB
VmHWM:	26259264 kB
VmRSS:	26259264 kB
utc=2026-09-05T15:48:53Z
pid=3176
VmPeak:	26624016 kB
VmSize:	26624016 kB
VmHWM:	26348512 kB
VmRSS:	26348512 kB
utc=2026-09-05T15:49:13Z
pid=3176
VmPeak:	26751072 kB
VmSize:	26751072 kB
VmHWM:	26475568 kB
VmRSS:	26475568 kB
utc=2026-09-05T15:49:33Z
pid=3176
VmPeak:	26874028 kB
VmSize:	26874028 kB
VmHWM:	26598212 kB
VmRSS:	26598212 kB
utc=2026-09-05T15:49:53Z
pid=3176
VmPeak:	27011400 kB
VmSize:	27009352 kB
VmHWM:	26733852 kB
VmRSS:	26733852 kB
utc=2026-09-05T15:50:13Z
pid=3176
VmPeak:	27011400 kB
VmSize:	27007824 kB
VmHWM:	26733772 kB
VmRSS:	26730388 kB
utc=2026-09-05T15:50:33Z
pid=3176
VmPeak:	27022956 kB
VmSize:	27022956 kB
VmHWM:	26747104 kB
VmRSS:	26747104 kB
utc=2026-09-05T15:50:53Z
pid=3176
VmPeak:	27049968 kB
VmSize:	27049968 kB
VmHWM:	26773600 kB
VmRSS:	26773600 kB
utc=2026-09-05T15:51:13Z
pid=3176
VmPeak:	27083072 kB
VmSize:	27083072 kB
VmHWM:	26806572 kB
VmRSS:	26806572 kB
utc=2026-09-05T15:51:33Z
pid=3176
VmPeak:	27120348 kB
VmSize:	27120348 kB
VmHWM:	26843900 kB
VmRSS:	26843900 kB
utc=2026-09-05T15:51:53Z
pid=3176
VmPeak:	27182236 kB
VmSize:	27182236 kB
VmHWM:	26905084 kB
VmRSS:	26905084 kB
utc=2026-09-05T15:52:13Z
pid=3176
VmPeak:	27248052 kB
VmSize:	27248052 kB
VmHWM:	26970972 kB
VmRSS:	26970972 kB
utc=2026-09-05T15:52:33Z
pid=3176
VmPeak:	27301348 kB
VmSize:	27301348 kB
VmHWM:	27024732 kB
VmRSS:	27024732 kB
utc=2026-09-05T15:52:53Z
pid=3176
VmPeak:	27348464 kB
VmSize:	27348464 kB
VmHWM:	27071456 kB
VmRSS:	27071456 kB
utc=2026-09-05T15:53:13Z
pid=3176
VmPeak:	27450920 kB
VmSize:	27450920 kB
VmHWM:	27173884 kB
VmRSS:	27173884 kB
utc=2026-09-05T15:53:33Z
pid=3176
VmPeak:	27516736 kB
VmSize:	27516736 kB
VmHWM:	27239708 kB
VmRSS:	27239708 kB
utc=2026-09-05T15:53:53Z
pid=3176
VmPeak:	27602936 kB
VmSize:	27602936 kB
VmHWM:	27326880 kB
VmRSS:	27326880 kB
utc=2026-09-05T15:54:13Z
pid=3176
VmPeak:	27683116 kB
VmSize:	27683116 kB
VmHWM:	27407628 kB
VmRSS:	27407628 kB
utc=2026-09-05T15:54:33Z
pid=3176
VmPeak:	27775636 kB
VmSize:	27775636 kB
VmHWM:	27499188 kB
VmRSS:	27499188 kB
utc=2026-09-05T15:54:53Z
pid=3176
VmPeak:	27872048 kB
VmSize:	27872048 kB
VmHWM:	27596316 kB
VmRSS:	27596316 kB
utc=2026-09-05T15:55:13Z
pid=3176
VmPeak:	27970520 kB
VmSize:	27970520 kB
VmHWM:	27695036 kB
VmRSS:	27695036 kB
utc=2026-09-05T15:55:33Z
pid=3176
VmPeak:	28058736 kB
VmSize:	28058736 kB
VmHWM:	27781424 kB
VmRSS:	27781424 kB
utc=2026-09-05T15:55:53Z
pid=3176
VmPeak:	28185892 kB
VmSize:	28185892 kB
VmHWM:	27910336 kB
VmRSS:	27910336 kB
utc=2026-09-05T15:56:14Z
pid=3176
VmPeak:	28308976 kB
VmSize:	28308976 kB
VmHWM:	28032036 kB
VmRSS:	28032036 kB
utc=2026-09-05T15:56:34Z
pid=3176
VmPeak:	28417600 kB
VmSize:	28417600 kB
VmHWM:	28142120 kB
VmRSS:	28142120 kB
utc=2026-09-05T15:56:54Z
pid=3176
VmPeak:	28542680 kB
VmSize:	28542680 kB
VmHWM:	28267200 kB
VmRSS:	28267200 kB
utc=2026-09-05T15:57:14Z
pid=3176
VmPeak:	28686180 kB
VmSize:	28686180 kB
VmHWM:	28410700 kB
VmRSS:	28410700 kB
utc=2026-09-05T15:57:34Z
pid=3176
VmPeak:	28823664 kB
VmSize:	28823664 kB
VmHWM:	28547196 kB
VmRSS:	28547196 kB
utc=2026-09-05T15:57:54Z
pid=3176
VmPeak:	28993776 kB
VmSize:	28993776 kB
VmHWM:	28718292 kB
VmRSS:	28718292 kB
utc=2026-09-05T15:58:14Z
pid=3176
VmPeak:	29166112 kB
VmSize:	29166112 kB
VmHWM:	28890540 kB
VmRSS:	28890540 kB
utc=2026-09-05T15:58:34Z
pid=3176
VmPeak:	29330120 kB
VmSize:	29330120 kB
VmHWM:	29054548 kB
VmRSS:	29054548 kB
utc=2026-09-05T15:58:54Z
pid=3176
VmPeak:	29496164 kB
VmSize:	29496164 kB
VmHWM:	29219812 kB
VmRSS:	29219812 kB
utc=2026-09-05T15:59:14Z
pid=3176
VmPeak:	29588576 kB
VmSize:	29588576 kB
VmHWM:	29312576 kB
VmRSS:	29312576 kB
utc=2026-09-05T15:59:34Z
pid=3176
VmPeak:	29670676 kB
VmSize:	29670676 kB
VmHWM:	29394356 kB
VmRSS:	29394356 kB
utc=2026-09-05T15:59:54Z
pid=3176
VmPeak:	29783432 kB
VmSize:	29783432 kB
VmHWM:	29507928 kB
VmRSS:	29507928 kB
utc=2026-09-05T16:00:14Z
pid=3176
VmPeak:	29896144 kB
VmSize:	29896144 kB
VmHWM:	29620012 kB
VmRSS:	29619676 kB
utc=2026-09-05T16:00:34Z
pid=3176
VmPeak:	29978180 kB
VmSize:	29978180 kB
VmHWM:	29701488 kB
VmRSS:	29701488 kB
utc=2026-09-05T16:00:54Z
pid=3176
VmPeak:	30064300 kB
VmSize:	30064300 kB
VmHWM:	29788796 kB
VmRSS:	29788796 kB
utc=2026-09-05T16:01:14Z
pid=3176
VmPeak:	30166772 kB
VmSize:	30166772 kB
VmHWM:	29891264 kB
VmRSS:	29891264 kB
utc=2026-09-05T16:01:34Z
pid=3176
VmPeak:	30263140 kB
VmSize:	30263140 kB
VmHWM:	29987640 kB
VmRSS:	29987640 kB
utc=2026-09-05T16:01:54Z
pid=3176
VmPeak:	30351300 kB
VmSize:	30351300 kB
VmHWM:	30075800 kB
VmRSS:	30075800 kB
utc=2026-09-05T16:02:14Z
pid=3176
VmPeak:	30461948 kB
VmSize:	30459908 kB
VmHWM:	30185796 kB
VmRSS:	30184408 kB
utc=2026-09-05T16:02:34Z
pid=3176
VmPeak:	30552124 kB
VmSize:	30552124 kB
VmHWM:	30276624 kB
VmRSS:	30276624 kB
utc=2026-09-05T16:02:54Z
pid=3176
VmPeak:	30636172 kB
VmSize:	30636172 kB
VmHWM:	30359748 kB
VmRSS:	30359748 kB
utc=2026-09-05T16:03:14Z
pid=3176
VmPeak:	30759128 kB
VmSize:	30759128 kB
VmHWM:	30483624 kB
VmRSS:	30483624 kB
utc=2026-09-05T16:03:34Z
pid=3176
VmPeak:	30888224 kB
VmSize:	30888224 kB
VmHWM:	30612720 kB
VmRSS:	30612720 kB
utc=2026-09-05T16:03:54Z
pid=3176
VmPeak:	30982512 kB
VmSize:	30982512 kB
VmHWM:	30707012 kB
VmRSS:	30707012 kB
utc=2026-09-05T16:04:14Z
pid=3176
VmPeak:	31089080 kB
VmSize:	31089080 kB
VmHWM:	30812580 kB
VmRSS:	30812580 kB
utc=2026-09-05T16:04:34Z
pid=3176
VmPeak:	31181344 kB
VmSize:	31181344 kB
VmHWM:	30904608 kB
VmRSS:	30904608 kB
utc=2026-09-05T16:04:54Z
pid=3176
VmPeak:	31261320 kB
VmSize:	31261320 kB
VmHWM:	30985816 kB
VmRSS:	30985816 kB
utc=2026-09-05T16:05:14Z
pid=3176
VmPeak:	31365848 kB
VmSize:	31365848 kB
VmHWM:	31090344 kB
VmRSS:	31090344 kB
utc=2026-09-05T16:05:34Z
pid=3176
VmPeak:	31441708 kB
VmSize:	31441708 kB
VmHWM:	31166200 kB
VmRSS:	31166200 kB
utc=2026-09-05T16:05:54Z
pid=3176
VmPeak:	31538036 kB
VmSize:	31538036 kB
VmHWM:	31262536 kB
VmRSS:	31262536 kB
utc=2026-09-05T16:06:14Z
pid=3176
VmPeak:	31632268 kB
VmSize:	31632268 kB
VmHWM:	31356768 kB
VmRSS:	31356768 kB
utc=2026-09-05T16:06:34Z
pid=3176
VmPeak:	31728588 kB
VmSize:	31728588 kB
VmHWM:	31453088 kB
VmRSS:	31453088 kB
utc=2026-09-05T16:06:54Z
pid=3176
VmPeak:	31820828 kB
VmSize:	31820828 kB
VmHWM:	31544748 kB
VmRSS:	31544748 kB
utc=2026-09-05T16:07:14Z
pid=3176
VmPeak:	31908964 kB
VmSize:	31908964 kB
VmHWM:	31632392 kB
VmRSS:	31632392 kB
utc=2026-09-05T16:07:34Z
pid=3176
VmPeak:	31997100 kB
VmSize:	31995052 kB
VmHWM:	31719556 kB
VmRSS:	31719556 kB
utc=2026-09-05T16:07:54Z
pid=3176
VmPeak:	32093432 kB
VmSize:	32093432 kB
VmHWM:	31817356 kB
VmRSS:	31817356 kB
utc=2026-09-05T16:08:14Z
pid=3176
VmPeak:	32154940 kB
VmSize:	32154940 kB
VmHWM:	31879444 kB
VmRSS:	31879444 kB
utc=2026-09-05T16:08:34Z
pid=3176
VmPeak:	32238968 kB
VmSize:	32238968 kB
VmHWM:	31963304 kB
VmRSS:	31963304 kB
utc=2026-09-05T16:08:54Z
pid=3176
VmPeak:	32319060 kB
VmSize:	32319060 kB
VmHWM:	32043492 kB
VmRSS:	32043492 kB
utc=2026-09-05T16:09:14Z
pid=3176
VmPeak:	32419496 kB
VmSize:	32419496 kB
VmHWM:	32143924 kB
VmRSS:	32143924 kB
utc=2026-09-05T16:09:34Z
pid=3176
VmPeak:	32536324 kB
VmSize:	32536324 kB
VmHWM:	32259000 kB
VmRSS:	32259000 kB
utc=2026-09-05T16:09:54Z
pid=3176
VmPeak:	32655208 kB
VmSize:	32655208 kB
VmHWM:	32379636 kB
VmRSS:	32379636 kB
utc=2026-09-05T16:10:14Z
pid=3176
VmPeak:	32739284 kB
VmSize:	32739284 kB
VmHWM:	32463712 kB
VmRSS:	32463712 kB
utc=2026-09-05T16:10:34Z
pid=3176
VmPeak:	32841744 kB
VmSize:	32841744 kB
VmHWM:	32564728 kB
VmRSS:	32564728 kB
utc=2026-09-05T16:10:54Z
pid=3176
VmPeak:	32944256 kB
VmSize:	32944256 kB
VmHWM:	32666848 kB
VmRSS:	32666848 kB
utc=2026-09-05T16:11:15Z
pid=3176
VmPeak:	33052896 kB
VmSize:	33052896 kB
VmHWM:	32777328 kB
VmRSS:	32777328 kB
utc=2026-09-05T16:11:35Z
pid=3176
VmPeak:	33175884 kB
VmSize:	33175884 kB
VmHWM:	32900316 kB
VmRSS:	32900316 kB
utc=2026-09-05T16:11:55Z
pid=3176
VmPeak:	33329652 kB
VmSize:	33325556 kB
VmHWM:	33051356 kB
VmRSS:	33049988 kB
utc=2026-09-05T16:12:15Z
pid=3176
VmPeak:	33407564 kB
VmSize:	33407564 kB
VmHWM:	33130852 kB
VmRSS:	33130852 kB
utc=2026-09-05T16:12:35Z
pid=3176
VmPeak:	33493628 kB
VmSize:	33493628 kB
VmHWM:	33217732 kB
VmRSS:	33217732 kB
utc=2026-09-05T16:12:55Z
pid=3176
VmPeak:	33563308 kB
VmSize:	33563308 kB
VmHWM:	33286984 kB
VmRSS:	33286984 kB
utc=2026-09-05T16:13:15Z
pid=3176
VmPeak:	33657640 kB
VmSize:	33657640 kB
VmHWM:	33382076 kB
VmRSS:	33382076 kB
utc=2026-09-05T16:13:35Z
pid=3176
VmPeak:	33745840 kB
VmSize:	33745840 kB
VmHWM:	33468604 kB
VmRSS:	33468604 kB
utc=2026-09-05T16:13:55Z
pid=3176
VmPeak:	33862652 kB
VmSize:	33862652 kB
VmHWM:	33586696 kB
VmRSS:	33586696 kB
utc=2026-09-05T16:14:15Z
pid=3176
VmPeak:	33942552 kB
VmSize:	33942552 kB
VmHWM:	33666180 kB
VmRSS:	33666180 kB
utc=2026-09-05T16:14:35Z
pid=3176
VmPeak:	34030668 kB
VmSize:	34030668 kB
VmHWM:	33754088 kB
VmRSS:	33754088 kB
utc=2026-09-05T16:14:55Z
pid=3176
VmPeak:	34063448 kB
VmSize:	34063448 kB
VmHWM:	33787252 kB
VmRSS:	33787252 kB
utc=2026-09-05T16:15:15Z
pid=3176
VmPeak:	34153588 kB
VmSize:	34153588 kB
VmHWM:	33878020 kB
VmRSS:	33878020 kB
utc=2026-09-05T16:15:35Z
pid=3176
VmPeak:	34297008 kB
VmSize:	34297008 kB
VmHWM:	34019592 kB
VmRSS:	34019592 kB
utc=2026-09-05T16:15:55Z
pid=3176
VmPeak:	34401488 kB
VmSize:	34401488 kB
VmHWM:	34125924 kB
VmRSS:	34125924 kB
utc=2026-09-05T16:16:15Z
pid=3176
VmPeak:	34549008 kB
VmSize:	34549008 kB
VmHWM:	34273444 kB
VmRSS:	34273444 kB
utc=2026-09-05T16:16:35Z
pid=3176
VmPeak:	34651436 kB
VmSize:	34649388 kB
VmHWM:	34373824 kB
VmRSS:	34373824 kB
utc=2026-09-05T16:16:55Z
pid=3176
VmPeak:	34684212 kB
VmSize:	34684212 kB
VmHWM:	34408648 kB
VmRSS:	34408648 kB
utc=2026-09-05T16:17:15Z
pid=3176
VmPeak:	34735440 kB
VmSize:	34735440 kB
VmHWM:	34459876 kB
VmRSS:	34459876 kB
utc=2026-09-05T16:17:35Z
pid=3176
VmPeak:	34821472 kB
VmSize:	34821472 kB
VmHWM:	34543944 kB
VmRSS:	34543944 kB
utc=2026-09-05T16:17:55Z
pid=3176
VmPeak:	34889076 kB
VmSize:	34889076 kB
VmHWM:	34612340 kB
VmRSS:	34612340 kB
utc=2026-09-05T16:18:15Z
pid=3176
VmPeak:	34930048 kB
VmSize:	34930048 kB
VmHWM:	34652660 kB
VmRSS:	34652660 kB
utc=2026-09-05T16:18:35Z
pid=3176
VmPeak:	34971024 kB
VmSize:	34971024 kB
VmHWM:	34694804 kB
VmRSS:	34694804 kB
utc=2026-09-05T16:18:55Z
pid=3176
VmPeak:	35071404 kB
VmSize:	35071404 kB
VmHWM:	34795836 kB
VmRSS:	34795836 kB
utc=2026-09-05T16:19:15Z
pid=3176
VmPeak:	35155392 kB
VmSize:	35155392 kB
VmHWM:	34879076 kB
VmRSS:	34879076 kB
utc=2026-09-05T16:19:35Z
pid=3176
VmPeak:	35227088 kB
VmSize:	35227088 kB
VmHWM:	34951420 kB
VmRSS:	34951420 kB
utc=2026-09-05T16:19:55Z
pid=3176
VmPeak:	35306976 kB
VmSize:	35304928 kB
VmHWM:	35029364 kB
VmRSS:	35029364 kB
utc=2026-09-05T16:20:15Z
pid=3176
VmPeak:	35405308 kB
VmSize:	35405308 kB
VmHWM:	35129744 kB
VmRSS:	35129744 kB
utc=2026-09-05T16:20:35Z
pid=3176
VmPeak:	35511840 kB
VmSize:	35511840 kB
VmHWM:	35234240 kB
VmRSS:	35234240 kB
utc=2026-09-05T16:20:55Z
pid=3176
VmPeak:	35593788 kB
VmSize:	35593788 kB
VmHWM:	35318220 kB
VmRSS:	35318220 kB
utc=2026-09-05T16:21:15Z
pid=3176
VmPeak:	35669596 kB
VmSize:	35669596 kB
VmHWM:	35393484 kB
VmRSS:	35393484 kB
utc=2026-09-05T16:21:35Z
pid=3176
VmPeak:	35743348 kB
VmSize:	35743348 kB
VmHWM:	35467464 kB
VmRSS:	35467464 kB
utc=2026-09-05T16:21:55Z
pid=3176
VmPeak:	35798660 kB
VmSize:	35798660 kB
VmHWM:	35522304 kB
VmRSS:	35522304 kB
utc=2026-09-05T16:22:15Z
pid=3176
VmPeak:	35870376 kB
VmSize:	35870376 kB
VmHWM:	35594808 kB
VmRSS:	35594808 kB
utc=2026-09-05T16:22:35Z
pid=3176
VmPeak:	35972836 kB
VmSize:	35972836 kB
VmHWM:	35695700 kB
VmRSS:	35695700 kB
utc=2026-09-05T16:22:55Z
pid=3176
VmPeak:	36079388 kB
VmSize:	36079388 kB
VmHWM:	35803892 kB
VmRSS:	35803892 kB
utc=2026-09-05T16:23:15Z
pid=3176
VmPeak:	36175852 kB
VmSize:	36175852 kB
VmHWM:	35898744 kB
VmRSS:	35898744 kB
utc=2026-09-05T16:23:35Z
pid=3176
VmPeak:	36333608 kB
VmSize:	36333608 kB
VmHWM:	36057340 kB
VmRSS:	36057340 kB
utc=2026-09-05T16:23:55Z
pid=3176
VmPeak:	36429924 kB
VmSize:	36429924 kB
VmHWM:	36154356 kB
VmRSS:	36154356 kB
utc=2026-09-05T16:24:15Z
pid=3176
VmPeak:	36479136 kB
VmSize:	36479136 kB
VmHWM:	36203564 kB
VmRSS:	36203564 kB
utc=2026-09-05T16:24:35Z
pid=3176
VmPeak:	36550848 kB
VmSize:	36550848 kB
VmHWM:	36275280 kB
VmRSS:	36275280 kB
utc=2026-09-05T16:24:55Z
pid=3176
VmPeak:	36661496 kB
VmSize:	36661496 kB
VmHWM:	36384856 kB
VmRSS:	36384856 kB
utc=2026-09-05T16:25:15Z
pid=3176
VmPeak:	36741392 kB
VmSize:	36741392 kB
VmHWM:	36465032 kB
VmRSS:	36465032 kB
utc=2026-09-05T16:25:35Z
pid=3176
VmPeak:	36768040 kB
VmSize:	36768040 kB
VmHWM:	36492468 kB
VmRSS:	36492468 kB
utc=2026-09-05T16:25:55Z
pid=3176
VmPeak:	36817232 kB
VmSize:	36817232 kB
VmHWM:	36540876 kB
VmRSS:	36540876 kB
utc=2026-09-05T16:26:16Z
pid=3176
VmPeak:	36893024 kB
VmSize:	36893024 kB
VmHWM:	36617232 kB
VmRSS:	36617232 kB
utc=2026-09-05T16:26:36Z
pid=3176
VmPeak:	36936036 kB
VmSize:	36936036 kB
VmHWM:	36658768 kB
VmRSS:	36658768 kB
utc=2026-09-05T16:26:56Z
pid=3176
VmPeak:	36948328 kB
VmSize:	36940144 kB
VmHWM:	36672036 kB
VmRSS:	36664576 kB
utc=2026-09-05T16:27:16Z
pid=3176
VmPeak:	36997560 kB
VmSize:	36979128 kB
VmHWM:	36721376 kB
VmRSS:	36703556 kB
utc=2026-09-05T16:27:36Z
pid=3176
VmPeak:	37065160 kB
VmSize:	37065160 kB
VmHWM:	36787680 kB
VmRSS:	36787680 kB
utc=2026-09-05T16:27:56Z
pid=3176
VmPeak:	37095900 kB
VmSize:	37095900 kB
VmHWM:	36820328 kB
VmRSS:	36820328 kB
utc=2026-09-05T16:28:16Z
pid=3176
VmPeak:	37173820 kB
VmSize:	37173820 kB
VmHWM:	36896252 kB
VmRSS:	36896252 kB
utc=2026-09-05T16:28:36Z
pid=3176
VmPeak:	37255756 kB
VmSize:	37255756 kB
VmHWM:	36980192 kB
VmRSS:	36980192 kB
utc=2026-09-05T16:28:56Z
pid=3176
VmPeak:	37300820 kB
VmSize:	37300820 kB
VmHWM:	37025256 kB
VmRSS:	37025256 kB
utc=2026-09-05T16:29:16Z
pid=3176
VmPeak:	37364424 kB
VmSize:	37364424 kB
VmHWM:	37088860 kB
VmRSS:	37088860 kB
utc=2026-09-05T16:29:36Z
pid=3176
VmPeak:	37425876 kB
VmSize:	37419740 kB
VmHWM:	37149716 kB
VmRSS:	37144176 kB
utc=2026-09-05T16:29:56Z
pid=3176
VmPeak:	37497616 kB
VmSize:	37497616 kB
VmHWM:	37222052 kB
VmRSS:	37222052 kB
utc=2026-09-05T16:30:16Z
pid=3176
VmPeak:	37593952 kB
VmSize:	37593952 kB
VmHWM:	37318388 kB
VmRSS:	37318388 kB
utc=2026-09-05T16:30:36Z
pid=3176
VmPeak:	37620576 kB
VmSize:	37620576 kB
VmHWM:	37345012 kB
VmRSS:	37345012 kB
utc=2026-09-05T16:30:56Z
pid=3176
VmPeak:	37620576 kB
VmSize:	37620576 kB
VmHWM:	37345012 kB
VmRSS:	37345012 kB
utc=2026-09-05T16:31:16Z
pid=3176
VmPeak:	37649272 kB
VmSize:	37649272 kB
VmHWM:	37373708 kB
VmRSS:	37373708 kB
utc=2026-09-05T16:31:36Z
pid=3176
VmPeak:	37772188 kB
VmSize:	37770140 kB
VmHWM:	37494576 kB
VmRSS:	37494576 kB
utc=2026-09-05T16:31:56Z
pid=3176
VmPeak:	37786524 kB
VmSize:	37786524 kB
VmHWM:	37510960 kB
VmRSS:	37510960 kB
utc=2026-09-05T16:32:16Z
pid=3176
VmPeak:	37794728 kB
VmSize:	37794728 kB
VmHWM:	37519164 kB
VmRSS:	37519164 kB
utc=2026-09-05T16:32:36Z
pid=3176
VmPeak:	37878704 kB
VmSize:	37878704 kB
VmHWM:	37603136 kB
VmRSS:	37603136 kB
utc=2026-09-05T16:32:56Z
pid=3176
VmPeak:	37915576 kB
VmSize:	37915576 kB
VmHWM:	37638124 kB
VmRSS:	37638124 kB
utc=2026-09-05T16:33:16Z
pid=3176
VmPeak:	37954500 kB
VmSize:	37954500 kB
VmHWM:	37678932 kB
VmRSS:	37678932 kB
utc=2026-09-05T16:33:36Z
pid=3176
VmPeak:	38073308 kB
VmSize:	38073308 kB
VmHWM:	37797740 kB
VmRSS:	37797740 kB
utc=2026-09-05T16:33:56Z
pid=3176
VmPeak:	38077404 kB
VmSize:	38077404 kB
VmHWM:	37801836 kB
VmRSS:	37801836 kB
utc=2026-09-05T16:34:16Z
pid=3176
VmPeak:	38151132 kB
VmSize:	38151132 kB
VmHWM:	37874620 kB
VmRSS:	37874620 kB
utc=2026-09-05T16:34:36Z
pid=3176
VmPeak:	38169564 kB
VmSize:	38169564 kB
VmHWM:	37894000 kB
VmRSS:	37894000 kB
utc=2026-09-05T16:34:56Z
pid=3176
VmPeak:	38257652 kB
VmSize:	38257652 kB
VmHWM:	37981976 kB
VmRSS:	37981976 kB
utc=2026-09-05T16:35:16Z
pid=3176
VmPeak:	38374440 kB
VmSize:	38374440 kB
VmHWM:	38098876 kB
VmRSS:	38098876 kB
utc=2026-09-05T16:35:36Z
pid=3176
VmPeak:	38419528 kB
VmSize:	38419528 kB
VmHWM:	38143960 kB
VmRSS:	38143960 kB
utc=2026-09-05T16:35:56Z
pid=3176
VmPeak:	38554720 kB
VmSize:	38554720 kB
VmHWM:	38279156 kB
VmRSS:	38279156 kB
utc=2026-09-05T16:36:16Z
pid=3176
VmPeak:	38632572 kB
VmSize:	38632572 kB
VmHWM:	38357004 kB
VmRSS:	38357004 kB
utc=2026-09-05T16:36:36Z
pid=3176
VmPeak:	38732948 kB
VmSize:	38732948 kB
VmHWM:	38457384 kB
VmRSS:	38457384 kB
utc=2026-09-05T16:36:56Z
pid=3176
VmPeak:	38798508 kB
VmSize:	38798508 kB
VmHWM:	38522940 kB
VmRSS:	38522940 kB
utc=2026-09-05T16:37:16Z
pid=3176
VmPeak:	38925528 kB
VmSize:	38925528 kB
VmHWM:	38648240 kB
VmRSS:	38648240 kB
utc=2026-09-05T16:37:36Z
pid=3176
VmPeak:	38999288 kB
VmSize:	38999288 kB
VmHWM:	38723584 kB
VmRSS:	38723584 kB
utc=2026-09-05T16:37:56Z
pid=3176
VmPeak:	39126304 kB
VmSize:	39126304 kB
VmHWM:	38850736 kB
VmRSS:	38850736 kB
utc=2026-09-05T16:38:16Z
pid=3176
VmPeak:	39263552 kB
VmSize:	39263552 kB
VmHWM:	38987984 kB
VmRSS:	38987984 kB
utc=2026-09-05T16:38:36Z
pid=3176
VmPeak:	39431528 kB
VmSize:	39431528 kB
VmHWM:	39153960 kB
VmRSS:	39153960 kB
utc=2026-09-05T16:38:56Z
pid=3176
VmPeak:	39480680 kB
VmSize:	39480680 kB
VmHWM:	39204452 kB
VmRSS:	39204452 kB
utc=2026-09-05T16:39:16Z
pid=3176
VmPeak:	39488872 kB
VmSize:	39488872 kB
VmHWM:	39212820 kB
VmRSS:	39212820 kB
utc=2026-09-05T16:39:36Z
pid=3176
VmPeak:	39488872 kB
VmSize:	39488872 kB
VmHWM:	39212820 kB
VmRSS:	39212820 kB
utc=2026-09-05T16:39:56Z
pid=3176
VmPeak:	39488872 kB
VmSize:	39488872 kB
VmHWM:	39212820 kB
VmRSS:	39212820 kB
utc=2026-09-05T16:40:16Z
pid=3176
VmPeak:	39548268 kB
VmSize:	39548268 kB
VmHWM:	39272700 kB
VmRSS:	39272700 kB
utc=2026-09-05T16:40:36Z
pid=3176
VmPeak:	39556460 kB
VmSize:	39556460 kB
VmHWM:	39280892 kB
VmRSS:	39280892 kB
utc=2026-09-05T16:40:56Z
pid=3176
VmPeak:	39556460 kB
VmSize:	39556460 kB
VmHWM:	39280892 kB
VmRSS:	39280892 kB
utc=2026-09-05T16:41:17Z
pid=3176
VmPeak:	39556460 kB
VmSize:	39556460 kB
VmHWM:	39280892 kB
VmRSS:	39280892 kB
utc=2026-09-05T16:41:37Z
pid=3176
VmPeak:	39587184 kB
VmSize:	39587184 kB
VmHWM:	39311616 kB
VmRSS:	39311616 kB
utc=2026-09-05T16:41:57Z
pid=3176
VmPeak:	39587184 kB
VmSize:	39587184 kB
VmHWM:	39311616 kB
VmRSS:	39311616 kB
utc=2026-09-05T16:42:17Z
pid=3176
VmPeak:	39622024 kB
VmSize:	39622024 kB
VmHWM:	39344456 kB
VmRSS:	39344456 kB
utc=2026-09-05T16:42:37Z
pid=3176
VmPeak:	39693720 kB
VmSize:	39693720 kB
VmHWM:	39418156 kB
VmRSS:	39418156 kB
