cases/max12_812_order2_u2_62_k00_closure_gopen_v2_20260827/compile_k00_gopen.py: OK
cases/max12_812_order2_u2_62_k00_closure_gopen_v2_20260827/validate_gopen.py: OK
cases/max12_812_order2_u2_62_k00_closure_gopen_v2_20260827/run_gopen_aws.sh: OK
cases/max12_812_order2_u2_62_k00_closure_gopen_v2_20260827/launch_remote_gopen.sh: OK
cases/max12_812_order2_u2_62_k00_closure_gopen_v2_20260827/EQUIVALENCE_AND_PREREGISTRATION.md: OK
cases/max12_812_order2_u2_62_k00_closure_incidence_v1_20260827/SOURCE_CLOSURE.sha256: OK
cases/max12_812_order2_u2_62_k00_closure_incidence_v1_20260827/FREEZE.sha256: OK
cases/max12_812_order2_u2_62_k00_closure_incidence_v1_20260827/compile_k00_closure.py: OK
cases/max12_812_order2_u2_62_k00_closure_incidence_v1_20260827/validate_closure.py: OK
cases/max12_812_order2_u2_62_k00_closure_incidence_v1_20260827/run_singular_in_dir.sh: OK
cases/max12_812_order2_u2_62_k00_closure_incidence_v1_20260827/run_k00_closure_aws.sh: OK
cases/max12_812_order2_u2_62_k00_closure_incidence_v1_20260827/launch_remote_k00_closure.sh: OK
cases/max12_812_order2_u2_62_k00_closure_incidence_v1_20260827/PREREGISTRATION.md: OK
cases/max12_812_order2_u2_62_k00_closure_incidence_v1_20260827/HISTORY_TYPE_AUDIT.md: OK
cases/max12_812_order2_u2_62_strict_rees_20260825/aws_compile_v2_jsat/run/output/compiled_v2/tails.json: OK
xmodel/max12-812-order2-u2-62-oneparameter-rees-reduction-20260826.md: OK
xmodel/max12-812-order2-u2-62-oneparameter-rees-reduction-promotion-20260826.md: OK
xmodel/max12-812-order2-u2-62-oneparameter-rees-reduction-review-grok-20260826.md: OK
xmodel/max12-812-order2-u2-62-oneparameter-rees-runit-delta-review-grok-20260826.md: OK
xmodel/max12-812-order2-u2-62-strict-rees-client-20260825.md: OK
xmodel/max12-812-order2-u2-62-strict-rees-client-erratum-v2-20260825.md: OK
xmodel/max12-812-order2-u2-62-strict-rees-compiler-v2-source-review-20260825.md: OK
cases/max12_812_order2_u2_62_oneparam_rees_20260826/compile_oneparam_rees.py: OK
cases/max12_812_order2_u2_62_oneparam_rees_20260826/FREEZE.sha256: OK
xmodel/max12-812-order2-p0-k00-honest-source-discriminator-design-sol-20260827.md: OK
ops/aws_exact_lane.sh: OK
