V18_EXTRACT_START utc=2026-09-05T14:11:13Z
EXTRACT_START builder=/home/ubuntu/moh-bigmem-20260905/targets/v18/classdir/builders/C_n18m12_M2_9_ell2_s3_V1_8_builder.sing cwd=/home/ubuntu/moh-bigmem-20260905/targets/v18/classdir utc=2026-09-05T14:11:13Z
builder_sha=121aac3dfe246e16aa6d64d9119a728fb39ed1ce9e6e13c5923765e24419579a  /home/ubuntu/moh-bigmem-20260905/targets/v18/classdir/builders/C_n18m12_M2_9_ell2_s3_V1_8_builder.sing
EXTRACT_RC=124 utc=2026-09-05T15:11:13Z
NATIVE_GATE lead_h_is_yK=1

halt 1
rows_file=rows/C_n18m12_M2_9_ell2_s3_V1_8_rows.tsv lines=1 bytes=42 sha=7f2d716d35087e97752089d9d8041944bd5a49fe5c1c4b1118591e1f3d587130  rows/C_n18m12_M2_9_ell2_s3_V1_8_rows.tsv
NATIVE_GATE lead_h_is_yK=1
V18_EXTRACT_RC=124
V18_NATIVE_EXTRACT_FAILED; msolve will use graph presentation only
PIPELINE_NO_NATIVE_ROWS
PIPELINE_GRAPH_START target=v18 utc=2026-09-05T15:11:13Z
JOB_START stem=msolve_graph char=1073741827 timeout=10800 threads=32 utc=2026-09-05T15:11:13Z
host=ip-172-30-0-190 nproc=96 mem=779751868kB
rows=35ad3ecbf9f9ed5a341df81e8b7c76d763bcd3b2ad273cec775c6ef101488fee  /home/ubuntu/moh-bigmem-20260905/targets/v18/graph_rows.tsv
meta=8f04a52af0a0c8e5604c46e84140cf7492be38b4782ac597a9c08c595a93d644  /home/ubuntu/moh-bigmem-20260905/targets/v18/graph_meta.json
msolve_bin=0436525b06fe83b1a6a00097a96d9bcafdc40d8de6315c724b9ada9a4c04ff5f  /home/ubuntu/moh-bigmem-20260905/bin/msolve
0.10.1
EMIT_START utc=2026-09-05T15:11:13Z
{
  "certification_warning": null,
  "characteristic": 1073741827,
  "emitter": {
    "function": "msolveio.emit_system",
    "msolveio": "0.2.1",
    "python": "3.12.3",
    "qqideal": "0.2.0"
  },
  "generator_count": 651,
  "localization": {
    "appended_generator": "z*c-1",
    "method": "Rabinowitsch",
    "open_polynomial_original": "c",
    "open_polynomial_safe": "c",
    "slack_variable": "z"
  },
  "manifest_path": "/home/ubuntu/moh-bigmem-20260905/targets/v18/msolve_graph/msolve_graph_p1073741827.manifest.json",
  "original_variable_count": 438,
  "original_variable_order": [
    "h_0_5",
    "h_1_5",
    "h_2_5",
    "h_3_5",
    "h_0_4",
    "h_1_4",
    "h_2_4",
    "h_3_4",
    "h_0_3",
    "h_1_3",
    "h_2_3",
    "h_0_2",
    "h_1_2",
    "h_2_2",
    "h_0_1",
    "h_1_1",
    "h_0_0",
    "h_1_0",
    "h_2_0",
    "A1_0_5",
    "A1_1_5",
    "A1_2_5",
    "A1_3_5",
    "A1_0_4",
    "A1_1_4",
    "A1_2_4",
    "A1_3_4",
    "A1_0_3",
    "A1_1_3",
    "A1_2_3",
    "A1_0_2",
    "A1_1_2",
    "A1_2_2",
    "A1_0_1",
    "A1_1_1",
    "A1_0_0",
    "A1_1_0",
    "A1_2_0",
    "A2_0_5",
    "A2_1_5",
    "A2_2_5",
    "A2_3_5",
    "A2_4_5",
    "A2_0_4",
    "A2_1_4",
    "A2_2_4",
    "A2_3_4",
    "A2_4_4",
    "A2_0_3",
    "A2_1_3",
    "A2_2_3",
    "A2_3_3",
    "A2_4_3",
    "A2_0_2",
    "A2_1_2",
    "A2_2_2",
    "A2_3_2",
    "A2_0_1",
    "A2_1_1",
    "A2_2_1",
    "A2_3_1",
    "A2_4_1",
    "A2_0_0",
    "A2_1_0",
    "A2_2_0",
    "A2_3_0",
    "A2_4_0",
    "A3_0_5",
    "A3_1_5",
    "A3_2_5",
    "A3_3_5",
    "A3_4_5",
    "A3_5_5",
    "A3_6_5",
    "A3_0_4",
    "A3_1_4",
    "A3_2_4",
    "A3_3_4",
    "A3_4_4",
    "A3_5_4",
    "A3_6_4",
    "A3_0_3",
    "A3_1_3",
    "A3_2_3",
    "A3_3_3",
    "A3_4_3",
    "A3_5_3",
    "A3_0_2",
    "A3_1_2",
    "A3_2_2",
    "A3_3_2",
    "A3_4_2",
    "A3_5_2",
    "A3_6_2",
    "A3_0_1",
    "A3_1_1",
    "A3_2_1",
    "A3_3_1",
    "A3_4_1",
    "A3_5_1",
    "A3_6_1",
    "A3_1_0",
    "A3_2_0",
    "A3_3_0",
    "A3_4_0",
    "A3_5_0",
    "A3_6_0",
    "B2_0_5",
    "B2_1_5",
    "B2_2_5",
    "B2_3_5",
    "B2_4_5",
    "B2_0_4",
    "B2_1_4",
    "B2_2_4",
    "B2_3_4",
    "B2_4_4",
    "B2_0_3",
    "B2_1_3",
    "B2_2_3",
    "B2_3_3",
    "B2_4_3",
    "B2_0_2",
    "B2_1_2",
    "B2_2_2",
    "B2_3_2",
    "B2_0_1",
    "B2_1_1",
    "B2_2_1",
    "B2_3_1",
    "B2_4_1",
    "B2_1_0",
    "B2_2_0",
    "B2_3_0",
    "B2_4_0",
    "c",
    "auxP1_0_0",
    "auxP1_0_1",
    "auxP1_0_2",
    "auxP1_0_3",
    "auxP1_0_4",
    "auxP1_0_5",
    "auxP1_1_0",
    "auxP1_1_1",
    "auxP1_1_2",
    "auxP1_1_3",
    "auxP1_1_4",
    "auxP1_1_5",
    "auxP1_2_0",
    "auxP1_2_2",
    "auxP1_2_3",
    "auxP1_2_4",
    "auxP1_2_5",
    "auxP1_3_4",
    "auxP1_3_5",
    "auxP2_0_0",
    "auxP2_0_1",
    "auxP2_0_2",
    "auxP2_0_3",
    "auxP2_0_4",
    "auxP2_0_5",
    "auxP2_0_6",
    "auxP2_0_7",
    "auxP2_0_8",
    "auxP2_0_9",
    "auxP2_0_10",
    "auxP2_0_11",
    "auxP2_1_0",
    "auxP2_1_1",
    "auxP2_1_2",
    "auxP2_1_3",
    "auxP2_1_4",
    "auxP2_1_5",
    "auxP2_1_6",
    "auxP2_1_7",
    "auxP2_1_8",
    "auxP2_1_9",
    "auxP2_1_10",
    "auxP2_1_11",
    "auxP2_2_0",
    "auxP2_2_1",
    "auxP2_2_2",
    "auxP2_2_3",
    "auxP2_2_4",
    "auxP2_2_5",
    "auxP2_2_6",
    "auxP2_2_7",
    "auxP2_2_8",
    "auxP2_2_9",
    "auxP2_2_10",
    "auxP2_2_11",
    "auxP2_3_0",
    "auxP2_3_1",
    "auxP2_3_2",
    "auxP2_3_3",
    "auxP2_3_4",
    "auxP2_3_5",
    "auxP2_3_6",
    "auxP2_3_7",
    "auxP2_3_8",
    "auxP2_3_9",
    "auxP2_3_10",
    "auxP2_3_11",
    "auxP2_4_0",
    "auxP2_4_2",
    "auxP2_4_3",
    "auxP2_4_4",
    "auxP2_4_5",
    "auxP2_4_6",
    "auxP2_4_7",
    "auxP2_4_8",
    "auxP2_4_9",
    "auxP2_4_10",
    "auxP2_5_4",
    "auxP2_5_5",
    "auxP2_5_6",
    "auxP2_5_7",
    "auxP2_5_8",
    "auxP2_5_9",
    "auxP2_5_10",
    "auxP2_6_8",
    "auxP2_6_9",
    "auxP2_6_10",
    "auxP3_0_0",
    "auxP3_0_1",
    "auxP3_0_2",
    "auxP3_0_3",
    "auxP3_0_4",
    "auxP3_0_5",
    "auxP3_0_6",
    "auxP3_0_7",
    "auxP3_0_8",
    "auxP3_0_9",
    "auxP3_0_10",
    "auxP3_0_11",
    "auxP3_0_12",
    "auxP3_0_13",
    "auxP3_0_14",
    "auxP3_0_15",
    "auxP3_0_16",
    "auxP3_0_17",
    "auxP3_1_0",
    "auxP3_1_1",
    "auxP3_1_2",
    "auxP3_1_3",
    "auxP3_1_4",
    "auxP3_1_5",
    "auxP3_1_6",
    "auxP3_1_7",
    "auxP3_1_8",
    "auxP3_1_9",
    "auxP3_1_10",
    "auxP3_1_11",
    "auxP3_1_12",
    "auxP3_1_13",
    "auxP3_1_14",
    "auxP3_1_15",
    "auxP3_1_16",
    "auxP3_1_17",
    "auxP3_2_0",
    "auxP3_2_1",
    "auxP3_2_2",
    "auxP3_2_3",
    "auxP3_2_4",
    "auxP3_2_5",
    "auxP3_2_6",
    "auxP3_2_7",
    "auxP3_2_8",
    "auxP3_2_9",
    "auxP3_2_10",
    "auxP3_2_11",
    "auxP3_2_12",
    "auxP3_2_13",
    "auxP3_2_14",
    "auxP3_2_15",
    "auxP3_2_16",
    "auxP3_2_17",
    "auxP3_3_0",
    "auxP3_3_1",
    "auxP3_3_2",
    "auxP3_3_3",
    "auxP3_3_4",
    "auxP3_3_5",
    "auxP3_3_6",
    "auxP3_3_7",
    "auxP3_3_8",
    "auxP3_3_9",
    "auxP3_3_10",
    "auxP3_3_11",
    "auxP3_3_12",
    "auxP3_3_13",
    "auxP3_3_14",
    "auxP3_3_15",
    "auxP3_3_16",
    "auxP3_3_17",
    "auxP3_4_0",
    "auxP3_4_1",
    "auxP3_4_2",
    "auxP3_4_3",
    "auxP3_4_4",
    "auxP3_4_5",
    "auxP3_4_6",
    "auxP3_4_7",
    "auxP3_4_8",
    "auxP3_4_9",
    "auxP3_4_10",
    "auxP3_4_11",
    "auxP3_4_12",
    "auxP3_4_13",
    "auxP3_4_14",
    "auxP3_4_15",
    "auxP3_4_16",
    "auxP3_5_0",
    "auxP3_5_1",
    "auxP3_5_2",
    "auxP3_5_3",
    "auxP3_5_4",
    "auxP3_5_5",
    "auxP3_5_6",
    "auxP3_5_7",
    "auxP3_5_8",
    "auxP3_5_9",
    "auxP3_5_10",
    "auxP3_5_11",
    "auxP3_5_12",
    "auxP3_5_13",
    "auxP3_5_14",
    "auxP3_5_15",
    "auxP3_5_16",
    "auxP3_6_0",
    "auxP3_6_1",
    "auxP3_6_2",
    "auxP3_6_3",
    "auxP3_6_4",
    "auxP3_6_5",
    "auxP3_6_6",
    "auxP3_6_7",
    "auxP3_6_8",
    "auxP3_6_9",
    "auxP3_6_10",
    "auxP3_6_11",
    "auxP3_6_12",
    "auxP3_6_13",
    "auxP3_6_14",
    "auxP3_6_15",
    "auxP3_6_16",
    "auxP3_7_4",
    "auxP3_7_5",
    "auxP3_7_6",
    "auxP3_7_7",
    "auxP3_7_8",
    "auxP3_7_9",
    "auxP3_7_10",
    "auxP3_7_11",
    "auxP3_7_12",
    "auxP3_7_13",
    "auxP3_7_14",
    "auxP3_7_15",
    "auxP3_8_8",
    "auxP3_8_9",
    "auxP3_8_10",
    "auxP3_8_11",
    "auxP3_8_12",
    "auxP3_8_13",
    "auxP3_8_14",
    "auxP3_8_15",
    "auxP3_9_12",
    "auxP3_9_13",
    "auxP3_9_14",
    "auxP3_9_15",
    "auxQ2_0_0",
    "auxQ2_0_1",
    "auxQ2_0_2",
    "auxQ2_0_3",
    "auxQ2_0_4",
    "auxQ2_0_5",
    "auxQ2_0_6",
    "auxQ2_0_7",
    "auxQ2_0_8",
    "auxQ2_0_9",
    "auxQ2_0_10",
    "auxQ2_0_11",
    "auxQ2_1_0",
    "auxQ2_1_1",
    "auxQ2_1_2",
    "auxQ2_1_3",
    "auxQ2_1_4",
    "auxQ2_1_5",
    "auxQ2_1_6",
    "auxQ2_1_7",
    "auxQ2_1_8",
    "auxQ2_1_9",
    "auxQ2_1_10",
    "auxQ2_1_11",
    "auxQ2_2_0",
    "auxQ2_2_1",
    "auxQ2_2_2",
    "auxQ2_2_3",
    "auxQ2_2_4",
    "auxQ2_2_5",
    "auxQ2_2_6",
    "auxQ2_2_7",
    "auxQ2_2_8",
    "auxQ2_2_9",
    "auxQ2_2_10",
    "auxQ2_2_11",
    "auxQ2_3_0",
    "auxQ2_3_1",
    "auxQ2_3_2",
    "auxQ2_3_3",
    "auxQ2_3_4",
    "auxQ2_3_5",
    "auxQ2_3_6",
    "auxQ2_3_7",
    "auxQ2_3_8",
    "auxQ2_3_9",
    "auxQ2_3_10",
    "auxQ2_3_11",
    "auxQ2_4_0",
    "auxQ2_4_2",
    "auxQ2_4_3",
    "auxQ2_4_4",
    "auxQ2_4_5",
    "auxQ2_4_6",
    "auxQ2_4_7",
    "auxQ2_4_8",
    "auxQ2_4_9",
    "auxQ2_4_10",
    "auxQ2_5_4",
    "auxQ2_5_5",
    "auxQ2_5_6",
    "auxQ2_5_7",
    "auxQ2_5_8",
    "auxQ2_5_9",
    "auxQ2_5_10",
    "auxQ2_6_8",
    "auxQ2_6_9",
    "auxQ2_6_10"
  ],
  "outer_parentheses_removed": 0,
  "output": {
    "bytes": 144094,
    "path": "/home/ubuntu/moh-bigmem-20260905/targets/v18/msolve_graph/msolve_graph_p1073741827.ms",
    "sha256": "545b1521ae7374623c4960de7c08c16c247d6546c39d69792ac9416a82ab2f9e"
  },
  "row_selection": {
    "first_generator_ordinal": 1,
    "kind": "full",
    "last_generator_ordinal": 650
  },
  "safe_variable_order": [
    "v1",
    "v2",
    "v3",
    "v4",
    "v5",
    "v6",
    "v7",
    "v8",
    "v9",
    "v10",
    "v11",
    "v12",
    "v13",
    "v14",
    "v15",
    "v16",
    "v17",
    "v18",
    "v19",
    "v20",
    "v21",
    "v22",
    "v23",
    "v24",
    "v25",
    "v26",
    "v27",
    "v28",
    "v29",
    "v30",
    "v31",
    "v32",
    "v33",
    "v34",
    "v35",
    "v36",
    "v37",
    "v38",
    "v39",
    "v40",
    "v41",
    "v42",
    "v43",
    "v44",
    "v45",
    "v46",
    "v47",
    "v48",
    "v49",
    "v50",
    "v51",
    "v52",
    "v53",
    "v54",
    "v55",
    "v56",
    "v57",
    "v58",
    "v59",
    "v60",
    "v61",
    "v62",
    "v63",
    "v64",
    "v65",
    "v66",
    "v67",
    "v68",
    "v69",
    "v70",
    "v71",
    "v72",
    "v73",
    "v74",
    "v75",
    "v76",
    "v77",
    "v78",
    "v79",
    "v80",
    "v81",
    "v82",
    "v83",
    "v84",
    "v85",
    "v86",
    "v87",
    "v88",
    "v89",
    "v90",
    "v91",
    "v92",
    "v93",
    "v94",
    "v95",
    "v96",
    "v97",
    "v98",
    "v99",
    "v100",
    "v101",
    "v102",
    "v103",
    "v104",
    "v105",
    "v106",
    "v107",
    "v108",
    "v109",
    "v110",
    "v111",
    "v112",
    "v113",
    "v114",
    "v115",
    "v116",
    "v117",
    "v118",
    "v119",
    "v120",
    "v121",
    "v122",
    "v123",
    "v124",
    "v125",
    "v126",
    "v127",
    "v128",
    "v129",
    "v130",
    "v131",
    "v132",
    "v133",
    "v134",
    "v135",
    "c",
    "v136",
    "v137",
    "v138",
    "v139",
    "v140",
    "v141",
    "v142",
    "v143",
    "v144",
    "v145",
    "v146",
    "v147",
    "v148",
    "v149",
    "v150",
    "v151",
    "v152",
    "v153",
    "v154",
    "v155",
    "v156",
    "v157",
    "v158",
    "v159",
    "v160",
    "v161",
    "v162",
    "v163",
    "v164",
    "v165",
    "v166",
    "v167",
    "v168",
    "v169",
    "v170",
    "v171",
    "v172",
    "v173",
    "v174",
    "v175",
    "v176",
    "v177",
    "v178",
    "v179",
    "v180",
    "v181",
    "v182",
    "v183",
    "v184",
    "v185",
    "v186",
    "v187",
    "v188",
    "v189",
    "v190",
    "v191",
    "v192",
    "v193",
    "v194",
    "v195",
    "v196",
    "v197",
    "v198",
    "v199",
    "v200",
    "v201",
    "v202",
    "v203",
    "v204",
    "v205",
    "v206",
    "v207",
    "v208",
    "v209",
    "v210",
    "v211",
    "v212",
    "v213",
    "v214",
    "v215",
    "v216",
    "v217",
    "v218",
    "v219",
    "v220",
    "v221",
    "v222",
    "v223",
    "v224",
    "v225",
    "v226",
    "v227",
    "v228",
    "v229",
    "v230",
    "v231",
    "v232",
    "v233",
    "v234",
    "v235",
    "v236",
    "v237",
    "v238",
    "v239",
    "v240",
    "v241",
    "v242",
    "v243",
    "v244",
    "v245",
    "v246",
    "v247",
    "v248",
    "v249",
    "v250",
    "v251",
    "v252",
    "v253",
    "v254",
    "v255",
    "v256",
    "v257",
    "v258",
    "v259",
    "v260",
    "v261",
    "v262",
    "v263",
    "v264",
    "v265",
    "v266",
    "v267",
    "v268",
    "v269",
    "v270",
    "v271",
    "v272",
    "v273",
    "v274",
    "v275",
    "v276",
    "v277",
    "v278",
    "v279",
    "v280",
    "v281",
    "v282",
    "v283",
    "v284",
    "v285",
    "v286",
    "v287",
    "v288",
    "v289",
    "v290",
    "v291",
    "v292",
    "v293",
    "v294",
    "v295",
    "v296",
    "v297",
    "v298",
    "v299",
    "v300",
    "v301",
    "v302",
    "v303",
    "v304",
    "v305",
    "v306",
    "v307",
    "v308",
    "v309",
    "v310",
    "v311",
    "v312",
    "v313",
    "v314",
    "v315",
    "v316",
    "v317",
    "v318",
    "v319",
    "v320",
    "v321",
    "v322",
    "v323",
    "v324",
    "v325",
    "v326",
    "v327",
    "v328",
    "v329",
    "v330",
    "v331",
    "v332",
    "v333",
    "v334",
    "v335",
    "v336",
    "v337",
    "v338",
    "v339",
    "v340",
    "v341",
    "v342",
    "v343",
    "v344",
    "v345",
    "v346",
    "v347",
    "v348",
    "v349",
    "v350",
    "v351",
    "v352",
    "v353",
    "v354",
    "v355",
    "v356",
    "v357",
    "v358",
    "v359",
    "v360",
    "v361",
    "v362",
    "v363",
    "v364",
    "v365",
    "v366",
    "v367",
    "v368",
    "v369",
    "v370",
    "v371",
    "v372",
    "v373",
    "v374",
    "v375",
    "v376",
    "v377",
    "v378",
    "v379",
    "v380",
    "v381",
    "v382",
    "v383",
    "v384",
    "v385",
    "v386",
    "v387",
    "v388",
    "v389",
    "v390",
    "v391",
    "v392",
    "v393",
    "v394",
    "v395",
    "v396",
    "v397",
    "v398",
    "v399",
    "v400",
    "v401",
    "v402",
    "v403",
    "v404",
    "v405",
    "v406",
    "v407",
    "v408",
    "v409",
    "v410",
    "v411",
    "v412",
    "v413",
    "v414",
    "v415",
    "v416",
    "v417",
    "v418",
    "v419",
    "v420",
    "v421",
    "v422",
    "v423",
    "v424",
    "v425",
    "v426",
    "v427",
    "v428",
    "v429",
    "v430",
    "v431",
    "v432",
    "v433",
    "v434",
    "v435",
    "v436",
    "v437",
    "z"
  ],
  "safe_variable_order_mode": "source",
  "schema": "moh14-msolve-chart-v1",
  "source_row_generators": 650,
  "source_rows_characteristic": 0,
  "source_total_row_generators": 650,
  "sources": {
    "metadata": {
      "bytes": 16005,
      "path": "/home/ubuntu/moh-bigmem-20260905/targets/v18/graph_meta.json",
      "sha256": "8f04a52af0a0c8e5604c46e84140cf7492be38b4782ac597a9c08c595a93d644"
    },
    "rows": {
      "bytes": 266364,
      "path": "/home/ubuntu/moh-bigmem-20260905/targets/v18/graph_rows.tsv",
      "sha256": "35ad3ecbf9f9ed5a341df81e8b7c76d763bcd3b2ad273cec775c6ef101488fee"
    }
  },
  "stem": "graph_meta",
  "variable_count": 439,
  "variable_map": [
    {
      "original": "h_0_5",
      "safe": "v1"
    },
    {
      "original": "h_1_5",
      "safe": "v2"
    },
    {
      "original": "h_2_5",
      "safe": "v3"
    },
    {
      "original": "h_3_5",
      "safe": "v4"
    },
    {
      "original": "h_0_4",
      "safe": "v5"
    },
    {
      "original": "h_1_4",
      "safe": "v6"
    },
    {
      "original": "h_2_4",
      "safe": "v7"
    },
    {
      "original": "h_3_4",
      "safe": "v8"
    },
    {
      "original": "h_0_3",
      "safe": "v9"
    },
    {
      "original": "h_1_3",
      "safe": "v10"
    },
    {
      "original": "h_2_3",
      "safe": "v11"
    },
    {
      "original": "h_0_2",
      "safe": "v12"
    },
    {
      "original": "h_1_2",
      "safe": "v13"
    },
    {
      "original": "h_2_2",
      "safe": "v14"
    },
    {
      "original": "h_0_1",
      "safe": "v15"
    },
    {
      "original": "h_1_1",
      "safe": "v16"
    },
    {
      "original": "h_0_0",
      "safe": "v17"
    },
    {
      "original": "h_1_0",
      "safe": "v18"
    },
    {
      "original": "h_2_0",
      "safe": "v19"
    },
    {
      "original": "A1_0_5",
      "safe": "v20"
    },
    {
      "original": "A1_1_5",
      "safe": "v21"
    },
    {
      "original": "A1_2_5",
      "safe": "v22"
    },
    {
      "original": "A1_3_5",
      "safe": "v23"
    },
    {
      "original": "A1_0_4",
      "safe": "v24"
    },
    {
      "original": "A1_1_4",
      "safe": "v25"
    },
    {
      "original": "A1_2_4",
      "safe": "v26"
    },
    {
      "original": "A1_3_4",
      "safe": "v27"
    },
    {
      "original": "A1_0_3",
      "safe": "v28"
    },
    {
      "original": "A1_1_3",
      "safe": "v29"
    },
    {
      "original": "A1_2_3",
      "safe": "v30"
    },
    {
      "original": "A1_0_2",
      "safe": "v31"
    },
    {
      "original": "A1_1_2",
      "safe": "v32"
    },
    {
      "original": "A1_2_2",
      "safe": "v33"
    },
    {
      "original": "A1_0_1",
      "safe": "v34"
    },
    {
      "original": "A1_1_1",
      "safe": "v35"
    },
    {
      "original": "A1_0_0",
      "safe": "v36"
    },
    {
      "original": "A1_1_0",
      "safe": "v37"
    },
    {
      "original": "A1_2_0",
      "safe": "v38"
    },
    {
      "original": "A2_0_5",
      "safe": "v39"
    },
    {
      "original": "A2_1_5",
      "safe": "v40"
    },
    {
      "original": "A2_2_5",
      "safe": "v41"
    },
    {
      "original": "A2_3_5",
      "safe": "v42"
    },
    {
      "original": "A2_4_5",
      "safe": "v43"
    },
    {
      "original": "A2_0_4",
      "safe": "v44"
    },
    {
      "original": "A2_1_4",
      "safe": "v45"
    },
    {
      "original": "A2_2_4",
      "safe": "v46"
    },
    {
      "original": "A2_3_4",
      "safe": "v47"
    },
    {
      "original": "A2_4_4",
      "safe": "v48"
    },
    {
      "original": "A2_0_3",
      "safe": "v49"
    },
    {
      "original": "A2_1_3",
      "safe": "v50"
    },
    {
      "original": "A2_2_3",
      "safe": "v51"
    },
    {
      "original": "A2_3_3",
      "safe": "v52"
    },
    {
      "original": "A2_4_3",
      "safe": "v53"
    },
    {
      "original": "A2_0_2",
      "safe": "v54"
    },
    {
      "original": "A2_1_2",
      "safe": "v55"
    },
    {
      "original": "A2_2_2",
      "safe": "v56"
    },
    {
      "original": "A2_3_2",
      "safe": "v57"
    },
    {
      "original": "A2_0_1",
      "safe": "v58"
    },
    {
      "original": "A2_1_1",
      "safe": "v59"
    },
    {
      "original": "A2_2_1",
      "safe": "v60"
    },
    {
      "original": "A2_3_1",
      "safe": "v61"
    },
    {
      "original": "A2_4_1",
      "safe": "v62"
    },
    {
      "original": "A2_0_0",
      "safe": "v63"
    },
    {
      "original": "A2_1_0",
      "safe": "v64"
    },
    {
      "original": "A2_2_0",
      "safe": "v65"
    },
    {
      "original": "A2_3_0",
      "safe": "v66"
    },
    {
      "original": "A2_4_0",
      "safe": "v67"
    },
    {
      "original": "A3_0_5",
      "safe": "v68"
    },
    {
      "original": "A3_1_5",
      "safe": "v69"
    },
    {
      "original": "A3_2_5",
      "safe": "v70"
    },
    {
      "original": "A3_3_5",
      "safe": "v71"
    },
    {
      "original": "A3_4_5",
      "safe": "v72"
    },
    {
      "original": "A3_5_5",
      "safe": "v73"
    },
    {
      "original": "A3_6_5",
      "safe": "v74"
    },
    {
      "original": "A3_0_4",
      "safe": "v75"
    },
    {
      "original": "A3_1_4",
      "safe": "v76"
    },
    {
      "original": "A3_2_4",
      "safe": "v77"
    },
    {
      "original": "A3_3_4",
      "safe": "v78"
    },
    {
      "original": "A3_4_4",
      "safe": "v79"
    },
    {
      "original": "A3_5_4",
      "safe": "v80"
    },
    {
      "original": "A3_6_4",
      "safe": "v81"
    },
    {
      "original": "A3_0_3",
      "safe": "v82"
    },
    {
      "original": "A3_1_3",
      "safe": "v83"
    },
    {
      "original": "A3_2_3",
      "safe": "v84"
    },
    {
      "original": "A3_3_3",
      "safe": "v85"
    },
    {
      "original": "A3_4_3",
      "safe": "v86"
    },
    {
      "original": "A3_5_3",
      "safe": "v87"
    },
    {
      "original": "A3_0_2",
      "safe": "v88"
    },
    {
      "original": "A3_1_2",
      "safe": "v89"
    },
    {
      "original": "A3_2_2",
      "safe": "v90"
    },
    {
      "original": "A3_3_2",
      "safe": "v91"
    },
    {
      "original": "A3_4_2",
      "safe": "v92"
    },
    {
      "original": "A3_5_2",
      "safe": "v93"
    },
    {
      "original": "A3_6_2",
      "safe": "v94"
    },
    {
      "original": "A3_0_1",
      "safe": "v95"
    },
    {
      "original": "A3_1_1",
      "safe": "v96"
    },
    {
      "original": "A3_2_1",
      "safe": "v97"
    },
    {
      "original": "A3_3_1",
      "safe": "v98"
    },
    {
      "original": "A3_4_1",
      "safe": "v99"
    },
    {
      "original": "A3_5_1",
      "safe": "v100"
    },
    {
      "original": "A3_6_1",
      "safe": "v101"
    },
    {
      "original": "A3_1_0",
      "safe": "v102"
    },
    {
      "original": "A3_2_0",
      "safe": "v103"
    },
    {
      "original": "A3_3_0",
      "safe": "v104"
    },
    {
      "original": "A3_4_0",
      "safe": "v105"
    },
    {
      "original": "A3_5_0",
      "safe": "v106"
    },
    {
      "original": "A3_6_0",
      "safe": "v107"
    },
    {
      "original": "B2_0_5",
      "safe": "v108"
    },
    {
      "original": "B2_1_5",
      "safe": "v109"
    },
    {
      "original": "B2_2_5",
      "safe": "v110"
    },
    {
      "original": "B2_3_5",
      "safe": "v111"
    },
    {
      "original": "B2_4_5",
      "safe": "v112"
    },
    {
      "original": "B2_0_4",
      "safe": "v113"
    },
    {
      "original": "B2_1_4",
      "safe": "v114"
    },
    {
      "original": "B2_2_4",
      "safe": "v115"
    },
    {
      "original": "B2_3_4",
      "safe": "v116"
    },
    {
      "original": "B2_4_4",
      "safe": "v117"
    },
    {
      "original": "B2_0_3",
      "safe": "v118"
    },
    {
      "original": "B2_1_3",
      "safe": "v119"
    },
    {
      "original": "B2_2_3",
      "safe": "v120"
    },
    {
      "original": "B2_3_3",
      "safe": "v121"
    },
    {
      "original": "B2_4_3",
      "safe": "v122"
    },
    {
      "original": "B2_0_2",
      "safe": "v123"
    },
    {
      "original": "B2_1_2",
      "safe": "v124"
    },
    {
      "original": "B2_2_2",
      "safe": "v125"
    },
    {
      "original": "B2_3_2",
      "safe": "v126"
    },
    {
      "original": "B2_0_1",
      "safe": "v127"
    },
    {
      "original": "B2_1_1",
      "safe": "v128"
    },
    {
      "original": "B2_2_1",
      "safe": "v129"
    },
    {
      "original": "B2_3_1",
      "safe": "v130"
    },
    {
      "original": "B2_4_1",
      "safe": "v131"
    },
    {
      "original": "B2_1_0",
      "safe": "v132"
    },
    {
      "original": "B2_2_0",
      "safe": "v133"
    },
    {
      "original": "B2_3_0",
      "safe": "v134"
    },
    {
      "original": "B2_4_0",
      "safe": "v135"
    },
    {
      "original": "c",
      "safe": "c"
    },
    {
      "original": "auxP1_0_0",
      "safe": "v136"
    },
    {
      "original": "auxP1_0_1",
      "safe": "v137"
    },
    {
      "original": "auxP1_0_2",
      "safe": "v138"
    },
    {
      "original": "auxP1_0_3",
      "safe": "v139"
    },
    {
      "original": "auxP1_0_4",
      "safe": "v140"
    },
    {
      "original": "auxP1_0_5",
      "safe": "v141"
    },
    {
      "original": "auxP1_1_0",
      "safe": "v142"
    },
    {
      "original": "auxP1_1_1",
      "safe": "v143"
    },
    {
      "original": "auxP1_1_2",
      "safe": "v144"
    },
    {
      "original": "auxP1_1_3",
      "safe": "v145"
    },
    {
      "original": "auxP1_1_4",
      "safe": "v146"
    },
    {
      "original": "auxP1_1_5",
      "safe": "v147"
    },
    {
      "original": "auxP1_2_0",
      "safe": "v148"
    },
    {
      "original": "auxP1_2_2",
      "safe": "v149"
    },
    {
      "original": "auxP1_2_3",
      "safe": "v150"
    },
    {
      "original": "auxP1_2_4",
      "safe": "v151"
    },
    {
      "original": "auxP1_2_5",
      "safe": "v152"
    },
    {
      "original": "auxP1_3_4",
      "safe": "v153"
    },
    {
      "original": "auxP1_3_5",
      "safe": "v154"
    },
    {
      "original": "auxP2_0_0",
      "safe": "v155"
    },
    {
      "original": "auxP2_0_1",
      "safe": "v156"
    },
    {
      "original": "auxP2_0_2",
      "safe": "v157"
    },
    {
      "original": "auxP2_0_3",
      "safe": "v158"
    },
    {
      "original": "auxP2_0_4",
      "safe": "v159"
    },
    {
      "original": "auxP2_0_5",
      "safe": "v160"
    },
    {
      "original": "auxP2_0_6",
      "safe": "v161"
    },
    {
      "original": "auxP2_0_7",
      "safe": "v162"
    },
    {
      "original": "auxP2_0_8",
      "safe": "v163"
    },
    {
      "original": "auxP2_0_9",
      "safe": "v164"
    },
    {
      "original": "auxP2_0_10",
      "safe": "v165"
    },
    {
      "original": "auxP2_0_11",
      "safe": "v166"
    },
    {
      "original": "auxP2_1_0",
      "safe": "v167"
    },
    {
      "original": "auxP2_1_1",
      "safe": "v168"
    },
    {
      "original": "auxP2_1_2",
      "safe": "v169"
    },
    {
      "original": "auxP2_1_3",
      "safe": "v170"
    },
    {
      "original": "auxP2_1_4",
      "safe": "v171"
    },
    {
      "original": "auxP2_1_5",
      "safe": "v172"
    },
    {
      "original": "auxP2_1_6",
      "safe": "v173"
    },
    {
      "original": "auxP2_1_7",
      "safe": "v174"
    },
    {
      "original": "auxP2_1_8",
      "safe": "v175"
    },
    {
      "original": "auxP2_1_9",
      "safe": "v176"
    },
    {
      "original": "auxP2_1_10",
      "safe": "v177"
    },
    {
      "original": "auxP2_1_11",
      "safe": "v178"
    },
    {
      "original": "auxP2_2_0",
      "safe": "v179"
    },
    {
      "original": "auxP2_2_1",
      "safe": "v180"
    },
    {
      "original": "auxP2_2_2",
      "safe": "v181"
    },
    {
      "original": "auxP2_2_3",
      "safe": "v182"
    },
    {
      "original": "auxP2_2_4",
      "safe": "v183"
    },
    {
      "original": "auxP2_2_5",
      "safe": "v184"
    },
    {
      "original": "auxP2_2_6",
      "safe": "v185"
    },
    {
      "original": "auxP2_2_7",
      "safe": "v186"
    },
    {
      "original": "auxP2_2_8",
      "safe": "v187"
    },
    {
      "original": "auxP2_2_9",
      "safe": "v188"
    },
    {
      "original": "auxP2_2_10",
      "safe": "v189"
    },
    {
      "original": "auxP2_2_11",
      "safe": "v190"
    },
    {
      "original": "auxP2_3_0",
      "safe": "v191"
    },
    {
      "original": "auxP2_3_1",
      "safe": "v192"
    },
    {
      "original": "auxP2_3_2",
      "safe": "v193"
    },
    {
      "original": "auxP2_3_3",
      "safe": "v194"
    },
    {
      "original": "auxP2_3_4",
      "safe": "v195"
    },
    {
      "original": "auxP2_3_5",
      "safe": "v196"
    },
    {
      "original": "auxP2_3_6",
      "safe": "v197"
    },
    {
      "original": "auxP2_3_7",
      "safe": "v198"
    },
    {
      "original": "auxP2_3_8",
      "safe": "v199"
    },
    {
      "original": "auxP2_3_9",
      "safe": "v200"
    },
    {
      "original": "auxP2_3_10",
      "safe": "v201"
    },
    {
      "original": "auxP2_3_11",
      "safe": "v202"
    },
    {
      "original": "auxP2_4_0",
      "safe": "v203"
    },
    {
      "original": "auxP2_4_2",
      "safe": "v204"
    },
    {
      "original": "auxP2_4_3",
      "safe": "v205"
    },
    {
      "original": "auxP2_4_4",
      "safe": "v206"
    },
    {
      "original": "auxP2_4_5",
      "safe": "v207"
    },
    {
      "original": "auxP2_4_6",
      "safe": "v208"
    },
    {
      "original": "auxP2_4_7",
      "safe": "v209"
    },
    {
      "original": "auxP2_4_8",
      "safe": "v210"
    },
    {
      "original": "auxP2_4_9",
      "safe": "v211"
    },
    {
      "original": "auxP2_4_10",
      "safe": "v212"
    },
    {
      "original": "auxP2_5_4",
      "safe": "v213"
    },
    {
      "original": "auxP2_5_5",
      "safe": "v214"
    },
    {
      "original": "auxP2_5_6",
      "safe": "v215"
    },
    {
      "original": "auxP2_5_7",
      "safe": "v216"
    },
    {
      "original": "auxP2_5_8",
      "safe": "v217"
    },
    {
      "original": "auxP2_5_9",
      "safe": "v218"
    },
    {
      "original": "auxP2_5_10",
      "safe": "v219"
    },
    {
      "original": "auxP2_6_8",
      "safe": "v220"
    },
    {
      "original": "auxP2_6_9",
      "safe": "v221"
    },
    {
      "original": "auxP2_6_10",
      "safe": "v222"
    },
    {
      "original": "auxP3_0_0",
      "safe": "v223"
    },
    {
      "original": "auxP3_0_1",
      "safe": "v224"
    },
    {
      "original": "auxP3_0_2",
      "safe": "v225"
    },
    {
      "original": "auxP3_0_3",
      "safe": "v226"
    },
    {
      "original": "auxP3_0_4",
      "safe": "v227"
    },
    {
      "original": "auxP3_0_5",
      "safe": "v228"
    },
    {
      "original": "auxP3_0_6",
      "safe": "v229"
    },
    {
      "original": "auxP3_0_7",
      "safe": "v230"
    },
    {
      "original": "auxP3_0_8",
      "safe": "v231"
    },
    {
      "original": "auxP3_0_9",
      "safe": "v232"
    },
    {
      "original": "auxP3_0_10",
      "safe": "v233"
    },
    {
      "original": "auxP3_0_11",
      "safe": "v234"
    },
    {
      "original": "auxP3_0_12",
      "safe": "v235"
    },
    {
      "original": "auxP3_0_13",
      "safe": "v236"
    },
    {
      "original": "auxP3_0_14",
      "safe": "v237"
    },
    {
      "original": "auxP3_0_15",
      "safe": "v238"
    },
    {
      "original": "auxP3_0_16",
      "safe": "v239"
    },
    {
      "original": "auxP3_0_17",
      "safe": "v240"
    },
    {
      "original": "auxP3_1_0",
      "safe": "v241"
    },
    {
      "original": "auxP3_1_1",
      "safe": "v242"
    },
    {
      "original": "auxP3_1_2",
      "safe": "v243"
    },
    {
      "original": "auxP3_1_3",
      "safe": "v244"
    },
    {
      "original": "auxP3_1_4",
      "safe": "v245"
    },
    {
      "original": "auxP3_1_5",
      "safe": "v246"
    },
    {
      "original": "auxP3_1_6",
      "safe": "v247"
    },
    {
      "original": "auxP3_1_7",
      "safe": "v248"
    },
    {
      "original": "auxP3_1_8",
      "safe": "v249"
    },
    {
      "original": "auxP3_1_9",
      "safe": "v250"
    },
    {
      "original": "auxP3_1_10",
      "safe": "v251"
    },
    {
      "original": "auxP3_1_11",
      "safe": "v252"
    },
    {
      "original": "auxP3_1_12",
      "safe": "v253"
    },
    {
      "original": "auxP3_1_13",
      "safe": "v254"
    },
    {
      "original": "auxP3_1_14",
      "safe": "v255"
    },
    {
      "original": "auxP3_1_15",
      "safe": "v256"
    },
    {
      "original": "auxP3_1_16",
      "safe": "v257"
    },
    {
      "original": "auxP3_1_17",
      "safe": "v258"
    },
    {
      "original": "auxP3_2_0",
      "safe": "v259"
    },
    {
      "original": "auxP3_2_1",
      "safe": "v260"
    },
    {
      "original": "auxP3_2_2",
      "safe": "v261"
    },
    {
      "original": "auxP3_2_3",
      "safe": "v262"
    },
    {
      "original": "auxP3_2_4",
      "safe": "v263"
    },
    {
      "original": "auxP3_2_5",
      "safe": "v264"
    },
    {
      "original": "auxP3_2_6",
      "safe": "v265"
    },
    {
      "original": "auxP3_2_7",
      "safe": "v266"
    },
    {
      "original": "auxP3_2_8",
      "safe": "v267"
    },
    {
      "original": "auxP3_2_9",
      "safe": "v268"
    },
    {
      "original": "auxP3_2_10",
      "safe": "v269"
    },
    {
      "original": "auxP3_2_11",
      "safe": "v270"
    },
    {
      "original": "auxP3_2_12",
      "safe": "v271"
    },
    {
      "original": "auxP3_2_13",
      "safe": "v272"
    },
    {
      "original": "auxP3_2_14",
      "safe": "v273"
    },
    {
      "original": "auxP3_2_15",
      "safe": "v274"
    },
    {
      "original": "auxP3_2_16",
      "safe": "v275"
    },
    {
      "original": "auxP3_2_17",
      "safe": "v276"
    },
    {
      "original": "auxP3_3_0",
      "safe": "v277"
    },
    {
      "original": "auxP3_3_1",
      "safe": "v278"
    },
    {
      "original": "auxP3_3_2",
      "safe": "v279"
    },
    {
      "original": "auxP3_3_3",
      "safe": "v280"
    },
    {
      "original": "auxP3_3_4",
      "safe": "v281"
    },
    {
      "original": "auxP3_3_5",
      "safe": "v282"
    },
    {
      "original": "auxP3_3_6",
      "safe": "v283"
    },
    {
      "original": "auxP3_3_7",
      "safe": "v284"
    },
    {
      "original": "auxP3_3_8",
      "safe": "v285"
    },
    {
      "original": "auxP3_3_9",
      "safe": "v286"
    },
    {
      "original": "auxP3_3_10",
      "safe": "v287"
    },
    {
      "original": "auxP3_3_11",
      "safe": "v288"
    },
    {
      "original": "auxP3_3_12",
      "safe": "v289"
    },
    {
      "original": "auxP3_3_13",
      "safe": "v290"
    },
    {
      "original": "auxP3_3_14",
      "safe": "v291"
    },
    {
      "original": "auxP3_3_15",
      "safe": "v292"
    },
    {
      "original": "auxP3_3_16",
      "safe": "v293"
    },
    {
      "original": "auxP3_3_17",
      "safe": "v294"
    },
    {
      "original": "auxP3_4_0",
      "safe": "v295"
    },
    {
      "original": "auxP3_4_1",
      "safe": "v296"
    },
    {
      "original": "auxP3_4_2",
      "safe": "v297"
    },
    {
      "original": "auxP3_4_3",
      "safe": "v298"
    },
    {
      "original": "auxP3_4_4",
      "safe": "v299"
    },
    {
      "original": "auxP3_4_5",
      "safe": "v300"
    },
    {
      "original": "auxP3_4_6",
      "safe": "v301"
    },
    {
      "original": "auxP3_4_7",
      "safe": "v302"
    },
    {
      "original": "auxP3_4_8",
      "safe": "v303"
    },
    {
      "original": "auxP3_4_9",
      "safe": "v304"
    },
    {
      "original": "auxP3_4_10",
      "safe": "v305"
    },
    {
      "original": "auxP3_4_11",
      "safe": "v306"
    },
    {
      "original": "auxP3_4_12",
      "safe": "v307"
    },
    {
      "original": "auxP3_4_13",
      "safe": "v308"
    },
    {
      "original": "auxP3_4_14",
      "safe": "v309"
    },
    {
      "original": "auxP3_4_15",
      "safe": "v310"
    },
    {
      "original": "auxP3_4_16",
      "safe": "v311"
    },
    {
      "original": "auxP3_5_0",
      "safe": "v312"
    },
    {
      "original": "auxP3_5_1",
      "safe": "v313"
    },
    {
      "original": "auxP3_5_2",
      "safe": "v314"
    },
    {
      "original": "auxP3_5_3",
      "safe": "v315"
    },
    {
      "original": "auxP3_5_4",
      "safe": "v316"
    },
    {
      "original": "auxP3_5_5",
      "safe": "v317"
    },
    {
      "original": "auxP3_5_6",
      "safe": "v318"
    },
    {
      "original": "auxP3_5_7",
      "safe": "v319"
    },
    {
      "original": "auxP3_5_8",
      "safe": "v320"
    },
    {
      "original": "auxP3_5_9",
      "safe": "v321"
    },
    {
      "original": "auxP3_5_10",
      "safe": "v322"
    },
    {
      "original": "auxP3_5_11",
      "safe": "v323"
    },
    {
      "original": "auxP3_5_12",
      "safe": "v324"
    },
    {
      "original": "auxP3_5_13",
      "safe": "v325"
    },
    {
      "original": "auxP3_5_14",
      "safe": "v326"
    },
    {
      "original": "auxP3_5_15",
      "safe": "v327"
    },
    {
      "original": "auxP3_5_16",
      "safe": "v328"
    },
    {
      "original": "auxP3_6_0",
      "safe": "v329"
    },
    {
      "original": "auxP3_6_1",
      "safe": "v330"
    },
    {
      "original": "auxP3_6_2",
      "safe": "v331"
    },
    {
      "original": "auxP3_6_3",
      "safe": "v332"
    },
    {
      "original": "auxP3_6_4",
      "safe": "v333"
    },
    {
      "original": "auxP3_6_5",
      "safe": "v334"
    },
    {
      "original": "auxP3_6_6",
      "safe": "v335"
    },
    {
      "original": "auxP3_6_7",
      "safe": "v336"
    },
    {
      "original": "auxP3_6_8",
      "safe": "v337"
    },
    {
      "original": "auxP3_6_9",
      "safe": "v338"
    },
    {
      "original": "auxP3_6_10",
      "safe": "v339"
    },
    {
      "original": "auxP3_6_11",
      "safe": "v340"
    },
    {
      "original": "auxP3_6_12",
      "safe": "v341"
    },
    {
      "original": "auxP3_6_13",
      "safe": "v342"
    },
    {
      "original": "auxP3_6_14",
      "safe": "v343"
    },
    {
      "original": "auxP3_6_15",
      "safe": "v344"
    },
    {
      "original": "auxP3_6_16",
      "safe": "v345"
    },
    {
      "original": "auxP3_7_4",
      "safe": "v346"
    },
    {
      "original": "auxP3_7_5",
      "safe": "v347"
    },
    {
      "original": "auxP3_7_6",
      "safe": "v348"
    },
    {
      "original": "auxP3_7_7",
      "safe": "v349"
    },
    {
      "original": "auxP3_7_8",
      "safe": "v350"
    },
    {
      "original": "auxP3_7_9",
      "safe": "v351"
    },
    {
      "original": "auxP3_7_10",
      "safe": "v352"
    },
    {
      "original": "auxP3_7_11",
      "safe": "v353"
    },
    {
      "original": "auxP3_7_12",
      "safe": "v354"
    },
    {
      "original": "auxP3_7_13",
      "safe": "v355"
    },
    {
      "original": "auxP3_7_14",
      "safe": "v356"
    },
    {
      "original": "auxP3_7_15",
      "safe": "v357"
    },
    {
      "original": "auxP3_8_8",
      "safe": "v358"
    },
    {
      "original": "auxP3_8_9",
      "safe": "v359"
    },
    {
      "original": "auxP3_8_10",
      "safe": "v360"
    },
    {
      "original": "auxP3_8_11",
      "safe": "v361"
    },
    {
      "original": "auxP3_8_12",
      "safe": "v362"
    },
    {
      "original": "auxP3_8_13",
      "safe": "v363"
    },
    {
      "original": "auxP3_8_14",
      "safe": "v364"
    },
    {
      "original": "auxP3_8_15",
      "safe": "v365"
    },
    {
      "original": "auxP3_9_12",
      "safe": "v366"
    },
    {
      "original": "auxP3_9_13",
      "safe": "v367"
    },
    {
      "original": "auxP3_9_14",
      "safe": "v368"
    },
    {
      "original": "auxP3_9_15",
      "safe": "v369"
    },
    {
      "original": "auxQ2_0_0",
      "safe": "v370"
    },
    {
      "original": "auxQ2_0_1",
      "safe": "v371"
    },
    {
      "original": "auxQ2_0_2",
      "safe": "v372"
    },
    {
      "original": "auxQ2_0_3",
      "safe": "v373"
    },
    {
      "original": "auxQ2_0_4",
      "safe": "v374"
    },
    {
      "original": "auxQ2_0_5",
      "safe": "v375"
    },
    {
      "original": "auxQ2_0_6",
      "safe": "v376"
    },
    {
      "original": "auxQ2_0_7",
      "safe": "v377"
    },
    {
      "original": "auxQ2_0_8",
      "safe": "v378"
    },
    {
      "original": "auxQ2_0_9",
      "safe": "v379"
    },
    {
      "original": "auxQ2_0_10",
      "safe": "v380"
    },
    {
      "original": "auxQ2_0_11",
      "safe": "v381"
    },
    {
      "original": "auxQ2_1_0",
      "safe": "v382"
    },
    {
      "original": "auxQ2_1_1",
      "safe": "v383"
    },
    {
      "original": "auxQ2_1_2",
      "safe": "v384"
    },
    {
      "original": "auxQ2_1_3",
      "safe": "v385"
    },
    {
      "original": "auxQ2_1_4",
      "safe": "v386"
    },
    {
      "original": "auxQ2_1_5",
      "safe": "v387"
    },
    {
      "original": "auxQ2_1_6",
      "safe": "v388"
    },
    {
      "original": "auxQ2_1_7",
      "safe": "v389"
    },
    {
      "original": "auxQ2_1_8",
      "safe": "v390"
    },
    {
      "original": "auxQ2_1_9",
      "safe": "v391"
    },
    {
      "original": "auxQ2_1_10",
      "safe": "v392"
    },
    {
      "original": "auxQ2_1_11",
      "safe": "v393"
    },
    {
      "original": "auxQ2_2_0",
      "safe": "v394"
    },
    {
      "original": "auxQ2_2_1",
      "safe": "v395"
    },
    {
      "original": "auxQ2_2_2",
      "safe": "v396"
    },
    {
      "original": "auxQ2_2_3",
      "safe": "v397"
    },
    {
      "original": "auxQ2_2_4",
      "safe": "v398"
    },
    {
      "original": "auxQ2_2_5",
      "safe": "v399"
    },
    {
      "original": "auxQ2_2_6",
      "safe": "v400"
    },
    {
      "original": "auxQ2_2_7",
      "safe": "v401"
    },
    {
      "original": "auxQ2_2_8",
      "safe": "v402"
    },
    {
      "original": "auxQ2_2_9",
      "safe": "v403"
    },
    {
      "original": "auxQ2_2_10",
      "safe": "v404"
    },
    {
      "original": "auxQ2_2_11",
      "safe": "v405"
    },
    {
      "original": "auxQ2_3_0",
      "safe": "v406"
    },
    {
      "original": "auxQ2_3_1",
      "safe": "v407"
    },
    {
      "original": "auxQ2_3_2",
      "safe": "v408"
    },
    {
      "original": "auxQ2_3_3",
      "safe": "v409"
    },
    {
      "original": "auxQ2_3_4",
      "safe": "v410"
    },
    {
      "original": "auxQ2_3_5",
      "safe": "v411"
    },
    {
      "original": "auxQ2_3_6",
      "safe": "v412"
    },
    {
      "original": "auxQ2_3_7",
      "safe": "v413"
    },
    {
      "original": "auxQ2_3_8",
      "safe": "v414"
    },
    {
      "original": "auxQ2_3_9",
      "safe": "v415"
    },
    {
      "original": "auxQ2_3_10",
      "safe": "v416"
    },
    {
      "original": "auxQ2_3_11",
      "safe": "v417"
    },
    {
      "original": "auxQ2_4_0",
      "safe": "v418"
    },
    {
      "original": "auxQ2_4_2",
      "safe": "v419"
    },
    {
      "original": "auxQ2_4_3",
      "safe": "v420"
    },
    {
      "original": "auxQ2_4_4",
      "safe": "v421"
    },
    {
      "original": "auxQ2_4_5",
      "safe": "v422"
    },
    {
      "original": "auxQ2_4_6",
      "safe": "v423"
    },
    {
      "original": "auxQ2_4_7",
      "safe": "v424"
    },
    {
      "original": "auxQ2_4_8",
      "safe": "v425"
    },
    {
      "original": "auxQ2_4_9",
      "safe": "v426"
    },
    {
      "original": "auxQ2_4_10",
      "safe": "v427"
    },
    {
      "original": "auxQ2_5_4",
      "safe": "v428"
    },
    {
      "original": "auxQ2_5_5",
      "safe": "v429"
    },
    {
      "original": "auxQ2_5_6",
      "safe": "v430"
    },
    {
      "original": "auxQ2_5_7",
      "safe": "v431"
    },
    {
      "original": "auxQ2_5_8",
      "safe": "v432"
    },
    {
      "original": "auxQ2_5_9",
      "safe": "v433"
    },
    {
      "original": "auxQ2_5_10",
      "safe": "v434"
    },
    {
      "original": "auxQ2_6_8",
      "safe": "v435"
    },
    {
      "original": "auxQ2_6_9",
      "safe": "v436"
    },
    {
      "original": "auxQ2_6_10",
      "safe": "v437"
    }
  ]
}
EMIT_RC=0 utc=2026-09-05T15:11:13Z
input=545b1521ae7374623c4960de7c08c16c247d6546c39d69792ac9416a82ab2f9e  /home/ubuntu/moh-bigmem-20260905/targets/v18/msolve_graph/msolve_graph_p1073741827.ms bytes=144094
