	Command being timed: "timeout 3600 env JC2_ROOT=/home/ubuntu/jobs/as_d7_full_output_z27_20260825T1545Z_r6d/source MODEL_OUTPUT=/home/ubuntu/jobs/as_d7_full_output_z27_20260825T1545Z_r6d/old/inputs/model_0513_0201000.stdout PARENT_OUTPUT_JSON=/home/ubuntu/jobs/as_d7_full_output_z27_20260825T1545Z_r6d/old/base_0513_0201000/q3_parent.json PREVIOUS_Z9_RESULT_JSON=/home/ubuntu/jobs/as_d7_full_output_z27_20260825T1545Z_r6d/old/base_0513_0201000/result.json OUTPUT_JSON=/home/ubuntu/jobs/as_d7_full_output_z27_20260825T1545Z_r6d/base_0513_0201000/result.json /usr/bin/python3 /home/ubuntu/jobs/as_d7_full_output_z27_20260825T1545Z_r6d/source/cases/as_fonly_d7_q3_full_output_cone_z27_20260825/solve_full_output_cone_z27.py"
	User time (seconds): 17.17
	System time (seconds): 0.00
	Percent of CPU this job got: 99%
	Elapsed (wall clock) time (h:mm:ss or m:ss): 0:17.18
	Average shared text size (kbytes): 0
	Average unshared data size (kbytes): 0
	Average stack size (kbytes): 0
	Average total size (kbytes): 0
	Maximum resident set size (kbytes): 23500
	Average resident set size (kbytes): 0
	Major (requiring I/O) page faults: 0
	Minor (reclaiming a frame) page faults: 3965
	Voluntary context switches: 3
	Involuntary context switches: 26
	Swaps: 0
	File system inputs: 0
	File system outputs: 56
	Socket messages sent: 0
	Socket messages received: 0
	Signals delivered: 0
	Page size (bytes): 4096
	Exit status: 0
