	Command being timed: "timeout --signal=TERM --kill-after=30s 600 python3 /home/ubuntu/jc2q8/repo/cases/max12_912_order3_nu_q8_char0_mod127_contact_bridge_aws_20260825/independent_replay.py /home/ubuntu/jc2q8/out/q8_char0_mod127_contact_bridge_r6d_v2/producer.json"
	User time (seconds): 9.39
	System time (seconds): 0.02
	Percent of CPU this job got: 99%
	Elapsed (wall clock) time (h:mm:ss or m:ss): 0:09.42
	Average shared text size (kbytes): 0
	Average unshared data size (kbytes): 0
	Average stack size (kbytes): 0
	Average total size (kbytes): 0
	Maximum resident set size (kbytes): 25612
	Average resident set size (kbytes): 0
	Major (requiring I/O) page faults: 0
	Minor (reclaiming a frame) page faults: 8313
	Voluntary context switches: 7
	Involuntary context switches: 14
	Swaps: 0
	File system inputs: 0
	File system outputs: 8
	Socket messages sent: 0
	Socket messages received: 0
	Signals delivered: 0
	Page size (bytes): 4096
	Exit status: 0
