beta_parameter_name=beta
target_compatibility=X0_t13
ring=E(C,V,U)[beta]
q_beta=t+beta*t^2+t^25
direct_qprime_retained=true
raw_center_stratum=u-zero
raw_fraction_field_not_complete_stratum=true
source_center=U=0 over Q(C,V)
trivariate_transport rows=0;pivots=1;events=0
trivariate_transport rows=250;pivots=251;events=0
trivariate_transport rows=1500;pivots=684;events=0
trivariate_transport rows=1750;pivots=934;events=0
trivariate_transport rows=2000;pivots=1184;events=0
trivariate_transport rows=2250;pivots=1434;events=0
trivariate_transport rows=4750;pivots=1716;events=0
trivariate_transport rows=5000;pivots=1966;events=1
trivariate_transport rows=5250;pivots=2215;events=1
trivariate_transport rows=5500;pivots=2465;events=2
trivariate_transport rows=5750;pivots=2715;events=2
trivariate_transport rows=6000;pivots=2965;events=2
trivariate_transport rows=6250;pivots=3215;events=2
trivariate_transport rows=6500;pivots=3465;events=2
transport_rank=3470/3602
transport_event_count=2
transport_matrix_beta_independent=true
transport_rhs_beta_affine_exact=true
transport_free_count=132
transport_x_and_pole_sections_exact=true
first_rank=36/132
first_dependent_count=1
first_all_pivots_beta_independent=true
first_pivot_digest=5a2556f11b9eb2fa1c0d53c265b5f8d221ba8a293a9444c8a36749e3fec6082e
first_original_row_replay=true
first_incompatibility[0]_row_index=13
first_incompatibility[0]_key=('X-2', 14)
first_incompatibility[0]_degree=0
first_incompatibility[0]_residual_sha256=2dbf4dc79c6530bcb4f2ebe2e5837f32b75e0ee379bfb935f530466cc9502e30
first_incompatibility[0]_source_row_count=14
first_incompatibility[0]_source_certificate_sha256=aed9502da634043dfa3a976191bd6353bc56038a39bd5be7ba5aa64e4743710d
first_incompatibility[0]_bezout_sha256=3f3b7ba0daf93fd884d2909589e47eaa35c6dbcad9184e295a3f627abdcccb7f
first_compatibility_gcd_degree=0
first_compatibility_gcd_sha256=50490e4c4e90b197fa2ed6bf6cfca3b0d50632dd7b2ba4f24a22e70a5badd60b
first_compatibility_bezout_sha256=82f5c0c7815dc36fca4ee6d092d60c7313caa1aec7ac48c551b46f72fd37960b
first_compatibility_certificate_denominator=(1)
first_compatibility_certificate_denominator_factor=(1, [])
first_compatibility_original_row_replay=true
first_generic_raw_stratum_empty=true
first_beta_root_stratum_required=false
full_A3_beta_family_killed=false
whole_TD6_killed=false
SP2_killed=false
JC2_resolved=false
TD6-A3-Q2-N13-RAW-FIRST PASS
