beta_parameter_name=beta
target_compatibility=X0_t13
ring=E(C,V,U)[beta]
q_beta=t+beta*t^2+t^25
direct_qprime_retained=true
raw_center_stratum=u-zero
raw_fraction_field_not_complete_stratum=true
source_center=U=0 over Q(C,V)
trivariate_transport rows=0;pivots=1;events=0
trivariate_transport rows=250;pivots=251;events=0
trivariate_transport rows=1500;pivots=684;events=0
trivariate_transport rows=1750;pivots=934;events=0
trivariate_transport rows=2000;pivots=1184;events=0
trivariate_transport rows=2250;pivots=1434;events=0
trivariate_transport rows=4750;pivots=1716;events=0
trivariate_transport rows=5000;pivots=1966;events=1
trivariate_transport rows=5250;pivots=2215;events=1
trivariate_transport rows=5500;pivots=2465;events=2
trivariate_transport rows=5750;pivots=2715;events=2
trivariate_transport rows=6000;pivots=2965;events=2
trivariate_transport rows=6250;pivots=3215;events=2
trivariate_transport rows=6500;pivots=3465;events=2
transport_rank=3470/3602
transport_event_count=2
transport_matrix_beta_independent=true
transport_rhs_beta_affine_exact=true
transport_free_count=132
transport_x_and_pole_sections_exact=true
first_rank=36/132
first_dependent_count=1
first_all_pivots_beta_independent=true
first_pivot_digest=06dac00d2334fcb54f7f92694c57539e855e7460a9dd076f1959992d41884b4a
first_original_row_replay=true
first_incompatibility[0]_row_index=13
first_incompatibility[0]_key=('X-2', 14)
first_incompatibility[0]_degree=0
first_incompatibility[0]_residual_sha256=4646d1ee3c6d7748c8d3849a31cdf6cc73666abe0c2696253a6533f90e50578a
first_incompatibility[0]_source_row_count=14
first_incompatibility[0]_source_certificate_sha256=31b15e7db38fffb0611c21eefd1d3845a5f1c57192a272c2c2b9cb83145481bf
first_incompatibility[0]_bezout_sha256=ef0d8a8ce780e0c9be1eeb90cc30de1e0a52fe5e3c71180b282e358863210417
first_compatibility_gcd_degree=0
first_compatibility_gcd_sha256=65bac2f95962038c010f57b400612de8bceb91e5cf95be975cc0bd4118c6c304
first_compatibility_bezout_sha256=ed4fd3c7ed64b473cf24007482dd634d1f1ae06e1cbec74372ea65ebe1ab1ef7
first_compatibility_certificate_denominator=(1)
first_compatibility_certificate_denominator_factor=(1, [])
first_compatibility_original_row_replay=true
first_generic_raw_stratum_empty=true
first_beta_root_stratum_required=false
full_A3_beta_family_killed=false
whole_TD6_killed=false
SP2_killed=false
JC2_resolved=false
TD6-A3-Q2-N13-RAW-FIRST PASS
