/etc/ld.so.cache: OK
/etc/python3.12/sitecustomize.py: OK
/usr/bin/ps: OK
/usr/bin/python3.12: OK
/usr/bin/setpriv: OK
/usr/lib/python3.12/EXTERNALLY-MANAGED: OK
/usr/lib/python3.12/LICENSE.txt: OK
/usr/lib/python3.12/__future__.py: OK
/usr/lib/python3.12/__hello__.py: OK
/usr/lib/python3.12/__phello__/__init__.py: OK
/usr/lib/python3.12/__phello__/__pycache__/__init__.cpython-312.pyc: OK
/usr/lib/python3.12/__phello__/__pycache__/spam.cpython-312.pyc: OK
/usr/lib/python3.12/__phello__/spam.py: OK
/usr/lib/python3.12/__pycache__/__future__.cpython-312.pyc: OK
/usr/lib/python3.12/__pycache__/__hello__.cpython-312.pyc: OK
/usr/lib/python3.12/__pycache__/_aix_support.cpython-312.pyc: OK
/usr/lib/python3.12/__pycache__/_collections_abc.cpython-312.pyc: OK
/usr/lib/python3.12/__pycache__/_compat_pickle.cpython-312.pyc: OK
/usr/lib/python3.12/__pycache__/_compression.cpython-312.pyc: OK
/usr/lib/python3.12/__pycache__/_distutils_system_mod.cpython-312.pyc: OK
/usr/lib/python3.12/__pycache__/_markupbase.cpython-312.pyc: OK
/usr/lib/python3.12/__pycache__/_osx_support.cpython-312.pyc: OK
/usr/lib/python3.12/__pycache__/_py_abc.cpython-312.pyc: OK
/usr/lib/python3.12/__pycache__/_pydatetime.cpython-312.pyc: OK
/usr/lib/python3.12/__pycache__/_pydecimal.cpython-312.pyc: OK
/usr/lib/python3.12/__pycache__/_pyio.cpython-312.pyc: OK
/usr/lib/python3.12/__pycache__/_pylong.cpython-312.pyc: OK
/usr/lib/python3.12/__pycache__/_sitebuiltins.cpython-312.pyc: OK
/usr/lib/python3.12/__pycache__/_strptime.cpython-312.pyc: OK
/usr/lib/python3.12/__pycache__/_sysconfigdata__linux_x86_64-linux-gnu.cpython-312.pyc: OK
/usr/lib/python3.12/__pycache__/_sysconfigdata__x86_64-linux-gnu.cpython-312.pyc: OK
/usr/lib/python3.12/__pycache__/_threading_local.cpython-312.pyc: OK
/usr/lib/python3.12/__pycache__/_weakrefset.cpython-312.pyc: OK
/usr/lib/python3.12/__pycache__/abc.cpython-312.pyc: OK
/usr/lib/python3.12/__pycache__/aifc.cpython-312.pyc: OK
/usr/lib/python3.12/__pycache__/antigravity.cpython-312.pyc: OK
/usr/lib/python3.12/__pycache__/argparse.cpython-312.pyc: OK
/usr/lib/python3.12/__pycache__/ast.cpython-312.pyc: OK
/usr/lib/python3.12/__pycache__/base64.cpython-312.pyc: OK
/usr/lib/python3.12/__pycache__/bdb.cpython-312.pyc: OK
/usr/lib/python3.12/__pycache__/bisect.cpython-312.pyc: OK
/usr/lib/python3.12/__pycache__/bz2.cpython-312.pyc: OK
/usr/lib/python3.12/__pycache__/cProfile.cpython-312.pyc: OK
/usr/lib/python3.12/__pycache__/calendar.cpython-312.pyc: OK
/usr/lib/python3.12/__pycache__/cgi.cpython-312.pyc: OK
/usr/lib/python3.12/__pycache__/cgitb.cpython-312.pyc: OK
/usr/lib/python3.12/__pycache__/chunk.cpython-312.pyc: OK
/usr/lib/python3.12/__pycache__/cmd.cpython-312.pyc: OK
/usr/lib/python3.12/__pycache__/code.cpython-312.pyc: OK
/usr/lib/python3.12/__pycache__/codecs.cpython-312.pyc: OK
/usr/lib/python3.12/__pycache__/codeop.cpython-312.pyc: OK
/usr/lib/python3.12/__pycache__/colorsys.cpython-312.pyc: OK
/usr/lib/python3.12/__pycache__/compileall.cpython-312.pyc: OK
/usr/lib/python3.12/__pycache__/configparser.cpython-312.pyc: OK
/usr/lib/python3.12/__pycache__/contextlib.cpython-312.pyc: OK
/usr/lib/python3.12/__pycache__/contextvars.cpython-312.pyc: OK
/usr/lib/python3.12/__pycache__/copy.cpython-312.pyc: OK
/usr/lib/python3.12/__pycache__/copyreg.cpython-312.pyc: OK
/usr/lib/python3.12/__pycache__/crypt.cpython-312.pyc: OK
/usr/lib/python3.12/__pycache__/csv.cpython-312.pyc: OK
/usr/lib/python3.12/__pycache__/dataclasses.cpython-312.pyc: OK
/usr/lib/python3.12/__pycache__/datetime.cpython-312.pyc: OK
/usr/lib/python3.12/__pycache__/decimal.cpython-312.pyc: OK
/usr/lib/python3.12/__pycache__/difflib.cpython-312.pyc: OK
/usr/lib/python3.12/__pycache__/dis.cpython-312.pyc: OK
/usr/lib/python3.12/__pycache__/doctest.cpython-312.pyc: OK
/usr/lib/python3.12/__pycache__/enum.cpython-312.pyc: OK
/usr/lib/python3.12/__pycache__/filecmp.cpython-312.pyc: OK
/usr/lib/python3.12/__pycache__/fileinput.cpython-312.pyc: OK
/usr/lib/python3.12/__pycache__/fnmatch.cpython-312.pyc: OK
/usr/lib/python3.12/__pycache__/fractions.cpython-312.pyc: OK
/usr/lib/python3.12/__pycache__/ftplib.cpython-312.pyc: OK
/usr/lib/python3.12/__pycache__/functools.cpython-312.pyc: OK
/usr/lib/python3.12/__pycache__/genericpath.cpython-312.pyc: OK
/usr/lib/python3.12/__pycache__/getopt.cpython-312.pyc: OK
/usr/lib/python3.12/__pycache__/getpass.cpython-312.pyc: OK
/usr/lib/python3.12/__pycache__/gettext.cpython-312.pyc: OK
/usr/lib/python3.12/__pycache__/glob.cpython-312.pyc: OK
/usr/lib/python3.12/__pycache__/graphlib.cpython-312.pyc: OK
/usr/lib/python3.12/__pycache__/gzip.cpython-312.pyc: OK
/usr/lib/python3.12/__pycache__/hashlib.cpython-312.pyc: OK
/usr/lib/python3.12/__pycache__/heapq.cpython-312.pyc: OK
/usr/lib/python3.12/__pycache__/hmac.cpython-312.pyc: OK
/usr/lib/python3.12/__pycache__/imaplib.cpython-312.pyc: OK
/usr/lib/python3.12/__pycache__/imghdr.cpython-312.pyc: OK
/usr/lib/python3.12/__pycache__/inspect.cpython-312.pyc: OK
/usr/lib/python3.12/__pycache__/io.cpython-312.pyc: OK
/usr/lib/python3.12/__pycache__/ipaddress.cpython-312.pyc: OK
/usr/lib/python3.12/__pycache__/keyword.cpython-312.pyc: OK
/usr/lib/python3.12/__pycache__/linecache.cpython-312.pyc: OK
/usr/lib/python3.12/__pycache__/locale.cpython-312.pyc: OK
/usr/lib/python3.12/__pycache__/lzma.cpython-312.pyc: OK
/usr/lib/python3.12/__pycache__/mailbox.cpython-312.pyc: OK
/usr/lib/python3.12/__pycache__/mailcap.cpython-312.pyc: OK
/usr/lib/python3.12/__pycache__/mimetypes.cpython-312.pyc: OK
/usr/lib/python3.12/__pycache__/modulefinder.cpython-312.pyc: OK
/usr/lib/python3.12/__pycache__/netrc.cpython-312.pyc: OK
/usr/lib/python3.12/__pycache__/nntplib.cpython-312.pyc: OK
/usr/lib/python3.12/__pycache__/ntpath.cpython-312.pyc: OK
/usr/lib/python3.12/__pycache__/nturl2path.cpython-312.pyc: OK
/usr/lib/python3.12/__pycache__/numbers.cpython-312.pyc: OK
/usr/lib/python3.12/__pycache__/opcode.cpython-312.pyc: OK
/usr/lib/python3.12/__pycache__/operator.cpython-312.pyc: OK
/usr/lib/python3.12/__pycache__/optparse.cpython-312.pyc: OK
/usr/lib/python3.12/__pycache__/os.cpython-312.pyc: OK
/usr/lib/python3.12/__pycache__/pathlib.cpython-312.pyc: OK
/usr/lib/python3.12/__pycache__/pdb.cpython-312.pyc: OK
/usr/lib/python3.12/__pycache__/pickle.cpython-312.pyc: OK
/usr/lib/python3.12/__pycache__/pickletools.cpython-312.pyc: OK
/usr/lib/python3.12/__pycache__/pipes.cpython-312.pyc: OK
/usr/lib/python3.12/__pycache__/pkgutil.cpython-312.pyc: OK
/usr/lib/python3.12/__pycache__/platform.cpython-312.pyc: OK
/usr/lib/python3.12/__pycache__/plistlib.cpython-312.pyc: OK
/usr/lib/python3.12/__pycache__/poplib.cpython-312.pyc: OK
/usr/lib/python3.12/__pycache__/posixpath.cpython-312.pyc: OK
/usr/lib/python3.12/__pycache__/pprint.cpython-312.pyc: OK
/usr/lib/python3.12/__pycache__/profile.cpython-312.pyc: OK
/usr/lib/python3.12/__pycache__/pstats.cpython-312.pyc: OK
/usr/lib/python3.12/__pycache__/pty.cpython-312.pyc: OK
/usr/lib/python3.12/__pycache__/py_compile.cpython-312.pyc: OK
/usr/lib/python3.12/__pycache__/pyclbr.cpython-312.pyc: OK
/usr/lib/python3.12/__pycache__/pydoc.cpython-312.pyc: OK
/usr/lib/python3.12/__pycache__/queue.cpython-312.pyc: OK
/usr/lib/python3.12/__pycache__/quopri.cpython-312.pyc: OK
/usr/lib/python3.12/__pycache__/random.cpython-312.pyc: OK
/usr/lib/python3.12/__pycache__/reprlib.cpython-312.pyc: OK
/usr/lib/python3.12/__pycache__/rlcompleter.cpython-312.pyc: OK
/usr/lib/python3.12/__pycache__/runpy.cpython-312.pyc: OK
/usr/lib/python3.12/__pycache__/sched.cpython-312.pyc: OK
/usr/lib/python3.12/__pycache__/secrets.cpython-312.pyc: OK
/usr/lib/python3.12/__pycache__/selectors.cpython-312.pyc: OK
/usr/lib/python3.12/__pycache__/shelve.cpython-312.pyc: OK
/usr/lib/python3.12/__pycache__/shlex.cpython-312.pyc: OK
/usr/lib/python3.12/__pycache__/shutil.cpython-312.pyc: OK
/usr/lib/python3.12/__pycache__/signal.cpython-312.pyc: OK
/usr/lib/python3.12/__pycache__/site.cpython-312.pyc: OK
/usr/lib/python3.12/__pycache__/sitecustomize.cpython-312.pyc: OK
/usr/lib/python3.12/__pycache__/smtplib.cpython-312.pyc: OK
/usr/lib/python3.12/__pycache__/sndhdr.cpython-312.pyc: OK
/usr/lib/python3.12/__pycache__/socket.cpython-312.pyc: OK
/usr/lib/python3.12/__pycache__/socketserver.cpython-312.pyc: OK
/usr/lib/python3.12/__pycache__/sre_compile.cpython-312.pyc: OK
/usr/lib/python3.12/__pycache__/sre_constants.cpython-312.pyc: OK
/usr/lib/python3.12/__pycache__/sre_parse.cpython-312.pyc: OK
/usr/lib/python3.12/__pycache__/ssl.cpython-312.pyc: OK
/usr/lib/python3.12/__pycache__/stat.cpython-312.pyc: OK
/usr/lib/python3.12/__pycache__/statistics.cpython-312.pyc: OK
/usr/lib/python3.12/__pycache__/string.cpython-312.pyc: OK
/usr/lib/python3.12/__pycache__/stringprep.cpython-312.pyc: OK
/usr/lib/python3.12/__pycache__/struct.cpython-312.pyc: OK
/usr/lib/python3.12/__pycache__/subprocess.cpython-312.pyc: OK
/usr/lib/python3.12/__pycache__/sunau.cpython-312.pyc: OK
/usr/lib/python3.12/__pycache__/symtable.cpython-312.pyc: OK
/usr/lib/python3.12/__pycache__/sysconfig.cpython-312.pyc: OK
/usr/lib/python3.12/__pycache__/tabnanny.cpython-312.pyc: OK
/usr/lib/python3.12/__pycache__/tarfile.cpython-312.pyc: OK
/usr/lib/python3.12/__pycache__/telnetlib.cpython-312.pyc: OK
/usr/lib/python3.12/__pycache__/tempfile.cpython-312.pyc: OK
/usr/lib/python3.12/__pycache__/textwrap.cpython-312.pyc: OK
/usr/lib/python3.12/__pycache__/this.cpython-312.pyc: OK
/usr/lib/python3.12/__pycache__/threading.cpython-312.pyc: OK
/usr/lib/python3.12/__pycache__/timeit.cpython-312.pyc: OK
/usr/lib/python3.12/__pycache__/token.cpython-312.pyc: OK
/usr/lib/python3.12/__pycache__/tokenize.cpython-312.pyc: OK
/usr/lib/python3.12/__pycache__/trace.cpython-312.pyc: OK
/usr/lib/python3.12/__pycache__/traceback.cpython-312.pyc: OK
/usr/lib/python3.12/__pycache__/tracemalloc.cpython-312.pyc: OK
/usr/lib/python3.12/__pycache__/tty.cpython-312.pyc: OK
/usr/lib/python3.12/__pycache__/turtle.cpython-312.pyc: OK
/usr/lib/python3.12/__pycache__/types.cpython-312.pyc: OK
/usr/lib/python3.12/__pycache__/typing.cpython-312.pyc: OK
/usr/lib/python3.12/__pycache__/uu.cpython-312.pyc: OK
/usr/lib/python3.12/__pycache__/uuid.cpython-312.pyc: OK
/usr/lib/python3.12/__pycache__/warnings.cpython-312.pyc: OK
/usr/lib/python3.12/__pycache__/wave.cpython-312.pyc: OK
/usr/lib/python3.12/__pycache__/weakref.cpython-312.pyc: OK
/usr/lib/python3.12/__pycache__/webbrowser.cpython-312.pyc: OK
/usr/lib/python3.12/__pycache__/xdrlib.cpython-312.pyc: OK
/usr/lib/python3.12/__pycache__/zipapp.cpython-312.pyc: OK
/usr/lib/python3.12/__pycache__/zipimport.cpython-312.pyc: OK
/usr/lib/python3.12/_aix_support.py: OK
/usr/lib/python3.12/_collections_abc.py: OK
/usr/lib/python3.12/_compat_pickle.py: OK
/usr/lib/python3.12/_compression.py: OK
/usr/lib/python3.12/_distutils_system_mod.py: OK
/usr/lib/python3.12/_markupbase.py: OK
/usr/lib/python3.12/_osx_support.py: OK
/usr/lib/python3.12/_py_abc.py: OK
/usr/lib/python3.12/_pydatetime.py: OK
/usr/lib/python3.12/_pydecimal.py: OK
/usr/lib/python3.12/_pyio.py: OK
/usr/lib/python3.12/_pylong.py: OK
/usr/lib/python3.12/_sitebuiltins.py: OK
/usr/lib/python3.12/_strptime.py: OK
/usr/lib/python3.12/_sysconfigdata__x86_64-linux-gnu.py: OK
/usr/lib/python3.12/_threading_local.py: OK
/usr/lib/python3.12/_weakrefset.py: OK
/usr/lib/python3.12/abc.py: OK
/usr/lib/python3.12/aifc.py: OK
/usr/lib/python3.12/antigravity.py: OK
/usr/lib/python3.12/argparse.py: OK
/usr/lib/python3.12/ast.py: OK
/usr/lib/python3.12/asyncio/__init__.py: OK
/usr/lib/python3.12/asyncio/__main__.py: OK
/usr/lib/python3.12/asyncio/__pycache__/__init__.cpython-312.pyc: OK
/usr/lib/python3.12/asyncio/__pycache__/__main__.cpython-312.pyc: OK
/usr/lib/python3.12/asyncio/__pycache__/base_events.cpython-312.pyc: OK
/usr/lib/python3.12/asyncio/__pycache__/base_futures.cpython-312.pyc: OK
/usr/lib/python3.12/asyncio/__pycache__/base_subprocess.cpython-312.pyc: OK
/usr/lib/python3.12/asyncio/__pycache__/base_tasks.cpython-312.pyc: OK
/usr/lib/python3.12/asyncio/__pycache__/constants.cpython-312.pyc: OK
/usr/lib/python3.12/asyncio/__pycache__/coroutines.cpython-312.pyc: OK
/usr/lib/python3.12/asyncio/__pycache__/events.cpython-312.pyc: OK
/usr/lib/python3.12/asyncio/__pycache__/exceptions.cpython-312.pyc: OK
/usr/lib/python3.12/asyncio/__pycache__/format_helpers.cpython-312.pyc: OK
/usr/lib/python3.12/asyncio/__pycache__/futures.cpython-312.pyc: OK
/usr/lib/python3.12/asyncio/__pycache__/locks.cpython-312.pyc: OK
/usr/lib/python3.12/asyncio/__pycache__/log.cpython-312.pyc: OK
/usr/lib/python3.12/asyncio/__pycache__/mixins.cpython-312.pyc: OK
/usr/lib/python3.12/asyncio/__pycache__/proactor_events.cpython-312.pyc: OK
/usr/lib/python3.12/asyncio/__pycache__/protocols.cpython-312.pyc: OK
/usr/lib/python3.12/asyncio/__pycache__/queues.cpython-312.pyc: OK
/usr/lib/python3.12/asyncio/__pycache__/runners.cpython-312.pyc: OK
/usr/lib/python3.12/asyncio/__pycache__/selector_events.cpython-312.pyc: OK
/usr/lib/python3.12/asyncio/__pycache__/sslproto.cpython-312.pyc: OK
/usr/lib/python3.12/asyncio/__pycache__/staggered.cpython-312.pyc: OK
/usr/lib/python3.12/asyncio/__pycache__/streams.cpython-312.pyc: OK
/usr/lib/python3.12/asyncio/__pycache__/subprocess.cpython-312.pyc: OK
/usr/lib/python3.12/asyncio/__pycache__/taskgroups.cpython-312.pyc: OK
/usr/lib/python3.12/asyncio/__pycache__/tasks.cpython-312.pyc: OK
/usr/lib/python3.12/asyncio/__pycache__/threads.cpython-312.pyc: OK
/usr/lib/python3.12/asyncio/__pycache__/timeouts.cpython-312.pyc: OK
/usr/lib/python3.12/asyncio/__pycache__/transports.cpython-312.pyc: OK
/usr/lib/python3.12/asyncio/__pycache__/trsock.cpython-312.pyc: OK
/usr/lib/python3.12/asyncio/__pycache__/unix_events.cpython-312.pyc: OK
/usr/lib/python3.12/asyncio/__pycache__/windows_events.cpython-312.pyc: OK
/usr/lib/python3.12/asyncio/__pycache__/windows_utils.cpython-312.pyc: OK
/usr/lib/python3.12/asyncio/base_events.py: OK
/usr/lib/python3.12/asyncio/base_futures.py: OK
/usr/lib/python3.12/asyncio/base_subprocess.py: OK
/usr/lib/python3.12/asyncio/base_tasks.py: OK
/usr/lib/python3.12/asyncio/constants.py: OK
/usr/lib/python3.12/asyncio/coroutines.py: OK
/usr/lib/python3.12/asyncio/events.py: OK
/usr/lib/python3.12/asyncio/exceptions.py: OK
/usr/lib/python3.12/asyncio/format_helpers.py: OK
/usr/lib/python3.12/asyncio/futures.py: OK
/usr/lib/python3.12/asyncio/locks.py: OK
/usr/lib/python3.12/asyncio/log.py: OK
/usr/lib/python3.12/asyncio/mixins.py: OK
/usr/lib/python3.12/asyncio/proactor_events.py: OK
/usr/lib/python3.12/asyncio/protocols.py: OK
/usr/lib/python3.12/asyncio/queues.py: OK
/usr/lib/python3.12/asyncio/runners.py: OK
/usr/lib/python3.12/asyncio/selector_events.py: OK
/usr/lib/python3.12/asyncio/sslproto.py: OK
/usr/lib/python3.12/asyncio/staggered.py: OK
/usr/lib/python3.12/asyncio/streams.py: OK
/usr/lib/python3.12/asyncio/subprocess.py: OK
/usr/lib/python3.12/asyncio/taskgroups.py: OK
/usr/lib/python3.12/asyncio/tasks.py: OK
/usr/lib/python3.12/asyncio/threads.py: OK
/usr/lib/python3.12/asyncio/timeouts.py: OK
/usr/lib/python3.12/asyncio/transports.py: OK
/usr/lib/python3.12/asyncio/trsock.py: OK
/usr/lib/python3.12/asyncio/unix_events.py: OK
/usr/lib/python3.12/asyncio/windows_events.py: OK
/usr/lib/python3.12/asyncio/windows_utils.py: OK
/usr/lib/python3.12/base64.py: OK
/usr/lib/python3.12/bdb.py: OK
/usr/lib/python3.12/bisect.py: OK
/usr/lib/python3.12/bz2.py: OK
/usr/lib/python3.12/cProfile.py: OK
/usr/lib/python3.12/calendar.py: OK
/usr/lib/python3.12/cgi.py: OK
/usr/lib/python3.12/cgitb.py: OK
/usr/lib/python3.12/chunk.py: OK
/usr/lib/python3.12/cmd.py: OK
/usr/lib/python3.12/code.py: OK
/usr/lib/python3.12/codecs.py: OK
/usr/lib/python3.12/codeop.py: OK
/usr/lib/python3.12/collections/__init__.py: OK
/usr/lib/python3.12/collections/__pycache__/__init__.cpython-312.pyc: OK
/usr/lib/python3.12/collections/__pycache__/abc.cpython-312.pyc: OK
/usr/lib/python3.12/collections/abc.py: OK
/usr/lib/python3.12/colorsys.py: OK
/usr/lib/python3.12/compileall.py: OK
/usr/lib/python3.12/concurrent/__init__.py: OK
/usr/lib/python3.12/concurrent/__pycache__/__init__.cpython-312.pyc: OK
/usr/lib/python3.12/concurrent/futures/__init__.py: OK
/usr/lib/python3.12/concurrent/futures/__pycache__/__init__.cpython-312.pyc: OK
/usr/lib/python3.12/concurrent/futures/__pycache__/_base.cpython-312.pyc: OK
/usr/lib/python3.12/concurrent/futures/__pycache__/process.cpython-312.pyc: OK
/usr/lib/python3.12/concurrent/futures/__pycache__/thread.cpython-312.pyc: OK
/usr/lib/python3.12/concurrent/futures/_base.py: OK
/usr/lib/python3.12/concurrent/futures/process.py: OK
/usr/lib/python3.12/concurrent/futures/thread.py: OK
/usr/lib/python3.12/configparser.py: OK
/usr/lib/python3.12/contextlib.py: OK
/usr/lib/python3.12/contextvars.py: OK
/usr/lib/python3.12/copy.py: OK
/usr/lib/python3.12/copyreg.py: OK
/usr/lib/python3.12/crypt.py: OK
/usr/lib/python3.12/csv.py: OK
/usr/lib/python3.12/ctypes/__init__.py: OK
/usr/lib/python3.12/ctypes/__pycache__/__init__.cpython-312.pyc: OK
/usr/lib/python3.12/ctypes/__pycache__/_aix.cpython-312.pyc: OK
/usr/lib/python3.12/ctypes/__pycache__/_endian.cpython-312.pyc: OK
/usr/lib/python3.12/ctypes/__pycache__/util.cpython-312.pyc: OK
/usr/lib/python3.12/ctypes/__pycache__/wintypes.cpython-312.pyc: OK
/usr/lib/python3.12/ctypes/_aix.py: OK
/usr/lib/python3.12/ctypes/_endian.py: OK
/usr/lib/python3.12/ctypes/util.py: OK
/usr/lib/python3.12/ctypes/wintypes.py: OK
/usr/lib/python3.12/curses/__init__.py: OK
/usr/lib/python3.12/curses/__pycache__/__init__.cpython-312.pyc: OK
/usr/lib/python3.12/curses/__pycache__/ascii.cpython-312.pyc: OK
/usr/lib/python3.12/curses/__pycache__/has_key.cpython-312.pyc: OK
/usr/lib/python3.12/curses/__pycache__/panel.cpython-312.pyc: OK
/usr/lib/python3.12/curses/__pycache__/textpad.cpython-312.pyc: OK
/usr/lib/python3.12/curses/ascii.py: OK
/usr/lib/python3.12/curses/has_key.py: OK
/usr/lib/python3.12/curses/panel.py: OK
/usr/lib/python3.12/curses/textpad.py: OK
/usr/lib/python3.12/dataclasses.py: OK
/usr/lib/python3.12/datetime.py: OK
/usr/lib/python3.12/dbm/__init__.py: OK
/usr/lib/python3.12/dbm/__pycache__/__init__.cpython-312.pyc: OK
/usr/lib/python3.12/dbm/__pycache__/dumb.cpython-312.pyc: OK
/usr/lib/python3.12/dbm/__pycache__/gnu.cpython-312.pyc: OK
/usr/lib/python3.12/dbm/__pycache__/ndbm.cpython-312.pyc: OK
/usr/lib/python3.12/dbm/dumb.py: OK
/usr/lib/python3.12/dbm/gnu.py: OK
/usr/lib/python3.12/dbm/ndbm.py: OK
/usr/lib/python3.12/decimal.py: OK
/usr/lib/python3.12/difflib.py: OK
/usr/lib/python3.12/dis.py: OK
/usr/lib/python3.12/doctest.py: OK
/usr/lib/python3.12/email/__init__.py: OK
/usr/lib/python3.12/email/__pycache__/__init__.cpython-312.pyc: OK
/usr/lib/python3.12/email/__pycache__/_encoded_words.cpython-312.pyc: OK
/usr/lib/python3.12/email/__pycache__/_header_value_parser.cpython-312.pyc: OK
/usr/lib/python3.12/email/__pycache__/_parseaddr.cpython-312.pyc: OK
/usr/lib/python3.12/email/__pycache__/_policybase.cpython-312.pyc: OK
/usr/lib/python3.12/email/__pycache__/base64mime.cpython-312.pyc: OK
/usr/lib/python3.12/email/__pycache__/charset.cpython-312.pyc: OK
/usr/lib/python3.12/email/__pycache__/contentmanager.cpython-312.pyc: OK
/usr/lib/python3.12/email/__pycache__/encoders.cpython-312.pyc: OK
/usr/lib/python3.12/email/__pycache__/errors.cpython-312.pyc: OK
/usr/lib/python3.12/email/__pycache__/feedparser.cpython-312.pyc: OK
/usr/lib/python3.12/email/__pycache__/generator.cpython-312.pyc: OK
/usr/lib/python3.12/email/__pycache__/header.cpython-312.pyc: OK
/usr/lib/python3.12/email/__pycache__/headerregistry.cpython-312.pyc: OK
/usr/lib/python3.12/email/__pycache__/iterators.cpython-312.pyc: OK
/usr/lib/python3.12/email/__pycache__/message.cpython-312.pyc: OK
/usr/lib/python3.12/email/__pycache__/parser.cpython-312.pyc: OK
/usr/lib/python3.12/email/__pycache__/policy.cpython-312.pyc: OK
/usr/lib/python3.12/email/__pycache__/quoprimime.cpython-312.pyc: OK
/usr/lib/python3.12/email/__pycache__/utils.cpython-312.pyc: OK
/usr/lib/python3.12/email/_encoded_words.py: OK
/usr/lib/python3.12/email/_header_value_parser.py: OK
/usr/lib/python3.12/email/_parseaddr.py: OK
/usr/lib/python3.12/email/_policybase.py: OK
/usr/lib/python3.12/email/architecture.rst: OK
/usr/lib/python3.12/email/base64mime.py: OK
/usr/lib/python3.12/email/charset.py: OK
/usr/lib/python3.12/email/contentmanager.py: OK
/usr/lib/python3.12/email/encoders.py: OK
/usr/lib/python3.12/email/errors.py: OK
/usr/lib/python3.12/email/feedparser.py: OK
/usr/lib/python3.12/email/generator.py: OK
/usr/lib/python3.12/email/header.py: OK
/usr/lib/python3.12/email/headerregistry.py: OK
/usr/lib/python3.12/email/iterators.py: OK
/usr/lib/python3.12/email/message.py: OK
/usr/lib/python3.12/email/mime/__init__.py: OK
/usr/lib/python3.12/email/mime/__pycache__/__init__.cpython-312.pyc: OK
/usr/lib/python3.12/email/mime/__pycache__/application.cpython-312.pyc: OK
/usr/lib/python3.12/email/mime/__pycache__/audio.cpython-312.pyc: OK
/usr/lib/python3.12/email/mime/__pycache__/base.cpython-312.pyc: OK
/usr/lib/python3.12/email/mime/__pycache__/image.cpython-312.pyc: OK
/usr/lib/python3.12/email/mime/__pycache__/message.cpython-312.pyc: OK
/usr/lib/python3.12/email/mime/__pycache__/multipart.cpython-312.pyc: OK
/usr/lib/python3.12/email/mime/__pycache__/nonmultipart.cpython-312.pyc: OK
/usr/lib/python3.12/email/mime/__pycache__/text.cpython-312.pyc: OK
/usr/lib/python3.12/email/mime/application.py: OK
/usr/lib/python3.12/email/mime/audio.py: OK
/usr/lib/python3.12/email/mime/base.py: OK
/usr/lib/python3.12/email/mime/image.py: OK
/usr/lib/python3.12/email/mime/message.py: OK
/usr/lib/python3.12/email/mime/multipart.py: OK
/usr/lib/python3.12/email/mime/nonmultipart.py: OK
/usr/lib/python3.12/email/mime/text.py: OK
/usr/lib/python3.12/email/parser.py: OK
/usr/lib/python3.12/email/policy.py: OK
/usr/lib/python3.12/email/quoprimime.py: OK
/usr/lib/python3.12/email/utils.py: OK
/usr/lib/python3.12/encodings/__init__.py: OK
/usr/lib/python3.12/encodings/__pycache__/__init__.cpython-312.pyc: OK
/usr/lib/python3.12/encodings/__pycache__/aliases.cpython-312.pyc: OK
/usr/lib/python3.12/encodings/__pycache__/ascii.cpython-312.pyc: OK
/usr/lib/python3.12/encodings/__pycache__/base64_codec.cpython-312.pyc: OK
/usr/lib/python3.12/encodings/__pycache__/big5.cpython-312.pyc: OK
/usr/lib/python3.12/encodings/__pycache__/big5hkscs.cpython-312.pyc: OK
/usr/lib/python3.12/encodings/__pycache__/bz2_codec.cpython-312.pyc: OK
/usr/lib/python3.12/encodings/__pycache__/charmap.cpython-312.pyc: OK
/usr/lib/python3.12/encodings/__pycache__/cp037.cpython-312.pyc: OK
/usr/lib/python3.12/encodings/__pycache__/cp1006.cpython-312.pyc: OK
/usr/lib/python3.12/encodings/__pycache__/cp1026.cpython-312.pyc: OK
/usr/lib/python3.12/encodings/__pycache__/cp1125.cpython-312.pyc: OK
/usr/lib/python3.12/encodings/__pycache__/cp1140.cpython-312.pyc: OK
/usr/lib/python3.12/encodings/__pycache__/cp1250.cpython-312.pyc: OK
/usr/lib/python3.12/encodings/__pycache__/cp1251.cpython-312.pyc: OK
/usr/lib/python3.12/encodings/__pycache__/cp1252.cpython-312.pyc: OK
/usr/lib/python3.12/encodings/__pycache__/cp1253.cpython-312.pyc: OK
/usr/lib/python3.12/encodings/__pycache__/cp1254.cpython-312.pyc: OK
/usr/lib/python3.12/encodings/__pycache__/cp1255.cpython-312.pyc: OK
/usr/lib/python3.12/encodings/__pycache__/cp1256.cpython-312.pyc: OK
/usr/lib/python3.12/encodings/__pycache__/cp1257.cpython-312.pyc: OK
/usr/lib/python3.12/encodings/__pycache__/cp1258.cpython-312.pyc: OK
/usr/lib/python3.12/encodings/__pycache__/cp273.cpython-312.pyc: OK
/usr/lib/python3.12/encodings/__pycache__/cp424.cpython-312.pyc: OK
/usr/lib/python3.12/encodings/__pycache__/cp437.cpython-312.pyc: OK
/usr/lib/python3.12/encodings/__pycache__/cp500.cpython-312.pyc: OK
/usr/lib/python3.12/encodings/__pycache__/cp720.cpython-312.pyc: OK
/usr/lib/python3.12/encodings/__pycache__/cp737.cpython-312.pyc: OK
/usr/lib/python3.12/encodings/__pycache__/cp775.cpython-312.pyc: OK
/usr/lib/python3.12/encodings/__pycache__/cp850.cpython-312.pyc: OK
/usr/lib/python3.12/encodings/__pycache__/cp852.cpython-312.pyc: OK
/usr/lib/python3.12/encodings/__pycache__/cp855.cpython-312.pyc: OK
/usr/lib/python3.12/encodings/__pycache__/cp856.cpython-312.pyc: OK
/usr/lib/python3.12/encodings/__pycache__/cp857.cpython-312.pyc: OK
/usr/lib/python3.12/encodings/__pycache__/cp858.cpython-312.pyc: OK
/usr/lib/python3.12/encodings/__pycache__/cp860.cpython-312.pyc: OK
/usr/lib/python3.12/encodings/__pycache__/cp861.cpython-312.pyc: OK
/usr/lib/python3.12/encodings/__pycache__/cp862.cpython-312.pyc: OK
/usr/lib/python3.12/encodings/__pycache__/cp863.cpython-312.pyc: OK
/usr/lib/python3.12/encodings/__pycache__/cp864.cpython-312.pyc: OK
/usr/lib/python3.12/encodings/__pycache__/cp865.cpython-312.pyc: OK
/usr/lib/python3.12/encodings/__pycache__/cp866.cpython-312.pyc: OK
/usr/lib/python3.12/encodings/__pycache__/cp869.cpython-312.pyc: OK
/usr/lib/python3.12/encodings/__pycache__/cp874.cpython-312.pyc: OK
/usr/lib/python3.12/encodings/__pycache__/cp875.cpython-312.pyc: OK
/usr/lib/python3.12/encodings/__pycache__/cp932.cpython-312.pyc: OK
/usr/lib/python3.12/encodings/__pycache__/cp949.cpython-312.pyc: OK
/usr/lib/python3.12/encodings/__pycache__/cp950.cpython-312.pyc: OK
/usr/lib/python3.12/encodings/__pycache__/euc_jis_2004.cpython-312.pyc: OK
/usr/lib/python3.12/encodings/__pycache__/euc_jisx0213.cpython-312.pyc: OK
/usr/lib/python3.12/encodings/__pycache__/euc_jp.cpython-312.pyc: OK
/usr/lib/python3.12/encodings/__pycache__/euc_kr.cpython-312.pyc: OK
/usr/lib/python3.12/encodings/__pycache__/gb18030.cpython-312.pyc: OK
/usr/lib/python3.12/encodings/__pycache__/gb2312.cpython-312.pyc: OK
/usr/lib/python3.12/encodings/__pycache__/gbk.cpython-312.pyc: OK
/usr/lib/python3.12/encodings/__pycache__/hex_codec.cpython-312.pyc: OK
/usr/lib/python3.12/encodings/__pycache__/hp_roman8.cpython-312.pyc: OK
/usr/lib/python3.12/encodings/__pycache__/hz.cpython-312.pyc: OK
/usr/lib/python3.12/encodings/__pycache__/idna.cpython-312.pyc: OK
/usr/lib/python3.12/encodings/__pycache__/iso2022_jp.cpython-312.pyc: OK
/usr/lib/python3.12/encodings/__pycache__/iso2022_jp_1.cpython-312.pyc: OK
/usr/lib/python3.12/encodings/__pycache__/iso2022_jp_2.cpython-312.pyc: OK
/usr/lib/python3.12/encodings/__pycache__/iso2022_jp_2004.cpython-312.pyc: OK
/usr/lib/python3.12/encodings/__pycache__/iso2022_jp_3.cpython-312.pyc: OK
/usr/lib/python3.12/encodings/__pycache__/iso2022_jp_ext.cpython-312.pyc: OK
/usr/lib/python3.12/encodings/__pycache__/iso2022_kr.cpython-312.pyc: OK
/usr/lib/python3.12/encodings/__pycache__/iso8859_1.cpython-312.pyc: OK
/usr/lib/python3.12/encodings/__pycache__/iso8859_10.cpython-312.pyc: OK
/usr/lib/python3.12/encodings/__pycache__/iso8859_11.cpython-312.pyc: OK
/usr/lib/python3.12/encodings/__pycache__/iso8859_13.cpython-312.pyc: OK
/usr/lib/python3.12/encodings/__pycache__/iso8859_14.cpython-312.pyc: OK
/usr/lib/python3.12/encodings/__pycache__/iso8859_15.cpython-312.pyc: OK
/usr/lib/python3.12/encodings/__pycache__/iso8859_16.cpython-312.pyc: OK
/usr/lib/python3.12/encodings/__pycache__/iso8859_2.cpython-312.pyc: OK
/usr/lib/python3.12/encodings/__pycache__/iso8859_3.cpython-312.pyc: OK
/usr/lib/python3.12/encodings/__pycache__/iso8859_4.cpython-312.pyc: OK
/usr/lib/python3.12/encodings/__pycache__/iso8859_5.cpython-312.pyc: OK
/usr/lib/python3.12/encodings/__pycache__/iso8859_6.cpython-312.pyc: OK
/usr/lib/python3.12/encodings/__pycache__/iso8859_7.cpython-312.pyc: OK
/usr/lib/python3.12/encodings/__pycache__/iso8859_8.cpython-312.pyc: OK
/usr/lib/python3.12/encodings/__pycache__/iso8859_9.cpython-312.pyc: OK
/usr/lib/python3.12/encodings/__pycache__/johab.cpython-312.pyc: OK
/usr/lib/python3.12/encodings/__pycache__/koi8_r.cpython-312.pyc: OK
/usr/lib/python3.12/encodings/__pycache__/koi8_t.cpython-312.pyc: OK
/usr/lib/python3.12/encodings/__pycache__/koi8_u.cpython-312.pyc: OK
/usr/lib/python3.12/encodings/__pycache__/kz1048.cpython-312.pyc: OK
/usr/lib/python3.12/encodings/__pycache__/latin_1.cpython-312.pyc: OK
/usr/lib/python3.12/encodings/__pycache__/mac_arabic.cpython-312.pyc: OK
/usr/lib/python3.12/encodings/__pycache__/mac_croatian.cpython-312.pyc: OK
/usr/lib/python3.12/encodings/__pycache__/mac_cyrillic.cpython-312.pyc: OK
/usr/lib/python3.12/encodings/__pycache__/mac_farsi.cpython-312.pyc: OK
/usr/lib/python3.12/encodings/__pycache__/mac_greek.cpython-312.pyc: OK
/usr/lib/python3.12/encodings/__pycache__/mac_iceland.cpython-312.pyc: OK
/usr/lib/python3.12/encodings/__pycache__/mac_latin2.cpython-312.pyc: OK
/usr/lib/python3.12/encodings/__pycache__/mac_roman.cpython-312.pyc: OK
/usr/lib/python3.12/encodings/__pycache__/mac_romanian.cpython-312.pyc: OK
/usr/lib/python3.12/encodings/__pycache__/mac_turkish.cpython-312.pyc: OK
/usr/lib/python3.12/encodings/__pycache__/mbcs.cpython-312.pyc: OK
/usr/lib/python3.12/encodings/__pycache__/oem.cpython-312.pyc: OK
/usr/lib/python3.12/encodings/__pycache__/palmos.cpython-312.pyc: OK
/usr/lib/python3.12/encodings/__pycache__/ptcp154.cpython-312.pyc: OK
/usr/lib/python3.12/encodings/__pycache__/punycode.cpython-312.pyc: OK
/usr/lib/python3.12/encodings/__pycache__/quopri_codec.cpython-312.pyc: OK
/usr/lib/python3.12/encodings/__pycache__/raw_unicode_escape.cpython-312.pyc: OK
/usr/lib/python3.12/encodings/__pycache__/rot_13.cpython-312.pyc: OK
/usr/lib/python3.12/encodings/__pycache__/shift_jis.cpython-312.pyc: OK
/usr/lib/python3.12/encodings/__pycache__/shift_jis_2004.cpython-312.pyc: OK
/usr/lib/python3.12/encodings/__pycache__/shift_jisx0213.cpython-312.pyc: OK
/usr/lib/python3.12/encodings/__pycache__/tis_620.cpython-312.pyc: OK
/usr/lib/python3.12/encodings/__pycache__/undefined.cpython-312.pyc: OK
/usr/lib/python3.12/encodings/__pycache__/unicode_escape.cpython-312.pyc: OK
/usr/lib/python3.12/encodings/__pycache__/utf_16.cpython-312.pyc: OK
/usr/lib/python3.12/encodings/__pycache__/utf_16_be.cpython-312.pyc: OK
/usr/lib/python3.12/encodings/__pycache__/utf_16_le.cpython-312.pyc: OK
/usr/lib/python3.12/encodings/__pycache__/utf_32.cpython-312.pyc: OK
/usr/lib/python3.12/encodings/__pycache__/utf_32_be.cpython-312.pyc: OK
/usr/lib/python3.12/encodings/__pycache__/utf_32_le.cpython-312.pyc: OK
/usr/lib/python3.12/encodings/__pycache__/utf_7.cpython-312.pyc: OK
/usr/lib/python3.12/encodings/__pycache__/utf_8.cpython-312.pyc: OK
/usr/lib/python3.12/encodings/__pycache__/utf_8_sig.cpython-312.pyc: OK
/usr/lib/python3.12/encodings/__pycache__/uu_codec.cpython-312.pyc: OK
/usr/lib/python3.12/encodings/__pycache__/zlib_codec.cpython-312.pyc: OK
/usr/lib/python3.12/encodings/aliases.py: OK
/usr/lib/python3.12/encodings/ascii.py: OK
/usr/lib/python3.12/encodings/base64_codec.py: OK
/usr/lib/python3.12/encodings/big5.py: OK
/usr/lib/python3.12/encodings/big5hkscs.py: OK
/usr/lib/python3.12/encodings/bz2_codec.py: OK
/usr/lib/python3.12/encodings/charmap.py: OK
/usr/lib/python3.12/encodings/cp037.py: OK
/usr/lib/python3.12/encodings/cp1006.py: OK
/usr/lib/python3.12/encodings/cp1026.py: OK
/usr/lib/python3.12/encodings/cp1125.py: OK
/usr/lib/python3.12/encodings/cp1140.py: OK
/usr/lib/python3.12/encodings/cp1250.py: OK
/usr/lib/python3.12/encodings/cp1251.py: OK
/usr/lib/python3.12/encodings/cp1252.py: OK
/usr/lib/python3.12/encodings/cp1253.py: OK
/usr/lib/python3.12/encodings/cp1254.py: OK
/usr/lib/python3.12/encodings/cp1255.py: OK
/usr/lib/python3.12/encodings/cp1256.py: OK
/usr/lib/python3.12/encodings/cp1257.py: OK
/usr/lib/python3.12/encodings/cp1258.py: OK
/usr/lib/python3.12/encodings/cp273.py: OK
/usr/lib/python3.12/encodings/cp424.py: OK
/usr/lib/python3.12/encodings/cp437.py: OK
/usr/lib/python3.12/encodings/cp500.py: OK
/usr/lib/python3.12/encodings/cp720.py: OK
/usr/lib/python3.12/encodings/cp737.py: OK
/usr/lib/python3.12/encodings/cp775.py: OK
/usr/lib/python3.12/encodings/cp850.py: OK
/usr/lib/python3.12/encodings/cp852.py: OK
/usr/lib/python3.12/encodings/cp855.py: OK
/usr/lib/python3.12/encodings/cp856.py: OK
/usr/lib/python3.12/encodings/cp857.py: OK
/usr/lib/python3.12/encodings/cp858.py: OK
/usr/lib/python3.12/encodings/cp860.py: OK
/usr/lib/python3.12/encodings/cp861.py: OK
/usr/lib/python3.12/encodings/cp862.py: OK
/usr/lib/python3.12/encodings/cp863.py: OK
/usr/lib/python3.12/encodings/cp864.py: OK
/usr/lib/python3.12/encodings/cp865.py: OK
/usr/lib/python3.12/encodings/cp866.py: OK
/usr/lib/python3.12/encodings/cp869.py: OK
/usr/lib/python3.12/encodings/cp874.py: OK
/usr/lib/python3.12/encodings/cp875.py: OK
/usr/lib/python3.12/encodings/cp932.py: OK
/usr/lib/python3.12/encodings/cp949.py: OK
/usr/lib/python3.12/encodings/cp950.py: OK
/usr/lib/python3.12/encodings/euc_jis_2004.py: OK
/usr/lib/python3.12/encodings/euc_jisx0213.py: OK
/usr/lib/python3.12/encodings/euc_jp.py: OK
/usr/lib/python3.12/encodings/euc_kr.py: OK
/usr/lib/python3.12/encodings/gb18030.py: OK
/usr/lib/python3.12/encodings/gb2312.py: OK
/usr/lib/python3.12/encodings/gbk.py: OK
/usr/lib/python3.12/encodings/hex_codec.py: OK
/usr/lib/python3.12/encodings/hp_roman8.py: OK
/usr/lib/python3.12/encodings/hz.py: OK
/usr/lib/python3.12/encodings/idna.py: OK
/usr/lib/python3.12/encodings/iso2022_jp.py: OK
/usr/lib/python3.12/encodings/iso2022_jp_1.py: OK
/usr/lib/python3.12/encodings/iso2022_jp_2.py: OK
/usr/lib/python3.12/encodings/iso2022_jp_2004.py: OK
/usr/lib/python3.12/encodings/iso2022_jp_3.py: OK
/usr/lib/python3.12/encodings/iso2022_jp_ext.py: OK
/usr/lib/python3.12/encodings/iso2022_kr.py: OK
/usr/lib/python3.12/encodings/iso8859_1.py: OK
/usr/lib/python3.12/encodings/iso8859_10.py: OK
/usr/lib/python3.12/encodings/iso8859_11.py: OK
/usr/lib/python3.12/encodings/iso8859_13.py: OK
/usr/lib/python3.12/encodings/iso8859_14.py: OK
/usr/lib/python3.12/encodings/iso8859_15.py: OK
/usr/lib/python3.12/encodings/iso8859_16.py: OK
/usr/lib/python3.12/encodings/iso8859_2.py: OK
/usr/lib/python3.12/encodings/iso8859_3.py: OK
/usr/lib/python3.12/encodings/iso8859_4.py: OK
/usr/lib/python3.12/encodings/iso8859_5.py: OK
/usr/lib/python3.12/encodings/iso8859_6.py: OK
/usr/lib/python3.12/encodings/iso8859_7.py: OK
/usr/lib/python3.12/encodings/iso8859_8.py: OK
/usr/lib/python3.12/encodings/iso8859_9.py: OK
/usr/lib/python3.12/encodings/johab.py: OK
/usr/lib/python3.12/encodings/koi8_r.py: OK
/usr/lib/python3.12/encodings/koi8_t.py: OK
/usr/lib/python3.12/encodings/koi8_u.py: OK
/usr/lib/python3.12/encodings/kz1048.py: OK
/usr/lib/python3.12/encodings/latin_1.py: OK
/usr/lib/python3.12/encodings/mac_arabic.py: OK
/usr/lib/python3.12/encodings/mac_croatian.py: OK
/usr/lib/python3.12/encodings/mac_cyrillic.py: OK
/usr/lib/python3.12/encodings/mac_farsi.py: OK
/usr/lib/python3.12/encodings/mac_greek.py: OK
/usr/lib/python3.12/encodings/mac_iceland.py: OK
/usr/lib/python3.12/encodings/mac_latin2.py: OK
/usr/lib/python3.12/encodings/mac_roman.py: OK
/usr/lib/python3.12/encodings/mac_romanian.py: OK
/usr/lib/python3.12/encodings/mac_turkish.py: OK
/usr/lib/python3.12/encodings/mbcs.py: OK
/usr/lib/python3.12/encodings/oem.py: OK
/usr/lib/python3.12/encodings/palmos.py: OK
/usr/lib/python3.12/encodings/ptcp154.py: OK
/usr/lib/python3.12/encodings/punycode.py: OK
/usr/lib/python3.12/encodings/quopri_codec.py: OK
/usr/lib/python3.12/encodings/raw_unicode_escape.py: OK
/usr/lib/python3.12/encodings/rot_13.py: OK
/usr/lib/python3.12/encodings/shift_jis.py: OK
/usr/lib/python3.12/encodings/shift_jis_2004.py: OK
/usr/lib/python3.12/encodings/shift_jisx0213.py: OK
/usr/lib/python3.12/encodings/tis_620.py: OK
/usr/lib/python3.12/encodings/undefined.py: OK
/usr/lib/python3.12/encodings/unicode_escape.py: OK
/usr/lib/python3.12/encodings/utf_16.py: OK
/usr/lib/python3.12/encodings/utf_16_be.py: OK
/usr/lib/python3.12/encodings/utf_16_le.py: OK
/usr/lib/python3.12/encodings/utf_32.py: OK
/usr/lib/python3.12/encodings/utf_32_be.py: OK
/usr/lib/python3.12/encodings/utf_32_le.py: OK
/usr/lib/python3.12/encodings/utf_7.py: OK
/usr/lib/python3.12/encodings/utf_8.py: OK
/usr/lib/python3.12/encodings/utf_8_sig.py: OK
/usr/lib/python3.12/encodings/uu_codec.py: OK
/usr/lib/python3.12/encodings/zlib_codec.py: OK
/usr/lib/python3.12/enum.py: OK
/usr/lib/python3.12/filecmp.py: OK
/usr/lib/python3.12/fileinput.py: OK
/usr/lib/python3.12/fnmatch.py: OK
/usr/lib/python3.12/fractions.py: OK
/usr/lib/python3.12/ftplib.py: OK
/usr/lib/python3.12/functools.py: OK
/usr/lib/python3.12/genericpath.py: OK
/usr/lib/python3.12/getopt.py: OK
/usr/lib/python3.12/getpass.py: OK
/usr/lib/python3.12/gettext.py: OK
/usr/lib/python3.12/glob.py: OK
/usr/lib/python3.12/graphlib.py: OK
/usr/lib/python3.12/gzip.py: OK
/usr/lib/python3.12/hashlib.py: OK
/usr/lib/python3.12/heapq.py: OK
/usr/lib/python3.12/hmac.py: OK
/usr/lib/python3.12/html/__init__.py: OK
/usr/lib/python3.12/html/__pycache__/__init__.cpython-312.pyc: OK
/usr/lib/python3.12/html/__pycache__/entities.cpython-312.pyc: OK
/usr/lib/python3.12/html/__pycache__/parser.cpython-312.pyc: OK
/usr/lib/python3.12/html/entities.py: OK
/usr/lib/python3.12/html/parser.py: OK
/usr/lib/python3.12/http/__init__.py: OK
/usr/lib/python3.12/http/__pycache__/__init__.cpython-312.pyc: OK
/usr/lib/python3.12/http/__pycache__/client.cpython-312.pyc: OK
/usr/lib/python3.12/http/__pycache__/cookiejar.cpython-312.pyc: OK
/usr/lib/python3.12/http/__pycache__/cookies.cpython-312.pyc: OK
/usr/lib/python3.12/http/__pycache__/server.cpython-312.pyc: OK
/usr/lib/python3.12/http/client.py: OK
/usr/lib/python3.12/http/cookiejar.py: OK
/usr/lib/python3.12/http/cookies.py: OK
/usr/lib/python3.12/http/server.py: OK
/usr/lib/python3.12/imaplib.py: OK
/usr/lib/python3.12/imghdr.py: OK
/usr/lib/python3.12/importlib/__init__.py: OK
/usr/lib/python3.12/importlib/__pycache__/__init__.cpython-312.pyc: OK
/usr/lib/python3.12/importlib/__pycache__/_abc.cpython-312.pyc: OK
/usr/lib/python3.12/importlib/__pycache__/_bootstrap.cpython-312.pyc: OK
/usr/lib/python3.12/importlib/__pycache__/_bootstrap_external.cpython-312.pyc: OK
/usr/lib/python3.12/importlib/__pycache__/abc.cpython-312.pyc: OK
/usr/lib/python3.12/importlib/__pycache__/machinery.cpython-312.pyc: OK
/usr/lib/python3.12/importlib/__pycache__/readers.cpython-312.pyc: OK
/usr/lib/python3.12/importlib/__pycache__/simple.cpython-312.pyc: OK
/usr/lib/python3.12/importlib/__pycache__/util.cpython-312.pyc: OK
/usr/lib/python3.12/importlib/_abc.py: OK
/usr/lib/python3.12/importlib/_bootstrap.py: OK
/usr/lib/python3.12/importlib/_bootstrap_external.py: OK
/usr/lib/python3.12/importlib/abc.py: OK
/usr/lib/python3.12/importlib/machinery.py: OK
/usr/lib/python3.12/importlib/metadata/__init__.py: OK
/usr/lib/python3.12/importlib/metadata/__pycache__/__init__.cpython-312.pyc: OK
/usr/lib/python3.12/importlib/metadata/__pycache__/_adapters.cpython-312.pyc: OK
/usr/lib/python3.12/importlib/metadata/__pycache__/_collections.cpython-312.pyc: OK
/usr/lib/python3.12/importlib/metadata/__pycache__/_functools.cpython-312.pyc: OK
/usr/lib/python3.12/importlib/metadata/__pycache__/_itertools.cpython-312.pyc: OK
/usr/lib/python3.12/importlib/metadata/__pycache__/_meta.cpython-312.pyc: OK
/usr/lib/python3.12/importlib/metadata/__pycache__/_text.cpython-312.pyc: OK
/usr/lib/python3.12/importlib/metadata/_adapters.py: OK
/usr/lib/python3.12/importlib/metadata/_collections.py: OK
/usr/lib/python3.12/importlib/metadata/_functools.py: OK
/usr/lib/python3.12/importlib/metadata/_itertools.py: OK
/usr/lib/python3.12/importlib/metadata/_meta.py: OK
/usr/lib/python3.12/importlib/metadata/_text.py: OK
/usr/lib/python3.12/importlib/readers.py: OK
/usr/lib/python3.12/importlib/resources/__init__.py: OK
/usr/lib/python3.12/importlib/resources/__pycache__/__init__.cpython-312.pyc: OK
/usr/lib/python3.12/importlib/resources/__pycache__/_adapters.cpython-312.pyc: OK
/usr/lib/python3.12/importlib/resources/__pycache__/_common.cpython-312.pyc: OK
/usr/lib/python3.12/importlib/resources/__pycache__/_itertools.cpython-312.pyc: OK
/usr/lib/python3.12/importlib/resources/__pycache__/_legacy.cpython-312.pyc: OK
/usr/lib/python3.12/importlib/resources/__pycache__/abc.cpython-312.pyc: OK
/usr/lib/python3.12/importlib/resources/__pycache__/readers.cpython-312.pyc: OK
/usr/lib/python3.12/importlib/resources/__pycache__/simple.cpython-312.pyc: OK
/usr/lib/python3.12/importlib/resources/_adapters.py: OK
/usr/lib/python3.12/importlib/resources/_common.py: OK
/usr/lib/python3.12/importlib/resources/_itertools.py: OK
/usr/lib/python3.12/importlib/resources/_legacy.py: OK
/usr/lib/python3.12/importlib/resources/abc.py: OK
/usr/lib/python3.12/importlib/resources/readers.py: OK
/usr/lib/python3.12/importlib/resources/simple.py: OK
/usr/lib/python3.12/importlib/simple.py: OK
/usr/lib/python3.12/importlib/util.py: OK
/usr/lib/python3.12/inspect.py: OK
/usr/lib/python3.12/io.py: OK
/usr/lib/python3.12/ipaddress.py: OK
/usr/lib/python3.12/json/__init__.py: OK
/usr/lib/python3.12/json/__pycache__/__init__.cpython-312.pyc: OK
/usr/lib/python3.12/json/__pycache__/decoder.cpython-312.pyc: OK
/usr/lib/python3.12/json/__pycache__/encoder.cpython-312.pyc: OK
/usr/lib/python3.12/json/__pycache__/scanner.cpython-312.pyc: OK
/usr/lib/python3.12/json/__pycache__/tool.cpython-312.pyc: OK
/usr/lib/python3.12/json/decoder.py: OK
/usr/lib/python3.12/json/encoder.py: OK
/usr/lib/python3.12/json/scanner.py: OK
/usr/lib/python3.12/json/tool.py: OK
/usr/lib/python3.12/keyword.py: OK
/usr/lib/python3.12/lib-dynload/_asyncio.cpython-312-x86_64-linux-gnu.so: OK
/usr/lib/python3.12/lib-dynload/_bz2.cpython-312-x86_64-linux-gnu.so: OK
/usr/lib/python3.12/lib-dynload/_codecs_cn.cpython-312-x86_64-linux-gnu.so: OK
/usr/lib/python3.12/lib-dynload/_codecs_hk.cpython-312-x86_64-linux-gnu.so: OK
/usr/lib/python3.12/lib-dynload/_codecs_iso2022.cpython-312-x86_64-linux-gnu.so: OK
/usr/lib/python3.12/lib-dynload/_codecs_jp.cpython-312-x86_64-linux-gnu.so: OK
/usr/lib/python3.12/lib-dynload/_codecs_kr.cpython-312-x86_64-linux-gnu.so: OK
/usr/lib/python3.12/lib-dynload/_codecs_tw.cpython-312-x86_64-linux-gnu.so: OK
/usr/lib/python3.12/lib-dynload/_contextvars.cpython-312-x86_64-linux-gnu.so: OK
/usr/lib/python3.12/lib-dynload/_crypt.cpython-312-x86_64-linux-gnu.so: OK
/usr/lib/python3.12/lib-dynload/_ctypes.cpython-312-x86_64-linux-gnu.so: OK
/usr/lib/python3.12/lib-dynload/_ctypes_test.cpython-312-x86_64-linux-gnu.so: OK
/usr/lib/python3.12/lib-dynload/_curses.cpython-312-x86_64-linux-gnu.so: OK
/usr/lib/python3.12/lib-dynload/_curses_panel.cpython-312-x86_64-linux-gnu.so: OK
/usr/lib/python3.12/lib-dynload/_dbm.cpython-312-x86_64-linux-gnu.so: OK
/usr/lib/python3.12/lib-dynload/_decimal.cpython-312-x86_64-linux-gnu.so: OK
/usr/lib/python3.12/lib-dynload/_gdbm.cpython-312-x86_64-linux-gnu.so: OK
/usr/lib/python3.12/lib-dynload/_hashlib.cpython-312-x86_64-linux-gnu.so: OK
/usr/lib/python3.12/lib-dynload/_json.cpython-312-x86_64-linux-gnu.so: OK
/usr/lib/python3.12/lib-dynload/_lsprof.cpython-312-x86_64-linux-gnu.so: OK
/usr/lib/python3.12/lib-dynload/_lzma.cpython-312-x86_64-linux-gnu.so: OK
/usr/lib/python3.12/lib-dynload/_multibytecodec.cpython-312-x86_64-linux-gnu.so: OK
/usr/lib/python3.12/lib-dynload/_multiprocessing.cpython-312-x86_64-linux-gnu.so: OK
/usr/lib/python3.12/lib-dynload/_posixshmem.cpython-312-x86_64-linux-gnu.so: OK
/usr/lib/python3.12/lib-dynload/_queue.cpython-312-x86_64-linux-gnu.so: OK
/usr/lib/python3.12/lib-dynload/_sqlite3.cpython-312-x86_64-linux-gnu.so: OK
/usr/lib/python3.12/lib-dynload/_ssl.cpython-312-x86_64-linux-gnu.so: OK
/usr/lib/python3.12/lib-dynload/_testbuffer.cpython-312-x86_64-linux-gnu.so: OK
/usr/lib/python3.12/lib-dynload/_testcapi.cpython-312-x86_64-linux-gnu.so: OK
/usr/lib/python3.12/lib-dynload/_testclinic.cpython-312-x86_64-linux-gnu.so: OK
/usr/lib/python3.12/lib-dynload/_testimportmultiple.cpython-312-x86_64-linux-gnu.so: OK
/usr/lib/python3.12/lib-dynload/_testinternalcapi.cpython-312-x86_64-linux-gnu.so: OK
/usr/lib/python3.12/lib-dynload/_testmultiphase.cpython-312-x86_64-linux-gnu.so: OK
/usr/lib/python3.12/lib-dynload/_testsinglephase.cpython-312-x86_64-linux-gnu.so: OK
/usr/lib/python3.12/lib-dynload/_xxinterpchannels.cpython-312-x86_64-linux-gnu.so: OK
/usr/lib/python3.12/lib-dynload/_xxsubinterpreters.cpython-312-x86_64-linux-gnu.so: OK
/usr/lib/python3.12/lib-dynload/_xxtestfuzz.cpython-312-x86_64-linux-gnu.so: OK
/usr/lib/python3.12/lib-dynload/_zoneinfo.cpython-312-x86_64-linux-gnu.so: OK
/usr/lib/python3.12/lib-dynload/audioop.cpython-312-x86_64-linux-gnu.so: OK
/usr/lib/python3.12/lib-dynload/mmap.cpython-312-x86_64-linux-gnu.so: OK
/usr/lib/python3.12/lib-dynload/ossaudiodev.cpython-312-x86_64-linux-gnu.so: OK
/usr/lib/python3.12/lib-dynload/readline.cpython-312-x86_64-linux-gnu.so: OK
/usr/lib/python3.12/lib-dynload/resource.cpython-312-x86_64-linux-gnu.so: OK
/usr/lib/python3.12/lib-dynload/termios.cpython-312-x86_64-linux-gnu.so: OK
/usr/lib/python3.12/lib-dynload/xxlimited.cpython-312-x86_64-linux-gnu.so: OK
/usr/lib/python3.12/lib-dynload/xxlimited_35.cpython-312-x86_64-linux-gnu.so: OK
/usr/lib/python3.12/lib-dynload/xxsubtype.cpython-312-x86_64-linux-gnu.so: OK
/usr/lib/python3.12/linecache.py: OK
/usr/lib/python3.12/locale.py: OK
/usr/lib/python3.12/logging/__init__.py: OK
/usr/lib/python3.12/logging/__pycache__/__init__.cpython-312.pyc: OK
/usr/lib/python3.12/logging/__pycache__/config.cpython-312.pyc: OK
/usr/lib/python3.12/logging/__pycache__/handlers.cpython-312.pyc: OK
/usr/lib/python3.12/logging/config.py: OK
/usr/lib/python3.12/logging/handlers.py: OK
/usr/lib/python3.12/lzma.py: OK
/usr/lib/python3.12/mailbox.py: OK
/usr/lib/python3.12/mailcap.py: OK
/usr/lib/python3.12/mimetypes.py: OK
/usr/lib/python3.12/modulefinder.py: OK
/usr/lib/python3.12/multiprocessing/__init__.py: OK
/usr/lib/python3.12/multiprocessing/__pycache__/__init__.cpython-312.pyc: OK
/usr/lib/python3.12/multiprocessing/__pycache__/connection.cpython-312.pyc: OK
/usr/lib/python3.12/multiprocessing/__pycache__/context.cpython-312.pyc: OK
/usr/lib/python3.12/multiprocessing/__pycache__/forkserver.cpython-312.pyc: OK
/usr/lib/python3.12/multiprocessing/__pycache__/heap.cpython-312.pyc: OK
/usr/lib/python3.12/multiprocessing/__pycache__/managers.cpython-312.pyc: OK
/usr/lib/python3.12/multiprocessing/__pycache__/pool.cpython-312.pyc: OK
/usr/lib/python3.12/multiprocessing/__pycache__/popen_fork.cpython-312.pyc: OK
/usr/lib/python3.12/multiprocessing/__pycache__/popen_forkserver.cpython-312.pyc: OK
/usr/lib/python3.12/multiprocessing/__pycache__/popen_spawn_posix.cpython-312.pyc: OK
/usr/lib/python3.12/multiprocessing/__pycache__/popen_spawn_win32.cpython-312.pyc: OK
/usr/lib/python3.12/multiprocessing/__pycache__/process.cpython-312.pyc: OK
/usr/lib/python3.12/multiprocessing/__pycache__/queues.cpython-312.pyc: OK
/usr/lib/python3.12/multiprocessing/__pycache__/reduction.cpython-312.pyc: OK
/usr/lib/python3.12/multiprocessing/__pycache__/resource_sharer.cpython-312.pyc: OK
/usr/lib/python3.12/multiprocessing/__pycache__/resource_tracker.cpython-312.pyc: OK
/usr/lib/python3.12/multiprocessing/__pycache__/shared_memory.cpython-312.pyc: OK
/usr/lib/python3.12/multiprocessing/__pycache__/sharedctypes.cpython-312.pyc: OK
/usr/lib/python3.12/multiprocessing/__pycache__/spawn.cpython-312.pyc: OK
/usr/lib/python3.12/multiprocessing/__pycache__/synchronize.cpython-312.pyc: OK
/usr/lib/python3.12/multiprocessing/__pycache__/util.cpython-312.pyc: OK
/usr/lib/python3.12/multiprocessing/connection.py: OK
/usr/lib/python3.12/multiprocessing/context.py: OK
/usr/lib/python3.12/multiprocessing/dummy/__init__.py: OK
/usr/lib/python3.12/multiprocessing/dummy/__pycache__/__init__.cpython-312.pyc: OK
/usr/lib/python3.12/multiprocessing/dummy/__pycache__/connection.cpython-312.pyc: OK
/usr/lib/python3.12/multiprocessing/dummy/connection.py: OK
/usr/lib/python3.12/multiprocessing/forkserver.py: OK
/usr/lib/python3.12/multiprocessing/heap.py: OK
/usr/lib/python3.12/multiprocessing/managers.py: OK
/usr/lib/python3.12/multiprocessing/pool.py: OK
/usr/lib/python3.12/multiprocessing/popen_fork.py: OK
/usr/lib/python3.12/multiprocessing/popen_forkserver.py: OK
/usr/lib/python3.12/multiprocessing/popen_spawn_posix.py: OK
/usr/lib/python3.12/multiprocessing/popen_spawn_win32.py: OK
/usr/lib/python3.12/multiprocessing/process.py: OK
/usr/lib/python3.12/multiprocessing/queues.py: OK
/usr/lib/python3.12/multiprocessing/reduction.py: OK
/usr/lib/python3.12/multiprocessing/resource_sharer.py: OK
/usr/lib/python3.12/multiprocessing/resource_tracker.py: OK
/usr/lib/python3.12/multiprocessing/shared_memory.py: OK
/usr/lib/python3.12/multiprocessing/sharedctypes.py: OK
/usr/lib/python3.12/multiprocessing/spawn.py: OK
/usr/lib/python3.12/multiprocessing/synchronize.py: OK
/usr/lib/python3.12/multiprocessing/util.py: OK
/usr/lib/python3.12/netrc.py: OK
/usr/lib/python3.12/nntplib.py: OK
/usr/lib/python3.12/ntpath.py: OK
/usr/lib/python3.12/nturl2path.py: OK
/usr/lib/python3.12/numbers.py: OK
/usr/lib/python3.12/opcode.py: OK
/usr/lib/python3.12/operator.py: OK
/usr/lib/python3.12/optparse.py: OK
/usr/lib/python3.12/os.py: OK
/usr/lib/python3.12/pathlib.py: OK
/usr/lib/python3.12/pdb.py: OK
/usr/lib/python3.12/pickle.py: OK
/usr/lib/python3.12/pickletools.py: OK
/usr/lib/python3.12/pipes.py: OK
/usr/lib/python3.12/pkgutil.py: OK
/usr/lib/python3.12/platform.py: OK
/usr/lib/python3.12/plistlib.py: OK
/usr/lib/python3.12/poplib.py: OK
/usr/lib/python3.12/posixpath.py: OK
/usr/lib/python3.12/pprint.py: OK
/usr/lib/python3.12/profile.py: OK
/usr/lib/python3.12/pstats.py: OK
/usr/lib/python3.12/pty.py: OK
/usr/lib/python3.12/py_compile.py: OK
/usr/lib/python3.12/pyclbr.py: OK
/usr/lib/python3.12/pydoc.py: OK
/usr/lib/python3.12/pydoc_data/__init__.py: OK
/usr/lib/python3.12/pydoc_data/__pycache__/__init__.cpython-312.pyc: OK
/usr/lib/python3.12/pydoc_data/__pycache__/topics.cpython-312.pyc: OK
/usr/lib/python3.12/pydoc_data/_pydoc.css: OK
/usr/lib/python3.12/pydoc_data/topics.py: OK
/usr/lib/python3.12/queue.py: OK
/usr/lib/python3.12/quopri.py: OK
/usr/lib/python3.12/random.py: OK
/usr/lib/python3.12/re/__init__.py: OK
/usr/lib/python3.12/re/__pycache__/__init__.cpython-312.pyc: OK
/usr/lib/python3.12/re/__pycache__/_casefix.cpython-312.pyc: OK
/usr/lib/python3.12/re/__pycache__/_compiler.cpython-312.pyc: OK
/usr/lib/python3.12/re/__pycache__/_constants.cpython-312.pyc: OK
/usr/lib/python3.12/re/__pycache__/_parser.cpython-312.pyc: OK
/usr/lib/python3.12/re/_casefix.py: OK
/usr/lib/python3.12/re/_compiler.py: OK
/usr/lib/python3.12/re/_constants.py: OK
/usr/lib/python3.12/re/_parser.py: OK
/usr/lib/python3.12/reprlib.py: OK
/usr/lib/python3.12/rlcompleter.py: OK
/usr/lib/python3.12/runpy.py: OK
/usr/lib/python3.12/sched.py: OK
/usr/lib/python3.12/secrets.py: OK
/usr/lib/python3.12/selectors.py: OK
/usr/lib/python3.12/shelve.py: OK
/usr/lib/python3.12/shlex.py: OK
/usr/lib/python3.12/shutil.py: OK
/usr/lib/python3.12/signal.py: OK
/usr/lib/python3.12/site.py: OK
/usr/lib/python3.12/smtplib.py: OK
/usr/lib/python3.12/sndhdr.py: OK
/usr/lib/python3.12/socket.py: OK
/usr/lib/python3.12/socketserver.py: OK
/usr/lib/python3.12/sqlite3/__init__.py: OK
/usr/lib/python3.12/sqlite3/__main__.py: OK
/usr/lib/python3.12/sqlite3/__pycache__/__init__.cpython-312.pyc: OK
/usr/lib/python3.12/sqlite3/__pycache__/__main__.cpython-312.pyc: OK
/usr/lib/python3.12/sqlite3/__pycache__/dbapi2.cpython-312.pyc: OK
/usr/lib/python3.12/sqlite3/__pycache__/dump.cpython-312.pyc: OK
/usr/lib/python3.12/sqlite3/dbapi2.py: OK
/usr/lib/python3.12/sqlite3/dump.py: OK
/usr/lib/python3.12/sre_compile.py: OK
/usr/lib/python3.12/sre_constants.py: OK
/usr/lib/python3.12/sre_parse.py: OK
/usr/lib/python3.12/ssl.py: OK
/usr/lib/python3.12/stat.py: OK
/usr/lib/python3.12/statistics.py: OK
/usr/lib/python3.12/string.py: OK
/usr/lib/python3.12/stringprep.py: OK
/usr/lib/python3.12/struct.py: OK
/usr/lib/python3.12/subprocess.py: OK
/usr/lib/python3.12/sunau.py: OK
/usr/lib/python3.12/symtable.py: OK
/usr/lib/python3.12/sysconfig.py: OK
/usr/lib/python3.12/tabnanny.py: OK
/usr/lib/python3.12/tarfile.py: OK
/usr/lib/python3.12/telnetlib.py: OK
/usr/lib/python3.12/tempfile.py: OK
/usr/lib/python3.12/test/__init__.py: OK
/usr/lib/python3.12/test/__main__.py: OK
/usr/lib/python3.12/test/__pycache__/__init__.cpython-312.pyc: OK
/usr/lib/python3.12/test/__pycache__/__main__.cpython-312.pyc: OK
/usr/lib/python3.12/test/__pycache__/regrtest.cpython-312.pyc: OK
/usr/lib/python3.12/test/__pycache__/test_support.cpython-312.pyc: OK
/usr/lib/python3.12/test/libregrtest/__init__.py: OK
/usr/lib/python3.12/test/libregrtest/__pycache__/__init__.cpython-312.pyc: OK
/usr/lib/python3.12/test/libregrtest/__pycache__/cmdline.cpython-312.pyc: OK
/usr/lib/python3.12/test/libregrtest/__pycache__/filter.cpython-312.pyc: OK
/usr/lib/python3.12/test/libregrtest/__pycache__/findtests.cpython-312.pyc: OK
/usr/lib/python3.12/test/libregrtest/__pycache__/logger.cpython-312.pyc: OK
/usr/lib/python3.12/test/libregrtest/__pycache__/main.cpython-312.pyc: OK
/usr/lib/python3.12/test/libregrtest/__pycache__/pgo.cpython-312.pyc: OK
/usr/lib/python3.12/test/libregrtest/__pycache__/refleak.cpython-312.pyc: OK
/usr/lib/python3.12/test/libregrtest/__pycache__/result.cpython-312.pyc: OK
/usr/lib/python3.12/test/libregrtest/__pycache__/results.cpython-312.pyc: OK
/usr/lib/python3.12/test/libregrtest/__pycache__/run_workers.cpython-312.pyc: OK
/usr/lib/python3.12/test/libregrtest/__pycache__/runtests.cpython-312.pyc: OK
/usr/lib/python3.12/test/libregrtest/__pycache__/save_env.cpython-312.pyc: OK
/usr/lib/python3.12/test/libregrtest/__pycache__/setup.cpython-312.pyc: OK
/usr/lib/python3.12/test/libregrtest/__pycache__/single.cpython-312.pyc: OK
/usr/lib/python3.12/test/libregrtest/__pycache__/testresult.cpython-312.pyc: OK
/usr/lib/python3.12/test/libregrtest/__pycache__/tsan.cpython-312.pyc: OK
/usr/lib/python3.12/test/libregrtest/__pycache__/utils.cpython-312.pyc: OK
/usr/lib/python3.12/test/libregrtest/__pycache__/win_utils.cpython-312.pyc: OK
/usr/lib/python3.12/test/libregrtest/__pycache__/worker.cpython-312.pyc: OK
/usr/lib/python3.12/test/libregrtest/cmdline.py: OK
/usr/lib/python3.12/test/libregrtest/filter.py: OK
/usr/lib/python3.12/test/libregrtest/findtests.py: OK
/usr/lib/python3.12/test/libregrtest/logger.py: OK
/usr/lib/python3.12/test/libregrtest/main.py: OK
/usr/lib/python3.12/test/libregrtest/mypy.ini: OK
/usr/lib/python3.12/test/libregrtest/pgo.py: OK
/usr/lib/python3.12/test/libregrtest/refleak.py: OK
/usr/lib/python3.12/test/libregrtest/result.py: OK
/usr/lib/python3.12/test/libregrtest/results.py: OK
/usr/lib/python3.12/test/libregrtest/run_workers.py: OK
/usr/lib/python3.12/test/libregrtest/runtests.py: OK
/usr/lib/python3.12/test/libregrtest/save_env.py: OK
/usr/lib/python3.12/test/libregrtest/setup.py: OK
/usr/lib/python3.12/test/libregrtest/single.py: OK
/usr/lib/python3.12/test/libregrtest/testresult.py: OK
/usr/lib/python3.12/test/libregrtest/tsan.py: OK
/usr/lib/python3.12/test/libregrtest/utils.py: OK
/usr/lib/python3.12/test/libregrtest/win_utils.py: OK
/usr/lib/python3.12/test/libregrtest/worker.py: OK
/usr/lib/python3.12/test/regrtest.py: OK
/usr/lib/python3.12/test/support/__init__.py: OK
/usr/lib/python3.12/test/support/__pycache__/__init__.cpython-312.pyc: OK
/usr/lib/python3.12/test/support/__pycache__/ast_helper.cpython-312.pyc: OK
/usr/lib/python3.12/test/support/__pycache__/asynchat.cpython-312.pyc: OK
/usr/lib/python3.12/test/support/__pycache__/asyncore.cpython-312.pyc: OK
/usr/lib/python3.12/test/support/__pycache__/bytecode_helper.cpython-312.pyc: OK
/usr/lib/python3.12/test/support/__pycache__/hashlib_helper.cpython-312.pyc: OK
/usr/lib/python3.12/test/support/__pycache__/hypothesis_helper.cpython-312.pyc: OK
/usr/lib/python3.12/test/support/__pycache__/import_helper.cpython-312.pyc: OK
/usr/lib/python3.12/test/support/__pycache__/interpreters.cpython-312.pyc: OK
/usr/lib/python3.12/test/support/__pycache__/logging_helper.cpython-312.pyc: OK
/usr/lib/python3.12/test/support/__pycache__/os_helper.cpython-312.pyc: OK
/usr/lib/python3.12/test/support/__pycache__/pty_helper.cpython-312.pyc: OK
/usr/lib/python3.12/test/support/__pycache__/script_helper.cpython-312.pyc: OK
/usr/lib/python3.12/test/support/__pycache__/smtpd.cpython-312.pyc: OK
/usr/lib/python3.12/test/support/__pycache__/socket_helper.cpython-312.pyc: OK
/usr/lib/python3.12/test/support/__pycache__/testcase.cpython-312.pyc: OK
/usr/lib/python3.12/test/support/__pycache__/threading_helper.cpython-312.pyc: OK
/usr/lib/python3.12/test/support/__pycache__/warnings_helper.cpython-312.pyc: OK
/usr/lib/python3.12/test/support/_hypothesis_stubs/__init__.py: OK
/usr/lib/python3.12/test/support/_hypothesis_stubs/__pycache__/__init__.cpython-312.pyc: OK
/usr/lib/python3.12/test/support/_hypothesis_stubs/__pycache__/_helpers.cpython-312.pyc: OK
/usr/lib/python3.12/test/support/_hypothesis_stubs/__pycache__/strategies.cpython-312.pyc: OK
/usr/lib/python3.12/test/support/_hypothesis_stubs/_helpers.py: OK
/usr/lib/python3.12/test/support/_hypothesis_stubs/strategies.py: OK
/usr/lib/python3.12/test/support/ast_helper.py: OK
/usr/lib/python3.12/test/support/asynchat.py: OK
/usr/lib/python3.12/test/support/asyncore.py: OK
/usr/lib/python3.12/test/support/bytecode_helper.py: OK
/usr/lib/python3.12/test/support/hashlib_helper.py: OK
/usr/lib/python3.12/test/support/hypothesis_helper.py: OK
/usr/lib/python3.12/test/support/import_helper.py: OK
/usr/lib/python3.12/test/support/interpreters.py: OK
/usr/lib/python3.12/test/support/logging_helper.py: OK
/usr/lib/python3.12/test/support/os_helper.py: OK
/usr/lib/python3.12/test/support/pty_helper.py: OK
/usr/lib/python3.12/test/support/script_helper.py: OK
/usr/lib/python3.12/test/support/smtpd.py: OK
/usr/lib/python3.12/test/support/socket_helper.py: OK
/usr/lib/python3.12/test/support/testcase.py: OK
/usr/lib/python3.12/test/support/threading_helper.py: OK
/usr/lib/python3.12/test/support/warnings_helper.py: OK
/usr/lib/python3.12/test/test_support.py: OK
/usr/lib/python3.12/test/typinganndata/__init__.py: OK
/usr/lib/python3.12/test/typinganndata/__pycache__/__init__.cpython-312.pyc: OK
/usr/lib/python3.12/test/typinganndata/__pycache__/_typed_dict_helper.cpython-312.pyc: OK
/usr/lib/python3.12/test/typinganndata/__pycache__/ann_module.cpython-312.pyc: OK
/usr/lib/python3.12/test/typinganndata/__pycache__/ann_module2.cpython-312.pyc: OK
/usr/lib/python3.12/test/typinganndata/__pycache__/ann_module3.cpython-312.pyc: OK
/usr/lib/python3.12/test/typinganndata/__pycache__/ann_module4.cpython-312.pyc: OK
/usr/lib/python3.12/test/typinganndata/__pycache__/ann_module5.cpython-312.pyc: OK
/usr/lib/python3.12/test/typinganndata/__pycache__/ann_module6.cpython-312.pyc: OK
/usr/lib/python3.12/test/typinganndata/__pycache__/ann_module7.cpython-312.pyc: OK
/usr/lib/python3.12/test/typinganndata/__pycache__/ann_module8.cpython-312.pyc: OK
/usr/lib/python3.12/test/typinganndata/__pycache__/ann_module9.cpython-312.pyc: OK
/usr/lib/python3.12/test/typinganndata/__pycache__/mod_generics_cache.cpython-312.pyc: OK
/usr/lib/python3.12/test/typinganndata/_typed_dict_helper.py: OK
/usr/lib/python3.12/test/typinganndata/ann_module.py: OK
/usr/lib/python3.12/test/typinganndata/ann_module2.py: OK
/usr/lib/python3.12/test/typinganndata/ann_module3.py: OK
/usr/lib/python3.12/test/typinganndata/ann_module4.py: OK
/usr/lib/python3.12/test/typinganndata/ann_module5.py: OK
/usr/lib/python3.12/test/typinganndata/ann_module6.py: OK
/usr/lib/python3.12/test/typinganndata/ann_module7.py: OK
/usr/lib/python3.12/test/typinganndata/ann_module8.py: OK
/usr/lib/python3.12/test/typinganndata/ann_module9.py: OK
/usr/lib/python3.12/test/typinganndata/mod_generics_cache.py: OK
/usr/lib/python3.12/textwrap.py: OK
/usr/lib/python3.12/this.py: OK
/usr/lib/python3.12/threading.py: OK
/usr/lib/python3.12/timeit.py: OK
/usr/lib/python3.12/token.py: OK
/usr/lib/python3.12/tokenize.py: OK
/usr/lib/python3.12/tomllib/__init__.py: OK
/usr/lib/python3.12/tomllib/__pycache__/__init__.cpython-312.pyc: OK
/usr/lib/python3.12/tomllib/__pycache__/_parser.cpython-312.pyc: OK
/usr/lib/python3.12/tomllib/__pycache__/_re.cpython-312.pyc: OK
/usr/lib/python3.12/tomllib/__pycache__/_types.cpython-312.pyc: OK
/usr/lib/python3.12/tomllib/_parser.py: OK
/usr/lib/python3.12/tomllib/_re.py: OK
/usr/lib/python3.12/tomllib/_types.py: OK
/usr/lib/python3.12/trace.py: OK
/usr/lib/python3.12/traceback.py: OK
/usr/lib/python3.12/tracemalloc.py: OK
/usr/lib/python3.12/tty.py: OK
/usr/lib/python3.12/turtle.py: OK
/usr/lib/python3.12/types.py: OK
/usr/lib/python3.12/typing.py: OK
/usr/lib/python3.12/unittest/__init__.py: OK
/usr/lib/python3.12/unittest/__main__.py: OK
/usr/lib/python3.12/unittest/__pycache__/__init__.cpython-312.pyc: OK
/usr/lib/python3.12/unittest/__pycache__/__main__.cpython-312.pyc: OK
/usr/lib/python3.12/unittest/__pycache__/_log.cpython-312.pyc: OK
/usr/lib/python3.12/unittest/__pycache__/async_case.cpython-312.pyc: OK
/usr/lib/python3.12/unittest/__pycache__/case.cpython-312.pyc: OK
/usr/lib/python3.12/unittest/__pycache__/loader.cpython-312.pyc: OK
/usr/lib/python3.12/unittest/__pycache__/main.cpython-312.pyc: OK
/usr/lib/python3.12/unittest/__pycache__/mock.cpython-312.pyc: OK
/usr/lib/python3.12/unittest/__pycache__/result.cpython-312.pyc: OK
/usr/lib/python3.12/unittest/__pycache__/runner.cpython-312.pyc: OK
/usr/lib/python3.12/unittest/__pycache__/signals.cpython-312.pyc: OK
/usr/lib/python3.12/unittest/__pycache__/suite.cpython-312.pyc: OK
/usr/lib/python3.12/unittest/__pycache__/util.cpython-312.pyc: OK
/usr/lib/python3.12/unittest/_log.py: OK
/usr/lib/python3.12/unittest/async_case.py: OK
/usr/lib/python3.12/unittest/case.py: OK
/usr/lib/python3.12/unittest/loader.py: OK
/usr/lib/python3.12/unittest/main.py: OK
/usr/lib/python3.12/unittest/mock.py: OK
/usr/lib/python3.12/unittest/result.py: OK
/usr/lib/python3.12/unittest/runner.py: OK
/usr/lib/python3.12/unittest/signals.py: OK
/usr/lib/python3.12/unittest/suite.py: OK
/usr/lib/python3.12/unittest/util.py: OK
/usr/lib/python3.12/urllib/__init__.py: OK
/usr/lib/python3.12/urllib/__pycache__/__init__.cpython-312.pyc: OK
/usr/lib/python3.12/urllib/__pycache__/error.cpython-312.pyc: OK
/usr/lib/python3.12/urllib/__pycache__/parse.cpython-312.pyc: OK
/usr/lib/python3.12/urllib/__pycache__/request.cpython-312.pyc: OK
/usr/lib/python3.12/urllib/__pycache__/response.cpython-312.pyc: OK
/usr/lib/python3.12/urllib/__pycache__/robotparser.cpython-312.pyc: OK
/usr/lib/python3.12/urllib/error.py: OK
/usr/lib/python3.12/urllib/parse.py: OK
/usr/lib/python3.12/urllib/request.py: OK
/usr/lib/python3.12/urllib/response.py: OK
/usr/lib/python3.12/urllib/robotparser.py: OK
/usr/lib/python3.12/uu.py: OK
/usr/lib/python3.12/uuid.py: OK
/usr/lib/python3.12/venv/__init__.py: OK
/usr/lib/python3.12/venv/__main__.py: OK
/usr/lib/python3.12/venv/__pycache__/__init__.cpython-312.pyc: OK
/usr/lib/python3.12/venv/__pycache__/__main__.cpython-312.pyc: OK
/usr/lib/python3.12/venv/scripts/common/Activate.ps1: OK
/usr/lib/python3.12/venv/scripts/common/activate: OK
/usr/lib/python3.12/venv/scripts/posix/activate.csh: OK
/usr/lib/python3.12/venv/scripts/posix/activate.fish: OK
/usr/lib/python3.12/warnings.py: OK
/usr/lib/python3.12/wave.py: OK
/usr/lib/python3.12/weakref.py: OK
/usr/lib/python3.12/webbrowser.py: OK
/usr/lib/python3.12/wsgiref/__init__.py: OK
/usr/lib/python3.12/wsgiref/__pycache__/__init__.cpython-312.pyc: OK
/usr/lib/python3.12/wsgiref/__pycache__/handlers.cpython-312.pyc: OK
/usr/lib/python3.12/wsgiref/__pycache__/headers.cpython-312.pyc: OK
/usr/lib/python3.12/wsgiref/__pycache__/simple_server.cpython-312.pyc: OK
/usr/lib/python3.12/wsgiref/__pycache__/types.cpython-312.pyc: OK
/usr/lib/python3.12/wsgiref/__pycache__/util.cpython-312.pyc: OK
/usr/lib/python3.12/wsgiref/__pycache__/validate.cpython-312.pyc: OK
/usr/lib/python3.12/wsgiref/handlers.py: OK
/usr/lib/python3.12/wsgiref/headers.py: OK
/usr/lib/python3.12/wsgiref/simple_server.py: OK
/usr/lib/python3.12/wsgiref/types.py: OK
/usr/lib/python3.12/wsgiref/util.py: OK
/usr/lib/python3.12/wsgiref/validate.py: OK
/usr/lib/python3.12/xdrlib.py: OK
/usr/lib/python3.12/xml/__init__.py: OK
/usr/lib/python3.12/xml/__pycache__/__init__.cpython-312.pyc: OK
/usr/lib/python3.12/xml/dom/NodeFilter.py: OK
/usr/lib/python3.12/xml/dom/__init__.py: OK
/usr/lib/python3.12/xml/dom/__pycache__/NodeFilter.cpython-312.pyc: OK
/usr/lib/python3.12/xml/dom/__pycache__/__init__.cpython-312.pyc: OK
/usr/lib/python3.12/xml/dom/__pycache__/domreg.cpython-312.pyc: OK
/usr/lib/python3.12/xml/dom/__pycache__/expatbuilder.cpython-312.pyc: OK
/usr/lib/python3.12/xml/dom/__pycache__/minicompat.cpython-312.pyc: OK
/usr/lib/python3.12/xml/dom/__pycache__/minidom.cpython-312.pyc: OK
/usr/lib/python3.12/xml/dom/__pycache__/pulldom.cpython-312.pyc: OK
/usr/lib/python3.12/xml/dom/__pycache__/xmlbuilder.cpython-312.pyc: OK
/usr/lib/python3.12/xml/dom/domreg.py: OK
/usr/lib/python3.12/xml/dom/expatbuilder.py: OK
/usr/lib/python3.12/xml/dom/minicompat.py: OK
/usr/lib/python3.12/xml/dom/minidom.py: OK
/usr/lib/python3.12/xml/dom/pulldom.py: OK
/usr/lib/python3.12/xml/dom/xmlbuilder.py: OK
/usr/lib/python3.12/xml/etree/ElementInclude.py: OK
/usr/lib/python3.12/xml/etree/ElementPath.py: OK
/usr/lib/python3.12/xml/etree/ElementTree.py: OK
/usr/lib/python3.12/xml/etree/__init__.py: OK
/usr/lib/python3.12/xml/etree/__pycache__/ElementInclude.cpython-312.pyc: OK
/usr/lib/python3.12/xml/etree/__pycache__/ElementPath.cpython-312.pyc: OK
/usr/lib/python3.12/xml/etree/__pycache__/ElementTree.cpython-312.pyc: OK
/usr/lib/python3.12/xml/etree/__pycache__/__init__.cpython-312.pyc: OK
/usr/lib/python3.12/xml/etree/__pycache__/cElementTree.cpython-312.pyc: OK
/usr/lib/python3.12/xml/etree/cElementTree.py: OK
/usr/lib/python3.12/xml/parsers/__init__.py: OK
/usr/lib/python3.12/xml/parsers/__pycache__/__init__.cpython-312.pyc: OK
/usr/lib/python3.12/xml/parsers/__pycache__/expat.cpython-312.pyc: OK
/usr/lib/python3.12/xml/parsers/expat.py: OK
/usr/lib/python3.12/xml/sax/__init__.py: OK
/usr/lib/python3.12/xml/sax/__pycache__/__init__.cpython-312.pyc: OK
/usr/lib/python3.12/xml/sax/__pycache__/_exceptions.cpython-312.pyc: OK
/usr/lib/python3.12/xml/sax/__pycache__/expatreader.cpython-312.pyc: OK
/usr/lib/python3.12/xml/sax/__pycache__/handler.cpython-312.pyc: OK
/usr/lib/python3.12/xml/sax/__pycache__/saxutils.cpython-312.pyc: OK
/usr/lib/python3.12/xml/sax/__pycache__/xmlreader.cpython-312.pyc: OK
/usr/lib/python3.12/xml/sax/_exceptions.py: OK
/usr/lib/python3.12/xml/sax/expatreader.py: OK
/usr/lib/python3.12/xml/sax/handler.py: OK
/usr/lib/python3.12/xml/sax/saxutils.py: OK
/usr/lib/python3.12/xml/sax/xmlreader.py: OK
/usr/lib/python3.12/xmlrpc/__init__.py: OK
/usr/lib/python3.12/xmlrpc/__pycache__/__init__.cpython-312.pyc: OK
/usr/lib/python3.12/xmlrpc/__pycache__/client.cpython-312.pyc: OK
/usr/lib/python3.12/xmlrpc/__pycache__/server.cpython-312.pyc: OK
/usr/lib/python3.12/xmlrpc/client.py: OK
/usr/lib/python3.12/xmlrpc/server.py: OK
/usr/lib/python3.12/zipapp.py: OK
/usr/lib/python3.12/zipfile/__init__.py: OK
/usr/lib/python3.12/zipfile/__main__.py: OK
/usr/lib/python3.12/zipfile/__pycache__/__init__.cpython-312.pyc: OK
/usr/lib/python3.12/zipfile/__pycache__/__main__.cpython-312.pyc: OK
/usr/lib/python3.12/zipfile/_path/__init__.py: OK
/usr/lib/python3.12/zipfile/_path/__pycache__/__init__.cpython-312.pyc: OK
/usr/lib/python3.12/zipfile/_path/__pycache__/glob.cpython-312.pyc: OK
/usr/lib/python3.12/zipfile/_path/glob.py: OK
/usr/lib/python3.12/zipimport.py: OK
/usr/lib/python3.12/zoneinfo/__init__.py: OK
/usr/lib/python3.12/zoneinfo/__pycache__/__init__.cpython-312.pyc: OK
/usr/lib/python3.12/zoneinfo/__pycache__/_common.cpython-312.pyc: OK
/usr/lib/python3.12/zoneinfo/__pycache__/_tzpath.cpython-312.pyc: OK
/usr/lib/python3.12/zoneinfo/__pycache__/_zoneinfo.cpython-312.pyc: OK
/usr/lib/python3.12/zoneinfo/_common.py: OK
/usr/lib/python3.12/zoneinfo/_tzpath.py: OK
/usr/lib/python3.12/zoneinfo/_zoneinfo.py: OK
/usr/lib/x86_64-linux-gnu/ld-linux-x86-64.so.2: OK
/usr/lib/x86_64-linux-gnu/libbz2.so.1.0.4: OK
/usr/lib/x86_64-linux-gnu/libc.so.6: OK
/usr/lib/x86_64-linux-gnu/libcap-ng.so.0.0.0: OK
/usr/lib/x86_64-linux-gnu/libcap.so.2.66: OK
/usr/lib/x86_64-linux-gnu/libcrypt.so.1.1.0: OK
/usr/lib/x86_64-linux-gnu/libcrypto.so.3: OK
/usr/lib/x86_64-linux-gnu/libdb-5.3.so: OK
/usr/lib/x86_64-linux-gnu/libexpat.so.1.9.1: OK
/usr/lib/x86_64-linux-gnu/libffi.so.8.1.4: OK
/usr/lib/x86_64-linux-gnu/libgcrypt.so.20.4.3: OK
/usr/lib/x86_64-linux-gnu/libgdbm.so.6.0.0: OK
/usr/lib/x86_64-linux-gnu/libgpg-error.so.0.34.0: OK
/usr/lib/x86_64-linux-gnu/liblz4.so.1.9.4: OK
/usr/lib/x86_64-linux-gnu/liblzma.so.5.4.5: OK
/usr/lib/x86_64-linux-gnu/libm.so.6: OK
/usr/lib/x86_64-linux-gnu/libncursesw.so.6.4: OK
/usr/lib/x86_64-linux-gnu/libpanelw.so.6.4: OK
/usr/lib/x86_64-linux-gnu/libproc2.so.0.0.2: OK
/usr/lib/x86_64-linux-gnu/libpython3.12.so.1.0: OK
/usr/lib/x86_64-linux-gnu/libreadline.so.8.2: OK
/usr/lib/x86_64-linux-gnu/libsqlite3.so.0.8.6: OK
/usr/lib/x86_64-linux-gnu/libssl.so.3: OK
/usr/lib/x86_64-linux-gnu/libsystemd.so.0.38.0: OK
/usr/lib/x86_64-linux-gnu/libtinfo.so.6.4: OK
/usr/lib/x86_64-linux-gnu/libz.so.1.3: OK
/usr/lib/x86_64-linux-gnu/libzstd.so.1.5.5: OK
