/run/jc2-r2-controls-ready-20260910T1620/check10.post.json: OK
/var/lib/jc2-r2-controls-ready-20260910T1620/check10.post.json: OK
/run/jc2-r2-controls-ready-20260910T1620/check10.pre.json: OK
/var/lib/jc2-r2-controls-ready-20260910T1620/check10.pre.json: OK
/run/jc2-r2-controls-ready-20260910T1620/check10.python-live.json: OK
/var/lib/jc2-r2-controls-ready-20260910T1620/check10.python-live.json: OK
/run/jc2-r2-controls-ready-20260910T1620/check10.runner-live.json: OK
/var/lib/jc2-r2-controls-ready-20260910T1620/check10.runner-live.json: OK
/run/jc2-r2-controls-ready-20260910T1620/check10.runner.stderr: OK
/var/lib/jc2-r2-controls-ready-20260910T1620/check10.runner.stderr: OK
/run/jc2-r2-controls-ready-20260910T1620/check10.runner.stdout: OK
/var/lib/jc2-r2-controls-ready-20260910T1620/check10.runner.stdout: OK
/run/jc2-r2-controls-ready-20260910T1620/check10.stderr: OK
/var/lib/jc2-r2-controls-ready-20260910T1620/check10.stderr: OK
/run/jc2-r2-controls-ready-20260910T1620/check10.stdout: OK
/var/lib/jc2-r2-controls-ready-20260910T1620/check10.stdout: OK
/run/jc2-r2-controls-ready-20260910T1620/check10.telemetry.json: OK
/var/lib/jc2-r2-controls-ready-20260910T1620/check10.telemetry.json: OK
/run/jc2-r2-controls-ready-20260910T1620/check6.post.json: OK
/var/lib/jc2-r2-controls-ready-20260910T1620/check6.post.json: OK
/run/jc2-r2-controls-ready-20260910T1620/check6.pre.json: OK
/var/lib/jc2-r2-controls-ready-20260910T1620/check6.pre.json: OK
/run/jc2-r2-controls-ready-20260910T1620/check6.python-live.json: OK
/var/lib/jc2-r2-controls-ready-20260910T1620/check6.python-live.json: OK
/run/jc2-r2-controls-ready-20260910T1620/check6.runner-live.json: OK
/var/lib/jc2-r2-controls-ready-20260910T1620/check6.runner-live.json: OK
/run/jc2-r2-controls-ready-20260910T1620/check6.runner.stderr: OK
/var/lib/jc2-r2-controls-ready-20260910T1620/check6.runner.stderr: OK
/run/jc2-r2-controls-ready-20260910T1620/check6.runner.stdout: OK
/var/lib/jc2-r2-controls-ready-20260910T1620/check6.runner.stdout: OK
/run/jc2-r2-controls-ready-20260910T1620/check6.stderr: OK
/var/lib/jc2-r2-controls-ready-20260910T1620/check6.stderr: OK
/run/jc2-r2-controls-ready-20260910T1620/check6.stdout: OK
/var/lib/jc2-r2-controls-ready-20260910T1620/check6.stdout: OK
/run/jc2-r2-controls-ready-20260910T1620/check6.telemetry.json: OK
/var/lib/jc2-r2-controls-ready-20260910T1620/check6.telemetry.json: OK
/run/jc2-r2-controls-ready-20260910T1620/dummy.post.json: OK
/var/lib/jc2-r2-controls-ready-20260910T1620/dummy.post.json: OK
/run/jc2-r2-controls-ready-20260910T1620/dummy.pre.json: OK
/var/lib/jc2-r2-controls-ready-20260910T1620/dummy.pre.json: OK
/run/jc2-r2-controls-ready-20260910T1620/dummy.python-live.json: OK
/var/lib/jc2-r2-controls-ready-20260910T1620/dummy.python-live.json: OK
/run/jc2-r2-controls-ready-20260910T1620/dummy.runner-live.json: OK
/var/lib/jc2-r2-controls-ready-20260910T1620/dummy.runner-live.json: OK
/run/jc2-r2-controls-ready-20260910T1620/dummy.runner.stderr: OK
/var/lib/jc2-r2-controls-ready-20260910T1620/dummy.runner.stderr: OK
/run/jc2-r2-controls-ready-20260910T1620/dummy.runner.stdout: OK
/var/lib/jc2-r2-controls-ready-20260910T1620/dummy.runner.stdout: OK
/run/jc2-r2-controls-ready-20260910T1620/dummy.stderr: OK
/var/lib/jc2-r2-controls-ready-20260910T1620/dummy.stderr: OK
/run/jc2-r2-controls-ready-20260910T1620/dummy.stdout: OK
/var/lib/jc2-r2-controls-ready-20260910T1620/dummy.stdout: OK
/run/jc2-r2-controls-ready-20260910T1620/dummy.telemetry.json: OK
/var/lib/jc2-r2-controls-ready-20260910T1620/dummy.telemetry.json: OK
/run/jc2-r2-controls-ready-20260910T1620/mutate.post.json: OK
/var/lib/jc2-r2-controls-ready-20260910T1620/mutate.post.json: OK
/run/jc2-r2-controls-ready-20260910T1620/mutate.pre.json: OK
/var/lib/jc2-r2-controls-ready-20260910T1620/mutate.pre.json: OK
/run/jc2-r2-controls-ready-20260910T1620/mutate.python-live.json: OK
/var/lib/jc2-r2-controls-ready-20260910T1620/mutate.python-live.json: OK
/run/jc2-r2-controls-ready-20260910T1620/mutate.runner-live.json: OK
/var/lib/jc2-r2-controls-ready-20260910T1620/mutate.runner-live.json: OK
/run/jc2-r2-controls-ready-20260910T1620/mutate.runner.stderr: OK
/var/lib/jc2-r2-controls-ready-20260910T1620/mutate.runner.stderr: OK
/run/jc2-r2-controls-ready-20260910T1620/mutate.runner.stdout: OK
/var/lib/jc2-r2-controls-ready-20260910T1620/mutate.runner.stdout: OK
/run/jc2-r2-controls-ready-20260910T1620/mutate.stderr: OK
/var/lib/jc2-r2-controls-ready-20260910T1620/mutate.stderr: OK
/run/jc2-r2-controls-ready-20260910T1620/mutate.stdout: OK
/var/lib/jc2-r2-controls-ready-20260910T1620/mutate.stdout: OK
/run/jc2-r2-controls-ready-20260910T1620/mutate.telemetry.json: OK
/var/lib/jc2-r2-controls-ready-20260910T1620/mutate.telemetry.json: OK
/run/jc2-r2-controls-ready-20260910T1620/outer.stderr: OK
/var/lib/jc2-r2-controls-ready-20260910T1620/outer.stderr: OK
/run/jc2-r2-controls-ready-20260910T1620/outer.stdout: OK
/var/lib/jc2-r2-controls-ready-20260910T1620/outer.stdout: OK
/run/jc2-r2-controls-ready-20260910T1620/refuse-caps.post.json: OK
/var/lib/jc2-r2-controls-ready-20260910T1620/refuse-caps.post.json: OK
/run/jc2-r2-controls-ready-20260910T1620/refuse-caps.pre.json: OK
/var/lib/jc2-r2-controls-ready-20260910T1620/refuse-caps.pre.json: OK
/run/jc2-r2-controls-ready-20260910T1620/refuse-caps.python-live.json: OK
/var/lib/jc2-r2-controls-ready-20260910T1620/refuse-caps.python-live.json: OK
/run/jc2-r2-controls-ready-20260910T1620/refuse-caps.runner-live.json: OK
/var/lib/jc2-r2-controls-ready-20260910T1620/refuse-caps.runner-live.json: OK
/run/jc2-r2-controls-ready-20260910T1620/refuse-caps.runner.stderr: OK
/var/lib/jc2-r2-controls-ready-20260910T1620/refuse-caps.runner.stderr: OK
/run/jc2-r2-controls-ready-20260910T1620/refuse-caps.runner.stdout: OK
/var/lib/jc2-r2-controls-ready-20260910T1620/refuse-caps.runner.stdout: OK
/run/jc2-r2-controls-ready-20260910T1620/refuse-caps.stderr: OK
/var/lib/jc2-r2-controls-ready-20260910T1620/refuse-caps.stderr: OK
/run/jc2-r2-controls-ready-20260910T1620/refuse-caps.stdout: OK
/var/lib/jc2-r2-controls-ready-20260910T1620/refuse-caps.stdout: OK
/run/jc2-r2-controls-ready-20260910T1620/refuse-caps.telemetry.json: OK
/var/lib/jc2-r2-controls-ready-20260910T1620/refuse-caps.telemetry.json: OK
/run/jc2-r2-controls-ready-20260910T1620/refuse-hash.post.json: OK
/var/lib/jc2-r2-controls-ready-20260910T1620/refuse-hash.post.json: OK
/run/jc2-r2-controls-ready-20260910T1620/refuse-hash.pre.json: OK
/var/lib/jc2-r2-controls-ready-20260910T1620/refuse-hash.pre.json: OK
/run/jc2-r2-controls-ready-20260910T1620/refuse-hash.python-live.json: OK
/var/lib/jc2-r2-controls-ready-20260910T1620/refuse-hash.python-live.json: OK
/run/jc2-r2-controls-ready-20260910T1620/refuse-hash.runner-live.json: OK
/var/lib/jc2-r2-controls-ready-20260910T1620/refuse-hash.runner-live.json: OK
/run/jc2-r2-controls-ready-20260910T1620/refuse-hash.runner.stderr: OK
/var/lib/jc2-r2-controls-ready-20260910T1620/refuse-hash.runner.stderr: OK
/run/jc2-r2-controls-ready-20260910T1620/refuse-hash.runner.stdout: OK
/var/lib/jc2-r2-controls-ready-20260910T1620/refuse-hash.runner.stdout: OK
/run/jc2-r2-controls-ready-20260910T1620/refuse-hash.stderr: OK
/var/lib/jc2-r2-controls-ready-20260910T1620/refuse-hash.stderr: OK
/run/jc2-r2-controls-ready-20260910T1620/refuse-hash.stdout: OK
/var/lib/jc2-r2-controls-ready-20260910T1620/refuse-hash.stdout: OK
/run/jc2-r2-controls-ready-20260910T1620/refuse-hash.telemetry.json: OK
/var/lib/jc2-r2-controls-ready-20260910T1620/refuse-hash.telemetry.json: OK
/run/jc2-r2-controls-ready-20260910T1620/refuse-inventory.post.json: OK
/var/lib/jc2-r2-controls-ready-20260910T1620/refuse-inventory.post.json: OK
/run/jc2-r2-controls-ready-20260910T1620/refuse-inventory.pre.json: OK
/var/lib/jc2-r2-controls-ready-20260910T1620/refuse-inventory.pre.json: OK
/run/jc2-r2-controls-ready-20260910T1620/refuse-inventory.python-live.json: OK
/var/lib/jc2-r2-controls-ready-20260910T1620/refuse-inventory.python-live.json: OK
/run/jc2-r2-controls-ready-20260910T1620/refuse-inventory.runner-live.json: OK
/var/lib/jc2-r2-controls-ready-20260910T1620/refuse-inventory.runner-live.json: OK
/run/jc2-r2-controls-ready-20260910T1620/refuse-inventory.runner.stderr: OK
/var/lib/jc2-r2-controls-ready-20260910T1620/refuse-inventory.runner.stderr: OK
/run/jc2-r2-controls-ready-20260910T1620/refuse-inventory.runner.stdout: OK
/var/lib/jc2-r2-controls-ready-20260910T1620/refuse-inventory.runner.stdout: OK
/run/jc2-r2-controls-ready-20260910T1620/refuse-inventory.stderr: OK
/var/lib/jc2-r2-controls-ready-20260910T1620/refuse-inventory.stderr: OK
/run/jc2-r2-controls-ready-20260910T1620/refuse-inventory.stdout: OK
/var/lib/jc2-r2-controls-ready-20260910T1620/refuse-inventory.stdout: OK
/run/jc2-r2-controls-ready-20260910T1620/refuse-inventory.telemetry.json: OK
/var/lib/jc2-r2-controls-ready-20260910T1620/refuse-inventory.telemetry.json: OK
/run/jc2-r2-controls-ready-20260910T1620/refuse-source.post.json: OK
/var/lib/jc2-r2-controls-ready-20260910T1620/refuse-source.post.json: OK
/run/jc2-r2-controls-ready-20260910T1620/refuse-source.pre.json: OK
/var/lib/jc2-r2-controls-ready-20260910T1620/refuse-source.pre.json: OK
/run/jc2-r2-controls-ready-20260910T1620/refuse-source.python-live.json: OK
/var/lib/jc2-r2-controls-ready-20260910T1620/refuse-source.python-live.json: OK
/run/jc2-r2-controls-ready-20260910T1620/refuse-source.runner-live.json: OK
/var/lib/jc2-r2-controls-ready-20260910T1620/refuse-source.runner-live.json: OK
/run/jc2-r2-controls-ready-20260910T1620/refuse-source.runner.stderr: OK
/var/lib/jc2-r2-controls-ready-20260910T1620/refuse-source.runner.stderr: OK
/run/jc2-r2-controls-ready-20260910T1620/refuse-source.runner.stdout: OK
/var/lib/jc2-r2-controls-ready-20260910T1620/refuse-source.runner.stdout: OK
/run/jc2-r2-controls-ready-20260910T1620/refuse-source.stderr: OK
/var/lib/jc2-r2-controls-ready-20260910T1620/refuse-source.stderr: OK
/run/jc2-r2-controls-ready-20260910T1620/refuse-source.stdout: OK
/var/lib/jc2-r2-controls-ready-20260910T1620/refuse-source.stdout: OK
/run/jc2-r2-controls-ready-20260910T1620/refuse-source.telemetry.json: OK
/var/lib/jc2-r2-controls-ready-20260910T1620/refuse-source.telemetry.json: OK
/run/jc2-r2-controls-ready-20260910T1620/refuse-status.post.json: OK
/var/lib/jc2-r2-controls-ready-20260910T1620/refuse-status.post.json: OK
/run/jc2-r2-controls-ready-20260910T1620/refuse-status.pre.json: OK
/var/lib/jc2-r2-controls-ready-20260910T1620/refuse-status.pre.json: OK
/run/jc2-r2-controls-ready-20260910T1620/refuse-status.python-live.json: OK
/var/lib/jc2-r2-controls-ready-20260910T1620/refuse-status.python-live.json: OK
/run/jc2-r2-controls-ready-20260910T1620/refuse-status.runner-live.json: OK
/var/lib/jc2-r2-controls-ready-20260910T1620/refuse-status.runner-live.json: OK
/run/jc2-r2-controls-ready-20260910T1620/refuse-status.runner.stderr: OK
/var/lib/jc2-r2-controls-ready-20260910T1620/refuse-status.runner.stderr: OK
/run/jc2-r2-controls-ready-20260910T1620/refuse-status.runner.stdout: OK
/var/lib/jc2-r2-controls-ready-20260910T1620/refuse-status.runner.stdout: OK
/run/jc2-r2-controls-ready-20260910T1620/refuse-status.stderr: OK
/var/lib/jc2-r2-controls-ready-20260910T1620/refuse-status.stderr: OK
/run/jc2-r2-controls-ready-20260910T1620/refuse-status.stdout: OK
/var/lib/jc2-r2-controls-ready-20260910T1620/refuse-status.stdout: OK
/run/jc2-r2-controls-ready-20260910T1620/refuse-status.telemetry.json: OK
/var/lib/jc2-r2-controls-ready-20260910T1620/refuse-status.telemetry.json: OK
/run/jc2-r2-controls-ready-20260910T1620/semantic-binding.json: OK
/var/lib/jc2-r2-controls-ready-20260910T1620/semantic-binding.json: OK
/run/jc2-r2-controls-ready-20260910T1620/startup-check.post.json: OK
/var/lib/jc2-r2-controls-ready-20260910T1620/startup-check.post.json: OK
/run/jc2-r2-controls-ready-20260910T1620/startup-check.pre.json: OK
/var/lib/jc2-r2-controls-ready-20260910T1620/startup-check.pre.json: OK
/run/jc2-r2-controls-ready-20260910T1620/startup-check.python-live.json: OK
/var/lib/jc2-r2-controls-ready-20260910T1620/startup-check.python-live.json: OK
/run/jc2-r2-controls-ready-20260910T1620/startup-check.runner-live.json: OK
/var/lib/jc2-r2-controls-ready-20260910T1620/startup-check.runner-live.json: OK
/run/jc2-r2-controls-ready-20260910T1620/startup-check.runner.stderr: OK
/var/lib/jc2-r2-controls-ready-20260910T1620/startup-check.runner.stderr: OK
/run/jc2-r2-controls-ready-20260910T1620/startup-check.runner.stdout: OK
/var/lib/jc2-r2-controls-ready-20260910T1620/startup-check.runner.stdout: OK
/run/jc2-r2-controls-ready-20260910T1620/startup-check.stderr: OK
/var/lib/jc2-r2-controls-ready-20260910T1620/startup-check.stderr: OK
/run/jc2-r2-controls-ready-20260910T1620/startup-check.stdout: OK
/var/lib/jc2-r2-controls-ready-20260910T1620/startup-check.stdout: OK
/run/jc2-r2-controls-ready-20260910T1620/startup-check.telemetry.json: OK
/var/lib/jc2-r2-controls-ready-20260910T1620/startup-check.telemetry.json: OK
/run/jc2-r2-controls-ready-20260910T1620/startup-produce.post.json: OK
/var/lib/jc2-r2-controls-ready-20260910T1620/startup-produce.post.json: OK
/run/jc2-r2-controls-ready-20260910T1620/startup-produce.pre.json: OK
/var/lib/jc2-r2-controls-ready-20260910T1620/startup-produce.pre.json: OK
/run/jc2-r2-controls-ready-20260910T1620/startup-produce.python-live.json: OK
/var/lib/jc2-r2-controls-ready-20260910T1620/startup-produce.python-live.json: OK
/run/jc2-r2-controls-ready-20260910T1620/startup-produce.runner-live.json: OK
/var/lib/jc2-r2-controls-ready-20260910T1620/startup-produce.runner-live.json: OK
/run/jc2-r2-controls-ready-20260910T1620/startup-produce.runner.stderr: OK
/var/lib/jc2-r2-controls-ready-20260910T1620/startup-produce.runner.stderr: OK
/run/jc2-r2-controls-ready-20260910T1620/startup-produce.runner.stdout: OK
/var/lib/jc2-r2-controls-ready-20260910T1620/startup-produce.runner.stdout: OK
/run/jc2-r2-controls-ready-20260910T1620/startup-produce.stderr: OK
/var/lib/jc2-r2-controls-ready-20260910T1620/startup-produce.stderr: OK
/run/jc2-r2-controls-ready-20260910T1620/startup-produce.stdout: OK
/var/lib/jc2-r2-controls-ready-20260910T1620/startup-produce.stdout: OK
/run/jc2-r2-controls-ready-20260910T1620/startup-produce.telemetry.json: OK
/var/lib/jc2-r2-controls-ready-20260910T1620/startup-produce.telemetry.json: OK
/run/jc2-r2-controls-ready-20260910T1620/valid.post.json: OK
/var/lib/jc2-r2-controls-ready-20260910T1620/valid.post.json: OK
/run/jc2-r2-controls-ready-20260910T1620/valid.pre.json: OK
/var/lib/jc2-r2-controls-ready-20260910T1620/valid.pre.json: OK
/run/jc2-r2-controls-ready-20260910T1620/valid.python-live.json: OK
/var/lib/jc2-r2-controls-ready-20260910T1620/valid.python-live.json: OK
/run/jc2-r2-controls-ready-20260910T1620/valid.runner-live.json: OK
/var/lib/jc2-r2-controls-ready-20260910T1620/valid.runner-live.json: OK
/run/jc2-r2-controls-ready-20260910T1620/valid.runner.stderr: OK
/var/lib/jc2-r2-controls-ready-20260910T1620/valid.runner.stderr: OK
/run/jc2-r2-controls-ready-20260910T1620/valid.runner.stdout: OK
/var/lib/jc2-r2-controls-ready-20260910T1620/valid.runner.stdout: OK
/run/jc2-r2-controls-ready-20260910T1620/valid.stderr: OK
/var/lib/jc2-r2-controls-ready-20260910T1620/valid.stderr: OK
/run/jc2-r2-controls-ready-20260910T1620/valid.stdout: OK
/var/lib/jc2-r2-controls-ready-20260910T1620/valid.stdout: OK
/run/jc2-r2-controls-ready-20260910T1620/valid.telemetry.json: OK
/var/lib/jc2-r2-controls-ready-20260910T1620/valid.telemetry.json: OK
/run/jc2-r2-controls-ready-20260910T1620/writer/dummy.payload: OK
/var/lib/jc2-r2-controls-ready-20260910T1620/writer/dummy.payload: OK
/run/jc2-r2-controls-ready-20260910T1620/writer/valid.payload: OK
/var/lib/jc2-r2-controls-ready-20260910T1620/writer/valid.payload: OK
/run/jc2-r2-controls-ready-20260910T1620/frozen/mutate.receipt.json: OK
/var/lib/jc2-r2-controls-ready-20260910T1620/frozen/mutate.receipt.json: OK
/run/jc2-r2-controls-ready-20260910T1620/frozen/mutated10.json: OK
/var/lib/jc2-r2-controls-ready-20260910T1620/frozen/mutated10.json: OK
/run/jc2-r2-controls-ready-20260910T1620/frozen/mutated6.json: OK
/var/lib/jc2-r2-controls-ready-20260910T1620/frozen/mutated6.json: OK
/run/jc2-r2-controls-ready-20260910T1620/authority/check10.json: OK
/var/lib/jc2-r2-controls-ready-20260910T1620/authority/check10.json: OK
/run/jc2-r2-controls-ready-20260910T1620/authority/check6.json: OK
/var/lib/jc2-r2-controls-ready-20260910T1620/authority/check6.json: OK
/run/jc2-r2-controls-ready-20260910T1620/authority/dummy.json: OK
/var/lib/jc2-r2-controls-ready-20260910T1620/authority/dummy.json: OK
/run/jc2-r2-controls-ready-20260910T1620/authority/mutate.json: OK
/var/lib/jc2-r2-controls-ready-20260910T1620/authority/mutate.json: OK
/run/jc2-r2-controls-ready-20260910T1620/authority/refuse-caps.json: OK
/var/lib/jc2-r2-controls-ready-20260910T1620/authority/refuse-caps.json: OK
/run/jc2-r2-controls-ready-20260910T1620/authority/refuse-hash.json: OK
/var/lib/jc2-r2-controls-ready-20260910T1620/authority/refuse-hash.json: OK
/run/jc2-r2-controls-ready-20260910T1620/authority/refuse-inventory.json: OK
/var/lib/jc2-r2-controls-ready-20260910T1620/authority/refuse-inventory.json: OK
/run/jc2-r2-controls-ready-20260910T1620/authority/refuse-source.json: OK
/var/lib/jc2-r2-controls-ready-20260910T1620/authority/refuse-source.json: OK
/run/jc2-r2-controls-ready-20260910T1620/authority/refuse-status.json: OK
/var/lib/jc2-r2-controls-ready-20260910T1620/authority/refuse-status.json: OK
/run/jc2-r2-controls-ready-20260910T1620/authority/startup-check.json: OK
/var/lib/jc2-r2-controls-ready-20260910T1620/authority/startup-check.json: OK
/run/jc2-r2-controls-ready-20260910T1620/authority/startup-produce.json: OK
/var/lib/jc2-r2-controls-ready-20260910T1620/authority/startup-produce.json: OK
/run/jc2-r2-controls-ready-20260910T1620/authority/valid.json: OK
/var/lib/jc2-r2-controls-ready-20260910T1620/authority/valid.json: OK
/var/lib/jc2-r2-controls-ready-20260910T1620/CUSTODY.json: OK
