canonical_digest_serializer=sorted-Rat3-coordinate-v1
canonical_digest_python_object_addresses=false
beta_parameter_name=beta
target_compatibility=X0_t13
ring=E(C,V,U)[beta]
q_beta=t+beta*t^2+t^25
direct_qprime_retained=false
raw_center_stratum=u-zero
raw_fraction_field_not_complete_stratum=true
source_center=U=0 over Q(C,V)
trivariate_transport rows=0;pivots=1;events=0
trivariate_transport rows=250;pivots=251;events=0
trivariate_transport rows=1500;pivots=684;events=0
trivariate_transport rows=1750;pivots=934;events=0
trivariate_transport rows=2000;pivots=1184;events=0
trivariate_transport rows=2250;pivots=1434;events=0
trivariate_transport rows=4750;pivots=1716;events=0
trivariate_transport rows=5000;pivots=1966;events=1
trivariate_transport rows=5250;pivots=2215;events=1
trivariate_transport rows=5500;pivots=2465;events=2
trivariate_transport rows=5750;pivots=2715;events=2
trivariate_transport rows=6000;pivots=2965;events=2
trivariate_transport rows=6250;pivots=3215;events=2
trivariate_transport rows=6500;pivots=3465;events=2
transport_rank=3470/3602
transport_event_count=2
transport_matrix_beta_independent=true
transport_rhs_beta_affine_exact=true
transport_free_count=132
transport_x_and_pole_sections_exact=true
first_rank=36/132
first_dependent_count=1
first_all_pivots_beta_independent=true
first_pivot_digest=60bc085e3bab97035afd1e628eec029014efd019f4c4a9a7732ebb3f427d2569
first_original_row_replay=true
first_incompatibility[0]_row_index=13
first_incompatibility[0]_key=('X-2', 14)
first_incompatibility[0]_degree=0
first_incompatibility[0]_residual_sha256=b302c4764091027f86d1129a66df5fbc5a39ee92c6e6e76dd880234bb5bb378a
first_incompatibility[0]_source_row_count=1
first_incompatibility[0]_source_certificate_sha256=a0fe6235ea9d67a4f84002eb9bdd907888417ecb09a50c885b74e1a5d5b4e8fd
first_incompatibility[0]_bezout_sha256=97590051a0642f894f0851efb67437d80e8be45f720877ae9305696dd2bbd111
first_compatibility_gcd_degree=0
first_compatibility_gcd_sha256=597c6860e914abbb80705004c4465829d8c400df0ae2b76bf08f23ff8b1610f0
first_compatibility_bezout_sha256=e532f65dbec7e19e7ef41e53d4d764ffbe66b3d42b02633aaa039a03016d20cd
first_compatibility_certificate_denominator=(1)
first_compatibility_certificate_denominator_factor=(1, [])
first_compatibility_original_row_replay=true
first_generic_raw_stratum_empty=true
first_beta_root_stratum_required=false
full_A3_beta_family_killed=false
whole_TD6_killed=false
SP2_killed=false
JC2_resolved=false
TD6-A3-Q2-N13-RAW-FIRST PASS
