	Command being timed: "timeout 3600 python3 cases/max12_812_order2_p0_total_rees_allrows_g13_g14_export_v20_20260827/export_allrows_g13_g14_v20.py /home/ubuntu/jobs/max12_812_order2_p0_total_rees_allrows_g13_g14_export_v20_20260827T024311Z_p65521/source/cases/max12_812_order2_p0_total_rees_allrows_g13_g14_export_v20_20260827/aws_p65521/compiled --characteristic 65521"
	User time (seconds): 33.24
	System time (seconds): 0.02
	Percent of CPU this job got: 100%
	Elapsed (wall clock) time (h:mm:ss or m:ss): 0:33.26
	Average shared text size (kbytes): 0
	Average unshared data size (kbytes): 0
	Average stack size (kbytes): 0
	Average total size (kbytes): 0
	Maximum resident set size (kbytes): 35244
	Average resident set size (kbytes): 0
	Major (requiring I/O) page faults: 0
	Minor (reclaiming a frame) page faults: 9451
	Voluntary context switches: 3
	Involuntary context switches: 49
	Swaps: 0
	File system inputs: 0
	File system outputs: 384
	Socket messages sent: 0
	Socket messages received: 0
	Signals delivered: 0
	Page size (bytes): 4096
	Exit status: 0
