	Command being timed: "timeout 7200 python3 cases/max12_812_order2_p0_total_rees_t_cs_row5_g14_export_v17_20260826/export_row5_g14_v17.py /home/ubuntu/jobs/max12_812_order2_p0_total_rees_t_cs_row5_g14_export_v17_20260826T214230Z_q/source/cases/max12_812_order2_p0_total_rees_t_cs_row5_g14_export_v17_20260826/aws_q/compiled --characteristic 0"
	User time (seconds): 5.04
	System time (seconds): 0.01
	Percent of CPU this job got: 99%
	Elapsed (wall clock) time (h:mm:ss or m:ss): 0:05.05
	Average shared text size (kbytes): 0
	Average unshared data size (kbytes): 0
	Average stack size (kbytes): 0
	Average total size (kbytes): 0
	Maximum resident set size (kbytes): 28900
	Average resident set size (kbytes): 0
	Major (requiring I/O) page faults: 0
	Minor (reclaiming a frame) page faults: 5486
	Voluntary context switches: 3
	Involuntary context switches: 5
	Swaps: 0
	File system inputs: 0
	File system outputs: 104
	Socket messages sent: 0
	Socket messages received: 0
	Signals delivered: 0
	Page size (bytes): 4096
	Exit status: 0
