[delta2 stage0] remaining=1066 residual=0
[delta2 stage0] k2=46, localcap=4, Jcap=1; emitting small-block local rows
[delta2 stage0] factored Jacobian, 11 new scalar slots
[delta2 stage0] QQ*=41, residual=0; Singular exact Q
[delta2 stage0] dimension=1025; point=FOUND_EXACT_Q; 4.86s
[delta2 stage1] remaining=1025 residual=0
[delta2 stage1] k2=54, localcap=5, Jcap=1; emitting small-block local rows
[delta2 stage1] factored Jacobian, 135 new scalar slots
[delta2 stage1] QQ*=88, residual=0; Singular exact Q
[delta2 stage1] dimension=978; point=FOUND_EXACT_Q; 5.92s
[delta2 stage2] remaining=978 residual=0
[delta2 stage2] k2=62, localcap=6, Jcap=2; emitting small-block local rows
[delta2 stage2] factored Jacobian, 162 new scalar slots
[delta2 stage2] QQ*=130, residual=0; Singular exact Q
[delta2 stage2] dimension=936; point=FOUND_EXACT_Q; 6.17s
[delta2 stage3] remaining=936 residual=0
[delta2 stage3] k2=70, localcap=7, Jcap=3; emitting small-block local rows
[delta2 stage3] factored Jacobian, 161 new scalar slots
[delta2 stage3] QQ*=164, residual=0; Singular exact Q
[delta2 stage3] dimension=902; point=FOUND_EXACT_Q; 6.18s
[delta2 stage4] remaining=902 residual=0
[delta2 stage4] k2=78, localcap=8, Jcap=4; emitting small-block local rows
[delta2 stage4] factored Jacobian, 160 new scalar slots
[delta2 stage4] QQ*=191, residual=0; Singular exact Q
[delta2 stage4] dimension=875; point=FOUND_EXACT_Q; 5.91s
[delta2 stage5] remaining=875 residual=0
[delta2 stage5] k2=85, localcap=9, Jcap=5; emitting small-block local rows
[delta2 stage5] factored Jacobian, 159 new scalar slots
[delta2 stage5] QQ*=210, residual=0; Singular exact Q
[delta2 stage5] dimension=856; point=FOUND_EXACT_Q; 6.50s
[delta2 stage6] remaining=856 residual=0
[delta2 stage6] k2=92, localcap=10, Jcap=6; emitting small-block local rows
[delta2 stage6] factored Jacobian, 158 new scalar slots
[delta2 stage6] QQ*=224, residual=0; Singular exact Q
[delta2 stage6] dimension=842; point=FOUND_EXACT_Q; 7.33s
[delta2 stage7] remaining=842 residual=0
[delta2 stage7] k2=99, localcap=11, Jcap=7; emitting small-block local rows
[delta2 stage7] factored Jacobian, 157 new scalar slots
[delta2 stage7] QQ*=235, residual=0; Singular exact Q
[delta2 stage7] dimension=831; point=FOUND_EXACT_Q; 8.63s
[delta2 stage8] remaining=831 residual=0
[delta2 stage8] k2=106, localcap=12, Jcap=8; emitting small-block local rows
[delta2 stage8] factored Jacobian, 156 new scalar slots
[delta2 stage8] QQ*=242, residual=0; Singular exact Q
[delta2 stage8] dimension=824; point=FOUND_EXACT_Q; 9.39s
[delta2 deep9] remaining=824 residual=0
[delta2 deep9] k2=112, localcap=13, Jcap=9; emitting small-block local rows
[delta2 deep9] factored Jacobian, 336 new scalar slots
[delta2 deep9] QQ*=263, residual=0; Singular exact Q
[delta2 deep9] dimension=803; point=FOUND_EXACT_Q; 15.69s
[delta2 deep10] remaining=803 residual=0
[delta2 deep10] k2=118, localcap=14, Jcap=10; emitting small-block local rows
[delta2 deep10] factored Jacobian, 154 new scalar slots
[delta2 deep10] QQ*=272, residual=0; Singular exact Q
[delta2 deep10] dimension=794; point=FOUND_EXACT_Q; 17.67s
[delta2 deep11] remaining=794 residual=0
[delta2 deep11] k2=124, localcap=15, Jcap=11; emitting small-block local rows
[delta2 deep11] factored Jacobian, 153 new scalar slots
[delta2 deep11] QQ*=280, residual=0; Singular exact Q
[delta2 deep11] dimension=786; point=FOUND_EXACT_Q; 21.62s
[delta2 deep12] remaining=786 residual=0
[delta2 deep12] k2=130, localcap=16, Jcap=12; emitting small-block local rows
[delta2 deep12] factored Jacobian, 152 new scalar slots
[delta2 deep12] QQ*=288, residual=0; Singular exact Q
[delta2 deep12] dimension=778; point=FOUND_EXACT_Q; 28.31s
[delta2 deep13] remaining=778 residual=0
[delta2 deep13] k2=135, localcap=17, Jcap=13; emitting small-block local rows
[delta2 deep13] factored Jacobian, 151 new scalar slots
[delta2 deep13] QQ*=297, residual=0; Singular exact Q
[delta2 deep13] dimension=769; point=FOUND_EXACT_Q; 36.59s
[delta2 deep14] remaining=769 residual=0
[delta2 deep14] k2=140, localcap=18, Jcap=14; emitting small-block local rows
[delta2 deep14] factored Jacobian, 150 new scalar slots
[delta2 deep14] QQ*=303, residual=0; Singular exact Q
[delta2 deep14] dimension=763; point=FOUND_EXACT_Q; 48.09s
[delta2 deep15] remaining=763 residual=0
[delta2 deep15] k2=145, localcap=19, Jcap=15; emitting small-block local rows
[delta2 deep15] factored Jacobian, 149 new scalar slots
[delta2 deep15] QQ*=310, residual=0; Singular exact Q
[delta2 deep15] dimension=756; point=FOUND_EXACT_Q; 77.41s
[delta2 deep16] remaining=756 residual=0
[delta2 deep16] k2=150, localcap=20, Jcap=16; emitting small-block local rows
[delta2 deep16] factored Jacobian, 148 new scalar slots
[delta2 deep16] QQ*=316, residual=0; Singular exact Q
[delta2 deep16] dimension=750; point=FOUND_EXACT_Q; 58.01s
[delta2 deep17] remaining=750 residual=0
[delta2 deep17] k2=154, localcap=21, Jcap=17; emitting small-block local rows
[delta2 deep17] factored Jacobian, 147 new scalar slots
[delta2 deep17] QQ*=324, residual=0; Singular exact Q
[delta2 deep17] dimension=742; point=FOUND_EXACT_Q; 72.11s
[delta2 deep18] remaining=742 residual=0
[delta2 deep18] k2=158, localcap=22, Jcap=18; emitting small-block local rows
[delta2 deep18] factored Jacobian, 146 new scalar slots
[delta2 deep18] QQ*=332, residual=0; Singular exact Q
[delta2 deep18] dimension=734; point=FOUND_EXACT_Q; 85.43s
[delta2 deep19] remaining=734 residual=0
[delta2 deep19] k2=162, localcap=23, Jcap=19; emitting small-block local rows
[delta2 deep19] factored Jacobian, 145 new scalar slots
[delta2 deep19] QQ*=340, residual=0; Singular exact Q
[delta2 deep19] dimension=726; point=FOUND_EXACT_Q; 128.69s
[delta2 deep20] remaining=726 residual=0
[delta2 deep20] k2=166, localcap=24, Jcap=20; emitting small-block local rows
[delta2 deep20] factored Jacobian, 144 new scalar slots
[delta2 deep20] QQ*=348, residual=0; Singular exact Q
[delta2 deep20] dimension=718; point=FOUND_EXACT_Q; 150.15s
[delta2 deep21] remaining=718 residual=0
[delta2 deep21] k2=169, localcap=25, Jcap=21; emitting small-block local rows
[delta2 deep21] factored Jacobian, 143 new scalar slots
[delta2 deep21] QQ*=356, residual=0; Singular exact Q
[delta2 deep21] dimension=710; point=FOUND_EXACT_Q; 181.65s
[delta2 deep22] remaining=710 residual=0
[delta2 deep22] k2=172, localcap=26, Jcap=22; emitting small-block local rows
[delta2 deep22] factored Jacobian, 142 new scalar slots
[delta2 deep22] QQ*=363, residual=0; Singular exact Q
[delta2 deep22] dimension=703; point=FOUND_EXACT_Q; 224.30s
[delta2 deep23] remaining=703 residual=0
[delta2 deep23] k2=175, localcap=27, Jcap=23; emitting small-block local rows
[delta2 deep23] factored Jacobian, 141 new scalar slots
[delta2 deep23] QQ*=373, residual=0; Singular exact Q
[delta2 deep23] dimension=693; point=FOUND_EXACT_Q; 300.91s
[delta2 deep24] remaining=693 residual=0
[delta2 deep24] k2=178, localcap=28, Jcap=24; emitting small-block local rows
[delta2 deep24] factored Jacobian, 140 new scalar slots
[delta2 deep24] QQ*=379, residual=0; Singular exact Q
[delta2 deep24] dimension=687; point=FOUND_EXACT_Q; 321.41s
[delta2 deep25] remaining=687 residual=0
[delta2 deep25] k2=180, localcap=29, Jcap=25; emitting small-block local rows
[delta2 deep25] factored Jacobian, 139 new scalar slots
