{
  "aws_tag": "max12_912_order3_d1_double_root_exact_20260825T230403Z_r6d_lp",
  "centre": {
    "Delta": 0,
    "K0": "(z-1)^2*(z+2)=z^3-3*z+2",
    "c": 2,
    "p": -3
  },
  "charged_source_sha256": "67343b569db54f61f4a9e56e4262c0bf4fa781323a1287addbaf4fff93844623",
  "normal_coordinates": {
    "Q": "q2*z^2+q1*z+q0",
    "R": "r2*z^2+r1*z+r0",
    "coverage": "all six normal directions; no slice",
    "f": "K0^3+K0*Q+R"
  },
  "outputs": {
    "double_root_dp.sing": "62e418b01f3b904f03e218a719d6918434d4389d4b37b90f6b2d0770893f125c",
    "double_root_lp.sing": "9c621d39c4434078a3effde075f20d18eb06a1f17be87dfc142a13dfb81348c1"
  },
  "rows": {
    "1": {
      "degree": 3,
      "polynomial": "1*q2^2*q1-9*q2*r2-3*q2*r0-3*q1*r1-3*q0*r2",
      "sha256": "c8dea96449c86f15276fac86410eefe59ffc997ca515e8da5a96763f5c345101",
      "support": 5
    },
    "2": {
      "degree": 3,
      "polynomial": "4*q2^3+2*q2^2*q0+2*q2*q1^2+12*q2*r2-18*q2*r1-18*q1*r2-6*q1*r0-6*q0*r1-3*r2^2",
      "sha256": "c1ba2af3fc2a2471a165311ffdac63eac4aa40c02ea203e540fbdf81329965f2",
      "support": 9
    },
    "3": {
      "degree": 3,
      "polynomial": "4*q2^3-15*q2^2*q1-3*q2^2*r2-6*q2*q1*q0+54*q2*r2-18*q2*r1+18*q2*r0-1*q1^3-18*q1*r2+18*q1*r1+18*q0*r2+9*q0*r0+9*r2*r1",
      "sha256": "a8f0ebc4083cb07c6a8b0fc51f6bafcd5fc348bd98b4e52611986949f0c25d16",
      "support": 13
    },
    "4": {
      "degree": 4,
      "polynomial": "5*q2^4-180*q2^3+120*q2^2*q1-144*q2^2*q0-36*q2^2*r1-144*q2*q1^2-72*q2*q1*r2-36*q2*q0^2-648*q2*r2+324*q2*r1-144*q2*r0-36*q1^2*q0+324*q1*r2-144*q1*r1+108*q1*r0-144*q0*r2+108*q0*r1+216*r2^2+108*r2*r0+54*r1^2",
      "sha256": "9f2cdedb031a7ced6bfe93be347bc1ae844668d5e720968af5613fc57e691b6d",
      "support": 20
    },
    "5": {
      "degree": 4,
      "polynomial": "4*q2^3*q1+48*q2^3-90*q2^2*q1+24*q2^2*q0-45*q2^2*r2-6*q2^2*r0+24*q2*q1^2-54*q2*q1*q0-15*q2*q1*r1-15*q2*q0*r2+117*q2*r2-54*q2*r1+27*q2*r0-9*q1^3-9*q1^2*r2-9*q1*q0^2-54*q1*r2+27*q1*r1-18*q1*r0+27*q0*r2-18*q0*r1-36*r2^2+81*r2*r1+27*r1*r0",
      "sha256": "da6e5351919d36fca84b535ca05e53b640f234be5c7934cf639bd364ad575aec",
      "support": 24
    },
    "6": {
      "degree": 4,
      "polynomial": "4*q2^4+2*q2^3*q0-44*q2^3+3*q2^2*q1^2+60*q2^2*q1-36*q2^2*q0+16*q2^2*r2-18*q2^2*r1-36*q2*q1^2+24*q2*q1*q0-42*q2*q1*r2-6*q2*q1*r0-12*q2*q0^2-8*q2*q0*r1-4*q2*r2^2+4*q1^3-12*q1^2*q0-4*q1^2*r1-10*q1*q0*r2-2*q0^3+54*r2^2-36*r2*r1+36*r2*r0+18*r1^2+9*r0^2",
      "sha256": "6ed453ed58804f6af462fa7c70ad085137bb5f620280f60a1de917823919ea2e",
      "support": 25
    },
    "7": {
      "degree": 4,
      "polynomial": "8*q2^4-42*q2^3*q1-6*q2^3*r2-180*q2^3-18*q2^2*q1*q0+285*q2^2*q1-144*q2^2*q0+189*q2^2*r2-36*q2^2*r1+36*q2^2*r0-6*q2*q1^3-144*q2*q1^2+162*q2*q1*q0-90*q2*q1*r2+90*q2*q1*r1-36*q2*q0^2+117*q2*q0*r2+18*q2*q0*r0+27*q2*r2*r1+378*q2*r2-162*q2*r1+90*q2*r0+27*q1^3-36*q1^2*q0+54*q1^2*r2+9*q1^2*r0+27*q1*q0^2+27*q1*q0*r1+18*q1*r2^2-162*q1*r2+90*q1*r1-54*q1*r0+18*q0^2*r2+90*q0*r2-54*q0*r1+216*r2^2-243*r2*r1+108*r2*r0+54*r1^2-81*r1*r0",
      "sha256": "1d9179dcd22f6841977f622a1d8bbf0cde980c6fe6667fc9ea43cf4830faff69",
      "support": 40
    },
    "8": {
      "degree": 5,
      "polynomial": "4*q2^5-252*q2^4+168*q2^3*q1-216*q2^3*q0-36*q2^3*r1+1332*q2^3-324*q2^2*q1^2-108*q2^2*q1*r2-2160*q2^2*q1-54*q2^2*q0^2+1152*q2^2*q0-1296*q2^2*r2+648*q2^2*r1-144*q2^2*r0-108*q2*q1^2*q0+1152*q2*q1^2-1296*q2*q1*q0+1620*q2*q1*r2-360*q2*q1*r1+324*q2*q1*r0+324*q2*q0^2-576*q2*q0*r2+432*q2*q0*r1+540*q2*r2^2+108*q2*r2*r0-5400*q2*r2+108*q2*r1^2+2268*q2*r1-1296*q2*r0-9*q1^4-216*q1^3+324*q1^2*q0-216*q1^2*r2+216*q1^2*r1-216*q1*q0^2+540*q1*q0*r2+108*q1*q0*r0+216*q1*r2*r1+2268*q1*r2-1296*q1*r1+756*q1*r0+108*q0^2*r1+108*q0*r2^2-1296*q0*r2+756*q0*r1-1728*r2^2+1944*r2*r1-972*r2*r0-486*r1^2+648*r1*r0",
      "sha256": "1335a34617976cc9c1de50ae21ff77349bd399432b99844b5fdbd0b5deee245a",
      "support": 50
    }
  }
}
PASS-D1-DOUBLE-ROOT-EXACT-COMPILER
payload_sha256=54cab09e77bb31f97cf508228bab0618cbc7f90d7d1b680888be22d35ac9550f
