	Command being timed: "timeout 3600 python3 compile_four_bands.py --stratum double --algorithm std --outdir /home/ubuntu/jobs/max12_912_order1_cubic_four_bands_v1_r6d_20260825T1840Z/out/double"
	User time (seconds): 0.17
	System time (seconds): 0.01
	Percent of CPU this job got: 98%
	Elapsed (wall clock) time (h:mm:ss or m:ss): 0:00.19
	Average shared text size (kbytes): 0
	Average unshared data size (kbytes): 0
	Average stack size (kbytes): 0
	Average total size (kbytes): 0
	Maximum resident set size (kbytes): 21512
	Average resident set size (kbytes): 0
	Major (requiring I/O) page faults: 0
	Minor (reclaiming a frame) page faults: 3126
	Voluntary context switches: 5
	Involuntary context switches: 1
	Swaps: 0
	File system inputs: 0
	File system outputs: 448
	Socket messages sent: 0
	Socket messages received: 0
	Signals delivered: 0
	Page size (bytes): 4096
	Exit status: 0
