producer=TD6-A3-Q2-SOURCE-ROW-SHARDS-V55-V56
shard_mode=previous
shard_index=5
shard_count=9
V48_failure_class=linear_packer_rejected_genuine_quadratic_source_rows
arbitrary_degree_original_rows_preserved=true
dependency_closed_fast_discriminator=true
full_unused_row_audit_deferred_to_V50=true
beta_parameter_name=beta
q_beta=t+beta*t^2+t^25
q_beta_prime=1+2*beta*t+25*t^24
source_center=(C,V,U)
scope=post_transport_132_variable_source_rows
transport_chart=D(U*H*B3)
multivariate_gcd_used_as_bezout=false
two_chart_glue_required_form=a*d1+b*d2=(U*H*B3)^N
parent_sha256=3cc0fc3bc4a55810c4d4320b53ff77a48341045c06f556cd6243119b8fe4c332
trivariate_transport rows=0;pivots=1;events=0
trivariate_transport rows=250;pivots=251;events=0
trivariate_transport rows=1500;pivots=684;events=0
trivariate_transport rows=1750;pivots=934;events=0
trivariate_transport rows=2000;pivots=1184;events=0
trivariate_transport rows=2250;pivots=1434;events=0
trivariate_transport rows=4750;pivots=1716;events=0
trivariate_transport rows=5000;pivots=1966;events=1
trivariate_transport rows=5250;pivots=2215;events=1
trivariate_transport rows=5500;pivots=2465;events=2
trivariate_transport rows=5750;pivots=2715;events=2
trivariate_transport rows=6000;pivots=2965;events=2
trivariate_transport rows=6250;pivots=3215;events=2
trivariate_transport rows=6500;pivots=3465;events=2
transport_rank=3470/3602
transport_event_count=2
transport_matrix_beta_independent=true
transport_rhs_beta_affine_exact=true
transport_x_and_pole_sections_exact=true
first_v50_rank=38/132
first_v50_dependent_count=0
first_v50_all_pivots_beta_independent=true
first_v50_pivot_digest=f6eeaf7a7e3692594dda059e33bcc8cc297636277f17bf1a4800f6d0f30f3920
first_v50_original_row_replay=true
first_v50_affine_parameterization_replay=true
previous_pole_v50_rank=38/94
previous_pole_v50_dependent_count=1
previous_pole_v50_all_pivots_beta_independent=true
previous_pole_v50_pivot_digest=f483ee2c29b51fafab9cca8617d30154b0ee40d78837d9c4432f6ef86c0d6dbc
previous_pole_v50_original_row_replay=true
previous_pole_v50_affine_parameterization_replay=true
current_v50_rank=25/56
current_v50_dependent_count=11
current_v50_all_pivots_beta_independent=true
current_v50_pivot_digest=95980bf0b86ff3193cf5d0f3e8226e0b1da3d0b44e496456054138b7f8b8f702
current_v50_original_row_replay=true
N13_equals_k_beta_over_25=true
N13_left_null_support=1
N13_left_null_sha256=7f1bc7b18f1830b0c02a400107daa986b973f1966738431b13f35b29b2b679d8
k_inverse_sha256=06d1910b9715c2333a4b14b8691bef49ce3e96e29ec5ae396098a66b2b3ff004
previous_raw_row_count_available=54
previous_raw_quadratic_row_count=36
quadratic_source_positive_control_key=('X-1', 0)
quadratic_source_positive_control_exact=true
dependency_selected_previous_rows_reduced_exactly=true
previous_shard_row[0]_index=5
previous_shard_row[0]_key=('X-1', 5)
previous_shard_row[0]_raw_sha256=9047b70c14e61d8d7ea7382d6bb68d1a603d6df35346283eb4c325732acc7c81
previous_shard_row[0]_relation_sha256=2668ad9b046eeded43fb0885a1adb97908ae4cd45869d688efe335f7962cc76d
previous_shard_row[1]_index=14
previous_shard_row[1]_key=('X-1', 14)
previous_shard_row[1]_raw_sha256=386e04ce47cb0a246556ecd8f34da381ba1c312e15060d793570b1e831c4fd3e
previous_shard_row[1]_relation_sha256=bf254224d843dfa888570cee0bddcfc1d9e5df1365d3329ed1d162230656978a
previous_shard_row[2]_index=23
previous_shard_row[2]_key=('X-1', 23)
previous_shard_row[2]_raw_sha256=f68cbc4255c93a0c3ec2f70e7959ad48b482b6646d5005fc9c4b44a72a771c5b
previous_shard_row[2]_relation_sha256=946ec0cced5c24499e0c7e8ced90ae3541458071e6828b6e82157bff6aaa2a55
previous_shard_row[3]_index=32
previous_shard_row[3]_key=('X-1', 32)
previous_shard_row[3]_raw_sha256=3f2eaf9c0ae65f6937d79d017d928e22f6901447c8ee001689f904413556c9a2
previous_shard_row[3]_relation_sha256=de5e4d154985d294f13af6432f59dde08b8644b5abc92f28ce8e1c6d3e966ebe
previous_shard_row[4]_index=41
previous_shard_row[4]_key=('P1', 1)
previous_shard_row[4]_raw_sha256=84315a814615731cc801bec5a1747c2ad15d6a4262aae78bbeb0847f694495b1
previous_shard_row[4]_relation_sha256=c24b61f14a27b729057088589ba717fbb5bcb1e678a7664f74c17ca8baff5892
previous_shard_row[5]_index=50
previous_shard_row[5]_key=('P1', 10)
previous_shard_row[5]_raw_sha256=84315a814615731cc801bec5a1747c2ad15d6a4262aae78bbeb0847f694495b1
previous_shard_row[5]_relation_sha256=c24b61f14a27b729057088589ba717fbb5bcb1e678a7664f74c17ca8baff5892
previous_total_original_row_count=54
previous_shard_selected_count=6
previous_shard_indices=[5, 14, 23, 32, 41, 50]
previous_shard_keys=[('X-1', 5), ('X-1', 14), ('X-1', 23), ('X-1', 32), ('P1', 1), ('P1', 10)]
previous_shard_indices_sha256=05e4d88ce61f13b1dccb9f198214113edbf26039719f8257372b0ad0ddd23401
previous_shard_rows_sha256=e0d041a5c403b17aba99a340709a198612827a658a8923e28a514194cfcc7fd4
previous_shard_relations_sha256=4ce00eb5aadc3f5cc0df1c4d6004b670d7a32a0d44f4a278040ff12e471a3de3
previous_shard_original_row_replay=true
shard_union_required_before_completeness=true
full_source_identity_replayed=false
full_A3_beta_family_killed=false
whole_TD6_killed=false
SP2_killed=false
JC2_resolved=false
TD6-A3-Q2-SOURCE-ROW-SHARD-V55 PASS
