Running as unit: run-r8497faf54afe4a4cbeb191d1b7308134.scope; invocation ID: a65daff247994f00875b8eb5e58bc96d
	Command being timed: "timeout 7200 /home/ubuntu/venvs/td6/bin/python jc2/cases/td6_c1_c2_c3_q2_source_row_shards_v55_v56_20260825/replay.py"
	User time (seconds): 1423.52
	System time (seconds): 0.49
	Percent of CPU this job got: 99%
	Elapsed (wall clock) time (h:mm:ss or m:ss): 23:44.02
	Average shared text size (kbytes): 0
	Average unshared data size (kbytes): 0
	Average stack size (kbytes): 0
	Average total size (kbytes): 0
	Maximum resident set size (kbytes): 526520
	Average resident set size (kbytes): 0
	Major (requiring I/O) page faults: 0
	Minor (reclaiming a frame) page faults: 221174
	Voluntary context switches: 3
	Involuntary context switches: 1309
	Swaps: 0
	File system inputs: 0
	File system outputs: 1208
	Socket messages sent: 0
	Socket messages received: 0
	Signals delivered: 0
	Page size (bytes): 4096
	Exit status: 0
