	Command being timed: "timeout 300 bash -lc /home/ubuntu/jobs/as_fullfibre_qfbv_20260825T0602Z_v2/z3_4_16/bin/z3 -smt2 obstruction.smt2"
	User time (seconds): 0.01
	System time (seconds): 0.01
	Percent of CPU this job got: 104%
	Elapsed (wall clock) time (h:mm:ss or m:ss): 0:00.02
	Average shared text size (kbytes): 0
	Average unshared data size (kbytes): 0
	Average stack size (kbytes): 0
	Average total size (kbytes): 0
	Maximum resident set size (kbytes): 37044
	Average resident set size (kbytes): 0
	Major (requiring I/O) page faults: 0
	Minor (reclaiming a frame) page faults: 7966
	Voluntary context switches: 17
	Involuntary context switches: 0
	Swaps: 0
	File system inputs: 0
	File system outputs: 8
	Socket messages sent: 0
	Socket messages received: 0
	Signals delivered: 0
	Page size (bytes): 4096
	Exit status: 0
