
Legend for f4 information
--------------------------------------------------------
deg       current degree of pairs selected in this round
sel       number of pairs selected in this round
pairs     total number of pairs in pair list
mat       matrix dimensions (# rows x # columns)
density   density of the matrix
new data  # new elements for basis in this round
          # zero reductions during linear algebra
time(rd)  time of the current f4 round in seconds given
          for real and cpu time
--------------------------------------------------------

deg     sel   pairs        mat          density            new data         time(rd) in sec (real|cpu)
------------------------------------------------------------------------------------------------------
  2       1       1       2 x 3          66.67%        1 new       0 zero         0.00 | 0.00         
------------------------------------------------------------------------------------------------------
reduce final basis        4 x 8          28.12%        4 new       0 zero         0.00 | 0.00         
------------------------------------------------------------------------------------------------------

---------------- TIMINGS ---------------
overall(elapsed)        0.00 sec
overall(cpu)            0.00 sec
select                  0.00 sec   1.9%
symbolic prep.          0.00 sec   0.6%
update                  0.00 sec  77.6%
convert                 0.00 sec   4.1%
linear algebra          0.00 sec   1.3%
reduce gb               0.00 sec   0.0%
-----------------------------------------

---------- COMPUTATIONAL DATA -----------
size of basis                     4
#terms in basis                   9
#pairs reduced                    1
#GM criterion                     9
#redundant elements               1
#rows reduced                     6
#zero reductions                  0
max. matrix data                  4 x 8 (28.125%)
max. symbolic hash table size  2^11
max. basis hash table size     2^16
-----------------------------------------

