delta52 inner minor solved in 3.82s
delta52 inner low-weight product: 25 slots, 5.06s
delta52 inner incidence reduced: 14 pivots, 7.68s
delta52 inner: 76 preincidence, 14 QQ* pivots, 0 residual, 8.41s
[delta52 deep0] remaining=1063 residual=0
[delta52 accelerated] composing C2 through local42
[delta52 accelerated] composing C3 through local63
[delta52 accelerated inner_strict local16] rows=1 QQ*=1 dim=1021 point=FOUND_EXACT_Q
[delta52 accelerated inner_strict local18] rows=1 QQ*=1 dim=1020 point=FOUND_EXACT_Q
[delta52 accelerated inner_strict local20] rows=1 QQ*=1 dim=1019 point=FOUND_EXACT_Q
[delta52 accelerated inner_strict local22] rows=1 QQ*=1 dim=1018 point=FOUND_EXACT_Q
[delta52 accelerated inner_strict local23] rows=1 QQ*=0 dim=1018 point=FOUND_EXACT_Q
[delta52 accelerated inner_strict local24] rows=1 QQ*=1 dim=1017 point=FOUND_EXACT_Q
[delta52 accelerated inner_strict local25] rows=1 QQ*=0 dim=1017 point=FOUND_EXACT_Q
[delta52 accelerated inner_strict local26] rows=1 QQ*=1 dim=1016 point=FOUND_EXACT_Q
[delta52 accelerated inner_strict local27] rows=1 QQ*=1 dim=1015 point=FOUND_EXACT_Q
[delta52 accelerated inner_strict local28] rows=1 QQ*=1 dim=1014 point=FOUND_EXACT_Q
[delta52 accelerated inner_strict local29] rows=1 QQ*=1 dim=1013 point=FOUND_EXACT_Q
[delta52 accelerated inner_strict local30] rows=2 QQ*=1 dim=1012 point=FOUND_EXACT_Q
[delta52 accelerated inner_strict local31] rows=1 QQ*=1 dim=1011 point=FOUND_EXACT_Q
[delta52 accelerated inner_strict local32] rows=2 QQ*=1 dim=1010 point=FOUND_EXACT_Q
[delta52 accelerated inner_strict local33] rows=1 QQ*=1 dim=1009 point=FOUND_EXACT_Q
[delta52 accelerated inner_strict local34] rows=2 QQ*=1 dim=1008 point=FOUND_EXACT_Q
[delta52 accelerated inner_strict local35] rows=1 QQ*=1 dim=1007 point=FOUND_EXACT_Q
[delta52 accelerated inner_strict local36] rows=2 QQ*=2 dim=1005 point=FOUND_EXACT_Q
[delta52 accelerated inner_strict local37] rows=2 QQ*=1 dim=1004 point=FOUND_EXACT_Q
[delta52 accelerated inner_strict local38] rows=3 QQ*=3 dim=1001 point=FOUND_EXACT_Q
[delta52 accelerated inner_strict local39] rows=2 QQ*=1 dim=1000 point=FOUND_EXACT_Q
[delta52 accelerated inner_strict local40] rows=3 QQ*=3 dim=997 point=FOUND_EXACT_Q
[delta52 accelerated inner_strict local41] rows=2 QQ*=1 dim=996 point=FOUND_EXACT_Q
[delta52 accelerated inner_strict local42] rows=1 QQ*=1 dim=995 point=FOUND_EXACT_Q
[delta52 accelerated inner_strict local44] rows=1 QQ*=1 dim=994 point=FOUND_EXACT_Q
[delta52 accelerated inner_strict local45] rows=1 QQ*=0 dim=994 point=FOUND_EXACT_Q
[delta52 accelerated inner_strict local46] rows=1 QQ*=1 dim=993 point=FOUND_EXACT_Q
[delta52 accelerated inner_strict local47] rows=1 QQ*=1 dim=992 point=FOUND_EXACT_Q
[delta52 accelerated inner_strict local48] rows=1 QQ*=1 dim=991 point=FOUND_EXACT_Q
[delta52 accelerated inner_strict local49] rows=1 QQ*=1 dim=990 point=FOUND_EXACT_Q
[delta52 accelerated inner_strict local50] rows=1 QQ*=1 dim=989 point=FOUND_EXACT_Q
[delta52 accelerated inner_strict local51] rows=1 QQ*=1 dim=988 point=FOUND_EXACT_Q
[delta52 accelerated inner_strict local52] rows=2 QQ*=1 dim=987 point=FOUND_EXACT_Q
[delta52 accelerated inner_strict local53] rows=1 QQ*=1 dim=986 point=FOUND_EXACT_Q
[delta52 accelerated inner_strict local54] rows=2 QQ*=1 dim=985 point=FOUND_EXACT_Q
[delta52 accelerated inner_strict local55] rows=1 QQ*=1 dim=984 point=FOUND_EXACT_Q
[delta52 accelerated inner_strict local56] rows=2 QQ*=1 dim=983 point=FOUND_EXACT_Q
[delta52 accelerated inner_strict local57] rows=1 QQ*=1 dim=982 point=FOUND_EXACT_Q
[delta52 accelerated inner_strict local58] rows=2 QQ*=2 dim=980 point=FOUND_EXACT_Q
[delta52 accelerated inner_strict local59] rows=2 QQ*=1 dim=979 point=FOUND_EXACT_Q
[delta52 accelerated inner_strict local60] rows=2 QQ*=2 dim=977 point=FOUND_EXACT_Q
[delta52 accelerated inner_strict local61] rows=2 QQ*=1 dim=976 point=FOUND_EXACT_Q
[delta52 accelerated inner_strict local62] rows=2 QQ*=2 dim=974 point=FOUND_EXACT_Q
[delta52 accelerated inner_target local63] rows=3 QQ*=3 dim=971 point=FOUND_EXACT_Q
[delta52 accelerated] composing A2 through local124
[delta52 accelerated] composing A3 through local187
[delta52 accelerated] composing B1 through local61
[delta52 accelerated] composing B2 through local124
[delta52 accelerated outer_strict local0] rows=1 QQ*=1 dim=970 point=FOUND_EXACT_Q
[delta52 accelerated outer_strict local2] rows=1 QQ*=1 dim=969 point=FOUND_EXACT_Q
[delta52 accelerated outer_strict local4] rows=1 QQ*=1 dim=968 point=FOUND_EXACT_Q
[delta52 accelerated outer_strict local6] rows=1 QQ*=1 dim=967 point=FOUND_EXACT_Q
[delta52 accelerated outer_strict local7] rows=1 QQ*=1 dim=966 point=FOUND_EXACT_Q
[delta52 accelerated outer_strict local8] rows=1 QQ*=1 dim=965 point=FOUND_EXACT_Q
[delta52 accelerated outer_strict local9] rows=1 QQ*=1 dim=964 point=FOUND_EXACT_Q
[delta52 accelerated outer_strict local10] rows=1 QQ*=1 dim=963 point=FOUND_EXACT_Q
[delta52 accelerated outer_strict local11] rows=1 QQ*=1 dim=962 point=FOUND_EXACT_Q
[delta52 accelerated outer_strict local12] rows=1 QQ*=1 dim=961 point=FOUND_EXACT_Q
[delta52 accelerated outer_strict local13] rows=1 QQ*=1 dim=960 point=FOUND_EXACT_Q
[delta52 accelerated outer_strict local14] rows=2 QQ*=2 dim=958 point=FOUND_EXACT_Q
[delta52 accelerated outer_strict local15] rows=1 QQ*=1 dim=957 point=FOUND_EXACT_Q
[delta52 accelerated outer_strict local16] rows=2 QQ*=2 dim=955 point=FOUND_EXACT_Q
[delta52 accelerated outer_strict local17] rows=1 QQ*=1 dim=954 point=FOUND_EXACT_Q
[delta52 accelerated outer_strict local18] rows=2 QQ*=2 dim=952 point=FOUND_EXACT_Q
[delta52 accelerated outer_strict local19] rows=1 QQ*=1 dim=951 point=FOUND_EXACT_Q
[delta52 accelerated outer_strict local20] rows=2 QQ*=2 dim=949 point=FOUND_EXACT_Q
[delta52 accelerated outer_strict local21] rows=2 QQ*=2 dim=947 point=FOUND_EXACT_Q
[delta52 accelerated outer_strict local22] rows=2 QQ*=2 dim=945 point=FOUND_EXACT_Q
[delta52 accelerated outer_strict local23] rows=2 QQ*=2 dim=943 point=FOUND_EXACT_Q
[delta52 accelerated outer_strict local24] rows=2 QQ*=2 dim=941 point=FOUND_EXACT_Q
[delta52 accelerated outer_strict local25] rows=2 QQ*=2 dim=939 point=FOUND_EXACT_Q
[delta52 accelerated outer_strict local26] rows=2 QQ*=2 dim=937 point=FOUND_EXACT_Q
[delta52 accelerated outer_strict local27] rows=2 QQ*=2 dim=935 point=FOUND_EXACT_Q
[delta52 accelerated outer_strict local28] rows=3 QQ*=3 dim=932 point=FOUND_EXACT_Q
[delta52 accelerated outer_strict local29] rows=2 QQ*=2 dim=930 point=FOUND_EXACT_Q
[delta52 accelerated outer_strict local30] rows=3 QQ*=3 dim=927 point=FOUND_EXACT_Q
[delta52 accelerated outer_strict local31] rows=2 QQ*=2 dim=925 point=FOUND_EXACT_Q
[delta52 accelerated outer_strict local32] rows=3 QQ*=3 dim=922 point=FOUND_EXACT_Q
[delta52 accelerated outer_strict local33] rows=2 QQ*=2 dim=920 point=FOUND_EXACT_Q
[delta52 accelerated outer_strict local34] rows=3 QQ*=3 dim=917 point=FOUND_EXACT_Q
[delta52 accelerated outer_strict local35] rows=3 QQ*=3 dim=914 point=FOUND_EXACT_Q
[delta52 accelerated outer_strict local36] rows=3 QQ*=3 dim=911 point=FOUND_EXACT_Q
[delta52 accelerated outer_strict local37] rows=3 QQ*=3 dim=908 point=FOUND_EXACT_Q
[delta52 accelerated outer_strict local38] rows=3 QQ*=3 dim=905 point=FOUND_EXACT_Q
[delta52 accelerated outer_strict local39] rows=3 QQ*=3 dim=902 point=FOUND_EXACT_Q
[delta52 accelerated outer_strict local40] rows=3 QQ*=3 dim=899 point=FOUND_EXACT_Q
[delta52 accelerated outer_strict local41] rows=3 QQ*=3 dim=896 point=FOUND_EXACT_Q
[delta52 accelerated outer_strict local42] rows=6 QQ*=6 dim=890 point=FOUND_EXACT_Q
[delta52 accelerated outer_strict local43] rows=3 QQ*=3 dim=887 point=FOUND_EXACT_Q
[delta52 accelerated outer_strict local44] rows=6 QQ*=6 dim=881 point=FOUND_EXACT_Q
[delta52 accelerated outer_strict local45] rows=3 QQ*=3 dim=878 point=FOUND_EXACT_Q
[delta52 accelerated outer_strict local46] rows=6 QQ*=6 dim=872 point=FOUND_EXACT_Q
[delta52 accelerated outer_strict local47] rows=3 QQ*=3 dim=869 point=FOUND_EXACT_Q
[delta52 accelerated outer_strict local48] rows=6 QQ*=6 dim=863 point=FOUND_EXACT_Q
[delta52 accelerated outer_strict local49] rows=6 QQ*=4 dim=859 point=FOUND_EXACT_Q
[delta52 accelerated outer_strict local50] rows=6 QQ*=6 dim=853 point=FOUND_EXACT_Q
[delta52 accelerated outer_strict local51] rows=6 QQ*=6 dim=847 point=FOUND_EXACT_Q
[delta52 accelerated outer_strict local52] rows=6 QQ*=6 dim=841 point=FOUND_EXACT_Q
[delta52 accelerated outer_strict local53] rows=6 QQ*=6 dim=835 point=FOUND_EXACT_Q
[delta52 accelerated outer_strict local54] rows=6 QQ*=6 dim=829 point=FOUND_EXACT_Q
[delta52 accelerated outer_strict local55] rows=6 QQ*=6 dim=823 point=FOUND_EXACT_Q
[delta52 accelerated outer_strict local56] rows=9 QQ*=7 dim=816 point=FOUND_EXACT_Q
[delta52 accelerated outer_strict local57] rows=6 QQ*=6 dim=810 point=FOUND_EXACT_Q
[delta52 accelerated outer_strict local58] rows=9 QQ*=7 dim=803 point=FOUND_EXACT_Q
[delta52 accelerated outer_strict local59] rows=6 QQ*=6 dim=797 point=FOUND_EXACT_Q
[delta52 accelerated outer_strict local60] rows=9 QQ*=7 dim=790 point=FOUND_EXACT_Q
[delta52 accelerated outer_strict local61] rows=2 QQ*=2 dim=788 point=FOUND_EXACT_Q
[delta52 accelerated outer_strict local62] rows=4 QQ*=4 dim=784 point=FOUND_EXACT_Q
[delta52 accelerated outer_strict local63] rows=4 QQ*=2 dim=782 point=FOUND_EXACT_Q
[delta52 accelerated outer_strict local64] rows=4 QQ*=4 dim=778 point=FOUND_EXACT_Q
[delta52 accelerated outer_strict local65] rows=4 QQ*=2 dim=776 point=FOUND_EXACT_Q
[delta52 accelerated outer_strict local66] rows=4 QQ*=4 dim=772 point=FOUND_EXACT_Q
[delta52 accelerated outer_strict local67] rows=4 QQ*=2 dim=770 point=FOUND_EXACT_Q
[delta52 accelerated outer_strict local68] rows=4 QQ*=4 dim=766 point=FOUND_EXACT_Q
[delta52 accelerated outer_strict local69] rows=4 QQ*=2 dim=764 point=FOUND_EXACT_Q
[delta52 accelerated outer_strict local70] rows=6 QQ*=4 dim=760 point=FOUND_EXACT_Q
[delta52 accelerated outer_strict local71] rows=4 QQ*=4 dim=756 point=FOUND_EXACT_Q
[delta52 accelerated outer_strict local72] rows=6 QQ*=4 dim=752 point=FOUND_EXACT_Q
[delta52 accelerated outer_strict local73] rows=4 QQ*=4 dim=748 point=FOUND_EXACT_Q
[delta52 accelerated outer_strict local74] rows=6 QQ*=4 dim=744 point=FOUND_EXACT_Q
[delta52 accelerated outer_strict local75] rows=4 QQ*=4 dim=740 point=FOUND_EXACT_Q
[delta52 accelerated outer_strict local76] rows=6 QQ*=4 dim=736 point=FOUND_EXACT_Q
[delta52 accelerated outer_strict local77] rows=6 QQ*=4 dim=732 point=FOUND_EXACT_Q
[delta52 accelerated outer_strict local78] rows=6 QQ*=4 dim=728 point=FOUND_EXACT_Q
[delta52 accelerated outer_strict local79] rows=6 QQ*=4 dim=724 point=FOUND_EXACT_Q
[delta52 accelerated outer_strict local80] rows=6 QQ*=6 dim=718 point=FOUND_EXACT_Q
[delta52 accelerated outer_strict local81] rows=6 QQ*=4 dim=714 point=FOUND_EXACT_Q
[delta52 accelerated outer_strict local82] rows=6 QQ*=6 dim=708 point=FOUND_EXACT_Q
[delta52 accelerated outer_strict local83] rows=6 QQ*=4 dim=704 point=FOUND_EXACT_Q
[delta52 accelerated outer_strict local84] rows=8 QQ*=6 dim=698 point=FOUND_EXACT_Q
[delta52 accelerated outer_strict local85] rows=6 QQ*=4 dim=694 point=FOUND_EXACT_Q
[delta52 accelerated outer_strict local86] rows=8 QQ*=6 dim=688 point=FOUND_EXACT_Q
[delta52 accelerated outer_strict local87] rows=6 QQ*=4 dim=684 point=FOUND_EXACT_Q
[delta52 accelerated outer_strict local88] rows=8 QQ*=6 dim=678 point=FOUND_EXACT_Q
[delta52 accelerated outer_strict local89] rows=6 QQ*=4 dim=674 point=FOUND_EXACT_Q
[delta52 accelerated outer_strict local90] rows=8 QQ*=6 dim=668 point=FOUND_EXACT_Q
[delta52 accelerated outer_strict local91] rows=8 QQ*=6 dim=662 point=FOUND_EXACT_Q
[delta52 accelerated outer_strict local92] rows=8 QQ*=6 dim=656 point=FOUND_EXACT_Q
[delta52 accelerated outer_strict local93] rows=8 QQ*=6 dim=650 point=FOUND_EXACT_Q
[delta52 accelerated outer_strict local94] rows=8 QQ*=6 dim=644 point=FOUND_EXACT_Q
[delta52 accelerated outer_strict local95] rows=8 QQ*=6 dim=638 point=FOUND_EXACT_Q
[delta52 accelerated outer_strict local96] rows=8 QQ*=6 dim=632 point=FOUND_EXACT_Q
[delta52 accelerated outer_strict local97] rows=8 QQ*=6 dim=626 point=FOUND_EXACT_Q
[delta52 accelerated outer_strict local98] rows=10 QQ*=6 dim=620 point=FOUND_EXACT_Q
[delta52 accelerated outer_strict local99] rows=8 QQ*=6 dim=614 point=FOUND_EXACT_Q
[delta52 accelerated outer_strict local100] rows=10 QQ*=8 dim=606 point=FOUND_EXACT_Q
[delta52 accelerated outer_strict local101] rows=8 QQ*=6 dim=600 point=FOUND_EXACT_Q
[delta52 accelerated outer_strict local102] rows=10 QQ*=8 dim=592 point=FOUND_EXACT_Q
[delta52 accelerated outer_strict local103] rows=8 QQ*=6 dim=586 point=FOUND_EXACT_Q
[delta52 accelerated outer_strict local104] rows=10 QQ*=8 dim=578 point=FOUND_EXACT_Q
[delta52 accelerated outer_strict local105] rows=10 QQ*=6 dim=572 point=FOUND_EXACT_Q
[delta52 accelerated outer_strict local106] rows=11 QQ*=9 dim=563 point=FOUND_EXACT_Q
[delta52 accelerated outer_strict local107] rows=10 QQ*=6 dim=557 point=FOUND_EXACT_Q
[delta52 accelerated outer_strict local108] rows=11 QQ*=9 dim=548 point=FOUND_EXACT_Q
[delta52 accelerated outer_strict local109] rows=10 QQ*=8 dim=540 point=FOUND_EXACT_Q
[delta52 accelerated outer_strict local110] rows=11 QQ*=9 dim=531 point=FOUND_EXACT_Q
[delta52 accelerated outer_strict local111] rows=10 QQ*=8 dim=523 point=FOUND_EXACT_Q
[delta52 accelerated outer_strict local112] rows=13 QQ*=9 dim=514 point=FOUND_EXACT_Q
[delta52 accelerated outer_strict local113] rows=11 QQ*=8 dim=506 point=FOUND_EXACT_Q
[delta52 accelerated outer_strict local114] rows=13 QQ*=9 dim=497 point=FOUND_EXACT_Q
[delta52 accelerated outer_strict local115] rows=11 QQ*=9 dim=488 point=FOUND_EXACT_Q
[delta52 accelerated outer_strict local116] rows=13 QQ*=9 dim=479 point=FOUND_EXACT_Q
[delta52 accelerated outer_strict local117] rows=11 QQ*=9 dim=470 point=FOUND_EXACT_Q
[delta52 accelerated outer_strict local118] rows=13 QQ*=9 dim=461 point=FOUND_EXACT_Q
[delta52 accelerated outer_strict local119] rows=13 QQ*=9 dim=452 point=FOUND_EXACT_Q
[delta52 accelerated outer_strict local120] rows=14 QQ*=11 dim=441 point=FOUND_EXACT_Q
[delta52 accelerated outer_strict local121] rows=13 QQ*=9 dim=432 point=FOUND_EXACT_Q
[delta52 accelerated outer_strict local122] rows=14 QQ*=11 dim=421 point=FOUND_EXACT_Q
[delta52 accelerated outer_strict local123] rows=13 QQ*=9 dim=412 point=FOUND_EXACT_Q
[delta52 accelerated outer_strict local124] rows=2 QQ*=1 dim=411 point=FOUND_EXACT_Q
[delta52 accelerated outer_strict local125] rows=1 QQ*=1 dim=410 point=FOUND_EXACT_Q
[delta52 accelerated outer_strict local126] rows=2 QQ*=2 dim=408 point=FOUND_EXACT_Q
[delta52 accelerated outer_strict local127] rows=2 QQ*=1 dim=407 point=FOUND_EXACT_Q
[delta52 accelerated outer_strict local128] rows=2 QQ*=2 dim=405 point=FOUND_EXACT_Q
[delta52 accelerated outer_strict local129] rows=2 QQ*=1 dim=404 point=FOUND_EXACT_Q
[delta52 accelerated outer_strict local130] rows=2 QQ*=2 dim=402 point=FOUND_EXACT_Q
[delta52 accelerated outer_strict local131] rows=2 QQ*=1 dim=401 point=FOUND_EXACT_Q
[delta52 accelerated outer_strict local132] rows=2 QQ*=2 dim=399 point=FOUND_EXACT_Q
[delta52 accelerated outer_strict local133] rows=2 QQ*=1 dim=398 point=FOUND_EXACT_Q
[delta52 accelerated outer_strict local134] rows=3 QQ*=2 dim=396 point=FOUND_EXACT_Q
[delta52 accelerated outer_strict local135] rows=2 QQ*=2 dim=394 point=FOUND_EXACT_Q
[delta52 accelerated outer_strict local136] rows=3 QQ*=2 dim=392 point=FOUND_EXACT_Q
[delta52 accelerated outer_strict local137] rows=2 QQ*=2 dim=390 point=FOUND_EXACT_Q
[delta52 accelerated outer_strict local138] rows=3 QQ*=2 dim=388 point=FOUND_EXACT_Q
[delta52 accelerated outer_strict local139] rows=2 QQ*=2 dim=386 point=FOUND_EXACT_Q
[delta52 accelerated outer_strict local140] rows=3 QQ*=2 dim=384 point=FOUND_EXACT_Q
[delta52 accelerated outer_strict local141] rows=3 QQ*=2 dim=382 point=FOUND_EXACT_Q
[delta52 accelerated outer_strict local142] rows=3 QQ*=2 dim=380 point=FOUND_EXACT_Q
[delta52 accelerated outer_strict local143] rows=3 QQ*=2 dim=378 point=FOUND_EXACT_Q
[delta52 accelerated outer_strict local144] rows=3 QQ*=3 dim=375 point=FOUND_EXACT_Q
[delta52 accelerated outer_strict local145] rows=3 QQ*=2 dim=373 point=FOUND_EXACT_Q
[delta52 accelerated outer_strict local146] rows=3 QQ*=3 dim=370 point=FOUND_EXACT_Q
[delta52 accelerated outer_strict local147] rows=3 QQ*=2 dim=368 point=FOUND_EXACT_Q
[delta52 accelerated outer_strict local148] rows=4 QQ*=3 dim=365 point=FOUND_EXACT_Q
[delta52 accelerated outer_strict local149] rows=3 QQ*=2 dim=363 point=FOUND_EXACT_Q
[delta52 accelerated outer_strict local150] rows=4 QQ*=3 dim=360 point=FOUND_EXACT_Q
[delta52 accelerated outer_strict local151] rows=3 QQ*=2 dim=358 point=FOUND_EXACT_Q
[delta52 accelerated outer_strict local152] rows=4 QQ*=3 dim=355 point=FOUND_EXACT_Q
[delta52 accelerated outer_strict local153] rows=3 QQ*=2 dim=353 point=FOUND_EXACT_Q
[delta52 accelerated outer_strict local154] rows=4 QQ*=3 dim=350 point=FOUND_EXACT_Q
[delta52 accelerated outer_strict local155] rows=4 QQ*=3 dim=347 point=FOUND_EXACT_Q
[delta52 accelerated outer_strict local156] rows=4 QQ*=3 dim=344 point=FOUND_EXACT_Q
[delta52 accelerated outer_strict local157] rows=4 QQ*=3 dim=341 point=FOUND_EXACT_Q
[delta52 accelerated outer_strict local158] rows=4 QQ*=3 dim=338 point=FOUND_EXACT_Q
[delta52 accelerated outer_strict local159] rows=4 QQ*=3 dim=335 point=FOUND_EXACT_Q
[delta52 accelerated outer_strict local160] rows=4 QQ*=3 dim=332 point=FOUND_EXACT_Q
[delta52 accelerated outer_strict local161] rows=4 QQ*=3 dim=329 point=FOUND_EXACT_Q
[delta52 accelerated outer_strict local162] rows=5 QQ*=3 dim=326 point=FOUND_EXACT_Q
[delta52 accelerated outer_strict local163] rows=4 QQ*=3 dim=323 point=FOUND_EXACT_Q
[delta52 accelerated outer_strict local164] rows=5 QQ*=4 dim=319 point=FOUND_EXACT_Q
[delta52 accelerated outer_strict local165] rows=4 QQ*=3 dim=316 point=FOUND_EXACT_Q
[delta52 accelerated outer_strict local166] rows=5 QQ*=4 dim=312 point=FOUND_EXACT_Q
[delta52 accelerated outer_strict local167] rows=4 QQ*=3 dim=309 point=FOUND_EXACT_Q
[delta52 accelerated outer_strict local168] rows=5 QQ*=4 dim=305 point=FOUND_EXACT_Q
[delta52 accelerated outer_strict local169] rows=5 QQ*=3 dim=302 point=FOUND_EXACT_Q
[delta52 accelerated outer_strict local170] rows=5 QQ*=4 dim=298 point=FOUND_EXACT_Q
[delta52 accelerated outer_strict local171] rows=5 QQ*=3 dim=295 point=FOUND_EXACT_Q
[delta52 accelerated outer_strict local172] rows=5 QQ*=4 dim=291 point=FOUND_EXACT_Q
[delta52 accelerated outer_strict local173] rows=5 QQ*=4 dim=287 point=FOUND_EXACT_Q
[delta52 accelerated outer_strict local174] rows=5 QQ*=4 dim=283 point=FOUND_EXACT_Q
[delta52 accelerated outer_strict local175] rows=5 QQ*=4 dim=279 point=FOUND_EXACT_Q
[delta52 accelerated outer_strict local176] rows=6 QQ*=4 dim=275 point=FOUND_EXACT_Q
[delta52 accelerated outer_strict local177] rows=5 QQ*=4 dim=271 point=FOUND_EXACT_Q
[delta52 accelerated outer_strict local178] rows=6 QQ*=4 dim=267 point=FOUND_EXACT_Q
[delta52 accelerated outer_strict local179] rows=5 QQ*=4 dim=263 point=FOUND_EXACT_Q
[delta52 accelerated outer_strict local180] rows=6 QQ*=4 dim=259 point=FOUND_EXACT_Q
[delta52 accelerated outer_strict local181] rows=5 QQ*=4 dim=255 point=FOUND_EXACT_Q
[delta52 accelerated outer_strict local182] rows=6 QQ*=4 dim=251 point=FOUND_EXACT_Q
[delta52 accelerated outer_strict local183] rows=6 QQ*=4 dim=247 point=FOUND_EXACT_Q
[delta52 accelerated outer_strict local184] rows=6 QQ*=5 dim=242 point=FOUND_EXACT_Q
[delta52 accelerated outer_strict local185] rows=6 QQ*=4 dim=238 point=FOUND_EXACT_Q
[delta52 accelerated outer_strict local186] rows=6 QQ*=5 dim=233 point=FOUND_EXACT_Q
[delta52 accelerated FG_targets local189] rows=18 QQ*=18 dim=215 point=FOUND_EXACT_Q
