delta52 inner minor solved in 2.06s
delta52 inner low-weight product: 25 slots, 2.67s
delta52 inner incidence reduced: 14 pivots, 4.05s
delta52 inner: 76 preincidence, 14 QQ* pivots, 0 residual, 4.45s
[delta52 deep0] remaining=1064 residual=0
[delta52 accelerated] composing C2 through local42
[delta52 accelerated] composing C3 through local63
[delta52 accelerated inner_strict local16] rows=1 QQ*=1 dim=1022 point=FOUND_EXACT_Q
[delta52 accelerated inner_strict local18] rows=1 QQ*=1 dim=1021 point=FOUND_EXACT_Q
[delta52 accelerated inner_strict local20] rows=1 QQ*=1 dim=1020 point=FOUND_EXACT_Q
[delta52 accelerated inner_strict local22] rows=1 QQ*=1 dim=1019 point=FOUND_EXACT_Q
[delta52 accelerated inner_strict local23] rows=1 QQ*=0 dim=1019 point=FOUND_EXACT_Q
[delta52 accelerated inner_strict local24] rows=1 QQ*=1 dim=1018 point=FOUND_EXACT_Q
[delta52 accelerated inner_strict local25] rows=1 QQ*=0 dim=1018 point=FOUND_EXACT_Q
[delta52 accelerated inner_strict local26] rows=1 QQ*=1 dim=1017 point=FOUND_EXACT_Q
[delta52 accelerated inner_strict local27] rows=1 QQ*=1 dim=1016 point=FOUND_EXACT_Q
[delta52 accelerated inner_strict local28] rows=1 QQ*=1 dim=1015 point=FOUND_EXACT_Q
[delta52 accelerated inner_strict local29] rows=1 QQ*=1 dim=1014 point=FOUND_EXACT_Q
[delta52 accelerated inner_strict local30] rows=2 QQ*=1 dim=1013 point=FOUND_EXACT_Q
[delta52 accelerated inner_strict local31] rows=1 QQ*=1 dim=1012 point=FOUND_EXACT_Q
[delta52 accelerated inner_strict local32] rows=2 QQ*=1 dim=1011 point=FOUND_EXACT_Q
[delta52 accelerated inner_strict local33] rows=1 QQ*=1 dim=1010 point=FOUND_EXACT_Q
[delta52 accelerated inner_strict local34] rows=2 QQ*=1 dim=1009 point=FOUND_EXACT_Q
[delta52 accelerated inner_strict local35] rows=1 QQ*=1 dim=1008 point=FOUND_EXACT_Q
[delta52 accelerated inner_strict local36] rows=2 QQ*=2 dim=1006 point=FOUND_EXACT_Q
[delta52 accelerated inner_strict local37] rows=2 QQ*=1 dim=1005 point=FOUND_EXACT_Q
[delta52 accelerated inner_strict local38] rows=3 QQ*=3 dim=1002 point=FOUND_EXACT_Q
[delta52 accelerated inner_strict local39] rows=2 QQ*=1 dim=1001 point=FOUND_EXACT_Q
[delta52 accelerated inner_strict local40] rows=3 QQ*=3 dim=998 point=FOUND_EXACT_Q
[delta52 accelerated inner_strict local41] rows=2 QQ*=1 dim=997 point=FOUND_EXACT_Q
[delta52 accelerated inner_strict local42] rows=1 QQ*=1 dim=996 point=FOUND_EXACT_Q
[delta52 accelerated inner_strict local44] rows=1 QQ*=1 dim=995 point=FOUND_EXACT_Q
[delta52 accelerated inner_strict local45] rows=1 QQ*=0 dim=995 point=FOUND_EXACT_Q
[delta52 accelerated inner_strict local46] rows=1 QQ*=1 dim=994 point=FOUND_EXACT_Q
[delta52 accelerated inner_strict local47] rows=1 QQ*=1 dim=993 point=FOUND_EXACT_Q
[delta52 accelerated inner_strict local48] rows=1 QQ*=1 dim=992 point=FOUND_EXACT_Q
[delta52 accelerated inner_strict local49] rows=1 QQ*=1 dim=991 point=FOUND_EXACT_Q
[delta52 accelerated inner_strict local50] rows=1 QQ*=1 dim=990 point=FOUND_EXACT_Q
[delta52 accelerated inner_strict local51] rows=1 QQ*=1 dim=989 point=FOUND_EXACT_Q
[delta52 accelerated inner_strict local52] rows=2 QQ*=1 dim=988 point=FOUND_EXACT_Q
[delta52 accelerated inner_strict local53] rows=1 QQ*=1 dim=987 point=FOUND_EXACT_Q
[delta52 accelerated inner_strict local54] rows=2 QQ*=1 dim=986 point=FOUND_EXACT_Q
[delta52 accelerated inner_strict local55] rows=1 QQ*=1 dim=985 point=FOUND_EXACT_Q
[delta52 accelerated inner_strict local56] rows=2 QQ*=1 dim=984 point=FOUND_EXACT_Q
[delta52 accelerated inner_strict local57] rows=1 QQ*=1 dim=983 point=FOUND_EXACT_Q
[delta52 accelerated inner_strict local58] rows=2 QQ*=2 dim=981 point=FOUND_EXACT_Q
[delta52 accelerated inner_strict local59] rows=2 QQ*=1 dim=980 point=FOUND_EXACT_Q
[delta52 accelerated inner_strict local60] rows=2 QQ*=2 dim=978 point=FOUND_EXACT_Q
[delta52 accelerated inner_strict local61] rows=2 QQ*=1 dim=977 point=FOUND_EXACT_Q
[delta52 accelerated inner_strict local62] rows=2 QQ*=2 dim=975 point=FOUND_EXACT_Q
[delta52 accelerated inner_target local63] rows=3 QQ*=3 dim=972 point=FOUND_EXACT_Q
[delta52 accelerated] composing A2 through local124
[delta52 accelerated] composing A3 through local187
[delta52 accelerated] composing B1 through local61
[delta52 accelerated] composing B2 through local124
[delta52 accelerated outer_strict local0] rows=1 QQ*=1 dim=971 point=FOUND_EXACT_Q
[delta52 accelerated outer_strict local2] rows=1 QQ*=1 dim=970 point=FOUND_EXACT_Q
[delta52 accelerated outer_strict local4] rows=1 QQ*=1 dim=969 point=FOUND_EXACT_Q
[delta52 accelerated outer_strict local6] rows=1 QQ*=1 dim=968 point=FOUND_EXACT_Q
[delta52 accelerated outer_strict local7] rows=1 QQ*=1 dim=967 point=FOUND_EXACT_Q
[delta52 accelerated outer_strict local8] rows=1 QQ*=1 dim=966 point=FOUND_EXACT_Q
[delta52 accelerated outer_strict local9] rows=1 QQ*=1 dim=965 point=FOUND_EXACT_Q
[delta52 accelerated outer_strict local10] rows=1 QQ*=1 dim=964 point=FOUND_EXACT_Q
[delta52 accelerated outer_strict local11] rows=1 QQ*=1 dim=963 point=FOUND_EXACT_Q
[delta52 accelerated outer_strict local12] rows=1 QQ*=1 dim=962 point=FOUND_EXACT_Q
[delta52 accelerated outer_strict local13] rows=1 QQ*=1 dim=961 point=FOUND_EXACT_Q
[delta52 accelerated outer_strict local14] rows=2 QQ*=2 dim=959 point=FOUND_EXACT_Q
[delta52 accelerated outer_strict local15] rows=1 QQ*=1 dim=958 point=FOUND_EXACT_Q
[delta52 accelerated outer_strict local16] rows=2 QQ*=2 dim=956 point=FOUND_EXACT_Q
[delta52 accelerated outer_strict local17] rows=1 QQ*=1 dim=955 point=FOUND_EXACT_Q
[delta52 accelerated outer_strict local18] rows=2 QQ*=2 dim=953 point=FOUND_EXACT_Q
[delta52 accelerated outer_strict local19] rows=1 QQ*=1 dim=952 point=FOUND_EXACT_Q
[delta52 accelerated outer_strict local20] rows=2 QQ*=2 dim=950 point=FOUND_EXACT_Q
[delta52 accelerated outer_strict local21] rows=2 QQ*=2 dim=948 point=FOUND_EXACT_Q
[delta52 accelerated outer_strict local22] rows=2 QQ*=2 dim=946 point=FOUND_EXACT_Q
[delta52 accelerated outer_strict local23] rows=2 QQ*=2 dim=944 point=FOUND_EXACT_Q
[delta52 accelerated outer_strict local24] rows=2 QQ*=2 dim=942 point=FOUND_EXACT_Q
[delta52 accelerated outer_strict local25] rows=2 QQ*=2 dim=940 point=FOUND_EXACT_Q
[delta52 accelerated outer_strict local26] rows=2 QQ*=2 dim=938 point=FOUND_EXACT_Q
[delta52 accelerated outer_strict local27] rows=2 QQ*=2 dim=936 point=FOUND_EXACT_Q
[delta52 accelerated outer_strict local28] rows=3 QQ*=3 dim=933 point=FOUND_EXACT_Q
[delta52 accelerated outer_strict local29] rows=2 QQ*=2 dim=931 point=FOUND_EXACT_Q
[delta52 accelerated outer_strict local30] rows=3 QQ*=3 dim=928 point=FOUND_EXACT_Q
[delta52 accelerated outer_strict local31] rows=2 QQ*=2 dim=926 point=FOUND_EXACT_Q
[delta52 accelerated outer_strict local32] rows=3 QQ*=3 dim=923 point=FOUND_EXACT_Q
[delta52 accelerated outer_strict local33] rows=2 QQ*=2 dim=921 point=FOUND_EXACT_Q
[delta52 accelerated outer_strict local34] rows=3 QQ*=3 dim=918 point=FOUND_EXACT_Q
[delta52 accelerated outer_strict local35] rows=3 QQ*=3 dim=915 point=FOUND_EXACT_Q
[delta52 accelerated outer_strict local36] rows=3 QQ*=3 dim=912 point=FOUND_EXACT_Q
[delta52 accelerated outer_strict local37] rows=3 QQ*=3 dim=909 point=FOUND_EXACT_Q
[delta52 accelerated outer_strict local38] rows=3 QQ*=3 dim=906 point=FOUND_EXACT_Q
[delta52 accelerated outer_strict local39] rows=3 QQ*=3 dim=903 point=FOUND_EXACT_Q
[delta52 accelerated outer_strict local40] rows=3 QQ*=3 dim=900 point=FOUND_EXACT_Q
[delta52 accelerated outer_strict local41] rows=3 QQ*=3 dim=897 point=FOUND_EXACT_Q
[delta52 accelerated outer_strict local42] rows=6 QQ*=6 dim=891 point=FOUND_EXACT_Q
[delta52 accelerated outer_strict local43] rows=3 QQ*=3 dim=888 point=FOUND_EXACT_Q
[delta52 accelerated outer_strict local44] rows=6 QQ*=6 dim=882 point=FOUND_EXACT_Q
[delta52 accelerated outer_strict local45] rows=3 QQ*=3 dim=879 point=FOUND_EXACT_Q
[delta52 accelerated outer_strict local46] rows=6 QQ*=6 dim=873 point=FOUND_EXACT_Q
[delta52 accelerated outer_strict local47] rows=3 QQ*=3 dim=870 point=FOUND_EXACT_Q
[delta52 accelerated outer_strict local48] rows=6 QQ*=6 dim=864 point=FOUND_EXACT_Q
[delta52 accelerated outer_strict local49] rows=6 QQ*=4 dim=860 point=FOUND_EXACT_Q
[delta52 accelerated outer_strict local50] rows=6 QQ*=6 dim=854 point=FOUND_EXACT_Q
[delta52 accelerated outer_strict local51] rows=6 QQ*=6 dim=848 point=FOUND_EXACT_Q
[delta52 accelerated outer_strict local52] rows=6 QQ*=6 dim=842 point=FOUND_EXACT_Q
[delta52 accelerated outer_strict local53] rows=6 QQ*=6 dim=836 point=FOUND_EXACT_Q
[delta52 accelerated outer_strict local54] rows=6 QQ*=6 dim=830 point=FOUND_EXACT_Q
[delta52 accelerated outer_strict local55] rows=6 QQ*=6 dim=824 point=FOUND_EXACT_Q
[delta52 accelerated outer_strict local56] rows=9 QQ*=7 dim=817 point=FOUND_EXACT_Q
[delta52 accelerated outer_strict local57] rows=6 QQ*=6 dim=811 point=FOUND_EXACT_Q
[delta52 accelerated outer_strict local58] rows=9 QQ*=7 dim=804 point=FOUND_EXACT_Q
[delta52 accelerated outer_strict local59] rows=6 QQ*=6 dim=798 point=FOUND_EXACT_Q
[delta52 accelerated outer_strict local60] rows=9 QQ*=7 dim=791 point=FOUND_EXACT_Q
[delta52 accelerated outer_strict local61] rows=2 QQ*=2 dim=789 point=FOUND_EXACT_Q
[delta52 accelerated outer_strict local62] rows=4 QQ*=4 dim=785 point=FOUND_EXACT_Q
[delta52 accelerated outer_strict local63] rows=4 QQ*=2 dim=783 point=FOUND_EXACT_Q
[delta52 accelerated outer_strict local64] rows=4 QQ*=4 dim=779 point=FOUND_EXACT_Q
[delta52 accelerated outer_strict local65] rows=4 QQ*=2 dim=777 point=FOUND_EXACT_Q
[delta52 accelerated outer_strict local66] rows=4 QQ*=4 dim=773 point=FOUND_EXACT_Q
[delta52 accelerated outer_strict local67] rows=4 QQ*=2 dim=771 point=FOUND_EXACT_Q
[delta52 accelerated outer_strict local68] rows=4 QQ*=4 dim=767 point=FOUND_EXACT_Q
[delta52 accelerated outer_strict local69] rows=4 QQ*=2 dim=765 point=FOUND_EXACT_Q
[delta52 accelerated outer_strict local70] rows=6 QQ*=4 dim=761 point=FOUND_EXACT_Q
[delta52 accelerated outer_strict local71] rows=4 QQ*=4 dim=757 point=FOUND_EXACT_Q
[delta52 accelerated outer_strict local72] rows=6 QQ*=4 dim=753 point=FOUND_EXACT_Q
[delta52 accelerated outer_strict local73] rows=4 QQ*=4 dim=749 point=FOUND_EXACT_Q
[delta52 accelerated outer_strict local74] rows=6 QQ*=4 dim=745 point=FOUND_EXACT_Q
[delta52 accelerated outer_strict local75] rows=4 QQ*=4 dim=741 point=FOUND_EXACT_Q
[delta52 accelerated outer_strict local76] rows=6 QQ*=4 dim=737 point=FOUND_EXACT_Q
[delta52 accelerated outer_strict local77] rows=6 QQ*=4 dim=733 point=FOUND_EXACT_Q
[delta52 accelerated outer_strict local78] rows=6 QQ*=4 dim=729 point=FOUND_EXACT_Q
[delta52 accelerated outer_strict local79] rows=6 QQ*=4 dim=725 point=FOUND_EXACT_Q
[delta52 accelerated outer_strict local80] rows=6 QQ*=6 dim=719 point=FOUND_EXACT_Q
[delta52 accelerated outer_strict local81] rows=6 QQ*=4 dim=715 point=FOUND_EXACT_Q
[delta52 accelerated outer_strict local82] rows=6 QQ*=6 dim=709 point=FOUND_EXACT_Q
[delta52 accelerated outer_strict local83] rows=6 QQ*=4 dim=705 point=FOUND_EXACT_Q
[delta52 accelerated outer_strict local84] rows=8 QQ*=6 dim=699 point=FOUND_EXACT_Q
Traceback (most recent call last):
  File "/usr/lib/python3/dist-packages/sympy/core/assumptions.py", line 499, in getit
    return self._assumptions[fact]
           ~~~~~~~~~~~~~~~~~^^^^^^
KeyError: 'zero'

During handling of the above exception, another exception occurred:

Traceback (most recent call last):
  File "<stdin>", line 8, in <module>
  File "/home/ubuntu/jc2/box/g9966-corrected-20260905/deep_driver.py", line 230, in run
    reduce_new(outer_D1_rows(baseouter,stage),f'{phase}{stage}_outer_D1')
                         ^^^^^^^^^^^^^^^^^^^^^^^^^^^^^^^^^^^^^^^^^^^^^^^^
  File "/home/ubuntu/jc2/box/g9966-corrected-20260905/deep_accelerated.py", line 158, in accelerate
    if not consume_groups(groups,'outer_strict'):
           ^^^^^^^^^^^^^^^^^^^^^^^^^^^^^^^^^^^^^
  File "/home/ubuntu/jc2/box/g9966-corrected-20260905/deep_accelerated.py", line 87, in consume_groups
    context['reduce_new'](rows,f'accelerated_{kind}_local{power}')
  File "/home/ubuntu/jc2/box/g9966-corrected-20260905/deep_driver.py", line 168, in reduce_new
    def reduce_new(rows,phase):
                        ^^^^^^^^
  File "/home/ubuntu/jc2/box/g9966-corrected-20260905/engine.py", line 39, in substitute_map
    image=sp.expand(current.xreplace(substitutions))
          ^^^^^^^^^^^^^^^^^^^^^^^^^^^^^^^^^^^^^^^^^^
  File "/usr/lib/python3/dist-packages/sympy/core/function.py", line 2816, in expand
    return sympify(e).expand(deep=deep, modulus=modulus, **hints)
           ^^^^^^^^^^^^^^^^^^^^^^^^^^^^^^^^^^^^^^^^^^^^^^^^^^^^^^
  File "/usr/lib/python3/dist-packages/sympy/core/cache.py", line 72, in wrapper
    retval = cfunc(*args, **kwargs)
             ^^^^^^^^^^^^^^^^^^^^^^
  File "/usr/lib/python3/dist-packages/sympy/core/expr.py", line 3682, in expand
    expr, hit = Expr._expand_hint(expr, hint, deep=deep, **hints)
                ^^^^^^^^^^^^^^^^^^^^^^^^^^^^^^^^^^^^^^^^^^^^^^^^^
  File "/usr/lib/python3/dist-packages/sympy/core/expr.py", line 3615, in _expand_hint
    arg, arghit = Expr._expand_hint(arg, hint, **hints)
                  ^^^^^^^^^^^^^^^^^^^^^^^^^^^^^^^^^^^^^
  File "/usr/lib/python3/dist-packages/sympy/core/expr.py", line 3623, in _expand_hint
    newexpr = getattr(expr, hint)(**hints)
              ^^^^^^^^^^^^^^^^^^^^^^^^^^^^
  File "/usr/lib/python3/dist-packages/sympy/core/mul.py", line 950, in _eval_expand_mul
    t = self.func(plain, term)
        ^^^^^^^^^^^^^^^^^^^^^^
  File "/usr/lib/python3/dist-packages/sympy/core/cache.py", line 72, in wrapper
    retval = cfunc(*args, **kwargs)
             ^^^^^^^^^^^^^^^^^^^^^^
  File "/usr/lib/python3/dist-packages/sympy/core/operations.py", line 98, in __new__
    c_part, nc_part, order_symbols = cls.flatten(args)
                                     ^^^^^^^^^^^^^^^^^
  File "/usr/lib/python3/dist-packages/sympy/core/mul.py", line 684, in flatten
    elif coeff.is_zero:
         ^^^^^^^^^^^^^
  File "/usr/lib/python3/dist-packages/sympy/core/assumptions.py", line 503, in getit
    return _ask(fact, self)
           ^^^^^^^^^^^^^^^^
  File "/usr/lib/python3/dist-packages/sympy/core/assumptions.py", line 575, in _ask
    fact_value = assumptions.get(fact)
                 ^^^^^^^^^^^^^^^^^^^^^
KeyboardInterrupt
