
D=108 no-split  (108,72) M=(-72,81,106) V=(7,7)   [17(fffff),(ssss)]
  n=108 m=72  d_s=9 v_s=7 u_s=2  ->  (24,16) ell=4
  Prop 6.3 hypothesis : delta*_(s-1) >= v_s/u_s = 7/2
  Prop 6.4            : N/A (u_s >= 2)
  deg p | u_s, deg p >= 2 => deg p in [2]; q distinct centres, 2 <= q <= 2
  N5 den(delta) <= u_s = 2;  Xu Prop 7.3 opens the window at 1
  RESIDUAL WINDOW (4): 3/2, 2, 5/2, 3

(99,66) case (A) M=(-66,77,97) V=(8,8)  S8         [17(bbbbbb)]
  n=99 m=66  d_s=11 v_s=8 u_s=3  ->  (27,18) ell=4
  Prop 6.3 hypothesis : delta*_(s-1) >= v_s/u_s = 8/3
  Prop 6.4            : N/A (u_s >= 2)
  deg p | u_s, deg p >= 2 => deg p in [3]; q distinct centres, 2 <= q <= 3
  N5 den(delta) <= u_s = 3;  Xu Prop 7.3 opens the window at 1
  RESIDUAL WINDOW (6): 4/3, 3/2, 5/3, 2, 7/3, 5/2

(99,66) sibling  M=(-66,22,97) V=(1,8)  S4
  n=99 m=66  d_s=11 v_s=8 u_s=3  ->  (27,18) ell=4
  Prop 6.3 hypothesis : delta*_(s-1) >= v_s/u_s = 8/3
  Prop 6.4            : N/A (u_s >= 2)
  deg p | u_s, deg p >= 2 => deg p in [3]; q distinct centres, 2 <= q <= 3
  N5 den(delta) <= u_s = 3;  Xu Prop 7.3 opens the window at 1
  RESIDUAL WINDOW (6): 4/3, 3/2, 5/3, 2, 7/3, 5/2

k=4 ray K=7      (147,98) all 6 rows, u_s=1
  n=147 m=98  d_s=7 v_s=6 u_s=1  ->  (21,14) ell=4
  Prop 6.3 hypothesis : delta*_(s-1) >= v_s/u_s = 6
  Prop 6.4 (p.198)    : u_s = 1  =>  AUTOMATIC.  residual window = {} (empty)

k=4 ray K=8      (168,112) 277 rows,  u_s=1
  n=168 m=112  d_s=7 v_s=6 u_s=1  ->  (24,16) ell=4
  Prop 6.3 hypothesis : delta*_(s-1) >= v_s/u_s = 6
  Prop 6.4 (p.198)    : u_s = 1  =>  AUTOMATIC.  residual window = {} (empty)

k=4 ray K=9      (189,126) 78 rows,   u_s=1
  n=189 m=126  d_s=7 v_s=6 u_s=1  ->  (27,18) ell=4
  Prop 6.3 hypothesis : delta*_(s-1) >= v_s/u_s = 6
  Prop 6.4 (p.198)    : u_s = 1  =>  AUTOMATIC.  residual window = {} (empty)
