ell=4 ray ancestors, arithmetic candidates (u_s | K):
  K=7 u_s= 1 d_s= 7 v_s= 6 -> ancestor (n,m)=(147,98)  radius needed v_s/u_s=6
  K=7 u_s= 7 d_s=19 v_s=12 -> ancestor (n,m)=(57,38)  radius needed v_s/u_s=12/7
  K=8 u_s= 1 d_s= 7 v_s= 6 -> ancestor (n,m)=(168,112)  radius needed v_s/u_s=6
  K=8 u_s= 2 d_s= 9 v_s= 7 -> ancestor (n,m)=(108,72)  radius needed v_s/u_s=7/2
  K=8 u_s= 4 d_s=13 v_s= 9 -> ancestor (n,m)=(78,52)  radius needed v_s/u_s=9/4
  K=8 u_s= 8 d_s=21 v_s=13 -> ancestor (n,m)=(63,42)  radius needed v_s/u_s=13/8
  K=9 u_s= 1 d_s= 7 v_s= 6 -> ancestor (n,m)=(189,126)  radius needed v_s/u_s=6
  K=9 u_s= 3 d_s=11 v_s= 8 -> ancestor (n,m)=(99,66)  radius needed v_s/u_s=8/3
  K=9 u_s= 9 d_s=23 v_s=14 -> ancestor (n,m)=(69,46)  radius needed v_s/u_s=14/9

admissibility of each candidate ancestor (census Kmin=16, full (1)-(13)):
  K=7 u_s=1 (147,98): 6 admissible row(s)
      M=(-98, -70, 145) d=(147, 49, 7, 1) V=(1, 6)  u_s=1 v_s=6 v/u=6 -> (21,14) ell=4 6.4auto=True
      M=(-98, 35, 145) d=(147, 49, 7, 1) V=(4, 6)  u_s=1 v_s=6 v/u=6 -> (21,14) ell=4 6.4auto=True
      M=(-98, 70, 145) d=(147, 49, 7, 1) V=(1, 6)  u_s=1 v_s=6 v/u=6 -> (21,14) ell=4 6.4auto=True
      M=(-98, 70, 145) d=(147, 49, 7, 1) V=(2, 6)  u_s=1 v_s=6 v/u=6 -> (21,14) ell=4 6.4auto=True
      M=(-98, 105, 145) d=(147, 49, 7, 1) V=(6, 6)  u_s=1 v_s=6 v/u=6 -> (21,14) ell=4 6.4auto=True
      M=(-98, 133, 145) d=(147, 49, 7, 1) V=(20, 6)  u_s=1 v_s=6 v/u=6 -> (21,14) ell=4 6.4auto=True
  K=7 u_s=7 (57,38): 0 admissible row(s)
  K=8 u_s=1 (168,112): 277 admissible row(s)
      M=(-112, -70, -21, 166) d=(168, 56, 14, 7, 1) V=(1, 12, 6)  u_s=1 v_s=6 v/u=6 -> (24,16) ell=4 6.4auto=True
      M=(-112, -70, 77, 166) d=(168, 56, 14, 7, 1) V=(1, 12, 6)  u_s=1 v_s=6 v/u=6 -> (24,16) ell=4 6.4auto=True
      M=(-112, -70, 133, 166) d=(168, 56, 14, 7, 1) V=(1, 12, 6)  u_s=1 v_s=6 v/u=6 -> (24,16) ell=4 6.4auto=True
      M=(-112, -70, 133, 166) d=(168, 56, 14, 7, 1) V=(2, 12, 6)  u_s=1 v_s=6 v/u=6 -> (24,16) ell=4 6.4auto=True
      M=(-112, -14, -7, 166) d=(168, 56, 14, 7, 1) V=(1, 12, 6)  u_s=1 v_s=6 v/u=6 -> (24,16) ell=4 6.4auto=True
      M=(-112, -14, 7, 166) d=(168, 56, 14, 7, 1) V=(1, 12, 6)  u_s=1 v_s=6 v/u=6 -> (24,16) ell=4 6.4auto=True
      M=(-112, -14, 21, 166) d=(168, 56, 14, 7, 1) V=(1, 12, 6)  u_s=1 v_s=6 v/u=6 -> (24,16) ell=4 6.4auto=True
      M=(-112, -14, 35, 166) d=(168, 56, 14, 7, 1) V=(1, 12, 6)  u_s=1 v_s=6 v/u=6 -> (24,16) ell=4 6.4auto=True
      M=(-112, -14, 49, 166) d=(168, 56, 14, 7, 1) V=(1, 12, 6)  u_s=1 v_s=6 v/u=6 -> (24,16) ell=4 6.4auto=True
      M=(-112, -14, 63, 166) d=(168, 56, 14, 7, 1) V=(1, 12, 6)  u_s=1 v_s=6 v/u=6 -> (24,16) ell=4 6.4auto=True
      M=(-112, -14, 77, 166) d=(168, 56, 14, 7, 1) V=(1, 12, 6)  u_s=1 v_s=6 v/u=6 -> (24,16) ell=4 6.4auto=True
      M=(-112, -14, 91, 166) d=(168, 56, 14, 7, 1) V=(1, 12, 6)  u_s=1 v_s=6 v/u=6 -> (24,16) ell=4 6.4auto=True
      M=(-112, -14, 105, 166) d=(168, 56, 14, 7, 1) V=(1, 12, 6)  u_s=1 v_s=6 v/u=6 -> (24,16) ell=4 6.4auto=True
      M=(-112, -14, 119, 166) d=(168, 56, 14, 7, 1) V=(1, 12, 6)  u_s=1 v_s=6 v/u=6 -> (24,16) ell=4 6.4auto=True
      M=(-112, -14, 133, 166) d=(168, 56, 14, 7, 1) V=(1, 12, 6)  u_s=1 v_s=6 v/u=6 -> (24,16) ell=4 6.4auto=True
      M=(-112, -14, 147, 166) d=(168, 56, 14, 7, 1) V=(1, 12, 6)  u_s=1 v_s=6 v/u=6 -> (24,16) ell=4 6.4auto=True
      M=(-112, -14, 161, 166) d=(168, 56, 14, 7, 1) V=(1, 12, 6)  u_s=1 v_s=6 v/u=6 -> (24,16) ell=4 6.4auto=True
      M=(-112, 14, 161, 166) d=(168, 56, 14, 7, 1) V=(2, 5, 6)  u_s=1 v_s=6 v/u=6 -> (24,16) ell=4 6.4auto=True
      M=(-112, 14, 161, 166) d=(168, 56, 14, 7, 1) V=(1, 8, 6)  u_s=1 v_s=6 v/u=6 -> (24,16) ell=4 6.4auto=True
      M=(-112, 14, 161, 166) d=(168, 56, 14, 7, 1) V=(2, 9, 6)  u_s=1 v_s=6 v/u=6 -> (24,16) ell=4 6.4auto=True
      M=(-112, 42, 161, 166) d=(168, 56, 14, 7, 1) V=(20, 5, 6)  u_s=1 v_s=6 v/u=6 -> (24,16) ell=4 6.4auto=True
      M=(-112, 98, 161, 166) d=(168, 56, 14, 7, 1) V=(2, 5, 6)  u_s=1 v_s=6 v/u=6 -> (24,16) ell=4 6.4auto=True
      M=(-112, 98, 161, 166) d=(168, 56, 14, 7, 1) V=(1, 8, 6)  u_s=1 v_s=6 v/u=6 -> (24,16) ell=4 6.4auto=True
      M=(-112, 98, 161, 166) d=(168, 56, 14, 7, 1) V=(2, 8, 6)  u_s=1 v_s=6 v/u=6 -> (24,16) ell=4 6.4auto=True
      M=(-112, 98, 161, 166) d=(168, 56, 14, 7, 1) V=(2, 11, 6)  u_s=1 v_s=6 v/u=6 -> (24,16) ell=4 6.4auto=True
      M=(-112, 126, 133, 166) d=(168, 56, 14, 7, 1) V=(6, 12, 6)  u_s=1 v_s=6 v/u=6 -> (24,16) ell=4 6.4auto=True
      M=(-112, 126, 161, 166) d=(168, 56, 14, 7, 1) V=(7, 6, 6)  u_s=1 v_s=6 v/u=6 -> (24,16) ell=4 6.4auto=True
      M=(-112, 126, 161, 166) d=(168, 56, 14, 7, 1) V=(7, 7, 6)  u_s=1 v_s=6 v/u=6 -> (24,16) ell=4 6.4auto=True
      M=(-112, -84, -77, 166) d=(168, 56, 28, 7, 1) V=(1, 24, 6)  u_s=1 v_s=6 v/u=6 -> (24,16) ell=4 6.4auto=True
      M=(-112, -84, -63, 166) d=(168, 56, 28, 7, 1) V=(1, 24, 6)  u_s=1 v_s=6 v/u=6 -> (24,16) ell=4 6.4auto=True
      M=(-112, -84, -49, 166) d=(168, 56, 28, 7, 1) V=(1, 24, 6)  u_s=1 v_s=6 v/u=6 -> (24,16) ell=4 6.4auto=True
      M=(-112, -84, -35, 166) d=(168, 56, 28, 7, 1) V=(1, 24, 6)  u_s=1 v_s=6 v/u=6 -> (24,16) ell=4 6.4auto=True
      M=(-112, -84, -21, 166) d=(168, 56, 28, 7, 1) V=(1, 24, 6)  u_s=1 v_s=6 v/u=6 -> (24,16) ell=4 6.4auto=True
      M=(-112, -84, -7, 166) d=(168, 56, 28, 7, 1) V=(1, 24, 6)  u_s=1 v_s=6 v/u=6 -> (24,16) ell=4 6.4auto=True
      M=(-112, -84, 7, 166) d=(168, 56, 28, 7, 1) V=(1, 24, 6)  u_s=1 v_s=6 v/u=6 -> (24,16) ell=4 6.4auto=True
      M=(-112, -84, 21, 166) d=(168, 56, 28, 7, 1) V=(1, 24, 6)  u_s=1 v_s=6 v/u=6 -> (24,16) ell=4 6.4auto=True
      M=(-112, -84, 35, 166) d=(168, 56, 28, 7, 1) V=(1, 24, 6)  u_s=1 v_s=6 v/u=6 -> (24,16) ell=4 6.4auto=True
      M=(-112, -84, 49, 166) d=(168, 56, 28, 7, 1) V=(1, 24, 6)  u_s=1 v_s=6 v/u=6 -> (24,16) ell=4 6.4auto=True
      M=(-112, -84, 63, 166) d=(168, 56, 28, 7, 1) V=(1, 24, 6)  u_s=1 v_s=6 v/u=6 -> (24,16) ell=4 6.4auto=True
      M=(-112, -84, 77, 166) d=(168, 56, 28, 7, 1) V=(1, 24, 6)  u_s=1 v_s=6 v/u=6 -> (24,16) ell=4 6.4auto=True
      M=(-112, -84, 91, 166) d=(168, 56, 28, 7, 1) V=(1, 24, 6)  u_s=1 v_s=6 v/u=6 -> (24,16) ell=4 6.4auto=True
      M=(-112, -84, 105, 166) d=(168, 56, 28, 7, 1) V=(1, 24, 6)  u_s=1 v_s=6 v/u=6 -> (24,16) ell=4 6.4auto=True
      M=(-112, -84, 119, 166) d=(168, 56, 28, 7, 1) V=(1, 24, 6)  u_s=1 v_s=6 v/u=6 -> (24,16) ell=4 6.4auto=True
      M=(-112, -84, 133, 166) d=(168, 56, 28, 7, 1) V=(1, 24, 6)  u_s=1 v_s=6 v/u=6 -> (24,16) ell=4 6.4auto=True
      M=(-112, -84, 147, 166) d=(168, 56, 28, 7, 1) V=(1, 24, 6)  u_s=1 v_s=6 v/u=6 -> (24,16) ell=4 6.4auto=True
      M=(-112, -84, 161, 166) d=(168, 56, 28, 7, 1) V=(1, 14, 6)  u_s=1 v_s=6 v/u=6 -> (24,16) ell=4 6.4auto=True
      M=(-112, -84, 161, 166) d=(168, 56, 28, 7, 1) V=(1, 18, 6)  u_s=1 v_s=6 v/u=6 -> (24,16) ell=4 6.4auto=True
      M=(-112, -84, 161, 166) d=(168, 56, 28, 7, 1) V=(1, 24, 6)  u_s=1 v_s=6 v/u=6 -> (24,16) ell=4 6.4auto=True
      M=(-112, -28, 91, 166) d=(168, 56, 28, 7, 1) V=(2, 1, 6)  u_s=1 v_s=6 v/u=6 -> (24,16) ell=4 6.4auto=True
      M=(-112, -28, 161, 166) d=(168, 56, 28, 7, 1) V=(2, 13, 6)  u_s=1 v_s=6 v/u=6 -> (24,16) ell=4 6.4auto=True
      M=(-112, -28, 161, 166) d=(168, 56, 28, 7, 1) V=(1, 22, 6)  u_s=1 v_s=6 v/u=6 -> (24,16) ell=4 6.4auto=True
      M=(-112, -28, 161, 166) d=(168, 56, 28, 7, 1) V=(2, 22, 6)  u_s=1 v_s=6 v/u=6 -> (24,16) ell=4 6.4auto=True
      M=(-112, 28, 77, 166) d=(168, 56, 28, 7, 1) V=(1, 24, 6)  u_s=1 v_s=6 v/u=6 -> (24,16) ell=4 6.4auto=True
      M=(-112, 28, 147, 166) d=(168, 56, 28, 7, 1) V=(1, 24, 6)  u_s=1 v_s=6 v/u=6 -> (24,16) ell=4 6.4auto=True
      M=(-112, 84, 147, 166) d=(168, 56, 28, 7, 1) V=(3, 7, 6)  u_s=1 v_s=6 v/u=6 -> (24,16) ell=4 6.4auto=True
      M=(-112, 84, 161, 166) d=(168, 56, 28, 7, 1) V=(3, 15, 6)  u_s=1 v_s=6 v/u=6 -> (24,16) ell=4 6.4auto=True
      M=(-112, 140, 161, 166) d=(168, 56, 28, 7, 1) V=(11, 10, 6)  u_s=1 v_s=6 v/u=6 -> (24,16) ell=4 6.4auto=True
      M=(-112, 140, 161, 166) d=(168, 56, 28, 7, 1) V=(5, 16, 6)  u_s=1 v_s=6 v/u=6 -> (24,16) ell=4 6.4auto=True
      M=(-112, -84, -70, -63, 166) d=(168, 56, 28, 14, 7, 1) V=(1, 24, 12, 6)  u_s=1 v_s=6 v/u=6 -> (24,16) ell=4 6.4auto=True
      M=(-112, -84, -70, -49, 166) d=(168, 56, 28, 14, 7, 1) V=(1, 24, 12, 6)  u_s=1 v_s=6 v/u=6 -> (24,16) ell=4 6.4auto=True
      M=(-112, -84, -70, -35, 166) d=(168, 56, 28, 14, 7, 1) V=(1, 24, 12, 6)  u_s=1 v_s=6 v/u=6 -> (24,16) ell=4 6.4auto=True
      M=(-112, -84, -70, -21, 166) d=(168, 56, 28, 14, 7, 1) V=(1, 24, 12, 6)  u_s=1 v_s=6 v/u=6 -> (24,16) ell=4 6.4auto=True
      M=(-112, -84, -70, -7, 166) d=(168, 56, 28, 14, 7, 1) V=(1, 24, 12, 6)  u_s=1 v_s=6 v/u=6 -> (24,16) ell=4 6.4auto=True
      M=(-112, -84, -70, 7, 166) d=(168, 56, 28, 14, 7, 1) V=(1, 24, 12, 6)  u_s=1 v_s=6 v/u=6 -> (24,16) ell=4 6.4auto=True
      M=(-112, -84, -70, 21, 166) d=(168, 56, 28, 14, 7, 1) V=(1, 24, 12, 6)  u_s=1 v_s=6 v/u=6 -> (24,16) ell=4 6.4auto=True
      M=(-112, -84, -70, 35, 166) d=(168, 56, 28, 14, 7, 1) V=(1, 24, 12, 6)  u_s=1 v_s=6 v/u=6 -> (24,16) ell=4 6.4auto=True
      M=(-112, -84, -70, 49, 166) d=(168, 56, 28, 14, 7, 1) V=(1, 24, 12, 6)  u_s=1 v_s=6 v/u=6 -> (24,16) ell=4 6.4auto=True
      M=(-112, -84, -70, 63, 166) d=(168, 56, 28, 14, 7, 1) V=(1, 24, 12, 6)  u_s=1 v_s=6 v/u=6 -> (24,16) ell=4 6.4auto=True
      M=(-112, -84, -70, 77, 166) d=(168, 56, 28, 14, 7, 1) V=(1, 24, 12, 6)  u_s=1 v_s=6 v/u=6 -> (24,16) ell=4 6.4auto=True
      M=(-112, -84, -70, 91, 166) d=(168, 56, 28, 14, 7, 1) V=(1, 24, 12, 6)  u_s=1 v_s=6 v/u=6 -> (24,16) ell=4 6.4auto=True
      M=(-112, -84, -70, 105, 166) d=(168, 56, 28, 14, 7, 1) V=(1, 24, 12, 6)  u_s=1 v_s=6 v/u=6 -> (24,16) ell=4 6.4auto=True
      M=(-112, -84, -70, 119, 166) d=(168, 56, 28, 14, 7, 1) V=(1, 24, 12, 6)  u_s=1 v_s=6 v/u=6 -> (24,16) ell=4 6.4auto=True
      M=(-112, -84, -70, 133, 166) d=(168, 56, 28, 14, 7, 1) V=(2, 1, 12, 6)  u_s=1 v_s=6 v/u=6 -> (24,16) ell=4 6.4auto=True
      M=(-112, -84, -70, 133, 166) d=(168, 56, 28, 14, 7, 1) V=(1, 24, 12, 6)  u_s=1 v_s=6 v/u=6 -> (24,16) ell=4 6.4auto=True
      M=(-112, -84, -70, 147, 166) d=(168, 56, 28, 14, 7, 1) V=(1, 24, 12, 6)  u_s=1 v_s=6 v/u=6 -> (24,16) ell=4 6.4auto=True
      M=(-112, -84, -70, 161, 166) d=(168, 56, 28, 14, 7, 1) V=(1, 14, 7, 6)  u_s=1 v_s=6 v/u=6 -> (24,16) ell=4 6.4auto=True
      M=(-112, -84, -70, 161, 166) d=(168, 56, 28, 14, 7, 1) V=(1, 18, 9, 6)  u_s=1 v_s=6 v/u=6 -> (24,16) ell=4 6.4auto=True
      M=(-112, -84, -70, 161, 166) d=(168, 56, 28, 14, 7, 1) V=(1, 24, 12, 6)  u_s=1 v_s=6 v/u=6 -> (24,16) ell=4 6.4auto=True
      M=(-112, -84, -42, -35, 166) d=(168, 56, 28, 14, 7, 1) V=(1, 24, 12, 6)  u_s=1 v_s=6 v/u=6 -> (24,16) ell=4 6.4auto=True
      M=(-112, -84, -42, -21, 166) d=(168, 56, 28, 14, 7, 1) V=(1, 24, 12, 6)  u_s=1 v_s=6 v/u=6 -> (24,16) ell=4 6.4auto=True
      M=(-112, -84, -42, -7, 166) d=(168, 56, 28, 14, 7, 1) V=(1, 24, 12, 6)  u_s=1 v_s=6 v/u=6 -> (24,16) ell=4 6.4auto=True
      M=(-112, -84, -42, 7, 166) d=(168, 56, 28, 14, 7, 1) V=(1, 24, 12, 6)  u_s=1 v_s=6 v/u=6 -> (24,16) ell=4 6.4auto=True
      M=(-112, -84, -42, 21, 166) d=(168, 56, 28, 14, 7, 1) V=(1, 24, 12, 6)  u_s=1 v_s=6 v/u=6 -> (24,16) ell=4 6.4auto=True
      M=(-112, -84, -42, 35, 166) d=(168, 56, 28, 14, 7, 1) V=(1, 24, 12, 6)  u_s=1 v_s=6 v/u=6 -> (24,16) ell=4 6.4auto=True
      M=(-112, -84, -42, 49, 166) d=(168, 56, 28, 14, 7, 1) V=(1, 24, 12, 6)  u_s=1 v_s=6 v/u=6 -> (24,16) ell=4 6.4auto=True
      M=(-112, -84, -42, 63, 166) d=(168, 56, 28, 14, 7, 1) V=(1, 24, 12, 6)  u_s=1 v_s=6 v/u=6 -> (24,16) ell=4 6.4auto=True
      M=(-112, -84, -42, 77, 166) d=(168, 56, 28, 14, 7, 1) V=(1, 24, 12, 6)  u_s=1 v_s=6 v/u=6 -> (24,16) ell=4 6.4auto=True
      M=(-112, -84, -42, 91, 166) d=(168, 56, 28, 14, 7, 1) V=(1, 24, 12, 6)  u_s=1 v_s=6 v/u=6 -> (24,16) ell=4 6.4auto=True
      M=(-112, -84, -42, 105, 166) d=(168, 56, 28, 14, 7, 1) V=(1, 24, 12, 6)  u_s=1 v_s=6 v/u=6 -> (24,16) ell=4 6.4auto=True
      M=(-112, -84, -42, 119, 166) d=(168, 56, 28, 14, 7, 1) V=(1, 24, 12, 6)  u_s=1 v_s=6 v/u=6 -> (24,16) ell=4 6.4auto=True
      M=(-112, -84, -42, 133, 166) d=(168, 56, 28, 14, 7, 1) V=(1, 24, 12, 6)  u_s=1 v_s=6 v/u=6 -> (24,16) ell=4 6.4auto=True
      M=(-112, -84, -42, 147, 166) d=(168, 56, 28, 14, 7, 1) V=(1, 24, 12, 6)  u_s=1 v_s=6 v/u=6 -> (24,16) ell=4 6.4auto=True
      M=(-112, -84, -42, 161, 166) d=(168, 56, 28, 14, 7, 1) V=(1, 14, 7, 6)  u_s=1 v_s=6 v/u=6 -> (24,16) ell=4 6.4auto=True
      M=(-112, -84, -42, 161, 166) d=(168, 56, 28, 14, 7, 1) V=(1, 18, 9, 6)  u_s=1 v_s=6 v/u=6 -> (24,16) ell=4 6.4auto=True
      M=(-112, -84, -42, 161, 166) d=(168, 56, 28, 14, 7, 1) V=(1, 24, 12, 6)  u_s=1 v_s=6 v/u=6 -> (24,16) ell=4 6.4auto=True
      M=(-112, -84, -14, -7, 166) d=(168, 56, 28, 14, 7, 1) V=(1, 24, 12, 6)  u_s=1 v_s=6 v/u=6 -> (24,16) ell=4 6.4auto=True
      M=(-112, -84, -14, 7, 166) d=(168, 56, 28, 14, 7, 1) V=(1, 24, 12, 6)  u_s=1 v_s=6 v/u=6 -> (24,16) ell=4 6.4auto=True
      M=(-112, -84, -14, 21, 166) d=(168, 56, 28, 14, 7, 1) V=(1, 24, 12, 6)  u_s=1 v_s=6 v/u=6 -> (24,16) ell=4 6.4auto=True
      M=(-112, -84, -14, 35, 166) d=(168, 56, 28, 14, 7, 1) V=(1, 24, 12, 6)  u_s=1 v_s=6 v/u=6 -> (24,16) ell=4 6.4auto=True
      M=(-112, -84, -14, 49, 166) d=(168, 56, 28, 14, 7, 1) V=(1, 24, 12, 6)  u_s=1 v_s=6 v/u=6 -> (24,16) ell=4 6.4auto=True
      M=(-112, -84, -14, 63, 166) d=(168, 56, 28, 14, 7, 1) V=(1, 24, 12, 6)  u_s=1 v_s=6 v/u=6 -> (24,16) ell=4 6.4auto=True
      M=(-112, -84, -14, 77, 166) d=(168, 56, 28, 14, 7, 1) V=(1, 24, 12, 6)  u_s=1 v_s=6 v/u=6 -> (24,16) ell=4 6.4auto=True
      M=(-112, -84, -14, 91, 166) d=(168, 56, 28, 14, 7, 1) V=(1, 24, 12, 6)  u_s=1 v_s=6 v/u=6 -> (24,16) ell=4 6.4auto=True
      M=(-112, -84, -14, 105, 166) d=(168, 56, 28, 14, 7, 1) V=(1, 24, 12, 6)  u_s=1 v_s=6 v/u=6 -> (24,16) ell=4 6.4auto=True
      M=(-112, -84, -14, 119, 166) d=(168, 56, 28, 14, 7, 1) V=(1, 24, 12, 6)  u_s=1 v_s=6 v/u=6 -> (24,16) ell=4 6.4auto=True
      M=(-112, -84, -14, 133, 166) d=(168, 56, 28, 14, 7, 1) V=(1, 24, 12, 6)  u_s=1 v_s=6 v/u=6 -> (24,16) ell=4 6.4auto=True
      M=(-112, -84, -14, 147, 166) d=(168, 56, 28, 14, 7, 1) V=(1, 24, 12, 6)  u_s=1 v_s=6 v/u=6 -> (24,16) ell=4 6.4auto=True
      M=(-112, -84, -14, 161, 166) d=(168, 56, 28, 14, 7, 1) V=(1, 14, 7, 6)  u_s=1 v_s=6 v/u=6 -> (24,16) ell=4 6.4auto=True
      M=(-112, -84, -14, 161, 166) d=(168, 56, 28, 14, 7, 1) V=(1, 18, 9, 6)  u_s=1 v_s=6 v/u=6 -> (24,16) ell=4 6.4auto=True
      M=(-112, -84, -14, 161, 166) d=(168, 56, 28, 14, 7, 1) V=(1, 24, 12, 6)  u_s=1 v_s=6 v/u=6 -> (24,16) ell=4 6.4auto=True
      M=(-112, -84, 14, 21, 166) d=(168, 56, 28, 14, 7, 1) V=(1, 24, 12, 6)  u_s=1 v_s=6 v/u=6 -> (24,16) ell=4 6.4auto=True
      M=(-112, -84, 14, 35, 166) d=(168, 56, 28, 14, 7, 1) V=(1, 24, 12, 6)  u_s=1 v_s=6 v/u=6 -> (24,16) ell=4 6.4auto=True
      M=(-112, -84, 14, 49, 166) d=(168, 56, 28, 14, 7, 1) V=(1, 24, 12, 6)  u_s=1 v_s=6 v/u=6 -> (24,16) ell=4 6.4auto=True
      M=(-112, -84, 14, 63, 166) d=(168, 56, 28, 14, 7, 1) V=(1, 24, 12, 6)  u_s=1 v_s=6 v/u=6 -> (24,16) ell=4 6.4auto=True
      M=(-112, -84, 14, 77, 166) d=(168, 56, 28, 14, 7, 1) V=(1, 24, 12, 6)  u_s=1 v_s=6 v/u=6 -> (24,16) ell=4 6.4auto=True
      M=(-112, -84, 14, 91, 166) d=(168, 56, 28, 14, 7, 1) V=(1, 24, 12, 6)  u_s=1 v_s=6 v/u=6 -> (24,16) ell=4 6.4auto=True
      M=(-112, -84, 14, 105, 166) d=(168, 56, 28, 14, 7, 1) V=(1, 24, 12, 6)  u_s=1 v_s=6 v/u=6 -> (24,16) ell=4 6.4auto=True
      M=(-112, -84, 14, 119, 166) d=(168, 56, 28, 14, 7, 1) V=(1, 24, 12, 6)  u_s=1 v_s=6 v/u=6 -> (24,16) ell=4 6.4auto=True
      M=(-112, -84, 14, 133, 166) d=(168, 56, 28, 14, 7, 1) V=(1, 24, 12, 6)  u_s=1 v_s=6 v/u=6 -> (24,16) ell=4 6.4auto=True
      M=(-112, -84, 14, 147, 166) d=(168, 56, 28, 14, 7, 1) V=(1, 24, 12, 6)  u_s=1 v_s=6 v/u=6 -> (24,16) ell=4 6.4auto=True
      M=(-112, -84, 14, 161, 166) d=(168, 56, 28, 14, 7, 1) V=(1, 14, 7, 6)  u_s=1 v_s=6 v/u=6 -> (24,16) ell=4 6.4auto=True
      M=(-112, -84, 14, 161, 166) d=(168, 56, 28, 14, 7, 1) V=(2, 1, 9, 6)  u_s=1 v_s=6 v/u=6 -> (24,16) ell=4 6.4auto=True
      M=(-112, -84, 14, 161, 166) d=(168, 56, 28, 14, 7, 1) V=(1, 4, 9, 6)  u_s=1 v_s=6 v/u=6 -> (24,16) ell=4 6.4auto=True
      M=(-112, -84, 14, 161, 166) d=(168, 56, 28, 14, 7, 1) V=(1, 18, 9, 6)  u_s=1 v_s=6 v/u=6 -> (24,16) ell=4 6.4auto=True
      M=(-112, -84, 14, 161, 166) d=(168, 56, 28, 14, 7, 1) V=(1, 24, 12, 6)  u_s=1 v_s=6 v/u=6 -> (24,16) ell=4 6.4auto=True
      M=(-112, -84, 42, 49, 166) d=(168, 56, 28, 14, 7, 1) V=(1, 24, 12, 6)  u_s=1 v_s=6 v/u=6 -> (24,16) ell=4 6.4auto=True
      M=(-112, -84, 42, 63, 166) d=(168, 56, 28, 14, 7, 1) V=(1, 24, 12, 6)  u_s=1 v_s=6 v/u=6 -> (24,16) ell=4 6.4auto=True
      M=(-112, -84, 42, 77, 166) d=(168, 56, 28, 14, 7, 1) V=(1, 24, 12, 6)  u_s=1 v_s=6 v/u=6 -> (24,16) ell=4 6.4auto=True
      M=(-112, -84, 42, 91, 166) d=(168, 56, 28, 14, 7, 1) V=(1, 24, 12, 6)  u_s=1 v_s=6 v/u=6 -> (24,16) ell=4 6.4auto=True
      M=(-112, -84, 42, 105, 166) d=(168, 56, 28, 14, 7, 1) V=(1, 24, 12, 6)  u_s=1 v_s=6 v/u=6 -> (24,16) ell=4 6.4auto=True
      M=(-112, -84, 42, 119, 166) d=(168, 56, 28, 14, 7, 1) V=(1, 24, 12, 6)  u_s=1 v_s=6 v/u=6 -> (24,16) ell=4 6.4auto=True
      M=(-112, -84, 42, 133, 166) d=(168, 56, 28, 14, 7, 1) V=(1, 24, 12, 6)  u_s=1 v_s=6 v/u=6 -> (24,16) ell=4 6.4auto=True
      M=(-112, -84, 42, 147, 166) d=(168, 56, 28, 14, 7, 1) V=(1, 24, 12, 6)  u_s=1 v_s=6 v/u=6 -> (24,16) ell=4 6.4auto=True
      M=(-112, -84, 42, 161, 166) d=(168, 56, 28, 14, 7, 1) V=(20, 10, 5, 6)  u_s=1 v_s=6 v/u=6 -> (24,16) ell=4 6.4auto=True
      M=(-112, -84, 42, 161, 166) d=(168, 56, 28, 14, 7, 1) V=(1, 14, 7, 6)  u_s=1 v_s=6 v/u=6 -> (24,16) ell=4 6.4auto=True
      M=(-112, -84, 42, 161, 166) d=(168, 56, 28, 14, 7, 1) V=(1, 18, 9, 6)  u_s=1 v_s=6 v/u=6 -> (24,16) ell=4 6.4auto=True
      M=(-112, -84, 42, 161, 166) d=(168, 56, 28, 14, 7, 1) V=(13, 18, 9, 6)  u_s=1 v_s=6 v/u=6 -> (24,16) ell=4 6.4auto=True
      M=(-112, -84, 42, 161, 166) d=(168, 56, 28, 14, 7, 1) V=(1, 24, 12, 6)  u_s=1 v_s=6 v/u=6 -> (24,16) ell=4 6.4auto=True
      M=(-112, -84, 70, 77, 166) d=(168, 56, 28, 14, 7, 1) V=(1, 24, 12, 6)  u_s=1 v_s=6 v/u=6 -> (24,16) ell=4 6.4auto=True
      M=(-112, -84, 70, 91, 166) d=(168, 56, 28, 14, 7, 1) V=(1, 24, 12, 6)  u_s=1 v_s=6 v/u=6 -> (24,16) ell=4 6.4auto=True
      M=(-112, -84, 70, 105, 166) d=(168, 56, 28, 14, 7, 1) V=(1, 24, 12, 6)  u_s=1 v_s=6 v/u=6 -> (24,16) ell=4 6.4auto=True
      M=(-112, -84, 70, 119, 166) d=(168, 56, 28, 14, 7, 1) V=(1, 24, 12, 6)  u_s=1 v_s=6 v/u=6 -> (24,16) ell=4 6.4auto=True
      M=(-112, -84, 70, 133, 166) d=(168, 56, 28, 14, 7, 1) V=(1, 24, 12, 6)  u_s=1 v_s=6 v/u=6 -> (24,16) ell=4 6.4auto=True
      M=(-112, -84, 70, 147, 166) d=(168, 56, 28, 14, 7, 1) V=(1, 24, 12, 6)  u_s=1 v_s=6 v/u=6 -> (24,16) ell=4 6.4auto=True
      M=(-112, -84, 70, 161, 166) d=(168, 56, 28, 14, 7, 1) V=(1, 14, 7, 6)  u_s=1 v_s=6 v/u=6 -> (24,16) ell=4 6.4auto=True
      M=(-112, -84, 70, 161, 166) d=(168, 56, 28, 14, 7, 1) V=(1, 16, 8, 6)  u_s=1 v_s=6 v/u=6 -> (24,16) ell=4 6.4auto=True
      M=(-112, -84, 70, 161, 166) d=(168, 56, 28, 14, 7, 1) V=(2, 16, 8, 6)  u_s=1 v_s=6 v/u=6 -> (24,16) ell=4 6.4auto=True
      M=(-112, -84, 70, 161, 166) d=(168, 56, 28, 14, 7, 1) V=(1, 18, 9, 6)  u_s=1 v_s=6 v/u=6 -> (24,16) ell=4 6.4auto=True
      M=(-112, -84, 70, 161, 166) d=(168, 56, 28, 14, 7, 1) V=(1, 24, 12, 6)  u_s=1 v_s=6 v/u=6 -> (24,16) ell=4 6.4auto=True
      M=(-112, -84, 98, 105, 166) d=(168, 56, 28, 14, 7, 1) V=(1, 24, 12, 6)  u_s=1 v_s=6 v/u=6 -> (24,16) ell=4 6.4auto=True
      M=(-112, -84, 98, 119, 166) d=(168, 56, 28, 14, 7, 1) V=(1, 24, 12, 6)  u_s=1 v_s=6 v/u=6 -> (24,16) ell=4 6.4auto=True
      M=(-112, -84, 98, 133, 166) d=(168, 56, 28, 14, 7, 1) V=(1, 24, 12, 6)  u_s=1 v_s=6 v/u=6 -> (24,16) ell=4 6.4auto=True
      M=(-112, -84, 98, 147, 166) d=(168, 56, 28, 14, 7, 1) V=(1, 24, 12, 6)  u_s=1 v_s=6 v/u=6 -> (24,16) ell=4 6.4auto=True
      M=(-112, -84, 98, 161, 166) d=(168, 56, 28, 14, 7, 1) V=(2, 1, 5, 6)  u_s=1 v_s=6 v/u=6 -> (24,16) ell=4 6.4auto=True
      M=(-112, -84, 98, 161, 166) d=(168, 56, 28, 14, 7, 1) V=(1, 14, 7, 6)  u_s=1 v_s=6 v/u=6 -> (24,16) ell=4 6.4auto=True
      M=(-112, -84, 98, 161, 166) d=(168, 56, 28, 14, 7, 1) V=(2, 1, 8, 6)  u_s=1 v_s=6 v/u=6 -> (24,16) ell=4 6.4auto=True
      M=(-112, -84, 98, 161, 166) d=(168, 56, 28, 14, 7, 1) V=(1, 16, 8, 6)  u_s=1 v_s=6 v/u=6 -> (24,16) ell=4 6.4auto=True
      M=(-112, -84, 98, 161, 166) d=(168, 56, 28, 14, 7, 1) V=(2, 16, 8, 6)  u_s=1 v_s=6 v/u=6 -> (24,16) ell=4 6.4auto=True
      M=(-112, -84, 98, 161, 166) d=(168, 56, 28, 14, 7, 1) V=(1, 18, 9, 6)  u_s=1 v_s=6 v/u=6 -> (24,16) ell=4 6.4auto=True
      M=(-112, -84, 98, 161, 166) d=(168, 56, 28, 14, 7, 1) V=(2, 1, 11, 6)  u_s=1 v_s=6 v/u=6 -> (24,16) ell=4 6.4auto=True
      M=(-112, -84, 98, 161, 166) d=(168, 56, 28, 14, 7, 1) V=(1, 16, 11, 6)  u_s=1 v_s=6 v/u=6 -> (24,16) ell=4 6.4auto=True
      M=(-112, -84, 98, 161, 166) d=(168, 56, 28, 14, 7, 1) V=(2, 16, 11, 6)  u_s=1 v_s=6 v/u=6 -> (24,16) ell=4 6.4auto=True
      M=(-112, -84, 98, 161, 166) d=(168, 56, 28, 14, 7, 1) V=(1, 24, 12, 6)  u_s=1 v_s=6 v/u=6 -> (24,16) ell=4 6.4auto=True
      M=(-112, -84, 126, 133, 166) d=(168, 56, 28, 14, 7, 1) V=(6, 3, 12, 6)  u_s=1 v_s=6 v/u=6 -> (24,16) ell=4 6.4auto=True
      M=(-112, -84, 126, 133, 166) d=(168, 56, 28, 14, 7, 1) V=(1, 24, 12, 6)  u_s=1 v_s=6 v/u=6 -> (24,16) ell=4 6.4auto=True
      M=(-112, -84, 126, 147, 166) d=(168, 56, 28, 14, 7, 1) V=(1, 2, 12, 6)  u_s=1 v_s=6 v/u=6 -> (24,16) ell=4 6.4auto=True
      M=(-112, -84, 126, 147, 166) d=(168, 56, 28, 14, 7, 1) V=(1, 24, 12, 6)  u_s=1 v_s=6 v/u=6 -> (24,16) ell=4 6.4auto=True
      M=(-112, -84, 126, 161, 166) d=(168, 56, 28, 14, 7, 1) V=(1, 14, 7, 6)  u_s=1 v_s=6 v/u=6 -> (24,16) ell=4 6.4auto=True
      M=(-112, -84, 126, 161, 166) d=(168, 56, 28, 14, 7, 1) V=(1, 18, 9, 6)  u_s=1 v_s=6 v/u=6 -> (24,16) ell=4 6.4auto=True
      M=(-112, -84, 126, 161, 166) d=(168, 56, 28, 14, 7, 1) V=(1, 24, 12, 6)  u_s=1 v_s=6 v/u=6 -> (24,16) ell=4 6.4auto=True
      M=(-112, -84, 154, 161, 166) d=(168, 56, 28, 14, 7, 1) V=(1, 14, 7, 6)  u_s=1 v_s=6 v/u=6 -> (24,16) ell=4 6.4auto=True
      M=(-112, -84, 154, 161, 166) d=(168, 56, 28, 14, 7, 1) V=(1, 18, 9, 6)  u_s=1 v_s=6 v/u=6 -> (24,16) ell=4 6.4auto=True
      M=(-112, -84, 154, 161, 166) d=(168, 56, 28, 14, 7, 1) V=(1, 24, 12, 6)  u_s=1 v_s=6 v/u=6 -> (24,16) ell=4 6.4auto=True
      M=(-112, -28, -14, 161, 166) d=(168, 56, 28, 14, 7, 1) V=(1, 22, 11, 6)  u_s=1 v_s=6 v/u=6 -> (24,16) ell=4 6.4auto=True
      M=(-112, -28, -14, 161, 166) d=(168, 56, 28, 14, 7, 1) V=(2, 22, 11, 6)  u_s=1 v_s=6 v/u=6 -> (24,16) ell=4 6.4auto=True
      M=(-112, -28, 14, 161, 166) d=(168, 56, 28, 14, 7, 1) V=(2, 1, 9, 6)  u_s=1 v_s=6 v/u=6 -> (24,16) ell=4 6.4auto=True
      M=(-112, -28, 14, 161, 166) d=(168, 56, 28, 14, 7, 1) V=(1, 22, 11, 6)  u_s=1 v_s=6 v/u=6 -> (24,16) ell=4 6.4auto=True
      M=(-112, -28, 14, 161, 166) d=(168, 56, 28, 14, 7, 1) V=(2, 22, 11, 6)  u_s=1 v_s=6 v/u=6 -> (24,16) ell=4 6.4auto=True
      M=(-112, -28, 42, 161, 166) d=(168, 56, 28, 14, 7, 1) V=(1, 8, 4, 6)  u_s=1 v_s=6 v/u=6 -> (24,16) ell=4 6.4auto=True
      M=(-112, -28, 42, 161, 166) d=(168, 56, 28, 14, 7, 1) V=(5, 8, 4, 6)  u_s=1 v_s=6 v/u=6 -> (24,16) ell=4 6.4auto=True
      M=(-112, -28, 42, 161, 166) d=(168, 56, 28, 14, 7, 1) V=(20, 10, 5, 6)  u_s=1 v_s=6 v/u=6 -> (24,16) ell=4 6.4auto=True
      M=(-112, -28, 42, 161, 166) d=(168, 56, 28, 14, 7, 1) V=(1, 18, 9, 6)  u_s=1 v_s=6 v/u=6 -> (24,16) ell=4 6.4auto=True
      M=(-112, -28, 42, 161, 166) d=(168, 56, 28, 14, 7, 1) V=(1, 22, 11, 6)  u_s=1 v_s=6 v/u=6 -> (24,16) ell=4 6.4auto=True
      M=(-112, -28, 42, 161, 166) d=(168, 56, 28, 14, 7, 1) V=(2, 22, 11, 6)  u_s=1 v_s=6 v/u=6 -> (24,16) ell=4 6.4auto=True
      M=(-112, -28, 42, 161, 166) d=(168, 56, 28, 14, 7, 1) V=(10, 22, 11, 6)  u_s=1 v_s=6 v/u=6 -> (24,16) ell=4 6.4auto=True
      M=(-112, -28, 70, 161, 166) d=(168, 56, 28, 14, 7, 1) V=(1, 22, 11, 6)  u_s=1 v_s=6 v/u=6 -> (24,16) ell=4 6.4auto=True
      M=(-112, -28, 70, 161, 166) d=(168, 56, 28, 14, 7, 1) V=(2, 22, 11, 6)  u_s=1 v_s=6 v/u=6 -> (24,16) ell=4 6.4auto=True
      M=(-112, -28, 98, 161, 166) d=(168, 56, 28, 14, 7, 1) V=(2, 1, 5, 6)  u_s=1 v_s=6 v/u=6 -> (24,16) ell=4 6.4auto=True
      M=(-112, -28, 98, 161, 166) d=(168, 56, 28, 14, 7, 1) V=(2, 1, 8, 6)  u_s=1 v_s=6 v/u=6 -> (24,16) ell=4 6.4auto=True
      M=(-112, -28, 98, 161, 166) d=(168, 56, 28, 14, 7, 1) V=(2, 1, 11, 6)  u_s=1 v_s=6 v/u=6 -> (24,16) ell=4 6.4auto=True
      M=(-112, -28, 98, 161, 166) d=(168, 56, 28, 14, 7, 1) V=(1, 4, 11, 6)  u_s=1 v_s=6 v/u=6 -> (24,16) ell=4 6.4auto=True
      M=(-112, -28, 98, 161, 166) d=(168, 56, 28, 14, 7, 1) V=(2, 4, 11, 6)  u_s=1 v_s=6 v/u=6 -> (24,16) ell=4 6.4auto=True
      M=(-112, -28, 98, 161, 166) d=(168, 56, 28, 14, 7, 1) V=(1, 22, 11, 6)  u_s=1 v_s=6 v/u=6 -> (24,16) ell=4 6.4auto=True
      M=(-112, -28, 98, 161, 166) d=(168, 56, 28, 14, 7, 1) V=(2, 22, 11, 6)  u_s=1 v_s=6 v/u=6 -> (24,16) ell=4 6.4auto=True
      M=(-112, -28, 126, 133, 166) d=(168, 56, 28, 14, 7, 1) V=(2, 1, 12, 6)  u_s=1 v_s=6 v/u=6 -> (24,16) ell=4 6.4auto=True
      M=(-112, -28, 126, 133, 166) d=(168, 56, 28, 14, 7, 1) V=(6, 3, 12, 6)  u_s=1 v_s=6 v/u=6 -> (24,16) ell=4 6.4auto=True
      M=(-112, -28, 126, 147, 166) d=(168, 56, 28, 14, 7, 1) V=(2, 1, 12, 6)  u_s=1 v_s=6 v/u=6 -> (24,16) ell=4 6.4auto=True
      M=(-112, -28, 126, 161, 166) d=(168, 56, 28, 14, 7, 1) V=(1, 8, 4, 6)  u_s=1 v_s=6 v/u=6 -> (24,16) ell=4 6.4auto=True
      M=(-112, -28, 126, 161, 166) d=(168, 56, 28, 14, 7, 1) V=(2, 8, 4, 6)  u_s=1 v_s=6 v/u=6 -> (24,16) ell=4 6.4auto=True
      M=(-112, -28, 126, 161, 166) d=(168, 56, 28, 14, 7, 1) V=(2, 1, 7, 6)  u_s=1 v_s=6 v/u=6 -> (24,16) ell=4 6.4auto=True
      M=(-112, -28, 126, 161, 166) d=(168, 56, 28, 14, 7, 1) V=(1, 22, 11, 6)  u_s=1 v_s=6 v/u=6 -> (24,16) ell=4 6.4auto=True
      M=(-112, -28, 126, 161, 166) d=(168, 56, 28, 14, 7, 1) V=(2, 22, 11, 6)  u_s=1 v_s=6 v/u=6 -> (24,16) ell=4 6.4auto=True
      M=(-112, -28, 126, 161, 166) d=(168, 56, 28, 14, 7, 1) V=(2, 1, 12, 6)  u_s=1 v_s=6 v/u=6 -> (24,16) ell=4 6.4auto=True
      M=(-112, -28, 154, 161, 166) d=(168, 56, 28, 14, 7, 1) V=(2, 7, 6, 6)  u_s=1 v_s=6 v/u=6 -> (24,16) ell=4 6.4auto=True
      M=(-112, -28, 154, 161, 166) d=(168, 56, 28, 14, 7, 1) V=(1, 8, 7, 6)  u_s=1 v_s=6 v/u=6 -> (24,16) ell=4 6.4auto=True
      M=(-112, -28, 154, 161, 166) d=(168, 56, 28, 14, 7, 1) V=(1, 11, 10, 6)  u_s=1 v_s=6 v/u=6 -> (24,16) ell=4 6.4auto=True
      M=(-112, -28, 154, 161, 166) d=(168, 56, 28, 14, 7, 1) V=(1, 22, 11, 6)  u_s=1 v_s=6 v/u=6 -> (24,16) ell=4 6.4auto=True
      M=(-112, -28, 154, 161, 166) d=(168, 56, 28, 14, 7, 1) V=(2, 22, 11, 6)  u_s=1 v_s=6 v/u=6 -> (24,16) ell=4 6.4auto=True
      M=(-112, -28, 154, 161, 166) d=(168, 56, 28, 14, 7, 1) V=(2, 13, 12, 6)  u_s=1 v_s=6 v/u=6 -> (24,16) ell=4 6.4auto=True
      M=(-112, 28, 42, 77, 166) d=(168, 56, 28, 14, 7, 1) V=(1, 24, 12, 6)  u_s=1 v_s=6 v/u=6 -> (24,16) ell=4 6.4auto=True
      M=(-112, 28, 42, 147, 166) d=(168, 56, 28, 14, 7, 1) V=(1, 24, 12, 6)  u_s=1 v_s=6 v/u=6 -> (24,16) ell=4 6.4auto=True
      M=(-112, 28, 42, 161, 166) d=(168, 56, 28, 14, 7, 1) V=(20, 10, 5, 6)  u_s=1 v_s=6 v/u=6 -> (24,16) ell=4 6.4auto=True
      M=(-112, 28, 70, 77, 166) d=(168, 56, 28, 14, 7, 1) V=(1, 24, 12, 6)  u_s=1 v_s=6 v/u=6 -> (24,16) ell=4 6.4auto=True
      M=(-112, 28, 70, 147, 166) d=(168, 56, 28, 14, 7, 1) V=(1, 24, 12, 6)  u_s=1 v_s=6 v/u=6 -> (24,16) ell=4 6.4auto=True
      M=(-112, 28, 70, 161, 166) d=(168, 56, 28, 14, 7, 1) V=(1, 8, 4, 6)  u_s=1 v_s=6 v/u=6 -> (24,16) ell=4 6.4auto=True
      M=(-112, 28, 70, 161, 166) d=(168, 56, 28, 14, 7, 1) V=(1, 14, 7, 6)  u_s=1 v_s=6 v/u=6 -> (24,16) ell=4 6.4auto=True
      M=(-112, 28, 70, 161, 166) d=(168, 56, 28, 14, 7, 1) V=(5, 14, 7, 6)  u_s=1 v_s=6 v/u=6 -> (24,16) ell=4 6.4auto=True
      M=(-112, 28, 70, 161, 166) d=(168, 56, 28, 14, 7, 1) V=(1, 20, 10, 6)  u_s=1 v_s=6 v/u=6 -> (24,16) ell=4 6.4auto=True
      M=(-112, 28, 98, 147, 166) d=(168, 56, 28, 14, 7, 1) V=(1, 24, 12, 6)  u_s=1 v_s=6 v/u=6 -> (24,16) ell=4 6.4auto=True
      M=(-112, 28, 98, 161, 166) d=(168, 56, 28, 14, 7, 1) V=(2, 1, 5, 6)  u_s=1 v_s=6 v/u=6 -> (24,16) ell=4 6.4auto=True
      M=(-112, 28, 98, 161, 166) d=(168, 56, 28, 14, 7, 1) V=(2, 1, 8, 6)  u_s=1 v_s=6 v/u=6 -> (24,16) ell=4 6.4auto=True
      M=(-112, 28, 98, 161, 166) d=(168, 56, 28, 14, 7, 1) V=(2, 1, 11, 6)  u_s=1 v_s=6 v/u=6 -> (24,16) ell=4 6.4auto=True
      M=(-112, 28, 126, 133, 166) d=(168, 56, 28, 14, 7, 1) V=(6, 3, 12, 6)  u_s=1 v_s=6 v/u=6 -> (24,16) ell=4 6.4auto=True
      M=(-112, 28, 126, 133, 166) d=(168, 56, 28, 14, 7, 1) V=(1, 10, 12, 6)  u_s=1 v_s=6 v/u=6 -> (24,16) ell=4 6.4auto=True
      M=(-112, 28, 126, 133, 166) d=(168, 56, 28, 14, 7, 1) V=(6, 10, 12, 6)  u_s=1 v_s=6 v/u=6 -> (24,16) ell=4 6.4auto=True
      M=(-112, 28, 126, 133, 166) d=(168, 56, 28, 14, 7, 1) V=(3, 17, 12, 6)  u_s=1 v_s=6 v/u=6 -> (24,16) ell=4 6.4auto=True
      M=(-112, 28, 126, 133, 166) d=(168, 56, 28, 14, 7, 1) V=(1, 24, 12, 6)  u_s=1 v_s=6 v/u=6 -> (24,16) ell=4 6.4auto=True
      M=(-112, 28, 126, 147, 166) d=(168, 56, 28, 14, 7, 1) V=(1, 10, 12, 6)  u_s=1 v_s=6 v/u=6 -> (24,16) ell=4 6.4auto=True
      M=(-112, 28, 126, 147, 166) d=(168, 56, 28, 14, 7, 1) V=(3, 17, 12, 6)  u_s=1 v_s=6 v/u=6 -> (24,16) ell=4 6.4auto=True
      M=(-112, 28, 126, 147, 166) d=(168, 56, 28, 14, 7, 1) V=(1, 24, 12, 6)  u_s=1 v_s=6 v/u=6 -> (24,16) ell=4 6.4auto=True
      M=(-112, 28, 126, 161, 166) d=(168, 56, 28, 14, 7, 1) V=(1, 10, 5, 6)  u_s=1 v_s=6 v/u=6 -> (24,16) ell=4 6.4auto=True
      M=(-112, 28, 126, 161, 166) d=(168, 56, 28, 14, 7, 1) V=(2, 10, 5, 6)  u_s=1 v_s=6 v/u=6 -> (24,16) ell=4 6.4auto=True
      M=(-112, 28, 126, 161, 166) d=(168, 56, 28, 14, 7, 1) V=(1, 10, 7, 6)  u_s=1 v_s=6 v/u=6 -> (24,16) ell=4 6.4auto=True
      M=(-112, 28, 126, 161, 166) d=(168, 56, 28, 14, 7, 1) V=(1, 10, 12, 6)  u_s=1 v_s=6 v/u=6 -> (24,16) ell=4 6.4auto=True
      M=(-112, 28, 126, 161, 166) d=(168, 56, 28, 14, 7, 1) V=(3, 17, 12, 6)  u_s=1 v_s=6 v/u=6 -> (24,16) ell=4 6.4auto=True
      M=(-112, 28, 126, 161, 166) d=(168, 56, 28, 14, 7, 1) V=(1, 24, 12, 6)  u_s=1 v_s=6 v/u=6 -> (24,16) ell=4 6.4auto=True
      M=(-112, 28, 154, 161, 166) d=(168, 56, 28, 14, 7, 1) V=(1, 8, 4, 6)  u_s=1 v_s=6 v/u=6 -> (24,16) ell=4 6.4auto=True
      M=(-112, 28, 154, 161, 166) d=(168, 56, 28, 14, 7, 1) V=(1, 8, 7, 6)  u_s=1 v_s=6 v/u=6 -> (24,16) ell=4 6.4auto=True
      M=(-112, 28, 154, 161, 166) d=(168, 56, 28, 14, 7, 1) V=(1, 14, 7, 6)  u_s=1 v_s=6 v/u=6 -> (24,16) ell=4 6.4auto=True
      M=(-112, 28, 154, 161, 166) d=(168, 56, 28, 14, 7, 1) V=(1, 10, 9, 6)  u_s=1 v_s=6 v/u=6 -> (24,16) ell=4 6.4auto=True
      M=(-112, 28, 154, 161, 166) d=(168, 56, 28, 14, 7, 1) V=(1, 11, 10, 6)  u_s=1 v_s=6 v/u=6 -> (24,16) ell=4 6.4auto=True
      M=(-112, 28, 154, 161, 166) d=(168, 56, 28, 14, 7, 1) V=(1, 20, 10, 6)  u_s=1 v_s=6 v/u=6 -> (24,16) ell=4 6.4auto=True
      M=(-112, 84, 98, 161, 166) d=(168, 56, 28, 14, 7, 1) V=(2, 1, 5, 6)  u_s=1 v_s=6 v/u=6 -> (24,16) ell=4 6.4auto=True
      M=(-112, 84, 98, 161, 166) d=(168, 56, 28, 14, 7, 1) V=(2, 1, 8, 6)  u_s=1 v_s=6 v/u=6 -> (24,16) ell=4 6.4auto=True
      M=(-112, 84, 98, 161, 166) d=(168, 56, 28, 14, 7, 1) V=(2, 1, 11, 6)  u_s=1 v_s=6 v/u=6 -> (24,16) ell=4 6.4auto=True
      M=(-112, 84, 126, 133, 166) d=(168, 56, 28, 14, 7, 1) V=(6, 3, 12, 6)  u_s=1 v_s=6 v/u=6 -> (24,16) ell=4 6.4auto=True
      M=(-112, 84, 126, 133, 166) d=(168, 56, 28, 14, 7, 1) V=(1, 10, 12, 6)  u_s=1 v_s=6 v/u=6 -> (24,16) ell=4 6.4auto=True
      M=(-112, 84, 126, 133, 166) d=(168, 56, 28, 14, 7, 1) V=(3, 10, 12, 6)  u_s=1 v_s=6 v/u=6 -> (24,16) ell=4 6.4auto=True
      M=(-112, 84, 126, 133, 166) d=(168, 56, 28, 14, 7, 1) V=(5, 10, 12, 6)  u_s=1 v_s=6 v/u=6 -> (24,16) ell=4 6.4auto=True
      M=(-112, 84, 126, 133, 166) d=(168, 56, 28, 14, 7, 1) V=(10, 10, 12, 6)  u_s=1 v_s=6 v/u=6 -> (24,16) ell=4 6.4auto=True
      M=(-112, 84, 126, 133, 166) d=(168, 56, 28, 14, 7, 1) V=(17, 10, 12, 6)  u_s=1 v_s=6 v/u=6 -> (24,16) ell=4 6.4auto=True
      M=(-112, 84, 126, 161, 166) d=(168, 56, 28, 14, 7, 1) V=(24, 12, 6, 6)  u_s=1 v_s=6 v/u=6 -> (24,16) ell=4 6.4auto=True
      M=(-112, 84, 154, 161, 166) d=(168, 56, 28, 14, 7, 1) V=(3, 5, 4, 6)  u_s=1 v_s=6 v/u=6 -> (24,16) ell=4 6.4auto=True
      M=(-112, 84, 154, 161, 166) d=(168, 56, 28, 14, 7, 1) V=(3, 7, 6, 6)  u_s=1 v_s=6 v/u=6 -> (24,16) ell=4 6.4auto=True
      M=(-112, 84, 154, 161, 166) d=(168, 56, 28, 14, 7, 1) V=(1, 12, 6, 6)  u_s=1 v_s=6 v/u=6 -> (24,16) ell=4 6.4auto=True
      M=(-112, 84, 154, 161, 166) d=(168, 56, 28, 14, 7, 1) V=(3, 12, 6, 6)  u_s=1 v_s=6 v/u=6 -> (24,16) ell=4 6.4auto=True
      M=(-112, 84, 154, 161, 166) d=(168, 56, 28, 14, 7, 1) V=(17, 12, 6, 6)  u_s=1 v_s=6 v/u=6 -> (24,16) ell=4 6.4auto=True
      M=(-112, 84, 154, 161, 166) d=(168, 56, 28, 14, 7, 1) V=(2, 11, 10, 6)  u_s=1 v_s=6 v/u=6 -> (24,16) ell=4 6.4auto=True
      M=(-112, 84, 154, 161, 166) d=(168, 56, 28, 14, 7, 1) V=(3, 11, 10, 6)  u_s=1 v_s=6 v/u=6 -> (24,16) ell=4 6.4auto=True
      M=(-112, 84, 154, 161, 166) d=(168, 56, 28, 14, 7, 1) V=(1, 12, 11, 6)  u_s=1 v_s=6 v/u=6 -> (24,16) ell=4 6.4auto=True
      M=(-112, 84, 154, 161, 166) d=(168, 56, 28, 14, 7, 1) V=(2, 12, 11, 6)  u_s=1 v_s=6 v/u=6 -> (24,16) ell=4 6.4auto=True
      M=(-112, 84, 154, 161, 166) d=(168, 56, 28, 14, 7, 1) V=(3, 12, 11, 6)  u_s=1 v_s=6 v/u=6 -> (24,16) ell=4 6.4auto=True
      M=(-112, 84, 154, 161, 166) d=(168, 56, 28, 14, 7, 1) V=(17, 12, 11, 6)  u_s=1 v_s=6 v/u=6 -> (24,16) ell=4 6.4auto=True
      M=(-112, 84, 154, 161, 166) d=(168, 56, 28, 14, 7, 1) V=(1, 22, 11, 6)  u_s=1 v_s=6 v/u=6 -> (24,16) ell=4 6.4auto=True
      M=(-112, 84, 154, 161, 166) d=(168, 56, 28, 14, 7, 1) V=(2, 22, 11, 6)  u_s=1 v_s=6 v/u=6 -> (24,16) ell=4 6.4auto=True
      M=(-112, 84, 154, 161, 166) d=(168, 56, 28, 14, 7, 1) V=(3, 22, 11, 6)  u_s=1 v_s=6 v/u=6 -> (24,16) ell=4 6.4auto=True
      M=(-112, 84, 154, 161, 166) d=(168, 56, 28, 14, 7, 1) V=(5, 22, 11, 6)  u_s=1 v_s=6 v/u=6 -> (24,16) ell=4 6.4auto=True
      M=(-112, 140, 154, 161, 166) d=(168, 56, 28, 14, 7, 1) V=(5, 10, 5, 6)  u_s=1 v_s=6 v/u=6 -> (24,16) ell=4 6.4auto=True
      M=(-112, 140, 154, 161, 166) d=(168, 56, 28, 14, 7, 1) V=(11, 10, 5, 6)  u_s=1 v_s=6 v/u=6 -> (24,16) ell=4 6.4auto=True
      M=(-112, 140, 154, 161, 166) d=(168, 56, 28, 14, 7, 1) V=(11, 7, 6, 6)  u_s=1 v_s=6 v/u=6 -> (24,16) ell=4 6.4auto=True
      M=(-112, 140, 154, 161, 166) d=(168, 56, 28, 14, 7, 1) V=(3, 9, 8, 6)  u_s=1 v_s=6 v/u=6 -> (24,16) ell=4 6.4auto=True
      M=(-112, 140, 154, 161, 166) d=(168, 56, 28, 14, 7, 1) V=(3, 16, 8, 6)  u_s=1 v_s=6 v/u=6 -> (24,16) ell=4 6.4auto=True
      M=(-112, 140, 154, 161, 166) d=(168, 56, 28, 14, 7, 1) V=(5, 16, 8, 6)  u_s=1 v_s=6 v/u=6 -> (24,16) ell=4 6.4auto=True
      M=(-112, 140, 154, 161, 166) d=(168, 56, 28, 14, 7, 1) V=(17, 16, 8, 6)  u_s=1 v_s=6 v/u=6 -> (24,16) ell=4 6.4auto=True
      M=(-112, 140, 154, 161, 166) d=(168, 56, 28, 14, 7, 1) V=(11, 10, 9, 6)  u_s=1 v_s=6 v/u=6 -> (24,16) ell=4 6.4auto=True
      M=(-112, 140, 154, 161, 166) d=(168, 56, 28, 14, 7, 1) V=(5, 22, 11, 6)  u_s=1 v_s=6 v/u=6 -> (24,16) ell=4 6.4auto=True
      M=(-112, 140, 154, 161, 166) d=(168, 56, 28, 14, 7, 1) V=(20, 13, 12, 6)  u_s=1 v_s=6 v/u=6 -> (24,16) ell=4 6.4auto=True
  K=8 u_s=2 (108,72): 17 admissible row(s)
      M=(-72, 81, 106) d=(108, 36, 9, 1) V=(7, 7)  u_s=2 v_s=7 v/u=7/2 -> (24,16) ell=4 6.4auto=False
      M=(-72, -54, -45, 106) d=(108, 36, 18, 9, 1) V=(1, 14, 7)  u_s=2 v_s=7 v/u=7/2 -> (24,16) ell=4 6.4auto=False
      M=(-72, -54, -27, 106) d=(108, 36, 18, 9, 1) V=(1, 14, 7)  u_s=2 v_s=7 v/u=7/2 -> (24,16) ell=4 6.4auto=False
      M=(-72, -54, -9, 106) d=(108, 36, 18, 9, 1) V=(1, 14, 7)  u_s=2 v_s=7 v/u=7/2 -> (24,16) ell=4 6.4auto=False
      M=(-72, -54, 9, 106) d=(108, 36, 18, 9, 1) V=(1, 14, 7)  u_s=2 v_s=7 v/u=7/2 -> (24,16) ell=4 6.4auto=False
      M=(-72, -54, 27, 106) d=(108, 36, 18, 9, 1) V=(1, 14, 7)  u_s=2 v_s=7 v/u=7/2 -> (24,16) ell=4 6.4auto=False
      M=(-72, -54, 45, 106) d=(108, 36, 18, 9, 1) V=(1, 14, 7)  u_s=2 v_s=7 v/u=7/2 -> (24,16) ell=4 6.4auto=False
      M=(-72, -54, 63, 106) d=(108, 36, 18, 9, 1) V=(1, 14, 7)  u_s=2 v_s=7 v/u=7/2 -> (24,16) ell=4 6.4auto=False
      M=(-72, -54, 81, 106) d=(108, 36, 18, 9, 1) V=(1, 14, 7)  u_s=2 v_s=7 v/u=7/2 -> (24,16) ell=4 6.4auto=False
      M=(-72, -54, 99, 106) d=(108, 36, 18, 9, 1) V=(1, 14, 7)  u_s=2 v_s=7 v/u=7/2 -> (24,16) ell=4 6.4auto=False
      M=(-72, -18, 81, 106) d=(108, 36, 18, 9, 1) V=(2, 1, 7)  u_s=2 v_s=7 v/u=7/2 -> (24,16) ell=4 6.4auto=False
      M=(-72, -18, 99, 106) d=(108, 36, 18, 9, 1) V=(1, 8, 7)  u_s=2 v_s=7 v/u=7/2 -> (24,16) ell=4 6.4auto=False
      M=(-72, 18, 45, 106) d=(108, 36, 18, 9, 1) V=(1, 14, 7)  u_s=2 v_s=7 v/u=7/2 -> (24,16) ell=4 6.4auto=False
      M=(-72, 18, 45, 106) d=(108, 36, 18, 9, 1) V=(5, 14, 7)  u_s=2 v_s=7 v/u=7/2 -> (24,16) ell=4 6.4auto=False
      M=(-72, 18, 81, 106) d=(108, 36, 18, 9, 1) V=(1, 10, 7)  u_s=2 v_s=7 v/u=7/2 -> (24,16) ell=4 6.4auto=False
      M=(-72, 18, 99, 106) d=(108, 36, 18, 9, 1) V=(1, 8, 7)  u_s=2 v_s=7 v/u=7/2 -> (24,16) ell=4 6.4auto=False
      M=(-72, 18, 99, 106) d=(108, 36, 18, 9, 1) V=(1, 14, 7)  u_s=2 v_s=7 v/u=7/2 -> (24,16) ell=4 6.4auto=False
  K=8 u_s=4 (78,52): 0 admissible row(s)
  K=8 u_s=8 (63,42): 0 admissible row(s)
  K=9 u_s=1 (189,126): 78 admissible row(s)
      M=(-126, -98, 187) d=(189, 63, 7, 1) V=(1, 6)  u_s=1 v_s=6 v/u=6 -> (27,18) ell=4 6.4auto=True
      M=(-126, -28, 187) d=(189, 63, 7, 1) V=(1, 6)  u_s=1 v_s=6 v/u=6 -> (27,18) ell=4 6.4auto=True
      M=(-126, 112, 187) d=(189, 63, 7, 1) V=(1, 6)  u_s=1 v_s=6 v/u=6 -> (27,18) ell=4 6.4auto=True
      M=(-126, -84, 112, 187) d=(189, 63, 21, 7, 1) V=(1, 1, 6)  u_s=1 v_s=6 v/u=6 -> (27,18) ell=4 6.4auto=True
      M=(-126, -84, 175, 187) d=(189, 63, 21, 7, 1) V=(1, 7, 6)  u_s=1 v_s=6 v/u=6 -> (27,18) ell=4 6.4auto=True
      M=(-126, -42, 182, 187) d=(189, 63, 21, 7, 1) V=(1, 7, 6)  u_s=1 v_s=6 v/u=6 -> (27,18) ell=4 6.4auto=True
      M=(-126, -42, 182, 187) d=(189, 63, 21, 7, 1) V=(1, 11, 6)  u_s=1 v_s=6 v/u=6 -> (27,18) ell=4 6.4auto=True
      M=(-126, -42, 182, 187) d=(189, 63, 21, 7, 1) V=(1, 15, 6)  u_s=1 v_s=6 v/u=6 -> (27,18) ell=4 6.4auto=True
      M=(-126, 21, 98, 187) d=(189, 63, 21, 7, 1) V=(2, 18, 6)  u_s=1 v_s=6 v/u=6 -> (27,18) ell=4 6.4auto=True
      M=(-126, 21, 98, 187) d=(189, 63, 21, 7, 1) V=(3, 18, 6)  u_s=1 v_s=6 v/u=6 -> (27,18) ell=4 6.4auto=True
      M=(-126, 21, 112, 187) d=(189, 63, 21, 7, 1) V=(3, 1, 6)  u_s=1 v_s=6 v/u=6 -> (27,18) ell=4 6.4auto=True
      M=(-126, 21, 112, 187) d=(189, 63, 21, 7, 1) V=(1, 5, 6)  u_s=1 v_s=6 v/u=6 -> (27,18) ell=4 6.4auto=True
      M=(-126, 21, 112, 187) d=(189, 63, 21, 7, 1) V=(3, 5, 6)  u_s=1 v_s=6 v/u=6 -> (27,18) ell=4 6.4auto=True
      M=(-126, 21, 112, 187) d=(189, 63, 21, 7, 1) V=(2, 18, 6)  u_s=1 v_s=6 v/u=6 -> (27,18) ell=4 6.4auto=True
      M=(-126, 21, 112, 187) d=(189, 63, 21, 7, 1) V=(3, 18, 6)  u_s=1 v_s=6 v/u=6 -> (27,18) ell=4 6.4auto=True
      M=(-126, 21, 175, 187) d=(189, 63, 21, 7, 1) V=(3, 7, 6)  u_s=1 v_s=6 v/u=6 -> (27,18) ell=4 6.4auto=True
      M=(-126, 21, 175, 187) d=(189, 63, 21, 7, 1) V=(2, 18, 6)  u_s=1 v_s=6 v/u=6 -> (27,18) ell=4 6.4auto=True
      M=(-126, 21, 175, 187) d=(189, 63, 21, 7, 1) V=(3, 18, 6)  u_s=1 v_s=6 v/u=6 -> (27,18) ell=4 6.4auto=True
      M=(-126, 42, 49, 187) d=(189, 63, 21, 7, 1) V=(1, 18, 6)  u_s=1 v_s=6 v/u=6 -> (27,18) ell=4 6.4auto=True
      M=(-126, 42, 49, 187) d=(189, 63, 21, 7, 1) V=(2, 18, 6)  u_s=1 v_s=6 v/u=6 -> (27,18) ell=4 6.4auto=True
      M=(-126, 42, 56, 187) d=(189, 63, 21, 7, 1) V=(1, 18, 6)  u_s=1 v_s=6 v/u=6 -> (27,18) ell=4 6.4auto=True
      M=(-126, 42, 56, 187) d=(189, 63, 21, 7, 1) V=(2, 18, 6)  u_s=1 v_s=6 v/u=6 -> (27,18) ell=4 6.4auto=True
      M=(-126, 42, 70, 187) d=(189, 63, 21, 7, 1) V=(1, 18, 6)  u_s=1 v_s=6 v/u=6 -> (27,18) ell=4 6.4auto=True
      M=(-126, 42, 70, 187) d=(189, 63, 21, 7, 1) V=(2, 18, 6)  u_s=1 v_s=6 v/u=6 -> (27,18) ell=4 6.4auto=True
      M=(-126, 42, 77, 187) d=(189, 63, 21, 7, 1) V=(1, 18, 6)  u_s=1 v_s=6 v/u=6 -> (27,18) ell=4 6.4auto=True
      M=(-126, 42, 77, 187) d=(189, 63, 21, 7, 1) V=(2, 18, 6)  u_s=1 v_s=6 v/u=6 -> (27,18) ell=4 6.4auto=True
      M=(-126, 42, 77, 187) d=(189, 63, 21, 7, 1) V=(4, 18, 6)  u_s=1 v_s=6 v/u=6 -> (27,18) ell=4 6.4auto=True
      M=(-126, 42, 91, 187) d=(189, 63, 21, 7, 1) V=(1, 18, 6)  u_s=1 v_s=6 v/u=6 -> (27,18) ell=4 6.4auto=True
      M=(-126, 42, 91, 187) d=(189, 63, 21, 7, 1) V=(2, 18, 6)  u_s=1 v_s=6 v/u=6 -> (27,18) ell=4 6.4auto=True
      M=(-126, 42, 98, 187) d=(189, 63, 21, 7, 1) V=(1, 18, 6)  u_s=1 v_s=6 v/u=6 -> (27,18) ell=4 6.4auto=True
      M=(-126, 42, 98, 187) d=(189, 63, 21, 7, 1) V=(2, 18, 6)  u_s=1 v_s=6 v/u=6 -> (27,18) ell=4 6.4auto=True
      M=(-126, 42, 112, 187) d=(189, 63, 21, 7, 1) V=(1, 1, 6)  u_s=1 v_s=6 v/u=6 -> (27,18) ell=4 6.4auto=True
      M=(-126, 42, 112, 187) d=(189, 63, 21, 7, 1) V=(1, 18, 6)  u_s=1 v_s=6 v/u=6 -> (27,18) ell=4 6.4auto=True
      M=(-126, 42, 112, 187) d=(189, 63, 21, 7, 1) V=(2, 18, 6)  u_s=1 v_s=6 v/u=6 -> (27,18) ell=4 6.4auto=True
      M=(-126, 42, 119, 187) d=(189, 63, 21, 7, 1) V=(1, 18, 6)  u_s=1 v_s=6 v/u=6 -> (27,18) ell=4 6.4auto=True
      M=(-126, 42, 119, 187) d=(189, 63, 21, 7, 1) V=(2, 18, 6)  u_s=1 v_s=6 v/u=6 -> (27,18) ell=4 6.4auto=True
      M=(-126, 42, 133, 187) d=(189, 63, 21, 7, 1) V=(1, 18, 6)  u_s=1 v_s=6 v/u=6 -> (27,18) ell=4 6.4auto=True
      M=(-126, 42, 133, 187) d=(189, 63, 21, 7, 1) V=(2, 18, 6)  u_s=1 v_s=6 v/u=6 -> (27,18) ell=4 6.4auto=True
      M=(-126, 42, 140, 187) d=(189, 63, 21, 7, 1) V=(1, 18, 6)  u_s=1 v_s=6 v/u=6 -> (27,18) ell=4 6.4auto=True
      M=(-126, 42, 140, 187) d=(189, 63, 21, 7, 1) V=(2, 18, 6)  u_s=1 v_s=6 v/u=6 -> (27,18) ell=4 6.4auto=True
      M=(-126, 42, 154, 187) d=(189, 63, 21, 7, 1) V=(1, 18, 6)  u_s=1 v_s=6 v/u=6 -> (27,18) ell=4 6.4auto=True
      M=(-126, 42, 154, 187) d=(189, 63, 21, 7, 1) V=(2, 18, 6)  u_s=1 v_s=6 v/u=6 -> (27,18) ell=4 6.4auto=True
      M=(-126, 42, 161, 187) d=(189, 63, 21, 7, 1) V=(1, 18, 6)  u_s=1 v_s=6 v/u=6 -> (27,18) ell=4 6.4auto=True
      M=(-126, 42, 161, 187) d=(189, 63, 21, 7, 1) V=(2, 18, 6)  u_s=1 v_s=6 v/u=6 -> (27,18) ell=4 6.4auto=True
      M=(-126, 42, 175, 187) d=(189, 63, 21, 7, 1) V=(1, 18, 6)  u_s=1 v_s=6 v/u=6 -> (27,18) ell=4 6.4auto=True
      M=(-126, 42, 175, 187) d=(189, 63, 21, 7, 1) V=(2, 18, 6)  u_s=1 v_s=6 v/u=6 -> (27,18) ell=4 6.4auto=True
      M=(-126, 42, 182, 187) d=(189, 63, 21, 7, 1) V=(1, 7, 6)  u_s=1 v_s=6 v/u=6 -> (27,18) ell=4 6.4auto=True
      M=(-126, 42, 182, 187) d=(189, 63, 21, 7, 1) V=(1, 8, 6)  u_s=1 v_s=6 v/u=6 -> (27,18) ell=4 6.4auto=True
      M=(-126, 42, 182, 187) d=(189, 63, 21, 7, 1) V=(1, 11, 6)  u_s=1 v_s=6 v/u=6 -> (27,18) ell=4 6.4auto=True
      M=(-126, 42, 182, 187) d=(189, 63, 21, 7, 1) V=(1, 13, 6)  u_s=1 v_s=6 v/u=6 -> (27,18) ell=4 6.4auto=True
      M=(-126, 42, 182, 187) d=(189, 63, 21, 7, 1) V=(1, 15, 6)  u_s=1 v_s=6 v/u=6 -> (27,18) ell=4 6.4auto=True
      M=(-126, 42, 182, 187) d=(189, 63, 21, 7, 1) V=(1, 18, 6)  u_s=1 v_s=6 v/u=6 -> (27,18) ell=4 6.4auto=True
      M=(-126, 42, 182, 187) d=(189, 63, 21, 7, 1) V=(2, 18, 6)  u_s=1 v_s=6 v/u=6 -> (27,18) ell=4 6.4auto=True
      M=(-126, 84, 112, 187) d=(189, 63, 21, 7, 1) V=(1, 1, 6)  u_s=1 v_s=6 v/u=6 -> (27,18) ell=4 6.4auto=True
      M=(-126, 84, 112, 187) d=(189, 63, 21, 7, 1) V=(1, 5, 6)  u_s=1 v_s=6 v/u=6 -> (27,18) ell=4 6.4auto=True
      M=(-126, 84, 182, 187) d=(189, 63, 21, 7, 1) V=(1, 5, 6)  u_s=1 v_s=6 v/u=6 -> (27,18) ell=4 6.4auto=True
      M=(-126, 84, 182, 187) d=(189, 63, 21, 7, 1) V=(1, 7, 6)  u_s=1 v_s=6 v/u=6 -> (27,18) ell=4 6.4auto=True
      M=(-126, 84, 182, 187) d=(189, 63, 21, 7, 1) V=(1, 9, 6)  u_s=1 v_s=6 v/u=6 -> (27,18) ell=4 6.4auto=True
      M=(-126, 84, 182, 187) d=(189, 63, 21, 7, 1) V=(1, 10, 6)  u_s=1 v_s=6 v/u=6 -> (27,18) ell=4 6.4auto=True
      M=(-126, 84, 182, 187) d=(189, 63, 21, 7, 1) V=(1, 11, 6)  u_s=1 v_s=6 v/u=6 -> (27,18) ell=4 6.4auto=True
      M=(-126, 84, 182, 187) d=(189, 63, 21, 7, 1) V=(1, 13, 6)  u_s=1 v_s=6 v/u=6 -> (27,18) ell=4 6.4auto=True
      M=(-126, 84, 182, 187) d=(189, 63, 21, 7, 1) V=(1, 15, 6)  u_s=1 v_s=6 v/u=6 -> (27,18) ell=4 6.4auto=True
      M=(-126, 84, 182, 187) d=(189, 63, 21, 7, 1) V=(1, 17, 6)  u_s=1 v_s=6 v/u=6 -> (27,18) ell=4 6.4auto=True
      M=(-126, 105, 112, 187) d=(189, 63, 21, 7, 1) V=(1, 1, 6)  u_s=1 v_s=6 v/u=6 -> (27,18) ell=4 6.4auto=True
      M=(-126, 147, 154, 187) d=(189, 63, 21, 7, 1) V=(2, 18, 6)  u_s=1 v_s=6 v/u=6 -> (27,18) ell=4 6.4auto=True
      M=(-126, 147, 154, 187) d=(189, 63, 21, 7, 1) V=(6, 18, 6)  u_s=1 v_s=6 v/u=6 -> (27,18) ell=4 6.4auto=True
      M=(-126, 147, 161, 187) d=(189, 63, 21, 7, 1) V=(2, 18, 6)  u_s=1 v_s=6 v/u=6 -> (27,18) ell=4 6.4auto=True
      M=(-126, 147, 175, 187) d=(189, 63, 21, 7, 1) V=(8, 7, 6)  u_s=1 v_s=6 v/u=6 -> (27,18) ell=4 6.4auto=True
      M=(-126, 147, 175, 187) d=(189, 63, 21, 7, 1) V=(2, 18, 6)  u_s=1 v_s=6 v/u=6 -> (27,18) ell=4 6.4auto=True
      M=(-126, 147, 182, 187) d=(189, 63, 21, 7, 1) V=(8, 7, 6)  u_s=1 v_s=6 v/u=6 -> (27,18) ell=4 6.4auto=True
      M=(-126, 147, 182, 187) d=(189, 63, 21, 7, 1) V=(21, 7, 6)  u_s=1 v_s=6 v/u=6 -> (27,18) ell=4 6.4auto=True
      M=(-126, 147, 182, 187) d=(189, 63, 21, 7, 1) V=(8, 8, 6)  u_s=1 v_s=6 v/u=6 -> (27,18) ell=4 6.4auto=True
      M=(-126, 147, 182, 187) d=(189, 63, 21, 7, 1) V=(2, 18, 6)  u_s=1 v_s=6 v/u=6 -> (27,18) ell=4 6.4auto=True
      M=(-126, 168, 175, 187) d=(189, 63, 21, 7, 1) V=(9, 7, 6)  u_s=1 v_s=6 v/u=6 -> (27,18) ell=4 6.4auto=True
      M=(-126, 168, 175, 187) d=(189, 63, 21, 7, 1) V=(20, 18, 6)  u_s=1 v_s=6 v/u=6 -> (27,18) ell=4 6.4auto=True
      M=(-126, 168, 182, 187) d=(189, 63, 21, 7, 1) V=(5, 11, 6)  u_s=1 v_s=6 v/u=6 -> (27,18) ell=4 6.4auto=True
      M=(-126, 168, 182, 187) d=(189, 63, 21, 7, 1) V=(5, 15, 6)  u_s=1 v_s=6 v/u=6 -> (27,18) ell=4 6.4auto=True
      M=(-126, 168, 182, 187) d=(189, 63, 21, 7, 1) V=(17, 15, 6)  u_s=1 v_s=6 v/u=6 -> (27,18) ell=4 6.4auto=True
  K=9 u_s=3 (99,66): 2 admissible row(s)
      M=(-66, 22, 97) d=(99, 33, 11, 1) V=(1, 8)  u_s=3 v_s=8 v/u=8/3 -> (27,18) ell=4 6.4auto=False
      M=(-66, 77, 97) d=(99, 33, 11, 1) V=(8, 8)  u_s=3 v_s=8 v/u=8/3 -> (27,18) ell=4 6.4auto=False
  K=9 u_s=9 (69,46): 0 admissible row(s)
