admissible rows 48<=n<=100 (Kmin=16, full (1)-(13)): 592
  u_s=1 (Prop 6.4 automatic): 457
  u_s>=2 (hypothesis live)  : 135
  u_s<=0 (no minor disc)    : 0

LIVE  n= 48 m= 32 M=(-32, 24, 46) d=(48, 16, 8, 2) V=(3, 5) d_s=8 v_s=5 u_s=3 v/u=5/3 ell=1 -> (18,12)
AUTO  n= 48 m= 32 M=(-32, -8, 36, 46) d=(48, 16, 8, 4, 2) V=(2, 1, 3) d_s=4 v_s=3 u_s=1 v/u=3 ell=1 -> (12,8)
AUTO  n= 54 m= 36 M=(-36, 24, 52) d=(54, 18, 6, 2) V=(1, 5) d_s=6 v_s=5 u_s=1 v/u=5 ell=3 -> (9,6)
LIVE  n= 54 m= 36 M=(-36, 27, 52) d=(54, 18, 9, 1) V=(3, 7) d_s=9 v_s=7 u_s=2 v/u=7/2 ell=4 -> (12,8)
AUTO  n= 60 m= 40 M=(-40, 24, 58) d=(60, 20, 4, 2) V=(1, 3) d_s=4 v_s=3 u_s=1 v/u=3 ell=1 -> (15,10)
AUTO  n= 60 m= 40 M=(-40, 32, 58) d=(60, 20, 4, 2) V=(1, 3) d_s=4 v_s=3 u_s=1 v/u=3 ell=1 -> (15,10)
LIVE  n= 60 m= 40 M=(-40, -10, 58) d=(60, 20, 10, 2) V=(2, 7) d_s=10 v_s=7 u_s=3 v/u=7/3 ell=3 -> (18,12)
LIVE  n= 60 m= 40 M=(-40, 10, 58) d=(60, 20, 10, 2) V=(1, 8) d_s=10 v_s=8 u_s=2 v/u=4 ell=5 -> (12,8)
AUTO  n= 60 m= 40 M=(-40, 10, 58) d=(60, 20, 10, 2) V=(1, 9) d_s=10 v_s=9 u_s=1 v/u=9 ell=7 -> (6,4)
AUTO  n= 60 m= 40 M=(-40, 30, 58) d=(60, 20, 10, 2) V=(1, 9) d_s=10 v_s=9 u_s=1 v/u=9 ell=7 -> (6,4)
LIVE  n= 60 m= 40 M=(-40, 50, 58) d=(60, 20, 10, 2) V=(11, 7) d_s=10 v_s=7 u_s=3 v/u=7/3 ell=3 -> (18,12)
AUTO  n= 60 m= 40 M=(-40, -10, 15, 58) d=(60, 20, 10, 5, 1) V=(1, 8, 4) d_s=5 v_s=4 u_s=1 v/u=4 ell=2 -> (12,8)
AUTO  n= 60 m= 40 M=(-40, -10, 45, 58) d=(60, 20, 10, 5, 1) V=(1, 8, 4) d_s=5 v_s=4 u_s=1 v/u=4 ell=2 -> (12,8)
AUTO  n= 60 m= 40 M=(-40, -10, 45, 58) d=(60, 20, 10, 5, 1) V=(2, 8, 4) d_s=5 v_s=4 u_s=1 v/u=4 ell=2 -> (12,8)
AUTO  n= 60 m= 40 M=(-40, -10, 45, 58) d=(60, 20, 10, 5, 1) V=(11, 8, 4) d_s=5 v_s=4 u_s=1 v/u=4 ell=2 -> (12,8)
AUTO  n= 60 m= 40 M=(-40, 10, 15, 58) d=(60, 20, 10, 5, 1) V=(1, 8, 4) d_s=5 v_s=4 u_s=1 v/u=4 ell=2 -> (12,8)
AUTO  n= 60 m= 40 M=(-40, 10, 15, 58) d=(60, 20, 10, 5, 1) V=(3, 8, 4) d_s=5 v_s=4 u_s=1 v/u=4 ell=2 -> (12,8)
AUTO  n= 60 m= 40 M=(-40, 10, 25, 58) d=(60, 20, 10, 5, 1) V=(1, 8, 4) d_s=5 v_s=4 u_s=1 v/u=4 ell=2 -> (12,8)
AUTO  n= 60 m= 40 M=(-40, 10, 35, 58) d=(60, 20, 10, 5, 1) V=(1, 8, 4) d_s=5 v_s=4 u_s=1 v/u=4 ell=2 -> (12,8)
AUTO  n= 60 m= 40 M=(-40, 10, 45, 58) d=(60, 20, 10, 5, 1) V=(1, 8, 4) d_s=5 v_s=4 u_s=1 v/u=4 ell=2 -> (12,8)
AUTO  n= 60 m= 40 M=(-40, 10, 55, 58) d=(60, 20, 10, 5, 1) V=(1, 8, 4) d_s=5 v_s=4 u_s=1 v/u=4 ell=2 -> (12,8)
AUTO  n= 60 m= 40 M=(-40, 30, 55, 58) d=(60, 20, 10, 5, 1) V=(3, 7, 4) d_s=5 v_s=4 u_s=1 v/u=4 ell=2 -> (12,8)
AUTO  n= 63 m= 42 M=(-42, -14, 61) d=(63, 21, 7, 1) V=(1, 6) d_s=7 v_s=6 u_s=1 v/u=6 ell=4 -> (9,6)
LIVE  n= 63 m= 42 M=(-42, 28, 61) d=(63, 21, 7, 1) V=(1, 5) d_s=7 v_s=5 u_s=2 v/u=5/2 ell=2 -> (18,12)
AUTO  n= 64 m= 48 M=(-48, 36, 62) d=(64, 16, 4, 2) V=(1, 3) d_s=4 v_s=3 u_s=1 v/u=3 ell=1 -> (16,12)
AUTO  n= 64 m= 48 M=(-48, 52, 62) d=(64, 16, 4, 2) V=(3, 3) d_s=4 v_s=3 u_s=1 v/u=3 ell=1 -> (16,12)
AUTO  n= 64 m= 48 M=(-48, 40, 62) d=(64, 16, 8, 2) V=(1, 7) d_s=8 v_s=7 u_s=1 v/u=7 ell=5 -> (8,6)
AUTO  n= 64 m= 48 M=(-48, -40, -12, 62) d=(64, 16, 8, 4, 2) V=(1, 6, 3) d_s=4 v_s=3 u_s=1 v/u=3 ell=1 -> (16,12)
AUTO  n= 64 m= 48 M=(-48, -40, 4, 62) d=(64, 16, 8, 4, 2) V=(1, 6, 3) d_s=4 v_s=3 u_s=1 v/u=3 ell=1 -> (16,12)
AUTO  n= 64 m= 48 M=(-48, -40, 44, 62) d=(64, 16, 8, 4, 2) V=(1, 6, 3) d_s=4 v_s=3 u_s=1 v/u=3 ell=1 -> (16,12)
AUTO  n= 64 m= 48 M=(-48, -24, 28, 62) d=(64, 16, 8, 4, 2) V=(1, 6, 3) d_s=4 v_s=3 u_s=1 v/u=3 ell=1 -> (16,12)
AUTO  n= 64 m= 48 M=(-48, -24, 28, 62) d=(64, 16, 8, 4, 2) V=(7, 6, 3) d_s=4 v_s=3 u_s=1 v/u=3 ell=1 -> (16,12)
AUTO  n= 64 m= 48 M=(-48, 24, 52, 62) d=(64, 16, 8, 4, 2) V=(4, 2, 3) d_s=4 v_s=3 u_s=1 v/u=3 ell=1 -> (16,12)
AUTO  n= 64 m= 48 M=(-48, 24, 60, 62) d=(64, 16, 8, 4, 2) V=(1, 5, 3) d_s=4 v_s=3 u_s=1 v/u=3 ell=1 -> (16,12)
AUTO  n= 72 m= 54 M=(-54, 24, 70) d=(72, 18, 6, 2) V=(15, 5) d_s=6 v_s=5 u_s=1 v/u=5 ell=3 -> (12,9)
AUTO  n= 72 m= 54 M=(-54, 42, 70) d=(72, 18, 6, 2) V=(1, 5) d_s=6 v_s=5 u_s=1 v/u=5 ell=3 -> (12,9)
AUTO  n= 72 m= 48 M=(-48, 30, 70) d=(72, 24, 6, 2) V=(1, 5) d_s=6 v_s=5 u_s=1 v/u=5 ell=3 -> (12,8)
AUTO  n= 72 m= 48 M=(-48, 42, 70) d=(72, 24, 6, 2) V=(2, 5) d_s=6 v_s=5 u_s=1 v/u=5 ell=3 -> (12,8)
AUTO  n= 72 m= 48 M=(-48, -32, 70) d=(72, 24, 8, 2) V=(1, 7) d_s=8 v_s=7 u_s=1 v/u=7 ell=5 -> (9,6)
AUTO  n= 72 m= 48 M=(-48, 16, 70) d=(72, 24, 8, 2) V=(1, 7) d_s=8 v_s=7 u_s=1 v/u=7 ell=5 -> (9,6)
AUTO  n= 72 m= 48 M=(-48, 16, 70) d=(72, 24, 8, 2) V=(5, 7) d_s=8 v_s=7 u_s=1 v/u=7 ell=5 -> (9,6)
LIVE  n= 72 m= 48 M=(-48, 32, 70) d=(72, 24, 8, 2) V=(1, 5) d_s=8 v_s=5 u_s=3 v/u=5/3 ell=1 -> (27,18)
AUTO  n= 72 m= 48 M=(-48, 32, 70) d=(72, 24, 8, 2) V=(1, 7) d_s=8 v_s=7 u_s=1 v/u=7 ell=5 -> (9,6)
AUTO  n= 72 m= 48 M=(-48, 40, 70) d=(72, 24, 8, 2) V=(1, 7) d_s=8 v_s=7 u_s=1 v/u=7 ell=5 -> (9,6)
AUTO  n= 72 m= 48 M=(-48, 56, 70) d=(72, 24, 8, 2) V=(8, 7) d_s=8 v_s=7 u_s=1 v/u=7 ell=5 -> (9,6)
AUTO  n= 72 m= 48 M=(-48, -32, -4, 70) d=(72, 24, 8, 4, 2) V=(1, 6, 3) d_s=4 v_s=3 u_s=1 v/u=3 ell=1 -> (18,12)
AUTO  n= 72 m= 48 M=(-48, -32, 12, 70) d=(72, 24, 8, 4, 2) V=(1, 6, 3) d_s=4 v_s=3 u_s=1 v/u=3 ell=1 -> (18,12)
AUTO  n= 72 m= 48 M=(-48, -32, 52, 70) d=(72, 24, 8, 4, 2) V=(1, 6, 3) d_s=4 v_s=3 u_s=1 v/u=3 ell=1 -> (18,12)
AUTO  n= 72 m= 48 M=(-48, -16, 4, 70) d=(72, 24, 8, 4, 2) V=(1, 6, 3) d_s=4 v_s=3 u_s=1 v/u=3 ell=1 -> (18,12)
AUTO  n= 72 m= 48 M=(-48, -16, 4, 70) d=(72, 24, 8, 4, 2) V=(5, 6, 3) d_s=4 v_s=3 u_s=1 v/u=3 ell=1 -> (18,12)
AUTO  n= 72 m= 48 M=(-48, -16, 36, 70) d=(72, 24, 8, 4, 2) V=(1, 6, 3) d_s=4 v_s=3 u_s=1 v/u=3 ell=1 -> (18,12)
AUTO  n= 72 m= 48 M=(-48, -16, 44, 70) d=(72, 24, 8, 4, 2) V=(1, 6, 3) d_s=4 v_s=3 u_s=1 v/u=3 ell=1 -> (18,12)
AUTO  n= 72 m= 48 M=(-48, -16, 44, 70) d=(72, 24, 8, 4, 2) V=(5, 6, 3) d_s=4 v_s=3 u_s=1 v/u=3 ell=1 -> (18,12)
AUTO  n= 72 m= 48 M=(-48, 8, 60, 70) d=(72, 24, 8, 4, 2) V=(3, 1, 3) d_s=4 v_s=3 u_s=1 v/u=3 ell=1 -> (18,12)
AUTO  n= 72 m= 48 M=(-48, 32, 68, 70) d=(72, 24, 8, 4, 2) V=(1, 5, 3) d_s=4 v_s=3 u_s=1 v/u=3 ell=1 -> (18,12)
LIVE  n= 72 m= 48 M=(-48, 60, 70) d=(72, 24, 12, 2) V=(11, 10) d_s=12 v_s=10 u_s=2 v/u=5 ell=7 -> (12,8)
AUTO  n= 72 m= 48 M=(-48, -36, -16, 70) d=(72, 24, 12, 4, 2) V=(2, 9, 3) d_s=4 v_s=3 u_s=1 v/u=3 ell=1 -> (18,12)
AUTO  n= 72 m= 48 M=(-48, -36, 4, 70) d=(72, 24, 12, 4, 2) V=(2, 9, 3) d_s=4 v_s=3 u_s=1 v/u=3 ell=1 -> (18,12)
AUTO  n= 72 m= 48 M=(-48, -36, 28, 70) d=(72, 24, 12, 4, 2) V=(1, 9, 3) d_s=4 v_s=3 u_s=1 v/u=3 ell=1 -> (18,12)
AUTO  n= 72 m= 48 M=(-48, -36, 28, 70) d=(72, 24, 12, 4, 2) V=(2, 9, 3) d_s=4 v_s=3 u_s=1 v/u=3 ell=1 -> (18,12)
AUTO  n= 72 m= 48 M=(-48, -36, 44, 70) d=(72, 24, 12, 4, 2) V=(2, 9, 3) d_s=4 v_s=3 u_s=1 v/u=3 ell=1 -> (18,12)
AUTO  n= 72 m= 48 M=(-48, -36, 64, 70) d=(72, 24, 12, 4, 2) V=(1, 4, 3) d_s=4 v_s=3 u_s=1 v/u=3 ell=1 -> (18,12)
AUTO  n= 72 m= 48 M=(-48, -36, 64, 70) d=(72, 24, 12, 4, 2) V=(2, 9, 3) d_s=4 v_s=3 u_s=1 v/u=3 ell=1 -> (18,12)
AUTO  n= 72 m= 48 M=(-48, -12, 52, 70) d=(72, 24, 12, 4, 2) V=(2, 1, 3) d_s=4 v_s=3 u_s=1 v/u=3 ell=1 -> (18,12)
AUTO  n= 72 m= 48 M=(-48, -12, 68, 70) d=(72, 24, 12, 4, 2) V=(2, 7, 3) d_s=4 v_s=3 u_s=1 v/u=3 ell=1 -> (18,12)
AUTO  n= 72 m= 48 M=(-48, 12, 28, 70) d=(72, 24, 12, 4, 2) V=(1, 9, 3) d_s=4 v_s=3 u_s=1 v/u=3 ell=1 -> (18,12)
AUTO  n= 72 m= 48 M=(-48, 12, 56, 70) d=(72, 24, 12, 4, 2) V=(2, 9, 3) d_s=4 v_s=3 u_s=1 v/u=3 ell=1 -> (18,12)
AUTO  n= 72 m= 48 M=(-48, 36, 44, 70) d=(72, 24, 12, 4, 2) V=(1, 9, 3) d_s=4 v_s=3 u_s=1 v/u=3 ell=1 -> (18,12)
AUTO  n= 72 m= 48 M=(-48, 36, 68, 70) d=(72, 24, 12, 4, 2) V=(3, 5, 3) d_s=4 v_s=3 u_s=1 v/u=3 ell=1 -> (18,12)
AUTO  n= 72 m= 48 M=(-48, 60, 68, 70) d=(72, 24, 12, 4, 2) V=(11, 7, 3) d_s=4 v_s=3 u_s=1 v/u=3 ell=1 -> (18,12)
AUTO  n= 72 m= 48 M=(-48, -36, 42, 70) d=(72, 24, 12, 6, 2) V=(2, 1, 5) d_s=6 v_s=5 u_s=1 v/u=5 ell=3 -> (12,8)
LIVE  n= 72 m= 48 M=(-48, -12, 18, 70) d=(72, 24, 12, 6, 2) V=(1, 8, 4) d_s=6 v_s=4 u_s=2 v/u=2 ell=1 -> (24,16)
LIVE  n= 72 m= 48 M=(-48, -12, 18, 70) d=(72, 24, 12, 6, 2) V=(5, 8, 4) d_s=6 v_s=4 u_s=2 v/u=2 ell=1 -> (24,16)
AUTO  n= 72 m= 48 M=(-48, -12, 18, 70) d=(72, 24, 12, 6, 2) V=(20, 10, 5) d_s=6 v_s=5 u_s=1 v/u=5 ell=3 -> (12,8)
AUTO  n= 72 m= 48 M=(-48, -12, 42, 70) d=(72, 24, 12, 6, 2) V=(2, 1, 5) d_s=6 v_s=5 u_s=1 v/u=5 ell=3 -> (12,8)
AUTO  n= 72 m= 48 M=(-48, -12, 42, 70) d=(72, 24, 12, 6, 2) V=(1, 4, 5) d_s=6 v_s=5 u_s=1 v/u=5 ell=3 -> (12,8)
AUTO  n= 72 m= 48 M=(-48, -12, 42, 70) d=(72, 24, 12, 6, 2) V=(2, 4, 5) d_s=6 v_s=5 u_s=1 v/u=5 ell=3 -> (12,8)
LIVE  n= 72 m= 48 M=(-48, -12, 54, 70) d=(72, 24, 12, 6, 2) V=(1, 8, 4) d_s=6 v_s=4 u_s=2 v/u=2 ell=1 -> (24,16)
LIVE  n= 72 m= 48 M=(-48, -12, 54, 70) d=(72, 24, 12, 6, 2) V=(2, 8, 4) d_s=6 v_s=4 u_s=2 v/u=2 ell=1 -> (24,16)
AUTO  n= 72 m= 48 M=(-48, -12, 54, 70) d=(72, 24, 12, 6, 2) V=(2, 1, 5) d_s=6 v_s=5 u_s=1 v/u=5 ell=3 -> (12,8)
LIVE  n= 72 m= 48 M=(-48, 12, 30, 70) d=(72, 24, 12, 6, 2) V=(1, 8, 4) d_s=6 v_s=4 u_s=2 v/u=2 ell=1 -> (24,16)
AUTO  n= 72 m= 48 M=(-48, 12, 42, 70) d=(72, 24, 12, 6, 2) V=(2, 1, 5) d_s=6 v_s=5 u_s=1 v/u=5 ell=3 -> (12,8)
AUTO  n= 72 m= 48 M=(-48, 12, 54, 70) d=(72, 24, 12, 6, 2) V=(1, 10, 5) d_s=6 v_s=5 u_s=1 v/u=5 ell=3 -> (12,8)
LIVE  n= 72 m= 48 M=(-48, 12, 66, 70) d=(72, 24, 12, 6, 2) V=(1, 8, 4) d_s=6 v_s=4 u_s=2 v/u=2 ell=1 -> (24,16)
AUTO  n= 72 m= 48 M=(-48, 12, 66, 70) d=(72, 24, 12, 6, 2) V=(1, 8, 5) d_s=6 v_s=5 u_s=1 v/u=5 ell=3 -> (12,8)
AUTO  n= 72 m= 48 M=(-48, 36, 42, 70) d=(72, 24, 12, 6, 2) V=(2, 1, 5) d_s=6 v_s=5 u_s=1 v/u=5 ell=3 -> (12,8)
LIVE  n= 72 m= 48 M=(-48, 36, 66, 70) d=(72, 24, 12, 6, 2) V=(3, 5, 4) d_s=6 v_s=4 u_s=2 v/u=2 ell=1 -> (24,16)
AUTO  n= 72 m= 48 M=(-48, 36, 66, 70) d=(72, 24, 12, 6, 2) V=(3, 7, 5) d_s=6 v_s=5 u_s=1 v/u=5 ell=3 -> (12,8)
AUTO  n= 72 m= 48 M=(-48, 60, 66, 70) d=(72, 24, 12, 6, 2) V=(11, 10, 5) d_s=6 v_s=5 u_s=1 v/u=5 ell=3 -> (12,8)
AUTO  n= 75 m= 50 M=(-50, 5, 73) d=(75, 25, 5, 1) V=(20, 4) d_s=5 v_s=4 u_s=1 v/u=4 ell=2 -> (15,10)
AUTO  n= 75 m= 50 M=(-50, 10, 73) d=(75, 25, 5, 1) V=(1, 4) d_s=5 v_s=4 u_s=1 v/u=4 ell=2 -> (15,10)
AUTO  n= 75 m= 50 M=(-50, 40, 73) d=(75, 25, 5, 1) V=(1, 4) d_s=5 v_s=4 u_s=1 v/u=4 ell=2 -> (15,10)
AUTO  n= 75 m= 50 M=(-50, 40, 73) d=(75, 25, 5, 1) V=(2, 4) d_s=5 v_s=4 u_s=1 v/u=4 ell=2 -> (15,10)
AUTO  n= 75 m= 50 M=(-50, 40, 73) d=(75, 25, 5, 1) V=(11, 4) d_s=5 v_s=4 u_s=1 v/u=4 ell=2 -> (15,10)
AUTO  n= 75 m= 50 M=(-50, 55, 73) d=(75, 25, 5, 1) V=(2, 4) d_s=5 v_s=4 u_s=1 v/u=4 ell=2 -> (15,10)
AUTO  n= 75 m= 50 M=(-50, 55, 73) d=(75, 25, 5, 1) V=(3, 4) d_s=5 v_s=4 u_s=1 v/u=4 ell=2 -> (15,10)
AUTO  n= 75 m= 50 M=(-50, 60, 73) d=(75, 25, 5, 1) V=(9, 4) d_s=5 v_s=4 u_s=1 v/u=4 ell=2 -> (15,10)
AUTO  n= 75 m= 50 M=(-50, 60, 73) d=(75, 25, 5, 1) V=(20, 4) d_s=5 v_s=4 u_s=1 v/u=4 ell=2 -> (15,10)
AUTO  n= 80 m= 32 M=(-32, 52, 78) d=(80, 16, 4, 2) V=(1, 3) d_s=4 v_s=3 u_s=1 v/u=3 ell=1 -> (20,8)
AUTO  n= 80 m= 48 M=(-48, 28, 78) d=(80, 16, 4, 2) V=(12, 3) d_s=4 v_s=3 u_s=1 v/u=3 ell=1 -> (20,12)
AUTO  n= 80 m= 48 M=(-48, 52, 78) d=(80, 16, 4, 2) V=(2, 3) d_s=4 v_s=3 u_s=1 v/u=3 ell=1 -> (20,12)
AUTO  n= 80 m= 32 M=(-32, 56, 78) d=(80, 16, 8, 2) V=(1, 7) d_s=8 v_s=7 u_s=1 v/u=7 ell=5 -> (10,4)
AUTO  n= 80 m= 32 M=(-32, -8, 44, 78) d=(80, 16, 8, 4, 2) V=(1, 6, 3) d_s=4 v_s=3 u_s=1 v/u=3 ell=1 -> (20,8)
AUTO  n= 80 m= 32 M=(-32, 40, 76, 78) d=(80, 16, 8, 4, 2) V=(1, 5, 3) d_s=4 v_s=3 u_s=1 v/u=3 ell=1 -> (20,8)
AUTO  n= 80 m= 32 M=(-32, 56, 76, 78) d=(80, 16, 8, 4, 2) V=(8, 4, 3) d_s=4 v_s=3 u_s=1 v/u=3 ell=1 -> (20,8)
AUTO  n= 80 m= 48 M=(-48, -40, 28, 78) d=(80, 16, 8, 4, 2) V=(12, 6, 3) d_s=4 v_s=3 u_s=1 v/u=3 ell=1 -> (20,12)
AUTO  n= 80 m= 48 M=(-48, -24, 28, 78) d=(80, 16, 8, 4, 2) V=(12, 6, 3) d_s=4 v_s=3 u_s=1 v/u=3 ell=1 -> (20,12)
AUTO  n= 80 m= 48 M=(-48, -24, 68, 78) d=(80, 16, 8, 4, 2) V=(2, 1, 3) d_s=4 v_s=3 u_s=1 v/u=3 ell=1 -> (20,12)
AUTO  n= 80 m= 48 M=(-48, -8, 28, 78) d=(80, 16, 8, 4, 2) V=(12, 6, 3) d_s=4 v_s=3 u_s=1 v/u=3 ell=1 -> (20,12)
AUTO  n= 80 m= 48 M=(-48, -8, 44, 78) d=(80, 16, 8, 4, 2) V=(2, 6, 3) d_s=4 v_s=3 u_s=1 v/u=3 ell=1 -> (20,12)
AUTO  n= 80 m= 48 M=(-48, -8, 68, 78) d=(80, 16, 8, 4, 2) V=(2, 1, 3) d_s=4 v_s=3 u_s=1 v/u=3 ell=1 -> (20,12)
AUTO  n= 80 m= 48 M=(-48, 8, 28, 78) d=(80, 16, 8, 4, 2) V=(12, 6, 3) d_s=4 v_s=3 u_s=1 v/u=3 ell=1 -> (20,12)
AUTO  n= 80 m= 48 M=(-48, 24, 28, 78) d=(80, 16, 8, 4, 2) V=(12, 6, 3) d_s=4 v_s=3 u_s=1 v/u=3 ell=1 -> (20,12)
AUTO  n= 80 m= 48 M=(-48, 24, 68, 78) d=(80, 16, 8, 4, 2) V=(2, 1, 3) d_s=4 v_s=3 u_s=1 v/u=3 ell=1 -> (20,12)
AUTO  n= 80 m= 64 M=(-64, -24, 4, 78) d=(80, 16, 8, 4, 2) V=(1, 6, 3) d_s=4 v_s=3 u_s=1 v/u=3 ell=1 -> (20,16)
AUTO  n= 80 m= 64 M=(-64, -24, 20, 78) d=(80, 16, 8, 4, 2) V=(1, 6, 3) d_s=4 v_s=3 u_s=1 v/u=3 ell=1 -> (20,16)
AUTO  n= 80 m= 64 M=(-64, -24, 60, 78) d=(80, 16, 8, 4, 2) V=(1, 6, 3) d_s=4 v_s=3 u_s=1 v/u=3 ell=1 -> (20,16)
AUTO  n= 80 m= 64 M=(-64, -8, 44, 78) d=(80, 16, 8, 4, 2) V=(1, 6, 3) d_s=4 v_s=3 u_s=1 v/u=3 ell=1 -> (20,16)
AUTO  n= 80 m= 64 M=(-64, -8, 68, 78) d=(80, 16, 8, 4, 2) V=(4, 2, 3) d_s=4 v_s=3 u_s=1 v/u=3 ell=1 -> (20,16)
AUTO  n= 80 m= 60 M=(-60, -8, 78) d=(80, 20, 4, 2) V=(15, 3) d_s=4 v_s=3 u_s=1 v/u=3 ell=1 -> (20,15)
AUTO  n= 80 m= 60 M=(-60, 44, 78) d=(80, 20, 4, 2) V=(1, 3) d_s=4 v_s=3 u_s=1 v/u=3 ell=1 -> (20,15)
AUTO  n= 80 m= 60 M=(-60, 44, 78) d=(80, 20, 4, 2) V=(2, 3) d_s=4 v_s=3 u_s=1 v/u=3 ell=1 -> (20,15)
AUTO  n= 80 m= 60 M=(-60, 44, 78) d=(80, 20, 4, 2) V=(15, 3) d_s=4 v_s=3 u_s=1 v/u=3 ell=1 -> (20,15)
AUTO  n= 80 m= 60 M=(-60, 52, 78) d=(80, 20, 4, 2) V=(1, 3) d_s=4 v_s=3 u_s=1 v/u=3 ell=1 -> (20,15)
AUTO  n= 80 m= 60 M=(-60, 68, 78) d=(80, 20, 4, 2) V=(7, 3) d_s=4 v_s=3 u_s=1 v/u=3 ell=1 -> (20,15)
AUTO  n= 80 m= 60 M=(-60, 45, 78) d=(80, 20, 5, 1) V=(1, 4) d_s=5 v_s=4 u_s=1 v/u=4 ell=2 -> (16,12)
LIVE  n= 80 m= 60 M=(-60, 30, 78) d=(80, 20, 10, 2) V=(1, 8) d_s=10 v_s=8 u_s=2 v/u=4 ell=5 -> (16,12)
AUTO  n= 80 m= 60 M=(-60, 30, 78) d=(80, 20, 10, 2) V=(1, 9) d_s=10 v_s=9 u_s=1 v/u=9 ell=7 -> (8,6)
AUTO  n= 80 m= 60 M=(-60, 50, 78) d=(80, 20, 10, 2) V=(1, 9) d_s=10 v_s=9 u_s=1 v/u=9 ell=7 -> (8,6)
LIVE  n= 80 m= 60 M=(-60, -50, -15, 78) d=(80, 20, 10, 5, 1) V=(1, 6, 3) d_s=5 v_s=3 u_s=2 v/u=3/2 ell=0 -> (32,24)
LIVE  n= 80 m= 60 M=(-60, -50, 5, 78) d=(80, 20, 10, 5, 1) V=(1, 6, 3) d_s=5 v_s=3 u_s=2 v/u=3/2 ell=0 -> (32,24)
LIVE  n= 80 m= 60 M=(-60, -50, 55, 78) d=(80, 20, 10, 5, 1) V=(1, 6, 3) d_s=5 v_s=3 u_s=2 v/u=3/2 ell=0 -> (32,24)
LIVE  n= 80 m= 60 M=(-60, -30, 35, 78) d=(80, 20, 10, 5, 1) V=(1, 6, 3) d_s=5 v_s=3 u_s=2 v/u=3/2 ell=0 -> (32,24)
LIVE  n= 80 m= 60 M=(-60, -30, 35, 78) d=(80, 20, 10, 5, 1) V=(7, 6, 3) d_s=5 v_s=3 u_s=2 v/u=3/2 ell=0 -> (32,24)
AUTO  n= 80 m= 60 M=(-60, 10, 35, 78) d=(80, 20, 10, 5, 1) V=(1, 8, 4) d_s=5 v_s=4 u_s=1 v/u=4 ell=2 -> (16,12)
AUTO  n= 80 m= 60 M=(-60, 10, 65, 78) d=(80, 20, 10, 5, 1) V=(1, 8, 4) d_s=5 v_s=4 u_s=1 v/u=4 ell=2 -> (16,12)
AUTO  n= 80 m= 60 M=(-60, 30, 35, 78) d=(80, 20, 10, 5, 1) V=(1, 8, 4) d_s=5 v_s=4 u_s=1 v/u=4 ell=2 -> (16,12)
AUTO  n= 80 m= 60 M=(-60, 30, 35, 78) d=(80, 20, 10, 5, 1) V=(3, 8, 4) d_s=5 v_s=4 u_s=1 v/u=4 ell=2 -> (16,12)
AUTO  n= 80 m= 60 M=(-60, 30, 45, 78) d=(80, 20, 10, 5, 1) V=(1, 8, 4) d_s=5 v_s=4 u_s=1 v/u=4 ell=2 -> (16,12)
AUTO  n= 80 m= 60 M=(-60, 30, 55, 78) d=(80, 20, 10, 5, 1) V=(1, 8, 4) d_s=5 v_s=4 u_s=1 v/u=4 ell=2 -> (16,12)
AUTO  n= 80 m= 60 M=(-60, 30, 65, 78) d=(80, 20, 10, 5, 1) V=(1, 8, 4) d_s=5 v_s=4 u_s=1 v/u=4 ell=2 -> (16,12)
AUTO  n= 80 m= 60 M=(-60, 30, 75, 78) d=(80, 20, 10, 5, 1) V=(1, 5, 4) d_s=5 v_s=4 u_s=1 v/u=4 ell=2 -> (16,12)
AUTO  n= 80 m= 60 M=(-60, 30, 75, 78) d=(80, 20, 10, 5, 1) V=(1, 8, 4) d_s=5 v_s=4 u_s=1 v/u=4 ell=2 -> (16,12)
LIVE  n= 81 m= 54 M=(-54, -36, 79) d=(81, 27, 9, 1) V=(1, 7) d_s=9 v_s=7 u_s=2 v/u=7/2 ell=4 -> (18,12)
LIVE  n= 81 m= 54 M=(-54, 63, 79) d=(81, 27, 9, 1) V=(8, 7) d_s=9 v_s=7 u_s=2 v/u=7/2 ell=4 -> (18,12)
AUTO  n= 84 m= 63 M=(-63, 7, 82) d=(84, 21, 7, 1) V=(1, 6) d_s=7 v_s=6 u_s=1 v/u=6 ell=4 -> (12,9)
LIVE  n= 84 m= 63 M=(-63, 28, 82) d=(84, 21, 7, 1) V=(2, 5) d_s=7 v_s=5 u_s=2 v/u=5/2 ell=2 -> (24,18)
LIVE  n= 84 m= 63 M=(-63, 49, 82) d=(84, 21, 7, 1) V=(1, 5) d_s=7 v_s=5 u_s=2 v/u=5/2 ell=2 -> (24,18)
LIVE  n= 84 m= 63 M=(-63, 49, 82) d=(84, 21, 7, 1) V=(7, 5) d_s=7 v_s=5 u_s=2 v/u=5/2 ell=2 -> (24,18)
LIVE  n= 84 m= 63 M=(-63, 77, 82) d=(84, 21, 7, 1) V=(7, 5) d_s=7 v_s=5 u_s=2 v/u=5/2 ell=2 -> (24,18)
AUTO  n= 84 m= 56 M=(-56, 32, 82) d=(84, 28, 4, 2) V=(1, 3) d_s=4 v_s=3 u_s=1 v/u=3 ell=1 -> (21,14)
AUTO  n= 84 m= 56 M=(-56, 40, 82) d=(84, 28, 4, 2) V=(1, 3) d_s=4 v_s=3 u_s=1 v/u=3 ell=1 -> (21,14)
AUTO  n= 84 m= 56 M=(-56, 40, 82) d=(84, 28, 4, 2) V=(5, 3) d_s=4 v_s=3 u_s=1 v/u=3 ell=1 -> (21,14)
AUTO  n= 84 m= 56 M=(-56, 48, 82) d=(84, 28, 4, 2) V=(1, 3) d_s=4 v_s=3 u_s=1 v/u=3 ell=1 -> (21,14)
AUTO  n= 84 m= 56 M=(-56, 48, 82) d=(84, 28, 4, 2) V=(8, 3) d_s=4 v_s=3 u_s=1 v/u=3 ell=1 -> (21,14)
AUTO  n= 84 m= 56 M=(-56, 64, 82) d=(84, 28, 4, 2) V=(2, 3) d_s=4 v_s=3 u_s=1 v/u=3 ell=1 -> (21,14)
AUTO  n= 84 m= 56 M=(-56, 72, 82) d=(84, 28, 4, 2) V=(5, 3) d_s=4 v_s=3 u_s=1 v/u=3 ell=1 -> (21,14)
AUTO  n= 84 m= 56 M=(-56, 72, 82) d=(84, 28, 4, 2) V=(13, 3) d_s=4 v_s=3 u_s=1 v/u=3 ell=1 -> (21,14)
LIVE  n= 84 m= 56 M=(-56, 7, 82) d=(84, 28, 7, 1) V=(2, 5) d_s=7 v_s=5 u_s=2 v/u=5/2 ell=2 -> (24,16)
LIVE  n= 84 m= 56 M=(-56, 21, 82) d=(84, 28, 7, 1) V=(20, 5) d_s=7 v_s=5 u_s=2 v/u=5/2 ell=2 -> (24,16)
LIVE  n= 84 m= 56 M=(-56, 49, 82) d=(84, 28, 7, 1) V=(2, 5) d_s=7 v_s=5 u_s=2 v/u=5/2 ell=2 -> (24,16)
AUTO  n= 84 m= 56 M=(-56, 63, 82) d=(84, 28, 7, 1) V=(7, 6) d_s=7 v_s=6 u_s=1 v/u=6 ell=4 -> (12,8)
LIVE  n= 84 m= 56 M=(-56, -14, 82) d=(84, 28, 14, 2) V=(1, 11) d_s=14 v_s=11 u_s=3 v/u=11/3 ell=7 -> (18,12)
AUTO  n= 84 m= 56 M=(-56, -14, 82) d=(84, 28, 14, 2) V=(1, 13) d_s=14 v_s=13 u_s=1 v/u=13 ell=11 -> (6,4)
LIVE  n= 84 m= 56 M=(-56, 42, 82) d=(84, 28, 14, 2) V=(1, 9) d_s=14 v_s=9 u_s=5 v/u=9/5 ell=3 -> (30,20)
LIVE  n= 84 m= 56 M=(-56, 42, 82) d=(84, 28, 14, 2) V=(3, 11) d_s=14 v_s=11 u_s=3 v/u=11/3 ell=7 -> (18,12)
LIVE  n= 84 m= 56 M=(-56, 42, 82) d=(84, 28, 14, 2) V=(1, 12) d_s=14 v_s=12 u_s=2 v/u=6 ell=9 -> (12,8)
LIVE  n= 84 m= 56 M=(-56, 42, 82) d=(84, 28, 14, 2) V=(3, 12) d_s=14 v_s=12 u_s=2 v/u=6 ell=9 -> (12,8)
AUTO  n= 84 m= 56 M=(-56, 42, 82) d=(84, 28, 14, 2) V=(1, 13) d_s=14 v_s=13 u_s=1 v/u=13 ell=11 -> (6,4)
LIVE  n= 84 m= 56 M=(-56, 70, 82) d=(84, 28, 14, 2) V=(11, 10) d_s=14 v_s=10 u_s=4 v/u=5/2 ell=5 -> (24,16)
LIVE  n= 84 m= 56 M=(-56, -42, 21, 82) d=(84, 28, 14, 7, 1) V=(20, 10, 5) d_s=7 v_s=5 u_s=2 v/u=5/2 ell=2 -> (24,16)
LIVE  n= 84 m= 56 M=(-56, -42, 49, 82) d=(84, 28, 14, 7, 1) V=(2, 1, 5) d_s=7 v_s=5 u_s=2 v/u=5/2 ell=2 -> (24,16)
LIVE  n= 84 m= 56 M=(-56, -14, 21, 82) d=(84, 28, 14, 7, 1) V=(1, 8, 4) d_s=7 v_s=4 u_s=3 v/u=4/3 ell=0 -> (36,24)
LIVE  n= 84 m= 56 M=(-56, -14, 21, 82) d=(84, 28, 14, 7, 1) V=(20, 10, 5) d_s=7 v_s=5 u_s=2 v/u=5/2 ell=2 -> (24,16)
LIVE  n= 84 m= 56 M=(-56, -14, 49, 82) d=(84, 28, 14, 7, 1) V=(2, 1, 5) d_s=7 v_s=5 u_s=2 v/u=5/2 ell=2 -> (24,16)
LIVE  n= 84 m= 56 M=(-56, -14, 63, 82) d=(84, 28, 14, 7, 1) V=(1, 8, 4) d_s=7 v_s=4 u_s=3 v/u=4/3 ell=0 -> (36,24)
LIVE  n= 84 m= 56 M=(-56, -14, 63, 82) d=(84, 28, 14, 7, 1) V=(2, 8, 4) d_s=7 v_s=4 u_s=3 v/u=4/3 ell=0 -> (36,24)
LIVE  n= 84 m= 56 M=(-56, 14, 21, 82) d=(84, 28, 14, 7, 1) V=(20, 10, 5) d_s=7 v_s=5 u_s=2 v/u=5/2 ell=2 -> (24,16)
LIVE  n= 84 m= 56 M=(-56, 14, 35, 82) d=(84, 28, 14, 7, 1) V=(1, 8, 4) d_s=7 v_s=4 u_s=3 v/u=4/3 ell=0 -> (36,24)
LIVE  n= 84 m= 56 M=(-56, 14, 49, 82) d=(84, 28, 14, 7, 1) V=(2, 1, 5) d_s=7 v_s=5 u_s=2 v/u=5/2 ell=2 -> (24,16)
LIVE  n= 84 m= 56 M=(-56, 14, 63, 82) d=(84, 28, 14, 7, 1) V=(1, 10, 5) d_s=7 v_s=5 u_s=2 v/u=5/2 ell=2 -> (24,16)
LIVE  n= 84 m= 56 M=(-56, 14, 63, 82) d=(84, 28, 14, 7, 1) V=(2, 10, 5) d_s=7 v_s=5 u_s=2 v/u=5/2 ell=2 -> (24,16)
LIVE  n= 84 m= 56 M=(-56, 14, 77, 82) d=(84, 28, 14, 7, 1) V=(1, 8, 4) d_s=7 v_s=4 u_s=3 v/u=4/3 ell=0 -> (36,24)
AUTO  n= 84 m= 56 M=(-56, 14, 77, 82) d=(84, 28, 14, 7, 1) V=(1, 8, 6) d_s=7 v_s=6 u_s=1 v/u=6 ell=4 -> (12,8)
LIVE  n= 84 m= 56 M=(-56, 42, 49, 82) d=(84, 28, 14, 7, 1) V=(2, 1, 5) d_s=7 v_s=5 u_s=2 v/u=5/2 ell=2 -> (24,16)
AUTO  n= 84 m= 56 M=(-56, 42, 49, 82) d=(84, 28, 14, 7, 1) V=(1, 12, 6) d_s=7 v_s=6 u_s=1 v/u=6 ell=4 -> (12,8)
AUTO  n= 84 m= 56 M=(-56, 42, 49, 82) d=(84, 28, 14, 7, 1) V=(3, 12, 6) d_s=7 v_s=6 u_s=1 v/u=6 ell=4 -> (12,8)
AUTO  n= 84 m= 56 M=(-56, 42, 63, 82) d=(84, 28, 14, 7, 1) V=(1, 12, 6) d_s=7 v_s=6 u_s=1 v/u=6 ell=4 -> (12,8)
AUTO  n= 84 m= 56 M=(-56, 42, 63, 82) d=(84, 28, 14, 7, 1) V=(3, 12, 6) d_s=7 v_s=6 u_s=1 v/u=6 ell=4 -> (12,8)
AUTO  n= 84 m= 56 M=(-56, 42, 63, 82) d=(84, 28, 14, 7, 1) V=(24, 12, 6) d_s=7 v_s=6 u_s=1 v/u=6 ell=4 -> (12,8)
AUTO  n= 84 m= 56 M=(-56, 42, 77, 82) d=(84, 28, 14, 7, 1) V=(3, 7, 6) d_s=7 v_s=6 u_s=1 v/u=6 ell=4 -> (12,8)
AUTO  n= 84 m= 56 M=(-56, 42, 77, 82) d=(84, 28, 14, 7, 1) V=(1, 12, 6) d_s=7 v_s=6 u_s=1 v/u=6 ell=4 -> (12,8)
AUTO  n= 84 m= 56 M=(-56, 42, 77, 82) d=(84, 28, 14, 7, 1) V=(3, 12, 6) d_s=7 v_s=6 u_s=1 v/u=6 ell=4 -> (12,8)
LIVE  n= 84 m= 56 M=(-56, 70, 77, 82) d=(84, 28, 14, 7, 1) V=(5, 10, 5) d_s=7 v_s=5 u_s=2 v/u=5/2 ell=2 -> (24,16)
LIVE  n= 84 m= 56 M=(-56, 70, 77, 82) d=(84, 28, 14, 7, 1) V=(11, 10, 5) d_s=7 v_s=5 u_s=2 v/u=5/2 ell=2 -> (24,16)
AUTO  n= 84 m= 56 M=(-56, 70, 77, 82) d=(84, 28, 14, 7, 1) V=(11, 10, 6) d_s=7 v_s=6 u_s=1 v/u=6 ell=4 -> (12,8)
LIVE  n= 88 m= 66 M=(-66, -33, 86) d=(88, 22, 11, 1) V=(1, 9) d_s=11 v_s=9 u_s=2 v/u=9/2 ell=6 -> (16,12)
AUTO  n= 90 m= 36 M=(-36, 42, 88) d=(90, 18, 6, 2) V=(15, 5) d_s=6 v_s=5 u_s=1 v/u=5 ell=3 -> (15,6)
AUTO  n= 90 m= 36 M=(-36, 60, 88) d=(90, 18, 6, 2) V=(3, 5) d_s=6 v_s=5 u_s=1 v/u=5 ell=3 -> (15,6)
LIVE  n= 90 m= 54 M=(-54, 60, 88) d=(90, 18, 6, 2) V=(12, 4) d_s=6 v_s=4 u_s=2 v/u=2 ell=1 -> (30,18)
AUTO  n= 90 m= 72 M=(-72, 60, 88) d=(90, 18, 6, 2) V=(1, 5) d_s=6 v_s=5 u_s=1 v/u=5 ell=3 -> (15,12)
AUTO  n= 90 m= 60 M=(-60, 25, 88) d=(90, 30, 5, 1) V=(7, 4) d_s=5 v_s=4 u_s=1 v/u=4 ell=2 -> (18,12)
AUTO  n= 90 m= 60 M=(-60, -12, 88) d=(90, 30, 6, 2) V=(1, 5) d_s=6 v_s=5 u_s=1 v/u=5 ell=3 -> (15,10)
AUTO  n= 90 m= 60 M=(-60, 12, 88) d=(90, 30, 6, 2) V=(1, 5) d_s=6 v_s=5 u_s=1 v/u=5 ell=3 -> (15,10)
AUTO  n= 90 m= 60 M=(-60, 36, 88) d=(90, 30, 6, 2) V=(1, 5) d_s=6 v_s=5 u_s=1 v/u=5 ell=3 -> (15,10)
AUTO  n= 90 m= 60 M=(-60, 48, 88) d=(90, 30, 6, 2) V=(1, 5) d_s=6 v_s=5 u_s=1 v/u=5 ell=3 -> (15,10)
LIVE  n= 90 m= 60 M=(-60, 72, 88) d=(90, 30, 6, 2) V=(9, 4) d_s=6 v_s=4 u_s=2 v/u=2 ell=1 -> (30,20)
LIVE  n= 90 m= 60 M=(-60, -20, 88) d=(90, 30, 10, 2) V=(1, 7) d_s=10 v_s=7 u_s=3 v/u=7/3 ell=3 -> (27,18)
LIVE  n= 90 m= 60 M=(-60, 10, 88) d=(90, 30, 10, 2) V=(1, 8) d_s=10 v_s=8 u_s=2 v/u=4 ell=5 -> (18,12)
LIVE  n= 90 m= 60 M=(-60, 10, 88) d=(90, 30, 10, 2) V=(3, 8) d_s=10 v_s=8 u_s=2 v/u=4 ell=5 -> (18,12)
LIVE  n= 90 m= 60 M=(-60, 20, 88) d=(90, 30, 10, 2) V=(1, 7) d_s=10 v_s=7 u_s=3 v/u=7/3 ell=3 -> (27,18)
LIVE  n= 90 m= 60 M=(-60, 40, 88) d=(90, 30, 10, 2) V=(1, 7) d_s=10 v_s=7 u_s=3 v/u=7/3 ell=3 -> (27,18)
LIVE  n= 90 m= 60 M=(-60, 40, 88) d=(90, 30, 10, 2) V=(1, 8) d_s=10 v_s=8 u_s=2 v/u=4 ell=5 -> (18,12)
AUTO  n= 90 m= 60 M=(-60, 40, 88) d=(90, 30, 10, 2) V=(1, 9) d_s=10 v_s=9 u_s=1 v/u=9 ell=7 -> (9,6)
LIVE  n= 90 m= 60 M=(-60, 70, 88) d=(90, 30, 10, 2) V=(8, 7) d_s=10 v_s=7 u_s=3 v/u=7/3 ell=3 -> (27,18)
LIVE  n= 90 m= 60 M=(-60, 70, 88) d=(90, 30, 10, 2) V=(21, 7) d_s=10 v_s=7 u_s=3 v/u=7/3 ell=3 -> (27,18)
LIVE  n= 90 m= 60 M=(-60, 80, 88) d=(90, 30, 10, 2) V=(17, 8) d_s=10 v_s=8 u_s=2 v/u=4 ell=5 -> (18,12)
LIVE  n= 90 m= 60 M=(-60, -40, -5, 88) d=(90, 30, 10, 5, 1) V=(1, 6, 3) d_s=5 v_s=3 u_s=2 v/u=3/2 ell=0 -> (36,24)
LIVE  n= 90 m= 60 M=(-60, -40, 15, 88) d=(90, 30, 10, 5, 1) V=(1, 6, 3) d_s=5 v_s=3 u_s=2 v/u=3/2 ell=0 -> (36,24)
LIVE  n= 90 m= 60 M=(-60, -40, 65, 88) d=(90, 30, 10, 5, 1) V=(1, 6, 3) d_s=5 v_s=3 u_s=2 v/u=3/2 ell=0 -> (36,24)
AUTO  n= 90 m= 60 M=(-60, -40, 85, 88) d=(90, 30, 10, 5, 1) V=(1, 7, 4) d_s=5 v_s=4 u_s=1 v/u=4 ell=2 -> (18,12)
LIVE  n= 90 m= 60 M=(-60, -20, 5, 88) d=(90, 30, 10, 5, 1) V=(1, 6, 3) d_s=5 v_s=3 u_s=2 v/u=3/2 ell=0 -> (36,24)
LIVE  n= 90 m= 60 M=(-60, -20, 5, 88) d=(90, 30, 10, 5, 1) V=(5, 6, 3) d_s=5 v_s=3 u_s=2 v/u=3/2 ell=0 -> (36,24)
LIVE  n= 90 m= 60 M=(-60, -20, 45, 88) d=(90, 30, 10, 5, 1) V=(1, 6, 3) d_s=5 v_s=3 u_s=2 v/u=3/2 ell=0 -> (36,24)
LIVE  n= 90 m= 60 M=(-60, -20, 55, 88) d=(90, 30, 10, 5, 1) V=(1, 6, 3) d_s=5 v_s=3 u_s=2 v/u=3/2 ell=0 -> (36,24)
LIVE  n= 90 m= 60 M=(-60, -20, 55, 88) d=(90, 30, 10, 5, 1) V=(5, 6, 3) d_s=5 v_s=3 u_s=2 v/u=3/2 ell=0 -> (36,24)
AUTO  n= 90 m= 60 M=(-60, 10, 15, 88) d=(90, 30, 10, 5, 1) V=(1, 8, 4) d_s=5 v_s=4 u_s=1 v/u=4 ell=2 -> (18,12)
AUTO  n= 90 m= 60 M=(-60, 10, 15, 88) d=(90, 30, 10, 5, 1) V=(3, 8, 4) d_s=5 v_s=4 u_s=1 v/u=4 ell=2 -> (18,12)
AUTO  n= 90 m= 60 M=(-60, 10, 25, 88) d=(90, 30, 10, 5, 1) V=(1, 8, 4) d_s=5 v_s=4 u_s=1 v/u=4 ell=2 -> (18,12)
AUTO  n= 90 m= 60 M=(-60, 10, 25, 88) d=(90, 30, 10, 5, 1) V=(3, 8, 4) d_s=5 v_s=4 u_s=1 v/u=4 ell=2 -> (18,12)
AUTO  n= 90 m= 60 M=(-60, 10, 25, 88) d=(90, 30, 10, 5, 1) V=(24, 8, 4) d_s=5 v_s=4 u_s=1 v/u=4 ell=2 -> (18,12)
AUTO  n= 90 m= 60 M=(-60, 10, 35, 88) d=(90, 30, 10, 5, 1) V=(1, 8, 4) d_s=5 v_s=4 u_s=1 v/u=4 ell=2 -> (18,12)
AUTO  n= 90 m= 60 M=(-60, 10, 35, 88) d=(90, 30, 10, 5, 1) V=(3, 8, 4) d_s=5 v_s=4 u_s=1 v/u=4 ell=2 -> (18,12)
AUTO  n= 90 m= 60 M=(-60, 10, 45, 88) d=(90, 30, 10, 5, 1) V=(1, 8, 4) d_s=5 v_s=4 u_s=1 v/u=4 ell=2 -> (18,12)
AUTO  n= 90 m= 60 M=(-60, 10, 45, 88) d=(90, 30, 10, 5, 1) V=(3, 8, 4) d_s=5 v_s=4 u_s=1 v/u=4 ell=2 -> (18,12)
AUTO  n= 90 m= 60 M=(-60, 10, 55, 88) d=(90, 30, 10, 5, 1) V=(1, 8, 4) d_s=5 v_s=4 u_s=1 v/u=4 ell=2 -> (18,12)
AUTO  n= 90 m= 60 M=(-60, 10, 55, 88) d=(90, 30, 10, 5, 1) V=(2, 8, 4) d_s=5 v_s=4 u_s=1 v/u=4 ell=2 -> (18,12)
AUTO  n= 90 m= 60 M=(-60, 10, 55, 88) d=(90, 30, 10, 5, 1) V=(3, 8, 4) d_s=5 v_s=4 u_s=1 v/u=4 ell=2 -> (18,12)
AUTO  n= 90 m= 60 M=(-60, 10, 55, 88) d=(90, 30, 10, 5, 1) V=(17, 8, 4) d_s=5 v_s=4 u_s=1 v/u=4 ell=2 -> (18,12)
AUTO  n= 90 m= 60 M=(-60, 10, 65, 88) d=(90, 30, 10, 5, 1) V=(1, 8, 4) d_s=5 v_s=4 u_s=1 v/u=4 ell=2 -> (18,12)
AUTO  n= 90 m= 60 M=(-60, 10, 65, 88) d=(90, 30, 10, 5, 1) V=(3, 8, 4) d_s=5 v_s=4 u_s=1 v/u=4 ell=2 -> (18,12)
AUTO  n= 90 m= 60 M=(-60, 10, 75, 88) d=(90, 30, 10, 5, 1) V=(1, 8, 4) d_s=5 v_s=4 u_s=1 v/u=4 ell=2 -> (18,12)
AUTO  n= 90 m= 60 M=(-60, 10, 75, 88) d=(90, 30, 10, 5, 1) V=(3, 8, 4) d_s=5 v_s=4 u_s=1 v/u=4 ell=2 -> (18,12)
AUTO  n= 90 m= 60 M=(-60, 10, 85, 88) d=(90, 30, 10, 5, 1) V=(1, 8, 4) d_s=5 v_s=4 u_s=1 v/u=4 ell=2 -> (18,12)
AUTO  n= 90 m= 60 M=(-60, 10, 85, 88) d=(90, 30, 10, 5, 1) V=(3, 8, 4) d_s=5 v_s=4 u_s=1 v/u=4 ell=2 -> (18,12)
AUTO  n= 90 m= 60 M=(-60, 20, 45, 88) d=(90, 30, 10, 5, 1) V=(1, 8, 4) d_s=5 v_s=4 u_s=1 v/u=4 ell=2 -> (18,12)
AUTO  n= 90 m= 60 M=(-60, 20, 45, 88) d=(90, 30, 10, 5, 1) V=(2, 8, 4) d_s=5 v_s=4 u_s=1 v/u=4 ell=2 -> (18,12)
AUTO  n= 90 m= 60 M=(-60, 20, 75, 88) d=(90, 30, 10, 5, 1) V=(1, 8, 4) d_s=5 v_s=4 u_s=1 v/u=4 ell=2 -> (18,12)
AUTO  n= 90 m= 60 M=(-60, 20, 75, 88) d=(90, 30, 10, 5, 1) V=(2, 8, 4) d_s=5 v_s=4 u_s=1 v/u=4 ell=2 -> (18,12)
AUTO  n= 90 m= 60 M=(-60, 40, 45, 88) d=(90, 30, 10, 5, 1) V=(1, 8, 4) d_s=5 v_s=4 u_s=1 v/u=4 ell=2 -> (18,12)
AUTO  n= 90 m= 60 M=(-60, 40, 55, 88) d=(90, 30, 10, 5, 1) V=(1, 8, 4) d_s=5 v_s=4 u_s=1 v/u=4 ell=2 -> (18,12)
AUTO  n= 90 m= 60 M=(-60, 40, 55, 88) d=(90, 30, 10, 5, 1) V=(11, 8, 4) d_s=5 v_s=4 u_s=1 v/u=4 ell=2 -> (18,12)
AUTO  n= 90 m= 60 M=(-60, 40, 65, 88) d=(90, 30, 10, 5, 1) V=(1, 8, 4) d_s=5 v_s=4 u_s=1 v/u=4 ell=2 -> (18,12)
AUTO  n= 90 m= 60 M=(-60, 40, 75, 88) d=(90, 30, 10, 5, 1) V=(1, 8, 4) d_s=5 v_s=4 u_s=1 v/u=4 ell=2 -> (18,12)
AUTO  n= 90 m= 60 M=(-60, 40, 85, 88) d=(90, 30, 10, 5, 1) V=(1, 5, 4) d_s=5 v_s=4 u_s=1 v/u=4 ell=2 -> (18,12)
AUTO  n= 90 m= 60 M=(-60, 40, 85, 88) d=(90, 30, 10, 5, 1) V=(1, 8, 4) d_s=5 v_s=4 u_s=1 v/u=4 ell=2 -> (18,12)
AUTO  n= 90 m= 60 M=(-60, 70, 75, 88) d=(90, 30, 10, 5, 1) V=(9, 8, 4) d_s=5 v_s=4 u_s=1 v/u=4 ell=2 -> (18,12)
AUTO  n= 90 m= 60 M=(-60, 70, 85, 88) d=(90, 30, 10, 5, 1) V=(8, 7, 4) d_s=5 v_s=4 u_s=1 v/u=4 ell=2 -> (18,12)
AUTO  n= 90 m= 60 M=(-60, 80, 85, 88) d=(90, 30, 10, 5, 1) V=(17, 8, 4) d_s=5 v_s=4 u_s=1 v/u=4 ell=2 -> (18,12)
LIVE  n= 90 m= 60 M=(-60, -45, -20, 88) d=(90, 30, 15, 5, 1) V=(2, 9, 3) d_s=5 v_s=3 u_s=2 v/u=3/2 ell=0 -> (36,24)
LIVE  n= 90 m= 60 M=(-60, -45, 5, 88) d=(90, 30, 15, 5, 1) V=(2, 9, 3) d_s=5 v_s=3 u_s=2 v/u=3/2 ell=0 -> (36,24)
LIVE  n= 90 m= 60 M=(-60, -45, 35, 88) d=(90, 30, 15, 5, 1) V=(1, 9, 3) d_s=5 v_s=3 u_s=2 v/u=3/2 ell=0 -> (36,24)
LIVE  n= 90 m= 60 M=(-60, -45, 35, 88) d=(90, 30, 15, 5, 1) V=(2, 9, 3) d_s=5 v_s=3 u_s=2 v/u=3/2 ell=0 -> (36,24)
LIVE  n= 90 m= 60 M=(-60, -45, 55, 88) d=(90, 30, 15, 5, 1) V=(2, 9, 3) d_s=5 v_s=3 u_s=2 v/u=3/2 ell=0 -> (36,24)
LIVE  n= 90 m= 60 M=(-60, -45, 80, 88) d=(90, 30, 15, 5, 1) V=(2, 9, 3) d_s=5 v_s=3 u_s=2 v/u=3/2 ell=0 -> (36,24)
AUTO  n= 90 m= 60 M=(-60, -15, 55, 88) d=(90, 30, 15, 5, 1) V=(2, 1, 4) d_s=5 v_s=4 u_s=1 v/u=4 ell=2 -> (18,12)
AUTO  n= 90 m= 60 M=(-60, -15, 70, 88) d=(90, 30, 15, 5, 1) V=(2, 1, 4) d_s=5 v_s=4 u_s=1 v/u=4 ell=2 -> (18,12)
LIVE  n= 90 m= 60 M=(-60, -15, 85, 88) d=(90, 30, 15, 5, 1) V=(2, 7, 3) d_s=5 v_s=3 u_s=2 v/u=3/2 ell=0 -> (36,24)
AUTO  n= 90 m= 60 M=(-60, -15, 85, 88) d=(90, 30, 15, 5, 1) V=(2, 7, 4) d_s=5 v_s=4 u_s=1 v/u=4 ell=2 -> (18,12)
AUTO  n= 90 m= 60 M=(-60, -15, 85, 88) d=(90, 30, 15, 5, 1) V=(1, 11, 4) d_s=5 v_s=4 u_s=1 v/u=4 ell=2 -> (18,12)
LIVE  n= 90 m= 60 M=(-60, 15, 35, 88) d=(90, 30, 15, 5, 1) V=(1, 9, 3) d_s=5 v_s=3 u_s=2 v/u=3/2 ell=0 -> (36,24)
LIVE  n= 90 m= 60 M=(-60, 15, 70, 88) d=(90, 30, 15, 5, 1) V=(2, 9, 3) d_s=5 v_s=3 u_s=2 v/u=3/2 ell=0 -> (36,24)
LIVE  n= 90 m= 60 M=(-60, 45, 55, 88) d=(90, 30, 15, 5, 1) V=(1, 9, 3) d_s=5 v_s=3 u_s=2 v/u=3/2 ell=0 -> (36,24)
AUTO  n= 90 m= 60 M=(-60, 45, 55, 88) d=(90, 30, 15, 5, 1) V=(1, 1, 4) d_s=5 v_s=4 u_s=1 v/u=4 ell=2 -> (18,12)
AUTO  n= 90 m= 60 M=(-60, 45, 55, 88) d=(90, 30, 15, 5, 1) V=(2, 3, 4) d_s=5 v_s=4 u_s=1 v/u=4 ell=2 -> (18,12)
AUTO  n= 90 m= 60 M=(-60, 45, 70, 88) d=(90, 30, 15, 5, 1) V=(3, 2, 4) d_s=5 v_s=4 u_s=1 v/u=4 ell=2 -> (18,12)
AUTO  n= 90 m= 60 M=(-60, 45, 70, 88) d=(90, 30, 15, 5, 1) V=(3, 7, 4) d_s=5 v_s=4 u_s=1 v/u=4 ell=2 -> (18,12)
AUTO  n= 90 m= 60 M=(-60, 45, 70, 88) d=(90, 30, 15, 5, 1) V=(2, 12, 4) d_s=5 v_s=4 u_s=1 v/u=4 ell=2 -> (18,12)
AUTO  n= 90 m= 60 M=(-60, 45, 70, 88) d=(90, 30, 15, 5, 1) V=(3, 12, 4) d_s=5 v_s=4 u_s=1 v/u=4 ell=2 -> (18,12)
AUTO  n= 90 m= 60 M=(-60, 45, 80, 88) d=(90, 30, 15, 5, 1) V=(2, 5, 4) d_s=5 v_s=4 u_s=1 v/u=4 ell=2 -> (18,12)
AUTO  n= 90 m= 60 M=(-60, 45, 80, 88) d=(90, 30, 15, 5, 1) V=(3, 5, 4) d_s=5 v_s=4 u_s=1 v/u=4 ell=2 -> (18,12)
AUTO  n= 90 m= 60 M=(-60, 45, 80, 88) d=(90, 30, 15, 5, 1) V=(2, 12, 4) d_s=5 v_s=4 u_s=1 v/u=4 ell=2 -> (18,12)
AUTO  n= 90 m= 60 M=(-60, 45, 80, 88) d=(90, 30, 15, 5, 1) V=(3, 12, 4) d_s=5 v_s=4 u_s=1 v/u=4 ell=2 -> (18,12)
LIVE  n= 90 m= 60 M=(-60, 45, 85, 88) d=(90, 30, 15, 5, 1) V=(3, 5, 3) d_s=5 v_s=3 u_s=2 v/u=3/2 ell=0 -> (36,24)
AUTO  n= 90 m= 60 M=(-60, 45, 85, 88) d=(90, 30, 15, 5, 1) V=(3, 5, 4) d_s=5 v_s=4 u_s=1 v/u=4 ell=2 -> (18,12)
AUTO  n= 90 m= 60 M=(-60, 45, 85, 88) d=(90, 30, 15, 5, 1) V=(3, 11, 4) d_s=5 v_s=4 u_s=1 v/u=4 ell=2 -> (18,12)
LIVE  n= 90 m= 60 M=(-60, 75, 85, 88) d=(90, 30, 15, 5, 1) V=(11, 7, 3) d_s=5 v_s=3 u_s=2 v/u=3/2 ell=0 -> (36,24)
AUTO  n= 90 m= 60 M=(-60, 75, 85, 88) d=(90, 30, 15, 5, 1) V=(11, 7, 4) d_s=5 v_s=4 u_s=1 v/u=4 ell=2 -> (18,12)
AUTO  n= 96 m= 80 M=(-80, 40, 94) d=(96, 16, 8, 2) V=(1, 7) d_s=8 v_s=7 u_s=1 v/u=7 ell=5 -> (12,10)
AUTO  n= 96 m= 80 M=(-80, 56, 94) d=(96, 16, 8, 2) V=(14, 7) d_s=8 v_s=7 u_s=1 v/u=7 ell=5 -> (12,10)
AUTO  n= 96 m= 80 M=(-80, -72, 28, 94) d=(96, 16, 8, 4, 2) V=(1, 6, 3) d_s=4 v_s=3 u_s=1 v/u=3 ell=1 -> (24,20)
AUTO  n= 96 m= 80 M=(-80, -24, 84, 94) d=(96, 16, 8, 4, 2) V=(2, 1, 3) d_s=4 v_s=3 u_s=1 v/u=3 ell=1 -> (24,20)
AUTO  n= 96 m= 80 M=(-80, -8, 20, 94) d=(96, 16, 8, 4, 2) V=(1, 6, 3) d_s=4 v_s=3 u_s=1 v/u=3 ell=1 -> (24,20)
AUTO  n= 96 m= 80 M=(-80, -8, 36, 94) d=(96, 16, 8, 4, 2) V=(1, 6, 3) d_s=4 v_s=3 u_s=1 v/u=3 ell=1 -> (24,20)
AUTO  n= 96 m= 80 M=(-80, -8, 36, 94) d=(96, 16, 8, 4, 2) V=(5, 6, 3) d_s=4 v_s=3 u_s=1 v/u=3 ell=1 -> (24,20)
AUTO  n= 96 m= 80 M=(-80, -8, 76, 94) d=(96, 16, 8, 4, 2) V=(1, 6, 3) d_s=4 v_s=3 u_s=1 v/u=3 ell=1 -> (24,20)
AUTO  n= 96 m= 80 M=(-80, 8, 60, 94) d=(96, 16, 8, 4, 2) V=(1, 6, 3) d_s=4 v_s=3 u_s=1 v/u=3 ell=1 -> (24,20)
AUTO  n= 96 m= 80 M=(-80, 24, 92, 94) d=(96, 16, 8, 4, 2) V=(6, 3, 3) d_s=4 v_s=3 u_s=1 v/u=3 ell=1 -> (24,20)
AUTO  n= 96 m= 72 M=(-72, 18, 94) d=(96, 24, 6, 2) V=(1, 5) d_s=6 v_s=5 u_s=1 v/u=5 ell=3 -> (16,12)
AUTO  n= 96 m= 72 M=(-72, 54, 94) d=(96, 24, 6, 2) V=(1, 5) d_s=6 v_s=5 u_s=1 v/u=5 ell=3 -> (16,12)
AUTO  n= 96 m= 72 M=(-72, -8, 94) d=(96, 24, 8, 2) V=(1, 7) d_s=8 v_s=7 u_s=1 v/u=7 ell=5 -> (12,9)
LIVE  n= 96 m= 72 M=(-72, 32, 94) d=(96, 24, 8, 2) V=(15, 5) d_s=8 v_s=5 u_s=3 v/u=5/3 ell=1 -> (36,27)
AUTO  n= 96 m= 72 M=(-72, 40, 94) d=(96, 24, 8, 2) V=(1, 7) d_s=8 v_s=7 u_s=1 v/u=7 ell=5 -> (12,9)
LIVE  n= 96 m= 72 M=(-72, 56, 94) d=(96, 24, 8, 2) V=(1, 5) d_s=8 v_s=5 u_s=3 v/u=5/3 ell=1 -> (36,27)
AUTO  n= 96 m= 72 M=(-72, 56, 94) d=(96, 24, 8, 2) V=(1, 7) d_s=8 v_s=7 u_s=1 v/u=7 ell=5 -> (12,9)
AUTO  n= 96 m= 72 M=(-72, 64, 94) d=(96, 24, 8, 2) V=(1, 7) d_s=8 v_s=7 u_s=1 v/u=7 ell=5 -> (12,9)
AUTO  n= 96 m= 72 M=(-72, -64, -36, 94) d=(96, 24, 8, 4, 2) V=(1, 6, 3) d_s=4 v_s=3 u_s=1 v/u=3 ell=1 -> (24,18)
AUTO  n= 96 m= 72 M=(-72, -64, 4, 94) d=(96, 24, 8, 4, 2) V=(1, 6, 3) d_s=4 v_s=3 u_s=1 v/u=3 ell=1 -> (24,18)
AUTO  n= 96 m= 72 M=(-72, -64, 20, 94) d=(96, 24, 8, 4, 2) V=(1, 6, 3) d_s=4 v_s=3 u_s=1 v/u=3 ell=1 -> (24,18)
AUTO  n= 96 m= 72 M=(-72, -64, 76, 94) d=(96, 24, 8, 4, 2) V=(1, 6, 3) d_s=4 v_s=3 u_s=1 v/u=3 ell=1 -> (24,18)
AUTO  n= 96 m= 72 M=(-72, -32, 44, 94) d=(96, 24, 8, 4, 2) V=(1, 6, 3) d_s=4 v_s=3 u_s=1 v/u=3 ell=1 -> (24,18)
AUTO  n= 96 m= 72 M=(-72, -32, 44, 94) d=(96, 24, 8, 4, 2) V=(3, 6, 3) d_s=4 v_s=3 u_s=1 v/u=3 ell=1 -> (24,18)
AUTO  n= 96 m= 72 M=(-72, -32, 84, 94) d=(96, 24, 8, 4, 2) V=(3, 1, 3) d_s=4 v_s=3 u_s=1 v/u=3 ell=1 -> (24,18)
AUTO  n= 96 m= 72 M=(-72, -8, 20, 94) d=(96, 24, 8, 4, 2) V=(1, 6, 3) d_s=4 v_s=3 u_s=1 v/u=3 ell=1 -> (24,18)
AUTO  n= 96 m= 72 M=(-72, -8, 20, 94) d=(96, 24, 8, 4, 2) V=(7, 6, 3) d_s=4 v_s=3 u_s=1 v/u=3 ell=1 -> (24,18)
AUTO  n= 96 m= 72 M=(-72, -8, 36, 94) d=(96, 24, 8, 4, 2) V=(1, 6, 3) d_s=4 v_s=3 u_s=1 v/u=3 ell=1 -> (24,18)
AUTO  n= 96 m= 72 M=(-72, -8, 76, 94) d=(96, 24, 8, 4, 2) V=(1, 6, 3) d_s=4 v_s=3 u_s=1 v/u=3 ell=1 -> (24,18)
AUTO  n= 96 m= 72 M=(-72, -8, 76, 94) d=(96, 24, 8, 4, 2) V=(7, 6, 3) d_s=4 v_s=3 u_s=1 v/u=3 ell=1 -> (24,18)
AUTO  n= 96 m= 72 M=(-72, 8, 28, 94) d=(96, 24, 8, 4, 2) V=(1, 6, 3) d_s=4 v_s=3 u_s=1 v/u=3 ell=1 -> (24,18)
AUTO  n= 96 m= 72 M=(-72, 8, 60, 94) d=(96, 24, 8, 4, 2) V=(1, 6, 3) d_s=4 v_s=3 u_s=1 v/u=3 ell=1 -> (24,18)
AUTO  n= 96 m= 72 M=(-72, 8, 60, 94) d=(96, 24, 8, 4, 2) V=(3, 6, 3) d_s=4 v_s=3 u_s=1 v/u=3 ell=1 -> (24,18)
AUTO  n= 96 m= 72 M=(-72, 8, 68, 94) d=(96, 24, 8, 4, 2) V=(1, 6, 3) d_s=4 v_s=3 u_s=1 v/u=3 ell=1 -> (24,18)
AUTO  n= 96 m= 72 M=(-72, 8, 84, 94) d=(96, 24, 8, 4, 2) V=(3, 1, 3) d_s=4 v_s=3 u_s=1 v/u=3 ell=1 -> (24,18)
AUTO  n= 96 m= 72 M=(-72, 32, 92, 94) d=(96, 24, 8, 4, 2) V=(2, 5, 3) d_s=4 v_s=3 u_s=1 v/u=3 ell=1 -> (24,18)
AUTO  n= 96 m= 72 M=(-72, 56, 92, 94) d=(96, 24, 8, 4, 2) V=(1, 5, 3) d_s=4 v_s=3 u_s=1 v/u=3 ell=1 -> (24,18)
AUTO  n= 96 m= 72 M=(-72, 56, 92, 94) d=(96, 24, 8, 4, 2) V=(7, 5, 3) d_s=4 v_s=3 u_s=1 v/u=3 ell=1 -> (24,18)
AUTO  n= 96 m= 72 M=(-72, 80, 84, 94) d=(96, 24, 8, 4, 2) V=(7, 6, 3) d_s=4 v_s=3 u_s=1 v/u=3 ell=1 -> (24,18)
AUTO  n= 96 m= 72 M=(-72, 88, 92, 94) d=(96, 24, 8, 4, 2) V=(7, 5, 3) d_s=4 v_s=3 u_s=1 v/u=3 ell=1 -> (24,18)
AUTO  n= 96 m= 72 M=(-72, -36, 94) d=(96, 24, 12, 2) V=(1, 11) d_s=12 v_s=11 u_s=1 v/u=11 ell=9 -> (8,6)
LIVE  n= 96 m= 72 M=(-72, 60, 94) d=(96, 24, 12, 2) V=(1, 9) d_s=12 v_s=9 u_s=3 v/u=3 ell=5 -> (24,18)
AUTO  n= 96 m= 72 M=(-72, -60, 56, 94) d=(96, 24, 12, 4, 2) V=(1, 9, 3) d_s=4 v_s=3 u_s=1 v/u=3 ell=1 -> (24,18)
AUTO  n= 96 m= 72 M=(-72, -36, -8, 94) d=(96, 24, 12, 4, 2) V=(1, 9, 3) d_s=4 v_s=3 u_s=1 v/u=3 ell=1 -> (24,18)
AUTO  n= 96 m= 72 M=(-72, -36, -8, 94) d=(96, 24, 12, 4, 2) V=(4, 9, 3) d_s=4 v_s=3 u_s=1 v/u=3 ell=1 -> (24,18)
AUTO  n= 96 m= 72 M=(-72, -36, 20, 94) d=(96, 24, 12, 4, 2) V=(1, 9, 3) d_s=4 v_s=3 u_s=1 v/u=3 ell=1 -> (24,18)
AUTO  n= 96 m= 72 M=(-72, -36, 20, 94) d=(96, 24, 12, 4, 2) V=(4, 9, 3) d_s=4 v_s=3 u_s=1 v/u=3 ell=1 -> (24,18)
AUTO  n= 96 m= 72 M=(-72, -36, 76, 94) d=(96, 24, 12, 4, 2) V=(1, 2, 3) d_s=4 v_s=3 u_s=1 v/u=3 ell=1 -> (24,18)
AUTO  n= 96 m= 72 M=(-72, -36, 76, 94) d=(96, 24, 12, 4, 2) V=(1, 9, 3) d_s=4 v_s=3 u_s=1 v/u=3 ell=1 -> (24,18)
AUTO  n= 96 m= 72 M=(-72, -36, 76, 94) d=(96, 24, 12, 4, 2) V=(4, 9, 3) d_s=4 v_s=3 u_s=1 v/u=3 ell=1 -> (24,18)
AUTO  n= 96 m= 72 M=(-72, -12, 8, 94) d=(96, 24, 12, 4, 2) V=(1, 9, 3) d_s=4 v_s=3 u_s=1 v/u=3 ell=1 -> (24,18)
AUTO  n= 96 m= 72 M=(-72, -12, 8, 94) d=(96, 24, 12, 4, 2) V=(2, 9, 3) d_s=4 v_s=3 u_s=1 v/u=3 ell=1 -> (24,18)
AUTO  n= 96 m= 72 M=(-72, -12, 20, 94) d=(96, 24, 12, 4, 2) V=(1, 9, 3) d_s=4 v_s=3 u_s=1 v/u=3 ell=1 -> (24,18)
AUTO  n= 96 m= 72 M=(-72, -12, 28, 94) d=(96, 24, 12, 4, 2) V=(1, 9, 3) d_s=4 v_s=3 u_s=1 v/u=3 ell=1 -> (24,18)
AUTO  n= 96 m= 72 M=(-72, -12, 52, 94) d=(96, 24, 12, 4, 2) V=(1, 9, 3) d_s=4 v_s=3 u_s=1 v/u=3 ell=1 -> (24,18)
AUTO  n= 96 m= 72 M=(-72, -12, 52, 94) d=(96, 24, 12, 4, 2) V=(3, 9, 3) d_s=4 v_s=3 u_s=1 v/u=3 ell=1 -> (24,18)
AUTO  n= 96 m= 72 M=(-72, -12, 52, 94) d=(96, 24, 12, 4, 2) V=(13, 9, 3) d_s=4 v_s=3 u_s=1 v/u=3 ell=1 -> (24,18)
AUTO  n= 96 m= 72 M=(-72, -12, 68, 94) d=(96, 24, 12, 4, 2) V=(1, 9, 3) d_s=4 v_s=3 u_s=1 v/u=3 ell=1 -> (24,18)
AUTO  n= 96 m= 72 M=(-72, -12, 68, 94) d=(96, 24, 12, 4, 2) V=(3, 9, 3) d_s=4 v_s=3 u_s=1 v/u=3 ell=1 -> (24,18)
AUTO  n= 96 m= 72 M=(-72, -12, 88, 94) d=(96, 24, 12, 4, 2) V=(1, 4, 3) d_s=4 v_s=3 u_s=1 v/u=3 ell=1 -> (24,18)
AUTO  n= 96 m= 72 M=(-72, -12, 88, 94) d=(96, 24, 12, 4, 2) V=(1, 9, 3) d_s=4 v_s=3 u_s=1 v/u=3 ell=1 -> (24,18)
AUTO  n= 96 m= 72 M=(-72, 36, 52, 94) d=(96, 24, 12, 4, 2) V=(1, 9, 3) d_s=4 v_s=3 u_s=1 v/u=3 ell=1 -> (24,18)
AUTO  n= 96 m= 72 M=(-72, 36, 52, 94) d=(96, 24, 12, 4, 2) V=(7, 9, 3) d_s=4 v_s=3 u_s=1 v/u=3 ell=1 -> (24,18)
AUTO  n= 96 m= 72 M=(-72, 36, 68, 94) d=(96, 24, 12, 4, 2) V=(1, 9, 3) d_s=4 v_s=3 u_s=1 v/u=3 ell=1 -> (24,18)
AUTO  n= 96 m= 72 M=(-72, 36, 76, 94) d=(96, 24, 12, 4, 2) V=(1, 1, 3) d_s=4 v_s=3 u_s=1 v/u=3 ell=1 -> (24,18)
AUTO  n= 96 m= 72 M=(-72, 36, 76, 94) d=(96, 24, 12, 4, 2) V=(4, 2, 3) d_s=4 v_s=3 u_s=1 v/u=3 ell=1 -> (24,18)
AUTO  n= 96 m= 72 M=(-72, 36, 80, 94) d=(96, 24, 12, 4, 2) V=(1, 9, 3) d_s=4 v_s=3 u_s=1 v/u=3 ell=1 -> (24,18)
AUTO  n= 96 m= 72 M=(-72, 36, 80, 94) d=(96, 24, 12, 4, 2) V=(4, 9, 3) d_s=4 v_s=3 u_s=1 v/u=3 ell=1 -> (24,18)
AUTO  n= 96 m= 72 M=(-72, 60, 64, 94) d=(96, 24, 12, 4, 2) V=(1, 9, 3) d_s=4 v_s=3 u_s=1 v/u=3 ell=1 -> (24,18)
AUTO  n= 96 m= 72 M=(-72, 60, 68, 94) d=(96, 24, 12, 4, 2) V=(1, 9, 3) d_s=4 v_s=3 u_s=1 v/u=3 ell=1 -> (24,18)
AUTO  n= 96 m= 72 M=(-72, 60, 76, 94) d=(96, 24, 12, 4, 2) V=(1, 9, 3) d_s=4 v_s=3 u_s=1 v/u=3 ell=1 -> (24,18)
AUTO  n= 96 m= 72 M=(-72, 60, 80, 94) d=(96, 24, 12, 4, 2) V=(1, 9, 3) d_s=4 v_s=3 u_s=1 v/u=3 ell=1 -> (24,18)
AUTO  n= 96 m= 72 M=(-72, 60, 88, 94) d=(96, 24, 12, 4, 2) V=(8, 4, 3) d_s=4 v_s=3 u_s=1 v/u=3 ell=1 -> (24,18)
AUTO  n= 96 m= 72 M=(-72, 60, 88, 94) d=(96, 24, 12, 4, 2) V=(1, 9, 3) d_s=4 v_s=3 u_s=1 v/u=3 ell=1 -> (24,18)
AUTO  n= 96 m= 72 M=(-72, 60, 92, 94) d=(96, 24, 12, 4, 2) V=(1, 9, 3) d_s=4 v_s=3 u_s=1 v/u=3 ell=1 -> (24,18)
AUTO  n= 96 m= 72 M=(-72, 84, 88, 94) d=(96, 24, 12, 4, 2) V=(3, 9, 3) d_s=4 v_s=3 u_s=1 v/u=3 ell=1 -> (24,18)
LIVE  n= 96 m= 72 M=(-72, -36, 90, 94) d=(96, 24, 12, 6, 2) V=(1, 5, 4) d_s=6 v_s=4 u_s=2 v/u=2 ell=1 -> (32,24)
AUTO  n= 96 m= 72 M=(-72, -36, 90, 94) d=(96, 24, 12, 6, 2) V=(1, 9, 5) d_s=6 v_s=5 u_s=1 v/u=5 ell=3 -> (16,12)
LIVE  n= 96 m= 72 M=(-72, 12, 42, 94) d=(96, 24, 12, 6, 2) V=(1, 8, 4) d_s=6 v_s=4 u_s=2 v/u=2 ell=1 -> (32,24)
AUTO  n= 96 m= 72 M=(-72, 12, 66, 94) d=(96, 24, 12, 6, 2) V=(1, 4, 5) d_s=6 v_s=5 u_s=1 v/u=5 ell=3 -> (16,12)
LIVE  n= 96 m= 72 M=(-72, 12, 78, 94) d=(96, 24, 12, 6, 2) V=(1, 8, 4) d_s=6 v_s=4 u_s=2 v/u=2 ell=1 -> (32,24)
LIVE  n= 96 m= 72 M=(-72, 36, 54, 94) d=(96, 24, 12, 6, 2) V=(1, 8, 4) d_s=6 v_s=4 u_s=2 v/u=2 ell=1 -> (32,24)
AUTO  n= 96 m= 72 M=(-72, 36, 78, 94) d=(96, 24, 12, 6, 2) V=(1, 1, 5) d_s=6 v_s=5 u_s=1 v/u=5 ell=3 -> (16,12)
AUTO  n= 96 m= 72 M=(-72, 36, 78, 94) d=(96, 24, 12, 6, 2) V=(1, 3, 5) d_s=6 v_s=5 u_s=1 v/u=5 ell=3 -> (16,12)
AUTO  n= 96 m= 72 M=(-72, 36, 78, 94) d=(96, 24, 12, 6, 2) V=(4, 3, 5) d_s=6 v_s=5 u_s=1 v/u=5 ell=3 -> (16,12)
AUTO  n= 96 m= 72 M=(-72, 36, 78, 94) d=(96, 24, 12, 6, 2) V=(1, 10, 5) d_s=6 v_s=5 u_s=1 v/u=5 ell=3 -> (16,12)
LIVE  n= 96 m= 72 M=(-72, 36, 90, 94) d=(96, 24, 12, 6, 2) V=(1, 5, 4) d_s=6 v_s=4 u_s=2 v/u=2 ell=1 -> (32,24)
LIVE  n= 96 m= 72 M=(-72, 36, 90, 94) d=(96, 24, 12, 6, 2) V=(1, 8, 4) d_s=6 v_s=4 u_s=2 v/u=2 ell=1 -> (32,24)
AUTO  n= 96 m= 72 M=(-72, 36, 90, 94) d=(96, 24, 12, 6, 2) V=(1, 5, 5) d_s=6 v_s=5 u_s=1 v/u=5 ell=3 -> (16,12)
AUTO  n= 96 m= 72 M=(-72, 36, 90, 94) d=(96, 24, 12, 6, 2) V=(1, 8, 5) d_s=6 v_s=5 u_s=1 v/u=5 ell=3 -> (16,12)
AUTO  n= 96 m= 72 M=(-72, 60, 66, 94) d=(96, 24, 12, 6, 2) V=(1, 1, 5) d_s=6 v_s=5 u_s=1 v/u=5 ell=3 -> (16,12)
LIVE  n= 96 m= 72 M=(-72, 60, 90, 94) d=(96, 24, 12, 6, 2) V=(1, 5, 4) d_s=6 v_s=4 u_s=2 v/u=2 ell=1 -> (32,24)
AUTO  n= 96 m= 64 M=(-64, 68, 94) d=(96, 32, 4, 2) V=(2, 3) d_s=4 v_s=3 u_s=1 v/u=3 ell=1 -> (24,16)
AUTO  n= 96 m= 64 M=(-64, 76, 94) d=(96, 32, 4, 2) V=(3, 3) d_s=4 v_s=3 u_s=1 v/u=3 ell=1 -> (24,16)
LIVE  n= 96 m= 64 M=(-64, 72, 94) d=(96, 32, 8, 2) V=(7, 6) d_s=8 v_s=6 u_s=2 v/u=3 ell=3 -> (24,16)
AUTO  n= 96 m= 64 M=(-64, 72, 94) d=(96, 32, 8, 2) V=(2, 7) d_s=8 v_s=7 u_s=1 v/u=7 ell=5 -> (12,8)
AUTO  n= 96 m= 64 M=(-64, -8, 4, 94) d=(96, 32, 8, 4, 2) V=(24, 6, 3) d_s=4 v_s=3 u_s=1 v/u=3 ell=1 -> (24,16)
AUTO  n= 96 m= 64 M=(-64, -8, 20, 94) d=(96, 32, 8, 4, 2) V=(1, 6, 3) d_s=4 v_s=3 u_s=1 v/u=3 ell=1 -> (24,16)
AUTO  n= 96 m= 64 M=(-64, -8, 36, 94) d=(96, 32, 8, 4, 2) V=(1, 6, 3) d_s=4 v_s=3 u_s=1 v/u=3 ell=1 -> (24,16)
AUTO  n= 96 m= 64 M=(-64, -8, 36, 94) d=(96, 32, 8, 4, 2) V=(3, 6, 3) d_s=4 v_s=3 u_s=1 v/u=3 ell=1 -> (24,16)
AUTO  n= 96 m= 64 M=(-64, -8, 36, 94) d=(96, 32, 8, 4, 2) V=(17, 6, 3) d_s=4 v_s=3 u_s=1 v/u=3 ell=1 -> (24,16)
AUTO  n= 96 m= 64 M=(-64, -8, 76, 94) d=(96, 32, 8, 4, 2) V=(1, 6, 3) d_s=4 v_s=3 u_s=1 v/u=3 ell=1 -> (24,16)
AUTO  n= 96 m= 64 M=(-64, 8, 28, 94) d=(96, 32, 8, 4, 2) V=(1, 6, 3) d_s=4 v_s=3 u_s=1 v/u=3 ell=1 -> (24,16)
AUTO  n= 96 m= 64 M=(-64, 8, 28, 94) d=(96, 32, 8, 4, 2) V=(11, 6, 3) d_s=4 v_s=3 u_s=1 v/u=3 ell=1 -> (24,16)
AUTO  n= 96 m= 64 M=(-64, 8, 60, 94) d=(96, 32, 8, 4, 2) V=(1, 6, 3) d_s=4 v_s=3 u_s=1 v/u=3 ell=1 -> (24,16)
AUTO  n= 96 m= 64 M=(-64, 8, 60, 94) d=(96, 32, 8, 4, 2) V=(2, 6, 3) d_s=4 v_s=3 u_s=1 v/u=3 ell=1 -> (24,16)
AUTO  n= 96 m= 64 M=(-64, 8, 68, 94) d=(96, 32, 8, 4, 2) V=(1, 6, 3) d_s=4 v_s=3 u_s=1 v/u=3 ell=1 -> (24,16)
AUTO  n= 96 m= 64 M=(-64, 8, 68, 94) d=(96, 32, 8, 4, 2) V=(11, 6, 3) d_s=4 v_s=3 u_s=1 v/u=3 ell=1 -> (24,16)
AUTO  n= 96 m= 64 M=(-64, 8, 92, 94) d=(96, 32, 8, 4, 2) V=(2, 5, 3) d_s=4 v_s=3 u_s=1 v/u=3 ell=1 -> (24,16)
AUTO  n= 96 m= 64 M=(-64, 24, 92, 94) d=(96, 32, 8, 4, 2) V=(20, 5, 3) d_s=4 v_s=3 u_s=1 v/u=3 ell=1 -> (24,16)
AUTO  n= 96 m= 64 M=(-64, 40, 84, 94) d=(96, 32, 8, 4, 2) V=(8, 2, 3) d_s=4 v_s=3 u_s=1 v/u=3 ell=1 -> (24,16)
AUTO  n= 96 m= 64 M=(-64, 56, 92, 94) d=(96, 32, 8, 4, 2) V=(2, 5, 3) d_s=4 v_s=3 u_s=1 v/u=3 ell=1 -> (24,16)
AUTO  n= 96 m= 64 M=(-64, 72, 76, 94) d=(96, 32, 8, 4, 2) V=(7, 6, 3) d_s=4 v_s=3 u_s=1 v/u=3 ell=1 -> (24,16)
AUTO  n= 96 m= 64 M=(-64, 72, 76, 94) d=(96, 32, 8, 4, 2) V=(24, 6, 3) d_s=4 v_s=3 u_s=1 v/u=3 ell=1 -> (24,16)
AUTO  n= 96 m= 64 M=(-64, 72, 84, 94) d=(96, 32, 8, 4, 2) V=(7, 6, 3) d_s=4 v_s=3 u_s=1 v/u=3 ell=1 -> (24,16)
AUTO  n= 96 m= 64 M=(-64, 72, 92, 94) d=(96, 32, 8, 4, 2) V=(7, 6, 3) d_s=4 v_s=3 u_s=1 v/u=3 ell=1 -> (24,16)
LIVE  n= 96 m= 64 M=(-64, -16, 94) d=(96, 32, 16, 2) V=(2, 13) d_s=16 v_s=13 u_s=3 v/u=13/3 ell=9 -> (18,12)
LIVE  n= 96 m= 64 M=(-64, 16, 94) d=(96, 32, 16, 2) V=(1, 14) d_s=16 v_s=14 u_s=2 v/u=7 ell=11 -> (12,8)
LIVE  n= 96 m= 64 M=(-64, 80, 94) d=(96, 32, 16, 2) V=(11, 10) d_s=16 v_s=10 u_s=6 v/u=5/3 ell=3 -> (36,24)
AUTO  n= 96 m= 64 M=(-64, -48, 68, 94) d=(96, 32, 16, 4, 2) V=(2, 1, 3) d_s=4 v_s=3 u_s=1 v/u=3 ell=1 -> (24,16)
AUTO  n= 96 m= 64 M=(-64, -16, 68, 94) d=(96, 32, 16, 4, 2) V=(2, 1, 3) d_s=4 v_s=3 u_s=1 v/u=3 ell=1 -> (24,16)
AUTO  n= 96 m= 64 M=(-64, -16, 76, 94) d=(96, 32, 16, 4, 2) V=(2, 1, 3) d_s=4 v_s=3 u_s=1 v/u=3 ell=1 -> (24,16)
AUTO  n= 96 m= 64 M=(-64, -16, 84, 94) d=(96, 32, 16, 4, 2) V=(2, 3, 3) d_s=4 v_s=3 u_s=1 v/u=3 ell=1 -> (24,16)
AUTO  n= 96 m= 64 M=(-64, -16, 84, 94) d=(96, 32, 16, 4, 2) V=(1, 8, 3) d_s=4 v_s=3 u_s=1 v/u=3 ell=1 -> (24,16)
AUTO  n= 96 m= 64 M=(-64, -16, 84, 94) d=(96, 32, 16, 4, 2) V=(5, 8, 3) d_s=4 v_s=3 u_s=1 v/u=3 ell=1 -> (24,16)
AUTO  n= 96 m= 64 M=(-64, 16, 68, 94) d=(96, 32, 16, 4, 2) V=(2, 1, 3) d_s=4 v_s=3 u_s=1 v/u=3 ell=1 -> (24,16)
AUTO  n= 96 m= 64 M=(-64, 48, 68, 94) d=(96, 32, 16, 4, 2) V=(2, 1, 3) d_s=4 v_s=3 u_s=1 v/u=3 ell=1 -> (24,16)
AUTO  n= 96 m= 64 M=(-64, 48, 68, 94) d=(96, 32, 16, 4, 2) V=(1, 2, 3) d_s=4 v_s=3 u_s=1 v/u=3 ell=1 -> (24,16)
AUTO  n= 96 m= 64 M=(-64, 48, 68, 94) d=(96, 32, 16, 4, 2) V=(3, 2, 3) d_s=4 v_s=3 u_s=1 v/u=3 ell=1 -> (24,16)
AUTO  n= 96 m= 64 M=(-64, 48, 68, 94) d=(96, 32, 16, 4, 2) V=(1, 12, 3) d_s=4 v_s=3 u_s=1 v/u=3 ell=1 -> (24,16)
AUTO  n= 96 m= 64 M=(-64, 48, 68, 94) d=(96, 32, 16, 4, 2) V=(3, 12, 3) d_s=4 v_s=3 u_s=1 v/u=3 ell=1 -> (24,16)
AUTO  n= 96 m= 64 M=(-64, 48, 68, 94) d=(96, 32, 16, 4, 2) V=(17, 12, 3) d_s=4 v_s=3 u_s=1 v/u=3 ell=1 -> (24,16)
AUTO  n= 96 m= 64 M=(-64, 48, 76, 94) d=(96, 32, 16, 4, 2) V=(2, 5, 3) d_s=4 v_s=3 u_s=1 v/u=3 ell=1 -> (24,16)
AUTO  n= 96 m= 64 M=(-64, 48, 76, 94) d=(96, 32, 16, 4, 2) V=(3, 5, 3) d_s=4 v_s=3 u_s=1 v/u=3 ell=1 -> (24,16)
AUTO  n= 96 m= 64 M=(-64, 48, 76, 94) d=(96, 32, 16, 4, 2) V=(1, 12, 3) d_s=4 v_s=3 u_s=1 v/u=3 ell=1 -> (24,16)
AUTO  n= 96 m= 64 M=(-64, 48, 76, 94) d=(96, 32, 16, 4, 2) V=(3, 12, 3) d_s=4 v_s=3 u_s=1 v/u=3 ell=1 -> (24,16)
AUTO  n= 96 m= 64 M=(-64, 80, 84, 94) d=(96, 32, 16, 4, 2) V=(5, 4, 3) d_s=4 v_s=3 u_s=1 v/u=3 ell=1 -> (24,16)
AUTO  n= 96 m= 64 M=(-64, 80, 84, 94) d=(96, 32, 16, 4, 2) V=(13, 12, 3) d_s=4 v_s=3 u_s=1 v/u=3 ell=1 -> (24,16)
AUTO  n= 96 m= 64 M=(-64, 80, 92, 94) d=(96, 32, 16, 4, 2) V=(11, 10, 3) d_s=4 v_s=3 u_s=1 v/u=3 ell=1 -> (24,16)
AUTO  n= 96 m= 64 M=(-64, -48, -8, 94) d=(96, 32, 16, 8, 2) V=(1, 14, 7) d_s=8 v_s=7 u_s=1 v/u=7 ell=5 -> (12,8)
AUTO  n= 96 m= 64 M=(-64, -48, 72, 94) d=(96, 32, 16, 8, 2) V=(2, 1, 7) d_s=8 v_s=7 u_s=1 v/u=7 ell=5 -> (12,8)
AUTO  n= 96 m= 64 M=(-64, -48, 72, 94) d=(96, 32, 16, 8, 2) V=(1, 4, 7) d_s=8 v_s=7 u_s=1 v/u=7 ell=5 -> (12,8)
AUTO  n= 96 m= 64 M=(-64, -48, 72, 94) d=(96, 32, 16, 8, 2) V=(1, 14, 7) d_s=8 v_s=7 u_s=1 v/u=7 ell=5 -> (12,8)
LIVE  n= 96 m= 64 M=(-64, -16, 24, 94) d=(96, 32, 16, 8, 2) V=(20, 10, 5) d_s=8 v_s=5 u_s=3 v/u=5/3 ell=1 -> (36,24)
AUTO  n= 96 m= 64 M=(-64, -16, 40, 94) d=(96, 32, 16, 8, 2) V=(2, 1, 7) d_s=8 v_s=7 u_s=1 v/u=7 ell=5 -> (12,8)
LIVE  n= 96 m= 64 M=(-64, -16, 72, 94) d=(96, 32, 16, 8, 2) V=(2, 1, 5) d_s=8 v_s=5 u_s=3 v/u=5/3 ell=1 -> (36,24)
AUTO  n= 96 m= 64 M=(-64, -16, 72, 94) d=(96, 32, 16, 8, 2) V=(2, 1, 7) d_s=8 v_s=7 u_s=1 v/u=7 ell=5 -> (12,8)
LIVE  n= 96 m= 64 M=(-64, -16, 88, 94) d=(96, 32, 16, 8, 2) V=(2, 7, 6) d_s=8 v_s=6 u_s=2 v/u=3 ell=3 -> (24,16)
AUTO  n= 96 m= 64 M=(-64, 16, 24, 94) d=(96, 32, 16, 8, 2) V=(1, 14, 7) d_s=8 v_s=7 u_s=1 v/u=7 ell=5 -> (12,8)
AUTO  n= 96 m= 64 M=(-64, 16, 40, 94) d=(96, 32, 16, 8, 2) V=(1, 14, 7) d_s=8 v_s=7 u_s=1 v/u=7 ell=5 -> (12,8)
AUTO  n= 96 m= 64 M=(-64, 16, 40, 94) d=(96, 32, 16, 8, 2) V=(5, 14, 7) d_s=8 v_s=7 u_s=1 v/u=7 ell=5 -> (12,8)
AUTO  n= 96 m= 64 M=(-64, 16, 56, 94) d=(96, 32, 16, 8, 2) V=(1, 14, 7) d_s=8 v_s=7 u_s=1 v/u=7 ell=5 -> (12,8)
LIVE  n= 96 m= 64 M=(-64, 16, 72, 94) d=(96, 32, 16, 8, 2) V=(1, 10, 5) d_s=8 v_s=5 u_s=3 v/u=5/3 ell=1 -> (36,24)
AUTO  n= 96 m= 64 M=(-64, 16, 72, 94) d=(96, 32, 16, 8, 2) V=(2, 1, 7) d_s=8 v_s=7 u_s=1 v/u=7 ell=5 -> (12,8)
AUTO  n= 96 m= 64 M=(-64, 16, 72, 94) d=(96, 32, 16, 8, 2) V=(1, 14, 7) d_s=8 v_s=7 u_s=1 v/u=7 ell=5 -> (12,8)
AUTO  n= 96 m= 64 M=(-64, 16, 72, 94) d=(96, 32, 16, 8, 2) V=(5, 14, 7) d_s=8 v_s=7 u_s=1 v/u=7 ell=5 -> (12,8)
LIVE  n= 96 m= 64 M=(-64, 16, 88, 94) d=(96, 32, 16, 8, 2) V=(1, 8, 5) d_s=8 v_s=5 u_s=3 v/u=5/3 ell=1 -> (36,24)
AUTO  n= 96 m= 64 M=(-64, 16, 88, 94) d=(96, 32, 16, 8, 2) V=(1, 8, 7) d_s=8 v_s=7 u_s=1 v/u=7 ell=5 -> (12,8)
AUTO  n= 96 m= 64 M=(-64, 16, 88, 94) d=(96, 32, 16, 8, 2) V=(1, 14, 7) d_s=8 v_s=7 u_s=1 v/u=7 ell=5 -> (12,8)
LIVE  n= 96 m= 64 M=(-64, 48, 72, 94) d=(96, 32, 16, 8, 2) V=(24, 12, 6) d_s=8 v_s=6 u_s=2 v/u=3 ell=3 -> (24,16)
AUTO  n= 96 m= 64 M=(-64, 48, 72, 94) d=(96, 32, 16, 8, 2) V=(2, 1, 7) d_s=8 v_s=7 u_s=1 v/u=7 ell=5 -> (12,8)
LIVE  n= 96 m= 64 M=(-64, 48, 88, 94) d=(96, 32, 16, 8, 2) V=(3, 7, 6) d_s=8 v_s=6 u_s=2 v/u=3 ell=3 -> (24,16)
LIVE  n= 96 m= 64 M=(-64, 48, 88, 94) d=(96, 32, 16, 8, 2) V=(1, 12, 6) d_s=8 v_s=6 u_s=2 v/u=3 ell=3 -> (24,16)
LIVE  n= 96 m= 64 M=(-64, 48, 88, 94) d=(96, 32, 16, 8, 2) V=(3, 12, 6) d_s=8 v_s=6 u_s=2 v/u=3 ell=3 -> (24,16)
LIVE  n= 96 m= 64 M=(-64, 48, 88, 94) d=(96, 32, 16, 8, 2) V=(17, 12, 6) d_s=8 v_s=6 u_s=2 v/u=3 ell=3 -> (24,16)
AUTO  n= 96 m= 64 M=(-64, 48, 88, 94) d=(96, 32, 16, 8, 2) V=(3, 7, 7) d_s=8 v_s=7 u_s=1 v/u=7 ell=5 -> (12,8)
AUTO  n= 96 m= 64 M=(-64, 48, 88, 94) d=(96, 32, 16, 8, 2) V=(1, 12, 7) d_s=8 v_s=7 u_s=1 v/u=7 ell=5 -> (12,8)
AUTO  n= 96 m= 64 M=(-64, 48, 88, 94) d=(96, 32, 16, 8, 2) V=(3, 12, 7) d_s=8 v_s=7 u_s=1 v/u=7 ell=5 -> (12,8)
LIVE  n= 96 m= 64 M=(-64, 80, 88, 94) d=(96, 32, 16, 8, 2) V=(11, 10, 5) d_s=8 v_s=5 u_s=3 v/u=5/3 ell=1 -> (36,24)
LIVE  n= 96 m= 64 M=(-64, 80, 88, 94) d=(96, 32, 16, 8, 2) V=(11, 7, 6) d_s=8 v_s=6 u_s=2 v/u=3 ell=3 -> (24,16)
AUTO  n= 96 m= 64 M=(-64, 80, 88, 94) d=(96, 32, 16, 8, 2) V=(11, 10, 7) d_s=8 v_s=7 u_s=1 v/u=7 ell=5 -> (12,8)
AUTO  n= 96 m= 64 M=(-64, -48, -8, 4, 94) d=(96, 32, 16, 8, 4, 2) V=(24, 12, 6, 3) d_s=4 v_s=3 u_s=1 v/u=3 ell=1 -> (24,16)
AUTO  n= 96 m= 64 M=(-64, -48, -8, 20, 94) d=(96, 32, 16, 8, 4, 2) V=(1, 1, 6, 3) d_s=4 v_s=3 u_s=1 v/u=3 ell=1 -> (24,16)
AUTO  n= 96 m= 64 M=(-64, -48, -8, 84, 94) d=(96, 32, 16, 8, 4, 2) V=(1, 4, 2, 3) d_s=4 v_s=3 u_s=1 v/u=3 ell=1 -> (24,16)
AUTO  n= 96 m= 64 M=(-64, -48, 8, 60, 94) d=(96, 32, 16, 8, 4, 2) V=(2, 1, 6, 3) d_s=4 v_s=3 u_s=1 v/u=3 ell=1 -> (24,16)
AUTO  n= 96 m= 64 M=(-64, -48, 8, 84, 94) d=(96, 32, 16, 8, 4, 2) V=(1, 4, 2, 3) d_s=4 v_s=3 u_s=1 v/u=3 ell=1 -> (24,16)
AUTO  n= 96 m= 64 M=(-64, -48, 24, 92, 94) d=(96, 32, 16, 8, 4, 2) V=(20, 10, 5, 3) d_s=4 v_s=3 u_s=1 v/u=3 ell=1 -> (24,16)
AUTO  n= 96 m= 64 M=(-64, -48, 40, 84, 94) d=(96, 32, 16, 8, 4, 2) V=(8, 4, 2, 3) d_s=4 v_s=3 u_s=1 v/u=3 ell=1 -> (24,16)
AUTO  n= 96 m= 64 M=(-64, -48, 56, 92, 94) d=(96, 32, 16, 8, 4, 2) V=(2, 1, 5, 3) d_s=4 v_s=3 u_s=1 v/u=3 ell=1 -> (24,16)
AUTO  n= 96 m= 64 M=(-64, -48, 72, 76, 94) d=(96, 32, 16, 8, 4, 2) V=(24, 12, 6, 3) d_s=4 v_s=3 u_s=1 v/u=3 ell=1 -> (24,16)
AUTO  n= 96 m= 64 M=(-64, -48, 72, 84, 94) d=(96, 32, 16, 8, 4, 2) V=(1, 4, 2, 3) d_s=4 v_s=3 u_s=1 v/u=3 ell=1 -> (24,16)
AUTO  n= 96 m= 64 M=(-64, -16, -8, 4, 94) d=(96, 32, 16, 8, 4, 2) V=(24, 12, 6, 3) d_s=4 v_s=3 u_s=1 v/u=3 ell=1 -> (24,16)
AUTO  n= 96 m= 64 M=(-64, -16, -8, 20, 94) d=(96, 32, 16, 8, 4, 2) V=(2, 1, 6, 3) d_s=4 v_s=3 u_s=1 v/u=3 ell=1 -> (24,16)
AUTO  n= 96 m= 64 M=(-64, -16, -8, 36, 94) d=(96, 32, 16, 8, 4, 2) V=(2, 1, 6, 3) d_s=4 v_s=3 u_s=1 v/u=3 ell=1 -> (24,16)
AUTO  n= 96 m= 64 M=(-64, -16, -8, 76, 94) d=(96, 32, 16, 8, 4, 2) V=(2, 1, 6, 3) d_s=4 v_s=3 u_s=1 v/u=3 ell=1 -> (24,16)
AUTO  n= 96 m= 64 M=(-64, -16, 8, 60, 94) d=(96, 32, 16, 8, 4, 2) V=(1, 1, 6, 3) d_s=4 v_s=3 u_s=1 v/u=3 ell=1 -> (24,16)
AUTO  n= 96 m= 64 M=(-64, -16, 8, 60, 94) d=(96, 32, 16, 8, 4, 2) V=(2, 1, 6, 3) d_s=4 v_s=3 u_s=1 v/u=3 ell=1 -> (24,16)
AUTO  n= 96 m= 64 M=(-64, -16, 8, 60, 94) d=(96, 32, 16, 8, 4, 2) V=(2, 7, 6, 3) d_s=4 v_s=3 u_s=1 v/u=3 ell=1 -> (24,16)
AUTO  n= 96 m= 64 M=(-64, -16, 24, 92, 94) d=(96, 32, 16, 8, 4, 2) V=(1, 8, 4, 3) d_s=4 v_s=3 u_s=1 v/u=3 ell=1 -> (24,16)
AUTO  n= 96 m= 64 M=(-64, -16, 24, 92, 94) d=(96, 32, 16, 8, 4, 2) V=(5, 8, 4, 3) d_s=4 v_s=3 u_s=1 v/u=3 ell=1 -> (24,16)
AUTO  n= 96 m= 64 M=(-64, -16, 24, 92, 94) d=(96, 32, 16, 8, 4, 2) V=(20, 10, 5, 3) d_s=4 v_s=3 u_s=1 v/u=3 ell=1 -> (24,16)
AUTO  n= 96 m= 64 M=(-64, -16, 40, 84, 94) d=(96, 32, 16, 8, 4, 2) V=(8, 4, 2, 3) d_s=4 v_s=3 u_s=1 v/u=3 ell=1 -> (24,16)
AUTO  n= 96 m= 64 M=(-64, -16, 56, 84, 94) d=(96, 32, 16, 8, 4, 2) V=(1, 4, 2, 3) d_s=4 v_s=3 u_s=1 v/u=3 ell=1 -> (24,16)
AUTO  n= 96 m= 64 M=(-64, -16, 56, 84, 94) d=(96, 32, 16, 8, 4, 2) V=(2, 4, 2, 3) d_s=4 v_s=3 u_s=1 v/u=3 ell=1 -> (24,16)
AUTO  n= 96 m= 64 M=(-64, -16, 56, 84, 94) d=(96, 32, 16, 8, 4, 2) V=(5, 4, 2, 3) d_s=4 v_s=3 u_s=1 v/u=3 ell=1 -> (24,16)
AUTO  n= 96 m= 64 M=(-64, -16, 56, 92, 94) d=(96, 32, 16, 8, 4, 2) V=(2, 1, 5, 3) d_s=4 v_s=3 u_s=1 v/u=3 ell=1 -> (24,16)
AUTO  n= 96 m= 64 M=(-64, -16, 72, 76, 94) d=(96, 32, 16, 8, 4, 2) V=(24, 12, 6, 3) d_s=4 v_s=3 u_s=1 v/u=3 ell=1 -> (24,16)
AUTO  n= 96 m= 64 M=(-64, -16, 72, 84, 94) d=(96, 32, 16, 8, 4, 2) V=(2, 1, 1, 3) d_s=4 v_s=3 u_s=1 v/u=3 ell=1 -> (24,16)
AUTO  n= 96 m= 64 M=(-64, -16, 72, 92, 94) d=(96, 32, 16, 8, 4, 2) V=(1, 8, 4, 3) d_s=4 v_s=3 u_s=1 v/u=3 ell=1 -> (24,16)
AUTO  n= 96 m= 64 M=(-64, -16, 72, 92, 94) d=(96, 32, 16, 8, 4, 2) V=(2, 8, 4, 3) d_s=4 v_s=3 u_s=1 v/u=3 ell=1 -> (24,16)
AUTO  n= 96 m= 64 M=(-64, -16, 88, 92, 94) d=(96, 32, 16, 8, 4, 2) V=(2, 7, 6, 3) d_s=4 v_s=3 u_s=1 v/u=3 ell=1 -> (24,16)
AUTO  n= 96 m= 64 M=(-64, 16, 24, 92, 94) d=(96, 32, 16, 8, 4, 2) V=(20, 10, 5, 3) d_s=4 v_s=3 u_s=1 v/u=3 ell=1 -> (24,16)
AUTO  n= 96 m= 64 M=(-64, 16, 40, 84, 94) d=(96, 32, 16, 8, 4, 2) V=(1, 2, 1, 3) d_s=4 v_s=3 u_s=1 v/u=3 ell=1 -> (24,16)
AUTO  n= 96 m= 64 M=(-64, 16, 40, 84, 94) d=(96, 32, 16, 8, 4, 2) V=(8, 4, 2, 3) d_s=4 v_s=3 u_s=1 v/u=3 ell=1 -> (24,16)
AUTO  n= 96 m= 64 M=(-64, 16, 40, 92, 94) d=(96, 32, 16, 8, 4, 2) V=(1, 8, 4, 3) d_s=4 v_s=3 u_s=1 v/u=3 ell=1 -> (24,16)
AUTO  n= 96 m= 64 M=(-64, 16, 56, 92, 94) d=(96, 32, 16, 8, 4, 2) V=(2, 1, 5, 3) d_s=4 v_s=3 u_s=1 v/u=3 ell=1 -> (24,16)
AUTO  n= 96 m= 64 M=(-64, 16, 72, 76, 94) d=(96, 32, 16, 8, 4, 2) V=(24, 12, 6, 3) d_s=4 v_s=3 u_s=1 v/u=3 ell=1 -> (24,16)
AUTO  n= 96 m= 64 M=(-64, 16, 72, 92, 94) d=(96, 32, 16, 8, 4, 2) V=(1, 10, 5, 3) d_s=4 v_s=3 u_s=1 v/u=3 ell=1 -> (24,16)
AUTO  n= 96 m= 64 M=(-64, 16, 72, 92, 94) d=(96, 32, 16, 8, 4, 2) V=(2, 10, 5, 3) d_s=4 v_s=3 u_s=1 v/u=3 ell=1 -> (24,16)
AUTO  n= 96 m= 64 M=(-64, 16, 88, 92, 94) d=(96, 32, 16, 8, 4, 2) V=(1, 8, 4, 3) d_s=4 v_s=3 u_s=1 v/u=3 ell=1 -> (24,16)
AUTO  n= 96 m= 64 M=(-64, 48, 56, 68, 94) d=(96, 32, 16, 8, 4, 2) V=(1, 12, 6, 3) d_s=4 v_s=3 u_s=1 v/u=3 ell=1 -> (24,16)
AUTO  n= 96 m= 64 M=(-64, 48, 56, 68, 94) d=(96, 32, 16, 8, 4, 2) V=(3, 12, 6, 3) d_s=4 v_s=3 u_s=1 v/u=3 ell=1 -> (24,16)
AUTO  n= 96 m= 64 M=(-64, 48, 56, 68, 94) d=(96, 32, 16, 8, 4, 2) V=(17, 12, 6, 3) d_s=4 v_s=3 u_s=1 v/u=3 ell=1 -> (24,16)
AUTO  n= 96 m= 64 M=(-64, 48, 56, 76, 94) d=(96, 32, 16, 8, 4, 2) V=(1, 12, 6, 3) d_s=4 v_s=3 u_s=1 v/u=3 ell=1 -> (24,16)
AUTO  n= 96 m= 64 M=(-64, 48, 56, 76, 94) d=(96, 32, 16, 8, 4, 2) V=(3, 12, 6, 3) d_s=4 v_s=3 u_s=1 v/u=3 ell=1 -> (24,16)
AUTO  n= 96 m= 64 M=(-64, 48, 56, 92, 94) d=(96, 32, 16, 8, 4, 2) V=(2, 1, 5, 3) d_s=4 v_s=3 u_s=1 v/u=3 ell=1 -> (24,16)
AUTO  n= 96 m= 64 M=(-64, 48, 72, 76, 94) d=(96, 32, 16, 8, 4, 2) V=(1, 12, 6, 3) d_s=4 v_s=3 u_s=1 v/u=3 ell=1 -> (24,16)
AUTO  n= 96 m= 64 M=(-64, 48, 72, 76, 94) d=(96, 32, 16, 8, 4, 2) V=(3, 12, 6, 3) d_s=4 v_s=3 u_s=1 v/u=3 ell=1 -> (24,16)
AUTO  n= 96 m= 64 M=(-64, 48, 72, 76, 94) d=(96, 32, 16, 8, 4, 2) V=(24, 12, 6, 3) d_s=4 v_s=3 u_s=1 v/u=3 ell=1 -> (24,16)
AUTO  n= 96 m= 64 M=(-64, 48, 72, 84, 94) d=(96, 32, 16, 8, 4, 2) V=(24, 12, 6, 3) d_s=4 v_s=3 u_s=1 v/u=3 ell=1 -> (24,16)
AUTO  n= 96 m= 64 M=(-64, 48, 72, 92, 94) d=(96, 32, 16, 8, 4, 2) V=(24, 12, 6, 3) d_s=4 v_s=3 u_s=1 v/u=3 ell=1 -> (24,16)
AUTO  n= 96 m= 64 M=(-64, 48, 88, 92, 94) d=(96, 32, 16, 8, 4, 2) V=(3, 5, 4, 3) d_s=4 v_s=3 u_s=1 v/u=3 ell=1 -> (24,16)
AUTO  n= 96 m= 64 M=(-64, 48, 88, 92, 94) d=(96, 32, 16, 8, 4, 2) V=(3, 7, 6, 3) d_s=4 v_s=3 u_s=1 v/u=3 ell=1 -> (24,16)
AUTO  n= 96 m= 64 M=(-64, 48, 88, 92, 94) d=(96, 32, 16, 8, 4, 2) V=(1, 12, 6, 3) d_s=4 v_s=3 u_s=1 v/u=3 ell=1 -> (24,16)
AUTO  n= 96 m= 64 M=(-64, 48, 88, 92, 94) d=(96, 32, 16, 8, 4, 2) V=(3, 12, 6, 3) d_s=4 v_s=3 u_s=1 v/u=3 ell=1 -> (24,16)
AUTO  n= 96 m= 64 M=(-64, 48, 88, 92, 94) d=(96, 32, 16, 8, 4, 2) V=(17, 12, 6, 3) d_s=4 v_s=3 u_s=1 v/u=3 ell=1 -> (24,16)
AUTO  n= 96 m= 64 M=(-64, 80, 88, 92, 94) d=(96, 32, 16, 8, 4, 2) V=(5, 10, 5, 3) d_s=4 v_s=3 u_s=1 v/u=3 ell=1 -> (24,16)
AUTO  n= 96 m= 64 M=(-64, 80, 88, 92, 94) d=(96, 32, 16, 8, 4, 2) V=(11, 10, 5, 3) d_s=4 v_s=3 u_s=1 v/u=3 ell=1 -> (24,16)
AUTO  n= 96 m= 64 M=(-64, 80, 88, 92, 94) d=(96, 32, 16, 8, 4, 2) V=(11, 7, 6, 3) d_s=4 v_s=3 u_s=1 v/u=3 ell=1 -> (24,16)
LIVE  n= 99 m= 66 M=(-66, -22, 97) d=(99, 33, 11, 1) V=(1, 9) d_s=11 v_s=9 u_s=2 v/u=9/2 ell=6 -> (18,12)
LIVE  n= 99 m= 66 M=(-66, 22, 97) d=(99, 33, 11, 1) V=(1, 7) d_s=11 v_s=7 u_s=4 v/u=7/4 ell=2 -> (36,24)
LIVE  n= 99 m= 66 M=(-66, 22, 97) d=(99, 33, 11, 1) V=(5, 7) d_s=11 v_s=7 u_s=4 v/u=7/4 ell=2 -> (36,24)
LIVE  n= 99 m= 66 M=(-66, 22, 97) d=(99, 33, 11, 1) V=(1, 8) d_s=11 v_s=8 u_s=3 v/u=8/3 ell=4 -> (27,18)
AUTO  n= 99 m= 66 M=(-66, 22, 97) d=(99, 33, 11, 1) V=(1, 10) d_s=11 v_s=10 u_s=1 v/u=10 ell=8 -> (9,6)
AUTO  n= 99 m= 66 M=(-66, 55, 97) d=(99, 33, 11, 1) V=(2, 10) d_s=11 v_s=10 u_s=1 v/u=10 ell=8 -> (9,6)
LIVE  n= 99 m= 66 M=(-66, 77, 97) d=(99, 33, 11, 1) V=(8, 7) d_s=11 v_s=7 u_s=4 v/u=7/4 ell=2 -> (36,24)
LIVE  n= 99 m= 66 M=(-66, 77, 97) d=(99, 33, 11, 1) V=(8, 8) d_s=11 v_s=8 u_s=3 v/u=8/3 ell=4 -> (27,18)
AUTO  n=100 m= 40 M=(-40, 64, 98) d=(100, 20, 4, 2) V=(2, 3) d_s=4 v_s=3 u_s=1 v/u=3 ell=1 -> (25,10)
AUTO  n=100 m= 40 M=(-40, 88, 98) d=(100, 20, 4, 2) V=(3, 3) d_s=4 v_s=3 u_s=1 v/u=3 ell=1 -> (25,10)
AUTO  n=100 m= 80 M=(-80, 64, 98) d=(100, 20, 4, 2) V=(1, 3) d_s=4 v_s=3 u_s=1 v/u=3 ell=1 -> (25,20)
AUTO  n=100 m= 80 M=(-80, 72, 98) d=(100, 20, 4, 2) V=(1, 3) d_s=4 v_s=3 u_s=1 v/u=3 ell=1 -> (25,20)
AUTO  n=100 m= 40 M=(-40, 65, 98) d=(100, 20, 5, 1) V=(1, 4) d_s=5 v_s=4 u_s=1 v/u=4 ell=2 -> (20,8)
LIVE  n=100 m= 60 M=(-60, 35, 98) d=(100, 20, 5, 1) V=(12, 3) d_s=5 v_s=3 u_s=2 v/u=3/2 ell=0 -> (40,24)
AUTO  n=100 m= 80 M=(-80, 85, 98) d=(100, 20, 5, 1) V=(5, 4) d_s=5 v_s=4 u_s=1 v/u=4 ell=2 -> (20,16)
LIVE  n=100 m= 40 M=(-40, 50, 98) d=(100, 20, 10, 2) V=(1, 8) d_s=10 v_s=8 u_s=2 v/u=4 ell=5 -> (20,8)
AUTO  n=100 m= 40 M=(-40, 50, 98) d=(100, 20, 10, 2) V=(1, 9) d_s=10 v_s=9 u_s=1 v/u=9 ell=7 -> (10,4)
AUTO  n=100 m= 60 M=(-60, 10, 98) d=(100, 20, 10, 2) V=(1, 9) d_s=10 v_s=9 u_s=1 v/u=9 ell=7 -> (10,6)
LIVE  n=100 m= 60 M=(-60, 30, 98) d=(100, 20, 10, 2) V=(2, 7) d_s=10 v_s=7 u_s=3 v/u=7/3 ell=3 -> (30,18)
AUTO  n=100 m= 60 M=(-60, 50, 98) d=(100, 20, 10, 2) V=(7, 9) d_s=10 v_s=9 u_s=1 v/u=9 ell=7 -> (10,6)
AUTO  n=100 m= 60 M=(-60, 70, 98) d=(100, 20, 10, 2) V=(5, 9) d_s=10 v_s=9 u_s=1 v/u=9 ell=7 -> (10,6)
LIVE  n=100 m= 80 M=(-80, 50, 98) d=(100, 20, 10, 2) V=(1, 8) d_s=10 v_s=8 u_s=2 v/u=4 ell=5 -> (20,16)
LIVE  n=100 m= 80 M=(-80, 50, 98) d=(100, 20, 10, 2) V=(3, 8) d_s=10 v_s=8 u_s=2 v/u=4 ell=5 -> (20,16)
AUTO  n=100 m= 80 M=(-80, 50, 98) d=(100, 20, 10, 2) V=(1, 9) d_s=10 v_s=9 u_s=1 v/u=9 ell=7 -> (10,8)
AUTO  n=100 m= 80 M=(-80, 70, 98) d=(100, 20, 10, 2) V=(1, 9) d_s=10 v_s=9 u_s=1 v/u=9 ell=7 -> (10,8)
LIVE  n=100 m= 40 M=(-40, -10, 55, 98) d=(100, 20, 10, 5, 1) V=(1, 6, 3) d_s=5 v_s=3 u_s=2 v/u=3/2 ell=0 -> (40,16)
AUTO  n=100 m= 40 M=(-40, 30, 55, 98) d=(100, 20, 10, 5, 1) V=(1, 8, 4) d_s=5 v_s=4 u_s=1 v/u=4 ell=2 -> (20,8)
AUTO  n=100 m= 40 M=(-40, 30, 85, 98) d=(100, 20, 10, 5, 1) V=(1, 8, 4) d_s=5 v_s=4 u_s=1 v/u=4 ell=2 -> (20,8)
AUTO  n=100 m= 40 M=(-40, 50, 55, 98) d=(100, 20, 10, 5, 1) V=(1, 8, 4) d_s=5 v_s=4 u_s=1 v/u=4 ell=2 -> (20,8)
AUTO  n=100 m= 40 M=(-40, 50, 55, 98) d=(100, 20, 10, 5, 1) V=(3, 8, 4) d_s=5 v_s=4 u_s=1 v/u=4 ell=2 -> (20,8)
AUTO  n=100 m= 40 M=(-40, 50, 65, 98) d=(100, 20, 10, 5, 1) V=(1, 8, 4) d_s=5 v_s=4 u_s=1 v/u=4 ell=2 -> (20,8)
AUTO  n=100 m= 40 M=(-40, 50, 75, 98) d=(100, 20, 10, 5, 1) V=(1, 8, 4) d_s=5 v_s=4 u_s=1 v/u=4 ell=2 -> (20,8)
AUTO  n=100 m= 40 M=(-40, 50, 85, 98) d=(100, 20, 10, 5, 1) V=(1, 8, 4) d_s=5 v_s=4 u_s=1 v/u=4 ell=2 -> (20,8)
AUTO  n=100 m= 40 M=(-40, 50, 95, 98) d=(100, 20, 10, 5, 1) V=(1, 5, 4) d_s=5 v_s=4 u_s=1 v/u=4 ell=2 -> (20,8)
AUTO  n=100 m= 40 M=(-40, 50, 95, 98) d=(100, 20, 10, 5, 1) V=(1, 8, 4) d_s=5 v_s=4 u_s=1 v/u=4 ell=2 -> (20,8)
LIVE  n=100 m= 40 M=(-40, 70, 95, 98) d=(100, 20, 10, 5, 1) V=(8, 4, 3) d_s=5 v_s=3 u_s=2 v/u=3/2 ell=0 -> (40,16)
AUTO  n=100 m= 40 M=(-40, 70, 95, 98) d=(100, 20, 10, 5, 1) V=(8, 4, 4) d_s=5 v_s=4 u_s=1 v/u=4 ell=2 -> (20,8)
LIVE  n=100 m= 60 M=(-60, -50, 35, 98) d=(100, 20, 10, 5, 1) V=(12, 6, 3) d_s=5 v_s=3 u_s=2 v/u=3/2 ell=0 -> (40,24)
AUTO  n=100 m= 60 M=(-60, -50, 35, 98) d=(100, 20, 10, 5, 1) V=(2, 8, 4) d_s=5 v_s=4 u_s=1 v/u=4 ell=2 -> (20,12)
LIVE  n=100 m= 60 M=(-60, -30, 35, 98) d=(100, 20, 10, 5, 1) V=(12, 6, 3) d_s=5 v_s=3 u_s=2 v/u=3/2 ell=0 -> (40,24)
LIVE  n=100 m= 60 M=(-60, -10, 35, 98) d=(100, 20, 10, 5, 1) V=(12, 6, 3) d_s=5 v_s=3 u_s=2 v/u=3/2 ell=0 -> (40,24)
LIVE  n=100 m= 60 M=(-60, -10, 55, 98) d=(100, 20, 10, 5, 1) V=(2, 6, 3) d_s=5 v_s=3 u_s=2 v/u=3/2 ell=0 -> (40,24)
LIVE  n=100 m= 60 M=(-60, 10, 35, 98) d=(100, 20, 10, 5, 1) V=(12, 6, 3) d_s=5 v_s=3 u_s=2 v/u=3/2 ell=0 -> (40,24)
LIVE  n=100 m= 60 M=(-60, 30, 35, 98) d=(100, 20, 10, 5, 1) V=(12, 6, 3) d_s=5 v_s=3 u_s=2 v/u=3/2 ell=0 -> (40,24)
AUTO  n=100 m= 60 M=(-60, 30, 55, 98) d=(100, 20, 10, 5, 1) V=(1, 8, 4) d_s=5 v_s=4 u_s=1 v/u=4 ell=2 -> (20,12)
AUTO  n=100 m= 60 M=(-60, 30, 85, 98) d=(100, 20, 10, 5, 1) V=(2, 8, 4) d_s=5 v_s=4 u_s=1 v/u=4 ell=2 -> (20,12)
AUTO  n=100 m= 60 M=(-60, 50, 55, 98) d=(100, 20, 10, 5, 1) V=(1, 8, 4) d_s=5 v_s=4 u_s=1 v/u=4 ell=2 -> (20,12)
AUTO  n=100 m= 80 M=(-80, -70, -45, 98) d=(100, 20, 10, 5, 1) V=(1, 8, 4) d_s=5 v_s=4 u_s=1 v/u=4 ell=2 -> (20,16)
AUTO  n=100 m= 80 M=(-80, -70, -25, 98) d=(100, 20, 10, 5, 1) V=(1, 8, 4) d_s=5 v_s=4 u_s=1 v/u=4 ell=2 -> (20,16)
AUTO  n=100 m= 80 M=(-80, -70, 5, 98) d=(100, 20, 10, 5, 1) V=(1, 8, 4) d_s=5 v_s=4 u_s=1 v/u=4 ell=2 -> (20,16)
AUTO  n=100 m= 80 M=(-80, -70, 55, 98) d=(100, 20, 10, 5, 1) V=(1, 8, 4) d_s=5 v_s=4 u_s=1 v/u=4 ell=2 -> (20,16)
AUTO  n=100 m= 80 M=(-80, -70, 65, 98) d=(100, 20, 10, 5, 1) V=(1, 8, 4) d_s=5 v_s=4 u_s=1 v/u=4 ell=2 -> (20,16)
AUTO  n=100 m= 80 M=(-80, -50, 35, 98) d=(100, 20, 10, 5, 1) V=(1, 8, 4) d_s=5 v_s=4 u_s=1 v/u=4 ell=2 -> (20,16)
LIVE  n=100 m= 80 M=(-80, -30, 5, 98) d=(100, 20, 10, 5, 1) V=(1, 6, 3) d_s=5 v_s=3 u_s=2 v/u=3/2 ell=0 -> (40,32)
LIVE  n=100 m= 80 M=(-80, -30, 25, 98) d=(100, 20, 10, 5, 1) V=(1, 6, 3) d_s=5 v_s=3 u_s=2 v/u=3/2 ell=0 -> (40,32)
LIVE  n=100 m= 80 M=(-80, -30, 75, 98) d=(100, 20, 10, 5, 1) V=(1, 6, 3) d_s=5 v_s=3 u_s=2 v/u=3/2 ell=0 -> (40,32)
LIVE  n=100 m= 80 M=(-80, -10, 55, 98) d=(100, 20, 10, 5, 1) V=(1, 6, 3) d_s=5 v_s=3 u_s=2 v/u=3/2 ell=0 -> (40,32)
AUTO  n=100 m= 80 M=(-80, 30, 55, 98) d=(100, 20, 10, 5, 1) V=(1, 8, 4) d_s=5 v_s=4 u_s=1 v/u=4 ell=2 -> (20,16)
AUTO  n=100 m= 80 M=(-80, 30, 55, 98) d=(100, 20, 10, 5, 1) V=(5, 8, 4) d_s=5 v_s=4 u_s=1 v/u=4 ell=2 -> (20,16)
AUTO  n=100 m= 80 M=(-80, 30, 85, 98) d=(100, 20, 10, 5, 1) V=(1, 8, 4) d_s=5 v_s=4 u_s=1 v/u=4 ell=2 -> (20,16)
AUTO  n=100 m= 80 M=(-80, 50, 55, 98) d=(100, 20, 10, 5, 1) V=(1, 8, 4) d_s=5 v_s=4 u_s=1 v/u=4 ell=2 -> (20,16)
AUTO  n=100 m= 80 M=(-80, 50, 55, 98) d=(100, 20, 10, 5, 1) V=(3, 8, 4) d_s=5 v_s=4 u_s=1 v/u=4 ell=2 -> (20,16)
AUTO  n=100 m= 80 M=(-80, 50, 65, 98) d=(100, 20, 10, 5, 1) V=(1, 8, 4) d_s=5 v_s=4 u_s=1 v/u=4 ell=2 -> (20,16)
AUTO  n=100 m= 80 M=(-80, 50, 65, 98) d=(100, 20, 10, 5, 1) V=(3, 8, 4) d_s=5 v_s=4 u_s=1 v/u=4 ell=2 -> (20,16)
AUTO  n=100 m= 80 M=(-80, 50, 75, 98) d=(100, 20, 10, 5, 1) V=(1, 8, 4) d_s=5 v_s=4 u_s=1 v/u=4 ell=2 -> (20,16)
AUTO  n=100 m= 80 M=(-80, 50, 75, 98) d=(100, 20, 10, 5, 1) V=(3, 8, 4) d_s=5 v_s=4 u_s=1 v/u=4 ell=2 -> (20,16)
AUTO  n=100 m= 80 M=(-80, 50, 85, 98) d=(100, 20, 10, 5, 1) V=(1, 8, 4) d_s=5 v_s=4 u_s=1 v/u=4 ell=2 -> (20,16)
AUTO  n=100 m= 80 M=(-80, 50, 85, 98) d=(100, 20, 10, 5, 1) V=(3, 8, 4) d_s=5 v_s=4 u_s=1 v/u=4 ell=2 -> (20,16)
AUTO  n=100 m= 80 M=(-80, 50, 85, 98) d=(100, 20, 10, 5, 1) V=(16, 8, 4) d_s=5 v_s=4 u_s=1 v/u=4 ell=2 -> (20,16)
AUTO  n=100 m= 80 M=(-80, 50, 95, 98) d=(100, 20, 10, 5, 1) V=(1, 8, 4) d_s=5 v_s=4 u_s=1 v/u=4 ell=2 -> (20,16)
AUTO  n=100 m= 80 M=(-80, 50, 95, 98) d=(100, 20, 10, 5, 1) V=(3, 8, 4) d_s=5 v_s=4 u_s=1 v/u=4 ell=2 -> (20,16)
AUTO  n=100 m= 75 M=(-75, 35, 98) d=(100, 25, 5, 1) V=(1, 4) d_s=5 v_s=4 u_s=1 v/u=4 ell=2 -> (20,15)
LIVE  n=100 m= 75 M=(-75, 55, 98) d=(100, 25, 5, 1) V=(15, 3) d_s=5 v_s=3 u_s=2 v/u=3/2 ell=0 -> (40,30)
AUTO  n=100 m= 75 M=(-75, 65, 98) d=(100, 25, 5, 1) V=(1, 4) d_s=5 v_s=4 u_s=1 v/u=4 ell=2 -> (20,15)
LIVE  n=100 m= 75 M=(-75, 85, 98) d=(100, 25, 5, 1) V=(7, 3) d_s=5 v_s=3 u_s=2 v/u=3/2 ell=0 -> (40,30)
