    D  groups  V1>=6 V1 6..16  V2>=6 V2 6..16
   48      50      0        0      5        5
   54      40      0        0     10       10
   60     110      0        0     20       20
   63      30      0        0     10       10
   66      25      0        0      5        5
   72     316      0        0     41       41
   75      40      0        0     20       20
   80     496      0        0    106      106
   81      40      0        0     20       20
   84     207      0        0     89       89
   88      35      0        0      7        7
   90     577      0        0     89       61
   96    1113      0        0    116       84
   99      50      0        0     20       10
  100     732      0        0    142      106
  102      40      0        0     15       10
  104      42      0        0     21       21
  105     264      0        0     96       78
  108     824      0        0    243       53
  110     120      0        0     25       17
  112    1163      0        0     83       41
  117      60      0        0     20       10
  120    4104      0        0    853      749
  125     192      0        0     68       68
  126    1081      0        0    174       95
  128    1725      0        0    296      226
  130     144      0        0     29       29
  132     400      0        0     83       72
  135     702      0        0    280      240
  136      56      0        0     14        7
  138      55      0        0     20       10
  140    3072      0        0    852      758
  144    7479     30        0    886      476
  147     420      0        0    120       94
  150    3556      0        0    275      157
  152      63      0        0     28       14
  153      80      0        0     40       20
  154     275      0        0     77       53
  156     480      0        0    161       56
  160    9487      0        0   1278      958
  162    1701      0        0    349      269
  165     440      0        0    242      140
  168    9125      0        0   1921     1569
  170     192      0        0     32       32
  171      90      0        0     40       10
  174      70      0        0     20       10
  175    1016      0        0    342      298
  176    4076      0        0    314      209
  180   17344      0        0   3248     1909
  182     330      0        0     71       48
  184      77      0        0     28        7
  186      75      0        0     15       15
  189    1626      0        0    590      230
  190     216      0        0     71       47
  192   23052      0        0   2445      989
  195     528      0        0    198      108
  196    2961      0        0    886      718
  198    2644      0        0    544      295
  200   15174      0        0   3452     1620
  204     640      0        0    181       76
  207     110      0        0     60       20
  208    6390      0        0   1351     1132
  210   14908      0        0   2815     1220
  216   27265      0        0   3537     1874
  220    9373      0        0   2821     1521
  222      90      0        0      5        5
  224   25391      0        0   2964     1329
  225    5844      0        0   2360     1370
  228     720      0        0    303      157
  230     264      0        0     46       30
  231    1768      0        0    488      142
  232      98      0        0     28        7
  234    3463      0        0    907      551
  238     440      0        0    126       69
  240  100325      0        0   9869     2487
  242     765      0        0    173      115
  243    1418      0        0    664      340
  245    1752      0        0    772      356
  246     100      0        0     35       10
  248     105      0        0     35       21
  250    6688      0        0   1040       59
  252   34394      0        0   7650     1758
  255     704      0        0    404      106
  256   36861      0        0   1470     1095
  260   14318    550        0   4063     2314
  261     140      0        0     60       10
  264   28490      0        0   4501     2300
  266     495      0        0    129       81
  270   40504      0        0   7275     1967
  272   13410      0        0   2285     1921
  273    2340      0        0    806      402
  275    2184      0        0    924      560
  276     880      0        0    190       58
  279     150      0        0     70       10
  280   72965      0        0  11411     5310
  282     115      0        0     40       20
  285     792      0        0    298       90
  286    2018      0        0    556      390
  288  183845      0        0  35926     9819
  290     336      0        0     92       58
  294   14704     10        0   1711      436
  296     126      0        0     42       14
  297    3194      0        0   1138      458
  300  114343      0        0  18784     1263
  304   18340      0        0    970      412
  306    5389      0        0   1256      564
  308   16437      0        0   5439     2520
  310     360      0        0     67       45
  312   44322      0        0   4637     2465
  315   23578      0        0   8508     2598
  318     130      0        0     45       15
  320  218412      0        0  29169     5153
  322     605      0        0    160       78
  324   60424      0        0  16090     2434
  325    2912      0        0   1196      432
  328     140      0        0     63       21
  330   44660     56        0   2615     1075
  333     180      0        0    100       30
  336  266764     40        0  24923     2978
  338    1320     38        0    281      127
  340   29064      0        0   7443     2606
  342    6496     59        0   1415      606
  343     990      0        0    486      276
  344     147      0        0     70       28
  345     968      0        0    582       80
  348    1120      0        0    257       62
  350   42024     12        0   8196      604
  351    4122      0        0   1734      716
  352  114618     18        0   5247     1434
  354     145      0        0     60       20
  357    3700      0        0   1182      422
  360  559247      0        0  82633    34607
  363    1780      0        0    664      204
  364   24330      0        0   7922     4378
  366     150      0        0     10       10
  368   31600      0        0   9806     5650
  369     200      0        0     90       10
  370     432      0        0    106       38
  372    1200      0        0    433       81
  374    3174     23        0    829      340
  375   17800      0        0   6870     5058
  376     161      0        0     49       14
  378   75159     40        0  13242     3346
  380   39313      0        0   8300     2395
  384  626760      0        0  97904    29371
  385    7312      0        0   3104     1206
  387     210      0        0    100       10
  390   68336    100        0   6919     1041
  392   77419      0        0  14383     4521
  396   95889      0        0  25383     5996
  399    4488      0        0   1476      410
  400  435963   2448        0  42744     6920
TOTAL D<=400: groups=3874261  V1>=6=3424  V1[6,16]=0  V2>=6=597108  V2[6,16]=190167
degrees with skeletons: 156
emptied under V1ge6: 143 of 156; NOT emptied: [144, 260, 294, 330, 336, 338, 342, 350, 352, 374, 378, 390, 400]
emptied under V1w: 156 of 156; NOT emptied: []
emptied under V2ge6: 4 of 156; NOT emptied: [48, 54, 60, 63, 66, 72, 75, 80, 81, 84, 88, 90, 96, 99, 100, 102, 104, 105, 108, 110, 112, 117, 120, 125, 126, 128, 130, 132, 135, 136, 138, 140, 144, 147, 150, 152, 153, 154, 156, 160]
emptied under V2w: 4 of 156; NOT emptied: [48, 54, 60, 63, 66, 72, 75, 80, 81, 84, 88, 90, 96, 99, 100, 102, 104, 105, 108, 110, 112, 117, 120, 125, 126, 128, 130, 132, 135, 136, 138, 140, 144, 147, 150, 152, 153, 154, 156, 160]
