{
  "stage": 4,
  "jet0_free": false,
  "residual_row_count": 3,
  "residual_factored": {
    "stage2_G_local6_coord0": "(K2c_3_26 + 8*jet2)**2",
    "stage3_G_local7_coord0": "-2*(K2c_3_26 + 8*jet2)*(K2c_4_25 - K2c_4_26 - 20*jet1**2)",
    "stage4_G_local8_coord0": "-B1c_4_25*K2c_3_26 - 8*B1c_4_25*jet2 + B1c_4_26*K2c_3_26 + 8*B1c_4_26*jet2 - B1c_4_27*K2c_3_26 - 8*B1c_4_27*jet2 + B1c_4_28*K2c_3_26 + 8*B1c_4_28*jet2 - B1c_4_29*K2c_3_26 - 8*B1c_4_29*jet2 + B1c_4_30*K2c_3_26 + 8*B1c_4_30*jet2 - B1c_4_31*K2c_3_26 - 8*B1c_4_31*jet2 - 120*Hc_5_4*K2c_3_26 - 960*Hc_5_4*jet2 - 52*K2c_3_26**2*jet1 - 2*K2c_3_26*K2c_5_25 + 2*K2c_3_26*K2c_5_26 - 512*K2c_3_26*jet1*jet2 - 14*K2c_3_26 + K2c_4_25**2 - 2*K2c_4_25*K2c_4_26 - 40*K2c_4_25*jet1**2 + K2c_4_26**2 + 40*K2c_4_26*jet1**2 - 16*K2c_5_25*jet2 + 16*K2c_5_26*jet2 + 400*jet1**4 - 768*jet1*jet2**2 - 112*jet2"
  },
  "solve_substitution": {
    "K2c_3_26": "-8*jet2",
    "K2c_4_25": "K2c_4_26 + 20*jet1**2"
  },
  "residual_vanishes_symbolically_on_solve": true,
  "point_free_nonzero": {
    "K2c_3_26": "-8",
    "K2c_4_25": "20",
    "jet1": "1",
    "jet2": "1",
    "c": "1"
  },
  "residual_images_all_zero": true,
  "raw_rows_checked": 715,
  "NEGATIVE_CONTROL_all_raw_rows_vanish": true,
  "raw_rows_failing": [],
  "D2_minimality_Hc_5_3": "2",
  "wall_seconds": 473.3
}
