Initial seed for pseudo-random number generator is 1788613575

--------------- INPUT DATA ---------------
#variables                    1126
#equations                    1933
#invalid equations               0
field characteristic    1073741827
homogeneous input?               0
signature-based computation      0
monomial order                 DRL
basis hash table resetting       8
linear algebra option           44
initial hash table size       4096 (2^12)
max pair selection            1000
reduce gb                        1
#threads                         8
info level                       2
generate pbm files               0
------------------------------------------

Legend for f4 information
--------------------------------------------------------
deg       current degree of pairs selected in this round
sel       number of pairs selected in this round
pairs     total number of pairs in pair list
mat       matrix dimensions (# rows x # columns)
density   density of the matrix
new data  # new elements for basis in this round
          # zero reductions during linear algebra
time(rd)  time of the current f4 round in seconds given
          for real and cpu time
--------------------------------------------------------

deg     sel   pairs        mat          density            new data         time(rd) in sec (real|cpu)
------------------------------------------------------------------------------------------------------
  1      30  107042      49 x 60          4.35%       30 new       0 zero         0.85 | 3.14         
  2     903  107012   21644 x 47904       0.01%      894 new       9 zero        31.81 | 94.93        
  2     639  114843    7479 x 40994       0.02%      638 new       1 zeroEnlarging exponent vector for hash table failed
for esz = 8388608, segmentation fault will follow.
Command terminated by signal 11
	Command being timed: "msolve -g 2 -t 8 -v 2 -l 44 -m 1000 -s 12 -u 8 -f /home/ubuntu/jc2/box/moh14-charts-20260905/hsupport-gate-20260905/source-complete/fleet/172.30.0.254/C_n24m16_M12_17_ell1_s3_V1_2_circuit/C_n24m16_M12_17_ell1_s3_V1_2_circuit_full_p1073741827.ms -o /home/ubuntu/jc2/box/moh14-charts-20260905/hsupport-gate-20260905/source-complete/fleet/172.30.0.254/C_n24m16_M12_17_ell1_s3_V1_2_circuit/C_n24m16_M12_17_ell1_s3_V1_2_circuit_full_p1073741827.g2.out"
	User time (seconds): 205.11
	System time (seconds): 3.26
	Percent of CPU this job got: 289%
	Elapsed (wall clock) time (h:mm:ss or m:ss): 1:12.06
	Average shared text size (kbytes): 0
	Average unshared data size (kbytes): 0
	Average stack size (kbytes): 0
	Average total size (kbytes): 0
	Maximum resident set size (kbytes): 10082568
	Average resident set size (kbytes): 0
	Major (requiring I/O) page faults: 0
	Minor (reclaiming a frame) page faults: 2523131
	Voluntary context switches: 15437
	Involuntary context switches: 300
	Swaps: 0
	File system inputs: 0
	File system outputs: 16
	Socket messages sent: 0
	Socket messages received: 0
	Signals delivered: 0
	Page size (bytes): 4096
	Exit status: 0
