{
 "controls": {
  "POLY_ODE_rows": 1420,
  "u_s_gt_1_rows": 310,
  "u_s_gt_1_groups": 177
 },
 "distinct_(u_s,v_s,d_s,g,NONRES)_cells": [
  {
   "u_s": 2,
   "v_s": 3,
   "d_s": 5,
   "gcd": 1,
   "NONRES": true,
   "groups": 74
  },
  {
   "u_s": 2,
   "v_s": 4,
   "d_s": 6,
   "gcd": 2,
   "NONRES": false,
   "groups": 34
  },
  {
   "u_s": 2,
   "v_s": 5,
   "d_s": 7,
   "gcd": 1,
   "NONRES": true,
   "groups": 17
  },
  {
   "u_s": 2,
   "v_s": 6,
   "d_s": 8,
   "gcd": 2,
   "NONRES": false,
   "groups": 7
  },
  {
   "u_s": 2,
   "v_s": 7,
   "d_s": 9,
   "gcd": 1,
   "NONRES": true,
   "groups": 6
  },
  {
   "u_s": 2,
   "v_s": 8,
   "d_s": 10,
   "gcd": 2,
   "NONRES": false,
   "groups": 3
  },
  {
   "u_s": 2,
   "v_s": 9,
   "d_s": 11,
   "gcd": 1,
   "NONRES": true,
   "groups": 2
  },
  {
   "u_s": 3,
   "v_s": 4,
   "d_s": 7,
   "gcd": 1,
   "NONRES": true,
   "groups": 2
  },
  {
   "u_s": 3,
   "v_s": 5,
   "d_s": 8,
   "gcd": 1,
   "NONRES": true,
   "groups": 12
  },
  {
   "u_s": 3,
   "v_s": 6,
   "d_s": 9,
   "gcd": 3,
   "NONRES": false,
   "groups": 1
  },
  {
   "u_s": 3,
   "v_s": 7,
   "d_s": 10,
   "gcd": 1,
   "NONRES": true,
   "groups": 5
  },
  {
   "u_s": 3,
   "v_s": 8,
   "d_s": 11,
   "gcd": 1,
   "NONRES": true,
   "groups": 3
  },
  {
   "u_s": 3,
   "v_s": 9,
   "d_s": 12,
   "gcd": 3,
   "NONRES": false,
   "groups": 1
  },
  {
   "u_s": 3,
   "v_s": 11,
   "d_s": 14,
   "gcd": 1,
   "NONRES": true,
   "groups": 1
  },
  {
   "u_s": 4,
   "v_s": 7,
   "d_s": 11,
   "gcd": 1,
   "NONRES": true,
   "groups": 3
  },
  {
   "u_s": 4,
   "v_s": 8,
   "d_s": 12,
   "gcd": 4,
   "NONRES": false,
   "groups": 1
  },
  {
   "u_s": 4,
   "v_s": 11,
   "d_s": 15,
   "gcd": 1,
   "NONRES": true,
   "groups": 3
  },
  {
   "u_s": 5,
   "v_s": 10,
   "d_s": 15,
   "gcd": 5,
   "NONRES": false,
   "groups": 1
  },
  {
   "u_s": 5,
   "v_s": 14,
   "d_s": 19,
   "gcd": 1,
   "NONRES": true,
   "groups": 1
  }
 ],
 "groups_with_gcd(u_s,v_s)>1": [
  [
   144,
   96,
   2,
   4,
   6,
   2,
   false
  ],
  [
   144,
   96,
   2,
   4,
   6,
   2,
   false
  ],
  [
   144,
   96,
   2,
   4,
   6,
   2,
   false
  ],
  [
   144,
   96,
   2,
   4,
   6,
   2,
   false
  ],
  [
   144,
   96,
   2,
   4,
   6,
   2,
   false
  ],
  [
   144,
   96,
   2,
   4,
   6,
   2,
   false
  ],
  [
   144,
   96,
   4,
   8,
   12,
   4,
   false
  ],
  [
   144,
   96,
   2,
   4,
   6,
   2,
   false
  ],
  [
   144,
   108,
   3,
   6,
   9,
   3,
   false
  ],
  [
   144,
   108,
   2,
   4,
   6,
   2,
   false
  ],
  [
   144,
   120,
   2,
   4,
   6,
   2,
   false
  ],
  [
   180,
   72,
   2,
   4,
   6,
   2,
   false
  ],
  [
   180,
   108,
   2,
   4,
   6,
   2,
   false
  ],
  [
   180,
   120,
   2,
   4,
   6,
   2,
   false
  ],
  [
   180,
   120,
   2,
   8,
   10,
   2,
   false
  ],
  [
   180,
   120,
   2,
   4,
   6,
   2,
   false
  ],
  [
   180,
   120,
   2,
   4,
   6,
   2,
   false
  ],
  [
   180,
   120,
   2,
   4,
   6,
   2,
   false
  ],
  [
   180,
   120,
   2,
   8,
   10,
   2,
   false
  ],
  [
   180,
   120,
   5,
   10,
   15,
   5,
   false
  ],
  [
   180,
   120,
   2,
   4,
   6,
   2,
   false
  ],
  [
   180,
   120,
   2,
   4,
   6,
   2,
   false
  ],
  [
   180,
   120,
   2,
   4,
   6,
   2,
   false
  ],
  [
   180,
   120,
   3,
   9,
   12,
   3,
   false
  ],
  [
   180,
   144,
   2,
   4,
   6,
   2,
   false
  ],
  [
   192,
   128,
   2,
   6,
   8,
   2,
   false
  ],
  [
   192,
   128,
   2,
   6,
   8,
   2,
   false
  ],
  [
   192,
   128,
   2,
   6,
   8,
   2,
   false
  ],
  [
   192,
   128,
   2,
   6,
   8,
   2,
   false
  ],
  [
   192,
   128,
   2,
   6,
   8,
   2,
   false
  ],
  [
   192,
   128,
   2,
   6,
   8,
   2,
   false
  ],
  [
   192,
   128,
   2,
   6,
   8,
   2,
   false
  ],
  [
   192,
   144,
   2,
   4,
   6,
   2,
   false
  ],
  [
   192,
   144,
   2,
   4,
   6,
   2,
   false
  ],
  [
   192,
   144,
   2,
   4,
   6,
   2,
   false
  ],
  [
   192,
   144,
   2,
   4,
   6,
   2,
   false
  ],
  [
   192,
   144,
   2,
   4,
   6,
   2,
   false
  ],
  [
   192,
   144,
   2,
   4,
   6,
   2,
   false
  ],
  [
   192,
   144,
   2,
   4,
   6,
   2,
   false
  ],
  [
   192,
   144,
   2,
   4,
   6,
   2,
   false
  ],
  [
   192,
   144,
   2,
   4,
   6,
   2,
   false
  ],
  [
   192,
   144,
   2,
   4,
   6,
   2,
   false
  ],
  [
   192,
   144,
   2,
   4,
   6,
   2,
   false
  ],
  [
   192,
   144,
   2,
   4,
   6,
   2,
   false
  ],
  [
   192,
   144,
   2,
   4,
   6,
   2,
   false
  ],
  [
   192,
   144,
   2,
   4,
   6,
   2,
   false
  ],
  [
   192,
   144,
   2,
   4,
   6,
   2,
   false
  ],
  [
   200,
   120,
   2,
   8,
   10,
   2,
   false
  ]
 ],
 "NONRES_FAILURES": [
  [
   144,
   96,
   2,
   4,
   6,
   2
  ],
  [
   144,
   96,
   2,
   4,
   6,
   2
  ],
  [
   144,
   96,
   2,
   4,
   6,
   2
  ],
  [
   144,
   96,
   2,
   4,
   6,
   2
  ],
  [
   144,
   96,
   2,
   4,
   6,
   2
  ],
  [
   144,
   96,
   2,
   4,
   6,
   2
  ],
  [
   144,
   96,
   4,
   8,
   12,
   4
  ],
  [
   144,
   96,
   2,
   4,
   6,
   2
  ],
  [
   144,
   108,
   3,
   6,
   9,
   3
  ],
  [
   144,
   108,
   2,
   4,
   6,
   2
  ],
  [
   144,
   120,
   2,
   4,
   6,
   2
  ],
  [
   180,
   72,
   2,
   4,
   6,
   2
  ],
  [
   180,
   108,
   2,
   4,
   6,
   2
  ],
  [
   180,
   120,
   2,
   4,
   6,
   2
  ],
  [
   180,
   120,
   2,
   8,
   10,
   2
  ],
  [
   180,
   120,
   2,
   4,
   6,
   2
  ],
  [
   180,
   120,
   2,
   4,
   6,
   2
  ],
  [
   180,
   120,
   2,
   4,
   6,
   2
  ],
  [
   180,
   120,
   2,
   8,
   10,
   2
  ],
  [
   180,
   120,
   5,
   10,
   15,
   5
  ],
  [
   180,
   120,
   2,
   4,
   6,
   2
  ],
  [
   180,
   120,
   2,
   4,
   6,
   2
  ],
  [
   180,
   120,
   2,
   4,
   6,
   2
  ],
  [
   180,
   120,
   3,
   9,
   12,
   3
  ],
  [
   180,
   144,
   2,
   4,
   6,
   2
  ],
  [
   192,
   128,
   2,
   6,
   8,
   2
  ],
  [
   192,
   128,
   2,
   6,
   8,
   2
  ],
  [
   192,
   128,
   2,
   6,
   8,
   2
  ],
  [
   192,
   128,
   2,
   6,
   8,
   2
  ],
  [
   192,
   128,
   2,
   6,
   8,
   2
  ],
  [
   192,
   128,
   2,
   6,
   8,
   2
  ],
  [
   192,
   128,
   2,
   6,
   8,
   2
  ],
  [
   192,
   144,
   2,
   4,
   6,
   2
  ],
  [
   192,
   144,
   2,
   4,
   6,
   2
  ],
  [
   192,
   144,
   2,
   4,
   6,
   2
  ],
  [
   192,
   144,
   2,
   4,
   6,
   2
  ],
  [
   192,
   144,
   2,
   4,
   6,
   2
  ],
  [
   192,
   144,
   2,
   4,
   6,
   2
  ],
  [
   192,
   144,
   2,
   4,
   6,
   2
  ],
  [
   192,
   144,
   2,
   4,
   6,
   2
  ],
  [
   192,
   144,
   2,
   4,
   6,
   2
  ],
  [
   192,
   144,
   2,
   4,
   6,
   2
  ],
  [
   192,
   144,
   2,
   4,
   6,
   2
  ],
  [
   192,
   144,
   2,
   4,
   6,
   2
  ],
  [
   192,
   144,
   2,
   4,
   6,
   2
  ],
  [
   192,
   144,
   2,
   4,
   6,
   2
  ],
  [
   192,
   144,
   2,
   4,
   6,
   2
  ],
  [
   200,
   120,
   2,
   8,
   10,
   2
  ]
 ],
 "all_groups_nonresonant": false
}
