SINGULAR_FQ2_POINT_COUNT_BEGIN
mode=shard
candidate_sha256=9061726295086f58f74f3751b2f7c2d59c5cb86de5e53ecd636687fd54daa7ce
field_modulus=a2-a+3
RECORD|index=2016|total=1|smooth=1|singular=0
RECORD|index=2017|total=0|smooth=0|singular=0
RECORD|index=2018|total=3|smooth=3|singular=0
RECORD|index=2019|total=1|smooth=1|singular=0
RECORD|index=2020|total=1|smooth=1|singular=0
RECORD|index=2021|total=1|smooth=1|singular=0
RECORD|index=2022|total=0|smooth=0|singular=0
RECORD|index=2023|total=0|smooth=0|singular=0
RECORD|index=2024|total=2|smooth=2|singular=0
RECORD|index=2025|total=0|smooth=0|singular=0
RECORD|index=2026|total=1|smooth=1|singular=0
RECORD|index=2027|total=2|smooth=2|singular=0
RECORD|index=2028|total=0|smooth=0|singular=0
RECORD|index=2029|total=0|smooth=0|singular=0
RECORD|index=2030|total=1|smooth=1|singular=0
RECORD|index=2031|total=3|smooth=3|singular=0
RECORD|index=2032|total=1|smooth=1|singular=0
RECORD|index=2033|total=1|smooth=1|singular=0
RECORD|index=2034|total=2|smooth=2|singular=0
RECORD|index=2035|total=3|smooth=3|singular=0
RECORD|index=2036|total=1|smooth=1|singular=0
RECORD|index=2037|total=1|smooth=1|singular=0
RECORD|index=2038|total=3|smooth=3|singular=0
RECORD|index=2039|total=1|smooth=1|singular=0
RECORD|index=2040|total=2|smooth=2|singular=0
RECORD|index=2041|total=1|smooth=1|singular=0
RECORD|index=2042|total=1|smooth=1|singular=0
RECORD|index=2043|total=1|smooth=1|singular=0
RECORD|index=2044|total=3|smooth=3|singular=0
RECORD|index=2045|total=2|smooth=2|singular=0
RECORD|index=2046|total=1|smooth=1|singular=0
RECORD|index=2047|total=2|smooth=2|singular=0
RECORD|index=2048|total=2|smooth=2|singular=0
RECORD|index=2049|total=0|smooth=0|singular=0
RECORD|index=2050|total=0|smooth=0|singular=0
RECORD|index=2051|total=1|smooth=1|singular=0
RECORD|index=2052|total=1|smooth=1|singular=0
RECORD|index=2053|total=1|smooth=1|singular=0
RECORD|index=2054|total=2|smooth=2|singular=0
RECORD|index=2055|total=1|smooth=1|singular=0
RECORD|index=2056|total=1|smooth=1|singular=0
RECORD|index=2057|total=3|smooth=3|singular=0
RECORD|index=2058|total=1|smooth=1|singular=0
RECORD|index=2059|total=1|smooth=1|singular=0
RECORD|index=2060|total=1|smooth=1|singular=0
RECORD|index=2061|total=1|smooth=1|singular=0
RECORD|index=2062|total=0|smooth=0|singular=0
RECORD|index=2063|total=0|smooth=0|singular=0
RECORD|index=2064|total=1|smooth=1|singular=0
RECORD|index=2065|total=2|smooth=2|singular=0
RECORD|index=2066|total=0|smooth=0|singular=0
RECORD|index=2067|total=1|smooth=1|singular=0
RECORD|index=2068|total=1|smooth=1|singular=0
RECORD|index=2069|total=1|smooth=1|singular=0
RECORD|index=2070|total=0|smooth=0|singular=0
RECORD|index=2071|total=2|smooth=2|singular=0
RECORD|index=2072|total=0|smooth=0|singular=0
RECORD|index=2073|total=1|smooth=1|singular=0
RECORD|index=2074|total=1|smooth=1|singular=0
RECORD|index=2075|total=3|smooth=3|singular=0
RECORD|index=2076|total=0|smooth=0|singular=0
RECORD|index=2077|total=1|smooth=1|singular=0
RECORD|index=2078|total=3|smooth=3|singular=0
RECORD|index=2079|total=1|smooth=1|singular=0
RECORD|index=2080|total=2|smooth=2|singular=0
RECORD|index=2081|total=0|smooth=0|singular=0
RECORD|index=2082|total=0|smooth=0|singular=0
RECORD|index=2083|total=1|smooth=1|singular=0
RECORD|index=2084|total=3|smooth=3|singular=0
RECORD|index=2085|total=1|smooth=1|singular=0
RECORD|index=2086|total=1|smooth=1|singular=0
RECORD|index=2087|total=0|smooth=0|singular=0
RECORD|index=2088|total=2|smooth=2|singular=0
RECORD|index=2089|total=0|smooth=0|singular=0
RECORD|index=2090|total=1|smooth=1|singular=0
RECORD|index=2091|total=1|smooth=1|singular=0
RECORD|index=2092|total=2|smooth=2|singular=0
RECORD|index=2093|total=1|smooth=1|singular=0
RECORD|index=2094|total=2|smooth=2|singular=0
RECORD|index=2095|total=0|smooth=0|singular=0
RECORD|index=2096|total=1|smooth=1|singular=0
RECORD|index=2097|total=0|smooth=0|singular=0
RECORD|index=2098|total=1|smooth=1|singular=0
RECORD|index=2099|total=4|smooth=4|singular=0
RECORD|index=2100|total=1|smooth=1|singular=0
RECORD|index=2101|total=0|smooth=0|singular=0
RECORD|index=2102|total=1|smooth=1|singular=0
RECORD|index=2103|total=0|smooth=0|singular=0
RECORD|index=2104|total=0|smooth=0|singular=0
RECORD|index=2105|total=1|smooth=1|singular=0
RECORD|index=2106|total=3|smooth=3|singular=0
RECORD|index=2107|total=3|smooth=3|singular=0
RECORD|index=2108|total=0|smooth=0|singular=0
RECORD|index=2109|total=0|smooth=0|singular=0
RECORD|index=2110|total=2|smooth=2|singular=0
RECORD|index=2111|total=2|smooth=2|singular=0
RECORD|index=2112|total=1|smooth=1|singular=0
RECORD|index=2113|total=1|smooth=1|singular=0
RECORD|index=2114|total=1|smooth=1|singular=0
RECORD|index=2115|total=0|smooth=0|singular=0
RECORD|index=2116|total=1|smooth=1|singular=0
RECORD|index=2117|total=1|smooth=1|singular=0
RECORD|index=2118|total=1|smooth=1|singular=0
RECORD|index=2119|total=2|smooth=2|singular=0
RECORD|index=2120|total=0|smooth=0|singular=0
RECORD|index=2121|total=0|smooth=0|singular=0
RECORD|index=2122|total=2|smooth=2|singular=0
RECORD|index=2123|total=2|smooth=2|singular=0
RECORD|index=2124|total=3|smooth=3|singular=0
RECORD|index=2125|total=1|smooth=1|singular=0
RECORD|index=2126|total=0|smooth=0|singular=0
RECORD|index=2127|total=0|smooth=0|singular=0
RECORD|index=2128|total=1|smooth=1|singular=0
RECORD|index=2129|total=0|smooth=0|singular=0
RECORD|index=2130|total=0|smooth=0|singular=0
RECORD|index=2131|total=0|smooth=0|singular=0
RECORD|index=2132|total=2|smooth=2|singular=0
RECORD|index=2133|total=0|smooth=0|singular=0
RECORD|index=2134|total=2|smooth=2|singular=0
RECORD|index=2135|total=0|smooth=0|singular=0
RECORD|index=2136|total=1|smooth=1|singular=0
RECORD|index=2137|total=0|smooth=0|singular=0
RECORD|index=2138|total=0|smooth=0|singular=0
RECORD|index=2139|total=1|smooth=1|singular=0
RECORD|index=2140|total=1|smooth=1|singular=0
RECORD|index=2141|total=0|smooth=0|singular=0
RECORD|index=2142|total=1|smooth=1|singular=0
RECORD|index=2143|total=1|smooth=1|singular=0
RECORD|index=2144|total=1|smooth=1|singular=0
RECORD|index=2145|total=1|smooth=1|singular=0
RECORD|index=2146|total=1|smooth=1|singular=0
RECORD|index=2147|total=1|smooth=1|singular=0
RECORD|index=2148|total=2|smooth=2|singular=0
RECORD|index=2149|total=1|smooth=1|singular=0
RECORD|index=2150|total=0|smooth=0|singular=0
RECORD|index=2151|total=1|smooth=1|singular=0
RECORD|index=2152|total=0|smooth=0|singular=0
RECORD|index=2153|total=1|smooth=1|singular=0
RECORD|index=2154|total=2|smooth=2|singular=0
RECORD|index=2155|total=0|smooth=0|singular=0
RECORD|index=2156|total=1|smooth=1|singular=0
RECORD|index=2157|total=0|smooth=0|singular=0
RECORD|index=2158|total=1|smooth=1|singular=0
RECORD|index=2159|total=2|smooth=2|singular=0
RECORD|index=2160|total=2|smooth=2|singular=0
RECORD|index=2161|total=0|smooth=0|singular=0
RECORD|index=2162|total=2|smooth=2|singular=0
RECORD|index=2163|total=0|smooth=0|singular=0
RECORD|index=2164|total=1|smooth=1|singular=0
RECORD|index=2165|total=2|smooth=2|singular=0
RECORD|index=2166|total=1|smooth=1|singular=0
RECORD|index=2167|total=0|smooth=0|singular=0
RECORD|index=2168|total=3|smooth=3|singular=0
RECORD|index=2169|total=1|smooth=1|singular=0
RECORD|index=2170|total=1|smooth=1|singular=0
RECORD|index=2171|total=1|smooth=1|singular=0
RECORD|index=2172|total=1|smooth=1|singular=0
RECORD|index=2173|total=1|smooth=1|singular=0
RECORD|index=2174|total=1|smooth=1|singular=0
RECORD|index=2175|total=1|smooth=1|singular=0
RECORD|index=2176|total=2|smooth=2|singular=0
RECORD|index=2177|total=0|smooth=0|singular=0
RECORD|index=2178|total=1|smooth=1|singular=0
RECORD|index=2179|total=1|smooth=1|singular=0
RECORD|index=2180|total=1|smooth=1|singular=0
RECORD|index=2181|total=0|smooth=0|singular=0
RECORD|index=2182|total=1|smooth=1|singular=0
RECORD|index=2183|total=1|smooth=1|singular=0
RECORD|index=2184|total=1|smooth=1|singular=0
RECORD|index=2185|total=0|smooth=0|singular=0
RECORD|index=2186|total=0|smooth=0|singular=0
RECORD|index=2187|total=1|smooth=1|singular=0
RECORD|index=2188|total=5|smooth=5|singular=0
RECORD|index=2189|total=2|smooth=2|singular=0
RECORD|index=2190|total=2|smooth=2|singular=0
RECORD|index=2191|total=1|smooth=1|singular=0
RECORD|index=2192|total=0|smooth=0|singular=0
RECORD|index=2193|total=2|smooth=2|singular=0
RECORD|index=2194|total=0|smooth=0|singular=0
RECORD|index=2195|total=0|smooth=0|singular=0
RECORD|index=2196|total=1|smooth=1|singular=0
RECORD|index=2197|total=1|smooth=1|singular=0
RECORD|index=2198|total=1|smooth=1|singular=0
RECORD|index=2199|total=0|smooth=0|singular=0
RECORD|index=2200|total=0|smooth=0|singular=0
RECORD|index=2201|total=0|smooth=0|singular=0
RECORD|index=2202|total=1|smooth=1|singular=0
RECORD|index=2203|total=2|smooth=2|singular=0
RECORD|index=2204|total=1|smooth=1|singular=0
RECORD|index=2205|total=2|smooth=2|singular=0
RECORD|index=2206|total=0|smooth=0|singular=0
RECORD|index=2207|total=0|smooth=0|singular=0
RECORD|index=2208|total=1|smooth=1|singular=0
RECORD|index=2209|total=0|smooth=0|singular=0
RECORD|index=2210|total=1|smooth=1|singular=0
RECORD|index=2211|total=0|smooth=0|singular=0
RECORD|index=2212|total=3|smooth=3|singular=0
RECORD|index=2213|total=1|smooth=1|singular=0
RECORD|index=2214|total=1|smooth=1|singular=0
RECORD|index=2215|total=2|smooth=2|singular=0
RECORD|index=2216|total=2|smooth=2|singular=0
RECORD|index=2217|total=0|smooth=0|singular=0
RECORD|index=2218|total=1|smooth=1|singular=0
RECORD|index=2219|total=2|smooth=2|singular=0
RECORD|index=2220|total=1|smooth=1|singular=0
RECORD|index=2221|total=2|smooth=2|singular=0
RECORD|index=2222|total=2|smooth=2|singular=0
RECORD|index=2223|total=2|smooth=2|singular=0
RECORD|index=2224|total=3|smooth=3|singular=0
RECORD|index=2225|total=2|smooth=2|singular=0
RECORD|index=2226|total=0|smooth=0|singular=0
RECORD|index=2227|total=0|smooth=0|singular=0
RECORD|index=2228|total=0|smooth=0|singular=0
RECORD|index=2229|total=0|smooth=0|singular=0
RECORD|index=2230|total=1|smooth=1|singular=0
RECORD|index=2231|total=0|smooth=0|singular=0
RECORD|index=2232|total=1|smooth=1|singular=0
RECORD|index=2233|total=0|smooth=0|singular=0
RECORD|index=2234|total=1|smooth=1|singular=0
RECORD|index=2235|total=1|smooth=1|singular=0
RECORD|index=2236|total=0|smooth=0|singular=0
RECORD|index=2237|total=2|smooth=2|singular=0
RECORD|index=2238|total=1|smooth=1|singular=0
RECORD|index=2239|total=1|smooth=1|singular=0
RECORD|index=2240|total=3|smooth=3|singular=0
RECORD|index=2241|total=1|smooth=1|singular=0
RECORD|index=2242|total=0|smooth=0|singular=0
RECORD|index=2243|total=0|smooth=0|singular=0
RECORD|index=2244|total=0|smooth=0|singular=0
RECORD|index=2245|total=1|smooth=1|singular=0
RECORD|index=2246|total=1|smooth=1|singular=0
RECORD|index=2247|total=0|smooth=0|singular=0
RECORD|index=2248|total=2|smooth=2|singular=0
RECORD|index=2249|total=1|smooth=1|singular=0
RECORD|index=2250|total=2|smooth=2|singular=0
RECORD|index=2251|total=2|smooth=2|singular=0
RECORD|index=2252|total=1|smooth=1|singular=0
RECORD|index=2253|total=1|smooth=1|singular=0
RECORD|index=2254|total=0|smooth=0|singular=0
RECORD|index=2255|total=0|smooth=0|singular=0
RECORD|index=2256|total=2|smooth=2|singular=0
RECORD|index=2257|total=1|smooth=1|singular=0
RECORD|index=2258|total=1|smooth=1|singular=0
RECORD|index=2259|total=2|smooth=2|singular=0
RECORD|index=2260|total=2|smooth=2|singular=0
RECORD|index=2261|total=0|smooth=0|singular=0
RECORD|index=2262|total=1|smooth=1|singular=0
RECORD|index=2263|total=0|smooth=0|singular=0
RECORD|index=2264|total=2|smooth=2|singular=0
RECORD|index=2265|total=2|smooth=2|singular=0
RECORD|index=2266|total=1|smooth=1|singular=0
RECORD|index=2267|total=3|smooth=3|singular=0
RECORD|index=2268|total=2|smooth=2|singular=0
RECORD|index=2269|total=0|smooth=0|singular=0
RECORD|index=2270|total=0|smooth=0|singular=0
RECORD|index=2271|total=0|smooth=0|singular=0
RECORD|index=2272|total=3|smooth=3|singular=0
RECORD|index=2273|total=2|smooth=2|singular=0
RECORD|index=2274|total=2|smooth=2|singular=0
RECORD|index=2275|total=0|smooth=0|singular=0
RECORD|index=2276|total=2|smooth=2|singular=0
RECORD|index=2277|total=4|smooth=4|singular=0
RECORD|index=2278|total=0|smooth=0|singular=0
RECORD|index=2279|total=1|smooth=1|singular=0
RECORD|index=2280|total=1|smooth=1|singular=0
RECORD|index=2281|total=0|smooth=0|singular=0
RECORD|index=2282|total=2|smooth=2|singular=0
RECORD|index=2283|total=2|smooth=2|singular=0
RECORD|index=2284|total=2|smooth=2|singular=0
RECORD|index=2285|total=2|smooth=2|singular=0
RECORD|index=2286|total=1|smooth=1|singular=0
RECORD|index=2287|total=0|smooth=0|singular=0
RECORD|index=2288|total=0|smooth=0|singular=0
RECORD|index=2289|total=1|smooth=1|singular=0
RECORD|index=2290|total=1|smooth=1|singular=0
RECORD|index=2291|total=0|smooth=0|singular=0
RECORD|index=2292|total=0|smooth=0|singular=0
RECORD|index=2293|total=0|smooth=0|singular=0
RECORD|index=2294|total=0|smooth=0|singular=0
RECORD|index=2295|total=1|smooth=1|singular=0
RECORD|index=2296|total=3|smooth=3|singular=0
RECORD|index=2297|total=0|smooth=0|singular=0
RECORD|index=2298|total=0|smooth=0|singular=0
RECORD|index=2299|total=2|smooth=2|singular=0
RECORD|index=2300|total=2|smooth=2|singular=0
RECORD|index=2301|total=0|smooth=0|singular=0
RECORD|index=2302|total=3|smooth=3|singular=0
RECORD|index=2303|total=0|smooth=0|singular=0
RECORD|index=2304|total=0|smooth=0|singular=0
RECORD|index=2305|total=2|smooth=2|singular=0
RECORD|index=2306|total=2|smooth=2|singular=0
RECORD|index=2307|total=0|smooth=0|singular=0
RECORD|index=2308|total=2|smooth=2|singular=0
RECORD|index=2309|total=0|smooth=0|singular=0
RECORD|index=2310|total=0|smooth=0|singular=0
RECORD|index=2311|total=3|smooth=3|singular=0
RECORD|index=2312|total=0|smooth=0|singular=0
RECORD|index=2313|total=2|smooth=2|singular=0
RECORD|index=2314|total=1|smooth=1|singular=0
RECORD|index=2315|total=2|smooth=2|singular=0
RECORD|index=2316|total=1|smooth=1|singular=0
RECORD|index=2317|total=2|smooth=2|singular=0
RECORD|index=2318|total=0|smooth=0|singular=0
RECORD|index=2319|total=4|smooth=4|singular=0
RECORD|index=2320|total=0|smooth=0|singular=0
RECORD|index=2321|total=0|smooth=0|singular=0
RECORD|index=2322|total=0|smooth=0|singular=0
RECORD|index=2323|total=0|smooth=0|singular=0
RECORD|index=2324|total=3|smooth=3|singular=0
RECORD|index=2325|total=1|smooth=1|singular=0
RECORD|index=2326|total=1|smooth=1|singular=0
RECORD|index=2327|total=1|smooth=1|singular=0
RECORD|index=2328|total=0|smooth=0|singular=0
RECORD|index=2329|total=0|smooth=0|singular=0
RECORD|index=2330|total=3|smooth=3|singular=0
RECORD|index=2331|total=1|smooth=1|singular=0
RECORD|index=2332|total=1|smooth=1|singular=0
RECORD|index=2333|total=0|smooth=0|singular=0
RECORD|index=2334|total=0|smooth=0|singular=0
RECORD|index=2335|total=3|smooth=3|singular=0
RECORD|index=2336|total=2|smooth=2|singular=0
RECORD|index=2337|total=0|smooth=0|singular=0
RECORD|index=2338|total=0|smooth=0|singular=0
RECORD|index=2339|total=0|smooth=0|singular=0
RECORD|index=2340|total=0|smooth=0|singular=0
RECORD|index=2341|total=1|smooth=1|singular=0
RECORD|index=2342|total=0|smooth=0|singular=0
RECORD|index=2343|total=3|smooth=3|singular=0
RECORD|index=2344|total=2|smooth=2|singular=0
RECORD|index=2345|total=0|smooth=0|singular=0
RECORD|index=2346|total=2|smooth=2|singular=0
RECORD|index=2347|total=0|smooth=0|singular=0
RECORD|index=2348|total=0|smooth=0|singular=0
RECORD|index=2349|total=1|smooth=1|singular=0
RECORD|index=2350|total=1|smooth=1|singular=0
RECORD|index=2351|total=2|smooth=2|singular=0
RECORD|index=2352|total=1|smooth=1|singular=0
RECORD|index=2353|total=1|smooth=1|singular=0
RECORD|index=2354|total=1|smooth=1|singular=0
RECORD|index=2355|total=0|smooth=0|singular=0
RECORD|index=2356|total=0|smooth=0|singular=0
RECORD|index=2357|total=0|smooth=0|singular=0
RECORD|index=2358|total=0|smooth=0|singular=0
RECORD|index=2359|total=1|smooth=1|singular=0
RECORD|index=2360|total=0|smooth=0|singular=0
RECORD|index=2361|total=0|smooth=0|singular=0
RECORD|index=2362|total=0|smooth=0|singular=0
RECORD|index=2363|total=0|smooth=0|singular=0
RECORD|index=2364|total=2|smooth=2|singular=0
RECORD|index=2365|total=1|smooth=1|singular=0
RECORD|index=2366|total=0|smooth=0|singular=0
RECORD|index=2367|total=2|smooth=2|singular=0
RECORD|index=2368|total=0|smooth=0|singular=0
RECORD|index=2369|total=0|smooth=0|singular=0
RECORD|index=2370|total=1|smooth=1|singular=0
RECORD|index=2371|total=2|smooth=2|singular=0
RECORD|index=2372|total=1|smooth=1|singular=0
RECORD|index=2373|total=1|smooth=1|singular=0
RECORD|index=2374|total=0|smooth=0|singular=0
RECORD|index=2375|total=2|smooth=2|singular=0
RECORD|index=2376|total=0|smooth=0|singular=0
RECORD|index=2377|total=1|smooth=1|singular=0
RECORD|index=2378|total=0|smooth=0|singular=0
RECORD|index=2379|total=1|smooth=1|singular=0
RECORD|index=2380|total=2|smooth=2|singular=0
RECORD|index=2381|total=1|smooth=1|singular=0
RECORD|index=2382|total=1|smooth=1|singular=0
RECORD|index=2383|total=0|smooth=0|singular=0
RECORD|index=2384|total=1|smooth=1|singular=0
RECORD|index=2385|total=0|smooth=0|singular=0
RECORD|index=2386|total=1|smooth=1|singular=0
RECORD|index=2387|total=0|smooth=0|singular=0
RECORD|index=2388|total=1|smooth=1|singular=0
RECORD|index=2389|total=3|smooth=3|singular=0
RECORD|index=2390|total=1|smooth=1|singular=0
RECORD|index=2391|total=0|smooth=0|singular=0
RECORD|index=2392|total=0|smooth=0|singular=0
RECORD|index=2393|total=0|smooth=0|singular=0
RECORD|index=2394|total=1|smooth=1|singular=0
RECORD|index=2395|total=1|smooth=1|singular=0
RECORD|index=2396|total=0|smooth=0|singular=0
RECORD|index=2397|total=0|smooth=0|singular=0
RECORD|index=2398|total=0|smooth=0|singular=0
RECORD|index=2399|total=1|smooth=1|singular=0
RECORD|index=2400|total=0|smooth=0|singular=0
RECORD|index=2401|total=2|smooth=2|singular=0
RECORD|index=2402|total=1|smooth=1|singular=0
RECORD|index=2403|total=2|smooth=2|singular=0
RECORD|index=2404|total=0|smooth=0|singular=0
RECORD|index=2405|total=1|smooth=1|singular=0
RECORD|index=2406|total=1|smooth=1|singular=0
RECORD|index=2407|total=2|smooth=2|singular=0
RECORD|index=2408|total=2|smooth=2|singular=0
RECORD|index=2409|total=2|smooth=2|singular=0
RECORD|index=2410|total=0|smooth=0|singular=0
RECORD|index=2411|total=1|smooth=1|singular=0
RECORD|index=2412|total=1|smooth=1|singular=0
RECORD|index=2413|total=0|smooth=0|singular=0
RECORD|index=2414|total=0|smooth=0|singular=0
RECORD|index=2415|total=2|smooth=2|singular=0
RECORD|index=2416|total=2|smooth=2|singular=0
RECORD|index=2417|total=1|smooth=1|singular=0
RECORD|index=2418|total=0|smooth=0|singular=0
RECORD|index=2419|total=4|smooth=4|singular=0
RECORD|index=2420|total=1|smooth=1|singular=0
RECORD|index=2421|total=3|smooth=3|singular=0
RECORD|index=2422|total=0|smooth=0|singular=0
RECORD|index=2423|total=1|smooth=1|singular=0
RECORD|index=2424|total=2|smooth=2|singular=0
RECORD|index=2425|total=0|smooth=0|singular=0
RECORD|index=2426|total=1|smooth=1|singular=0
RECORD|index=2427|total=1|smooth=1|singular=0
RECORD|index=2428|total=0|smooth=0|singular=0
RECORD|index=2429|total=1|smooth=1|singular=0
RECORD|index=2430|total=0|smooth=0|singular=0
RECORD|index=2431|total=0|smooth=0|singular=0
RECORD|index=2432|total=0|smooth=0|singular=0
RECORD|index=2433|total=3|smooth=3|singular=0
RECORD|index=2434|total=0|smooth=0|singular=0
RECORD|index=2435|total=0|smooth=0|singular=0
RECORD|index=2436|total=0|smooth=0|singular=0
RECORD|index=2437|total=0|smooth=0|singular=0
RECORD|index=2438|total=0|smooth=0|singular=0
RECORD|index=2439|total=3|smooth=3|singular=0
RECORD|index=2440|total=1|smooth=1|singular=0
RECORD|index=2441|total=0|smooth=0|singular=0
RECORD|index=2442|total=1|smooth=1|singular=0
RECORD|index=2443|total=0|smooth=0|singular=0
RECORD|index=2444|total=1|smooth=1|singular=0
RECORD|index=2445|total=1|smooth=1|singular=0
RECORD|index=2446|total=3|smooth=3|singular=0
RECORD|index=2447|total=1|smooth=1|singular=0
RECORD|index=2448|total=0|smooth=0|singular=0
RECORD|index=2449|total=0|smooth=0|singular=0
RECORD|index=2450|total=1|smooth=1|singular=0
RECORD|index=2451|total=0|smooth=0|singular=0
RECORD|index=2452|total=2|smooth=2|singular=0
RECORD|index=2453|total=1|smooth=1|singular=0
RECORD|index=2454|total=2|smooth=2|singular=0
RECORD|index=2455|total=2|smooth=2|singular=0
RECORD|index=2456|total=1|smooth=1|singular=0
RECORD|index=2457|total=0|smooth=0|singular=0
RECORD|index=2458|total=2|smooth=2|singular=0
RECORD|index=2459|total=1|smooth=1|singular=0
RECORD|index=2460|total=3|smooth=3|singular=0
RECORD|index=2461|total=1|smooth=1|singular=0
RECORD|index=2462|total=1|smooth=1|singular=0
RECORD|index=2463|total=0|smooth=0|singular=0
RECORD|index=2464|total=1|smooth=1|singular=0
RECORD|index=2465|total=0|smooth=0|singular=0
RECORD|index=2466|total=1|smooth=1|singular=0
RECORD|index=2467|total=2|smooth=2|singular=0
RECORD|index=2468|total=0|smooth=0|singular=0
RECORD|index=2469|total=0|smooth=0|singular=0
RECORD|index=2470|total=0|smooth=0|singular=0
RECORD|index=2471|total=1|smooth=1|singular=0
RECORD|index=2472|total=0|smooth=0|singular=0
RECORD|index=2473|total=0|smooth=0|singular=0
RECORD|index=2474|total=2|smooth=2|singular=0
RECORD|index=2475|total=1|smooth=1|singular=0
RECORD|index=2476|total=2|smooth=2|singular=0
RECORD|index=2477|total=0|smooth=0|singular=0
RECORD|index=2478|total=0|smooth=0|singular=0
RECORD|index=2479|total=1|smooth=1|singular=0
RECORD|index=2480|total=1|smooth=1|singular=0
RECORD|index=2481|total=0|smooth=0|singular=0
RECORD|index=2482|total=0|smooth=0|singular=0
RECORD|index=2483|total=1|smooth=1|singular=0
RECORD|index=2484|total=1|smooth=1|singular=0
RECORD|index=2485|total=2|smooth=2|singular=0
RECORD|index=2486|total=0|smooth=0|singular=0
RECORD|index=2487|total=2|smooth=2|singular=0
RECORD|index=2488|total=0|smooth=0|singular=0
RECORD|index=2489|total=2|smooth=2|singular=0
RECORD|index=2490|total=1|smooth=1|singular=0
RECORD|index=2491|total=3|smooth=3|singular=0
RECORD|index=2492|total=0|smooth=0|singular=0
RECORD|index=2493|total=1|smooth=1|singular=0
RECORD|index=2494|total=1|smooth=1|singular=0
RECORD|index=2495|total=1|smooth=1|singular=0
RECORD|index=2496|total=0|smooth=0|singular=0
RECORD|index=2497|total=0|smooth=0|singular=0
RECORD|index=2498|total=1|smooth=1|singular=0
RECORD|index=2499|total=0|smooth=0|singular=0
RECORD|index=2500|total=1|smooth=1|singular=0
RECORD|index=2501|total=2|smooth=2|singular=0
RECORD|index=2502|total=1|smooth=1|singular=0
RECORD|index=2503|total=2|smooth=2|singular=0
RECORD|index=2504|total=3|smooth=3|singular=0
RECORD|index=2505|total=0|smooth=0|singular=0
RECORD|index=2506|total=0|smooth=0|singular=0
RECORD|index=2507|total=1|smooth=1|singular=0
RECORD|index=2508|total=1|smooth=1|singular=0
RECORD|index=2509|total=2|smooth=2|singular=0
RECORD|index=2510|total=2|smooth=2|singular=0
RECORD|index=2511|total=1|smooth=1|singular=0
RECORD|index=2512|total=0|smooth=0|singular=0
RECORD|index=2513|total=0|smooth=0|singular=0
RECORD|index=2514|total=0|smooth=0|singular=0
RECORD|index=2515|total=0|smooth=0|singular=0
RECORD|index=2516|total=2|smooth=2|singular=0
RECORD|index=2517|total=2|smooth=2|singular=0
RECORD|index=2518|total=0|smooth=0|singular=0
RECORD|index=2519|total=0|smooth=0|singular=0
RECORD|index=2520|total=0|smooth=0|singular=0
RECORD|index=2521|total=0|smooth=0|singular=0
RECORD|index=2522|total=2|smooth=2|singular=0
RECORD|index=2523|total=1|smooth=1|singular=0
RECORD|index=2524|total=1|smooth=1|singular=0
RECORD|index=2525|total=1|smooth=1|singular=0
RECORD|index=2526|total=0|smooth=0|singular=0
RECORD|index=2527|total=0|smooth=0|singular=0
RECORD|index=2528|total=0|smooth=0|singular=0
RECORD|index=2529|total=0|smooth=0|singular=0
RECORD|index=2530|total=0|smooth=0|singular=0
RECORD|index=2531|total=2|smooth=2|singular=0
RECORD|index=2532|total=2|smooth=2|singular=0
RECORD|index=2533|total=0|smooth=0|singular=0
RECORD|index=2534|total=0|smooth=0|singular=0
RECORD|index=2535|total=0|smooth=0|singular=0
RECORD|index=2536|total=2|smooth=2|singular=0
RECORD|index=2537|total=1|smooth=1|singular=0
RECORD|index=2538|total=1|smooth=1|singular=0
RECORD|index=2539|total=0|smooth=0|singular=0
RECORD|index=2540|total=0|smooth=0|singular=0
RECORD|index=2541|total=0|smooth=0|singular=0
RECORD|index=2542|total=1|smooth=1|singular=0
RECORD|index=2543|total=2|smooth=2|singular=0
RECORD|index=2544|total=2|smooth=2|singular=0
RECORD|index=2545|total=5|smooth=5|singular=0
RECORD|index=2546|total=1|smooth=1|singular=0
RECORD|index=2547|total=0|smooth=0|singular=0
RECORD|index=2548|total=0|smooth=0|singular=0
RECORD|index=2549|total=1|smooth=1|singular=0
RECORD|index=2550|total=0|smooth=0|singular=0
RECORD|index=2551|total=1|smooth=1|singular=0
RECORD|index=2552|total=2|smooth=2|singular=0
RECORD|index=2553|total=1|smooth=1|singular=0
RECORD|index=2554|total=1|smooth=1|singular=0
RECORD|index=2555|total=0|smooth=0|singular=0
RECORD|index=2556|total=1|smooth=1|singular=0
RECORD|index=2557|total=1|smooth=1|singular=0
RECORD|index=2558|total=0|smooth=0|singular=0
RECORD|index=2559|total=1|smooth=1|singular=0
RECORD|index=2560|total=0|smooth=0|singular=0
RECORD|index=2561|total=0|smooth=0|singular=0
RECORD|index=2562|total=1|smooth=1|singular=0
RECORD|index=2563|total=0|smooth=0|singular=0
RECORD|index=2564|total=3|smooth=3|singular=0
RECORD|index=2565|total=0|smooth=0|singular=0
RECORD|index=2566|total=1|smooth=1|singular=0
RECORD|index=2567|total=1|smooth=1|singular=0
RECORD|index=2568|total=1|smooth=1|singular=0
RECORD|index=2569|total=0|smooth=0|singular=0
RECORD|index=2570|total=1|smooth=1|singular=0
RECORD|index=2571|total=1|smooth=1|singular=0
RECORD|index=2572|total=2|smooth=2|singular=0
RECORD|index=2573|total=3|smooth=3|singular=0
RECORD|index=2574|total=2|smooth=2|singular=0
RECORD|index=2575|total=1|smooth=1|singular=0
RECORD|index=2576|total=3|smooth=3|singular=0
RECORD|index=2577|total=0|smooth=0|singular=0
RECORD|index=2578|total=0|smooth=0|singular=0
RECORD|index=2579|total=1|smooth=1|singular=0
RECORD|index=2580|total=0|smooth=0|singular=0
RECORD|index=2581|total=2|smooth=2|singular=0
RECORD|index=2582|total=1|smooth=1|singular=0
RECORD|index=2583|total=0|smooth=0|singular=0
RECORD|index=2584|total=2|smooth=2|singular=0
RECORD|index=2585|total=0|smooth=0|singular=0
RECORD|index=2586|total=3|smooth=3|singular=0
RECORD|index=2587|total=2|smooth=2|singular=0
RECORD|index=2588|total=0|smooth=0|singular=0
RECORD|index=2589|total=2|smooth=2|singular=0
RECORD|index=2590|total=2|smooth=2|singular=0
RECORD|index=2591|total=0|smooth=0|singular=0
RECORD|index=2592|total=0|smooth=0|singular=0
RECORD|index=2593|total=2|smooth=2|singular=0
RECORD|index=2594|total=1|smooth=1|singular=0
RECORD|index=2595|total=0|smooth=0|singular=0
RECORD|index=2596|total=2|smooth=2|singular=0
RECORD|index=2597|total=0|smooth=0|singular=0
RECORD|index=2598|total=0|smooth=0|singular=0
RECORD|index=2599|total=0|smooth=0|singular=0
RECORD|index=2600|total=2|smooth=2|singular=0
RECORD|index=2601|total=1|smooth=1|singular=0
RECORD|index=2602|total=0|smooth=0|singular=0
RECORD|index=2603|total=0|smooth=0|singular=0
RECORD|index=2604|total=1|smooth=1|singular=0
RECORD|index=2605|total=3|smooth=3|singular=0
RECORD|index=2606|total=3|smooth=3|singular=0
RECORD|index=2607|total=2|smooth=2|singular=0
RECORD|index=2608|total=1|smooth=1|singular=0
RECORD|index=2609|total=1|smooth=1|singular=0
RECORD|index=2610|total=1|smooth=1|singular=0
RECORD|index=2611|total=0|smooth=0|singular=0
RECORD|index=2612|total=1|smooth=1|singular=0
RECORD|index=2613|total=2|smooth=2|singular=0
RECORD|index=2614|total=1|smooth=1|singular=0
RECORD|index=2615|total=0|smooth=0|singular=0
RECORD|index=2616|total=0|smooth=0|singular=0
RECORD|index=2617|total=0|smooth=0|singular=0
RECORD|index=2618|total=1|smooth=1|singular=0
RECORD|index=2619|total=2|smooth=2|singular=0
RECORD|index=2620|total=2|smooth=2|singular=0
RECORD|index=2621|total=0|smooth=0|singular=0
RECORD|index=2622|total=0|smooth=0|singular=0
RECORD|index=2623|total=0|smooth=0|singular=0
RECORD|index=2624|total=2|smooth=2|singular=0
RECORD|index=2625|total=0|smooth=0|singular=0
RECORD|index=2626|total=2|smooth=2|singular=0
RECORD|index=2627|total=1|smooth=1|singular=0
RECORD|index=2628|total=1|smooth=1|singular=0
RECORD|index=2629|total=1|smooth=1|singular=0
RECORD|index=2630|total=1|smooth=1|singular=0
RECORD|index=2631|total=1|smooth=1|singular=0
RECORD|index=2632|total=1|smooth=1|singular=0
RECORD|index=2633|total=0|smooth=0|singular=0
RECORD|index=2634|total=3|smooth=3|singular=0
RECORD|index=2635|total=0|smooth=0|singular=0
RECORD|index=2636|total=0|smooth=0|singular=0
RECORD|index=2637|total=0|smooth=0|singular=0
RECORD|index=2638|total=1|smooth=1|singular=0
RECORD|index=2639|total=1|smooth=1|singular=0
RECORD|index=2640|total=3|smooth=3|singular=0
RECORD|index=2641|total=2|smooth=2|singular=0
RECORD|index=2642|total=1|smooth=1|singular=0
RECORD|index=2643|total=2|smooth=2|singular=0
RECORD|index=2644|total=3|smooth=3|singular=0
RECORD|index=2645|total=1|smooth=1|singular=0
RECORD|index=2646|total=1|smooth=1|singular=0
RECORD|index=2647|total=0|smooth=0|singular=0
RECORD|index=2648|total=0|smooth=0|singular=0
RECORD|index=2649|total=2|smooth=2|singular=0
RECORD|index=2650|total=1|smooth=1|singular=0
RECORD|index=2651|total=3|smooth=3|singular=0
RECORD|index=2652|total=0|smooth=0|singular=0
RECORD|index=2653|total=1|smooth=1|singular=0
RECORD|index=2654|total=0|smooth=0|singular=0
RECORD|index=2655|total=1|smooth=1|singular=0
RECORD|index=2656|total=0|smooth=0|singular=0
RECORD|index=2657|total=1|smooth=1|singular=0
RECORD|index=2658|total=1|smooth=1|singular=0
RECORD|index=2659|total=0|smooth=0|singular=0
RECORD|index=2660|total=2|smooth=2|singular=0
RECORD|index=2661|total=1|smooth=1|singular=0
RECORD|index=2662|total=1|smooth=1|singular=0
RECORD|index=2663|total=0|smooth=0|singular=0
RECORD|index=2664|total=0|smooth=0|singular=0
RECORD|index=2665|total=1|smooth=1|singular=0
RECORD|index=2666|total=0|smooth=0|singular=0
RECORD|index=2667|total=2|smooth=2|singular=0
RECORD|index=2668|total=1|smooth=1|singular=0
RECORD|index=2669|total=0|smooth=0|singular=0
RECORD|index=2670|total=1|smooth=1|singular=0
RECORD|index=2671|total=0|smooth=0|singular=0
RECORD|index=2672|total=1|smooth=1|singular=0
RECORD|index=2673|total=3|smooth=3|singular=0
RECORD|index=2674|total=1|smooth=1|singular=0
RECORD|index=2675|total=0|smooth=0|singular=0
RECORD|index=2676|total=1|smooth=1|singular=0
RECORD|index=2677|total=2|smooth=2|singular=0
RECORD|index=2678|total=0|smooth=0|singular=0
RECORD|index=2679|total=0|smooth=0|singular=0
RECORD|index=2680|total=0|smooth=0|singular=0
RECORD|index=2681|total=3|smooth=3|singular=0
RECORD|index=2682|total=2|smooth=2|singular=0
RECORD|index=2683|total=2|smooth=2|singular=0
RECORD|index=2684|total=1|smooth=1|singular=0
RECORD|index=2685|total=0|smooth=0|singular=0
RECORD|index=2686|total=0|smooth=0|singular=0
RECORD|index=2687|total=1|smooth=1|singular=0
RECORD|index=2688|total=0|smooth=0|singular=0
RECORD|index=2689|total=2|smooth=2|singular=0
RECORD|index=2690|total=1|smooth=1|singular=0
RECORD|index=2691|total=0|smooth=0|singular=0
RECORD|index=2692|total=1|smooth=1|singular=0
RECORD|index=2693|total=0|smooth=0|singular=0
RECORD|index=2694|total=1|smooth=1|singular=0
RECORD|index=2695|total=1|smooth=1|singular=0
RECORD|index=2696|total=3|smooth=3|singular=0
RECORD|index=2697|total=3|smooth=3|singular=0
RECORD|index=2698|total=3|smooth=3|singular=0
RECORD|index=2699|total=2|smooth=2|singular=0
RECORD|index=2700|total=0|smooth=0|singular=0
RECORD|index=2701|total=1|smooth=1|singular=0
RECORD|index=2702|total=1|smooth=1|singular=0
RECORD|index=2703|total=1|smooth=1|singular=0
RECORD|index=2704|total=0|smooth=0|singular=0
RECORD|index=2705|total=0|smooth=0|singular=0
RECORD|index=2706|total=2|smooth=2|singular=0
RECORD|index=2707|total=1|smooth=1|singular=0
RECORD|index=2708|total=0|smooth=0|singular=0
RECORD|index=2709|total=0|smooth=0|singular=0
RECORD|index=2710|total=0|smooth=0|singular=0
RECORD|index=2711|total=1|smooth=1|singular=0
RECORD|index=2712|total=1|smooth=1|singular=0
RECORD|index=2713|total=2|smooth=2|singular=0
RECORD|index=2714|total=1|smooth=1|singular=0
RECORD|index=2715|total=4|smooth=4|singular=0
RECORD|index=2716|total=1|smooth=1|singular=0
RECORD|index=2717|total=1|smooth=1|singular=0
RECORD|index=2718|total=3|smooth=3|singular=0
RECORD|index=2719|total=0|smooth=0|singular=0
RECORD|index=2720|total=1|smooth=1|singular=0
RECORD|index=2721|total=0|smooth=0|singular=0
RECORD|index=2722|total=1|smooth=1|singular=0
RECORD|index=2723|total=0|smooth=0|singular=0
RECORD|index=2724|total=2|smooth=2|singular=0
RECORD|index=2725|total=1|smooth=1|singular=0
RECORD|index=2726|total=0|smooth=0|singular=0
RECORD|index=2727|total=1|smooth=1|singular=0
RECORD|index=2728|total=2|smooth=2|singular=0
RECORD|index=2729|total=1|smooth=1|singular=0
RECORD|index=2730|total=0|smooth=0|singular=0
RECORD|index=2731|total=0|smooth=0|singular=0
RECORD|index=2732|total=3|smooth=3|singular=0
RECORD|index=2733|total=1|smooth=1|singular=0
RECORD|index=2734|total=3|smooth=3|singular=0
RECORD|index=2735|total=2|smooth=2|singular=0
RECORD|index=2736|total=0|smooth=0|singular=0
RECORD|index=2737|total=1|smooth=1|singular=0
RECORD|index=2738|total=0|smooth=0|singular=0
RECORD|index=2739|total=1|smooth=1|singular=0
RECORD|index=2740|total=0|smooth=0|singular=0
RECORD|index=2741|total=0|smooth=0|singular=0
RECORD|index=2742|total=1|smooth=1|singular=0
RECORD|index=2743|total=1|smooth=1|singular=0
RECORD|index=2744|total=2|smooth=2|singular=0
RECORD|index=2745|total=1|smooth=1|singular=0
RECORD|index=2746|total=1|smooth=1|singular=0
RECORD|index=2747|total=0|smooth=0|singular=0
RECORD|index=2748|total=0|smooth=0|singular=0
RECORD|index=2749|total=1|smooth=1|singular=0
RECORD|index=2750|total=0|smooth=0|singular=0
RECORD|index=2751|total=3|smooth=3|singular=0
RECORD|index=2752|total=1|smooth=1|singular=0
RECORD|index=2753|total=1|smooth=1|singular=0
RECORD|index=2754|total=0|smooth=0|singular=0
RECORD|index=2755|total=1|smooth=1|singular=0
RECORD|index=2756|total=2|smooth=2|singular=0
RECORD|index=2757|total=1|smooth=1|singular=0
RECORD|index=2758|total=0|smooth=0|singular=0
RECORD|index=2759|total=1|smooth=1|singular=0
RECORD|index=2760|total=3|smooth=3|singular=0
RECORD|index=2761|total=0|smooth=0|singular=0
RECORD|index=2762|total=1|smooth=1|singular=0
RECORD|index=2763|total=1|smooth=1|singular=0
RECORD|index=2764|total=0|smooth=0|singular=0
RECORD|index=2765|total=1|smooth=1|singular=0
RECORD|index=2766|total=0|smooth=0|singular=0
RECORD|index=2767|total=1|smooth=1|singular=0
RECORD|index=2768|total=2|smooth=2|singular=0
RECORD|index=2769|total=1|smooth=1|singular=0
RECORD|index=2770|total=0|smooth=0|singular=0
RECORD|index=2771|total=0|smooth=0|singular=0
RECORD|index=2772|total=0|smooth=0|singular=0
RECORD|index=2773|total=1|smooth=1|singular=0
RECORD|index=2774|total=3|smooth=3|singular=0
RECORD|index=2775|total=2|smooth=2|singular=0
RECORD|index=2776|total=4|smooth=4|singular=0
RECORD|index=2777|total=2|smooth=2|singular=0
RECORD|index=2778|total=1|smooth=1|singular=0
RECORD|index=2779|total=0|smooth=0|singular=0
RECORD|index=2780|total=0|smooth=0|singular=0
RECORD|index=2781|total=0|smooth=0|singular=0
RECORD|index=2782|total=0|smooth=0|singular=0
RECORD|index=2783|total=2|smooth=2|singular=0
RECORD|index=2784|total=3|smooth=3|singular=0
RECORD|index=2785|total=2|smooth=2|singular=0
RECORD|index=2786|total=2|smooth=2|singular=0
RECORD|index=2787|total=0|smooth=0|singular=0
RECORD|index=2788|total=2|smooth=2|singular=0
RECORD|index=2789|total=2|smooth=2|singular=0
RECORD|index=2790|total=2|smooth=2|singular=0
RECORD|index=2791|total=0|smooth=0|singular=0
RECORD|index=2792|total=0|smooth=0|singular=0
RECORD|index=2793|total=1|smooth=1|singular=0
RECORD|index=2794|total=0|smooth=0|singular=0
RECORD|index=2795|total=1|smooth=1|singular=0
RECORD|index=2796|total=1|smooth=1|singular=0
RECORD|index=2797|total=1|smooth=1|singular=0
RECORD|index=2798|total=2|smooth=2|singular=0
RECORD|index=2799|total=0|smooth=0|singular=0
RECORD|index=2800|total=2|smooth=2|singular=0
RECORD|index=2801|total=1|smooth=1|singular=0
RECORD|index=2802|total=0|smooth=0|singular=0
RECORD|index=2803|total=0|smooth=0|singular=0
RECORD|index=2804|total=2|smooth=2|singular=0
RECORD|index=2805|total=0|smooth=0|singular=0
RECORD|index=2806|total=2|smooth=2|singular=0
RECORD|index=2807|total=0|smooth=0|singular=0
RECORD|index=2808|total=0|smooth=0|singular=0
RECORD|index=2809|total=2|smooth=2|singular=0
RECORD|index=2810|total=0|smooth=0|singular=0
RECORD|index=2811|total=1|smooth=1|singular=0
RECORD|index=2812|total=0|smooth=0|singular=0
RECORD|index=2813|total=3|smooth=3|singular=0
RECORD|index=2814|total=0|smooth=0|singular=0
RECORD|index=2815|total=3|smooth=3|singular=0
RECORD|index=2816|total=5|smooth=5|singular=0
RECORD|index=2817|total=0|smooth=0|singular=0
RECORD|index=2818|total=1|smooth=1|singular=0
RECORD|index=2819|total=1|smooth=1|singular=0
RECORD|index=2820|total=0|smooth=0|singular=0
RECORD|index=2821|total=0|smooth=0|singular=0
RECORD|index=2822|total=1|smooth=1|singular=0
RECORD|index=2823|total=1|smooth=1|singular=0
RECORD|index=2824|total=0|smooth=0|singular=0
RECORD|index=2825|total=1|smooth=1|singular=0
RECORD|index=2826|total=1|smooth=1|singular=0
RECORD|index=2827|total=3|smooth=3|singular=0
RECORD|index=2828|total=2|smooth=2|singular=0
RECORD|index=2829|total=2|smooth=2|singular=0
RECORD|index=2830|total=1|smooth=1|singular=0
RECORD|index=2831|total=1|smooth=1|singular=0
RECORD|index=2832|total=0|smooth=0|singular=0
RECORD|index=2833|total=1|smooth=1|singular=0
RECORD|index=2834|total=0|smooth=0|singular=0
RECORD|index=2835|total=0|smooth=0|singular=0
RECORD|index=2836|total=1|smooth=1|singular=0
RECORD|index=2837|total=1|smooth=1|singular=0
RECORD|index=2838|total=1|smooth=1|singular=0
RECORD|index=2839|total=0|smooth=0|singular=0
RECORD|index=2840|total=1|smooth=1|singular=0
RECORD|index=2841|total=1|smooth=1|singular=0
RECORD|index=2842|total=0|smooth=0|singular=0
RECORD|index=2843|total=3|smooth=3|singular=0
RECORD|index=2844|total=1|smooth=1|singular=0
RECORD|index=2845|total=0|smooth=0|singular=0
RECORD|index=2846|total=1|smooth=1|singular=0
RECORD|index=2847|total=0|smooth=0|singular=0
RECORD|index=2848|total=2|smooth=2|singular=0
RECORD|index=2849|total=0|smooth=0|singular=0
RECORD|index=2850|total=3|smooth=3|singular=0
RECORD|index=2851|total=1|smooth=1|singular=0
RECORD|index=2852|total=3|smooth=3|singular=0
RECORD|index=2853|total=2|smooth=2|singular=0
RECORD|index=2854|total=0|smooth=0|singular=0
RECORD|index=2855|total=2|smooth=2|singular=0
RECORD|index=2856|total=1|smooth=1|singular=0
RECORD|index=2857|total=1|smooth=1|singular=0
RECORD|index=2858|total=0|smooth=0|singular=0
RECORD|index=2859|total=1|smooth=1|singular=0
RECORD|index=2860|total=2|smooth=2|singular=0
RECORD|index=2861|total=1|smooth=1|singular=0
RECORD|index=2862|total=0|smooth=0|singular=0
RECORD|index=2863|total=0|smooth=0|singular=0
RECORD|index=2864|total=1|smooth=1|singular=0
RECORD|index=2865|total=1|smooth=1|singular=0
RECORD|index=2866|total=0|smooth=0|singular=0
RECORD|index=2867|total=2|smooth=2|singular=0
RECORD|index=2868|total=0|smooth=0|singular=0
RECORD|index=2869|total=0|smooth=0|singular=0
RECORD|index=2870|total=1|smooth=1|singular=0
RECORD|index=2871|total=2|smooth=2|singular=0
RECORD|index=2872|total=3|smooth=3|singular=0
RECORD|index=2873|total=0|smooth=0|singular=0
RECORD|index=2874|total=3|smooth=3|singular=0
RECORD|index=2875|total=1|smooth=1|singular=0
RECORD|index=2876|total=0|smooth=0|singular=0
RECORD|index=2877|total=1|smooth=1|singular=0
RECORD|index=2878|total=2|smooth=2|singular=0
RECORD|index=2879|total=0|smooth=0|singular=0
RECORD|index=2880|total=2|smooth=2|singular=0
RECORD|index=2881|total=0|smooth=0|singular=0
RECORD|index=2882|total=3|smooth=3|singular=0
RECORD|index=2883|total=0|smooth=0|singular=0
RECORD|index=2884|total=2|smooth=2|singular=0
RECORD|index=2885|total=0|smooth=0|singular=0
RECORD|index=2886|total=0|smooth=0|singular=0
RECORD|index=2887|total=2|smooth=2|singular=0
RECORD|index=2888|total=2|smooth=2|singular=0
RECORD|index=2889|total=4|smooth=4|singular=0
RECORD|index=2890|total=0|smooth=0|singular=0
RECORD|index=2891|total=0|smooth=0|singular=0
RECORD|index=2892|total=0|smooth=0|singular=0
RECORD|index=2893|total=0|smooth=0|singular=0
RECORD|index=2894|total=1|smooth=1|singular=0
RECORD|index=2895|total=2|smooth=2|singular=0
RECORD|index=2896|total=1|smooth=1|singular=0
RECORD|index=2897|total=0|smooth=0|singular=0
RECORD|index=2898|total=1|smooth=1|singular=0
RECORD|index=2899|total=1|smooth=1|singular=0
RECORD|index=2900|total=1|smooth=1|singular=0
RECORD|index=2901|total=2|smooth=2|singular=0
RECORD|index=2902|total=1|smooth=1|singular=0
RECORD|index=2903|total=0|smooth=0|singular=0
RECORD|index=2904|total=0|smooth=0|singular=0
RECORD|index=2905|total=1|smooth=1|singular=0
RECORD|index=2906|total=3|smooth=3|singular=0
RECORD|index=2907|total=3|smooth=3|singular=0
RECORD|index=2908|total=0|smooth=0|singular=0
RECORD|index=2909|total=0|smooth=0|singular=0
RECORD|index=2910|total=2|smooth=2|singular=0
RECORD|index=2911|total=0|smooth=0|singular=0
RECORD|index=2912|total=0|smooth=0|singular=0
RECORD|index=2913|total=0|smooth=0|singular=0
RECORD|index=2914|total=0|smooth=0|singular=0
RECORD|index=2915|total=0|smooth=0|singular=0
RECORD|index=2916|total=1|smooth=1|singular=0
RECORD|index=2917|total=0|smooth=0|singular=0
RECORD|index=2918|total=2|smooth=2|singular=0
RECORD|index=2919|total=0|smooth=0|singular=0
RECORD|index=2920|total=3|smooth=3|singular=0
RECORD|index=2921|total=0|smooth=0|singular=0
RECORD|index=2922|total=1|smooth=1|singular=0
RECORD|index=2923|total=0|smooth=0|singular=0
RECORD|index=2924|total=0|smooth=0|singular=0
RECORD|index=2925|total=0|smooth=0|singular=0
RECORD|index=2926|total=1|smooth=1|singular=0
RECORD|index=2927|total=1|smooth=1|singular=0
RECORD|index=2928|total=1|smooth=1|singular=0
RECORD|index=2929|total=1|smooth=1|singular=0
RECORD|index=2930|total=0|smooth=0|singular=0
RECORD|index=2931|total=3|smooth=3|singular=0
RECORD|index=2932|total=1|smooth=1|singular=0
RECORD|index=2933|total=2|smooth=2|singular=0
RECORD|index=2934|total=1|smooth=1|singular=0
RECORD|index=2935|total=1|smooth=1|singular=0
RECORD|index=2936|total=1|smooth=1|singular=0
RECORD|index=2937|total=0|smooth=0|singular=0
RECORD|index=2938|total=1|smooth=1|singular=0
RECORD|index=2939|total=1|smooth=1|singular=0
RECORD|index=2940|total=0|smooth=0|singular=0
RECORD|index=2941|total=0|smooth=0|singular=0
RECORD|index=2942|total=0|smooth=0|singular=0
RECORD|index=2943|total=0|smooth=0|singular=0
RECORD|index=2944|total=2|smooth=2|singular=0
RECORD|index=2945|total=0|smooth=0|singular=0
RECORD|index=2946|total=0|smooth=0|singular=0
RECORD|index=2947|total=0|smooth=0|singular=0
RECORD|index=2948|total=0|smooth=0|singular=0
RECORD|index=2949|total=2|smooth=2|singular=0
RECORD|index=2950|total=2|smooth=2|singular=0
RECORD|index=2951|total=2|smooth=2|singular=0
RECORD|index=2952|total=1|smooth=1|singular=0
RECORD|index=2953|total=1|smooth=1|singular=0
RECORD|index=2954|total=0|smooth=0|singular=0
RECORD|index=2955|total=1|smooth=1|singular=0
RECORD|index=2956|total=1|smooth=1|singular=0
RECORD|index=2957|total=0|smooth=0|singular=0
RECORD|index=2958|total=1|smooth=1|singular=0
RECORD|index=2959|total=1|smooth=1|singular=0
RECORD|index=2960|total=1|smooth=1|singular=0
RECORD|index=2961|total=2|smooth=2|singular=0
RECORD|index=2962|total=0|smooth=0|singular=0
RECORD|index=2963|total=1|smooth=1|singular=0
RECORD|index=2964|total=0|smooth=0|singular=0
RECORD|index=2965|total=2|smooth=2|singular=0
RECORD|index=2966|total=1|smooth=1|singular=0
RECORD|index=2967|total=3|smooth=3|singular=0
RECORD|index=2968|total=0|smooth=0|singular=0
RECORD|index=2969|total=1|smooth=1|singular=0
RECORD|index=2970|total=1|smooth=1|singular=0
RECORD|index=2971|total=1|smooth=1|singular=0
RECORD|index=2972|total=0|smooth=0|singular=0
RECORD|index=2973|total=0|smooth=0|singular=0
RECORD|index=2974|total=0|smooth=0|singular=0
RECORD|index=2975|total=3|smooth=3|singular=0
RECORD|index=2976|total=0|smooth=0|singular=0
RECORD|index=2977|total=0|smooth=0|singular=0
RECORD|index=2978|total=0|smooth=0|singular=0
RECORD|index=2979|total=3|smooth=3|singular=0
RECORD|index=2980|total=3|smooth=3|singular=0
RECORD|index=2981|total=0|smooth=0|singular=0
RECORD|index=2982|total=1|smooth=1|singular=0
RECORD|index=2983|total=0|smooth=0|singular=0
RECORD|index=2984|total=1|smooth=1|singular=0
RECORD|index=2985|total=1|smooth=1|singular=0
RECORD|index=2986|total=2|smooth=2|singular=0
RECORD|index=2987|total=0|smooth=0|singular=0
RECORD|index=2988|total=0|smooth=0|singular=0
RECORD|index=2989|total=1|smooth=1|singular=0
RECORD|index=2990|total=0|smooth=0|singular=0
RECORD|index=2991|total=1|smooth=1|singular=0
RECORD|index=2992|total=0|smooth=0|singular=0
RECORD|index=2993|total=0|smooth=0|singular=0
RECORD|index=2994|total=2|smooth=2|singular=0
RECORD|index=2995|total=1|smooth=1|singular=0
RECORD|index=2996|total=2|smooth=2|singular=0
RECORD|index=2997|total=0|smooth=0|singular=0
RECORD|index=2998|total=0|smooth=0|singular=0
RECORD|index=2999|total=0|smooth=0|singular=0
RECORD|index=3000|total=1|smooth=1|singular=0
RECORD|index=3001|total=2|smooth=2|singular=0
RECORD|index=3002|total=1|smooth=1|singular=0
RECORD|index=3003|total=1|smooth=1|singular=0
RECORD|index=3004|total=2|smooth=2|singular=0
RECORD|index=3005|total=3|smooth=3|singular=0
RECORD|index=3006|total=1|smooth=1|singular=0
RECORD|index=3007|total=1|smooth=1|singular=0
RECORD|index=3008|total=0|smooth=0|singular=0
RECORD|index=3009|total=2|smooth=2|singular=0
RECORD|index=3010|total=1|smooth=1|singular=0
RECORD|index=3011|total=1|smooth=1|singular=0
RECORD|index=3012|total=3|smooth=3|singular=0
RECORD|index=3013|total=1|smooth=1|singular=0
RECORD|index=3014|total=2|smooth=2|singular=0
RECORD|index=3015|total=0|smooth=0|singular=0
RECORD|index=3016|total=0|smooth=0|singular=0
RECORD|index=3017|total=1|smooth=1|singular=0
RECORD|index=3018|total=2|smooth=2|singular=0
RECORD|index=3019|total=1|smooth=1|singular=0
RECORD|index=3020|total=2|smooth=2|singular=0
RECORD|index=3021|total=2|smooth=2|singular=0
RECORD|index=3022|total=2|smooth=2|singular=0
RECORD|index=3023|total=1|smooth=1|singular=0
SINGULAR_FQ2_SHARD_PASS
