B12_BASELINE=A1_D2_S1_G14_T16
B12_PRIMITIVE_COUNT=6
B12_GLOBAL_POLE_CEILING=2
   ? `polyBucket` ^ `number` failed
   ? error occurred in or before /tmp/d1_lowa6_preflight_v3/compiled/square_d1_unique_ac_d23_lowa6_local_row_q.sing line 78: `1+2*sigma^2*ell2)/4)*B12_h3+(3*(p+2*sigma^1*ell1+2*sigma^2*ell2)^2/32)*B12_h1;`
   ? expected poly-expression. type 'help poly;'
   ? `B12_PredPhi5` is not defined
   ? error occurred in or before /tmp/d1_lowa6_preflight_v3/compiled/square_d1_unique_ac_d23_lowa6_local_row_q.sing line 80: `^1*ell1+2*sigma^2*ell2)*B12_h4+((p+2*sigma^1*ell1+2*sigma^2*ell2)^2/4)*B12_h2;`
   ? wrong type declaration. type 'help poly;'
   ? `B12_PredPhi6` is not defined
   ? error occurred in or before /tmp/d1_lowa6_preflight_v3/compiled/square_d1_unique_ac_d23_lowa6_local_row_q.sing line 82: `sigma^2*ell2)^2/32)*B12_h3+(5*(p+2*sigma^1*ell1+2*sigma^2*ell2)^3/128)*B12_h1;`
   ? wrong type declaration. type 'help poly;'
   ? `B12_PredPhi7` is not defined
   ? error occurred in or before /tmp/d1_lowa6_preflight_v3/compiled/square_d1_unique_ac_d23_lowa6_local_row_q.sing line 84: `poly B12_F1_Q14=B12_FullPhi1/sigma^14;`
   ? wrong type declaration. type 'help poly;'
   ? `B12_F1_Q14` is not defined
   ? error occurred in or before /tmp/d1_lowa6_preflight_v3/compiled/square_d1_unique_ac_d23_lowa6_local_row_q.sing line 85: `int B12_F1_exact=(sigma^14*B12_F1_Q14-B12_FullPhi1==0);`
   ? expected int-expression. type 'help int;'
   ? `B12_F1_Q14` is not defined
   ? error occurred in or before /tmp/d1_lowa6_preflight_v3/compiled/square_d1_unique_ac_d23_lowa6_local_row_q.sing line 86: `poly B12_F1_g14=subst(B12_F1_Q14,sigma,0);`
   ? expected poly-expression. type 'help poly;'
   ? `B12_F1_Q14` is not defined
   ? error occurred in or before /tmp/d1_lowa6_preflight_v3/compiled/square_d1_unique_ac_d23_lowa6_local_row_q.sing line 87: `poly B12_F1_Rem15=B12_F1_Q14-B12_F1_g14;`
   ? expected poly-expression. type 'help poly;'
   ? `B12_F1_Rem15` is not defined
   ? error occurred in or before /tmp/d1_lowa6_preflight_v3/compiled/square_d1_unique_ac_d23_lowa6_local_row_q.sing line 89: `poly B12_F1_Q15=B12_F1_Rem15/sigma;`
   ? wrong type declaration. type 'help poly;'
   ? `B12_F1_Q15` is not defined
   ? error occurred in or before /tmp/d1_lowa6_preflight_v3/compiled/square_d1_unique_ac_d23_lowa6_local_row_q.sing line 90: `poly B12_F1_g15=subst(B12_F1_Q15,sigma,0);`
   ? expected poly-expression. type 'help poly;'
   ? `B12_F1_Q15` is not defined
   ? error occurred in or before /tmp/d1_lowa6_preflight_v3/compiled/square_d1_unique_ac_d23_lowa6_local_row_q.sing line 91: `poly B12_F1_Rem16=B12_F1_Q15-B12_F1_g15;`
   ? expected poly-expression. type 'help poly;'
   ? `B12_F1_Rem16` is not defined
   ? error occurred in or before /tmp/d1_lowa6_preflight_v3/compiled/square_d1_unique_ac_d23_lowa6_local_row_q.sing line 93: `poly B12_F1_Q16=B12_F1_Rem16/sigma;`
   ? wrong type declaration. type 'help poly;'
   ? `B12_F1_Q16` is not defined
   ? error occurred in or before /tmp/d1_lowa6_preflight_v3/compiled/square_d1_unique_ac_d23_lowa6_local_row_q.sing line 94: `poly B12_F1_g16=subst(B12_F1_Q16,sigma,0);`
   ? expected poly-expression. type 'help poly;'
   ? `B12_F1_exact` is not defined
   ? error occurred in or before /tmp/d1_lowa6_preflight_v3/compiled/square_d1_unique_ac_d23_lowa6_local_row_q.sing line 161: `B12_F2_exact*B12_F3_exact*B12_F4_exact*B12_F5_exact*B12_F6_exact*B12_F7_exact;`
   ? expected int-expression. type 'help int;'
   ? `polyBucket` ^ `number` failed
   ? error occurred in or before /tmp/d1_lowa6_preflight_v3/compiled/square_d1_unique_ac_d23_lowa6_local_row_q.sing line 191: `^1*ell1+2*sigma^2*ell2)*B12_h3+((p+2*sigma^1*ell1+2*sigma^2*ell2)^2/4)*B12_h1;`
   ? expected poly-expression. type 'help poly;'
   ? `polyBucket` ^ `number` failed
   ? error occurred in or before /tmp/d1_lowa6_preflight_v3/compiled/square_d1_unique_ac_d23_lowa6_local_row_q.sing line 192: `^1*ell1+2*sigma^2*ell2)*B12_h4+((p+2*sigma^1*ell1+2*sigma^2*ell2)^2/4)*B12_h2;`
   ? expected poly-expression. type 'help poly;'
   ? `polyBucket` ^ `number` failed
   ? error occurred in or before /tmp/d1_lowa6_preflight_v3/compiled/square_d1_unique_ac_d23_lowa6_local_row_q.sing line 193: `^1*ell1+2*sigma^2*ell2)*B12_h5+((p+2*sigma^1*ell1+2*sigma^2*ell2)^2/4)*B12_h3;`
   ? expected poly-expression. type 'help poly;'
   ? `B12_Rec5` is not defined
   ? error occurred in or before /tmp/d1_lowa6_preflight_v3/compiled/square_d1_unique_ac_d23_lowa6_local_row_q.sing line 194: `_Rec5,B12_ST)==0 && reduce(B12_Rec6,B12_ST)==0 && reduce(B12_Rec7,B12_ST)==0);`
   ? expected int-expression. type 'help int;'
   ? `B12_quotients` is not defined
   ? error occurred in or before /tmp/d1_lowa6_preflight_v3/compiled/square_d1_unique_ac_d23_lowa6_local_row_q.sing line 233: `rstAC*B12_recurrence*B12_targetfree*B12_orient_plus*B12_orient_minus*B12_unit;`
   ? expected int-expression. type 'help int;'
B12_MOVING_L2_RECURRENCE=
B12_TARGET_FREE_LOCAL_ROWS=1
B12_BOTH_ORIENTATIONS=1
B12_LOCAL_COEFFICIENT=3/2*lam^2*cv^2
   ? `B12_endpoint` is not defined
   ? error occurred in or before /tmp/d1_lowa6_preflight_v3/compiled/square_d1_unique_ac_d23_lowa6_local_row_q.sing line 239: `print("B12_ENDPOINT=PASS_EMPTY_CLOSED_R_TAIL");`
B13_BASELINE=A1_D3_S1_G15_T18
B13_PRIMITIVE_COUNT=8
B13_GLOBAL_POLE_CEILING=3
   ? `polyBucket` ^ `number` failed
   ? error occurred in or before /tmp/d1_lowa6_preflight_v3/compiled/square_d1_unique_ac_d23_lowa6_local_row_q.sing line 322: `3)/4)*B13_h3+(3*(p+2*sigma^1*ell1+2*sigma^2*ell2+2*sigma^3*ell3)^2/32)*B13_h1;`
   ? expected poly-expression. type 'help poly;'
   ? `B13_PredPhi5` is not defined
   ? error occurred in or before /tmp/d1_lowa6_preflight_v3/compiled/square_d1_unique_ac_d23_lowa6_local_row_q.sing line 324: `^3*ell3)*B13_h4+((p+2*sigma^1*ell1+2*sigma^2*ell2+2*sigma^3*ell3)^2/4)*B13_h2;`
   ? wrong type declaration. type 'help poly;'
   ? `B13_PredPhi6` is not defined
   ? error occurred in or before /tmp/d1_lowa6_preflight_v3/compiled/square_d1_unique_ac_d23_lowa6_local_row_q.sing line 326: `/32)*B13_h3+(5*(p+2*sigma^1*ell1+2*sigma^2*ell2+2*sigma^3*ell3)^3/128)*B13_h1;`
   ? wrong type declaration. type 'help poly;'
   ? `B13_PredPhi7` is not defined
   ? error occurred in or before /tmp/d1_lowa6_preflight_v3/compiled/square_d1_unique_ac_d23_lowa6_local_row_q.sing line 328: `poly B13_F1_Q15=B13_FullPhi1/sigma^15;`
   ? wrong type declaration. type 'help poly;'
   ? `B13_F1_Q15` is not defined
   ? error occurred in or before /tmp/d1_lowa6_preflight_v3/compiled/square_d1_unique_ac_d23_lowa6_local_row_q.sing line 329: `int B13_F1_exact=(sigma^15*B13_F1_Q15-B13_FullPhi1==0);`
   ? expected int-expression. type 'help int;'
   ? `B13_F1_Q15` is not defined
   ? error occurred in or before /tmp/d1_lowa6_preflight_v3/compiled/square_d1_unique_ac_d23_lowa6_local_row_q.sing line 330: `poly B13_F1_g15=subst(B13_F1_Q15,sigma,0);`
   ? expected poly-expression. type 'help poly;'
   ? `B13_F1_Q15` is not defined
   ? error occurred in or before /tmp/d1_lowa6_preflight_v3/compiled/square_d1_unique_ac_d23_lowa6_local_row_q.sing line 331: `poly B13_F1_Rem16=B13_F1_Q15-B13_F1_g15;`
   ? expected poly-expression. type 'help poly;'
   ? `B13_F1_Rem16` is not defined
   ? error occurred in or before /tmp/d1_lowa6_preflight_v3/compiled/square_d1_unique_ac_d23_lowa6_local_row_q.sing line 333: `poly B13_F1_Q16=B13_F1_Rem16/sigma;`
   ? wrong type declaration. type 'help poly;'
   ? `B13_F1_Q16` is not defined
   ? error occurred in or before /tmp/d1_lowa6_preflight_v3/compiled/square_d1_unique_ac_d23_lowa6_local_row_q.sing line 334: `poly B13_F1_g16=subst(B13_F1_Q16,sigma,0);`
   ? expected poly-expression. type 'help poly;'
   ? `B13_F1_Q16` is not defined
   ? error occurred in or before /tmp/d1_lowa6_preflight_v3/compiled/square_d1_unique_ac_d23_lowa6_local_row_q.sing line 335: `poly B13_F1_Rem17=B13_F1_Q16-B13_F1_g16;`
   ? expected poly-expression. type 'help poly;'
   ? `B13_F1_Rem17` is not defined
   ? error occurred in or before /tmp/d1_lowa6_preflight_v3/compiled/square_d1_unique_ac_d23_lowa6_local_row_q.sing line 337: `poly B13_F1_Q17=B13_F1_Rem17/sigma;`
   ? wrong type declaration. type 'help poly;'
   ? `B13_F1_Q17` is not defined
   ? error occurred in or before /tmp/d1_lowa6_preflight_v3/compiled/square_d1_unique_ac_d23_lowa6_local_row_q.sing line 338: `poly B13_F1_g17=subst(B13_F1_Q17,sigma,0);`
   ? expected poly-expression. type 'help poly;'
   ? `B13_F1_Q17` is not defined
   ? error occurred in or before /tmp/d1_lowa6_preflight_v3/compiled/square_d1_unique_ac_d23_lowa6_local_row_q.sing line 339: `poly B13_F1_Rem18=B13_F1_Q17-B13_F1_g17;`
   ? expected poly-expression. type 'help poly;'
   ? `B13_F1_Rem18` is not defined
   ? error occurred in or before /tmp/d1_lowa6_preflight_v3/compiled/square_d1_unique_ac_d23_lowa6_local_row_q.sing line 341: `poly B13_F1_Q18=B13_F1_Rem18/sigma;`
   ? wrong type declaration. type 'help poly;'
   ? `B13_F1_Q18` is not defined
   ? error occurred in or before /tmp/d1_lowa6_preflight_v3/compiled/square_d1_unique_ac_d23_lowa6_local_row_q.sing line 342: `poly B13_F1_g18=subst(B13_F1_Q18,sigma,0);`
   ? expected poly-expression. type 'help poly;'
   ? `B13_F1_exact` is not defined
   ? error occurred in or before /tmp/d1_lowa6_preflight_v3/compiled/square_d1_unique_ac_d23_lowa6_local_row_q.sing line 433: `B13_F2_exact*B13_F3_exact*B13_F4_exact*B13_F5_exact*B13_F6_exact*B13_F7_exact;`
   ? expected int-expression. type 'help int;'
   ? `B13_quotients` is not defined
   ? error occurred in or before /tmp/d1_lowa6_preflight_v3/compiled/square_d1_unique_ac_d23_lowa6_local_row_q.sing line 467: `B13_bridge*B13_quotients*B13_root_constant*B13_firstAC*B13_negative_inventory;`
   ? expected int-expression. type 'help int;'
B13_NEGCTRL_C2_AND_RA2_LOCAL_DOUBLE=1
B13_NEGCTRL_GLOBAL_POLE3=1
   ? `B13_endpoint` is not defined
   ? error occurred in or before /tmp/d1_lowa6_preflight_v3/compiled/square_d1_unique_ac_d23_lowa6_local_row_q.sing line 471: `print("B13_ENDPOINT=PASS_ROUTE_DEDICATED_E_SUCCESSOR_NO_EMPTY_VERDICT");`
B22_BASELINE=A2_D2_S1_G16_T18
B22_PRIMITIVE_COUNT=4
B22_GLOBAL_POLE_CEILING=2
   ? `polyBucket` ^ `number` failed
   ? error occurred in or before /tmp/d1_lowa6_preflight_v3/compiled/square_d1_unique_ac_d23_lowa6_local_row_q.sing line 549: `1+2*sigma^2*ell2)/4)*B22_h3+(3*(p+2*sigma^1*ell1+2*sigma^2*ell2)^2/32)*B22_h1;`
   ? expected poly-expression. type 'help poly;'
   ? `B22_PredPhi5` is not defined
   ? error occurred in or before /tmp/d1_lowa6_preflight_v3/compiled/square_d1_unique_ac_d23_lowa6_local_row_q.sing line 551: `^1*ell1+2*sigma^2*ell2)*B22_h4+((p+2*sigma^1*ell1+2*sigma^2*ell2)^2/4)*B22_h2;`
   ? wrong type declaration. type 'help poly;'
   ? `B22_PredPhi6` is not defined
   ? error occurred in or before /tmp/d1_lowa6_preflight_v3/compiled/square_d1_unique_ac_d23_lowa6_local_row_q.sing line 553: `sigma^2*ell2)^2/32)*B22_h3+(5*(p+2*sigma^1*ell1+2*sigma^2*ell2)^3/128)*B22_h1;`
   ? wrong type declaration. type 'help poly;'
   ? `B22_PredPhi7` is not defined
   ? error occurred in or before /tmp/d1_lowa6_preflight_v3/compiled/square_d1_unique_ac_d23_lowa6_local_row_q.sing line 555: `poly B22_F1_Q16=B22_FullPhi1/sigma^16;`
   ? wrong type declaration. type 'help poly;'
   ? `B22_F1_Q16` is not defined
   ? error occurred in or before /tmp/d1_lowa6_preflight_v3/compiled/square_d1_unique_ac_d23_lowa6_local_row_q.sing line 556: `int B22_F1_exact=(sigma^16*B22_F1_Q16-B22_FullPhi1==0);`
   ? expected int-expression. type 'help int;'
   ? `B22_F1_Q16` is not defined
   ? error occurred in or before /tmp/d1_lowa6_preflight_v3/compiled/square_d1_unique_ac_d23_lowa6_local_row_q.sing line 557: `poly B22_F1_g16=subst(B22_F1_Q16,sigma,0);`
   ? expected poly-expression. type 'help poly;'
   ? `B22_F1_Q16` is not defined
   ? error occurred in or before /tmp/d1_lowa6_preflight_v3/compiled/square_d1_unique_ac_d23_lowa6_local_row_q.sing line 558: `poly B22_F1_Rem17=B22_F1_Q16-B22_F1_g16;`
   ? expected poly-expression. type 'help poly;'
   ? `B22_F1_Rem17` is not defined
   ? error occurred in or before /tmp/d1_lowa6_preflight_v3/compiled/square_d1_unique_ac_d23_lowa6_local_row_q.sing line 560: `poly B22_F1_Q17=B22_F1_Rem17/sigma;`
   ? wrong type declaration. type 'help poly;'
   ? `B22_F1_Q17` is not defined
   ? error occurred in or before /tmp/d1_lowa6_preflight_v3/compiled/square_d1_unique_ac_d23_lowa6_local_row_q.sing line 561: `poly B22_F1_g17=subst(B22_F1_Q17,sigma,0);`
   ? expected poly-expression. type 'help poly;'
   ? `B22_F1_Q17` is not defined
   ? error occurred in or before /tmp/d1_lowa6_preflight_v3/compiled/square_d1_unique_ac_d23_lowa6_local_row_q.sing line 562: `poly B22_F1_Rem18=B22_F1_Q17-B22_F1_g17;`
   ? expected poly-expression. type 'help poly;'
   ? `B22_F1_Rem18` is not defined
   ? error occurred in or before /tmp/d1_lowa6_preflight_v3/compiled/square_d1_unique_ac_d23_lowa6_local_row_q.sing line 564: `poly B22_F1_Q18=B22_F1_Rem18/sigma;`
   ? wrong type declaration. type 'help poly;'
   ? `B22_F1_Q18` is not defined
   ? error occurred in or before /tmp/d1_lowa6_preflight_v3/compiled/square_d1_unique_ac_d23_lowa6_local_row_q.sing line 565: `poly B22_F1_g18=subst(B22_F1_Q18,sigma,0);`
   ? expected poly-expression. type 'help poly;'
   ? `B22_F1_exact` is not defined
   ? error occurred in or before /tmp/d1_lowa6_preflight_v3/compiled/square_d1_unique_ac_d23_lowa6_local_row_q.sing line 632: `B22_F2_exact*B22_F3_exact*B22_F4_exact*B22_F5_exact*B22_F6_exact*B22_F7_exact;`
   ? expected int-expression. type 'help int;'
   ? `polyBucket` ^ `number` failed
   ? error occurred in or before /tmp/d1_lowa6_preflight_v3/compiled/square_d1_unique_ac_d23_lowa6_local_row_q.sing line 662: `^1*ell1+2*sigma^2*ell2)*B22_h3+((p+2*sigma^1*ell1+2*sigma^2*ell2)^2/4)*B22_h1;`
   ? expected poly-expression. type 'help poly;'
   ? `polyBucket` ^ `number` failed
   ? error occurred in or before /tmp/d1_lowa6_preflight_v3/compiled/square_d1_unique_ac_d23_lowa6_local_row_q.sing line 663: `^1*ell1+2*sigma^2*ell2)*B22_h4+((p+2*sigma^1*ell1+2*sigma^2*ell2)^2/4)*B22_h2;`
   ? expected poly-expression. type 'help poly;'
   ? `polyBucket` ^ `number` failed
   ? error occurred in or before /tmp/d1_lowa6_preflight_v3/compiled/square_d1_unique_ac_d23_lowa6_local_row_q.sing line 664: `^1*ell1+2*sigma^2*ell2)*B22_h5+((p+2*sigma^1*ell1+2*sigma^2*ell2)^2/4)*B22_h3;`
   ? expected poly-expression. type 'help poly;'
   ? `B22_Rec5` is not defined
   ? error occurred in or before /tmp/d1_lowa6_preflight_v3/compiled/square_d1_unique_ac_d23_lowa6_local_row_q.sing line 665: `_Rec5,B22_ST)==0 && reduce(B22_Rec6,B22_ST)==0 && reduce(B22_Rec7,B22_ST)==0);`
   ? expected int-expression. type 'help int;'
   ? `B22_quotients` is not defined
   ? error occurred in or before /tmp/d1_lowa6_preflight_v3/compiled/square_d1_unique_ac_d23_lowa6_local_row_q.sing line 704: `rstAC*B22_recurrence*B22_targetfree*B22_orient_plus*B22_orient_minus*B22_unit;`
   ? expected int-expression. type 'help int;'
B22_MOVING_L2_RECURRENCE=
B22_TARGET_FREE_LOCAL_ROWS=1
B22_BOTH_ORIENTATIONS=1
B22_LOCAL_COEFFICIENT=3/2*lam^2*cv^2
   ? `B22_endpoint` is not defined
   ? error occurred in or before /tmp/d1_lowa6_preflight_v3/compiled/square_d1_unique_ac_d23_lowa6_local_row_q.sing line 710: `print("B22_ENDPOINT=PASS_EMPTY_CLOSED_R_TAIL");`
B23_BASELINE=A2_D3_S1_G17_T20
B23_PRIMITIVE_COUNT=6
B23_GLOBAL_POLE_CEILING=2
   ? `polyBucket` ^ `number` failed
   ? error occurred in or before /tmp/d1_lowa6_preflight_v3/compiled/square_d1_unique_ac_d23_lowa6_local_row_q.sing line 792: `3)/4)*B23_h3+(3*(p+2*sigma^1*ell1+2*sigma^2*ell2+2*sigma^3*ell3)^2/32)*B23_h1;`
   ? expected poly-expression. type 'help poly;'
   ? `B23_PredPhi5` is not defined
   ? error occurred in or before /tmp/d1_lowa6_preflight_v3/compiled/square_d1_unique_ac_d23_lowa6_local_row_q.sing line 794: `^3*ell3)*B23_h4+((p+2*sigma^1*ell1+2*sigma^2*ell2+2*sigma^3*ell3)^2/4)*B23_h2;`
   ? wrong type declaration. type 'help poly;'
   ? `B23_PredPhi6` is not defined
   ? error occurred in or before /tmp/d1_lowa6_preflight_v3/compiled/square_d1_unique_ac_d23_lowa6_local_row_q.sing line 796: `/32)*B23_h3+(5*(p+2*sigma^1*ell1+2*sigma^2*ell2+2*sigma^3*ell3)^3/128)*B23_h1;`
   ? wrong type declaration. type 'help poly;'
   ? `B23_PredPhi7` is not defined
   ? error occurred in or before /tmp/d1_lowa6_preflight_v3/compiled/square_d1_unique_ac_d23_lowa6_local_row_q.sing line 798: `poly B23_F1_Q17=B23_FullPhi1/sigma^17;`
   ? wrong type declaration. type 'help poly;'
   ? `B23_F1_Q17` is not defined
   ? error occurred in or before /tmp/d1_lowa6_preflight_v3/compiled/square_d1_unique_ac_d23_lowa6_local_row_q.sing line 799: `int B23_F1_exact=(sigma^17*B23_F1_Q17-B23_FullPhi1==0);`
   ? expected int-expression. type 'help int;'
   ? `B23_F1_Q17` is not defined
   ? error occurred in or before /tmp/d1_lowa6_preflight_v3/compiled/square_d1_unique_ac_d23_lowa6_local_row_q.sing line 800: `poly B23_F1_g17=subst(B23_F1_Q17,sigma,0);`
   ? expected poly-expression. type 'help poly;'
   ? `B23_F1_Q17` is not defined
   ? error occurred in or before /tmp/d1_lowa6_preflight_v3/compiled/square_d1_unique_ac_d23_lowa6_local_row_q.sing line 801: `poly B23_F1_Rem18=B23_F1_Q17-B23_F1_g17;`
   ? expected poly-expression. type 'help poly;'
   ? `B23_F1_Rem18` is not defined
   ? error occurred in or before /tmp/d1_lowa6_preflight_v3/compiled/square_d1_unique_ac_d23_lowa6_local_row_q.sing line 803: `poly B23_F1_Q18=B23_F1_Rem18/sigma;`
   ? wrong type declaration. type 'help poly;'
   ? `B23_F1_Q18` is not defined
   ? error occurred in or before /tmp/d1_lowa6_preflight_v3/compiled/square_d1_unique_ac_d23_lowa6_local_row_q.sing line 804: `poly B23_F1_g18=subst(B23_F1_Q18,sigma,0);`
   ? expected poly-expression. type 'help poly;'
   ? `B23_F1_Q18` is not defined
   ? error occurred in or before /tmp/d1_lowa6_preflight_v3/compiled/square_d1_unique_ac_d23_lowa6_local_row_q.sing line 805: `poly B23_F1_Rem19=B23_F1_Q18-B23_F1_g18;`
   ? expected poly-expression. type 'help poly;'
   ? `B23_F1_Rem19` is not defined
   ? error occurred in or before /tmp/d1_lowa6_preflight_v3/compiled/square_d1_unique_ac_d23_lowa6_local_row_q.sing line 807: `poly B23_F1_Q19=B23_F1_Rem19/sigma;`
   ? wrong type declaration. type 'help poly;'
   ? `B23_F1_Q19` is not defined
   ? error occurred in or before /tmp/d1_lowa6_preflight_v3/compiled/square_d1_unique_ac_d23_lowa6_local_row_q.sing line 808: `poly B23_F1_g19=subst(B23_F1_Q19,sigma,0);`
   ? expected poly-expression. type 'help poly;'
   ? `B23_F1_Q19` is not defined
   ? error occurred in or before /tmp/d1_lowa6_preflight_v3/compiled/square_d1_unique_ac_d23_lowa6_local_row_q.sing line 809: `poly B23_F1_Rem20=B23_F1_Q19-B23_F1_g19;`
   ? expected poly-expression. type 'help poly;'
   ? `B23_F1_Rem20` is not defined
   ? error occurred in or before /tmp/d1_lowa6_preflight_v3/compiled/square_d1_unique_ac_d23_lowa6_local_row_q.sing line 811: `poly B23_F1_Q20=B23_F1_Rem20/sigma;`
   ? wrong type declaration. type 'help poly;'
   ? `B23_F1_Q20` is not defined
   ? error occurred in or before /tmp/d1_lowa6_preflight_v3/compiled/square_d1_unique_ac_d23_lowa6_local_row_q.sing line 812: `poly B23_F1_g20=subst(B23_F1_Q20,sigma,0);`
   ? expected poly-expression. type 'help poly;'
   ? `B23_F1_exact` is not defined
   ? error occurred in or before /tmp/d1_lowa6_preflight_v3/compiled/square_d1_unique_ac_d23_lowa6_local_row_q.sing line 903: `B23_F2_exact*B23_F3_exact*B23_F4_exact*B23_F5_exact*B23_F6_exact*B23_F7_exact;`
   ? expected int-expression. type 'help int;'
   ? `polyBucket` ^ `number` failed
   ? error occurred in or before /tmp/d1_lowa6_preflight_v3/compiled/square_d1_unique_ac_d23_lowa6_local_row_q.sing line 937: `^3*ell3)*B23_h3+((p+2*sigma^1*ell1+2*sigma^2*ell2+2*sigma^3*ell3)^2/4)*B23_h1;`
   ? expected poly-expression. type 'help poly;'
   ? `polyBucket` ^ `number` failed
   ? error occurred in or before /tmp/d1_lowa6_preflight_v3/compiled/square_d1_unique_ac_d23_lowa6_local_row_q.sing line 938: `^3*ell3)*B23_h4+((p+2*sigma^1*ell1+2*sigma^2*ell2+2*sigma^3*ell3)^2/4)*B23_h2;`
   ? expected poly-expression. type 'help poly;'
   ? `polyBucket` ^ `number` failed
   ? error occurred in or before /tmp/d1_lowa6_preflight_v3/compiled/square_d1_unique_ac_d23_lowa6_local_row_q.sing line 939: `^3*ell3)*B23_h5+((p+2*sigma^1*ell1+2*sigma^2*ell2+2*sigma^3*ell3)^2/4)*B23_h3;`
   ? expected poly-expression. type 'help poly;'
   ? `B23_Rec5` is not defined
   ? error occurred in or before /tmp/d1_lowa6_preflight_v3/compiled/square_d1_unique_ac_d23_lowa6_local_row_q.sing line 940: `_Rec5,B23_ST)==0 && reduce(B23_Rec6,B23_ST)==0 && reduce(B23_Rec7,B23_ST)==0);`
   ? expected int-expression. type 'help int;'
   ? `B23_quotients` is not defined
   ? error occurred in or before /tmp/d1_lowa6_preflight_v3/compiled/square_d1_unique_ac_d23_lowa6_local_row_q.sing line 987: `rstAC*B23_recurrence*B23_targetfree*B23_orient_plus*B23_orient_minus*B23_unit;`
   ? expected int-expression. type 'help int;'
B23_MOVING_L2_RECURRENCE=
B23_TARGET_FREE_LOCAL_ROWS=1
B23_BOTH_ORIENTATIONS=1
B23_LOCAL_COEFFICIENT=3/2*lam^2*cv^2
   ? `B23_endpoint` is not defined
   ? error occurred in or before /tmp/d1_lowa6_preflight_v3/compiled/square_d1_unique_ac_d23_lowa6_local_row_q.sing line 993: `print("B23_ENDPOINT=PASS_EMPTY_CLOSED_R_TAIL");`
B32_BASELINE=A3_D2_S0_G18_T20
B32_PRIMITIVE_COUNT=5
B32_GLOBAL_POLE_CEILING=2
   ? `polyBucket` ^ `number` failed
   ? error occurred in or before /tmp/d1_lowa6_preflight_v3/compiled/square_d1_unique_ac_d23_lowa6_local_row_q.sing line 1072: `1+2*sigma^2*ell2)/4)*B32_h3+(3*(p+2*sigma^1*ell1+2*sigma^2*ell2)^2/32)*B32_h1;`
   ? expected poly-expression. type 'help poly;'
   ? `B32_PredPhi5` is not defined
   ? error occurred in or before /tmp/d1_lowa6_preflight_v3/compiled/square_d1_unique_ac_d23_lowa6_local_row_q.sing line 1074: `^1*ell1+2*sigma^2*ell2)*B32_h4+((p+2*sigma^1*ell1+2*sigma^2*ell2)^2/4)*B32_h2;`
   ? wrong type declaration. type 'help poly;'
   ? `B32_PredPhi6` is not defined
   ? error occurred in or before /tmp/d1_lowa6_preflight_v3/compiled/square_d1_unique_ac_d23_lowa6_local_row_q.sing line 1076: `sigma^2*ell2)^2/32)*B32_h3+(5*(p+2*sigma^1*ell1+2*sigma^2*ell2)^3/128)*B32_h1;`
   ? wrong type declaration. type 'help poly;'
   ? `B32_PredPhi7` is not defined
   ? error occurred in or before /tmp/d1_lowa6_preflight_v3/compiled/square_d1_unique_ac_d23_lowa6_local_row_q.sing line 1078: `poly B32_F1_Q18=B32_FullPhi1/sigma^18;`
   ? wrong type declaration. type 'help poly;'
   ? `B32_F1_Q18` is not defined
   ? error occurred in or before /tmp/d1_lowa6_preflight_v3/compiled/square_d1_unique_ac_d23_lowa6_local_row_q.sing line 1079: `int B32_F1_exact=(sigma^18*B32_F1_Q18-B32_FullPhi1==0);`
   ? expected int-expression. type 'help int;'
   ? `B32_F1_Q18` is not defined
   ? error occurred in or before /tmp/d1_lowa6_preflight_v3/compiled/square_d1_unique_ac_d23_lowa6_local_row_q.sing line 1080: `poly B32_F1_g18=subst(B32_F1_Q18,sigma,0);`
   ? expected poly-expression. type 'help poly;'
   ? `B32_F1_Q18` is not defined
   ? error occurred in or before /tmp/d1_lowa6_preflight_v3/compiled/square_d1_unique_ac_d23_lowa6_local_row_q.sing line 1081: `poly B32_F1_Rem19=B32_F1_Q18-B32_F1_g18;`
   ? expected poly-expression. type 'help poly;'
   ? `B32_F1_Rem19` is not defined
   ? error occurred in or before /tmp/d1_lowa6_preflight_v3/compiled/square_d1_unique_ac_d23_lowa6_local_row_q.sing line 1083: `poly B32_F1_Q19=B32_F1_Rem19/sigma;`
   ? wrong type declaration. type 'help poly;'
   ? `B32_F1_Q19` is not defined
   ? error occurred in or before /tmp/d1_lowa6_preflight_v3/compiled/square_d1_unique_ac_d23_lowa6_local_row_q.sing line 1084: `poly B32_F1_g19=subst(B32_F1_Q19,sigma,0);`
   ? expected poly-expression. type 'help poly;'
   ? `B32_F1_Q19` is not defined
   ? error occurred in or before /tmp/d1_lowa6_preflight_v3/compiled/square_d1_unique_ac_d23_lowa6_local_row_q.sing line 1085: `poly B32_F1_Rem20=B32_F1_Q19-B32_F1_g19;`
   ? expected poly-expression. type 'help poly;'
   ? `B32_F1_Rem20` is not defined
   ? error occurred in or before /tmp/d1_lowa6_preflight_v3/compiled/square_d1_unique_ac_d23_lowa6_local_row_q.sing line 1087: `poly B32_F1_Q20=B32_F1_Rem20/sigma;`
   ? wrong type declaration. type 'help poly;'
   ? `B32_F1_Q20` is not defined
   ? error occurred in or before /tmp/d1_lowa6_preflight_v3/compiled/square_d1_unique_ac_d23_lowa6_local_row_q.sing line 1088: `poly B32_F1_g20=subst(B32_F1_Q20,sigma,0);`
   ? expected poly-expression. type 'help poly;'
   ? `B32_F1_exact` is not defined
   ? error occurred in or before /tmp/d1_lowa6_preflight_v3/compiled/square_d1_unique_ac_d23_lowa6_local_row_q.sing line 1155: `B32_F2_exact*B32_F3_exact*B32_F4_exact*B32_F5_exact*B32_F6_exact*B32_F7_exact;`
   ? expected int-expression. type 'help int;'
   ? `polyBucket` ^ `number` failed
   ? error occurred in or before /tmp/d1_lowa6_preflight_v3/compiled/square_d1_unique_ac_d23_lowa6_local_row_q.sing line 1185: `^1*ell1+2*sigma^2*ell2)*B32_h3+((p+2*sigma^1*ell1+2*sigma^2*ell2)^2/4)*B32_h1;`
   ? expected poly-expression. type 'help poly;'
   ? `polyBucket` ^ `number` failed
   ? error occurred in or before /tmp/d1_lowa6_preflight_v3/compiled/square_d1_unique_ac_d23_lowa6_local_row_q.sing line 1186: `^1*ell1+2*sigma^2*ell2)*B32_h4+((p+2*sigma^1*ell1+2*sigma^2*ell2)^2/4)*B32_h2;`
   ? expected poly-expression. type 'help poly;'
   ? `polyBucket` ^ `number` failed
   ? error occurred in or before /tmp/d1_lowa6_preflight_v3/compiled/square_d1_unique_ac_d23_lowa6_local_row_q.sing line 1187: `^1*ell1+2*sigma^2*ell2)*B32_h5+((p+2*sigma^1*ell1+2*sigma^2*ell2)^2/4)*B32_h3;`
   ? expected poly-expression. type 'help poly;'
   ? `B32_Rec5` is not defined
   ? error occurred in or before /tmp/d1_lowa6_preflight_v3/compiled/square_d1_unique_ac_d23_lowa6_local_row_q.sing line 1188: `_Rec5,B32_ST)==0 && reduce(B32_Rec6,B32_ST)==0 && reduce(B32_Rec7,B32_ST)==0);`
   ? expected int-expression. type 'help int;'
   ? `B32_quotients` is not defined
   ? error occurred in or before /tmp/d1_lowa6_preflight_v3/compiled/square_d1_unique_ac_d23_lowa6_local_row_q.sing line 1227: `rstAC*B32_recurrence*B32_targetfree*B32_orient_plus*B32_orient_minus*B32_unit;`
   ? expected int-expression. type 'help int;'
B32_MOVING_L2_RECURRENCE=
B32_TARGET_FREE_LOCAL_ROWS=1
B32_BOTH_ORIENTATIONS=1
B32_LOCAL_COEFFICIENT=3/2*lam^2*cv^2
   ? `B32_endpoint` is not defined
   ? error occurred in or before /tmp/d1_lowa6_preflight_v3/compiled/square_d1_unique_ac_d23_lowa6_local_row_q.sing line 1233: `print("B32_ENDPOINT=PASS_EMPTY_CLOSED_R_TAIL");`
B33_BASELINE=A3_D3_S1_G19_T22
B33_PRIMITIVE_COUNT=6
B33_GLOBAL_POLE_CEILING=2
   ? `polyBucket` ^ `number` failed
   ? error occurred in or before /tmp/d1_lowa6_preflight_v3/compiled/square_d1_unique_ac_d23_lowa6_local_row_q.sing line 1315: `3)/4)*B33_h3+(3*(p+2*sigma^1*ell1+2*sigma^2*ell2+2*sigma^3*ell3)^2/32)*B33_h1;`
   ? expected poly-expression. type 'help poly;'
   ? `B33_PredPhi5` is not defined
   ? error occurred in or before /tmp/d1_lowa6_preflight_v3/compiled/square_d1_unique_ac_d23_lowa6_local_row_q.sing line 1317: `^3*ell3)*B33_h4+((p+2*sigma^1*ell1+2*sigma^2*ell2+2*sigma^3*ell3)^2/4)*B33_h2;`
   ? wrong type declaration. type 'help poly;'
   ? `B33_PredPhi6` is not defined
   ? error occurred in or before /tmp/d1_lowa6_preflight_v3/compiled/square_d1_unique_ac_d23_lowa6_local_row_q.sing line 1319: `/32)*B33_h3+(5*(p+2*sigma^1*ell1+2*sigma^2*ell2+2*sigma^3*ell3)^3/128)*B33_h1;`
   ? wrong type declaration. type 'help poly;'
   ? `B33_PredPhi7` is not defined
   ? error occurred in or before /tmp/d1_lowa6_preflight_v3/compiled/square_d1_unique_ac_d23_lowa6_local_row_q.sing line 1321: `poly B33_F1_Q19=B33_FullPhi1/sigma^19;`
   ? wrong type declaration. type 'help poly;'
   ? `B33_F1_Q19` is not defined
   ? error occurred in or before /tmp/d1_lowa6_preflight_v3/compiled/square_d1_unique_ac_d23_lowa6_local_row_q.sing line 1322: `int B33_F1_exact=(sigma^19*B33_F1_Q19-B33_FullPhi1==0);`
   ? expected int-expression. type 'help int;'
   ? `B33_F1_Q19` is not defined
   ? error occurred in or before /tmp/d1_lowa6_preflight_v3/compiled/square_d1_unique_ac_d23_lowa6_local_row_q.sing line 1323: `poly B33_F1_g19=subst(B33_F1_Q19,sigma,0);`
   ? expected poly-expression. type 'help poly;'
   ? `B33_F1_Q19` is not defined
   ? error occurred in or before /tmp/d1_lowa6_preflight_v3/compiled/square_d1_unique_ac_d23_lowa6_local_row_q.sing line 1324: `poly B33_F1_Rem20=B33_F1_Q19-B33_F1_g19;`
   ? expected poly-expression. type 'help poly;'
   ? `B33_F1_Rem20` is not defined
   ? error occurred in or before /tmp/d1_lowa6_preflight_v3/compiled/square_d1_unique_ac_d23_lowa6_local_row_q.sing line 1326: `poly B33_F1_Q20=B33_F1_Rem20/sigma;`
   ? wrong type declaration. type 'help poly;'
   ? `B33_F1_Q20` is not defined
   ? error occurred in or before /tmp/d1_lowa6_preflight_v3/compiled/square_d1_unique_ac_d23_lowa6_local_row_q.sing line 1327: `poly B33_F1_g20=subst(B33_F1_Q20,sigma,0);`
   ? expected poly-expression. type 'help poly;'
   ? `B33_F1_Q20` is not defined
   ? error occurred in or before /tmp/d1_lowa6_preflight_v3/compiled/square_d1_unique_ac_d23_lowa6_local_row_q.sing line 1328: `poly B33_F1_Rem21=B33_F1_Q20-B33_F1_g20;`
   ? expected poly-expression. type 'help poly;'
   ? `B33_F1_Rem21` is not defined
   ? error occurred in or before /tmp/d1_lowa6_preflight_v3/compiled/square_d1_unique_ac_d23_lowa6_local_row_q.sing line 1330: `poly B33_F1_Q21=B33_F1_Rem21/sigma;`
   ? wrong type declaration. type 'help poly;'
   ? `B33_F1_Q21` is not defined
   ? error occurred in or before /tmp/d1_lowa6_preflight_v3/compiled/square_d1_unique_ac_d23_lowa6_local_row_q.sing line 1331: `poly B33_F1_g21=subst(B33_F1_Q21,sigma,0);`
   ? expected poly-expression. type 'help poly;'
   ? `B33_F1_Q21` is not defined
   ? error occurred in or before /tmp/d1_lowa6_preflight_v3/compiled/square_d1_unique_ac_d23_lowa6_local_row_q.sing line 1332: `poly B33_F1_Rem22=B33_F1_Q21-B33_F1_g21;`
   ? expected poly-expression. type 'help poly;'
   ? `B33_F1_Rem22` is not defined
   ? error occurred in or before /tmp/d1_lowa6_preflight_v3/compiled/square_d1_unique_ac_d23_lowa6_local_row_q.sing line 1334: `poly B33_F1_Q22=B33_F1_Rem22/sigma;`
   ? wrong type declaration. type 'help poly;'
   ? `B33_F1_Q22` is not defined
   ? error occurred in or before /tmp/d1_lowa6_preflight_v3/compiled/square_d1_unique_ac_d23_lowa6_local_row_q.sing line 1335: `poly B33_F1_g22=subst(B33_F1_Q22,sigma,0);`
   ? expected poly-expression. type 'help poly;'
   ? `B33_F1_exact` is not defined
   ? error occurred in or before /tmp/d1_lowa6_preflight_v3/compiled/square_d1_unique_ac_d23_lowa6_local_row_q.sing line 1426: `B33_F2_exact*B33_F3_exact*B33_F4_exact*B33_F5_exact*B33_F6_exact*B33_F7_exact;`
   ? expected int-expression. type 'help int;'
   ? `polyBucket` ^ `number` failed
   ? error occurred in or before /tmp/d1_lowa6_preflight_v3/compiled/square_d1_unique_ac_d23_lowa6_local_row_q.sing line 1460: `^3*ell3)*B33_h3+((p+2*sigma^1*ell1+2*sigma^2*ell2+2*sigma^3*ell3)^2/4)*B33_h1;`
   ? expected poly-expression. type 'help poly;'
   ? `polyBucket` ^ `number` failed
   ? error occurred in or before /tmp/d1_lowa6_preflight_v3/compiled/square_d1_unique_ac_d23_lowa6_local_row_q.sing line 1461: `^3*ell3)*B33_h4+((p+2*sigma^1*ell1+2*sigma^2*ell2+2*sigma^3*ell3)^2/4)*B33_h2;`
   ? expected poly-expression. type 'help poly;'
   ? `polyBucket` ^ `number` failed
   ? error occurred in or before /tmp/d1_lowa6_preflight_v3/compiled/square_d1_unique_ac_d23_lowa6_local_row_q.sing line 1462: `^3*ell3)*B33_h5+((p+2*sigma^1*ell1+2*sigma^2*ell2+2*sigma^3*ell3)^2/4)*B33_h3;`
   ? expected poly-expression. type 'help poly;'
   ? `B33_Rec5` is not defined
   ? error occurred in or before /tmp/d1_lowa6_preflight_v3/compiled/square_d1_unique_ac_d23_lowa6_local_row_q.sing line 1463: `_Rec5,B33_ST)==0 && reduce(B33_Rec6,B33_ST)==0 && reduce(B33_Rec7,B33_ST)==0);`
   ? expected int-expression. type 'help int;'
   ? `B33_quotients` is not defined
   ? error occurred in or before /tmp/d1_lowa6_preflight_v3/compiled/square_d1_unique_ac_d23_lowa6_local_row_q.sing line 1510: `rstAC*B33_recurrence*B33_targetfree*B33_orient_plus*B33_orient_minus*B33_unit;`
   ? expected int-expression. type 'help int;'
B33_MOVING_L2_RECURRENCE=
B33_TARGET_FREE_LOCAL_ROWS=1
B33_BOTH_ORIENTATIONS=1
B33_LOCAL_COEFFICIENT=3/2*lam^2*cv^2
   ? `B33_endpoint` is not defined
   ? error occurred in or before /tmp/d1_lowa6_preflight_v3/compiled/square_d1_unique_ac_d23_lowa6_local_row_q.sing line 1516: `print("B33_ENDPOINT=PASS_EMPTY_CLOSED_R_TAIL");`
B42_BASELINE=A4_D2_S0_G20_T22
B42_PRIMITIVE_COUNT=5
B42_GLOBAL_POLE_CEILING=2
   ? `polyBucket` ^ `number` failed
   ? error occurred in or before /tmp/d1_lowa6_preflight_v3/compiled/square_d1_unique_ac_d23_lowa6_local_row_q.sing line 1595: `1+2*sigma^2*ell2)/4)*B42_h3+(3*(p+2*sigma^1*ell1+2*sigma^2*ell2)^2/32)*B42_h1;`
   ? expected poly-expression. type 'help poly;'
   ? `B42_PredPhi5` is not defined
   ? error occurred in or before /tmp/d1_lowa6_preflight_v3/compiled/square_d1_unique_ac_d23_lowa6_local_row_q.sing line 1597: `^1*ell1+2*sigma^2*ell2)*B42_h4+((p+2*sigma^1*ell1+2*sigma^2*ell2)^2/4)*B42_h2;`
   ? wrong type declaration. type 'help poly;'
   ? `B42_PredPhi6` is not defined
   ? error occurred in or before /tmp/d1_lowa6_preflight_v3/compiled/square_d1_unique_ac_d23_lowa6_local_row_q.sing line 1599: `sigma^2*ell2)^2/32)*B42_h3+(5*(p+2*sigma^1*ell1+2*sigma^2*ell2)^3/128)*B42_h1;`
   ? wrong type declaration. type 'help poly;'
   ? `B42_PredPhi7` is not defined
   ? error occurred in or before /tmp/d1_lowa6_preflight_v3/compiled/square_d1_unique_ac_d23_lowa6_local_row_q.sing line 1601: `poly B42_F1_Q20=B42_FullPhi1/sigma^20;`
   ? wrong type declaration. type 'help poly;'
   ? `B42_F1_Q20` is not defined
   ? error occurred in or before /tmp/d1_lowa6_preflight_v3/compiled/square_d1_unique_ac_d23_lowa6_local_row_q.sing line 1602: `int B42_F1_exact=(sigma^20*B42_F1_Q20-B42_FullPhi1==0);`
   ? expected int-expression. type 'help int;'
   ? `B42_F1_Q20` is not defined
   ? error occurred in or before /tmp/d1_lowa6_preflight_v3/compiled/square_d1_unique_ac_d23_lowa6_local_row_q.sing line 1603: `poly B42_F1_g20=subst(B42_F1_Q20,sigma,0);`
   ? expected poly-expression. type 'help poly;'
   ? `B42_F1_Q20` is not defined
   ? error occurred in or before /tmp/d1_lowa6_preflight_v3/compiled/square_d1_unique_ac_d23_lowa6_local_row_q.sing line 1604: `poly B42_F1_Rem21=B42_F1_Q20-B42_F1_g20;`
   ? expected poly-expression. type 'help poly;'
   ? `B42_F1_Rem21` is not defined
   ? error occurred in or before /tmp/d1_lowa6_preflight_v3/compiled/square_d1_unique_ac_d23_lowa6_local_row_q.sing line 1606: `poly B42_F1_Q21=B42_F1_Rem21/sigma;`
   ? wrong type declaration. type 'help poly;'
   ? `B42_F1_Q21` is not defined
   ? error occurred in or before /tmp/d1_lowa6_preflight_v3/compiled/square_d1_unique_ac_d23_lowa6_local_row_q.sing line 1607: `poly B42_F1_g21=subst(B42_F1_Q21,sigma,0);`
   ? expected poly-expression. type 'help poly;'
   ? `B42_F1_Q21` is not defined
   ? error occurred in or before /tmp/d1_lowa6_preflight_v3/compiled/square_d1_unique_ac_d23_lowa6_local_row_q.sing line 1608: `poly B42_F1_Rem22=B42_F1_Q21-B42_F1_g21;`
   ? expected poly-expression. type 'help poly;'
   ? `B42_F1_Rem22` is not defined
   ? error occurred in or before /tmp/d1_lowa6_preflight_v3/compiled/square_d1_unique_ac_d23_lowa6_local_row_q.sing line 1610: `poly B42_F1_Q22=B42_F1_Rem22/sigma;`
   ? wrong type declaration. type 'help poly;'
   ? `B42_F1_Q22` is not defined
   ? error occurred in or before /tmp/d1_lowa6_preflight_v3/compiled/square_d1_unique_ac_d23_lowa6_local_row_q.sing line 1611: `poly B42_F1_g22=subst(B42_F1_Q22,sigma,0);`
   ? expected poly-expression. type 'help poly;'
   ? `B42_F1_exact` is not defined
   ? error occurred in or before /tmp/d1_lowa6_preflight_v3/compiled/square_d1_unique_ac_d23_lowa6_local_row_q.sing line 1678: `B42_F2_exact*B42_F3_exact*B42_F4_exact*B42_F5_exact*B42_F6_exact*B42_F7_exact;`
   ? expected int-expression. type 'help int;'
   ? `polyBucket` ^ `number` failed
   ? error occurred in or before /tmp/d1_lowa6_preflight_v3/compiled/square_d1_unique_ac_d23_lowa6_local_row_q.sing line 1708: `^1*ell1+2*sigma^2*ell2)*B42_h3+((p+2*sigma^1*ell1+2*sigma^2*ell2)^2/4)*B42_h1;`
   ? expected poly-expression. type 'help poly;'
   ? `polyBucket` ^ `number` failed
   ? error occurred in or before /tmp/d1_lowa6_preflight_v3/compiled/square_d1_unique_ac_d23_lowa6_local_row_q.sing line 1709: `^1*ell1+2*sigma^2*ell2)*B42_h4+((p+2*sigma^1*ell1+2*sigma^2*ell2)^2/4)*B42_h2;`
   ? expected poly-expression. type 'help poly;'
   ? `polyBucket` ^ `number` failed
   ? error occurred in or before /tmp/d1_lowa6_preflight_v3/compiled/square_d1_unique_ac_d23_lowa6_local_row_q.sing line 1710: `^1*ell1+2*sigma^2*ell2)*B42_h5+((p+2*sigma^1*ell1+2*sigma^2*ell2)^2/4)*B42_h3;`
   ? expected poly-expression. type 'help poly;'
   ? `B42_Rec5` is not defined
   ? error occurred in or before /tmp/d1_lowa6_preflight_v3/compiled/square_d1_unique_ac_d23_lowa6_local_row_q.sing line 1711: `_Rec5,B42_ST)==0 && reduce(B42_Rec6,B42_ST)==0 && reduce(B42_Rec7,B42_ST)==0);`
   ? expected int-expression. type 'help int;'
   ? `B42_quotients` is not defined
   ? error occurred in or before /tmp/d1_lowa6_preflight_v3/compiled/square_d1_unique_ac_d23_lowa6_local_row_q.sing line 1750: `rstAC*B42_recurrence*B42_targetfree*B42_orient_plus*B42_orient_minus*B42_unit;`
   ? expected int-expression. type 'help int;'
B42_MOVING_L2_RECURRENCE=
B42_TARGET_FREE_LOCAL_ROWS=1
B42_BOTH_ORIENTATIONS=1
B42_LOCAL_COEFFICIENT=3/2*lam^2*cv^2
   ? `B42_endpoint` is not defined
   ? error occurred in or before /tmp/d1_lowa6_preflight_v3/compiled/square_d1_unique_ac_d23_lowa6_local_row_q.sing line 1756: `print("B42_ENDPOINT=PASS_EMPTY_CLOSED_R_TAIL");`
B43_BASELINE=A4_D3_S0_G21_T24
B43_PRIMITIVE_COUNT=8
B43_GLOBAL_POLE_CEILING=2
   ? `polyBucket` ^ `number` failed
   ? error occurred in or before /tmp/d1_lowa6_preflight_v3/compiled/square_d1_unique_ac_d23_lowa6_local_row_q.sing line 1839: `3)/4)*B43_h3+(3*(p+2*sigma^1*ell1+2*sigma^2*ell2+2*sigma^3*ell3)^2/32)*B43_h1;`
   ? expected poly-expression. type 'help poly;'
   ? `B43_PredPhi5` is not defined
   ? error occurred in or before /tmp/d1_lowa6_preflight_v3/compiled/square_d1_unique_ac_d23_lowa6_local_row_q.sing line 1841: `^3*ell3)*B43_h4+((p+2*sigma^1*ell1+2*sigma^2*ell2+2*sigma^3*ell3)^2/4)*B43_h2;`
   ? wrong type declaration. type 'help poly;'
   ? `B43_PredPhi6` is not defined
   ? error occurred in or before /tmp/d1_lowa6_preflight_v3/compiled/square_d1_unique_ac_d23_lowa6_local_row_q.sing line 1843: `/32)*B43_h3+(5*(p+2*sigma^1*ell1+2*sigma^2*ell2+2*sigma^3*ell3)^3/128)*B43_h1;`
   ? wrong type declaration. type 'help poly;'
   ? `B43_PredPhi7` is not defined
   ? error occurred in or before /tmp/d1_lowa6_preflight_v3/compiled/square_d1_unique_ac_d23_lowa6_local_row_q.sing line 1845: `poly B43_F1_Q21=B43_FullPhi1/sigma^21;`
   ? wrong type declaration. type 'help poly;'
   ? `B43_F1_Q21` is not defined
   ? error occurred in or before /tmp/d1_lowa6_preflight_v3/compiled/square_d1_unique_ac_d23_lowa6_local_row_q.sing line 1846: `int B43_F1_exact=(sigma^21*B43_F1_Q21-B43_FullPhi1==0);`
   ? expected int-expression. type 'help int;'
   ? `B43_F1_Q21` is not defined
   ? error occurred in or before /tmp/d1_lowa6_preflight_v3/compiled/square_d1_unique_ac_d23_lowa6_local_row_q.sing line 1847: `poly B43_F1_g21=subst(B43_F1_Q21,sigma,0);`
   ? expected poly-expression. type 'help poly;'
   ? `B43_F1_Q21` is not defined
   ? error occurred in or before /tmp/d1_lowa6_preflight_v3/compiled/square_d1_unique_ac_d23_lowa6_local_row_q.sing line 1848: `poly B43_F1_Rem22=B43_F1_Q21-B43_F1_g21;`
   ? expected poly-expression. type 'help poly;'
   ? `B43_F1_Rem22` is not defined
   ? error occurred in or before /tmp/d1_lowa6_preflight_v3/compiled/square_d1_unique_ac_d23_lowa6_local_row_q.sing line 1850: `poly B43_F1_Q22=B43_F1_Rem22/sigma;`
   ? wrong type declaration. type 'help poly;'
   ? `B43_F1_Q22` is not defined
   ? error occurred in or before /tmp/d1_lowa6_preflight_v3/compiled/square_d1_unique_ac_d23_lowa6_local_row_q.sing line 1851: `poly B43_F1_g22=subst(B43_F1_Q22,sigma,0);`
   ? expected poly-expression. type 'help poly;'
   ? `B43_F1_Q22` is not defined
   ? error occurred in or before /tmp/d1_lowa6_preflight_v3/compiled/square_d1_unique_ac_d23_lowa6_local_row_q.sing line 1852: `poly B43_F1_Rem23=B43_F1_Q22-B43_F1_g22;`
   ? expected poly-expression. type 'help poly;'
   ? `B43_F1_Rem23` is not defined
   ? error occurred in or before /tmp/d1_lowa6_preflight_v3/compiled/square_d1_unique_ac_d23_lowa6_local_row_q.sing line 1854: `poly B43_F1_Q23=B43_F1_Rem23/sigma;`
   ? wrong type declaration. type 'help poly;'
   ? `B43_F1_Q23` is not defined
   ? error occurred in or before /tmp/d1_lowa6_preflight_v3/compiled/square_d1_unique_ac_d23_lowa6_local_row_q.sing line 1855: `poly B43_F1_g23=subst(B43_F1_Q23,sigma,0);`
   ? expected poly-expression. type 'help poly;'
   ? `B43_F1_Q23` is not defined
   ? error occurred in or before /tmp/d1_lowa6_preflight_v3/compiled/square_d1_unique_ac_d23_lowa6_local_row_q.sing line 1856: `poly B43_F1_Rem24=B43_F1_Q23-B43_F1_g23;`
   ? expected poly-expression. type 'help poly;'
   ? `B43_F1_Rem24` is not defined
   ? error occurred in or before /tmp/d1_lowa6_preflight_v3/compiled/square_d1_unique_ac_d23_lowa6_local_row_q.sing line 1858: `poly B43_F1_Q24=B43_F1_Rem24/sigma;`
   ? wrong type declaration. type 'help poly;'
   ? `B43_F1_Q24` is not defined
   ? error occurred in or before /tmp/d1_lowa6_preflight_v3/compiled/square_d1_unique_ac_d23_lowa6_local_row_q.sing line 1859: `poly B43_F1_g24=subst(B43_F1_Q24,sigma,0);`
   ? expected poly-expression. type 'help poly;'
   ? `B43_F1_exact` is not defined
   ? error occurred in or before /tmp/d1_lowa6_preflight_v3/compiled/square_d1_unique_ac_d23_lowa6_local_row_q.sing line 1950: `B43_F2_exact*B43_F3_exact*B43_F4_exact*B43_F5_exact*B43_F6_exact*B43_F7_exact;`
   ? expected int-expression. type 'help int;'
   ? `polyBucket` ^ `number` failed
   ? error occurred in or before /tmp/d1_lowa6_preflight_v3/compiled/square_d1_unique_ac_d23_lowa6_local_row_q.sing line 1984: `^3*ell3)*B43_h3+((p+2*sigma^1*ell1+2*sigma^2*ell2+2*sigma^3*ell3)^2/4)*B43_h1;`
   ? expected poly-expression. type 'help poly;'
   ? `polyBucket` ^ `number` failed
   ? error occurred in or before /tmp/d1_lowa6_preflight_v3/compiled/square_d1_unique_ac_d23_lowa6_local_row_q.sing line 1985: `^3*ell3)*B43_h4+((p+2*sigma^1*ell1+2*sigma^2*ell2+2*sigma^3*ell3)^2/4)*B43_h2;`
   ? expected poly-expression. type 'help poly;'
   ? `polyBucket` ^ `number` failed
   ? error occurred in or before /tmp/d1_lowa6_preflight_v3/compiled/square_d1_unique_ac_d23_lowa6_local_row_q.sing line 1986: `^3*ell3)*B43_h5+((p+2*sigma^1*ell1+2*sigma^2*ell2+2*sigma^3*ell3)^2/4)*B43_h3;`
   ? expected poly-expression. type 'help poly;'
   ? `B43_Rec5` is not defined
   ? error occurred in or before /tmp/d1_lowa6_preflight_v3/compiled/square_d1_unique_ac_d23_lowa6_local_row_q.sing line 1987: `_Rec5,B43_ST)==0 && reduce(B43_Rec6,B43_ST)==0 && reduce(B43_Rec7,B43_ST)==0);`
   ? expected int-expression. type 'help int;'
   ? `B43_quotients` is not defined
   ? error occurred in or before /tmp/d1_lowa6_preflight_v3/compiled/square_d1_unique_ac_d23_lowa6_local_row_q.sing line 2034: `rstAC*B43_recurrence*B43_targetfree*B43_orient_plus*B43_orient_minus*B43_unit;`
   ? expected int-expression. type 'help int;'
B43_MOVING_L2_RECURRENCE=
B43_TARGET_FREE_LOCAL_ROWS=1
B43_BOTH_ORIENTATIONS=1
B43_LOCAL_COEFFICIENT=3/2*lam^2*cv^2
   ? `B43_endpoint` is not defined
   ? error occurred in or before /tmp/d1_lowa6_preflight_v3/compiled/square_d1_unique_ac_d23_lowa6_local_row_q.sing line 2040: `print("B43_ENDPOINT=PASS_EMPTY_CLOSED_R_TAIL");`
B52_BASELINE=A5_D2_S0_G22_T24
B52_PRIMITIVE_COUNT=5
B52_GLOBAL_POLE_CEILING=2
   ? `polyBucket` ^ `number` failed
   ? error occurred in or before /tmp/d1_lowa6_preflight_v3/compiled/square_d1_unique_ac_d23_lowa6_local_row_q.sing line 2119: `1+2*sigma^2*ell2)/4)*B52_h3+(3*(p+2*sigma^1*ell1+2*sigma^2*ell2)^2/32)*B52_h1;`
   ? expected poly-expression. type 'help poly;'
   ? `B52_PredPhi5` is not defined
   ? error occurred in or before /tmp/d1_lowa6_preflight_v3/compiled/square_d1_unique_ac_d23_lowa6_local_row_q.sing line 2121: `^1*ell1+2*sigma^2*ell2)*B52_h4+((p+2*sigma^1*ell1+2*sigma^2*ell2)^2/4)*B52_h2;`
   ? wrong type declaration. type 'help poly;'
   ? `B52_PredPhi6` is not defined
   ? error occurred in or before /tmp/d1_lowa6_preflight_v3/compiled/square_d1_unique_ac_d23_lowa6_local_row_q.sing line 2123: `sigma^2*ell2)^2/32)*B52_h3+(5*(p+2*sigma^1*ell1+2*sigma^2*ell2)^3/128)*B52_h1;`
   ? wrong type declaration. type 'help poly;'
   ? `B52_PredPhi7` is not defined
   ? error occurred in or before /tmp/d1_lowa6_preflight_v3/compiled/square_d1_unique_ac_d23_lowa6_local_row_q.sing line 2125: `poly B52_F1_Q22=B52_FullPhi1/sigma^22;`
   ? wrong type declaration. type 'help poly;'
   ? `B52_F1_Q22` is not defined
   ? error occurred in or before /tmp/d1_lowa6_preflight_v3/compiled/square_d1_unique_ac_d23_lowa6_local_row_q.sing line 2126: `int B52_F1_exact=(sigma^22*B52_F1_Q22-B52_FullPhi1==0);`
   ? expected int-expression. type 'help int;'
   ? `B52_F1_Q22` is not defined
   ? error occurred in or before /tmp/d1_lowa6_preflight_v3/compiled/square_d1_unique_ac_d23_lowa6_local_row_q.sing line 2127: `poly B52_F1_g22=subst(B52_F1_Q22,sigma,0);`
   ? expected poly-expression. type 'help poly;'
   ? `B52_F1_Q22` is not defined
   ? error occurred in or before /tmp/d1_lowa6_preflight_v3/compiled/square_d1_unique_ac_d23_lowa6_local_row_q.sing line 2128: `poly B52_F1_Rem23=B52_F1_Q22-B52_F1_g22;`
   ? expected poly-expression. type 'help poly;'
   ? `B52_F1_Rem23` is not defined
   ? error occurred in or before /tmp/d1_lowa6_preflight_v3/compiled/square_d1_unique_ac_d23_lowa6_local_row_q.sing line 2130: `poly B52_F1_Q23=B52_F1_Rem23/sigma;`
   ? wrong type declaration. type 'help poly;'
   ? `B52_F1_Q23` is not defined
   ? error occurred in or before /tmp/d1_lowa6_preflight_v3/compiled/square_d1_unique_ac_d23_lowa6_local_row_q.sing line 2131: `poly B52_F1_g23=subst(B52_F1_Q23,sigma,0);`
   ? expected poly-expression. type 'help poly;'
   ? `B52_F1_Q23` is not defined
   ? error occurred in or before /tmp/d1_lowa6_preflight_v3/compiled/square_d1_unique_ac_d23_lowa6_local_row_q.sing line 2132: `poly B52_F1_Rem24=B52_F1_Q23-B52_F1_g23;`
   ? expected poly-expression. type 'help poly;'
   ? `B52_F1_Rem24` is not defined
   ? error occurred in or before /tmp/d1_lowa6_preflight_v3/compiled/square_d1_unique_ac_d23_lowa6_local_row_q.sing line 2134: `poly B52_F1_Q24=B52_F1_Rem24/sigma;`
   ? wrong type declaration. type 'help poly;'
   ? `B52_F1_Q24` is not defined
   ? error occurred in or before /tmp/d1_lowa6_preflight_v3/compiled/square_d1_unique_ac_d23_lowa6_local_row_q.sing line 2135: `poly B52_F1_g24=subst(B52_F1_Q24,sigma,0);`
   ? expected poly-expression. type 'help poly;'
   ? `B52_F1_exact` is not defined
   ? error occurred in or before /tmp/d1_lowa6_preflight_v3/compiled/square_d1_unique_ac_d23_lowa6_local_row_q.sing line 2202: `B52_F2_exact*B52_F3_exact*B52_F4_exact*B52_F5_exact*B52_F6_exact*B52_F7_exact;`
   ? expected int-expression. type 'help int;'
   ? `polyBucket` ^ `number` failed
   ? error occurred in or before /tmp/d1_lowa6_preflight_v3/compiled/square_d1_unique_ac_d23_lowa6_local_row_q.sing line 2232: `^1*ell1+2*sigma^2*ell2)*B52_h3+((p+2*sigma^1*ell1+2*sigma^2*ell2)^2/4)*B52_h1;`
   ? expected poly-expression. type 'help poly;'
   ? `polyBucket` ^ `number` failed
   ? error occurred in or before /tmp/d1_lowa6_preflight_v3/compiled/square_d1_unique_ac_d23_lowa6_local_row_q.sing line 2233: `^1*ell1+2*sigma^2*ell2)*B52_h4+((p+2*sigma^1*ell1+2*sigma^2*ell2)^2/4)*B52_h2;`
   ? expected poly-expression. type 'help poly;'
   ? `polyBucket` ^ `number` failed
   ? error occurred in or before /tmp/d1_lowa6_preflight_v3/compiled/square_d1_unique_ac_d23_lowa6_local_row_q.sing line 2234: `^1*ell1+2*sigma^2*ell2)*B52_h5+((p+2*sigma^1*ell1+2*sigma^2*ell2)^2/4)*B52_h3;`
   ? expected poly-expression. type 'help poly;'
   ? `B52_Rec5` is not defined
   ? error occurred in or before /tmp/d1_lowa6_preflight_v3/compiled/square_d1_unique_ac_d23_lowa6_local_row_q.sing line 2235: `_Rec5,B52_ST)==0 && reduce(B52_Rec6,B52_ST)==0 && reduce(B52_Rec7,B52_ST)==0);`
   ? expected int-expression. type 'help int;'
   ? `B52_quotients` is not defined
   ? error occurred in or before /tmp/d1_lowa6_preflight_v3/compiled/square_d1_unique_ac_d23_lowa6_local_row_q.sing line 2274: `rstAC*B52_recurrence*B52_targetfree*B52_orient_plus*B52_orient_minus*B52_unit;`
   ? expected int-expression. type 'help int;'
B52_MOVING_L2_RECURRENCE=
B52_TARGET_FREE_LOCAL_ROWS=1
B52_BOTH_ORIENTATIONS=1
B52_LOCAL_COEFFICIENT=3/2*lam^2*cv^2
   ? `B52_endpoint` is not defined
   ? error occurred in or before /tmp/d1_lowa6_preflight_v3/compiled/square_d1_unique_ac_d23_lowa6_local_row_q.sing line 2280: `print("B52_ENDPOINT=PASS_EMPTY_CLOSED_R_TAIL");`
B53_BASELINE=A5_D3_S0_G23_T26
B53_PRIMITIVE_COUNT=7
B53_GLOBAL_POLE_CEILING=2
   ? `polyBucket` ^ `number` failed
   ? error occurred in or before /tmp/d1_lowa6_preflight_v3/compiled/square_d1_unique_ac_d23_lowa6_local_row_q.sing line 2363: `3)/4)*B53_h3+(3*(p+2*sigma^1*ell1+2*sigma^2*ell2+2*sigma^3*ell3)^2/32)*B53_h1;`
   ? expected poly-expression. type 'help poly;'
   ? `B53_PredPhi5` is not defined
   ? error occurred in or before /tmp/d1_lowa6_preflight_v3/compiled/square_d1_unique_ac_d23_lowa6_local_row_q.sing line 2365: `^3*ell3)*B53_h4+((p+2*sigma^1*ell1+2*sigma^2*ell2+2*sigma^3*ell3)^2/4)*B53_h2;`
   ? wrong type declaration. type 'help poly;'
   ? `B53_PredPhi6` is not defined
   ? error occurred in or before /tmp/d1_lowa6_preflight_v3/compiled/square_d1_unique_ac_d23_lowa6_local_row_q.sing line 2367: `/32)*B53_h3+(5*(p+2*sigma^1*ell1+2*sigma^2*ell2+2*sigma^3*ell3)^3/128)*B53_h1;`
   ? wrong type declaration. type 'help poly;'
   ? `B53_PredPhi7` is not defined
   ? error occurred in or before /tmp/d1_lowa6_preflight_v3/compiled/square_d1_unique_ac_d23_lowa6_local_row_q.sing line 2369: `poly B53_F1_Q23=B53_FullPhi1/sigma^23;`
   ? wrong type declaration. type 'help poly;'
   ? `B53_F1_Q23` is not defined
   ? error occurred in or before /tmp/d1_lowa6_preflight_v3/compiled/square_d1_unique_ac_d23_lowa6_local_row_q.sing line 2370: `int B53_F1_exact=(sigma^23*B53_F1_Q23-B53_FullPhi1==0);`
   ? expected int-expression. type 'help int;'
   ? `B53_F1_Q23` is not defined
   ? error occurred in or before /tmp/d1_lowa6_preflight_v3/compiled/square_d1_unique_ac_d23_lowa6_local_row_q.sing line 2371: `poly B53_F1_g23=subst(B53_F1_Q23,sigma,0);`
   ? expected poly-expression. type 'help poly;'
   ? `B53_F1_Q23` is not defined
   ? error occurred in or before /tmp/d1_lowa6_preflight_v3/compiled/square_d1_unique_ac_d23_lowa6_local_row_q.sing line 2372: `poly B53_F1_Rem24=B53_F1_Q23-B53_F1_g23;`
   ? expected poly-expression. type 'help poly;'
   ? `B53_F1_Rem24` is not defined
   ? error occurred in or before /tmp/d1_lowa6_preflight_v3/compiled/square_d1_unique_ac_d23_lowa6_local_row_q.sing line 2374: `poly B53_F1_Q24=B53_F1_Rem24/sigma;`
   ? wrong type declaration. type 'help poly;'
   ? `B53_F1_Q24` is not defined
   ? error occurred in or before /tmp/d1_lowa6_preflight_v3/compiled/square_d1_unique_ac_d23_lowa6_local_row_q.sing line 2375: `poly B53_F1_g24=subst(B53_F1_Q24,sigma,0);`
   ? expected poly-expression. type 'help poly;'
   ? `B53_F1_Q24` is not defined
   ? error occurred in or before /tmp/d1_lowa6_preflight_v3/compiled/square_d1_unique_ac_d23_lowa6_local_row_q.sing line 2376: `poly B53_F1_Rem25=B53_F1_Q24-B53_F1_g24;`
   ? expected poly-expression. type 'help poly;'
   ? `B53_F1_Rem25` is not defined
   ? error occurred in or before /tmp/d1_lowa6_preflight_v3/compiled/square_d1_unique_ac_d23_lowa6_local_row_q.sing line 2378: `poly B53_F1_Q25=B53_F1_Rem25/sigma;`
   ? wrong type declaration. type 'help poly;'
   ? `B53_F1_Q25` is not defined
   ? error occurred in or before /tmp/d1_lowa6_preflight_v3/compiled/square_d1_unique_ac_d23_lowa6_local_row_q.sing line 2379: `poly B53_F1_g25=subst(B53_F1_Q25,sigma,0);`
   ? expected poly-expression. type 'help poly;'
   ? `B53_F1_Q25` is not defined
   ? error occurred in or before /tmp/d1_lowa6_preflight_v3/compiled/square_d1_unique_ac_d23_lowa6_local_row_q.sing line 2380: `poly B53_F1_Rem26=B53_F1_Q25-B53_F1_g25;`
   ? expected poly-expression. type 'help poly;'
   ? `B53_F1_Rem26` is not defined
   ? error occurred in or before /tmp/d1_lowa6_preflight_v3/compiled/square_d1_unique_ac_d23_lowa6_local_row_q.sing line 2382: `poly B53_F1_Q26=B53_F1_Rem26/sigma;`
   ? wrong type declaration. type 'help poly;'
   ? `B53_F1_Q26` is not defined
   ? error occurred in or before /tmp/d1_lowa6_preflight_v3/compiled/square_d1_unique_ac_d23_lowa6_local_row_q.sing line 2383: `poly B53_F1_g26=subst(B53_F1_Q26,sigma,0);`
   ? expected poly-expression. type 'help poly;'
   ? `B53_F1_exact` is not defined
   ? error occurred in or before /tmp/d1_lowa6_preflight_v3/compiled/square_d1_unique_ac_d23_lowa6_local_row_q.sing line 2474: `B53_F2_exact*B53_F3_exact*B53_F4_exact*B53_F5_exact*B53_F6_exact*B53_F7_exact;`
   ? expected int-expression. type 'help int;'
   ? `polyBucket` ^ `number` failed
   ? error occurred in or before /tmp/d1_lowa6_preflight_v3/compiled/square_d1_unique_ac_d23_lowa6_local_row_q.sing line 2508: `^3*ell3)*B53_h3+((p+2*sigma^1*ell1+2*sigma^2*ell2+2*sigma^3*ell3)^2/4)*B53_h1;`
   ? expected poly-expression. type 'help poly;'
   ? `polyBucket` ^ `number` failed
   ? error occurred in or before /tmp/d1_lowa6_preflight_v3/compiled/square_d1_unique_ac_d23_lowa6_local_row_q.sing line 2509: `^3*ell3)*B53_h4+((p+2*sigma^1*ell1+2*sigma^2*ell2+2*sigma^3*ell3)^2/4)*B53_h2;`
   ? expected poly-expression. type 'help poly;'
   ? `polyBucket` ^ `number` failed
   ? error occurred in or before /tmp/d1_lowa6_preflight_v3/compiled/square_d1_unique_ac_d23_lowa6_local_row_q.sing line 2510: `^3*ell3)*B53_h5+((p+2*sigma^1*ell1+2*sigma^2*ell2+2*sigma^3*ell3)^2/4)*B53_h3;`
   ? expected poly-expression. type 'help poly;'
   ? `B53_Rec5` is not defined
   ? error occurred in or before /tmp/d1_lowa6_preflight_v3/compiled/square_d1_unique_ac_d23_lowa6_local_row_q.sing line 2511: `_Rec5,B53_ST)==0 && reduce(B53_Rec6,B53_ST)==0 && reduce(B53_Rec7,B53_ST)==0);`
   ? expected int-expression. type 'help int;'
   ? `B53_quotients` is not defined
   ? error occurred in or before /tmp/d1_lowa6_preflight_v3/compiled/square_d1_unique_ac_d23_lowa6_local_row_q.sing line 2558: `rstAC*B53_recurrence*B53_targetfree*B53_orient_plus*B53_orient_minus*B53_unit;`
   ? expected int-expression. type 'help int;'
B53_MOVING_L2_RECURRENCE=
B53_TARGET_FREE_LOCAL_ROWS=1
B53_BOTH_ORIENTATIONS=1
B53_LOCAL_COEFFICIENT=3/2*lam^2*cv^2
   ? `B53_endpoint` is not defined
   ? error occurred in or before /tmp/d1_lowa6_preflight_v3/compiled/square_d1_unique_ac_d23_lowa6_local_row_q.sing line 2564: `print("B53_ENDPOINT=PASS_EMPTY_CLOSED_R_TAIL");`
B62_BASELINE=A6_D2_S0_G24_T26
B62_PRIMITIVE_COUNT=5
B62_GLOBAL_POLE_CEILING=2
   ? `polyBucket` ^ `number` failed
   ? error occurred in or before /tmp/d1_lowa6_preflight_v3/compiled/square_d1_unique_ac_d23_lowa6_local_row_q.sing line 2643: `1+2*sigma^2*ell2)/4)*B62_h3+(3*(p+2*sigma^1*ell1+2*sigma^2*ell2)^2/32)*B62_h1;`
   ? expected poly-expression. type 'help poly;'
   ? `B62_PredPhi5` is not defined
   ? error occurred in or before /tmp/d1_lowa6_preflight_v3/compiled/square_d1_unique_ac_d23_lowa6_local_row_q.sing line 2645: `^1*ell1+2*sigma^2*ell2)*B62_h4+((p+2*sigma^1*ell1+2*sigma^2*ell2)^2/4)*B62_h2;`
   ? wrong type declaration. type 'help poly;'
   ? `B62_PredPhi6` is not defined
   ? error occurred in or before /tmp/d1_lowa6_preflight_v3/compiled/square_d1_unique_ac_d23_lowa6_local_row_q.sing line 2647: `sigma^2*ell2)^2/32)*B62_h3+(5*(p+2*sigma^1*ell1+2*sigma^2*ell2)^3/128)*B62_h1;`
   ? wrong type declaration. type 'help poly;'
   ? `B62_PredPhi7` is not defined
   ? error occurred in or before /tmp/d1_lowa6_preflight_v3/compiled/square_d1_unique_ac_d23_lowa6_local_row_q.sing line 2649: `poly B62_F1_Q24=B62_FullPhi1/sigma^24;`
   ? wrong type declaration. type 'help poly;'
   ? `B62_F1_Q24` is not defined
   ? error occurred in or before /tmp/d1_lowa6_preflight_v3/compiled/square_d1_unique_ac_d23_lowa6_local_row_q.sing line 2650: `int B62_F1_exact=(sigma^24*B62_F1_Q24-B62_FullPhi1==0);`
   ? expected int-expression. type 'help int;'
   ? `B62_F1_Q24` is not defined
   ? error occurred in or before /tmp/d1_lowa6_preflight_v3/compiled/square_d1_unique_ac_d23_lowa6_local_row_q.sing line 2651: `poly B62_F1_g24=subst(B62_F1_Q24,sigma,0);`
   ? expected poly-expression. type 'help poly;'
   ? `B62_F1_Q24` is not defined
   ? error occurred in or before /tmp/d1_lowa6_preflight_v3/compiled/square_d1_unique_ac_d23_lowa6_local_row_q.sing line 2652: `poly B62_F1_Rem25=B62_F1_Q24-B62_F1_g24;`
   ? expected poly-expression. type 'help poly;'
   ? `B62_F1_Rem25` is not defined
   ? error occurred in or before /tmp/d1_lowa6_preflight_v3/compiled/square_d1_unique_ac_d23_lowa6_local_row_q.sing line 2654: `poly B62_F1_Q25=B62_F1_Rem25/sigma;`
   ? wrong type declaration. type 'help poly;'
   ? `B62_F1_Q25` is not defined
   ? error occurred in or before /tmp/d1_lowa6_preflight_v3/compiled/square_d1_unique_ac_d23_lowa6_local_row_q.sing line 2655: `poly B62_F1_g25=subst(B62_F1_Q25,sigma,0);`
   ? expected poly-expression. type 'help poly;'
   ? `B62_F1_Q25` is not defined
   ? error occurred in or before /tmp/d1_lowa6_preflight_v3/compiled/square_d1_unique_ac_d23_lowa6_local_row_q.sing line 2656: `poly B62_F1_Rem26=B62_F1_Q25-B62_F1_g25;`
   ? expected poly-expression. type 'help poly;'
   ? `B62_F1_Rem26` is not defined
   ? error occurred in or before /tmp/d1_lowa6_preflight_v3/compiled/square_d1_unique_ac_d23_lowa6_local_row_q.sing line 2658: `poly B62_F1_Q26=B62_F1_Rem26/sigma;`
   ? wrong type declaration. type 'help poly;'
   ? `B62_F1_Q26` is not defined
   ? error occurred in or before /tmp/d1_lowa6_preflight_v3/compiled/square_d1_unique_ac_d23_lowa6_local_row_q.sing line 2659: `poly B62_F1_g26=subst(B62_F1_Q26,sigma,0);`
   ? expected poly-expression. type 'help poly;'
   ? `B62_F1_exact` is not defined
   ? error occurred in or before /tmp/d1_lowa6_preflight_v3/compiled/square_d1_unique_ac_d23_lowa6_local_row_q.sing line 2726: `B62_F2_exact*B62_F3_exact*B62_F4_exact*B62_F5_exact*B62_F6_exact*B62_F7_exact;`
   ? expected int-expression. type 'help int;'
   ? `polyBucket` ^ `number` failed
   ? error occurred in or before /tmp/d1_lowa6_preflight_v3/compiled/square_d1_unique_ac_d23_lowa6_local_row_q.sing line 2756: `^1*ell1+2*sigma^2*ell2)*B62_h3+((p+2*sigma^1*ell1+2*sigma^2*ell2)^2/4)*B62_h1;`
   ? expected poly-expression. type 'help poly;'
   ? `polyBucket` ^ `number` failed
   ? error occurred in or before /tmp/d1_lowa6_preflight_v3/compiled/square_d1_unique_ac_d23_lowa6_local_row_q.sing line 2757: `^1*ell1+2*sigma^2*ell2)*B62_h4+((p+2*sigma^1*ell1+2*sigma^2*ell2)^2/4)*B62_h2;`
   ? expected poly-expression. type 'help poly;'
   ? `polyBucket` ^ `number` failed
   ? error occurred in or before /tmp/d1_lowa6_preflight_v3/compiled/square_d1_unique_ac_d23_lowa6_local_row_q.sing line 2758: `^1*ell1+2*sigma^2*ell2)*B62_h5+((p+2*sigma^1*ell1+2*sigma^2*ell2)^2/4)*B62_h3;`
   ? expected poly-expression. type 'help poly;'
   ? `B62_Rec5` is not defined
   ? error occurred in or before /tmp/d1_lowa6_preflight_v3/compiled/square_d1_unique_ac_d23_lowa6_local_row_q.sing line 2759: `_Rec5,B62_ST)==0 && reduce(B62_Rec6,B62_ST)==0 && reduce(B62_Rec7,B62_ST)==0);`
   ? expected int-expression. type 'help int;'
   ? `B62_quotients` is not defined
   ? error occurred in or before /tmp/d1_lowa6_preflight_v3/compiled/square_d1_unique_ac_d23_lowa6_local_row_q.sing line 2798: `rstAC*B62_recurrence*B62_targetfree*B62_orient_plus*B62_orient_minus*B62_unit;`
   ? expected int-expression. type 'help int;'
B62_MOVING_L2_RECURRENCE=
B62_TARGET_FREE_LOCAL_ROWS=1
B62_BOTH_ORIENTATIONS=1
B62_LOCAL_COEFFICIENT=3/2*lam^2*cv^2
   ? `B62_endpoint` is not defined
   ? error occurred in or before /tmp/d1_lowa6_preflight_v3/compiled/square_d1_unique_ac_d23_lowa6_local_row_q.sing line 2804: `print("B62_ENDPOINT=PASS_EMPTY_CLOSED_R_TAIL");`
B63_BASELINE=A6_D3_S0_G25_T28
B63_PRIMITIVE_COUNT=8
B63_GLOBAL_POLE_CEILING=2
   ? `polyBucket` ^ `number` failed
   ? error occurred in or before /tmp/d1_lowa6_preflight_v3/compiled/square_d1_unique_ac_d23_lowa6_local_row_q.sing line 2887: `3)/4)*B63_h3+(3*(p+2*sigma^1*ell1+2*sigma^2*ell2+2*sigma^3*ell3)^2/32)*B63_h1;`
   ? expected poly-expression. type 'help poly;'
   ? `B63_PredPhi5` is not defined
   ? error occurred in or before /tmp/d1_lowa6_preflight_v3/compiled/square_d1_unique_ac_d23_lowa6_local_row_q.sing line 2889: `^3*ell3)*B63_h4+((p+2*sigma^1*ell1+2*sigma^2*ell2+2*sigma^3*ell3)^2/4)*B63_h2;`
   ? wrong type declaration. type 'help poly;'
   ? `B63_PredPhi6` is not defined
   ? error occurred in or before /tmp/d1_lowa6_preflight_v3/compiled/square_d1_unique_ac_d23_lowa6_local_row_q.sing line 2891: `/32)*B63_h3+(5*(p+2*sigma^1*ell1+2*sigma^2*ell2+2*sigma^3*ell3)^3/128)*B63_h1;`
   ? wrong type declaration. type 'help poly;'
   ? `B63_PredPhi7` is not defined
   ? error occurred in or before /tmp/d1_lowa6_preflight_v3/compiled/square_d1_unique_ac_d23_lowa6_local_row_q.sing line 2893: `poly B63_F1_Q25=B63_FullPhi1/sigma^25;`
   ? wrong type declaration. type 'help poly;'
   ? `B63_F1_Q25` is not defined
   ? error occurred in or before /tmp/d1_lowa6_preflight_v3/compiled/square_d1_unique_ac_d23_lowa6_local_row_q.sing line 2894: `int B63_F1_exact=(sigma^25*B63_F1_Q25-B63_FullPhi1==0);`
   ? expected int-expression. type 'help int;'
   ? `B63_F1_Q25` is not defined
   ? error occurred in or before /tmp/d1_lowa6_preflight_v3/compiled/square_d1_unique_ac_d23_lowa6_local_row_q.sing line 2895: `poly B63_F1_g25=subst(B63_F1_Q25,sigma,0);`
   ? expected poly-expression. type 'help poly;'
   ? `B63_F1_Q25` is not defined
   ? error occurred in or before /tmp/d1_lowa6_preflight_v3/compiled/square_d1_unique_ac_d23_lowa6_local_row_q.sing line 2896: `poly B63_F1_Rem26=B63_F1_Q25-B63_F1_g25;`
   ? expected poly-expression. type 'help poly;'
   ? `B63_F1_Rem26` is not defined
   ? error occurred in or before /tmp/d1_lowa6_preflight_v3/compiled/square_d1_unique_ac_d23_lowa6_local_row_q.sing line 2898: `poly B63_F1_Q26=B63_F1_Rem26/sigma;`
   ? wrong type declaration. type 'help poly;'
   ? `B63_F1_Q26` is not defined
   ? error occurred in or before /tmp/d1_lowa6_preflight_v3/compiled/square_d1_unique_ac_d23_lowa6_local_row_q.sing line 2899: `poly B63_F1_g26=subst(B63_F1_Q26,sigma,0);`
   ? expected poly-expression. type 'help poly;'
   ? `B63_F1_Q26` is not defined
   ? error occurred in or before /tmp/d1_lowa6_preflight_v3/compiled/square_d1_unique_ac_d23_lowa6_local_row_q.sing line 2900: `poly B63_F1_Rem27=B63_F1_Q26-B63_F1_g26;`
   ? expected poly-expression. type 'help poly;'
   ? `B63_F1_Rem27` is not defined
   ? error occurred in or before /tmp/d1_lowa6_preflight_v3/compiled/square_d1_unique_ac_d23_lowa6_local_row_q.sing line 2902: `poly B63_F1_Q27=B63_F1_Rem27/sigma;`
   ? wrong type declaration. type 'help poly;'
   ? `B63_F1_Q27` is not defined
   ? error occurred in or before /tmp/d1_lowa6_preflight_v3/compiled/square_d1_unique_ac_d23_lowa6_local_row_q.sing line 2903: `poly B63_F1_g27=subst(B63_F1_Q27,sigma,0);`
   ? expected poly-expression. type 'help poly;'
   ? `B63_F1_Q27` is not defined
   ? error occurred in or before /tmp/d1_lowa6_preflight_v3/compiled/square_d1_unique_ac_d23_lowa6_local_row_q.sing line 2904: `poly B63_F1_Rem28=B63_F1_Q27-B63_F1_g27;`
   ? expected poly-expression. type 'help poly;'
   ? `B63_F1_Rem28` is not defined
   ? error occurred in or before /tmp/d1_lowa6_preflight_v3/compiled/square_d1_unique_ac_d23_lowa6_local_row_q.sing line 2906: `poly B63_F1_Q28=B63_F1_Rem28/sigma;`
   ? wrong type declaration. type 'help poly;'
   ? `B63_F1_Q28` is not defined
   ? error occurred in or before /tmp/d1_lowa6_preflight_v3/compiled/square_d1_unique_ac_d23_lowa6_local_row_q.sing line 2907: `poly B63_F1_g28=subst(B63_F1_Q28,sigma,0);`
   ? expected poly-expression. type 'help poly;'
   ? `B63_F1_exact` is not defined
   ? error occurred in or before /tmp/d1_lowa6_preflight_v3/compiled/square_d1_unique_ac_d23_lowa6_local_row_q.sing line 2998: `B63_F2_exact*B63_F3_exact*B63_F4_exact*B63_F5_exact*B63_F6_exact*B63_F7_exact;`
   ? expected int-expression. type 'help int;'
   ? `polyBucket` ^ `number` failed
   ? error occurred in or before /tmp/d1_lowa6_preflight_v3/compiled/square_d1_unique_ac_d23_lowa6_local_row_q.sing line 3032: `^3*ell3)*B63_h3+((p+2*sigma^1*ell1+2*sigma^2*ell2+2*sigma^3*ell3)^2/4)*B63_h1;`
   ? expected poly-expression. type 'help poly;'
   ? `polyBucket` ^ `number` failed
   ? error occurred in or before /tmp/d1_lowa6_preflight_v3/compiled/square_d1_unique_ac_d23_lowa6_local_row_q.sing line 3033: `^3*ell3)*B63_h4+((p+2*sigma^1*ell1+2*sigma^2*ell2+2*sigma^3*ell3)^2/4)*B63_h2;`
   ? expected poly-expression. type 'help poly;'
   ? `polyBucket` ^ `number` failed
   ? error occurred in or before /tmp/d1_lowa6_preflight_v3/compiled/square_d1_unique_ac_d23_lowa6_local_row_q.sing line 3034: `^3*ell3)*B63_h5+((p+2*sigma^1*ell1+2*sigma^2*ell2+2*sigma^3*ell3)^2/4)*B63_h3;`
   ? expected poly-expression. type 'help poly;'
   ? `B63_Rec5` is not defined
   ? error occurred in or before /tmp/d1_lowa6_preflight_v3/compiled/square_d1_unique_ac_d23_lowa6_local_row_q.sing line 3035: `_Rec5,B63_ST)==0 && reduce(B63_Rec6,B63_ST)==0 && reduce(B63_Rec7,B63_ST)==0);`
   ? expected int-expression. type 'help int;'
   ? `B63_quotients` is not defined
   ? error occurred in or before /tmp/d1_lowa6_preflight_v3/compiled/square_d1_unique_ac_d23_lowa6_local_row_q.sing line 3082: `rstAC*B63_recurrence*B63_targetfree*B63_orient_plus*B63_orient_minus*B63_unit;`
   ? expected int-expression. type 'help int;'
B63_MOVING_L2_RECURRENCE=
B63_TARGET_FREE_LOCAL_ROWS=1
B63_BOTH_ORIENTATIONS=1
B63_LOCAL_COEFFICIENT=3/2*lam^2*cv^2
   ? `B63_endpoint` is not defined
   ? error occurred in or before /tmp/d1_lowa6_preflight_v3/compiled/square_d1_unique_ac_d23_lowa6_local_row_q.sing line 3088: `print("B63_ENDPOINT=PASS_EMPTY_CLOSED_R_TAIL");`
D1D23_LOWA6_POSITIVE_BLOCKS=11
D1D23_LOWA6_NEGATIVE_BLOCKS=1
D1D23_LOWA6_E_CONTROL=A1_D3_S1
D1D23_LOWA6_HIGH_ROUTING=A7_TIE_A8_A9_LOAD_FIRST_EXCLUDED
D1D23_LOWA6_ENDPOINT=PASS_ELEVEN_EMPTY_ONE_ROUTED
