Initial seed for pseudo-random number generator is 1788613576

--------------- INPUT DATA ---------------
#variables                    1924
#equations                    2948
#invalid equations               0
field characteristic    1073741827
homogeneous input?               0
signature-based computation      0
monomial order                 DRL
basis hash table resetting       8
linear algebra option           44
initial hash table size       4096 (2^12)
max pair selection            1000
reduce gb                        1
#threads                         8
info level                       2
generate pbm files               0
------------------------------------------
Enlarging exponent vector for hash table failed
for esz = 4194304, segmentation fault will follow.
Command terminated by signal 11
	Command being timed: "msolve -g 2 -t 8 -v 2 -l 44 -m 1000 -s 12 -u 8 -f /home/ubuntu/jc2/box/moh14-charts-20260905/hsupport-gate-20260905/source-complete/fleet/172.30.0.166/C_n16m12_M6_13_ell3_s3_V1_1_circuit/C_n16m12_M6_13_ell3_s3_V1_1_circuit_full_p1073741827.ms -o /home/ubuntu/jc2/box/moh14-charts-20260905/hsupport-gate-20260905/source-complete/fleet/172.30.0.166/C_n16m12_M6_13_ell3_s3_V1_1_circuit/C_n16m12_M6_13_ell3_s3_V1_1_circuit_full_p1073741827.g2.out"
	User time (seconds): 165.25
	System time (seconds): 3.20
	Percent of CPU this job got: 398%
	Elapsed (wall clock) time (h:mm:ss or m:ss): 0:42.29
	Average shared text size (kbytes): 0
	Average unshared data size (kbytes): 0
	Average stack size (kbytes): 0
	Average total size (kbytes): 0
	Maximum resident set size (kbytes): 9216060
	Average resident set size (kbytes): 0
	Major (requiring I/O) page faults: 0
	Minor (reclaiming a frame) page faults: 2366635
	Voluntary context switches: 11526
	Involuntary context switches: 226
	Swaps: 0
	File system inputs: 0
	File system outputs: 16
	Socket messages sent: 0
	Socket messages received: 0
	Signals delivered: 0
	Page size (bytes): 4096
	Exit status: 0
