IPLUS_DIM 0
IPLUS_LENGTH 66
TAU_NF_TERMS 3
TAU_NF (-65970245180138413510959315665942833349172108763356343485484858034607500708763309431429649528186863234290960433481606664065562400194421956415948096884551536289/2072785445089234122550080924184496554784952723052183339884510720671614455337193846744856916124912007346162603192068476501005233985154977037411128000487423719835*d-86049236540709672518617837542776326878199617995128726562119620641160996313609228630125105355175817143419714561118346721808926021563062327297893309916338459767/2072785445089234122550080924184496554784952723052183339884510720671614455337193846744856916124912007346162603192068476501005233985154977037411128000487423719835)*b4^3*u2*b3^2+(-2979801522227346264718924989530762923336680793844206736709108956915542713601782912195755368682803181149498061619825552269826362996360804005302292130198475/833639650423708064225829731071041418184123473792891891938613906618862464082755353473944177700338066729281138887933314306638129152317428282785285607780061249*d-4131131822104568075884913378816049786399552341743595623637376306565222495601844295285430044565895912421342125695312866842637384874993529581806875454071450/833639650423708064225829731071041418184123473792891891938613906618862464082755353473944177700338066729281138887933314306638129152317428282785285607780061249)*b4*u2^2*b3^2+(-501056433635444272497783406300785303691747756060026796837557008504419161582901724529628282703318527357277399387498120591481816952771166695181089294500/99160182041597248034474810404548759151198224550123931478364922876039308205394951049594882562190801323811245258467148127350794475118047850931995433303207*d-1846625184560917978284619143956312097338855727669581349429188996867432110162137069795007017097750300462157770788596863421084246995002464472750574958533/297480546124791744103424431213646277453594673650371794435094768628117924616184853148784647686572403971433735775401444382052383425354143552795986299909621)*b4*b3^3
FULL_T0_NONZERO 1
TAU_POWER 1 ZERO 0
TAU_POWER 2 ZERO 1
TAU_POWER 3 ZERO 1
TAU_POWER 4 ZERO 1
TAU_TIMES b4 ZERO 0
TAU_TIMES u2 ZERO 1
TAU_TIMES b3 ZERO 1
IPLUS_COMPLETE
TAIL_DIM 0
TAIL_LENGTH 90
TAIL_TAU_POWER 1 ZERO 0
TAIL_TAU_POWER 2 ZERO 1
TAIL_TAU_POWER 3 ZERO 1
TAIL_TAU_POWER 4 ZERO 1
TAIL_COMPLETE
CHECKS_COMPLETE
