                     SINGULAR                                 /  Development
 A Computer Algebra System for Polynomial Computations       /   version 4.3.2
                                                           0<
 by: W. Decker, G.-M. Greuel, G. Pfister, H. Schoenemann     \   Feb 2023
FB Mathematik der Universitaet, D-67653 Kaiserslautern        \  Debian 1:4.3.2-p10+ds-1.1build1
STRATUM double
INPUT_GENERATORS 6
GB_GENERATORS 7
DIMENSION 6
GROEBNER_BEGIN
s9^2,
s8*s9,
s8^2+2*s7*s9,
s7*s8+s6*s9,
s1*s2,
s1^2,
s7^2*s9
GROEBNER_END
PASS
Auf Wiedersehen.
