delta2 0 GAUGE 610 -> 609 map changes 23
delta2 0 STRONG_FRONT 29 60 63 63 0
CIRCUIT_INPUT_READY delta2_stage0 547
delta52 0 GAUGE 608 -> 607 map changes 25
delta52 0 STRONG_FRONT 29 60 63 63 0
CIRCUIT_INPUT_READY delta52_stage0 545
delta2 1 GAUGE 588 -> 587 map changes 23
delta2 1 STRONG_FRONT 30 62 80 80 0
CIRCUIT_INPUT_READY delta2_stage1 508
delta52 1 GAUGE 586 -> 585 map changes 25
delta52 1 STRONG_FRONT 30 62 80 80 0
CIRCUIT_INPUT_READY delta52_stage1 506
delta2 2 GAUGE 567 -> 566 map changes 23
delta2 2 STRONG_FRONT 30 62 77 75 0
CIRCUIT_INPUT_READY delta2_stage2 492
delta52 2 GAUGE 565 -> 564 map changes 25
delta52 2 STRONG_FRONT 30 62 77 75 0
CIRCUIT_INPUT_READY delta52_stage2 490
delta2 3 GAUGE 549 -> 548 map changes 23
delta2 3 STRONG_FRONT 30 62 75 73 0
CIRCUIT_INPUT_READY delta2_stage3 476
delta52 3 GAUGE 547 -> 546 map changes 25
delta52 3 STRONG_FRONT 30 62 75 73 0
CIRCUIT_INPUT_READY delta52_stage3 474
delta2 4 GAUGE 534 -> 533 map changes 23
delta2 4 STRONG_FRONT 30 62 73 71 0
CIRCUIT_INPUT_READY delta2_stage4 463
delta52 4 GAUGE 532 -> 531 map changes 25
delta52 4 STRONG_FRONT 30 62 73 71 0
CIRCUIT_INPUT_READY delta52_stage4 461
delta2 5 GAUGE 524 -> 523 map changes 23
delta2 5 STRONG_FRONT 30 62 73 70 0
CIRCUIT_INPUT_READY delta2_stage5 454
delta52 5 GAUGE 522 -> 521 map changes 25
delta52 5 STRONG_FRONT 30 62 73 70 0
CIRCUIT_INPUT_READY delta52_stage5 452
delta2 6 GAUGE 518 -> 517 map changes 23
delta2 6 STRONG_FRONT 30 62 73 70 0
CIRCUIT_INPUT_READY delta2_stage6 448
delta52 6 GAUGE 516 -> 515 map changes 25
delta52 6 STRONG_FRONT 30 62 73 70 0
CIRCUIT_INPUT_READY delta52_stage6 446
delta2 7 GAUGE 515 -> 514 map changes 23
delta2 7 STRONG_FRONT 30 62 73 70 0
CIRCUIT_INPUT_READY delta2_stage7 445
delta52 7 GAUGE 513 -> 512 map changes 25
delta52 7 STRONG_FRONT 30 62 73 70 0
CIRCUIT_INPUT_READY delta52_stage7 443
delta2 8 GAUGE 515 -> 514 map changes 23
delta2 8 STRONG_FRONT 30 62 73 70 0
CIRCUIT_INPUT_READY delta2_stage8 445
delta52 8 GAUGE 513 -> 512 map changes 25
delta52 8 STRONG_FRONT 30 62 73 70 0
CIRCUIT_INPUT_READY delta52_stage8 443
