==============================================================================
CENSUS-REBASE (opus5 2026-09-02): Moh (1)-(13), rebased census
==============================================================================

-- CONTROL 0: re-derived (1)-(7) core == box/moh_skeleton_N.py --
  [ok]   census identical to moh_skeleton_N for 48<=n<=90 (83860 V-assignments)
  [ok]   Skel delta/u/windows identical on 7 degrees

-- CONTROL 1: Def 5.1(3) reproduces Moh's printed delta columns (p.202) --
   row                       delta_2  delta_1    printed  printed
   (64,48)                       1/4     9/16        1/4     9/16 
  [ok]   delta_2,delta_1 = p.202 for (64,48)
  [ok]   delta_s = -1 for (64,48)
   (84,56) M2=64,V2=2            2/7    16/21        2/7    16/21 
  [ok]   delta_2,delta_1 = p.202 for (84,56) M2=64,V2=2
  [ok]   delta_s = -1 for (84,56) M2=64,V2=2
   (84,56) M2=72,V2=5            1/4     7/12        1/4     7/12 
  [ok]   delta_2,delta_1 = p.202 for (84,56) M2=72,V2=5
  [ok]   delta_s = -1 for (84,56) M2=72,V2=5
   (75,50) V2=3                  1/5      1/2        1/5      1/2 
  [ok]   delta_2,delta_1 = p.202 for (75,50) V2=3
  [ok]   delta_s = -1 for (75,50) V2=3
   (75,50) V2=2                  1/5      2/3        1/5      1/3 <- ERRATUM: printed delta_1 unattainable
  [ok]   delta_2 = p.202 for (75,50) V2=2
  [ok]   ERRATUM: printed delta_1=1/3 attained by NO (1)-(7) skeleton at (75,50)
  [ok]   ERRATUM: Def 5.1(3) gives delta_1 = 2/3 for (75,50) V2=2
  [ok]   delta_s = -1 for (75,50) V2=2
   (99,66)                       1/3      4/9        1/3      4/9 
  [ok]   delta_2,delta_1 = p.202 for (99,66)
  [ok]   delta_s = -1 for (99,66)

-- CONTROL 2: Moh's six published rows satisfy (1)-(13) --
   row                        s  L_2  A_2 TRI2  SQ2  V_2  (10)  (11)   L_1    A_1 (12)/(13)
   (64,48)                    3    1    4    3    0    3  True False     4      4   (12)
  [ok]   (7) windows (64,48)
  [ok]   (10)or(11) at j=2 (64,48)
  [ok]   (12)or(13) (64,48)
  [ok]   full_ok (64,48)
  [ok]   p.188 identity A_1 | (n*+m*)V_2-1 (64,48)
   (84,56) M2=64,V2=2         3    1    7    3    0    2  True False     7      3   (12)
  [ok]   (7) windows (84,56) M2=64,V2=2
  [ok]   (10)or(11) at j=2 (84,56) M2=64,V2=2
  [ok]   (12)or(13) (84,56) M2=64,V2=2
  [ok]   full_ok (84,56) M2=64,V2=2
  [ok]   p.188 identity A_1 | (n*+m*)V_2-1 (84,56) M2=64,V2=2
   (84,56) M2=72,V2=5         3    1    4    5    1    5  True  True     4      3   (12)
  [ok]   (7) windows (84,56) M2=72,V2=5
  [ok]   (10)or(11) at j=2 (84,56) M2=72,V2=5
  [ok]   (12)or(13) (84,56) M2=72,V2=5
  [ok]   full_ok (84,56) M2=72,V2=5
  [ok]   p.188 identity A_1 | (n*+m*)V_2-1 (84,56) M2=72,V2=5
   (75,50) V2=3               3    1    5    4    0    3  True False     5      2   (13)
  [ok]   (7) windows (75,50) V2=3
  [ok]   (10)or(11) at j=2 (75,50) V2=3
  [ok]   (12)or(13) (75,50) V2=3
  [ok]   full_ok (75,50) V2=3
  [ok]   p.188 identity A_1 | (n*+m*)V_2-1 (75,50) V2=3
   (75,50) V2=2               3    1    5    4    0    2  True False     5      3   (12)
  [ok]   (7) windows (75,50) V2=2
  [ok]   (10)or(11) at j=2 (75,50) V2=2
  [ok]   (12)or(13) (75,50) V2=2
  [ok]   full_ok (75,50) V2=2
  [ok]   p.188 identity A_1 | (n*+m*)V_2-1 (75,50) V2=2
   (99,66)                    3    1    3    8    0    8  True False     3      3   (12)
  [ok]   (7) windows (99,66)
  [ok]   (10)or(11) at j=2 (99,66)
  [ok]   (12)or(13) (99,66)
  [ok]   full_ok (99,66)
  [ok]   p.188 identity A_1 | (n*+m*)V_2-1 (99,66)

-- CONTROL 3: in-recursion (8)-(13) pruning == post-filter by full_ok --
  [ok]   fast == slow for 48<=n<=75 (98 survivors)

-- CONTROL 4: (1)-(13) over Moh's own n <= 100 space vs the p.202 table --
   (1)-(13) survivors at n <= 100 (Kmin=2, Moh's own space): 658   [0.1s]
      n=36   m=24   M_2..M_s=[16, 34]         V={2: 1, 3: 3}
      n=36   m=24   M_2..M_s=[18, 34]         V={2: 1, 3: 5}
      n=36   m=24   M_2..M_s=[18, 34]         V={2: 3, 3: 5}
      n=36   m=24   M_2..M_s=[20, 34]         V={2: 9, 3: 3}
      n=45   m=30   M_2..M_s=[10, 43]         V={2: 1, 3: 4}
      n=48   m=32   M_2..M_s=[-8, 36, 46]     V={2: 2, 3: 1, 4: 3}
      n=48   m=32   M_2..M_s=[24, 46]         V={2: 3, 3: 5}
      n=48   m=36   M_2..M_s=[18, 46]         V={2: 1, 3: 5}
      n=48   m=36   M_2..M_s=[18, 46]         V={2: 4, 3: 5}
      n=48   m=36   M_2..M_s=[28, 46]         V={2: 1, 3: 3}
      n=48   m=36   M_2..M_s=[30, 46]         V={2: 1, 3: 5}
      n=48   m=40   M_2..M_s=[12, 46]         V={2: 6, 3: 3}
      n=50   m=20   M_2..M_s=[35, 48]         V={2: 8, 3: 4}
      n=50   m=30   M_2..M_s=[5, 48]          V={2: 8, 3: 4}
      n=54   m=36   M_2..M_s=[24, 52]         V={2: 1, 3: 5}
      n=54   m=36   M_2..M_s=[27, 52]         V={2: 3, 3: 7}
      n=56   m=42   M_2..M_s=[21, 54]         V={2: 1, 3: 5}
      n=56   m=48   M_2..M_s=[-4, 54]         V={2: 6, 3: 3}
      n=60   m=24   M_2..M_s=[30, 58]         V={2: 1, 3: 5}
      n=60   m=24   M_2..M_s=[42, 58]         V={2: 8, 3: 4}
      n=60   m=40   M_2..M_s=[-10, 15, 58]    V={2: 1, 3: 8, 4: 4}
      n=60   m=40   M_2..M_s=[-10, 45, 58]    V={2: 1, 3: 8, 4: 4}
      n=60   m=40   M_2..M_s=[-10, 45, 58]    V={2: 2, 3: 8, 4: 4}
      n=60   m=40   M_2..M_s=[-10, 45, 58]    V={2: 11, 3: 8, 4: 4}
      n=60   m=40   M_2..M_s=[-10, 58]        V={2: 2, 3: 7}
      n=60   m=40   M_2..M_s=[10, 15, 58]     V={2: 1, 3: 8, 4: 4}
      n=60   m=40   M_2..M_s=[10, 15, 58]     V={2: 3, 3: 8, 4: 4}
      n=60   m=40   M_2..M_s=[10, 25, 58]     V={2: 1, 3: 8, 4: 4}
      n=60   m=40   M_2..M_s=[10, 35, 58]     V={2: 1, 3: 8, 4: 4}
      n=60   m=40   M_2..M_s=[10, 45, 58]     V={2: 1, 3: 8, 4: 4}
      n=60   m=40   M_2..M_s=[10, 55, 58]     V={2: 1, 3: 8, 4: 4}
      n=60   m=40   M_2..M_s=[10, 58]         V={2: 1, 3: 8}
      n=60   m=40   M_2..M_s=[10, 58]         V={2: 1, 3: 9}
      n=60   m=40   M_2..M_s=[24, 58]         V={2: 1, 3: 3}
      n=60   m=40   M_2..M_s=[30, 55, 58]     V={2: 3, 3: 7, 4: 4}
      n=60   m=40   M_2..M_s=[30, 58]         V={2: 1, 3: 9}
      n=60   m=40   M_2..M_s=[32, 58]         V={2: 1, 3: 3}
      n=60   m=40   M_2..M_s=[50, 58]         V={2: 11, 3: 7}
      n=60   m=45   M_2..M_s=[25, 58]         V={2: 1, 3: 4}
      n=60   m=48   M_2..M_s=[16, 58]         V={2: 9, 3: 3}
      n=60   m=48   M_2..M_s=[32, 58]         V={2: 9, 3: 3}
      n=60   m=48   M_2..M_s=[40, 58]         V={2: 1, 3: 3}
      n=60   m=48   M_2..M_s=[42, 58]         V={2: 1, 3: 5}
      n=60   m=50   M_2..M_s=[15, 58]         V={2: 6, 3: 3}
      n=63   m=42   M_2..M_s=[-14, 61]        V={2: 1, 3: 6}
      n=63   m=42   M_2..M_s=[28, 61]         V={2: 1, 3: 5}
      n=64   m=48   M_2..M_s=[-40, -12, 62]   V={2: 1, 3: 6, 4: 3}
      n=64   m=48   M_2..M_s=[-40, 4, 62]     V={2: 1, 3: 6, 4: 3}
      n=64   m=48   M_2..M_s=[-40, 44, 62]    V={2: 1, 3: 6, 4: 3}
      n=64   m=48   M_2..M_s=[-24, 28, 62]    V={2: 1, 3: 6, 4: 3}
      n=64   m=48   M_2..M_s=[-24, 28, 62]    V={2: 7, 3: 6, 4: 3}
      n=64   m=48   M_2..M_s=[24, 52, 62]     V={2: 4, 3: 2, 4: 3}
      n=64   m=48   M_2..M_s=[24, 60, 62]     V={2: 1, 3: 5, 4: 3}
      n=64   m=48   M_2..M_s=[36, 62]         V={2: 1, 3: 3}
      n=64   m=48   M_2..M_s=[40, 62]         V={2: 1, 3: 7}
      n=64   m=48   M_2..M_s=[52, 62]         V={2: 3, 3: 3}
      n=70   m=28   M_2..M_s=[35, 68]         V={2: 1, 3: 5}
      n=70   m=28   M_2..M_s=[49, 68]         V={2: 8, 3: 4}
      n=70   m=50   M_2..M_s=[45, 68]         V={2: 8, 3: 4}
      n=70   m=60   M_2..M_s=[-5, 68]         V={2: 6, 3: 3}
      n=72   m=48   M_2..M_s=[-36, -16, 70]   V={2: 2, 3: 9, 4: 3}
      n=72   m=48   M_2..M_s=[-36, 4, 70]     V={2: 2, 3: 9, 4: 3}
      n=72   m=48   M_2..M_s=[-36, 28, 70]    V={2: 1, 3: 9, 4: 3}
      n=72   m=48   M_2..M_s=[-36, 28, 70]    V={2: 2, 3: 9, 4: 3}
      n=72   m=48   M_2..M_s=[-36, 42, 70]    V={2: 2, 3: 1, 4: 5}
      n=72   m=48   M_2..M_s=[-36, 44, 70]    V={2: 2, 3: 9, 4: 3}
      n=72   m=48   M_2..M_s=[-36, 64, 70]    V={2: 1, 3: 4, 4: 3}
      n=72   m=48   M_2..M_s=[-36, 64, 70]    V={2: 2, 3: 9, 4: 3}
      n=72   m=48   M_2..M_s=[-32, -4, 70]    V={2: 1, 3: 6, 4: 3}
      n=72   m=48   M_2..M_s=[-32, 12, 70]    V={2: 1, 3: 6, 4: 3}
      n=72   m=48   M_2..M_s=[-32, 52, 70]    V={2: 1, 3: 6, 4: 3}
      n=72   m=48   M_2..M_s=[-32, 70]        V={2: 1, 3: 7}
      n=72   m=48   M_2..M_s=[-16, 4, 70]     V={2: 1, 3: 6, 4: 3}
      n=72   m=48   M_2..M_s=[-16, 4, 70]     V={2: 5, 3: 6, 4: 3}
      n=72   m=48   M_2..M_s=[-16, 36, 70]    V={2: 1, 3: 6, 4: 3}
      n=72   m=48   M_2..M_s=[-16, 44, 70]    V={2: 1, 3: 6, 4: 3}
      n=72   m=48   M_2..M_s=[-16, 44, 70]    V={2: 5, 3: 6, 4: 3}
      n=72   m=48   M_2..M_s=[-12, 18, 70]    V={2: 1, 3: 8, 4: 4}
      n=72   m=48   M_2..M_s=[-12, 18, 70]    V={2: 5, 3: 8, 4: 4}
      n=72   m=48   M_2..M_s=[-12, 18, 70]    V={2: 20, 3: 10, 4: 5}
      n=72   m=48   M_2..M_s=[-12, 42, 70]    V={2: 1, 3: 4, 4: 5}
      n=72   m=48   M_2..M_s=[-12, 42, 70]    V={2: 2, 3: 1, 4: 5}
      n=72   m=48   M_2..M_s=[-12, 42, 70]    V={2: 2, 3: 4, 4: 5}
      n=72   m=48   M_2..M_s=[-12, 52, 70]    V={2: 2, 3: 1, 4: 3}
      n=72   m=48   M_2..M_s=[-12, 54, 70]    V={2: 1, 3: 8, 4: 4}
      n=72   m=48   M_2..M_s=[-12, 54, 70]    V={2: 2, 3: 1, 4: 5}
      n=72   m=48   M_2..M_s=[-12, 54, 70]    V={2: 2, 3: 8, 4: 4}
      n=72   m=48   M_2..M_s=[-12, 68, 70]    V={2: 2, 3: 7, 4: 3}
      n=72   m=48   M_2..M_s=[8, 60, 70]      V={2: 3, 3: 1, 4: 3}
      n=72   m=48   M_2..M_s=[12, 28, 70]     V={2: 1, 3: 9, 4: 3}
      n=72   m=48   M_2..M_s=[12, 30, 70]     V={2: 1, 3: 8, 4: 4}
      n=72   m=48   M_2..M_s=[12, 42, 70]     V={2: 2, 3: 1, 4: 5}
      n=72   m=48   M_2..M_s=[12, 54, 70]     V={2: 1, 3: 10, 4: 5}
      n=72   m=48   M_2..M_s=[12, 56, 70]     V={2: 2, 3: 9, 4: 3}
      n=72   m=48   M_2..M_s=[12, 66, 70]     V={2: 1, 3: 8, 4: 4}
      n=72   m=48   M_2..M_s=[12, 66, 70]     V={2: 1, 3: 8, 4: 5}
      n=72   m=48   M_2..M_s=[16, 70]         V={2: 1, 3: 7}
      n=72   m=48   M_2..M_s=[16, 70]         V={2: 5, 3: 7}
      n=72   m=48   M_2..M_s=[30, 70]         V={2: 1, 3: 5}
      n=72   m=48   M_2..M_s=[32, 68, 70]     V={2: 1, 3: 5, 4: 3}
      n=72   m=48   M_2..M_s=[32, 70]         V={2: 1, 3: 5}
      n=72   m=48   M_2..M_s=[32, 70]         V={2: 1, 3: 7}
      n=72   m=48   M_2..M_s=[36, 42, 70]     V={2: 2, 3: 1, 4: 5}
      n=72   m=48   M_2..M_s=[36, 44, 70]     V={2: 1, 3: 9, 4: 3}
      n=72   m=48   M_2..M_s=[36, 66, 70]     V={2: 3, 3: 5, 4: 4}
      n=72   m=48   M_2..M_s=[36, 66, 70]     V={2: 3, 3: 7, 4: 5}
      n=72   m=48   M_2..M_s=[36, 68, 70]     V={2: 3, 3: 5, 4: 3}
      n=72   m=48   M_2..M_s=[40, 70]         V={2: 1, 3: 7}
      n=72   m=48   M_2..M_s=[42, 70]         V={2: 2, 3: 5}
      n=72   m=48   M_2..M_s=[56, 70]         V={2: 8, 3: 7}
      n=72   m=48   M_2..M_s=[60, 66, 70]     V={2: 11, 3: 10, 4: 5}
      n=72   m=48   M_2..M_s=[60, 68, 70]     V={2: 11, 3: 7, 4: 3}
      n=72   m=48   M_2..M_s=[60, 70]         V={2: 11, 3: 10}
      n=72   m=54   M_2..M_s=[24, 70]         V={2: 15, 3: 5}
      n=72   m=54   M_2..M_s=[42, 70]         V={2: 1, 3: 5}
      n=72   m=60   M_2..M_s=[52, 70]         V={2: 1, 3: 3}
      n=72   m=60   M_2..M_s=[52, 70]         V={2: 2, 3: 3}
      n=72   m=60   M_2..M_s=[54, 70]         V={2: 1, 3: 5}
      n=75   m=45   M_2..M_s=[50, 73]         V={2: 12, 3: 4}
      n=75   m=45   M_2..M_s=[55, 73]         V={2: 2, 3: 4}
      n=75   m=50   M_2..M_s=[5, 73]          V={2: 20, 3: 4}
      n=75   m=50   M_2..M_s=[10, 73]         V={2: 1, 3: 4}
      n=75   m=50   M_2..M_s=[40, 73]         V={2: 1, 3: 4}
      n=75   m=50   M_2..M_s=[40, 73]         V={2: 2, 3: 4}
      n=75   m=50   M_2..M_s=[40, 73]         V={2: 11, 3: 4}
      n=75   m=50   M_2..M_s=[55, 73]         V={2: 2, 3: 4}
      n=75   m=50   M_2..M_s=[55, 73]         V={2: 3, 3: 4}
      n=75   m=50   M_2..M_s=[60, 73]         V={2: 9, 3: 4}
      n=75   m=50   M_2..M_s=[60, 73]         V={2: 20, 3: 4}
      n=75   m=60   M_2..M_s=[20, 73]         V={2: 9, 3: 3}
      n=75   m=60   M_2..M_s=[40, 73]         V={2: 1, 3: 4}
      n=75   m=60   M_2..M_s=[40, 73]         V={2: 9, 3: 3}
      n=80   m=32   M_2..M_s=[-8, 44, 78]     V={2: 1, 3: 6, 4: 3}
      n=80   m=32   M_2..M_s=[40, 76, 78]     V={2: 1, 3: 5, 4: 3}
      n=80   m=32   M_2..M_s=[52, 78]         V={2: 1, 3: 3}
      n=80   m=32   M_2..M_s=[56, 76, 78]     V={2: 8, 3: 4, 4: 3}
      n=80   m=32   M_2..M_s=[56, 78]         V={2: 1, 3: 7}
      n=80   m=48   M_2..M_s=[-40, 28, 78]    V={2: 12, 3: 6, 4: 3}
      n=80   m=48   M_2..M_s=[-24, 28, 78]    V={2: 12, 3: 6, 4: 3}
      n=80   m=48   M_2..M_s=[-24, 68, 78]    V={2: 2, 3: 1, 4: 3}
      n=80   m=48   M_2..M_s=[-8, 28, 78]     V={2: 12, 3: 6, 4: 3}
      n=80   m=48   M_2..M_s=[-8, 44, 78]     V={2: 2, 3: 6, 4: 3}
      n=80   m=48   M_2..M_s=[-8, 68, 78]     V={2: 2, 3: 1, 4: 3}
      n=80   m=48   M_2..M_s=[8, 28, 78]      V={2: 12, 3: 6, 4: 3}
      n=80   m=48   M_2..M_s=[24, 28, 78]     V={2: 12, 3: 6, 4: 3}
      n=80   m=48   M_2..M_s=[24, 68, 78]     V={2: 2, 3: 1, 4: 3}
      n=80   m=48   M_2..M_s=[28, 78]         V={2: 12, 3: 3}
      n=80   m=48   M_2..M_s=[52, 78]         V={2: 2, 3: 3}
      n=80   m=60   M_2..M_s=[-50, -15, 78]   V={2: 1, 3: 6, 4: 3}
      n=80   m=60   M_2..M_s=[-50, 5, 78]     V={2: 1, 3: 6, 4: 3}
      n=80   m=60   M_2..M_s=[-50, 55, 78]    V={2: 1, 3: 6, 4: 3}
      n=80   m=60   M_2..M_s=[-30, 35, 78]    V={2: 1, 3: 6, 4: 3}
      n=80   m=60   M_2..M_s=[-30, 35, 78]    V={2: 7, 3: 6, 4: 3}
      n=80   m=60   M_2..M_s=[-8, 78]         V={2: 15, 3: 3}
      n=80   m=60   M_2..M_s=[10, 35, 78]     V={2: 1, 3: 8, 4: 4}
      n=80   m=60   M_2..M_s=[10, 65, 78]     V={2: 1, 3: 8, 4: 4}
      n=80   m=60   M_2..M_s=[30, 35, 78]     V={2: 1, 3: 8, 4: 4}
      n=80   m=60   M_2..M_s=[30, 35, 78]     V={2: 3, 3: 8, 4: 4}
      n=80   m=60   M_2..M_s=[30, 45, 78]     V={2: 1, 3: 8, 4: 4}
      n=80   m=60   M_2..M_s=[30, 55, 78]     V={2: 1, 3: 8, 4: 4}
      n=80   m=60   M_2..M_s=[30, 65, 78]     V={2: 1, 3: 8, 4: 4}
      n=80   m=60   M_2..M_s=[30, 75, 78]     V={2: 1, 3: 5, 4: 4}
      n=80   m=60   M_2..M_s=[30, 75, 78]     V={2: 1, 3: 8, 4: 4}
      n=80   m=60   M_2..M_s=[30, 78]         V={2: 1, 3: 8}
      n=80   m=60   M_2..M_s=[30, 78]         V={2: 1, 3: 9}
      n=80   m=60   M_2..M_s=[44, 78]         V={2: 1, 3: 3}
      n=80   m=60   M_2..M_s=[44, 78]         V={2: 2, 3: 3}
      n=80   m=60   M_2..M_s=[44, 78]         V={2: 15, 3: 3}
      n=80   m=60   M_2..M_s=[45, 78]         V={2: 1, 3: 4}
      n=80   m=60   M_2..M_s=[50, 78]         V={2: 1, 3: 9}
      n=80   m=60   M_2..M_s=[52, 78]         V={2: 1, 3: 3}
      n=80   m=60   M_2..M_s=[68, 78]         V={2: 7, 3: 3}
      n=80   m=64   M_2..M_s=[-24, 4, 78]     V={2: 1, 3: 6, 4: 3}
      n=80   m=64   M_2..M_s=[-24, 20, 78]    V={2: 1, 3: 6, 4: 3}
      n=80   m=64   M_2..M_s=[-24, 60, 78]    V={2: 1, 3: 6, 4: 3}
      n=80   m=64   M_2..M_s=[-8, 44, 78]     V={2: 1, 3: 6, 4: 3}
      n=80   m=64   M_2..M_s=[-8, 68, 78]     V={2: 4, 3: 2, 4: 3}
      n=80   m=70   M_2..M_s=[15, 78]         V={2: 8, 3: 4}
      n=81   m=54   M_2..M_s=[-36, 79]        V={2: 1, 3: 7}
      n=81   m=54   M_2..M_s=[63, 79]         V={2: 8, 3: 7}
      n=84   m=24   M_2..M_s=[76, 82]         V={2: 4, 3: 3}
      n=84   m=36   M_2..M_s=[54, 82]         V={2: 1, 3: 5}
      n=84   m=48   M_2..M_s=[-20, 82]        V={2: 9, 3: 3}
      n=84   m=48   M_2..M_s=[8, 82]          V={2: 9, 3: 3}
      n=84   m=48   M_2..M_s=[64, 82]         V={2: 9, 3: 3}
      n=84   m=56   M_2..M_s=[-42, 21, 82]    V={2: 20, 3: 10, 4: 5}
      n=84   m=56   M_2..M_s=[-42, 49, 82]    V={2: 2, 3: 1, 4: 5}
      n=84   m=56   M_2..M_s=[-14, 21, 82]    V={2: 1, 3: 8, 4: 4}
      n=84   m=56   M_2..M_s=[-14, 21, 82]    V={2: 20, 3: 10, 4: 5}
      n=84   m=56   M_2..M_s=[-14, 49, 82]    V={2: 2, 3: 1, 4: 5}
      n=84   m=56   M_2..M_s=[-14, 63, 82]    V={2: 1, 3: 8, 4: 4}
      n=84   m=56   M_2..M_s=[-14, 63, 82]    V={2: 2, 3: 8, 4: 4}
      n=84   m=56   M_2..M_s=[-14, 82]        V={2: 1, 3: 11}
      n=84   m=56   M_2..M_s=[-14, 82]        V={2: 1, 3: 13}
      n=84   m=56   M_2..M_s=[7, 82]          V={2: 2, 3: 5}
      n=84   m=56   M_2..M_s=[14, 21, 82]     V={2: 20, 3: 10, 4: 5}
      n=84   m=56   M_2..M_s=[14, 35, 82]     V={2: 1, 3: 8, 4: 4}
      n=84   m=56   M_2..M_s=[14, 49, 82]     V={2: 2, 3: 1, 4: 5}
      n=84   m=56   M_2..M_s=[14, 63, 82]     V={2: 1, 3: 10, 4: 5}
      n=84   m=56   M_2..M_s=[14, 63, 82]     V={2: 2, 3: 10, 4: 5}
      n=84   m=56   M_2..M_s=[14, 77, 82]     V={2: 1, 3: 8, 4: 4}
      n=84   m=56   M_2..M_s=[14, 77, 82]     V={2: 1, 3: 8, 4: 6}
      n=84   m=56   M_2..M_s=[21, 82]         V={2: 20, 3: 5}
      n=84   m=56   M_2..M_s=[32, 82]         V={2: 1, 3: 3}
      n=84   m=56   M_2..M_s=[40, 82]         V={2: 1, 3: 3}
      n=84   m=56   M_2..M_s=[40, 82]         V={2: 5, 3: 3}
      n=84   m=56   M_2..M_s=[42, 49, 82]     V={2: 1, 3: 12, 4: 6}
      n=84   m=56   M_2..M_s=[42, 49, 82]     V={2: 2, 3: 1, 4: 5}
      n=84   m=56   M_2..M_s=[42, 49, 82]     V={2: 3, 3: 12, 4: 6}
      n=84   m=56   M_2..M_s=[42, 63, 82]     V={2: 1, 3: 12, 4: 6}
      n=84   m=56   M_2..M_s=[42, 63, 82]     V={2: 3, 3: 12, 4: 6}
      n=84   m=56   M_2..M_s=[42, 63, 82]     V={2: 24, 3: 12, 4: 6}
      n=84   m=56   M_2..M_s=[42, 77, 82]     V={2: 1, 3: 12, 4: 6}
      n=84   m=56   M_2..M_s=[42, 77, 82]     V={2: 3, 3: 7, 4: 6}
      n=84   m=56   M_2..M_s=[42, 77, 82]     V={2: 3, 3: 12, 4: 6}
      n=84   m=56   M_2..M_s=[42, 82]         V={2: 1, 3: 9}
      n=84   m=56   M_2..M_s=[42, 82]         V={2: 1, 3: 12}
      n=84   m=56   M_2..M_s=[42, 82]         V={2: 1, 3: 13}
      n=84   m=56   M_2..M_s=[42, 82]         V={2: 3, 3: 11}
      n=84   m=56   M_2..M_s=[42, 82]         V={2: 3, 3: 12}
      n=84   m=56   M_2..M_s=[48, 82]         V={2: 1, 3: 3}
      n=84   m=56   M_2..M_s=[48, 82]         V={2: 8, 3: 3}
      n=84   m=56   M_2..M_s=[49, 82]         V={2: 2, 3: 5}
      n=84   m=56   M_2..M_s=[63, 82]         V={2: 7, 3: 6}
      n=84   m=56   M_2..M_s=[64, 82]         V={2: 2, 3: 3}
      n=84   m=56   M_2..M_s=[70, 77, 82]     V={2: 5, 3: 10, 4: 5}
      n=84   m=56   M_2..M_s=[70, 77, 82]     V={2: 11, 3: 10, 4: 5}
      n=84   m=56   M_2..M_s=[70, 77, 82]     V={2: 11, 3: 10, 4: 6}
      n=84   m=56   M_2..M_s=[70, 82]         V={2: 11, 3: 10}
      n=84   m=56   M_2..M_s=[72, 82]         V={2: 5, 3: 3}
      n=84   m=56   M_2..M_s=[72, 82]         V={2: 13, 3: 3}
      n=84   m=60   M_2..M_s=[42, 82]         V={2: 10, 3: 5}
      n=84   m=60   M_2..M_s=[54, 82]         V={2: 8, 3: 4}
      n=84   m=60   M_2..M_s=[66, 82]         V={2: 3, 3: 5}
      n=84   m=63   M_2..M_s=[7, 82]          V={2: 1, 3: 6}
      n=84   m=63   M_2..M_s=[28, 82]         V={2: 2, 3: 5}
      n=84   m=63   M_2..M_s=[49, 82]         V={2: 1, 3: 5}
      n=84   m=63   M_2..M_s=[49, 82]         V={2: 7, 3: 5}
      n=84   m=63   M_2..M_s=[77, 82]         V={2: 7, 3: 5}
      n=84   m=72   M_2..M_s=[44, 82]         V={2: 9, 3: 3}
      n=84   m=72   M_2..M_s=[64, 82]         V={2: 1, 3: 3}
      n=84   m=72   M_2..M_s=[66, 82]         V={2: 1, 3: 5}
      n=88   m=16   M_2..M_s=[12, 86]         V={2: 6, 3: 3}
      n=88   m=16   M_2..M_s=[68, 86]         V={2: 6, 3: 3}
      n=88   m=40   M_2..M_s=[36, 86]         V={2: 6, 3: 3}
      n=88   m=66   M_2..M_s=[-33, 86]        V={2: 1, 3: 9}
      n=88   m=80   M_2..M_s=[20, 86]         V={2: 6, 3: 3}
      n=90   m=36   M_2..M_s=[42, 88]         V={2: 15, 3: 5}
      n=90   m=36   M_2..M_s=[60, 88]         V={2: 3, 3: 5}
      n=90   m=54   M_2..M_s=[60, 88]         V={2: 12, 3: 4}
      n=90   m=60   M_2..M_s=[-45, -20, 88]   V={2: 2, 3: 9, 4: 3}
      n=90   m=60   M_2..M_s=[-45, 5, 88]     V={2: 2, 3: 9, 4: 3}
      n=90   m=60   M_2..M_s=[-45, 35, 88]    V={2: 1, 3: 9, 4: 3}
      n=90   m=60   M_2..M_s=[-45, 35, 88]    V={2: 2, 3: 9, 4: 3}
      n=90   m=60   M_2..M_s=[-45, 55, 88]    V={2: 2, 3: 9, 4: 3}
      n=90   m=60   M_2..M_s=[-45, 80, 88]    V={2: 2, 3: 9, 4: 3}
      n=90   m=60   M_2..M_s=[-40, -5, 88]    V={2: 1, 3: 6, 4: 3}
      n=90   m=60   M_2..M_s=[-40, 15, 88]    V={2: 1, 3: 6, 4: 3}
      n=90   m=60   M_2..M_s=[-40, 65, 88]    V={2: 1, 3: 6, 4: 3}
      n=90   m=60   M_2..M_s=[-40, 85, 88]    V={2: 1, 3: 7, 4: 4}
      n=90   m=60   M_2..M_s=[-20, 5, 88]     V={2: 1, 3: 6, 4: 3}
      n=90   m=60   M_2..M_s=[-20, 5, 88]     V={2: 5, 3: 6, 4: 3}
      n=90   m=60   M_2..M_s=[-20, 45, 88]    V={2: 1, 3: 6, 4: 3}
      n=90   m=60   M_2..M_s=[-20, 55, 88]    V={2: 1, 3: 6, 4: 3}
      n=90   m=60   M_2..M_s=[-20, 55, 88]    V={2: 5, 3: 6, 4: 3}
      n=90   m=60   M_2..M_s=[-20, 88]        V={2: 1, 3: 7}
      n=90   m=60   M_2..M_s=[-15, 55, 88]    V={2: 2, 3: 1, 4: 4}
      n=90   m=60   M_2..M_s=[-15, 70, 88]    V={2: 2, 3: 1, 4: 4}
      n=90   m=60   M_2..M_s=[-15, 85, 88]    V={2: 1, 3: 11, 4: 4}
      n=90   m=60   M_2..M_s=[-15, 85, 88]    V={2: 2, 3: 7, 4: 3}
      n=90   m=60   M_2..M_s=[-15, 85, 88]    V={2: 2, 3: 7, 4: 4}
      n=90   m=60   M_2..M_s=[-12, 88]        V={2: 1, 3: 5}
      n=90   m=60   M_2..M_s=[10, 15, 88]     V={2: 1, 3: 8, 4: 4}
      n=90   m=60   M_2..M_s=[10, 15, 88]     V={2: 3, 3: 8, 4: 4}
      n=90   m=60   M_2..M_s=[10, 25, 88]     V={2: 1, 3: 8, 4: 4}
      n=90   m=60   M_2..M_s=[10, 25, 88]     V={2: 3, 3: 8, 4: 4}
      n=90   m=60   M_2..M_s=[10, 25, 88]     V={2: 24, 3: 8, 4: 4}
      n=90   m=60   M_2..M_s=[10, 35, 88]     V={2: 1, 3: 8, 4: 4}
      n=90   m=60   M_2..M_s=[10, 35, 88]     V={2: 3, 3: 8, 4: 4}
      n=90   m=60   M_2..M_s=[10, 45, 88]     V={2: 1, 3: 8, 4: 4}
      n=90   m=60   M_2..M_s=[10, 45, 88]     V={2: 3, 3: 8, 4: 4}
      n=90   m=60   M_2..M_s=[10, 55, 88]     V={2: 1, 3: 8, 4: 4}
      n=90   m=60   M_2..M_s=[10, 55, 88]     V={2: 2, 3: 8, 4: 4}
      n=90   m=60   M_2..M_s=[10, 55, 88]     V={2: 3, 3: 8, 4: 4}
      n=90   m=60   M_2..M_s=[10, 55, 88]     V={2: 17, 3: 8, 4: 4}
      n=90   m=60   M_2..M_s=[10, 65, 88]     V={2: 1, 3: 8, 4: 4}
      n=90   m=60   M_2..M_s=[10, 65, 88]     V={2: 3, 3: 8, 4: 4}
      n=90   m=60   M_2..M_s=[10, 75, 88]     V={2: 1, 3: 8, 4: 4}
      n=90   m=60   M_2..M_s=[10, 75, 88]     V={2: 3, 3: 8, 4: 4}
      n=90   m=60   M_2..M_s=[10, 85, 88]     V={2: 1, 3: 8, 4: 4}
      n=90   m=60   M_2..M_s=[10, 85, 88]     V={2: 3, 3: 8, 4: 4}
      n=90   m=60   M_2..M_s=[10, 88]         V={2: 1, 3: 8}
      n=90   m=60   M_2..M_s=[10, 88]         V={2: 3, 3: 8}
      n=90   m=60   M_2..M_s=[12, 88]         V={2: 1, 3: 5}
      n=90   m=60   M_2..M_s=[15, 35, 88]     V={2: 1, 3: 9, 4: 3}
      n=90   m=60   M_2..M_s=[15, 70, 88]     V={2: 2, 3: 9, 4: 3}
      n=90   m=60   M_2..M_s=[20, 45, 88]     V={2: 1, 3: 8, 4: 4}
      n=90   m=60   M_2..M_s=[20, 45, 88]     V={2: 2, 3: 8, 4: 4}
      n=90   m=60   M_2..M_s=[20, 75, 88]     V={2: 1, 3: 8, 4: 4}
      n=90   m=60   M_2..M_s=[20, 75, 88]     V={2: 2, 3: 8, 4: 4}
      n=90   m=60   M_2..M_s=[20, 88]         V={2: 1, 3: 7}
      n=90   m=60   M_2..M_s=[25, 88]         V={2: 7, 3: 4}
      n=90   m=60   M_2..M_s=[36, 88]         V={2: 1, 3: 5}
      n=90   m=60   M_2..M_s=[40, 45, 88]     V={2: 1, 3: 8, 4: 4}
      n=90   m=60   M_2..M_s=[40, 55, 88]     V={2: 1, 3: 8, 4: 4}
      n=90   m=60   M_2..M_s=[40, 55, 88]     V={2: 11, 3: 8, 4: 4}
      n=90   m=60   M_2..M_s=[40, 65, 88]     V={2: 1, 3: 8, 4: 4}
      n=90   m=60   M_2..M_s=[40, 75, 88]     V={2: 1, 3: 8, 4: 4}
      n=90   m=60   M_2..M_s=[40, 85, 88]     V={2: 1, 3: 5, 4: 4}
      n=90   m=60   M_2..M_s=[40, 85, 88]     V={2: 1, 3: 8, 4: 4}
      n=90   m=60   M_2..M_s=[40, 88]         V={2: 1, 3: 7}
      n=90   m=60   M_2..M_s=[40, 88]         V={2: 1, 3: 8}
      n=90   m=60   M_2..M_s=[40, 88]         V={2: 1, 3: 9}
      n=90   m=60   M_2..M_s=[45, 55, 88]     V={2: 1, 3: 1, 4: 4}
      n=90   m=60   M_2..M_s=[45, 55, 88]     V={2: 1, 3: 9, 4: 3}
      n=90   m=60   M_2..M_s=[45, 55, 88]     V={2: 2, 3: 3, 4: 4}
      n=90   m=60   M_2..M_s=[45, 70, 88]     V={2: 2, 3: 12, 4: 4}
      n=90   m=60   M_2..M_s=[45, 70, 88]     V={2: 3, 3: 2, 4: 4}
      n=90   m=60   M_2..M_s=[45, 70, 88]     V={2: 3, 3: 7, 4: 4}
      n=90   m=60   M_2..M_s=[45, 70, 88]     V={2: 3, 3: 12, 4: 4}
      n=90   m=60   M_2..M_s=[45, 80, 88]     V={2: 2, 3: 5, 4: 4}
      n=90   m=60   M_2..M_s=[45, 80, 88]     V={2: 2, 3: 12, 4: 4}
      n=90   m=60   M_2..M_s=[45, 80, 88]     V={2: 3, 3: 5, 4: 4}
      n=90   m=60   M_2..M_s=[45, 80, 88]     V={2: 3, 3: 12, 4: 4}
      n=90   m=60   M_2..M_s=[45, 85, 88]     V={2: 3, 3: 5, 4: 3}
      n=90   m=60   M_2..M_s=[45, 85, 88]     V={2: 3, 3: 5, 4: 4}
      n=90   m=60   M_2..M_s=[45, 85, 88]     V={2: 3, 3: 11, 4: 4}
      n=90   m=60   M_2..M_s=[48, 88]         V={2: 1, 3: 5}
      n=90   m=60   M_2..M_s=[70, 75, 88]     V={2: 9, 3: 8, 4: 4}
      n=90   m=60   M_2..M_s=[70, 85, 88]     V={2: 8, 3: 7, 4: 4}
      n=90   m=60   M_2..M_s=[70, 88]         V={2: 8, 3: 7}
      n=90   m=60   M_2..M_s=[70, 88]         V={2: 21, 3: 7}
      n=90   m=60   M_2..M_s=[72, 88]         V={2: 9, 3: 4}
      n=90   m=60   M_2..M_s=[75, 85, 88]     V={2: 11, 3: 7, 4: 3}
      n=90   m=60   M_2..M_s=[75, 85, 88]     V={2: 11, 3: 7, 4: 4}
      n=90   m=60   M_2..M_s=[80, 85, 88]     V={2: 17, 3: 8, 4: 4}
      n=90   m=60   M_2..M_s=[80, 88]         V={2: 17, 3: 8}
      n=90   m=72   M_2..M_s=[60, 88]         V={2: 1, 3: 5}
      n=90   m=75   M_2..M_s=[55, 88]         V={2: 1, 3: 4}
      n=90   m=80   M_2..M_s=[-55, 88]        V={2: 8, 3: 4}
      n=90   m=80   M_2..M_s=[-5, 88]         V={2: 8, 3: 4}
      n=90   m=80   M_2..M_s=[45, 88]         V={2: 8, 3: 4}
      n=96   m=36   M_2..M_s=[76, 94]         V={2: 2, 3: 3}
      n=96   m=60   M_2..M_s=[56, 94]         V={2: 9, 3: 3}
      n=96   m=60   M_2..M_s=[66, 94]         V={2: 1, 3: 5}
      n=96   m=64   M_2..M_s=[-48, -8, 4, 94] V={2: 24, 3: 12, 4: 6, 5: 3}
      n=96   m=64   M_2..M_s=[-48, -8, 20, 94] V={2: 1, 3: 1, 4: 6, 5: 3}
      n=96   m=64   M_2..M_s=[-48, -8, 84, 94] V={2: 1, 3: 4, 4: 2, 5: 3}
      n=96   m=64   M_2..M_s=[-48, -8, 94]    V={2: 1, 3: 14, 4: 7}
      n=96   m=64   M_2..M_s=[-48, 8, 60, 94] V={2: 2, 3: 1, 4: 6, 5: 3}
      n=96   m=64   M_2..M_s=[-48, 8, 84, 94] V={2: 1, 3: 4, 4: 2, 5: 3}
      n=96   m=64   M_2..M_s=[-48, 24, 92, 94] V={2: 20, 3: 10, 4: 5, 5: 3}
      n=96   m=64   M_2..M_s=[-48, 40, 84, 94] V={2: 8, 3: 4, 4: 2, 5: 3}
      n=96   m=64   M_2..M_s=[-48, 56, 92, 94] V={2: 2, 3: 1, 4: 5, 5: 3}
      n=96   m=64   M_2..M_s=[-48, 68, 94]    V={2: 2, 3: 1, 4: 3}
      n=96   m=64   M_2..M_s=[-48, 72, 76, 94] V={2: 24, 3: 12, 4: 6, 5: 3}
      n=96   m=64   M_2..M_s=[-48, 72, 84, 94] V={2: 1, 3: 4, 4: 2, 5: 3}
      n=96   m=64   M_2..M_s=[-48, 72, 94]    V={2: 1, 3: 4, 4: 7}
      n=96   m=64   M_2..M_s=[-48, 72, 94]    V={2: 1, 3: 14, 4: 7}
      n=96   m=64   M_2..M_s=[-48, 72, 94]    V={2: 2, 3: 1, 4: 7}
      n=96   m=64   M_2..M_s=[-16, -8, 4, 94] V={2: 24, 3: 12, 4: 6, 5: 3}
      n=96   m=64   M_2..M_s=[-16, -8, 20, 94] V={2: 2, 3: 1, 4: 6, 5: 3}
      n=96   m=64   M_2..M_s=[-16, -8, 36, 94] V={2: 2, 3: 1, 4: 6, 5: 3}
      n=96   m=64   M_2..M_s=[-16, -8, 76, 94] V={2: 2, 3: 1, 4: 6, 5: 3}
      n=96   m=64   M_2..M_s=[-16, 8, 60, 94] V={2: 1, 3: 1, 4: 6, 5: 3}
      n=96   m=64   M_2..M_s=[-16, 8, 60, 94] V={2: 2, 3: 1, 4: 6, 5: 3}
      n=96   m=64   M_2..M_s=[-16, 8, 60, 94] V={2: 2, 3: 7, 4: 6, 5: 3}
      n=96   m=64   M_2..M_s=[-16, 24, 92, 94] V={2: 1, 3: 8, 4: 4, 5: 3}
      n=96   m=64   M_2..M_s=[-16, 24, 92, 94] V={2: 5, 3: 8, 4: 4, 5: 3}
      n=96   m=64   M_2..M_s=[-16, 24, 92, 94] V={2: 20, 3: 10, 4: 5, 5: 3}
      n=96   m=64   M_2..M_s=[-16, 24, 94]    V={2: 20, 3: 10, 4: 5}
      n=96   m=64   M_2..M_s=[-16, 40, 84, 94] V={2: 8, 3: 4, 4: 2, 5: 3}
      n=96   m=64   M_2..M_s=[-16, 40, 94]    V={2: 2, 3: 1, 4: 7}
      n=96   m=64   M_2..M_s=[-16, 56, 84, 94] V={2: 1, 3: 4, 4: 2, 5: 3}
      n=96   m=64   M_2..M_s=[-16, 56, 84, 94] V={2: 2, 3: 4, 4: 2, 5: 3}
      n=96   m=64   M_2..M_s=[-16, 56, 84, 94] V={2: 5, 3: 4, 4: 2, 5: 3}
      n=96   m=64   M_2..M_s=[-16, 56, 92, 94] V={2: 2, 3: 1, 4: 5, 5: 3}
      n=96   m=64   M_2..M_s=[-16, 68, 94]    V={2: 2, 3: 1, 4: 3}
      n=96   m=64   M_2..M_s=[-16, 72, 76, 94] V={2: 24, 3: 12, 4: 6, 5: 3}
      n=96   m=64   M_2..M_s=[-16, 72, 84, 94] V={2: 2, 3: 1, 4: 1, 5: 3}
      n=96   m=64   M_2..M_s=[-16, 72, 92, 94] V={2: 1, 3: 8, 4: 4, 5: 3}
      n=96   m=64   M_2..M_s=[-16, 72, 92, 94] V={2: 2, 3: 8, 4: 4, 5: 3}
      n=96   m=64   M_2..M_s=[-16, 72, 94]    V={2: 2, 3: 1, 4: 5}
      n=96   m=64   M_2..M_s=[-16, 72, 94]    V={2: 2, 3: 1, 4: 7}
      n=96   m=64   M_2..M_s=[-16, 76, 94]    V={2: 2, 3: 1, 4: 3}
      n=96   m=64   M_2..M_s=[-16, 84, 94]    V={2: 1, 3: 8, 4: 3}
      n=96   m=64   M_2..M_s=[-16, 84, 94]    V={2: 2, 3: 3, 4: 3}
      n=96   m=64   M_2..M_s=[-16, 84, 94]    V={2: 5, 3: 8, 4: 3}
      n=96   m=64   M_2..M_s=[-16, 88, 92, 94] V={2: 2, 3: 7, 4: 6, 5: 3}
      n=96   m=64   M_2..M_s=[-16, 88, 94]    V={2: 2, 3: 7, 4: 6}
      n=96   m=64   M_2..M_s=[-16, 94]        V={2: 2, 3: 13}
      n=96   m=64   M_2..M_s=[-8, 4, 94]      V={2: 24, 3: 6, 4: 3}
      n=96   m=64   M_2..M_s=[-8, 20, 94]     V={2: 1, 3: 6, 4: 3}
      n=96   m=64   M_2..M_s=[-8, 36, 94]     V={2: 1, 3: 6, 4: 3}
      n=96   m=64   M_2..M_s=[-8, 36, 94]     V={2: 3, 3: 6, 4: 3}
      n=96   m=64   M_2..M_s=[-8, 36, 94]     V={2: 17, 3: 6, 4: 3}
      n=96   m=64   M_2..M_s=[-8, 76, 94]     V={2: 1, 3: 6, 4: 3}
      n=96   m=64   M_2..M_s=[8, 28, 94]      V={2: 1, 3: 6, 4: 3}
      n=96   m=64   M_2..M_s=[8, 28, 94]      V={2: 11, 3: 6, 4: 3}
      n=96   m=64   M_2..M_s=[8, 60, 94]      V={2: 1, 3: 6, 4: 3}
      n=96   m=64   M_2..M_s=[8, 60, 94]      V={2: 2, 3: 6, 4: 3}
      n=96   m=64   M_2..M_s=[8, 68, 94]      V={2: 1, 3: 6, 4: 3}
      n=96   m=64   M_2..M_s=[8, 68, 94]      V={2: 11, 3: 6, 4: 3}
      n=96   m=64   M_2..M_s=[8, 92, 94]      V={2: 2, 3: 5, 4: 3}
      n=96   m=64   M_2..M_s=[16, 24, 92, 94] V={2: 20, 3: 10, 4: 5, 5: 3}
      n=96   m=64   M_2..M_s=[16, 24, 94]     V={2: 1, 3: 14, 4: 7}
      n=96   m=64   M_2..M_s=[16, 40, 84, 94] V={2: 1, 3: 2, 4: 1, 5: 3}
      n=96   m=64   M_2..M_s=[16, 40, 84, 94] V={2: 8, 3: 4, 4: 2, 5: 3}
      n=96   m=64   M_2..M_s=[16, 40, 92, 94] V={2: 1, 3: 8, 4: 4, 5: 3}
      n=96   m=64   M_2..M_s=[16, 40, 94]     V={2: 1, 3: 14, 4: 7}
      n=96   m=64   M_2..M_s=[16, 40, 94]     V={2: 5, 3: 14, 4: 7}
      n=96   m=64   M_2..M_s=[16, 56, 92, 94] V={2: 2, 3: 1, 4: 5, 5: 3}
      n=96   m=64   M_2..M_s=[16, 56, 94]     V={2: 1, 3: 14, 4: 7}
      n=96   m=64   M_2..M_s=[16, 68, 94]     V={2: 2, 3: 1, 4: 3}
      n=96   m=64   M_2..M_s=[16, 72, 76, 94] V={2: 24, 3: 12, 4: 6, 5: 3}
      n=96   m=64   M_2..M_s=[16, 72, 92, 94] V={2: 1, 3: 10, 4: 5, 5: 3}
      n=96   m=64   M_2..M_s=[16, 72, 92, 94] V={2: 2, 3: 10, 4: 5, 5: 3}
      n=96   m=64   M_2..M_s=[16, 72, 94]     V={2: 1, 3: 10, 4: 5}
      n=96   m=64   M_2..M_s=[16, 72, 94]     V={2: 1, 3: 14, 4: 7}
      n=96   m=64   M_2..M_s=[16, 72, 94]     V={2: 2, 3: 1, 4: 7}
      n=96   m=64   M_2..M_s=[16, 72, 94]     V={2: 5, 3: 14, 4: 7}
      n=96   m=64   M_2..M_s=[16, 88, 92, 94] V={2: 1, 3: 8, 4: 4, 5: 3}
      n=96   m=64   M_2..M_s=[16, 88, 94]     V={2: 1, 3: 8, 4: 5}
      n=96   m=64   M_2..M_s=[16, 88, 94]     V={2: 1, 3: 8, 4: 7}
      n=96   m=64   M_2..M_s=[16, 88, 94]     V={2: 1, 3: 14, 4: 7}
      n=96   m=64   M_2..M_s=[16, 94]         V={2: 1, 3: 14}
      n=96   m=64   M_2..M_s=[24, 92, 94]     V={2: 20, 3: 5, 4: 3}
      n=96   m=64   M_2..M_s=[40, 84, 94]     V={2: 8, 3: 2, 4: 3}
      n=96   m=64   M_2..M_s=[48, 56, 68, 94] V={2: 1, 3: 12, 4: 6, 5: 3}
      n=96   m=64   M_2..M_s=[48, 56, 68, 94] V={2: 3, 3: 12, 4: 6, 5: 3}
      n=96   m=64   M_2..M_s=[48, 56, 68, 94] V={2: 17, 3: 12, 4: 6, 5: 3}
      n=96   m=64   M_2..M_s=[48, 56, 76, 94] V={2: 1, 3: 12, 4: 6, 5: 3}
      n=96   m=64   M_2..M_s=[48, 56, 76, 94] V={2: 3, 3: 12, 4: 6, 5: 3}
      n=96   m=64   M_2..M_s=[48, 56, 92, 94] V={2: 2, 3: 1, 4: 5, 5: 3}
      n=96   m=64   M_2..M_s=[48, 68, 94]     V={2: 1, 3: 2, 4: 3}
      n=96   m=64   M_2..M_s=[48, 68, 94]     V={2: 1, 3: 12, 4: 3}
      n=96   m=64   M_2..M_s=[48, 68, 94]     V={2: 2, 3: 1, 4: 3}
      n=96   m=64   M_2..M_s=[48, 68, 94]     V={2: 3, 3: 2, 4: 3}
      n=96   m=64   M_2..M_s=[48, 68, 94]     V={2: 3, 3: 12, 4: 3}
      n=96   m=64   M_2..M_s=[48, 68, 94]     V={2: 17, 3: 12, 4: 3}
      n=96   m=64   M_2..M_s=[48, 72, 76, 94] V={2: 1, 3: 12, 4: 6, 5: 3}
      n=96   m=64   M_2..M_s=[48, 72, 76, 94] V={2: 3, 3: 12, 4: 6, 5: 3}
      n=96   m=64   M_2..M_s=[48, 72, 76, 94] V={2: 24, 3: 12, 4: 6, 5: 3}
      n=96   m=64   M_2..M_s=[48, 72, 84, 94] V={2: 24, 3: 12, 4: 6, 5: 3}
      n=96   m=64   M_2..M_s=[48, 72, 92, 94] V={2: 24, 3: 12, 4: 6, 5: 3}
      n=96   m=64   M_2..M_s=[48, 72, 94]     V={2: 2, 3: 1, 4: 7}
      n=96   m=64   M_2..M_s=[48, 72, 94]     V={2: 24, 3: 12, 4: 6}
      n=96   m=64   M_2..M_s=[48, 76, 94]     V={2: 1, 3: 12, 4: 3}
      n=96   m=64   M_2..M_s=[48, 76, 94]     V={2: 2, 3: 5, 4: 3}
      n=96   m=64   M_2..M_s=[48, 76, 94]     V={2: 3, 3: 5, 4: 3}
      n=96   m=64   M_2..M_s=[48, 76, 94]     V={2: 3, 3: 12, 4: 3}
      n=96   m=64   M_2..M_s=[48, 88, 92, 94] V={2: 1, 3: 12, 4: 6, 5: 3}
      n=96   m=64   M_2..M_s=[48, 88, 92, 94] V={2: 3, 3: 5, 4: 4, 5: 3}
      n=96   m=64   M_2..M_s=[48, 88, 92, 94] V={2: 3, 3: 7, 4: 6, 5: 3}
      n=96   m=64   M_2..M_s=[48, 88, 92, 94] V={2: 3, 3: 12, 4: 6, 5: 3}
      n=96   m=64   M_2..M_s=[48, 88, 92, 94] V={2: 17, 3: 12, 4: 6, 5: 3}
      n=96   m=64   M_2..M_s=[48, 88, 94]     V={2: 1, 3: 12, 4: 6}
      n=96   m=64   M_2..M_s=[48, 88, 94]     V={2: 1, 3: 12, 4: 7}
      n=96   m=64   M_2..M_s=[48, 88, 94]     V={2: 3, 3: 7, 4: 6}
      n=96   m=64   M_2..M_s=[48, 88, 94]     V={2: 3, 3: 7, 4: 7}
      n=96   m=64   M_2..M_s=[48, 88, 94]     V={2: 3, 3: 12, 4: 6}
      n=96   m=64   M_2..M_s=[48, 88, 94]     V={2: 3, 3: 12, 4: 7}
      n=96   m=64   M_2..M_s=[48, 88, 94]     V={2: 17, 3: 12, 4: 6}
      n=96   m=64   M_2..M_s=[56, 92, 94]     V={2: 2, 3: 5, 4: 3}
      n=96   m=64   M_2..M_s=[68, 94]         V={2: 2, 3: 3}
      n=96   m=64   M_2..M_s=[72, 76, 94]     V={2: 7, 3: 6, 4: 3}
      n=96   m=64   M_2..M_s=[72, 76, 94]     V={2: 24, 3: 6, 4: 3}
      n=96   m=64   M_2..M_s=[72, 84, 94]     V={2: 7, 3: 6, 4: 3}
      n=96   m=64   M_2..M_s=[72, 92, 94]     V={2: 7, 3: 6, 4: 3}
      n=96   m=64   M_2..M_s=[72, 94]         V={2: 2, 3: 7}
      n=96   m=64   M_2..M_s=[72, 94]         V={2: 7, 3: 6}
      n=96   m=64   M_2..M_s=[76, 94]         V={2: 3, 3: 3}
      n=96   m=64   M_2..M_s=[80, 84, 94]     V={2: 5, 3: 4, 4: 3}
      n=96   m=64   M_2..M_s=[80, 84, 94]     V={2: 13, 3: 12, 4: 3}
      n=96   m=64   M_2..M_s=[80, 88, 92, 94] V={2: 5, 3: 10, 4: 5, 5: 3}
      n=96   m=64   M_2..M_s=[80, 88, 92, 94] V={2: 11, 3: 7, 4: 6, 5: 3}
      n=96   m=64   M_2..M_s=[80, 88, 92, 94] V={2: 11, 3: 10, 4: 5, 5: 3}
      n=96   m=64   M_2..M_s=[80, 88, 94]     V={2: 11, 3: 7, 4: 6}
      n=96   m=64   M_2..M_s=[80, 88, 94]     V={2: 11, 3: 10, 4: 5}
      n=96   m=64   M_2..M_s=[80, 88, 94]     V={2: 11, 3: 10, 4: 7}
      n=96   m=64   M_2..M_s=[80, 92, 94]     V={2: 11, 3: 10, 4: 3}
      n=96   m=64   M_2..M_s=[80, 94]         V={2: 11, 3: 10}
      n=96   m=72   M_2..M_s=[-64, -36, 94]   V={2: 1, 3: 6, 4: 3}
      n=96   m=72   M_2..M_s=[-64, 4, 94]     V={2: 1, 3: 6, 4: 3}
      n=96   m=72   M_2..M_s=[-64, 20, 94]    V={2: 1, 3: 6, 4: 3}
      n=96   m=72   M_2..M_s=[-64, 76, 94]    V={2: 1, 3: 6, 4: 3}
      n=96   m=72   M_2..M_s=[-60, 56, 94]    V={2: 1, 3: 9, 4: 3}
      n=96   m=72   M_2..M_s=[-36, -8, 94]    V={2: 1, 3: 9, 4: 3}
      n=96   m=72   M_2..M_s=[-36, -8, 94]    V={2: 4, 3: 9, 4: 3}
      n=96   m=72   M_2..M_s=[-36, 20, 94]    V={2: 1, 3: 9, 4: 3}
      n=96   m=72   M_2..M_s=[-36, 20, 94]    V={2: 4, 3: 9, 4: 3}
      n=96   m=72   M_2..M_s=[-36, 76, 94]    V={2: 1, 3: 2, 4: 3}
      n=96   m=72   M_2..M_s=[-36, 76, 94]    V={2: 1, 3: 9, 4: 3}
      n=96   m=72   M_2..M_s=[-36, 76, 94]    V={2: 4, 3: 9, 4: 3}
      n=96   m=72   M_2..M_s=[-36, 90, 94]    V={2: 1, 3: 5, 4: 4}
      n=96   m=72   M_2..M_s=[-36, 90, 94]    V={2: 1, 3: 9, 4: 5}
      n=96   m=72   M_2..M_s=[-36, 94]        V={2: 1, 3: 11}
      n=96   m=72   M_2..M_s=[-32, 44, 94]    V={2: 1, 3: 6, 4: 3}
      n=96   m=72   M_2..M_s=[-32, 44, 94]    V={2: 3, 3: 6, 4: 3}
      n=96   m=72   M_2..M_s=[-32, 84, 94]    V={2: 3, 3: 1, 4: 3}
      n=96   m=72   M_2..M_s=[-12, 8, 94]     V={2: 1, 3: 9, 4: 3}
      n=96   m=72   M_2..M_s=[-12, 8, 94]     V={2: 2, 3: 9, 4: 3}
      n=96   m=72   M_2..M_s=[-12, 20, 94]    V={2: 1, 3: 9, 4: 3}
      n=96   m=72   M_2..M_s=[-12, 28, 94]    V={2: 1, 3: 9, 4: 3}
      n=96   m=72   M_2..M_s=[-12, 52, 94]    V={2: 1, 3: 9, 4: 3}
      n=96   m=72   M_2..M_s=[-12, 52, 94]    V={2: 3, 3: 9, 4: 3}
      n=96   m=72   M_2..M_s=[-12, 52, 94]    V={2: 13, 3: 9, 4: 3}
      n=96   m=72   M_2..M_s=[-12, 68, 94]    V={2: 1, 3: 9, 4: 3}
      n=96   m=72   M_2..M_s=[-12, 68, 94]    V={2: 3, 3: 9, 4: 3}
      n=96   m=72   M_2..M_s=[-12, 88, 94]    V={2: 1, 3: 4, 4: 3}
      n=96   m=72   M_2..M_s=[-12, 88, 94]    V={2: 1, 3: 9, 4: 3}
      n=96   m=72   M_2..M_s=[-8, 20, 94]     V={2: 1, 3: 6, 4: 3}
      n=96   m=72   M_2..M_s=[-8, 20, 94]     V={2: 7, 3: 6, 4: 3}
      n=96   m=72   M_2..M_s=[-8, 36, 94]     V={2: 1, 3: 6, 4: 3}
      n=96   m=72   M_2..M_s=[-8, 76, 94]     V={2: 1, 3: 6, 4: 3}
      n=96   m=72   M_2..M_s=[-8, 76, 94]     V={2: 7, 3: 6, 4: 3}
      n=96   m=72   M_2..M_s=[-8, 94]         V={2: 1, 3: 7}
      n=96   m=72   M_2..M_s=[8, 28, 94]      V={2: 1, 3: 6, 4: 3}
      n=96   m=72   M_2..M_s=[8, 60, 94]      V={2: 1, 3: 6, 4: 3}
      n=96   m=72   M_2..M_s=[8, 60, 94]      V={2: 3, 3: 6, 4: 3}
      n=96   m=72   M_2..M_s=[8, 68, 94]      V={2: 1, 3: 6, 4: 3}
      n=96   m=72   M_2..M_s=[8, 84, 94]      V={2: 3, 3: 1, 4: 3}
      n=96   m=72   M_2..M_s=[12, 42, 94]     V={2: 1, 3: 8, 4: 4}
      n=96   m=72   M_2..M_s=[12, 66, 94]     V={2: 1, 3: 4, 4: 5}
      n=96   m=72   M_2..M_s=[12, 78, 94]     V={2: 1, 3: 8, 4: 4}
      n=96   m=72   M_2..M_s=[18, 94]         V={2: 1, 3: 5}
      n=96   m=72   M_2..M_s=[32, 92, 94]     V={2: 2, 3: 5, 4: 3}
      n=96   m=72   M_2..M_s=[32, 94]         V={2: 15, 3: 5}
      n=96   m=72   M_2..M_s=[36, 52, 94]     V={2: 1, 3: 9, 4: 3}
      n=96   m=72   M_2..M_s=[36, 52, 94]     V={2: 7, 3: 9, 4: 3}
      n=96   m=72   M_2..M_s=[36, 54, 94]     V={2: 1, 3: 8, 4: 4}
      n=96   m=72   M_2..M_s=[36, 68, 94]     V={2: 1, 3: 9, 4: 3}
      n=96   m=72   M_2..M_s=[36, 76, 94]     V={2: 1, 3: 1, 4: 3}
      n=96   m=72   M_2..M_s=[36, 76, 94]     V={2: 4, 3: 2, 4: 3}
      n=96   m=72   M_2..M_s=[36, 78, 94]     V={2: 1, 3: 1, 4: 5}
      n=96   m=72   M_2..M_s=[36, 78, 94]     V={2: 1, 3: 3, 4: 5}
      n=96   m=72   M_2..M_s=[36, 78, 94]     V={2: 1, 3: 10, 4: 5}
      n=96   m=72   M_2..M_s=[36, 78, 94]     V={2: 4, 3: 3, 4: 5}
      n=96   m=72   M_2..M_s=[36, 80, 94]     V={2: 1, 3: 9, 4: 3}
      n=96   m=72   M_2..M_s=[36, 80, 94]     V={2: 4, 3: 9, 4: 3}
      n=96   m=72   M_2..M_s=[36, 90, 94]     V={2: 1, 3: 5, 4: 4}
      n=96   m=72   M_2..M_s=[36, 90, 94]     V={2: 1, 3: 5, 4: 5}
      n=96   m=72   M_2..M_s=[36, 90, 94]     V={2: 1, 3: 8, 4: 4}
      n=96   m=72   M_2..M_s=[36, 90, 94]     V={2: 1, 3: 8, 4: 5}
      n=96   m=72   M_2..M_s=[40, 94]         V={2: 1, 3: 7}
      n=96   m=72   M_2..M_s=[54, 94]         V={2: 1, 3: 5}
      n=96   m=72   M_2..M_s=[56, 92, 94]     V={2: 1, 3: 5, 4: 3}
      n=96   m=72   M_2..M_s=[56, 92, 94]     V={2: 7, 3: 5, 4: 3}
      n=96   m=72   M_2..M_s=[56, 94]         V={2: 1, 3: 5}
      n=96   m=72   M_2..M_s=[56, 94]         V={2: 1, 3: 7}
      n=96   m=72   M_2..M_s=[60, 64, 94]     V={2: 1, 3: 9, 4: 3}
      n=96   m=72   M_2..M_s=[60, 66, 94]     V={2: 1, 3: 1, 4: 5}
      n=96   m=72   M_2..M_s=[60, 68, 94]     V={2: 1, 3: 9, 4: 3}
      n=96   m=72   M_2..M_s=[60, 76, 94]     V={2: 1, 3: 9, 4: 3}
      n=96   m=72   M_2..M_s=[60, 80, 94]     V={2: 1, 3: 9, 4: 3}
      n=96   m=72   M_2..M_s=[60, 88, 94]     V={2: 1, 3: 9, 4: 3}
      n=96   m=72   M_2..M_s=[60, 88, 94]     V={2: 8, 3: 4, 4: 3}
      n=96   m=72   M_2..M_s=[60, 90, 94]     V={2: 1, 3: 5, 4: 4}
      n=96   m=72   M_2..M_s=[60, 92, 94]     V={2: 1, 3: 9, 4: 3}
      n=96   m=72   M_2..M_s=[60, 94]         V={2: 1, 3: 9}
      n=96   m=72   M_2..M_s=[64, 94]         V={2: 1, 3: 7}
      n=96   m=72   M_2..M_s=[80, 84, 94]     V={2: 7, 3: 6, 4: 3}
      n=96   m=72   M_2..M_s=[84, 88, 94]     V={2: 3, 3: 9, 4: 3}
      n=96   m=72   M_2..M_s=[88, 92, 94]     V={2: 7, 3: 5, 4: 3}
      n=96   m=80   M_2..M_s=[-72, 28, 94]    V={2: 1, 3: 6, 4: 3}
      n=96   m=80   M_2..M_s=[-24, 84, 94]    V={2: 2, 3: 1, 4: 3}
      n=96   m=80   M_2..M_s=[-8, 20, 94]     V={2: 1, 3: 6, 4: 3}
      n=96   m=80   M_2..M_s=[-8, 36, 94]     V={2: 1, 3: 6, 4: 3}
      n=96   m=80   M_2..M_s=[-8, 36, 94]     V={2: 5, 3: 6, 4: 3}
      n=96   m=80   M_2..M_s=[-8, 76, 94]     V={2: 1, 3: 6, 4: 3}
      n=96   m=80   M_2..M_s=[8, 60, 94]      V={2: 1, 3: 6, 4: 3}
      n=96   m=80   M_2..M_s=[24, 92, 94]     V={2: 6, 3: 3, 4: 3}
      n=96   m=80   M_2..M_s=[40, 94]         V={2: 1, 3: 7}
      n=96   m=80   M_2..M_s=[56, 94]         V={2: 14, 3: 7}
      n=96   m=84   M_2..M_s=[18, 94]         V={2: 8, 3: 4}
      n=96   m=84   M_2..M_s=[76, 94]         V={2: 1, 3: 3}
      n=96   m=84   M_2..M_s=[78, 94]         V={2: 1, 3: 5}
      n=98   m=42   M_2..M_s=[35, 96]         V={2: 10, 3: 5}
      n=98   m=42   M_2..M_s=[63, 96]         V={2: 1, 3: 5}
      n=98   m=42   M_2..M_s=[77, 96]         V={2: 12, 3: 6}
      n=98   m=70   M_2..M_s=[49, 96]         V={2: 10, 3: 5}
      n=98   m=70   M_2..M_s=[63, 96]         V={2: 8, 3: 4}
      n=99   m=66   M_2..M_s=[-22, 97]        V={2: 1, 3: 9}
      n=99   m=66   M_2..M_s=[22, 97]         V={2: 1, 3: 7}
      n=99   m=66   M_2..M_s=[22, 97]         V={2: 1, 3: 8}
      n=99   m=66   M_2..M_s=[22, 97]         V={2: 1, 3: 10}
      n=99   m=66   M_2..M_s=[22, 97]         V={2: 5, 3: 7}
      n=99   m=66   M_2..M_s=[55, 97]         V={2: 2, 3: 10}
      n=99   m=66   M_2..M_s=[77, 97]         V={2: 8, 3: 7}
      n=99   m=66   M_2..M_s=[77, 97]         V={2: 8, 3: 8}
      n=100  m=40   M_2..M_s=[-10, 55, 98]    V={2: 1, 3: 6, 4: 3}
      n=100  m=40   M_2..M_s=[30, 55, 98]     V={2: 1, 3: 8, 4: 4}
      n=100  m=40   M_2..M_s=[30, 85, 98]     V={2: 1, 3: 8, 4: 4}
      n=100  m=40   M_2..M_s=[50, 55, 98]     V={2: 1, 3: 8, 4: 4}
      n=100  m=40   M_2..M_s=[50, 55, 98]     V={2: 3, 3: 8, 4: 4}
      n=100  m=40   M_2..M_s=[50, 65, 98]     V={2: 1, 3: 8, 4: 4}
      n=100  m=40   M_2..M_s=[50, 75, 98]     V={2: 1, 3: 8, 4: 4}
      n=100  m=40   M_2..M_s=[50, 85, 98]     V={2: 1, 3: 8, 4: 4}
      n=100  m=40   M_2..M_s=[50, 95, 98]     V={2: 1, 3: 5, 4: 4}
      n=100  m=40   M_2..M_s=[50, 95, 98]     V={2: 1, 3: 8, 4: 4}
      n=100  m=40   M_2..M_s=[50, 98]         V={2: 1, 3: 8}
      n=100  m=40   M_2..M_s=[50, 98]         V={2: 1, 3: 9}
      n=100  m=40   M_2..M_s=[64, 98]         V={2: 2, 3: 3}
      n=100  m=40   M_2..M_s=[65, 98]         V={2: 1, 3: 4}
      n=100  m=40   M_2..M_s=[70, 95, 98]     V={2: 8, 3: 4, 4: 3}
      n=100  m=40   M_2..M_s=[70, 95, 98]     V={2: 8, 3: 4, 4: 4}
      n=100  m=40   M_2..M_s=[88, 98]         V={2: 3, 3: 3}
      n=100  m=60   M_2..M_s=[-50, 35, 98]    V={2: 2, 3: 8, 4: 4}
      n=100  m=60   M_2..M_s=[-50, 35, 98]    V={2: 12, 3: 6, 4: 3}
      n=100  m=60   M_2..M_s=[-30, 35, 98]    V={2: 12, 3: 6, 4: 3}
      n=100  m=60   M_2..M_s=[-10, 35, 98]    V={2: 12, 3: 6, 4: 3}
      n=100  m=60   M_2..M_s=[-10, 55, 98]    V={2: 2, 3: 6, 4: 3}
      n=100  m=60   M_2..M_s=[10, 35, 98]     V={2: 12, 3: 6, 4: 3}
      n=100  m=60   M_2..M_s=[10, 98]         V={2: 1, 3: 9}
      n=100  m=60   M_2..M_s=[30, 35, 98]     V={2: 12, 3: 6, 4: 3}
      n=100  m=60   M_2..M_s=[30, 55, 98]     V={2: 1, 3: 8, 4: 4}
      n=100  m=60   M_2..M_s=[30, 85, 98]     V={2: 2, 3: 8, 4: 4}
      n=100  m=60   M_2..M_s=[30, 98]         V={2: 2, 3: 7}
      n=100  m=60   M_2..M_s=[35, 98]         V={2: 12, 3: 3}
      n=100  m=60   M_2..M_s=[50, 55, 98]     V={2: 1, 3: 8, 4: 4}
      n=100  m=60   M_2..M_s=[50, 98]         V={2: 7, 3: 9}
      n=100  m=60   M_2..M_s=[70, 98]         V={2: 5, 3: 9}
      n=100  m=70   M_2..M_s=[65, 98]         V={2: 8, 3: 4}
      n=100  m=75   M_2..M_s=[35, 98]         V={2: 1, 3: 4}
      n=100  m=75   M_2..M_s=[55, 98]         V={2: 15, 3: 3}
      n=100  m=75   M_2..M_s=[65, 98]         V={2: 1, 3: 4}
      n=100  m=75   M_2..M_s=[85, 98]         V={2: 7, 3: 3}
      n=100  m=80   M_2..M_s=[-70, -45, 98]   V={2: 1, 3: 8, 4: 4}
      n=100  m=80   M_2..M_s=[-70, -25, 98]   V={2: 1, 3: 8, 4: 4}
      n=100  m=80   M_2..M_s=[-70, 5, 98]     V={2: 1, 3: 8, 4: 4}
      n=100  m=80   M_2..M_s=[-70, 55, 98]    V={2: 1, 3: 8, 4: 4}
      n=100  m=80   M_2..M_s=[-70, 65, 98]    V={2: 1, 3: 8, 4: 4}
      n=100  m=80   M_2..M_s=[-50, 35, 98]    V={2: 1, 3: 8, 4: 4}
      n=100  m=80   M_2..M_s=[-30, 5, 98]     V={2: 1, 3: 6, 4: 3}
      n=100  m=80   M_2..M_s=[-30, 25, 98]    V={2: 1, 3: 6, 4: 3}
      n=100  m=80   M_2..M_s=[-30, 75, 98]    V={2: 1, 3: 6, 4: 3}
      n=100  m=80   M_2..M_s=[-10, 55, 98]    V={2: 1, 3: 6, 4: 3}
      n=100  m=80   M_2..M_s=[30, 55, 98]     V={2: 1, 3: 8, 4: 4}
      n=100  m=80   M_2..M_s=[30, 55, 98]     V={2: 5, 3: 8, 4: 4}
      n=100  m=80   M_2..M_s=[30, 85, 98]     V={2: 1, 3: 8, 4: 4}
      n=100  m=80   M_2..M_s=[50, 55, 98]     V={2: 1, 3: 8, 4: 4}
      n=100  m=80   M_2..M_s=[50, 55, 98]     V={2: 3, 3: 8, 4: 4}
      n=100  m=80   M_2..M_s=[50, 65, 98]     V={2: 1, 3: 8, 4: 4}
      n=100  m=80   M_2..M_s=[50, 65, 98]     V={2: 3, 3: 8, 4: 4}
      n=100  m=80   M_2..M_s=[50, 75, 98]     V={2: 1, 3: 8, 4: 4}
      n=100  m=80   M_2..M_s=[50, 75, 98]     V={2: 3, 3: 8, 4: 4}
      n=100  m=80   M_2..M_s=[50, 85, 98]     V={2: 1, 3: 8, 4: 4}
      n=100  m=80   M_2..M_s=[50, 85, 98]     V={2: 3, 3: 8, 4: 4}
      n=100  m=80   M_2..M_s=[50, 85, 98]     V={2: 16, 3: 8, 4: 4}
      n=100  m=80   M_2..M_s=[50, 95, 98]     V={2: 1, 3: 8, 4: 4}
      n=100  m=80   M_2..M_s=[50, 95, 98]     V={2: 3, 3: 8, 4: 4}
      n=100  m=80   M_2..M_s=[50, 98]         V={2: 1, 3: 8}
      n=100  m=80   M_2..M_s=[50, 98]         V={2: 1, 3: 9}
      n=100  m=80   M_2..M_s=[50, 98]         V={2: 3, 3: 8}
      n=100  m=80   M_2..M_s=[64, 98]         V={2: 1, 3: 3}
      n=100  m=80   M_2..M_s=[70, 98]         V={2: 1, 3: 9}
      n=100  m=80   M_2..M_s=[72, 98]         V={2: 1, 3: 3}
      n=100  m=80   M_2..M_s=[85, 98]         V={2: 5, 3: 4}
  [ok]   every p.202 row survives (1)-(13)
   MEASURED: (1)-(13) leaves 658 rows / 63 (n,m) classes at n <= 100; Moh's table has 6 rows / 4 classes.  Excess 652.
   => the printed list (1)-(13) is NOT the whole of Moh's program.

-- CONTROL 5: Moh's own counts at (n,m) = (75,50) --
   (1)-(7): #M_2 = 20 [-45, -40, -35, -30, -20, -15, -10, -5, 5, 10, 15, 20, 30, 35, 40, 45, 55, 60, 65, 70] ;  #V_3 = 2 [3, 4]
   (1)-(13): #M_2 = 5 [5, 10, 40, 55, 60] ;  #V_3 = 1 [4] ; rows [([5, 73], {2: 20, 3: 4}), ([10, 73], {2: 1, 3: 4}), ([40, 73], {2: 1, 3: 4}), ([40, 73], {2: 2, 3: 4}), ([40, 73], {2: 11, 3: 4}), ([55, 73], {2: 2, 3: 4}), ([55, 73], {2: 3, 3: 4}), ([60, 73], {2: 9, 3: 4}), ([60, 73], {2: 20, 3: 4})]
  [ok]   Moh's '25 possible values for M_2' = #multiples of d_3 in [M_1, n-2)
  [ok]   Moh's '2 possible values for V_3' at (75,50)
  [ok]   Moh's 'only one possible value for V_3' after (1)-(13)
   MEASURED: after (1)-(13), M_2 is NOT pinned at (75,50): [5, 10, 40, 55, 60] (Moh: only 55)

-- CONTROL 6: calibration lane's (10)_1 vs Moh's printed (12)/(13) --
   (10)_1   : e*V_2 = 0 or 1 (mod A_1)          [one congruence]
   (12)/(13): (e V_2, d V_2) = (0,1) or (1,0) (mod A_1)  [conjunction]
   242099 V-assignments (48<=D<=100): (12)/(13) holds but (10)_1 fails: 0 ; (10)_1 holds but (12)/(13) fails: 0
   p.188 identity A_1 | (n*+m*)V_2 - 1 fails on 0 of them
  [ok]   (12)/(13) IMPLIES (10)_1
  [ok]   p.188 identity A_1 | (n*+m*)V_2-1 holds census-wide 48<=D<=100
  [ok]   (12)v(13) <=> (10)_1 on the census (equivalent, not weaker)

-- CONTROL 7: reconstructed (10) == Moh's printed (10); (11) is the gap --
   521190 (level, V-assignment) pairs at 48<=D<=100: printed (10) != reconstructed (10) in 0 ; admitted ONLY by the alpha=0 branch (11): 94645
  [ok]   reconstructed (10) is equivalent to printed (10)
  [ok]   branch (11) is non-vacuous (the calibration lane's OPEN[MOH-11] was real)

==============================================================================
ALL CONTROLS PASSED.

== A. (1)-(7) baseline (the campaign's current census) ==
   TOTAL 48<=D<=120: V-assignments 902893, groups 10637

== B. cross-check of the TIME-FUNCTION CALIBRATION lane's numbers ==
   its pipeline: (1)-(7) -> reconstructed (10) at j>=2 with NO branch (11)
   -> (10)_1 [= Moh (12)/(13)].  Claimed 902893 -> 3760 -> 329 V-assignments,
   10637 -> 1012 -> 287 groups.
   reproduced: (10) only  -> V-assignments 3760, groups 1012
   reproduced: (10)+(12)/(13) -> V-assignments 329, groups 287
  [ok]   calibration lane's (10) count 3760/1012 reproduced
  [ok]   calibration lane's (10)+(10)_1 count 329/287 reproduced

== INTEGRATION-#17 RERUN on the (1)-(13) space, 48 <= D <= 120 ==
       D  V-assign    groups  uni N>=6 uni[6,16] mix[6,16]    capped      wall
      48         2         2         0         0         0         0      0.0s
      54         2         2         2         2         2         0      0.0s
      60        18        15        13        13        13         0      0.0s
      63         2         2         1         1         1         0      0.0s
      64        10         9         7         7         7         0      0.0s
      72        55        46        26        26        26         0      0.0s
      75         9         5         3         3         3         0      0.0s
      80        45        40        23        23        23         0      0.0s
      81         2         2         1         1         1         0      0.0s
      84        51        38        21        21        23         0      0.0s
      88         1         1         1         1         1         0      0.0s
      90        91        62        36        36        36         0      0.0s
      96       229       157        86        83        90         0      0.1s
      99         8         7         6         4         4         0      0.0s
     100        67        57        32        32        32         0      0.0s
     102         3         3         3         3         3         0      0.0s
     104         4         3         3         3         3         0      0.0s
     105        15        14         7         3         3         0      0.0s
     108       206       125        87        71        76         0      0.1s
     110         3         3         1         1         1         0      0.0s
     112        76        71        33        29        29         0      0.0s
     114         4         3         3         3         3         0      0.0s
     117         7         7         4         4         4         0      0.0s
     120       782       515       271       219       264         0      0.2s
   ---- totals 48 <= D <= 120 ----
   V-assignments 1692 ; groups 1189
   (UNI) alive with an integer N >= 6            : 670  (killed 519)
   (UNI) alive with an integer N in [6,16]       : 589  (killed 600)
   mixed (no (UNI)) alive in [6,16]              : 648  (killed 541, capped 0)
   degrees D with EVERY group killed             : [48]

== C2. per-degree comparison, (1)-(7) vs (1)-(13) ==
       D          V7     grp7         V13    grp13   uni>=6  uni6-16  mix6-16
      48        1301       50           2        2        0        0        0
      54         514       40           2        2        2        2        2
      60        3623      110          18       15       13       13       13
      63         438       30           2        2        1        1        1
      64        2417       84          10        9        7        7        7
      66         390       25           0        0        0        0        0
      72       15694      316          55       46       26       26       26
      75         682       40           9        5        3        3        3
      78         558       30           0        0        0        0        0
      80       16074      496          45       40       23       23       23
      81         764       40           2        2        1        1        1
      84       10748      207          51       38       21       21       23
      88         550       35           1        1        1        1        1
      90       30107      577          91       62       36       36       36
      96      130186     1113         229      157       86       83       90
      99        1180       50           8        7        6        4        4
     100       26873      732          67       57       32       32       32
     102         984       40           3        3        3        3        3
     104         786       42           4        3        3        3        3
     105        5037      264          15       14        7        3        3
     108       85205      824         206      125       87       71       76
     110        1890      120           3        3        1        1        1
     112       47655     1163          76       71       33       29       29
     114        1242       45           4        3        3        3        3
     117        1686       60           7        7        4        4        4
     120      516309     4104         782      515      271      219      264
   TOTAL    902893    10637        1692     1189      670      589

== D. Moh's six published rows on the rebased pipeline ==
   row                       delta_2  delta_1      q      u achievable N (UNI, N>=6)    
   (64,48)                       1/4     9/16    3/4     12 [9]                         
  [ok]   Moh row passes (1)-(13): (64,48)
   (84,56) M2=64,V2=2            2/7    16/21    2/7     21 []                          
  [ok]   Moh row passes (1)-(13): (84,56) M2=64,V2=2
   (84,56) M2=72,V2=5            1/4     7/12    1/2     21 [10]                        
  [ok]   Moh row passes (1)-(13): (84,56) M2=72,V2=5
   (75,50) V2=3                  1/5      1/2    3/5     20 [9]                         
  [ok]   Moh row passes (1)-(13): (75,50) V2=3
   (75,50) V2=2                  1/5      2/3    2/5     20 [8]                         
  [ok]   Moh row passes (1)-(13): (75,50) V2=2
   (99,66)                       1/3      4/9    2/3     24 [16]                        
  [ok]   Moh row passes (1)-(13): (99,66)

== E. extension to D <= 200 ==

== COUNT ONLY (no knapsack), 121 <= D <= 200, (1)-(13) ==
       D     V-assign     groups       wall
     125            4          4       0.0s
     126          150        106       0.0s
     128          170        129       0.1s
     130            6          6       0.0s
     132           98         70       0.0s
     135           94         58       0.0s
     140          221        190       0.1s
     144         2287       1216       0.3s
     147           23         21       0.0s
     150          445        337       0.1s
     152            6          5       0.0s
     153            8          7       0.0s
     154            3          3       0.0s
     156          117         77       0.0s
     160         1255        882       0.3s
     162          359        216       0.1s
     165           46         36       0.0s
     168         1470       1001       0.3s
     170            3          3       0.0s
     171           10         10       0.0s
     174            7          6       0.0s
     175           35         30       0.0s
     176          160        135       0.1s
     180         4687       2559       0.7s
     182            6          6       0.0s
     184            4          4       0.0s
     186            6          5       0.0s
     189          202        113       0.0s
     190           10         10       0.0s
     192         7276       3589       1.1s
     195           35         32       0.0s
     196          190        166       0.1s
     198          350        204       0.1s
     200         2285       1591       0.5s
   TOTAL 121 <= D <= 200 : V-assignments 22028, groups 12827
   D<=200 TOTAL: V-assignments 23720, groups 14016

== INTEGRATION-#17 RERUN on the (1)-(13) space, 121 <= D <= 200 ==
       D  V-assign    groups  uni N>=6 uni[6,16] mix[6,16]    capped      wall
     125         4         4         4         3         3         0      0.0s
     126       150       106        85        66        68         0      0.0s
     128       170       129        66        59        59         0      0.1s
     130         6         6         4         4         4         0      0.0s
     132        98        70        53        39        39         0      0.0s
     135        94        58        46        38        42         0      0.1s
     140       221       190        95        73        75         0      0.1s
     144      2287      1216       938       661       752         0      0.9s
     147        23        21        14        11        11         0      0.0s
     150       445       337       180       132       145         0      0.2s
     152         6         5         5         3         3         0      0.0s
     153         8         7         7         4         4         0      0.0s
     154         3         3         2         2         2         0      0.0s
     156       117        77        62        53        54         0      0.1s
     160      1255       882       406       322       337         0      0.5s
     162       359       216       179       114       120         0      1.3s
     165        46        36        33        25        25         0      0.0s
     168      1470      1001       598       390       418         0      1.0s
     170         3         3         2         2         2         0      0.0s
     171        10        10         8         7         7         0      0.0s
     174         7         6         5         4         4         0      0.0s
     175        35        30        22        19        19         0      0.0s
     176       160       135        74        51        54         0      0.1s
     180      4687      2559      1752      1450      1568         0      6.6s
     182         6         6         4         4         4         0      0.0s
     184         4         4         3         2         2         0      0.0s
     186         6         5         4         4         4         0      0.0s
     189       202       113        88        57        75         0      0.9s
     190        10        10         8         6         6         0      0.0s
     192      7276      3589      2453      1936      2027         1      7.4s
     195        35        32        24        14        14         0      0.0s
     196       190       166        77        54        55         0      0.1s
     198       350       204       159       102       108         0      0.4s
     200      2285      1591       701       499       541         0      1.0s
   ---- totals 121 <= D <= 200 ----
   V-assignments 22028 ; groups 12827
   (UNI) alive with an integer N >= 6            : 8161  (killed 4666)
   (UNI) alive with an integer N in [6,16]       : 6210  (killed 6617)
   mixed (no (UNI)) alive in [6,16]              : 6651  (killed 6176, capped 1)
   degrees D with EVERY group killed             : NONE
   degrees 121..200 emptied by the knapsack: NONE

   full survivor listing written to /Users/dc/code/math/jc2/box/censusrebase-drivers-20260902/survivors-D48-120.txt

==============================================================================
ALL CONTROLS PASSED.  total wall 127.6 s
