(99,66) branch B: delta=2 [2,1], finals (3,4) N=16 r_prop=8 r_np=27 sum_np(e_P-1)=36 sumS=146 g(fRH)=7 g(xRH)=7 g(adj)=7 consistent=True g>=1=True IM=16 Im=6 escape>=4
    (0, 0, 0)    roots= 24 e= 9 S_g=7/9   places=8/3 proper     e_P=2 int=True
    (0, 1, 0)    roots= 24 e= 9 S_g=7/9   places=8/3 proper     e_P=2 int=True
    (0, 2, 0)    roots= 24 e= 9 S_g=7/9   places=8/3 proper     e_P=2 int=True
    (1, 0, 0)    roots= 18 e= 1 S_g=3     places=18  non-proper e_P=2 int=True
    (1, 1, 0)    roots=  9 e= 1 S_g=4     places=9   non-proper e_P=3 int=True
(99,66) delta=5/2 [1,1,1], finals (3,3,3)     N=16 r_prop=8 r_np=18 sum_np(e_P-1)=36 sumS=137 g(fRH)=7 g(xRH)=7 g(adj)=7 consistent=True g>=1=True IM=16 Im=7 escape>=4
    (0, 0, 0)    roots= 24 e= 9 S_g=7/9   places=8/3 proper     e_P=2 int=True
    (0, 1, 0)    roots= 24 e= 9 S_g=7/9   places=8/3 proper     e_P=2 int=True
    (0, 2, 0)    roots= 24 e= 9 S_g=7/9   places=8/3 proper     e_P=2 int=True
    (1, 0, 0)    roots=  9 e= 1 S_g=3     places=9   non-proper e_P=2 int=True
    (1, 1, 0)    roots=  9 e= 2 S_g=3     places=9/2 non-proper e_P=4 int=True
    (1, 2, 0)    roots=  9 e= 2 S_g=3     places=9/2 non-proper e_P=4 int=True
(64,48) Moh row: u_s=1, principal final 3     N=9 r_prop=3 r_np=16 sum_np(e_P-1)=16 sumS=87 g(fRH)=3 g(xRH)=3 g(adj)=3 consistent=True g>=1=True IM=9 Im=3 escape>=4
    (0, 0, 0)    roots= 12 e=16 S_g=13/16 places=3/4 proper     e_P=3 int=True
    (0, 1, 0)    roots= 12 e=16 S_g=13/16 places=3/4 proper     e_P=3 int=True
    (0, 2, 0)    roots= 12 e=16 S_g=13/16 places=3/4 proper     e_P=3 int=True
    (0, 3, 0)    roots= 12 e=16 S_g=13/16 places=3/4 proper     e_P=3 int=True
    (1, 0)       roots= 16 e= 1 S_g=3     places=16  non-proper e_P=2 int=True
(99,66) delta=2 [1,1,1] (DEAD control)        N=16 r_prop=8 r_np=27 sum_np(e_P-1)=54 sumS=164 g(fRH)=16 g(xRH)=16 g(adj)=16 consistent=True g>=1=True IM=None Im=None escape>=None
    (0, 0, 0)    roots= 24 e= 9 S_g=7/9   places=8/3 proper     e_P=2 int=True
    (0, 1, 0)    roots= 24 e= 9 S_g=7/9   places=8/3 proper     e_P=2 int=True
    (0, 2, 0)    roots= 24 e= 9 S_g=7/9   places=8/3 proper     e_P=2 int=True
    (1, 0, 0)    roots=  9 e= 1 S_g=4     places=9   non-proper e_P=3 int=True
    (1, 1, 0)    roots=  9 e= 1 S_g=4     places=9   non-proper e_P=3 int=True
    (1, 2, 0)    roots=  9 e= 1 S_g=4     places=9   non-proper e_P=3 int=True
automorphism (x + y^2, y + (x + y^2)^2) expected {'S_g': '3/4', 'ord_gy': '-3/4', 'ord_f': '-1/4', 'e_P': '4*(1/4)=1'}
    {'contacts': [0.25, -0.5, -0.5], 'S_g': 0.75, 'ord_gy': -0.75, 'ord_f': -0.25, 'S_minus_1': -0.25}
    {'contacts': [0.25, -0.5, -0.5], 'S_g': 0.75, 'ord_gy': -0.75, 'ord_f': -0.25, 'S_minus_1': -0.25}
    {'contacts': [0.25, -0.5, -0.5], 'S_g': 0.75, 'ord_gy': -0.75, 'ord_f': -0.25, 'S_minus_1': -0.25}
    {'contacts': [0.25, -0.5, -0.5], 'S_g': 0.75, 'ord_gy': -0.75, 'ord_f': -0.25, 'S_minus_1': -0.25}
non-Keller control (y, y^3 + x y + 1)
    {'contacts': [-0.5, -0.5], 'S_g': 1.0, 'ord_gy': -1.0, 'ord_f': 1.0, 'ord_J': 1.0, 'predicted_ord_f': 1.0}
    {'contacts': [-0.5, -0.5], 'S_g': 1.0, 'ord_gy': -1.0, 'ord_f': -0.5, 'ord_J': -0.5, 'predicted_ord_f': -0.5}
    {'contacts': [-0.5, -0.5], 'S_g': 1.0, 'ord_gy': -1.0, 'ord_f': -0.5, 'ord_J': -0.5, 'predicted_ord_f': -0.5}
