Initial seed for pseudo-random number generator is 0

--------------- INPUT DATA ---------------
#variables                       9
#equations                       9
#invalid equations               0
field characteristic             0
homogeneous input?               0
signature-based computation      0
monomial order                 DRL
basis hash table resetting     OFF
linear algebra option            2
initial hash table size     131072 (2^17)
max pair selection             ALL
reduce gb                        1
#threads                        32
info level                       2
generate pbm files               0
------------------------------------------
Initial prime = 1266886877

Legend for f4 information
--------------------------------------------------------
deg       current degree of pairs selected in this round
sel       number of pairs selected in this round
pairs     total number of pairs in pair list
mat       matrix dimensions (# rows x # columns)
density   density of the matrix
new data  # new elements for basis in this round
          # zero reductions during linear algebra
time(rd)  time of the current f4 round in seconds given
          for real and cpu time
--------------------------------------------------------

deg     sel   pairs        mat          density            new data         time(rd) in sec (real|cpu)
------------------------------------------------------------------------------------------------------
  5       2       9       7 x 34         20.17%        2 new       0 zero         0.00 | 0.03         
  5       1      11       8 x 16         25.00%        0 new       1 zero         0.00 | 0.00         
  6       7      10      34 x 171         5.30%        7 new       0 zero         0.00 | 0.03         
  6      17      22      94 x 432         2.50%       13 new       4 zero         0.00 | 0.08         
  6       6      44      49 x 208         5.24%        4 new       2 zero         0.00 | 0.00         
  6       5      45      56 x 319         4.67%        4 new       1 zero         0.00 | 0.03         
  7      52      53     520 x 1635        1.03%       28 new      24 zero         0.00 | 0.06         
  6      13      96      98 x 679         4.08%       13 new       0 zero         0.00 | 0.03         
  6      18     128     158 x 801         3.28%       15 new       3 zero         0.00 | 0.03         
  7     164     170    1097 x 2950        1.09%       76 new      88 zero         0.01 | 0.22         
  7     244     337    1435 x 4019        1.29%      141 new     103 zero         0.02 | 0.51         
  7     189     804    1317 x 3926        1.77%      132 new      59 zero         0.02 | 0.69         
  7      45    1388     950 x 3096        2.67%       35 new      10 zero         0.01 | 0.29         
  8    1558    1559    6892 x 11542       0.79%      442 new    1116 zero         0.15 | 3.86         
  6       9    2816     154 x 1083        6.38%        9 new       0 zero         0.00 | 0.16         
  6       9    2848     153 x 963         5.45%        8 new       1 zero         0.00 | 0.10         
  7     155    2885    1892 x 5161        1.53%       75 new      81 zero         0.03 | 0.85         
  7     315    2734    2244 x 5636        1.71%      171 new     144 zero         0.07 | 1.97         
  7     262    3082    2248 x 5361        1.93%      161 new     103 zero         0.08 | 2.19         
  6     173    3706     713 x 2093        1.78%      163 new      10 zero         0.07 | 2.14         
  6     426    3981    1351 x 2876        1.88%      370 new      57 zero         0.18 | 5.61         
  6     726    3929    2085 x 3289        1.85%      409 new     318 zero         0.24 | 7.62         
  6     572    5435    2544 x 3885        1.58%      366 new     211 zero         0.26 | 8.28         
  6     754    6938    3097 x 4046        1.56%      348 new     412 zero         0.30 | 9.25         
  6     827    8368    3619 x 4211        1.46%      213 new     629 zero         0.20 | 6.31         
  6     560    8781    3428 x 4102        1.43%       42 new     526 zero         0.06 | 1.59         
  6     180    8379    2739 x 3764        1.52%       18 new     166 zero         0.03 | 0.74         
  6      81    8259    2390 x 3506        1.65%        9 new      72 zero         0.02 | 0.47         
  6      27    8233    2058 x 3090        1.87%        3 new      24 zero         0.01 | 0.24         
  7    8097    8230   15879 x 8931        0.81%        0 new    8136 zero         0.20 | 5.30         
  8     133     133    6460 x 7111        0.88%        0 new     133 zero         0.03 | 0.36         
------------------------------------------------------------------------------------------------------
reduce final basis     1437 x 2625        2.45%     1246 new       0 zero         0.01 | 0.14         
------------------------------------------------------------------------------------------------------

---------------- TIMINGS ----------------
overall(elapsed)        2.01 sec
overall(cpu)           59.35 sec
select                  0.08 sec   4.0%
symbolic prep.          0.11 sec   5.7%
update                  1.48 sec  73.7%
convert                 0.02 sec   1.0%
linear algebra          0.30 sec  15.0%
reduce gb               0.00 sec   0.0%
-----------------------------------------

---------- COMPUTATIONAL DATA -----------
size of basis                  1246
#terms in basis               80887
#pairs reduced                15627
#GM criterion               5381628
#redundant elements            2040
#rows reduced                 32668
#zero reductions              12434
max. matrix data              15879 x 8931 (0.807%)
max. symbolic hash table size  2^14
max. basis hash table size     2^19
-----------------------------------------


---------- COMPUTATIONAL DATA -----------
[1][2][576][667]
#polynomials to lift           1246
-----------------------------------------
New prime = 1230182279

---------------- TIMINGS ----------------
multi-mod overall(elapsed)      0.12 sec
learning phase                  0.00 Gops/sec
application phase               0.00 Gops/sec
-----------------------------------------

multi-modular steps
------------------------------------------------------------------------------------------------------
{1}{2}<0.32%>{4}<0.72%>{8}<0.80%><0.88%>{16}{32}<1.28%><1.52%><1.93%><2.25%><2.49%>{64}<2.81%><3.85%><4.57%><4.74%><4.90%><4.98%><5.22%><5.30%><5.86%><6.10%><6.18%><6.42%><6.82%><6.98%><7.22%><7.30%><7.38%><7.54%><7.95%><8.03%><8.67%><8.83%><8.91%><9.71%><9.79%><10.35%><10.43%><10.59%><12.60%><12.92%><13.16%><13.32%><14.45%><16.77%><16.93%><45.67%><100.00%> 
------------------------------------------------------------------------------------------------------


---------- COMPUTATIONAL DATA -----------
Max coeff. bitsize             1368
#primes                         126
#bad primes                       0
-----------------------------------------

---------------- TIMINGS ----------------
CRT     (elapsed)               0.39 sec
ratrecon(elapsed)               5.47 sec
-----------------------------------------


------------------------------------------------------------------------------------
msolve overall time          23.60 sec (elapsed) / 485.62 sec (cpu)
------------------------------------------------------------------------------------
