component=p3
q_beta=t+beta*t^2+t^25
direct_qprime_retained=true
source_p_boundary=t^15_fixed
source_dead_stretch=0_fixed
source_F1_orbit=frozen
source_pole_scale_and_data=frozen
weighted_scaling_used=false
scope=function_field_of_exact_printed_component
p3_transport rows=0;pivots=1;events=0;chart_degree=0
p3_transport rows=250;pivots=251;events=0;chart_degree=0
p3_transport rows=1500;pivots=684;events=0;chart_degree=0
p3_transport rows=1750;pivots=934;events=0;chart_degree=0
p3_transport rows=2000;pivots=1184;events=0;chart_degree=0
p3_transport rows=2250;pivots=1434;events=0;chart_degree=0
p3_transport rows=4750;pivots=1716;events=0;chart_degree=0
p3_transport rows=5000;pivots=1966;events=1;chart_degree=6
p3_transport rows=5250;pivots=2215;events=1;chart_degree=6
p3_transport rows=5500;pivots=2465;events=2;chart_degree=6
p3_transport rows=5750;pivots=2715;events=2;chart_degree=6
p3_transport rows=6000;pivots=2965;events=2;chart_degree=6
p3_transport rows=6250;pivots=3215;events=2;chart_degree=6
p3_transport rows=6500;pivots=3465;events=2;chart_degree=6
transport_rank=3470/3602
transport_event_count=2
transport_chart_summary=(6, 1, 'b9489dcce00449268ba05baa1026065c217cf2ef8deb7948c8aae19dc5bff420')
transport_beta_original_row_propagation=true
transport_x_and_pole_sections_exact=true
first_rank=38/132
first_dependent_count=0
first_pivot_digest=70edd473cc58fb01ab2b2a3b3aed4dc29db71ce370d401fbaf21efab6676aba1
first_original_row_replay=true
first_affine_parameterization_replay=true
previous_pole_rank=38/94
previous_pole_dependent_count=1
previous_pole_pivot_digest=83e2706b16cd07064cd2edca63b947ba1f0c0cc080e77a7b3a442f50564699d6
previous_pole_original_row_replay=true
previous_pole_affine_parameterization_replay=true
current_rank=25/56
current_dependent_count=11
current_pivot_digest=ddef0b32d195a2a3e1d2e832be1cd26d6365cc7201d15587cf4d491ad55e8501
current_original_row_replay=true
current_compatibility_count=11
N13_record_count=1
compatibility[0]_key=('X0', 0)
compatibility[0]_degree=0
compatibility[0]_sha256=2df775ef685ad4d88c69c4889a881e4c360654635c3a0b279e270b5042c42815
compatibility[0]_left_null_sha256=2f4e45331c8fef23bd33f4876cf8356d8d0b3d5f9fa66ba3d3459cc049729380
compatibility[1]_key=('X0', 4)
compatibility[1]_degree=4
compatibility[1]_sha256=bb8588cb3090a6b9abd09c8b871661e0ed5d668ebfc6853bc4ad97472368f2fe
compatibility[1]_left_null_sha256=38734326fb0b491b1e98f9cfbdd61d66dad026143a522528639319b1b88f0019
compatibility[2]_key=('X0', 5)
compatibility[2]_degree=4
compatibility[2]_sha256=c0581ff5a00e76796c51e1afbb10b5e46b76a249f3527f52b343745a3e5c13e3
compatibility[2]_left_null_sha256=c63b7e38c03fbe7426d4bd27e982db9def13d50701addca8b8903833cb9b0303
compatibility[3]_key=('X0', 6)
compatibility[3]_degree=4
compatibility[3]_sha256=c0cabdd4263558113c3d6b69f1b4d1246938ca6503cc9f2d0ea63009e926ab3c
compatibility[3]_left_null_sha256=ba25e3eca8d0f170163a6ac9c268ca3865465945c40c139d09965a19e4f36dd5
compatibility[4]_key=('X0', 7)
compatibility[4]_degree=4
compatibility[4]_sha256=719d3014c332d1dde2838da3d7fda91cb381ac68298c38c9486831927c7c8f94
compatibility[4]_left_null_sha256=80d42d64c6eca05d09b6c58989e226855acb0427bd0514354d33fdcac3239cab
compatibility[5]_key=('X0', 8)
compatibility[5]_degree=4
compatibility[5]_sha256=55fcda958edc7e2c2851b3902bf872fbd3d785262211efd42f4b1d704fea57ff
compatibility[5]_left_null_sha256=00735229925134ca26d562d44b3c3fe09e15363dadaac9e28f355c2d4535611d
compatibility[6]_key=('X0', 9)
compatibility[6]_degree=4
compatibility[6]_sha256=959e03430fc4ce7f339f5bfe81cc49009320e6aa6dd81787cd610f54f81b28c8
compatibility[6]_left_null_sha256=1f88135d5c006ccefad0c2642864d17dedb83d38b3478ec7321ed8acf437edc4
compatibility[7]_key=('X0', 10)
compatibility[7]_degree=4
compatibility[7]_sha256=6626c336b90145b5f6790ff4a19d6bc283c4c83fbb754c92a04166bcbdbf387b
compatibility[7]_left_null_sha256=964c852a3b34f6132f48dbcbecfbcbc20420b1b2ea211e1924987b0a368c8bf4
compatibility[8]_key=('X0', 11)
compatibility[8]_degree=4
compatibility[8]_sha256=d7726f86e1f91b779797932876b0f7d9e27cbf6b72936cc2646bc28bb8314fc2
compatibility[8]_left_null_sha256=fde21b7cf8f1c3b637f5110ccded6a697ca99c3af8e3640455986ec7843fc09a
compatibility[9]_key=('X0', 12)
compatibility[9]_degree=4
compatibility[9]_sha256=c19d1ebd2bc83a2dbd382f459af67d160366640d1d9aa8b3513e2e3125058cd9
compatibility[9]_left_null_sha256=9a83c0a224e763bd6e6122527bc1ae37c80903ad0de4ca19e85d371fae8322e5
compatibility[10]_key=('X0', 13)
compatibility[10]_degree=1
compatibility[10]_sha256=3ec7708f32ee5817a81c6ad8f29a1c1030d8f558b29c9f0342e7029e3653eda9
compatibility[10]_left_null_sha256=9d7a330af2b61b3408af4a5d4d27abd8091452593ec3648780d3d4edab54a7a9
current_compatibility_original_row_replay=true
N13_equals_k_beta_over_25=true
N13_sha256=3ec7708f32ee5817a81c6ad8f29a1c1030d8f558b29c9f0342e7029e3653eda9
N13_left_null_sha256=9d7a330af2b61b3408af4a5d4d27abd8091452593ec3648780d3d4edab54a7a9
stage_denominator_summary=(7, 1, '22bc4fe5de518e290d96a75f2e3a88219914b5780c566840a97fffd1d9ab825c')
stage_denominator_factor=(1, [(x, 7)])
certificate_chart_summary=(13, 1, 'c5f32376ea0d97ef45c08588814656cc6387906a9da1cc8cf122a7ac42b15d57')
certificate_chart_factor=(1, [(x, 13)])
only_parameter_zero_exception=true
every_denominator_norm_factor_still_charged=true
fixed_beta_curve_P12_dependency_separate=true
component_all_beta_killed=false
fixed_A3_all_beta_killed=false
whole_TD6_killed=false
SP2_killed=false
JC2_resolved=false
TD6-A3-Q2-N13-CURVE PASS
