	Command being timed: "Singular -q /home/ubuntu/jc2/box/k16t56-20260903/t5_heuristic_exact_At_nfmodStd.sing"
	User time (seconds): 96.27
	System time (seconds): 0.77
	Percent of CPU this job got: 96%
	Elapsed (wall clock) time (h:mm:ss or m:ss): 1:40.91
	Average shared text size (kbytes): 0
	Average unshared data size (kbytes): 0
	Average stack size (kbytes): 0
	Average total size (kbytes): 0
	Maximum resident set size (kbytes): 140744
	Average resident set size (kbytes): 0
	Major (requiring I/O) page faults: 0
	Minor (reclaiming a frame) page faults: 258344
	Voluntary context switches: 188
	Involuntary context switches: 6532
	Swaps: 0
	File system inputs: 0
	File system outputs: 16
	Socket messages sent: 0
	Socket messages received: 0
	Signals delivered: 0
	Page size (bytes): 4096
	Exit status: 0
