Traceback (most recent call last):
  File "/home/ubuntu/jobs/as_b9_d12_quadratic_3p11_20260825T1715Z_v3_box02/source/cases/as_b9_max12_full_fibre_quadratic_3p11_20260825/compile_quadratic_3p11.py", line 392, in <module>
    witness = full_replay(active, inactive, "zero_or_weight_one")
              ^^^^^^^^^^^^^^^^^^^^^^^^^^^^^^^^^^^^^^^^^^^^^^^^^^^
  File "/home/ubuntu/jobs/as_b9_d12_quadratic_3p11_20260825T1715Z_v3_box02/source/cases/as_b9_max12_full_fibre_quadratic_3p11_20260825/compile_quadratic_3p11.py", line 357, in full_replay
    assert partial_y_degree_pair == (9, 12)
           ^^^^^^^^^^^^^^^^^^^^^^^^^^^^^^^^
AssertionError
Command exited with non-zero status 1
	Command being timed: "timeout 7200 env JC2_ROOT=/home/ubuntu/jobs/as_b9_d12_quadratic_3p11_20260825T1715Z_v3_box02/source OUTPUT_JSON=/home/ubuntu/jobs/as_b9_d12_quadratic_3p11_20260825T1715Z_v3_box02/result.json PARENT_REPLAY_JSON=/home/ubuntu/jobs/as_b9_d12_quadratic_3p11_20260825T1715Z_v3_box02/parent_linear_window_replay.json ANF_OUTPUT=/home/ubuntu/jobs/as_b9_d12_quadratic_3p11_20260825T1715Z_v3_box02/obstruction.anf.json SMT2_OUTPUT=/home/ubuntu/jobs/as_b9_d12_quadratic_3p11_20260825T1715Z_v3_box02/obstruction.smt2 python3 /home/ubuntu/jobs/as_b9_d12_quadratic_3p11_20260825T1715Z_v3_box02/source/cases/as_b9_max12_full_fibre_quadratic_3p11_20260825/compile_quadratic_3p11.py"
	User time (seconds): 16.51
	System time (seconds): 0.02
	Percent of CPU this job got: 99%
	Elapsed (wall clock) time (h:mm:ss or m:ss): 0:16.54
	Average shared text size (kbytes): 0
	Average unshared data size (kbytes): 0
	Average stack size (kbytes): 0
	Average total size (kbytes): 0
	Maximum resident set size (kbytes): 38856
	Average resident set size (kbytes): 0
	Major (requiring I/O) page faults: 0
	Minor (reclaiming a frame) page faults: 7390
	Voluntary context switches: 3
	Involuntary context switches: 14
	Swaps: 0
	File system inputs: 0
	File system outputs: 32
	Socket messages sent: 0
	Socket messages received: 0
	Signals delivered: 0
	Page size (bytes): 4096
	Exit status: 1
