
Legend for f4 information
--------------------------------------------------------
deg       current degree of pairs selected in this round
sel       number of pairs selected in this round
pairs     total number of pairs in pair list
mat       matrix dimensions (# rows x # columns)
density   density of the matrix
new data  # new elements for basis in this round
          # zero reductions during linear algebra
time(rd)  time of the current f4 round in seconds given
          for real and cpu time
--------------------------------------------------------

deg     sel   pairs        mat          density            new data         time(rd) in sec (real|cpu)
------------------------------------------------------------------------------------------------------
  2       5     237      16 x 24         10.42%        5 new       0 zero         0.00 | 0.02         
  3      18     237      72 x 118         2.41%       15 new       3 zero         0.00 | 0.04         
  3      43     313     133 x 170         1.49%       17 new      26 zero         0.00 | 0.06         
  3      78     437     205 x 194         1.29%       13 new      65 zero         0.00 | 0.04         
  3      15     499      49 x 66          3.96%        3 new      12 zero         0.00 | 0.02         
  4     197     515    1179 x 1898        0.21%       47 new     150 zero         0.01 | 0.28         
  3      27     711     190 x 366         1.09%       22 new       5 zero         0.01 | 0.12         
  3      72     871     219 x 254         1.09%       18 new      54 zero         0.01 | 0.10         
  4     486     984    3136 x 4467        0.11%       96 new     390 zero         0.05 | 0.77         
  4     451    1659    3308 x 5032        0.13%       81 new     370 zero         0.06 | 0.94         
  4     139    2386    2295 x 4140        0.22%       30 new     109 zero         0.03 | 0.45         
  5    1000    2747   14892 x 22394       0.04%      152 new     848 zero         0.18 | 2.12         
  5    1000    4283   24918 x 38654       0.04%       93 new     907 zero         0.25 | 1.93         
  3      21    4839     119 x 195         1.91%       11 new      10 zero         0.01 | 0.26         
  3      63    4643     178 x 184         1.60%       11 new      52 zero         0.01 | 0.24         
  4     264    4504    1715 x 2630        0.29%       58 new     206 zero         0.06 | 1.13         
  4     175    4569    2536 x 4407        0.28%       29 new     146 zero         0.05 | 0.66         
  5    1000    4609   20369 x 30004       0.05%      110 new     891 zero         0.25 | 2.62         
  5    1000    5553   38249 x 58624       0.03%      106 new     894 zero         0.44 | 3.22         
  4      19    6553     481 x 1131        0.87%       17 new       2 zero         0.03 | 0.59         
  3      14    6582      77 x 96          3.38%        4 new      10 zero         0.01 | 0.18         
  4     212    6619    3726 x 6234        0.18%       59 new     153 zero         0.13 | 1.95         
  4     125    6226    2191 x 3656        0.37%       30 new      95 zero         0.06 | 1.00         
  5    1000    6337   19836 x 29336       0.05%      173 new     827 zero         0.44 | 6.10         
  5    1000    8120   36795 x 55370       0.03%      159 new     841 zero         0.64 | 6.77         
  4      19    8816    1705 x 4712        0.51%        8 new      11 zero         0.05 | 0.47         
  5    1000    8747   48907 x 79714       0.03%      247 new     753 zero         1.15 | 12.22        
  4      38   11352    1547 x 4028        0.46%       38 new       0 zero         0.13 | 2.20         
  4     247   10356    5227 x 10015       0.16%      120 new     127 zero         0.39 | 6.80         
  4     185    9295    2831 x 5082        0.36%       54 new     131 zero         0.19 | 3.15         
  5    1000    9927   14718 x 24804       0.09%      265 new     735 zero         1.02 | 17.21        
  5    1000   13324   22617 x 37410       0.06%      208 new     792 zero         1.07 | 15.72        
  5    1000   16145   30992 x 47541       0.06%      170 new     830 zero         1.15 | 15.05        
  5    1000   18485   34416 x 56976       0.06%      172 new     828 zero         1.46 | 16.44        
  5    1000   20798   50356 x 83144       0.04%      225 new     775 zero         2.33 | 23.91        
  5    1000   24225   57948 x 96552       0.04%      202 new     798 zero         2.75 | 24.40        
  5    1000   27317   58190 x 101240      0.05%      175 new     825 zero         2.89 | 21.40        
  5     704   29830   59147 x 113111      0.05%      131 new     573 zero         2.93 | 17.04        
  5      44   31543   17057 x 38281       0.16%       15 new      29 zero         0.69 | 2.22         
  5      49   31769   16288 x 42024       0.19%       24 new      25 zero         0.89 | 3.14         
  6    1000   32261   65006 x 123040      0.05%      123 new     878 zero         2.91 | 13.77        
  6    1000   33857   57493 x 89198       0.05%       99 new     901 zero         2.05 | 10.85        
  6    1000   34831   68548 x 113487      0.05%      109 new     893 zero         2.75 | 12.61        
  6    1000   35943   84873 x 138345      0.04%      111 new     889 zero         3.27 | 13.30        
  6    1000   37138   97412 x 153792      0.04%       94 new     909 zero         3.51 | 13.28        
  6    1000   38112  124330 x 189593      0.03%      123 new     878 zero         4.50 | 18.20        
  6    1000   39673  112816 x 183872      0.04%      148 new     857 zero         5.28 | 21.51        
  6    1001   41686  132390 x 220130      0.03%      173 new     828 zero         6.20 | 22.20        
  6    1000   44277  149331 x 243968      0.03%      115 new     887 zero         6.15 | 16.98        
  6    1000   45753  144753 x 259679      0.03%      149 new     851 zero         8.01 | 23.55        
  6    1000   47892  171434 x 296900      0.03%      167 new     847 zero         9.10 | 24.77        
  6    1000   50285  167170 x 313366      0.03%      180 new     821 zero        10.62 | 30.55        
  6    1000   53129  170590 x 293061      0.03%       66 new     934 zero         8.19 | 15.16        
  6    1000   53555  195974 x 342764      0.03%      171 new     830 zero        10.97 | 27.33        
  6    1000   56108  196090 x 337454      0.03%      150 new     851 zero        11.72 | 27.93        
  6    1000   58195  200058 x 327032      0.03%       65 new     935 zero         9.53 | 16.70        
  6    1000   58674  234422 x 388321      0.02%      124 new     876 zero        11.98 | 24.21        
  6    1000   60356  260917 x 429923      0.02%      141 new     860 zero        13.58 | 27.52        
  6    1000   62340  228956 x 376602      0.03%      108 new     893 zero        12.64 | 24.95        
  6    1000   63715  242627 x 395227      0.02%      114 new     892 zero        13.18 | 24.92        
  6    1000   64947  270757 x 432201      0.02%       66 new     934 zero        13.12 | 20.30        
  6    1000   65321  314400 x 497507      0.02%       70 new     930 zero        15.31 | 23.11        
  6    1000   65876  296572 x 484701      0.02%       86 new     914 zero        15.36 | 24.91        
  6    1000   66612  284670 x 448531      0.02%      126 new     875 zero        15.66 | 29.45        
  6    1001   68170  260825 x 409679      0.03%      152 new     849 zero        15.85 | 32.09        
  6    1000   70341  319081 x 524420      0.02%      152 new     848 zero        19.78 | 36.46        
  6    1000   72501  288752 x 497553      0.03%      256 new     744 zero        22.80 | 49.76        
  6    1000   77019  305633 x 514975      0.03%      210 new     792 zero        23.80 | 47.41        
  6    1000   80453  309721 x 583857      0.03%      210 new     790 zero        28.47 | 50.73        
  6    1000   84032  324636 x 585331      0.03%      155 new     845 zero        27.72 | 45.26        
  6    1000   86399  334738 x 564796      0.02%       99 new     901 zero        25.10 | 38.22        
  6    1000   87475  383171 x 643703      0.02%      125 new     875 zero        28.78 | 44.39        
  6    1000   89071  423753 x 657057      0.02%       83 new     917 zero        27.93 | 39.76        
  6    1000   89921  415938 x 661981      0.02%       91 new     910 zero        28.81 | 40.96        
  6    1000   91057  382521 x 625745      0.02%       90 new     912 zero        28.92 | 41.50        
  6    1000   92046  461607 x 767517      0.02%      151 new     849 zero        35.74 | 52.70        
  6    1001   94342  508396 x 818780      0.02%       97 new     904 zero        36.01 | 49.35        
  4      39   95208    1296 x 2978        0.55%       29 new      10 zero         1.17 | 4.46         
  4     244   93542    3659 x 6552        0.29%      108 new     136 zero         3.80 | 15.06        
  4     523   89397    4712 x 7882        0.28%      136 new     387 zero         4.30 | 17.69        
  4      49   84513     480 x 737         0.90%        9 new      40 zero         0.36 | 1.40         
  5    1000   84587    8411 x 12148       0.19%      175 new     827 zero         5.31 | 22.21        
  5    1000   82146   14254 x 20433       0.14%      137 new     865 zero         4.06 | 17.12        
  5    1000   81733   25347 x 43291       0.09%      209 new     793 zero         6.70 | 26.14        
  5    1000   76888   31234 x 49513       0.09%      179 new     821 zero         5.86 | 22.57        
  5    1000   74116   36380 x 56698       0.09%      138 new     862 zero         5.14 | 18.38        
  5    1000   72415   50026 x 82150       0.07%      156 new     844 zero         6.76 | 22.32        
  5    1000   70148   58575 x 96497       0.07%      167 new     833 zero         7.67 | 23.71        
  5    1000   69221   53257 x 90922       0.09%      167 new     833 zero         7.99 | 24.40        
  5     426   70638   52978 x 94971       0.11%       74 new     352 zero         5.56 | 13.08        
  6    1000   71399   48867 x 83851       0.09%      141 new     859 zero         7.05 | 21.09        
  6    1000   73667   61729 x 102376      0.08%      152 new     848 zero         7.62 | 21.85        
  6    1000   75991   65127 x 111707      0.09%      161 new     839 zero         8.83 | 23.63        
  6    1000   78631   77888 x 121536      0.07%       54 new     946 zero         5.53 | 10.86        
  6    1000   78729   97354 x 155803      0.05%       57 new     944 zero         6.88 | 12.60        
  6    1000   78896  112481 x 169781      0.05%       76 new     925 zero         7.94 | 15.71        
  6    1000   79536  153272 x 240080      0.03%      114 new     886 zero        11.70 | 23.37        
  6    1001   80873  156939 x 262004      0.04%      127 new     874 zero        13.91 | 26.97        
  6    1000   82673  127100 x 200749      0.05%      163 new     837 zero        12.68 | 28.13        
  6    1000   85177  145306 x 223553      0.05%       92 new     908 zero        11.58 | 20.94        
  6    1001   86275  170188 x 280699      0.04%      148 new     853 zero        16.70 | 31.16        
  6    1000   88379  194259 x 333435      0.04%      307 new     693 zero        25.60 | 54.99        
  6    1001   94625  179450 x 285831      0.04%      138 new     863 zero        17.57 | 31.36        
  6    1000   96975  192492 x 316745      0.04%      117 new     883 zero        18.85 | 30.30        
  6    1000   98629  227780 x 365132      0.04%      104 new     898 zero        19.91 | 30.47        
  6    1000  100046  229011 x 393245      0.04%      121 new     880 zero        23.44 | 36.18        
  6    1000  101866  227247 x 369265      0.04%       86 new     914 zero        24.68 | 38.40        
  6    1000  102863