
Legend for f4 information
--------------------------------------------------------
deg       current degree of pairs selected in this round
sel       number of pairs selected in this round
pairs     total number of pairs in pair list
mat       matrix dimensions (# rows x # columns)
density   density of the matrix
new data  # new elements for basis in this round
          # zero reductions during linear algebra
time(rd)  time of the current f4 round in seconds given
          for real and cpu time
--------------------------------------------------------

deg     sel   pairs        mat          density            new data         time(rd) in sec (real|cpu)
------------------------------------------------------------------------------------------------------
  3       6     723      11 x 29         12.54%        5 new       1 zero         0.00 | 0.04         
  4      12     761      46 x 92          3.76%        7 new       5 zero         0.00 | 0.04         
  4       8     872      23 x 26          7.69%        3 new       5 zero         0.00 | 0.02         
  4       3     895       6 x 3          33.33%        0 new       3 zero         0.00 | 0.00         
  5      41     892     322 x 764         0.65%       25 new      16 zero         0.01 | 0.12         
  3       1    1078       2 x 1         100.00%        0 new       1 zero         0.00 | 0.00         
  4       6    1077      18 x 14         10.32%        2 new       4 zero         0.00 | 0.02         
  4       4    1087      12 x 8          16.67%        0 new       4 zero         0.00 | 0.00         
  5      85    1083     617 x 1283        0.35%       40 new      45 zero         0.01 | 0.22         
  5      88    1369     552 x 743         0.49%       29 new      59 zero         0.01 | 0.18         
  5      86    1575     336 x 366         0.90%       21 new      65 zero         0.01 | 0.14         
  5      45    1762     183 x 201         1.23%        5 new      40 zero         0.00 | 0.06         
  5       7    1818      18 x 11         11.11%        0 new       7 zero         0.00 | 0.00         
  6     502    1811    6026 x 12314       0.06%      174 new     328 zero         0.11 | 1.63         
  5      12    2960     160 x 353         1.59%        6 new       6 zero         0.01 | 0.10         
  5      12    3006     165 x 305         1.72%        6 new       6 zero         0.00 | 0.10         
  6     661    3054    9777 x 19743       0.06%      277 new     384 zero         0.26 | 4.11         
  5      23    5355     353 x 841         0.81%       14 new       9 zero         0.02 | 0.35         
  5      30    5300     242 x 344         1.51%       11 new      19 zero         0.01 | 0.26         
  5      10    5371      79 x 137         4.06%        4 new       6 zero         0.01 | 0.12         
  6     912    5434   12180 x 26181       0.07%      440 new     473 zero         0.70 | 11.51        
  5      14    8550     235 x 535         1.99%        8 new       6 zero         0.02 | 0.36         
  6     928    8599   11586 x 25411       0.10%      426 new     502 zero         1.07 | 17.66        
  6     996   12301   10284 x 18523       0.14%      376 new     621 zero         1.26 | 22.04        
  6     827   15772    6144 x 9040        0.16%      115 new     714 zero         0.50 | 8.30         
  6     181   16280    2084 x 3061        0.30%       56 new     125 zero         0.26 | 4.46         
  6      77   16705     830 x 1400        0.60%       22 new      55 zero         0.11 | 1.87         
  6      14   16827     190 x 293         1.79%        4 new      10 zero         0.03 | 0.35         
  7    1000   16858   16877 x 32656       0.07%      197 new     803 zero         1.26 | 16.19        
  6      22   18775     111 x 160         3.08%        2 new      20 zero         0.02 | 0.20         
  7    1000   18776   25369 x 46455       0.06%      189 new     811 zero         1.55 | 15.76        
  6      35   20156     184 x 215         1.69%        2 new      33 zero         0.02 | 0.23         
  7    1000   20154   29297 x 57253       0.06%      298 new     702 zero         2.36 | 26.58        
  6      43   22928     175 x 171         1.53%        1 new      42 zero         0.02 | 0.14         
  7    1000   22901   31324 x 61389       0.07%      350 new     654 zero         3.13 | 33.24        
  7    1000   26322   36426 x 69274       0.06%      261 new     740 zero         3.19 | 26.19        
  6      11   28495      30 x 19          7.02%        0 new      11 zero         0.02 | 0.02         
  7    1000   28484   37708 x 77872       0.06%      212 new     788 zero         3.53 | 22.18        
  7    1000   30232   36671 x 66222       0.06%      152 new     848 zero         2.75 | 15.91        
  7    1000   31423   31300 x 59810       0.07%      184 new     817 zero         2.89 | 18.70        
  7    1000   32872   38466 x 69803       0.07%      277 new     723 zero         4.03 | 27.59        
  7    1001   34968   42817 x 83781       0.06%      292 new     709 zero         5.05 | 30.04        
  7    1000   38099   49281 x 88279       0.05%      206 new     794 zero         4.62 | 22.76        
  7    1000   39876   57656 x 113525      0.05%      266 new     734 zero         6.51 | 29.52        
  7    1000   41245   55364 x 107319      0.06%      304 new     700 zero         7.39 | 33.61        
  7    1000   44035   64900 x 123166      0.05%      275 new     726 zero         7.79 | 31.63        
  7    1000   46905   60580 x 108604      0.06%      290 new     711 zero         7.90 | 33.56        
  7    1000   49914   74493 x 141994      0.05%      204 new     797 zero         8.75 | 27.04        
  7    1000   51548   66975 x 134063      0.05%      254 new     746 zero         9.55 | 31.97        
  7    1000   53795   69073 x 138698      0.05%      285 new     715 zero        11.25 | 36.25        
  7    1000   57140   64817 x 114223      0.06%      201 new     802 zero         8.57 | 26.67        
  7    1000   59603   88290 x 191207      0.04%      307 new     693 zero        15.67 | 42.84        
  7    1001   61306   93198 x 198002      0.05%      341 new     660 zero        17.19 | 47.45        
  6      18   64666    5205 x 19374       0.80%       15 new       3 zero         1.31 | 2.80         
  6      19   64195    6776 x 17767       0.56%       14 new       5 zero         1.19 | 2.60         
  7    1000   63994  102452 x 216392      0.05%      466 new     534 zero        24.00 | 73.75        
  7    1000   67625   96031 x 213023      0.05%      491 new     509 zero        25.48 | 73.19        
  6      97   72647     320 x 358         1.12%        7 new      90 zero         0.25 | 1.07         
  7    1000   72658   75779 x 172713      0.07%      281 new     719 zero        19.70 | 46.61        
  7    1000   76263  114448 x 229055      0.05%      253 new     747 zero        22.69 | 49.35        
  7    1001   77658  119384 x 256067      0.04%      319 new     682 zero        28.29 | 59.08        
  7    1000   81094  137665 x 282708      0.04%      312 new     688 zero        30.29 | 59.32        
  7    1000   84572  123224 x 236914      0.04%      231 new     769 zero        22.49 | 45.33        
  7    1000   85204  126523 x 290077      0.05%      369 new     631 zero        35.34 | 70.98        
  7    1000   89687  144373 x 334222      0.04%      344 new     656 zero        40.62 | 73.58        
  6      41   92754    3174 x 20180       0.99%       33 new       8 zero         2.54 | 5.62         
  6     165   91982    9761 x 32187       0.41%      116 new      49 zero         6.31 | 17.91        
  6     436   87385   12981 x 33565       0.30%      260 new     176 zero        11.04 | 34.79        
  5      18   80378      57 x 39          4.41%        0 new      18 zero         0.07 | 0.10         
  6     807   80360   13541 x 28541       0.31%      298 new     509 zero        12.48 | 41.90        
  5      28   76396      68 x 52          2.74%        1 new      27 zero         0.11 | 0.29         
  6     376   76372    7667 x 16811       0.53%       66 new     311 zero         4.55 | 11.29        
  6      55   76336     651 x 865         1.12%        9 new      46 zero         0.46 | 1.49         
  6      17   76330     263 x 331         1.22%        6 new      11 zero         0.32 | 1.02         
  7    1000   76389   17774 x 41461       0.18%      246 new     757 zero        11.77 | 37.26        
  6      31   78104     227 x 268         1.51%        7 new      24 zero         0.35 | 1.18         
  7    1000   78158   30929 x 69681       0.12%      248 new     752 zero        14.07 | 37.67        
  6      77   79912    2303 x 4403        1.18%       12 new      65 zero         0.79 | 2.08         
  7    1000   79893   32028 x 61183       0.11%      273 new     728 zero        14.57 | 41.54        
  6      18   81871    2204 x 4384        1.48%        8 new      10 zero         0.71 | 1.61         
  6      18   81930      82 x 122         5.19%        2 new      16 zero         0.17 | 0.48         
  7    1000   81915   36591 x 84509       0.13%      326 new     675 zero        18.51 | 48.42        
  7    1000   84904   45163 x 100995      0.11%      259 new     741 zero        18.65 | 42.50        
  7    1000   86972   46973 x 110812      0.10%      304 new     697 zero        23.04 | 52.12        
  7    1000   89043   43634 x 87703       0.12%      401 new     599 zero        24.66 | 63.62        
  7    1000   92387   57451 x 118001      0.10%      321 new     679 zero        24.91 | 55.98        
  7    1001   94546   76035 x 167822      0.08%      305 new     699 zero        30.63 | 60.40        
  7    1000   96642   75306 x 160879      0.09%      354 new     648 zero        33.17 | 66.73        
  7    1000  100382   86425 x 184923      0.08%      382 new     619 zero        38.44 | 75.09        
  7    1000  104375  111502 x 244218      0.06%      428 new     573 zero        50.91 | 92.67        
  7    1000  108106  123764 x 250736      0.06%      661 new     339 zero        69.23 | 134.99       
  6      17  114539      59 x 76          3.97%        1 new      16 zero         0.20 | 0.42         
  7    1000  114539  110579 x 236651      0.07%      573 new     427 zero        64.71 | 120.48       
  7    1000  120296