
Legend for f4 information
--------------------------------------------------------
deg       current degree of pairs selected in this round
sel       number of pairs selected in this round
pairs     total number of pairs in pair list
mat       matrix dimensions (# rows x # columns)
density   density of the matrix
new data  # new elements for basis in this round
          # zero reductions during linear algebra
time(rd)  time of the current f4 round in seconds given
          for real and cpu time
--------------------------------------------------------

deg     sel   pairs        mat          density            new data         time(rd) in sec (real|cpu)
------------------------------------------------------------------------------------------------------
  2       5     514      16 x 24         10.42%        5 new       0 zero         0.00 | 0.02         
  3      18     514      72 x 118         2.41%       15 new       3 zero         0.00 | 0.06         
  3      43     661     133 x 170         1.49%       17 new      26 zero         0.00 | 0.08         
  3      78     839     205 x 194         1.29%       13 new      65 zero         0.00 | 0.08         
  3      15     919      49 x 66          3.96%        3 new      12 zero         0.00 | 0.02         
  4     197     935    1179 x 1898        0.21%       47 new     150 zero         0.02 | 0.36         
  3      27    1178     190 x 366         1.09%       22 new       5 zero         0.01 | 0.16         
  3      72    1332     219 x 254         1.09%       18 new      54 zero         0.01 | 0.14         
  4     486    1483    3136 x 4467        0.11%       96 new     390 zero         0.06 | 1.04         
  4     451    2342    3308 x 5032        0.13%       81 new     370 zero         0.07 | 1.18         
  4     139    3246    2295 x 4140        0.22%       30 new     109 zero         0.04 | 0.54         
  5    1000    3644   14892 x 22394       0.04%      152 new     848 zero         0.29 | 2.97         
  5    1000    5324   24918 x 38654       0.04%       93 new     907 zero         0.33 | 2.49         
  3      21    5924     119 x 195         1.91%       11 new      10 zero         0.02 | 0.32         
  3      63    5635     178 x 184         1.60%       11 new      52 zero         0.02 | 0.32         
  4     264    5493    1715 x 2630        0.29%       58 new     206 zero         0.08 | 1.47         
  4     175    5630    2536 x 4407        0.28%       29 new     146 zero         0.06 | 0.86         
  5    1000    5675   20369 x 30004       0.05%      110 new     891 zero         0.35 | 3.46         
  5    1000    6708   38249 x 58624       0.03%      106 new     894 zero         0.58 | 4.23         
  4      19    7664     481 x 1131        0.87%       17 new       2 zero         0.16 | 2.27         
  3      14    7677      77 x 96          3.38%        4 new      10 zero         0.05 | 0.81         
  4     212    7714    3726 x 6234        0.18%       59 new     153 zero         0.44 | 6.19         
  4     125    7359    2191 x 3656        0.37%       30 new      95 zero         0.29 | 3.55         
  5    1000    7470   19836 x 29336       0.05%      173 new     827 zero         1.23 | 12.16        
  5    1000    9458   36795 x 55370       0.03%      159 new     841 zero         1.14 | 10.05        
  4      19   10120    1705 x 4712        0.51%        8 new      11 zero         0.11 | 1.27         
  5    1000   10041   48907 x 79714       0.03%      247 new     753 zero         2.78 | 23.98        
  4      38   12641    1547 x 4028        0.46%       38 new       0 zero         0.38 | 4.63         
  4     247   11500    5227 x 10015       0.16%      120 new     127 zero         1.12 | 14.78        
  4     185   10504    2831 x 5082        0.36%       54 new     131 zero         0.39 | 5.34         
  5    1000   11146   14718 x 24804       0.09%      265 new     735 zero         2.10 | 28.47        
  5    1000   14710   22617 x 37410       0.06%      208 new     792 zero         2.31 | 25.86        
  5    1000   17656   30992 x 47541       0.06%      170 new     830 zero         2.25 | 22.68        
  5    1000   20047   34416 x 56976       0.06%      172 new     828 zero         2.69 | 23.47        
  5    1000   22520   50356 x 83144       0.04%      225 new     775 zero         3.65 | 29.03        
  5    1000   26087   57948 x 96552       0.04%      202 new     798 zero         4.19 | 30.35        
  5    1000   29032   58190 x 101240      0.05%      175 new     825 zero         3.66 | 23.38        
  5     704   31538   59147 x 113111      0.05%      131 new     573 zero         3.34 | 16.46        
  5      44   33108   17057 x 38281       0.16%       15 new      29 zero         0.83 | 2.69         
  5      49   33315   16288 x 42024       0.19%       24 new      25 zero         1.41 | 4.53         
  6    1000   33799   65006 x 123040      0.05%      123 new     878 zero         4.24 | 19.71        
  6    1000   35490   57493 x 89198       0.05%       99 new     901 zero         2.41 | 12.36        
  6    1000   36581   68549 x 113488      0.05%      109 new     893 zero         3.65 | 16.42        
  6    1000   37761   84873 x 138345      0.04%      111 new     889 zero         5.28 | 18.31        
  6    1000   38955   97414 x 153794      0.04%       94 new     909 zero         4.14 | 16.06        
  6    1000   39955  124330 x 189593      0.03%      123 new     878 zero         6.89 | 20.61        
  6    1000   41569  112816 x 183872      0.04%      148 new     857 zero         7.74 | 22.90        
  6    1001   43621  132390 x 220130      0.03%      173 new     828 zero         7.96 | 28.70        
  6    1000   46306  149331 x 243968      0.03%      115 new     887 zero         7.73 | 21.07        
  6    1000   47806  144753 x 259679      0.03%      149 new     851 zero        11.74 | 29.23        
  6    1000   50003  171434 x 296900      0.03%      167 new     847 zero        12.23 | 33.31        
  6    1000   52268  167175 x 313371      0.03%      180 new     821 zero        14.32 | 38.46        
  6    1000   55137  170590 x 293061      0.03%       66 new     934 zero         9.30 | 16.76        
  6    1000   55593  195974 x 342764      0.03%      171 new     830 zero        13.96 | 33.81        
  6    1000   58242  196090 x 337454      0.03%      150 new     851 zero        12.93 | 30.30        
  6    1000   60379  200058 x 327032      0.03%       65 new     935 zero        10.22 | 17.36        
  6    1000   60863  234422 x 388321      0.02%      124 new     876 zero        13.47 | 27.78        
  6    1000   62538  260917 x 429923      0.02%      141 new     860 zero        15.53 | 33.16        
  6    1000   64566  228956 x 376602      0.03%      108 new     893 zero        13.70 | 26.30        
  6    1000   65965  242627 x 395227      0.02%      114 new     892 zero        15.14 | 29.31        
  6    1000   67164  270757 x 432201      0.02%       66 new     934 zero        14.29 | 21.97        
  6    1000   67556  314400 x 497507      0.02%       70 new     930 zero        16.41 | 25.57        
  6    1000   68119  296572 x 484701      0.02%       86 new     914 zero        22.40 | 34.03        
  6    1000   68784  284671 x 448532      0.02%      126 new     875 zero        24.19 | 41.90        
  6    1001   70322  260826 x 409680      0.03%      152 new     849 zero        18.68 | 39.29        
  6    1000   72536  319083 x 524422      0.02%      152 new     848 zero        23.74 | 44.34        
  6    1000   74721  288754 x 497555      0.03%      256 new     744 zero        32.47 | 73.40        
  6    1000   79241  305641 x 514983      0.03%      210 new     792 zero        32.51 | 66.81        
  6    1000   82692  309723 x 583859      0.03%      210 new     790 zero        39.31 | 77.84        
  6    1000   86319  324638 x 585333      0.03%      155 new     845 zero        33.91 | 59.09        
  6    1000   88703  334745 x 564803      0.02%       99 new     901 zero        28.02 | 42.95        
  6    1000   89805  383172 x 643704      0.02%      125 new     875 zero        32.97 | 52.43        
  6    1000   91386  423754 x 657058      0.02%       83 new     917 zero        29.40 | 41.55        
  6    1000   92257  415940 x 661983      0.02%       91 new     910 zero        31.11 | 45.66        
  6    1000   93356  382538 x 625765      0.02%       90 new     912 zero        31.85 | 47.29        
  6    1000   94333  461609 x 767519      0.02%      151 new     849 zero        40.41 | 62.68        
  6    1001   96679  508397 x 818781      0.02%       97 new     904 zero        40.85 | 56.90        
  4      39   97632    1296 x 2978        0.55%       29 new      10 zero         1.20 | 4.37         
  4     244   95938    3659 x 6552        0.29%      108 new     136 zero         4.11 | 15.68        
  4     523   91748    4712 x 7882        0.28%      136 new     387 zero         4.86 | 19.56        
  4      49   86877     480 x 737         0.90%        9 new      40 zero         0.39 | 1.46         
  5    1000   86951    8411 x 12148       0.19%      175 new     827 zero         5.75 | 23.47        
  5    1000   84586   14254 x 20433       0.14%      137 new     865 zero         4.35 | 18.02        
  5    1000   84254   25347 x 43291       0.09%      209 new     793 zero         7.53 | 28.23        
  5    1000   79362   31234 x 49513       0.09%      179 new     821 zero         6.52 | 24.11        
  5    1000   76639   36380 x 56698       0.09%      138 new     862 zero         5.93 | 21.69        
  5    1000   74903   50026 x 82150       0.07%      156 new     844 zero         7.65 | 25.95        
  5    1000   72663   58575 x 96497       0.07%      167 new     833 zero         8.41 | 27.13        
  5    1000   71762   53257 x 90922       0.09%      167 new     833 zero         8.68 | 26.38        
  5     426   73204   52978 x 94971       0.11%       74 new     352 zero         5.63 | 13.32        
  6    1000   73965   48867 x 83851       0.09%      141 new     859 zero         7.63 | 23.45        
  6    1000   76266   61729 x 102376      0.08%      152 new     848 zero         8.43 | 24.11        
  6    1000   78633   65127 x 111707      0.09%      161 new     839 zero         9.93 | 27.21        
  6    1000   81278   77888 x 121536      0.07%       54 new     946 zero         5.85 | 11.84        
  6    1000   81439   97354 x 155803      0.05%       57 new     944 zero         7.40 | 14.09        
  6    1000   81649  112481 x 169781      0.05%       76 new     925 zero         8.28 | 16.27        
  6    1000   82378  153272 x 240080      0.03%      114 new     886 zero        12.33 | 24.20        
  6    1001   83692  156939 x 262004      0.04%      127 new     874 zero        14.86 | 28.90        
  6    1000   85611  127100 x 200749      0.05%      163 new     837 zero        14.63 | 33.82        
  6    1000   88139  145308 x 223555      0.05%       92 new     908 zero        12.45 | 23.26        
  6    1001   89323  170188 x 280699      0.04%      148 new     853 zero