
Legend for f4 information
--------------------------------------------------------
deg       current degree of pairs selected in this round
sel       number of pairs selected in this round
pairs     total number of pairs in pair list
mat       matrix dimensions (# rows x # columns)
density   density of the matrix
new data  # new elements for basis in this round
          # zero reductions during linear algebra
time(rd)  time of the current f4 round in seconds given
          for real and cpu time
--------------------------------------------------------

deg     sel   pairs        mat          density            new data         time(rd) in sec (real|cpu)
------------------------------------------------------------------------------------------------------
  2       1     163       2 x 1         100.00%        0 new       1 zero         0.00 | 0.03         
  3       3     162      10 x 12         19.17%        2 new       1 zero         0.00 | 0.00         
  3       2     166       7 x 9          22.22%        2 new       0 zero         0.00 | 0.00         
  3       1     172       2 x 1         100.00%        0 new       1 zero         0.00 | 0.00         
  4       6     171      35 x 39          6.23%        2 new       4 zero         0.00 | 0.00         
  3       4     175      12 x 19         11.84%        3 new       1 zero         0.00 | 0.02         
  3       2     179       4 x 2          50.00%        0 new       2 zero         0.00 | 0.00         
  4       7     177      51 x 54          4.07%        1 new       6 zero         0.00 | 0.00         
  5       9     179      72 x 79          3.20%        2 new       7 zero         0.00 | 0.00         
  3       6     179      25 x 33          6.55%        4 new       2 zero         0.00 | 0.02         
  4      23     195     153 x 178         1.34%        8 new      15 zero         0.00 | 0.02         
  4      15     211      42 x 27          4.94%        0 new      15 zero         0.00 | 0.00         
  5      25     196     309 x 331         0.71%        5 new      20 zero         0.00 | 0.02         
  6      32     202     498 x 524         0.46%        1 new      31 zero         0.00 | 0.02         
  3       4     178      13 x 22         10.84%        4 new       0 zero         0.00 | 0.00         
  4      20     201     122 x 137         1.69%        6 new      14 zero         0.00 | 0.02         
  4       9     210      20 x 11         10.00%        0 new       9 zero         0.00 | 0.00         
  5      28     201     273 x 309         0.79%        6 new      22 zero         0.00 | 0.04         
  6      44     218     515 x 649         0.40%        7 new      37 zero         0.00 | 0.02         
  7      52     223    1188 x 1319        0.20%        1 new      51 zero         0.00 | 0.04         
  3       5     181      15 x 31          8.82%        5 new       0 zero         0.00 | 0.02         
  4      31     218     187 x 275         1.01%       12 new      19 zero         0.00 | 0.04         
  4      12     268      25 x 15          7.47%        1 new      11 zero         0.00 | 0.00         
  5      76     264     813 x 1144        0.27%       15 new      61 zero         0.00 | 0.08         
  6     128     312    2612 x 3470        0.09%       15 new     113 zero         0.01 | 0.16         
  7     122     301    4431 x 5549        0.05%        7 new     115 zero         0.01 | 0.15         
  8      96     238    2088 x 2475        0.12%       13 new      83 zero         0.00 | 0.10         
  3      13     184      33 x 93          3.78%       13 new       0 zero         0.00 | 0.06         
  4      98     352     492 x 842         0.41%       37 new      61 zero         0.01 | 0.18         
  4      42     630     157 x 243         1.02%       20 new      22 zero         0.01 | 0.10         
  4      13     838      43 x 49          3.99%        4 new       9 zero         0.00 | 0.04         
  5     624     881    4782 x 7607        0.05%      180 new     444 zero         0.08 | 1.46         
  4      13    2147      67 x 122         2.29%        9 new       4 zero         0.01 | 0.10         
  4      14    2187      46 x 59          3.43%        4 new      10 zero         0.01 | 0.12         
  5     682    2233    3768 x 5791        0.07%      136 new     546 zero         0.08 | 1.54         
  5     141    3239     691 x 1212        0.33%       22 new     119 zero         0.02 | 0.34         
  6    1000    3382    9822 x 17776       0.04%       74 new     926 zero         0.08 | 1.20         
  6    1000    3226    9923 x 16831       0.04%      128 new     872 zero         0.14 | 2.31         
  6    1000    3767   13283 x 22351       0.03%       76 new     924 zero         0.12 | 1.71         
  6     489    3780   12180 x 20181       0.03%       31 new     458 zero         0.07 | 0.97         
  6      63    3555     894 x 1855        0.26%       22 new      41 zero         0.03 | 0.54         
  5      15    3746      97 x 110         1.87%        3 new      12 zero         0.01 | 0.10         
  6     113    3776    2096 x 3095        0.10%       28 new      85 zero         0.04 | 0.75         
  7    1000    4063   24382 x 49933       0.02%       75 new     925 zero         0.23 | 2.41         
  7    1000    4001   22809 x 53038       0.02%       76 new     925 zero         0.23 | 2.54         
  7    1000    3985   15489 x 31479       0.03%      138 new     862 zero         0.28 | 4.16         
  7    1000    4986   31823 x 65667       0.02%       79 new     921 zero         0.34 | 3.54         
  7     625    5222   50308 x 88776       0.01%       57 new     568 zero         0.32 | 2.75         
  6      75    5263     747 x 1387        0.36%        6 new      71 zero         0.02 | 0.29         
  6      40    5181     477 x 1206        0.59%        5 new      35 zero         0.01 | 0.25         
  7     269    5106   20396 x 42379       0.02%       17 new     252 zero         0.20 | 1.47         
  7      49    5033    2091 x 6249        0.18%        0 new      49 zero         0.02 | 0.10         
  8    1000    4984   51122 x 110126      0.01%       76 new     924 zero         0.48 | 3.85         
  8    1000    4955   65211 x 156887      0.01%       60 new     940 zero         0.59 | 3.27         
  8    1001    4743   38214 x 91981       0.02%       72 new     929 zero         0.46 | 3.67         
  8    1001    4588   49474 x 109292      0.02%       73 new     928 zero         0.58 | 4.12         
  8    1000    4686   63579 x 136324      0.01%       59 new     941 zero         0.62 | 3.12         
  8     500    4637   76160 x 144006      0.01%       36 new     464 zero         0.45 | 2.34         
  7      10    4666     311 x 553         0.61%        4 new       6 zero         0.01 | 0.25         
  7      25    4674     804 x 1216        0.27%        9 new      16 zero         0.03 | 0.54         
  7      53    4649    2326 x 3554        0.09%       21 new      32 zero         0.06 | 1.06         
  7      54    4650    2091 x 3159        0.11%       15 new      39 zero         0.04 | 0.80         
  8     660    4672   49327 x 77831       0.01%       98 new     562 zero         0.40 | 5.33         
  8     281    5403   18770 x 32636       0.01%       51 new     230 zero         0.20 | 2.93         
  8      88    5900    9297 x 17360       0.03%       14 new      74 zero         0.07 | 0.95         
  9    1000    6028  150742 x 259651      0.00%       67 new     933 zero         1.01 | 5.80         
  9    1000    6047  180690 x 308501      0.00%       80 new     920 zero         1.07 | 6.74         
  9    1000    6291  186746 x 421718      0.00%       28 new     972 zero         1.57 | 3.82         
  9    1000    5722  186386 x 458879      0.00%       19 new     981 zero         1.88 | 3.78         
  9    1000    4976  191122 x 419234      0.00%       33 new     967 zero         2.09 | 5.12         
  9    1000    4482  180309 x 424229      0.01%       67 new     933 zero         2.24 | 7.46         
  9     375    4580   67543 x 152946      0.01%       18 new     357 zero         0.60 | 2.17         
  9      23    4482     211 x 249         1.17%        6 new      17 zero         0.03 | 0.51         
 10    1000    4570  320438 x 637089      0.00%       17 new     983 zero         1.91 | 3.73         
 10    1000    3828  699805 x 1254440     0.00%        7 new     993 zero         3.99 | 5.48         
 10    1000    2934  430334 x 1091971     0.00%        4 new     996 zero         5.84 | 7.13         
 10    1000    1994  532680 x 1229331     0.00%       34 new     966 zero         7.15 | 11.34        
 10     428    1544  139216 x 387397      0.01%        3 new     425 zero         1.69 | 2.31         
 11    1000    1161 1266370 x 3140038     0.00%       47 new     953 zero        19.45 | 25.95        
 11     186     862  104816 x 240120      0.01%        6 new     180 zero         0.96 | 1.84         
 11      43     742   14501 x 30060       0.03%        0 new      43 zero         0.08 | 0.28         
 12     555     699 1396832 x 3435901     0.00%       10 new     545 zero        20.81 | 23.37        
 13     163     299 1113508 x 3092516     0.00%        4 new     159 zero        21.11 | 22.35        
 14      63     195  601284 x 1542565     0.00%        0 new      63 zero         9.95 | 10.51        
 15       4     132      88 x 84          2.85%        0 new       4 zero         0.01 | 0.10         
 16      60     128    1466 x 2261        0.19%       39 new      21 zero         0.21 | 3.69         
 13      13     243      41 x 39          4.38%        2 new      11 zero         0.02 | 0.26         
 13      15     245      73 x 99          2.38%        4 new      11 zero         0.03 | 0.43         
 13      31     266     235 x 328         0.82%        7 new      24 zero         0.04 | 0.68         
 13      63     306     940 x 1463        0.22%       11 new      52 zero         0.06 | 0.98         
 13      64     366    1359 x 2221        0.16%       12 new      52 zero         0.06 | 1.08         
 13      97     419    3632 x 5826        0.06%       17 new      80 zero         0.09 | 1.48         
 13     146     495    9155 x 15289       0.03%       23 new     123 zero         0.13 | 2.02         
 13     135     598   12667 x 19271       0.02%       12 new     123 zero         0.09 | 1.11         
 13     166     629   28972 x 46543       0.01%        0 new     166 zero         0.10 | 0.34         
 14     235     463   43948 x 76324       0.01%        7 new     228 zero         0.21 | 1.01         
 15     124     337   33378 x 55957       0.01%        9 new     115 zero         0.17 | 1.17         
 15      16     336     142 x 214         1.28%        4 new      12 zero         0.04 | 0.58         
 15      33     358     460 x 692         0.44%        7 new      26 zero         0.05 | 0.83         
 15      67     403    1862 x 2992        0.12%       11 new      56 zero         0.07 | 1.18         
 15      68     470    2734 x 4674        0.08%       12 new      56 zero         0.08 | 1.26         
 15     103     530    7133 x 11750       0.03%       17 new      86 zero         0.14 | 1.88         
 15     155     616   17742 x 30118       0.01%       23 new     132 zero         0.26 | 2.65         
 15     156     741   25933 x 43822       0.01%       24 new     132 zero         0.23 | 2.68         
 15     209     848   54391 x 89431       0.01%       31 new     178 zero         0.36 | 3.50         
 15     259     979  116194 x 180190      0.00%       19 new     240 zero         0.54 | 2.57         
 15     240    1011  223074 x 351461      0.00%        0 new     240 zero         0.85 | 1.26         
 16     600     771  341596 x 597450      0.00%       24 new     576 zero         1.80 | 4.41         
 15      15     542      51 x 71          3.42%        3 new      12 zero         0.02 | 0.31         
 15      17     547      83 x 121         2.27%        4 new      13 zero         0.03 | 0.53         
 15      33     570     245 x 346         0.79%        5 new      28 zero         0.04 | 0.61         
 15      69     611    1422 x 2367        0.16%       13 new      56 zero         0.07 | 1.25         
 15      70     723    1589 x 2870        0.14%       12 new      58 zero         0.07 | 1.15         
 15     106     787    4337 x 7548        0.06%       17 new      89 zero         0.11 | 1.64         
 15     153     923   13654 x 22431       0.02%       21 new     132 zero         0.15 | 2.04         
 15     158    1034   16416 x 28401       0.02%       23 new     135 zero         0.18 | 2.33         
 15     196    1133   33955 x 54136       0.01%       14 new     182 zero         0.20 | 1.55         
 15     182    1153   55173 x 93369       0.01%        0 new     182 zero         0.24 | 0.54         
 16     470     971   90648 x 162011      0.00%       26 new     444 zero         0.79 | 4.44         
 16      65     888    2917 x 4596        0.09%       15 new      50 zero         0.16 | 2.10         
 16     135    1009   11497 x 18463       0.02%       27 new     108 zero         0.28 | 3.05         
 16     194    1212   32575 x 49982       0.01%       39 new     155 zero         0.48 | 4.43         
 16     284    1516   59255 x 91249       0.01%       54 new     230 zero         0.78 | 6.02         
 16     408    1938  144884 x 225857      0.00%       72 new     336 zero         1.53 | 8.54         
 16     504    2494  325174 x 491715      0.00%       87 new     417 zero         2.90 | 12.85        
 16     648    3151  506347 x 769304      0.00%      108 new     540 zero         3.47 | 17.64        
 16     825    3909 1077968 x 1650769     0.00%      131 new     694 zero         7.33 | 26.60        
 16     933    4762 2266077 x 3329400     0.00%      124 new     809 zero        14.44 | 36.61        
 16    1000    5514 3949997 x 5844923     0.00%       73 new     927 zero        27.69 | 47.70        
 16     823    5627 7024285 x 10330433     0.00%       26 new     797 zero        49.42 | 61.50        
 17    1002    5236 1287777 x 2718981     0.00%      128 new     874 zero        16.89 | 32.91        
 17    1000    6547 3613497 x 5307257     0.00%       78 new     922 zero        26.95 | 38.45        
 17    1000    6877  876254 x 1398167     0.00%       30 new     970 zero         5.90 | 10.11        
 17    1000    6385 4909579 x 7909567     0.00%       64 new     936 zero        43.57 | 59.97        
 17    1000    6464 5863491 x 8683983     0.00%       86 new     914 zero        45.61 | 67.64        
 17    1000    6982 10603067 x 16079179     0.00%       80 new     920 zero        92.96 | 119.45       
 16      72    7147     818 x 1459        0.29%       10 new      62 zero         0.11 | 1.19         
 16      74    7198    3178 x 6077        0.09%       14 new      60 zero         0.17 | 1.73         
 16      72    7337    3962 x 7876        0.07%       10 new      62 zero         0.14 | 1.24         
 16     114    7422   10591 x 19990       0.03%       19 new      95 zero         0.25 | 2.32         
 16     162    7601   33881 x 63698       0.01%       21 new     141 zero         0.43 | 2.62         
 16     168    7727   39152 x 73290       0.01%       24 new     144 zero         0.50 | 2.99         
 16     224    7889   90419 x 171112      0.00%       30 new     194 zero         0.99 | 4.18         
 16     221    8002  115456 x 221651      0.00%       27 new     194 zero         1.23 | 4.10         
 16     264    8087  216098 x 407917      0.00%       20 new     244 zero         2.13 | 4.80         
 17    1000    8043 1422996 x 2529499     0.00%       88 new     912 zero        15.33 | 28.53        
 17    1000    8276 3625033 x 5629160     0.00%      128 new     872 zero        31.23 | 49.93        
 16     252    9287    2140 x 3710        0.10%       42 new     210 zero         0.39 | 4.82         
 16     264    9776    4163 x 7245        0.05%       54 new     210 zero         0.52 | 6.18         
 16     524   10523   23895 x 42631       0.01%       92 new     432 zero         0.92 | 9.96         
 16     544   11925   40525 x 73447       0.01%      100 new     444 zero         1.14 | 11.07        
 16     799   13345  102896 x 179434      0.00%      139 new     660 zero         2.03 | 16.36        
 16    1000   15132  249919 x 435373      0.00%      168 new     832 zero         3.85 | 21.92        
 16    1000   17353  351788 x 637583      0.00%      164 new     836 zero         5.12 | 22.95        
 16    1000   19131  472251 x 913995      0.00%      163 new     837 zero         7.03 | 24.12        
 16    1000   20768  763809 x 1505139     0.00%      131 new     869 zero        16.75 | 32.41        
 16    1000   22182  874407 x 1625859     0.00%       95 new     905 zero        11.08 | 22.38        
 16     527   22966  508068 x 923974      0.00%       44 new     483 zero         5.81 | 11.26        
 16     239   23284  161219 x 316839      0.00%       22 new     217 zero         2.10 | 4.67         
 17    1000   23496  158920 x 336249      0.00%       54 new     946 zero         2.88 | 8.44         
 17    1000   23153  239272 x 485371      0.00%       75 new     925 zero         4.13 | 12.10        
 17    1000   23004  568666 x 985585      0.00%       89 new     911 zero         6.95 | 17.16        
 17    1000   23049  920142 x 1556804     0.00%      101 new     899 zero        10.89 | 22.79        
 17    1002   23144 1402220 x 2147923     0.00%      135 new     867 zero        14.93 | 31.92        
 17    1001   23735 2122455 x 3312228     0.00%      163 new     838 zero        25.10 | 48.81        
 17    1000   25368 1151284 x 1966824     0.00%      114 new     886 zero        16.27 | 30.46        
 17    1000   26492  351644 x 638383      0.00%       47 new     953 zero         8.15 | 13.08        
 17    1000   26262  121997 x 266297      0.00%       82 new     918 zero         3.46 | 11.96        
 17    1000   26726  119991 x 284596      0.00%      103 new     897 zero         3.72 | 12.93        
 17    1000   27782  557090 x 1132172     0.00%       50 new     950 zero         9.74 | 14.81        
 17    1001   27782   61849 x 154988      0.01%       57 new     944 zero         1.85 | 6.96         
 17    1000   27980  583600 x 1219523     0.00%       22 new     978 zero         9.78 | 12.38        
 17    1000   27325  421252 x 742149      0.00%       25 new     975 zero         5.51 | 8.28         
 17    1001   26689  605817 x 1067037     0.00%       50 new     951 zero         8.34 | 13.30        
 17    1000   26330  340270 x 632049      0.00%       82 new     918 zero         5.61 | 13.43        
 17    1000   26703  134226 x 253468      0.00%       89 new     911 zero         2.90 | 11.31        
 17    1000   27103  180663 x 319782      0.00%      114 new     886 zero         3.50 | 14.25        
 17    1000   27939  374513 x 658810      0.00%      108 new     892 zero         6.00 | 16.56        
 17    1000   28677  556543 x 1046473     0.00%       64 new     936 zero         9.71 | 16.61        
 17    1000   28825  919326 x 1794619     0.00%       11 new     989 zero        14.57 | 16.60        
 17    1000   28048  623767 x 1170080     0.00%       10 new     990 zero         9.70 | 11.51        
 17    1000   27249  525671 x 1010037     0.00%       61 new     939 zero         9.13 | 15.07        
 17    1000   27499   98319 x 230313      0.00%       50 new     950 zero         2.54 | 7.09         
 17    1000   27566  406094 x 766224      0.00%       52 new     948 zero         6.68 | 11.73        
 17    1000   27561 1304835 x 2601642     0.00%       58 new     942 zero        26.25 | 33.03        
 17    1000   27749  565454 x 1723373     0.00%       52 new     948 zero        20.83 | 26.23        
 17    1000   27548 4103197 x 7425501     0.00%       79 new     921 zero        66.76 | 79.88        
 17    1000   27927 4769205 x 8096825     0.00%      102 new     898 zero        68.56 | 82.72        
 17    1000   28540 1234888 x 2339363     0.00%      132 new     868 zero        22.28 | 35.37        
 17    1000   29782  290987 x 542050      0.00%      154 new     846 zero         6.45 | 20.69        
 17    1000   31152  716874 x 1281162     0.00%      165 new     835 zero        13.17 | 28.84        
 17    1000   33019  319353 x 605890      0.00%      209 new     791 zero         8.48 | 27.34        
 17    1000   35596  479246 x 930509      0.00%      207 new     793 zero        12.31 | 31.60        
 17    1000   38161  807057 x 1529427     0.00%      186 new     814 zero        18.77 | 37.03        
 17    1000   40340  220272 x 414772      0.00%      154 new     846 zero         6.27 | 20.14        
 17    1000   41576  264245 x 577914      0.00%      127 new     873 zero         8.35 | 20.19        
 17    1000   42253  439222 x 1032974     0.00%       98 new     902 zero        13.72 | 23.24        
 17    1000   43053  897420 x 1694354     0.00%      137 new     863 zero        20.81 | 35.61        
 17    1000   44493  503003 x 1000847     0.00%      195 new     805 zero        14.23 | 33.72        
 17    1000   46983 1159293 x 2178642     0.00%      128 new     872 zero        25.87 | 39.73        
 17    1000   48162  541523 x 1174139     0.00%      157 new     843 zero        15.91 | 30.65        
 17    1000   50080 1501188 x 3101767     0.00%      100 new     900 zero        33.97 | 45.36        
 17    1000   51193  397302 x 1157004     0.00%      121 new     879 zero        16.96 | 28.17        
 17    1000   52421 1409057 x 2741048     0.00%       92 new     908 zero        30.13 | 39.58        
 17    1000   53222  704065 x 1475072     0.00%      138 new     862 zero        18.46 | 31.54        
 17    1000   54270 1194269 x 2352289     0.00%      117 new     883 zero        27.35 | 39.06        
 17    1000   55259  721972 x 1441083     0.00%      127 new     873 zero        18.06 | 30.31        
 17    1001   56360 1546174 x 2776913     0.00%       85 new     917 zero        30.68 | 39.90        
 17    1000   57130 1647775 x 3275482     0.00%       86 new     914 zero        37.05 | 46.15        
 17    1000   57975  470297 x 1041170     0.00%      134 new     866 zero        13.31 | 25.66        
 17    1000   59120  275146 x 590643      0.00%      110 new     890 zero         8.67 | 18.71        
 17    1000   60061 1148137 x 2120088     0.00%      111 new     889 zero        25.97 | 37.24        
 17    1000   61285  280136 x 596555      0.00%      104 new     896 zero         8.33 | 17.83        
 17    1000   62381  264305 x 563073      0.00%      134 new     866 zero         8.75 | 20.91        
 17    1001   64187  906332 x 1854303     0.00%      115 new     886 zero        23.02 | 34.80        
 17    1000   65806 2662413 x 4702438     0.00%       70 new     930 zero        51.46 | 60.10        
 17    1000   66341 1084917 x 2614867     0.00%       40 new     960 zero        37.17 | 41.91        
 17    1000   66171  678967 x 1591624     0.00%       15 new     985 zero        23.23 | 25.43        
 17    1000   65491 3635472 x 6169706     0.00%       20 new     980 zero        65.61 | 69.45        
 17    1000   64921 1913241 x 3012028     0.00%       45 new     955 zero        28.45 | 33.53        
 17    1000   64961  192591 x 350570      0.00%      104 new     896 zero         4.47 | 14.02        
 17    1000   65893  135426 x 294523      0.00%      120 new     880 zero         5.33 | 16.29        
 17    1000   67277  409129 x 835487      0.00%      134 new     866 zero        12.16 | 24.72        
 17    1000   68487 1395067 x 2774101     0.00%       96 new     904 zero        35.70 | 46.26        
 17    1000   69409  705252 x 1369713     0.00%      173 new     827 zero        18.94 | 35.66        
 17    1000   71614  223421 x 633791      0.00%      130 new     870 zero        12.54 | 24.62        
 17    1000   72858  467302 x 863139      0.00%      150 new     850 zero        10.65 | 24.43        
 17    1000   74176  654690 x 1281035     0.00%      153 new     847 zero        15.53 | 30.15        
 17    1000   75490  777580 x 1688983     0.00%      120 new     880 zero        20.74 | 32.53        
 17    1000   77000  952973 x 2551078     0.00%      116 new     884 zero        36.59 | 48.33        
 17    1001   78244 1272653 x 3795790     0.00%       83 new     918 zero        57.12 | 66.49        
 17    1001   78810 3043757 x 6640337     0.00%       25 new     976 zero        80.65 | 85.57        
 17    1000   78286 5585506 x 11765836     0.00%       90 new     910 zero       145.04 | 159.20       
 17    1000   78914 3032154 x 6122445     0.00%       50 new     950 zero        73.03 | 80.18        
 17    1000   78909  482466 x 908884      0.00%      156 new     844 zero        13.14 | 27.87        
 17    1000   80604 1309520 x 2487925     0.00%       64 new     936 zero        28.88 | 35.89        
 17    1000   80859  534115 x 1302015     0.00%       67 new     933 zero        22.51 | 29.43        
 17    1000   81198 1983236 x 3960187     0.00%      110 new     890 zero        48.64 | 60.48        
 17    1000   82108  664166 x 1355640     0.00%      136 new     864 zero        19.40 | 32.06        
 17    1000   83229  782756 x 1555312     0.00%       93 new     907 zero        19.37 | 28.48        
 17    1000   83819 6889483 x 13126471     0.00%      137 new     863 zero       165.19 | 184.91       
 17    1000   85023 1055052 x 1673216     0.00%      112 new     889 zero        17.35 | 28.23        
 17    1000   85975  440174 x 1242218     0.00%      127 new     874 zero        23.48 | 35.44        
 17    1000   87772 2480192 x 4356175     0.00%      121 new     879 zero        49.60 | 63.73        
 17    1000   89304 1146881 x 2115336     0.00%      128 new     872 zero        26.26 | 40.12        
 17    1000   91046 2849746 x 5305126     0.00%       65 new     935 zero        62.83 | 71.73        
 17    1000   91369  938238 x 2090560     0.00%       36 new     964 zero        28.59 | 32.80        
 17    1000   91078   39761 x 82891       0.01%       64 new     936 zero         2.22 | 7.95         
 17    1001   91497 3898944 x 6336137     0.00%      192 new     809 zero        79.43 | 101.09       
 17    1000   94481   55570 x 91766       0.01%      124 new     876 zero         3.93 | 14.85        
 17    1000   95880  200586 x 360643      0.00%      233 new     767 zero         9.02 | 30.19        
 17    1000   99446  401483 x 677592      0.00%      218 new     782 zero        12.36 | 33.06        
 17    1000  102833  353354 x 635161      0.00%      273 new     727 zero        14.65 | 39.78        
 17    1000  107412  627257 x 1075836     0.00%      230 new     770 zero        20.54 | 43.05        
 17    1000  110668  291329 x 578787      0.00%      230 new     770 zero        16.27 | 37.63        
 17    1000  114461  209120 x 443595      0.00%      236 new     764 zero        15.77 | 38.01        
 17    1000  118128  256539 x 526641      0.00%      239 new     761 zero        17.98 | 41.03        
 17    1000  121689  358705 x 755718      0.00%      194 new     806 zero        21.66 | 40.23        
 17    1000  124812  675564 x 1338680     0.00%       93 new     907 zero        28.44 | 38.81        
 17    1000  125733 1318941 x 2389679     0.00%      172 new     828 zero        47.27 | 68.60        
 17    1000  128082 1745801 x 3168069     0.00%      159 new     841 zero        62.04 | 84.27        
 17    1000  130071