Running as unit: run-rf7262661a4b3412aa0a5d5ea199bcf67.scope; invocation ID: d76b66e98589490d94fb0f4b5244509d
	Command being timed: "timeout 21600 ./run_v60.sh h-zero"
	User time (seconds): 1671.39
	System time (seconds): 0.63
	Percent of CPU this job got: 99%
	Elapsed (wall clock) time (h:mm:ss or m:ss): 27:52.03
	Average shared text size (kbytes): 0
	Average unshared data size (kbytes): 0
	Average stack size (kbytes): 0
	Average total size (kbytes): 0
	Maximum resident set size (kbytes): 674212
	Average resident set size (kbytes): 0
	Major (requiring I/O) page faults: 0
	Minor (reclaiming a frame) page faults: 283962
	Voluntary context switches: 30
	Involuntary context switches: 1530
	Swaps: 0
	File system inputs: 0
	File system outputs: 1200
	Socket messages sent: 0
	Socket messages received: 0
	Signals delivered: 0
	Page size (bytes): 4096
	Exit status: 0
