producer=TD6-A3-Q2-FULL-SOURCE-GLUE-RAW-EDGE-DAG-V60
V48_failure_class=linear_packer_rejected_genuine_quadratic_source_rows
arbitrary_degree_original_rows_preserved=true
dependency_closed_proof_DAG=true
final_global_polynomial_expansion_used=false
full_unused_row_audit_deferred_to_V50=true
beta_parameter_name=beta
q_beta=t+beta*t^2+t^25
q_beta_prime=1+2*beta*t+25*t^24
scope=post_transport_132_variable_raw_stratum_source_rows
transport_chart=fraction_field_of_h-zero
multivariate_gcd_used_as_bezout=false
raw_factor_cover_not_assumed=true
parent_sha256=77194c4b9a30b9190da026e94c0f476449cbeeba8a679b1abfa6768c37caf2ef
V44_raw_canonical_stdout_sha256=609349a53624531c1617104e2998ecf057192fea45bbe0ab41d7c2f24a1daf81
V44_raw_P12_source_dependency_markers_verified=true
source_center=C=3U^2 over Q(V,U)
raw_center_stratum=h-zero
trivariate_transport rows=0;pivots=1;events=0
trivariate_transport rows=250;pivots=251;events=0
trivariate_transport rows=1500;pivots=684;events=0
trivariate_transport rows=1750;pivots=934;events=0
trivariate_transport rows=2000;pivots=1184;events=0
trivariate_transport rows=2250;pivots=1434;events=0
trivariate_transport rows=4750;pivots=1716;events=0
trivariate_transport rows=5000;pivots=1966;events=1
trivariate_transport rows=5250;pivots=2215;events=1
trivariate_transport rows=5500;pivots=2465;events=2
trivariate_transport rows=5750;pivots=2715;events=2
trivariate_transport rows=6000;pivots=2965;events=2
trivariate_transport rows=6250;pivots=3215;events=2
trivariate_transport rows=6500;pivots=3465;events=2
transport_rank=3470/3602
transport_event_count=2
transport_matrix_beta_independent=true
transport_rhs_beta_affine_exact=true
transport_x_and_pole_sections_exact=true
first_v50_rank=38/132
first_v50_dependent_count=0
first_v50_all_pivots_beta_independent=true
first_v50_pivot_digest=bbc1d08fec39cce942ad8dedabe38c719e89b89e75fc601589880f14f0b36215
first_v50_original_row_replay=true
first_v50_affine_parameterization_replay=true
previous_pole_v50_rank=38/94
previous_pole_v50_dependent_count=1
previous_pole_v50_all_pivots_beta_independent=true
previous_pole_v50_pivot_digest=3b836c5095ab07200944718960c8876c94f6a9150f4f0259b2ce3f9942a50d43
previous_pole_v50_original_row_replay=true
previous_pole_v50_affine_parameterization_replay=true
current_v50_rank=25/56
current_v50_dependent_count=11
current_v50_all_pivots_beta_independent=true
current_v50_pivot_digest=1c23cc9940757c477ceb44ed4ddc4272b3998ab6112e83cb228d4662c2bff123
current_v50_original_row_replay=true
N13_equals_k_beta_over_25=true
N13_left_null_support=1
N13_left_null_sha256=7f1bc7b18f1830b0c02a400107daa986b973f1966738431b13f35b29b2b679d8
k_inverse_sha256=06d1910b9715c2333a4b14b8691bef49ce3e96e29ec5ae396098a66b2b3ff004
previous_raw_row_count_available=54
previous_raw_quadratic_row_count=36
quadratic_source_positive_control_key=('X-1', 0)
quadratic_source_positive_control_exact=true
dependency_selected_previous_rows_reduced_exactly=true
current_rows_source_lifted=1
current_rows_source_lifted_indices=[13]
previous_rows_source_lifted=2
previous_rows_source_lifted_keys=[('X-1', 0), ('X-1', 14)]
dependency_closed_original_rows_reduced_exactly=true
current_through_previous_and_first_source_replay=true
N13_staged_left_null_relation_exact=true
N13_each_dependency_edge_original_row_replay=true
N13_nested_multiplier_expansion_used=false
N13_one_required_edge_omission_negative_control=true
N13_full_first_previous_current_source_identity_exact_by_DAG=true
genuine_P12_term_count_control=2885
P12_first_original_row_replay=true
P12_first_nonzero_rows=28
P12_first_multiplier_terms=1640
P12_old_tail_and_multiplier_objects_exactly_equal=true
P12_previous_stage_reduction_required=false
V44_full_beta_first_original_row_replay_pinned=true
P12_N13_scalar_glue_exact=true
P12_without_N13_negative_control=true
combined_unit_residual_is_minus_k_over_50=true
DAG_leaf_denominator_count=16
DAG_leaf_denominator_ledger_path=/home/ubuntu/runs/td6_v60_h_raw_r6d_20260825T1231Z/artifacts/DAG_LEAF_DENOMINATORS.tsv
DAG_leaf_denominator_ledger_sha256=259605ae41d2743d7f4280d4f7879d6c16b915a5ce0117a974366e9cc594b385
N13_proof_DAG_path=/home/ubuntu/runs/td6_v60_h_raw_r6d_20260825T1231Z/artifacts/N13_PROOF_DAG.txt
N13_proof_DAG_sha256=9516116934a1b3cbde7894f2eeb8010e45b0c1dc4bfd1192ba2e04dd36148ddb
DAG_leaf_denominator_factor_set=['U', 'V', 'V^4 + 8*V^2*U^3 - 64*U^6', 'V^4 - 32*V^2*U^3 + 128*U^6']
DAG_leaf_denominator_all_factors_emitted=true
DAG_factored_clearing_certificate_explicit=true
V44_termwise_clearing_dependency_exact=true
raw_stratum_fraction_field_source_identity_exact=true
raw_denominator_factor_strata_still_charged=true
whole_raw_stratum_killed=false
full_A3_beta_family_killed=false
whole_TD6_killed=false
SP2_killed=false
JC2_resolved=false
zero_weight_original_rows_not_needed_by_dependency_DAG=true
full_unused_previous_current_row_audit_complete=false
V55_V56_full_row_audit_is_independent_cross_check=true
TD6-A3-Q2-FULL-SOURCE-GLUE-RAW-EDGE-DAG-V60 PASS
