TYPE MEASURED EXACT ARITHMETIC; necessity remains the promoted screen source obligation.
REPLAY total=658 survivors=20 printed=6 excess=14 bank-key equality=True
EXCESS all_us1=True s_prime_counts= {3: 13, 4: 1}
CLASSES characteristic=7 coarse_degree_jacobian=4 ancestral_V_assignments=14
CLASS 1 key= (16, 12, (-12, 6, 13), 3) multiplicity= 3 gcd_chain= [16, 4, 2, 1] tower_pi_degrees= [16, 12, 30, 53] anchor= 2 pair_triangle_count= 244 ancestral_V= [[1, 1], [1, 3], [4, 3]]
CLASS 2 key= (18, 12, (-12, 2, 9), 2) multiplicity= 2 gcd_chain= [18, 6, 2, 1] tower_pi_degrees= [18, 12, 22, 59] anchor= 8 pair_triangle_count= 281 ancestral_V= [[1, 8], [3, 8]]
CLASS 3 key= (18, 12, (-12, 9, 16), 2) multiplicity= 2 gcd_chain= [18, 6, 3, 1] tower_pi_degrees= [18, 12, 15, 23] anchor= 1 pair_triangle_count= 281 ancestral_V= [[2, 5], [3, 5]]
CLASS 4 key= (24, 16, (-16, -12, -2, 5), 1) multiplicity= 1 gcd_chain= [24, 8, 4, 2, 1] tower_pi_degrees= [24, 16, 44, 78, 149] anchor= 18 pair_triangle_count= 478 ancestral_V= [[1, 1, 6]]
CLASS 5 key= (24, 16, (-16, 12, 17), 1) multiplicity= 3 gcd_chain= [24, 8, 4, 1] tower_pi_degrees= [24, 16, 20, 35] anchor= 6 pair_triangle_count= 478 ancestral_V= [[1, 2], [2, 1], [3, 2]]
CLASS 6 key= (24, 18, (-18, -15, 14), 1) multiplicity= 1 gcd_chain= [24, 6, 3, 1] tower_pi_degrees= [24, 18, 69, 109] anchor= 9 pair_triangle_count= 515 ancestral_V= [[1, 9]]
CLASS 7 key= (24, 18, (-18, 9, 20), 1) multiplicity= 2 gcd_chain= [24, 6, 3, 1] tower_pi_degrees= [24, 18, 45, 79] anchor= 3 pair_triangle_count= 515 ancestral_V= [[1, 9], [4, 9]]
ROW 1 {"ancestor": [90, 60, [10, 45, 88], [[2, 1], [3, 8], [4, 4]]], "descent": {"M": [-12, 2, 9], "ancestral_V": [1, 8], "anchor": 8, "d": [18, 6, 2, 1], "ds": 5, "ell": 2, "m": 12, "n": 18, "pair_triangle_count": 281, "s_prime": 3, "tower_pi_degrees": [18, 12, 22, 59], "us": 1}}
ROW 2 {"ancestor": [90, 60, [10, 45, 88], [[2, 3], [3, 8], [4, 4]]], "descent": {"M": [-12, 2, 9], "ancestral_V": [3, 8], "anchor": 8, "d": [18, 6, 2, 1], "ds": 5, "ell": 2, "m": 12, "n": 18, "pair_triangle_count": 281, "s_prime": 3, "tower_pi_degrees": [18, 12, 22, 59], "us": 1}}
ROW 3 {"ancestor": [90, 60, [45, 80, 88], [[2, 2], [3, 5], [4, 4]]], "descent": {"M": [-12, 9, 16], "ancestral_V": [2, 5], "anchor": 1, "d": [18, 6, 3, 1], "ds": 5, "ell": 2, "m": 12, "n": 18, "pair_triangle_count": 281, "s_prime": 3, "tower_pi_degrees": [18, 12, 15, 23], "us": 1}}
ROW 4 {"ancestor": [90, 60, [45, 80, 88], [[2, 3], [3, 5], [4, 4]]], "descent": {"M": [-12, 9, 16], "ancestral_V": [3, 5], "anchor": 1, "d": [18, 6, 3, 1], "ds": 5, "ell": 2, "m": 12, "n": 18, "pair_triangle_count": 281, "s_prime": 3, "tower_pi_degrees": [18, 12, 15, 23], "us": 1}}
ROW 5 {"ancestor": [96, 64, [-48, -8, 20, 94], [[2, 1], [3, 1], [4, 6], [5, 3]]], "descent": {"M": [-16, -12, -2, 5], "ancestral_V": [1, 1, 6], "anchor": 18, "d": [24, 8, 4, 2, 1], "ds": 4, "ell": 1, "m": 16, "n": 24, "pair_triangle_count": 478, "s_prime": 4, "tower_pi_degrees": [24, 16, 44, 78, 149], "us": 1}}
ROW 6 {"ancestor": [96, 64, [48, 68, 94], [[2, 1], [3, 2], [4, 3]]], "descent": {"M": [-16, 12, 17], "ancestral_V": [1, 2], "anchor": 6, "d": [24, 8, 4, 1], "ds": 4, "ell": 1, "m": 16, "n": 24, "pair_triangle_count": 478, "s_prime": 3, "tower_pi_degrees": [24, 16, 20, 35], "us": 1}}
ROW 7 {"ancestor": [96, 64, [48, 68, 94], [[2, 2], [3, 1], [4, 3]]], "descent": {"M": [-16, 12, 17], "ancestral_V": [2, 1], "anchor": 6, "d": [24, 8, 4, 1], "ds": 4, "ell": 1, "m": 16, "n": 24, "pair_triangle_count": 478, "s_prime": 3, "tower_pi_degrees": [24, 16, 20, 35], "us": 1}}
ROW 8 {"ancestor": [96, 64, [48, 68, 94], [[2, 3], [3, 2], [4, 3]]], "descent": {"M": [-16, 12, 17], "ancestral_V": [3, 2], "anchor": 6, "d": [24, 8, 4, 1], "ds": 4, "ell": 1, "m": 16, "n": 24, "pair_triangle_count": 478, "s_prime": 3, "tower_pi_degrees": [24, 16, 20, 35], "us": 1}}
ROW 9 {"ancestor": [96, 72, [-60, 56, 94], [[2, 1], [3, 9], [4, 3]]], "descent": {"M": [-18, -15, 14], "ancestral_V": [1, 9], "anchor": 9, "d": [24, 6, 3, 1], "ds": 4, "ell": 1, "m": 18, "n": 24, "pair_triangle_count": 515, "s_prime": 3, "tower_pi_degrees": [24, 18, 69, 109], "us": 1}}
ROW 10 {"ancestor": [96, 72, [36, 78, 94], [[2, 1], [3, 1], [4, 5]]], "descent": {"M": [-12, 6, 13], "ancestral_V": [1, 1], "anchor": 2, "d": [16, 4, 2, 1], "ds": 6, "ell": 3, "m": 12, "n": 16, "pair_triangle_count": 244, "s_prime": 3, "tower_pi_degrees": [16, 12, 30, 53], "us": 1}}
ROW 11 {"ancestor": [96, 72, [36, 78, 94], [[2, 1], [3, 3], [4, 5]]], "descent": {"M": [-12, 6, 13], "ancestral_V": [1, 3], "anchor": 2, "d": [16, 4, 2, 1], "ds": 6, "ell": 3, "m": 12, "n": 16, "pair_triangle_count": 244, "s_prime": 3, "tower_pi_degrees": [16, 12, 30, 53], "us": 1}}
ROW 12 {"ancestor": [96, 72, [36, 78, 94], [[2, 4], [3, 3], [4, 5]]], "descent": {"M": [-12, 6, 13], "ancestral_V": [4, 3], "anchor": 2, "d": [16, 4, 2, 1], "ds": 6, "ell": 3, "m": 12, "n": 16, "pair_triangle_count": 244, "s_prime": 3, "tower_pi_degrees": [16, 12, 30, 53], "us": 1}}
ROW 13 {"ancestor": [96, 72, [36, 80, 94], [[2, 1], [3, 9], [4, 3]]], "descent": {"M": [-18, 9, 20], "ancestral_V": [1, 9], "anchor": 3, "d": [24, 6, 3, 1], "ds": 4, "ell": 1, "m": 18, "n": 24, "pair_triangle_count": 515, "s_prime": 3, "tower_pi_degrees": [24, 18, 45, 79], "us": 1}}
ROW 14 {"ancestor": [96, 72, [36, 80, 94], [[2, 4], [3, 9], [4, 3]]], "descent": {"M": [-18, 9, 20], "ancestral_V": [4, 9], "anchor": 3, "d": [24, 6, 3, 1], "ds": 4, "ell": 1, "m": 18, "n": 24, "pair_triangle_count": 515, "s_prime": 3, "tower_pi_degrees": [24, 18, 45, 79], "us": 1}}
WALL_SECONDS 0.714
