utc=2026-09-05T14:12:07Z
pid=
utc=2026-09-05T14:12:27Z
pid=8415
VmPeak:	  617176 kB
VmSize:	  617176 kB
VmHWM:	  340728 kB
VmRSS:	  340728 kB
utc=2026-09-05T14:12:47Z
pid=8415
VmPeak:	  696604 kB
VmSize:	  696604 kB
VmHWM:	  420972 kB
VmRSS:	  420972 kB
utc=2026-09-05T14:13:07Z
pid=8415
VmPeak:	  781308 kB
VmSize:	  781308 kB
VmHWM:	  504752 kB
VmRSS:	  504752 kB
utc=2026-09-05T14:13:27Z
pid=8415
VmPeak:	  868000 kB
VmSize:	  868000 kB
VmHWM:	  591292 kB
VmRSS:	  591292 kB
utc=2026-09-05T14:13:47Z
pid=8415
VmPeak:	  950440 kB
VmSize:	  950440 kB
VmHWM:	  674996 kB
VmRSS:	  674996 kB
utc=2026-09-05T14:14:07Z
pid=8415
VmPeak:	 1037116 kB
VmSize:	 1037116 kB
VmHWM:	  761768 kB
VmRSS:	  761768 kB
utc=2026-09-05T14:14:27Z
pid=8415
VmPeak:	 1107068 kB
VmSize:	 1107068 kB
VmHWM:	  831456 kB
VmRSS:	  831456 kB
utc=2026-09-05T14:14:47Z
pid=8415
VmPeak:	 1183080 kB
VmSize:	 1183080 kB
VmHWM:	  906732 kB
VmRSS:	  906732 kB
utc=2026-09-05T14:15:07Z
pid=8415
VmPeak:	 1254984 kB
VmSize:	 1254984 kB
VmHWM:	  979668 kB
VmRSS:	  979668 kB
utc=2026-09-05T14:15:27Z
pid=8415
VmPeak:	 1326860 kB
VmSize:	 1326860 kB
VmHWM:	 1051544 kB
VmRSS:	 1051544 kB
utc=2026-09-05T14:15:47Z
pid=8415
VmPeak:	 1400784 kB
VmSize:	 1396696 kB
VmHWM:	 1125064 kB
VmRSS:	 1121388 kB
utc=2026-09-05T14:16:07Z
pid=8415
VmPeak:	 1464392 kB
VmSize:	 1464392 kB
VmHWM:	 1187792 kB
VmRSS:	 1187792 kB
utc=2026-09-05T14:16:27Z
pid=8415
VmPeak:	 1527976 kB
VmSize:	 1527976 kB
VmHWM:	 1252248 kB
VmRSS:	 1251400 kB
utc=2026-09-05T14:16:47Z
pid=8415
VmPeak:	 1593592 kB
VmSize:	 1593592 kB
VmHWM:	 1317864 kB
VmRSS:	 1317672 kB
utc=2026-09-05T14:17:07Z
pid=8415
VmPeak:	 1665360 kB
VmSize:	 1665360 kB
VmHWM:	 1388296 kB
VmRSS:	 1388296 kB
utc=2026-09-05T14:17:27Z
pid=8415
VmPeak:	 1731008 kB
VmSize:	 1731008 kB
VmHWM:	 1454948 kB
VmRSS:	 1454948 kB
utc=2026-09-05T14:17:47Z
pid=8415
VmPeak:	 1807040 kB
VmSize:	 1802948 kB
VmHWM:	 1531164 kB
VmRSS:	 1527640 kB
utc=2026-09-05T14:18:07Z
pid=8415
VmPeak:	 1872688 kB
VmSize:	 1872688 kB
VmHWM:	 1596876 kB
VmRSS:	 1596876 kB
utc=2026-09-05T14:18:27Z
pid=8415
VmPeak:	 1905988 kB
VmSize:	 1905988 kB
VmHWM:	 1629492 kB
VmRSS:	 1629492 kB
utc=2026-09-05T14:18:47Z
pid=8415
VmPeak:	 1930948 kB
VmSize:	 1930948 kB
VmHWM:	 1654928 kB
VmRSS:	 1654928 kB
utc=2026-09-05T14:19:07Z
pid=8415
VmPeak:	 1968188 kB
VmSize:	 1968188 kB
VmHWM:	 1692588 kB
VmRSS:	 1692588 kB
utc=2026-09-05T14:19:27Z
pid=8415
VmPeak:	 1995244 kB
VmSize:	 1995244 kB
VmHWM:	 1718780 kB
VmRSS:	 1718780 kB
utc=2026-09-05T14:19:47Z
pid=8415
VmPeak:	 2020220 kB
VmSize:	 2020220 kB
VmHWM:	 1743280 kB
VmRSS:	 1743280 kB
utc=2026-09-05T14:20:07Z
pid=8415
VmPeak:	 2047120 kB
VmSize:	 2047120 kB
VmHWM:	 1770692 kB
VmRSS:	 1770692 kB
utc=2026-09-05T14:20:27Z
pid=8415
VmPeak:	 2080132 kB
VmSize:	 2080132 kB
VmHWM:	 1804060 kB
VmRSS:	 1804060 kB
utc=2026-09-05T14:20:47Z
pid=8415
VmPeak:	 2115212 kB
VmSize:	 2115212 kB
VmHWM:	 1839656 kB
VmRSS:	 1839656 kB
utc=2026-09-05T14:21:07Z
pid=8415
VmPeak:	 2148140 kB
VmSize:	 2148140 kB
VmHWM:	 1872276 kB
VmRSS:	 1872276 kB
utc=2026-09-05T14:21:27Z
pid=8415
VmPeak:	 2172892 kB
VmSize:	 2172892 kB
VmHWM:	 1895868 kB
VmRSS:	 1895868 kB
utc=2026-09-05T14:21:47Z
pid=8415
VmPeak:	 2199764 kB
VmSize:	 2199764 kB
VmHWM:	 1923332 kB
VmRSS:	 1923332 kB
utc=2026-09-05T14:22:08Z
pid=8415
VmPeak:	 2232704 kB
VmSize:	 2232704 kB
VmHWM:	 1956068 kB
VmRSS:	 1956068 kB
utc=2026-09-05T14:22:28Z
pid=8415
VmPeak:	 2267664 kB
VmSize:	 2267664 kB
VmHWM:	 1992396 kB
VmRSS:	 1992396 kB
utc=2026-09-05T14:22:48Z
pid=8415
VmPeak:	 2296496 kB
VmSize:	 2296496 kB
VmHWM:	 2019364 kB
VmRSS:	 2019364 kB
utc=2026-09-05T14:23:08Z
pid=8415
VmPeak:	 2329424 kB
VmSize:	 2329424 kB
VmHWM:	 2053476 kB
VmRSS:	 2053476 kB
utc=2026-09-05T14:23:28Z
pid=8415
VmPeak:	 2356228 kB
VmSize:	 2356228 kB
VmHWM:	 2080076 kB
VmRSS:	 2080076 kB
utc=2026-09-05T14:23:48Z
pid=8415
VmPeak:	 2378948 kB
VmSize:	 2378948 kB
VmHWM:	 2103452 kB
VmRSS:	 2103452 kB
utc=2026-09-05T14:24:08Z
pid=8415
VmPeak:	 2405680 kB
VmSize:	 2405680 kB
VmHWM:	 2130240 kB
VmRSS:	 2130240 kB
utc=2026-09-05T14:24:28Z
pid=8415
VmPeak:	 2432444 kB
VmSize:	 2432444 kB
VmHWM:	 2157180 kB
VmRSS:	 2157180 kB
utc=2026-09-05T14:24:48Z
pid=8415
VmPeak:	 2463280 kB
VmSize:	 2463280 kB
VmHWM:	 2186708 kB
VmRSS:	 2186708 kB
utc=2026-09-05T14:25:08Z
pid=8415
VmPeak:	 2496156 kB
VmSize:	 2496156 kB
VmHWM:	 2219764 kB
VmRSS:	 2219764 kB
utc=2026-09-05T14:25:28Z
pid=8415
VmPeak:	 2531032 kB
VmSize:	 2531032 kB
VmHWM:	 2254528 kB
VmRSS:	 2254528 kB
utc=2026-09-05T14:25:48Z
pid=8415
VmPeak:	 2562156 kB
VmSize:	 2562156 kB
VmHWM:	 2286496 kB
VmRSS:	 2286496 kB
utc=2026-09-05T14:26:08Z
pid=8415
VmPeak:	 2584820 kB
VmSize:	 2584820 kB
VmHWM:	 2309556 kB
VmRSS:	 2309556 kB
utc=2026-09-05T14:26:28Z
pid=8415
VmPeak:	 2613600 kB
VmSize:	 2613600 kB
VmHWM:	 2337836 kB
VmRSS:	 2337836 kB
utc=2026-09-05T14:26:48Z
pid=8415
VmPeak:	 2640372 kB
VmSize:	 2640372 kB
VmHWM:	 2365116 kB
VmRSS:	 2365116 kB
utc=2026-09-05T14:27:08Z
pid=8415
VmPeak:	 2667100 kB
VmSize:	 2667100 kB
VmHWM:	 2390892 kB
VmRSS:	 2390892 kB
utc=2026-09-05T14:27:28Z
pid=8415
VmPeak:	 2695872 kB
VmSize:	 2695872 kB
VmHWM:	 2419368 kB
VmRSS:	 2419368 kB
utc=2026-09-05T14:27:48Z
pid=8415
VmPeak:	 2724644 kB
VmSize:	 2724644 kB
VmHWM:	 2448488 kB
VmRSS:	 2448488 kB
utc=2026-09-05T14:28:08Z
pid=8415
VmPeak:	 2755436 kB
VmSize:	 2755436 kB
VmHWM:	 2479224 kB
VmRSS:	 2479224 kB
utc=2026-09-05T14:28:28Z
pid=8415
VmPeak:	 2784168 kB
VmSize:	 2784168 kB
VmHWM:	 2507604 kB
VmRSS:	 2507604 kB
utc=2026-09-05T14:28:48Z
pid=8415
VmPeak:	 2817012 kB
VmSize:	 2817012 kB
VmHWM:	 2540716 kB
VmRSS:	 2540716 kB
utc=2026-09-05T14:29:08Z
pid=8415
VmPeak:	 2843768 kB
VmSize:	 2843768 kB
VmHWM:	 2566916 kB
VmRSS:	 2566916 kB
utc=2026-09-05T14:29:28Z
pid=8415
VmPeak:	 2872516 kB
VmSize:	 2872516 kB
VmHWM:	 2597216 kB
VmRSS:	 2597216 kB
utc=2026-09-05T14:29:48Z
pid=8415
VmPeak:	 2901236 kB
VmSize:	 2899188 kB
VmHWM:	 2624468 kB
VmRSS:	 2623940 kB
utc=2026-09-05T14:30:08Z
pid=8415
VmPeak:	 2929988 kB
VmSize:	 2929988 kB
VmHWM:	 2654736 kB
VmRSS:	 2654736 kB
utc=2026-09-05T14:30:28Z
pid=8415
VmPeak:	 2958724 kB
VmSize:	 2958724 kB
VmHWM:	 2683476 kB
VmRSS:	 2683476 kB
utc=2026-09-05T14:30:48Z
pid=8415
VmPeak:	 2989504 kB
VmSize:	 2989504 kB
VmHWM:	 2713900 kB
VmRSS:	 2713900 kB
utc=2026-09-05T14:31:08Z
pid=8415
VmPeak:	 3020304 kB
VmSize:	 3020304 kB
VmHWM:	 2744032 kB
VmRSS:	 2744032 kB
utc=2026-09-05T14:31:28Z
pid=8415
VmPeak:	 3049088 kB
VmSize:	 3049088 kB
VmHWM:	 2773840 kB
VmRSS:	 2773840 kB
utc=2026-09-05T14:31:48Z
pid=8415
VmPeak:	 3073772 kB
VmSize:	 3073772 kB
VmHWM:	 2797824 kB
VmRSS:	 2797824 kB
utc=2026-09-05T14:32:08Z
pid=8415
VmPeak:	 3100476 kB
VmSize:	 3100476 kB
VmHWM:	 2823508 kB
VmRSS:	 2823508 kB
utc=2026-09-05T14:32:28Z
pid=8415
VmPeak:	 3125124 kB
VmSize:	 3125124 kB
VmHWM:	 2849876 kB
VmRSS:	 2849876 kB
utc=2026-09-05T14:32:48Z
pid=8415
VmPeak:	 3153880 kB
VmSize:	 3153880 kB
VmHWM:	 2877208 kB
VmRSS:	 2877208 kB
utc=2026-09-05T14:33:08Z
pid=8415
VmPeak:	 3176492 kB
VmSize:	 3176492 kB
VmHWM:	 2901252 kB
VmRSS:	 2901252 kB
utc=2026-09-05T14:33:28Z
pid=8415
VmPeak:	 3205244 kB
VmSize:	 3205244 kB
VmHWM:	 2930000 kB
VmRSS:	 2930000 kB
utc=2026-09-05T14:33:48Z
pid=8415
VmPeak:	 3231936 kB
VmSize:	 3231936 kB
VmHWM:	 2956068 kB
VmRSS:	 2956068 kB
utc=2026-09-05T14:34:08Z
pid=8415
VmPeak:	 3258652 kB
VmSize:	 3256604 kB
VmHWM:	 2981364 kB
VmRSS:	 2981364 kB
utc=2026-09-05T14:34:28Z
pid=8415
VmPeak:	 3279184 kB
VmSize:	 3279184 kB
VmHWM:	 3002776 kB
VmRSS:	 3002776 kB
utc=2026-09-05T14:34:48Z
pid=8415
VmPeak:	 3299744 kB
VmSize:	 3299744 kB
VmHWM:	 3024508 kB
VmRSS:	 3024508 kB
utc=2026-09-05T14:35:08Z
pid=8415
VmPeak:	 3322360 kB
VmSize:	 3322360 kB
VmHWM:	 3045520 kB
VmRSS:	 3045520 kB
utc=2026-09-05T14:35:28Z
pid=8415
VmPeak:	 3349056 kB
VmSize:	 3349056 kB
VmHWM:	 3072516 kB
VmRSS:	 3072516 kB
utc=2026-09-05T14:35:48Z
pid=8415
VmPeak:	 3373704 kB
VmSize:	 3373704 kB
VmHWM:	 3096884 kB
VmRSS:	 3096884 kB
utc=2026-09-05T14:36:08Z
pid=8415
VmPeak:	 3400388 kB
VmSize:	 3400388 kB
VmHWM:	 3123948 kB
VmRSS:	 3123948 kB
utc=2026-09-05T14:36:28Z
pid=8415
VmPeak:	 3425220 kB
VmSize:	 3425220 kB
VmHWM:	 3149908 kB
VmRSS:	 3149908 kB
utc=2026-09-05T14:36:48Z
pid=8415
VmPeak:	 3443732 kB
VmSize:	 3443732 kB
VmHWM:	 3168052 kB
VmRSS:	 3168052 kB
utc=2026-09-05T14:37:09Z
pid=8415
VmPeak:	 3466320 kB
VmSize:	 3466320 kB
VmHWM:	 3191084 kB
VmRSS:	 3191084 kB
utc=2026-09-05T14:37:29Z
pid=8415
VmPeak:	 3488912 kB
VmSize:	 3488912 kB
VmHWM:	 3213488 kB
VmRSS:	 3213488 kB
utc=2026-09-05T14:37:49Z
pid=8415
VmPeak:	 3515588 kB
VmSize:	 3513544 kB
VmHWM:	 3239228 kB
VmRSS:	 3238308 kB
utc=2026-09-05T14:38:09Z
pid=8415
VmPeak:	 3538180 kB
VmSize:	 3538180 kB
VmHWM:	 3261196 kB
VmRSS:	 3261196 kB
utc=2026-09-05T14:38:29Z
pid=8415
VmPeak:	 3562812 kB
VmSize:	 3562812 kB
VmHWM:	 3287580 kB
VmRSS:	 3287580 kB
utc=2026-09-05T14:38:49Z
pid=8415
VmPeak:	 3589552 kB
VmSize:	 3589552 kB
VmHWM:	 3314320 kB
VmRSS:	 3314320 kB
utc=2026-09-05T14:39:09Z
pid=8415
VmPeak:	 3612140 kB
VmSize:	 3612140 kB
VmHWM:	 3335632 kB
VmRSS:	 3335632 kB
utc=2026-09-05T14:39:29Z
pid=8415
VmPeak:	 3630624 kB
VmSize:	 3630624 kB
VmHWM:	 3354360 kB
VmRSS:	 3354360 kB
utc=2026-09-05T14:39:49Z
pid=8415
VmPeak:	 3653200 kB
VmSize:	 3653200 kB
VmHWM:	 3377968 kB
VmRSS:	 3377968 kB
utc=2026-09-05T14:40:09Z
pid=8415
VmPeak:	 3679856 kB
VmSize:	 3679856 kB
VmHWM:	 3402988 kB
VmRSS:	 3402988 kB
utc=2026-09-05T14:40:29Z
pid=8415
VmPeak:	 3702424 kB
VmSize:	 3702424 kB
VmHWM:	 3427196 kB
VmRSS:	 3427196 kB
utc=2026-09-05T14:40:49Z
pid=8415
VmPeak:	 3731156 kB
VmSize:	 3731156 kB
VmHWM:	 3455688 kB
VmRSS:	 3455688 kB
utc=2026-09-05T14:41:09Z
pid=8415
VmPeak:	 3755764 kB
VmSize:	 3755764 kB
VmHWM:	 3480536 kB
VmRSS:	 3480536 kB
utc=2026-09-05T14:41:29Z
pid=8415
VmPeak:	 3778356 kB
VmSize:	 3778356 kB
VmHWM:	 3502032 kB
VmRSS:	 3502032 kB
utc=2026-09-05T14:41:49Z
pid=8415
VmPeak:	 3802968 kB
VmSize:	 3798876 kB
VmHWM:	 3527332 kB
VmRSS:	 3523604 kB
utc=2026-09-05T14:42:09Z
pid=8415
VmPeak:	 3827572 kB
VmSize:	 3823480 kB
VmHWM:	 3551924 kB
VmRSS:	 3548256 kB
utc=2026-09-05T14:42:29Z
pid=8415
VmPeak:	 3852184 kB
VmSize:	 3852184 kB
VmHWM:	 3576640 kB
VmRSS:	 3576640 kB
utc=2026-09-05T14:42:49Z
pid=8415
VmPeak:	 3874756 kB
VmSize:	 3874756 kB
VmHWM:	 3599528 kB
VmRSS:	 3599528 kB
utc=2026-09-05T14:43:09Z
pid=8415
VmPeak:	 3897332 kB
VmSize:	 3895300 kB
VmHWM:	 3621148 kB
VmRSS:	 3620076 kB
utc=2026-09-05T14:43:29Z
pid=8415
VmPeak:	 3915872 kB
VmSize:	 3915872 kB
VmHWM:	 3639348 kB
VmRSS:	 3639348 kB
utc=2026-09-05T14:43:49Z
pid=8415
VmPeak:	 3938452 kB
VmSize:	 3938452 kB
VmHWM:	 3662200 kB
VmRSS:	 3662200 kB
utc=2026-09-05T14:44:09Z
pid=8415
VmPeak:	 3961044 kB
VmSize:	 3961044 kB
VmHWM:	 3685820 kB
VmRSS:	 3685820 kB
utc=2026-09-05T14:44:29Z
pid=8415
VmPeak:	 3985660 kB
VmSize:	 3985660 kB
VmHWM:	 3710436 kB
VmRSS:	 3710436 kB
utc=2026-09-05T14:44:49Z
pid=8415
VmPeak:	 4008216 kB
VmSize:	 4008216 kB
VmHWM:	 3732172 kB
VmRSS:	 3732172 kB
utc=2026-09-05T14:45:09Z
pid=8415
VmPeak:	 4034880 kB
VmSize:	 4032832 kB
VmHWM:	 3759248 kB
VmRSS:	 3755580 kB
utc=2026-09-05T14:45:29Z
pid=8415
VmPeak:	 4059488 kB
VmSize:	 4059488 kB
VmHWM:	 3784268 kB
VmRSS:	 3784268 kB
utc=2026-09-05T14:45:49Z
pid=8415
VmPeak:	 4084100 kB
VmSize:	 4084100 kB
VmHWM:	 3808884 kB
VmRSS:	 3808884 kB
utc=2026-09-05T14:46:09Z
pid=8415
VmPeak:	 4104592 kB
VmSize:	 4104592 kB
VmHWM:	 3827480 kB
VmRSS:	 3827480 kB
utc=2026-09-05T14:46:29Z
pid=8415
VmPeak:	 4129400 kB
VmSize:	 4129400 kB
VmHWM:	 3853344 kB
VmRSS:	 3853344 kB
utc=2026-09-05T14:46:49Z
pid=8415
VmPeak:	 4154008 kB
VmSize:	 4154008 kB
VmHWM:	 3877496 kB
VmRSS:	 3877496 kB
utc=2026-09-05T14:47:09Z
pid=8415
VmPeak:	 4186800 kB
VmSize:	 4186800 kB
VmHWM:	 3910828 kB
VmRSS:	 3910828 kB
utc=2026-09-05T14:47:29Z
pid=8415
VmPeak:	 4207332 kB
VmSize:	 4207332 kB
VmHWM:	 3932112 kB
VmRSS:	 3932112 kB
utc=2026-09-05T14:47:49Z
pid=8415
VmPeak:	 4227864 kB
VmSize:	 4227864 kB
VmHWM:	 3951084 kB
VmRSS:	 3951084 kB
utc=2026-09-05T14:48:09Z
pid=8415
VmPeak:	 4252504 kB
VmSize:	 4252504 kB
VmHWM:	 3977280 kB
VmRSS:	 3977280 kB
utc=2026-09-05T14:48:29Z
pid=8415
VmPeak:	 4268912 kB
VmSize:	 4268912 kB
VmHWM:	 3993696 kB
VmRSS:	 3993696 kB
utc=2026-09-05T14:48:49Z
pid=8415
VmPeak:	 4291628 kB
VmSize:	 4291628 kB
VmHWM:	 4015424 kB
VmRSS:	 4015424 kB
utc=2026-09-05T14:49:09Z
pid=8415
VmPeak:	 4310112 kB
VmSize:	 4310112 kB
VmHWM:	 4034896 kB
VmRSS:	 4034896 kB
utc=2026-09-05T14:49:29Z
pid=8415
VmPeak:	 4334736 kB
VmSize:	 4332688 kB
VmHWM:	 4058480 kB
VmRSS:	 4055976 kB
utc=2026-09-05T14:49:49Z
pid=8415
VmPeak:	 4355264 kB
VmSize:	 4355264 kB
VmHWM:	 4079660 kB
VmRSS:	 4079660 kB
utc=2026-09-05T14:50:09Z
pid=8415
VmPeak:	 4377824 kB
VmSize:	 4377824 kB
VmHWM:	 4102028 kB
VmRSS:	 4102028 kB
utc=2026-09-05T14:50:29Z
pid=8415
VmPeak:	 4402452 kB
VmSize:	 4402452 kB
VmHWM:	 4127232 kB
VmRSS:	 4127232 kB
utc=2026-09-05T14:50:49Z
pid=8415
VmPeak:	 4425024 kB
VmSize:	 4425024 kB
VmHWM:	 4149168 kB
VmRSS:	 4149168 kB
utc=2026-09-05T14:51:09Z
pid=8415
VmPeak:	 4443484 kB
VmSize:	 4443484 kB
VmHWM:	 4168268 kB
VmRSS:	 4168268 kB
utc=2026-09-05T14:51:29Z
pid=8415
VmPeak:	 4468080 kB
VmSize:	 4466040 kB
VmHWM:	 4192448 kB
VmRSS:	 4190820 kB
utc=2026-09-05T14:51:49Z
pid=8415
VmPeak:	 4490652 kB
VmSize:	 4490652 kB
VmHWM:	 4214896 kB
VmRSS:	 4214896 kB
utc=2026-09-05T14:52:09Z
pid=8415
VmPeak:	 4513220 kB
VmSize:	 4513220 kB
VmHWM:	 4236672 kB
VmRSS:	 4236672 kB
utc=2026-09-05T14:52:30Z
pid=8415
VmPeak:	 4535796 kB
VmSize:	 4535796 kB
VmHWM:	 4258884 kB
VmRSS:	 4258884 kB
utc=2026-09-05T14:52:50Z
pid=8415
VmPeak:	 4558392 kB
VmSize:	 4558392 kB
VmHWM:	 4281416 kB
VmRSS:	 4281416 kB
utc=2026-09-05T14:53:10Z
pid=8415
VmPeak:	 4580968 kB
VmSize:	 4580968 kB
VmHWM:	 4304160 kB
VmRSS:	 4304160 kB
utc=2026-09-05T14:53:30Z
pid=8415
VmPeak:	 4603532 kB
VmSize:	 4603532 kB
VmHWM:	 4328124 kB
VmRSS:	 4328124 kB
utc=2026-09-05T14:53:50Z
pid=8415
VmPeak:	 4628148 kB
VmSize:	 4628148 kB
VmHWM:	 4352928 kB
VmRSS:	 4352928 kB
utc=2026-09-05T14:54:10Z
pid=8415
VmPeak:	 4650732 kB
VmSize:	 4650732 kB
VmHWM:	 4375512 kB
VmRSS:	 4375512 kB
utc=2026-09-05T14:54:30Z
pid=8415
VmPeak:	 4673304 kB
VmSize:	 4673304 kB
VmHWM:	 4396880 kB
VmRSS:	 4396880 kB
utc=2026-09-05T14:54:50Z
pid=8415
VmPeak:	 4695868 kB
VmSize:	 4695868 kB
VmHWM:	 4420648 kB
VmRSS:	 4420648 kB
utc=2026-09-05T14:55:10Z
pid=8415
VmPeak:	 4720484 kB
VmSize:	 4720484 kB
VmHWM:	 4445264 kB
VmRSS:	 4445264 kB
utc=2026-09-05T14:55:30Z
pid=8415
VmPeak:	 4743056 kB
VmSize:	 4743056 kB
VmHWM:	 4466272 kB
VmRSS:	 4466272 kB
utc=2026-09-05T14:55:50Z
pid=8415
VmPeak:	 4769732 kB
VmSize:	 4769732 kB
VmHWM:	 4494512 kB
VmRSS:	 4494512 kB
utc=2026-09-05T14:56:10Z
pid=8415
VmPeak:	 4790248 kB
VmSize:	 4786156 kB
VmHWM:	 4514584 kB
VmRSS:	 4510508 kB
utc=2026-09-05T14:56:30Z
pid=8415
VmPeak:	 4812840 kB
VmSize:	 4812840 kB
VmHWM:	 4537192 kB
VmRSS:	 4537192 kB
utc=2026-09-05T14:56:50Z
pid=8415
VmPeak:	 4837440 kB
VmSize:	 4837440 kB
VmHWM:	 4561864 kB
VmRSS:	 4561864 kB
utc=2026-09-05T14:57:10Z
pid=8415
VmPeak:	 4866140 kB
VmSize:	 4866140 kB
VmHWM:	 4590404 kB
VmRSS:	 4590404 kB
utc=2026-09-05T14:57:30Z
pid=8415
VmPeak:	 4886664 kB
VmSize:	 4886664 kB
VmHWM:	 4610884 kB
VmRSS:	 4610884 kB
utc=2026-09-05T14:57:50Z
pid=8415
VmPeak:	 4903064 kB
VmSize:	 4901028 kB
VmHWM:	 4627432 kB
VmRSS:	 4624600 kB
utc=2026-09-05T14:58:10Z
pid=8415
VmPeak:	 4927672 kB
VmSize:	 4927672 kB
VmHWM:	 4652012 kB
VmRSS:	 4652012 kB
utc=2026-09-05T14:58:30Z
pid=8415
VmPeak:	 4952272 kB
VmSize:	 4952272 kB
VmHWM:	 4677056 kB
VmRSS:	 4677056 kB
utc=2026-09-05T14:58:50Z
pid=8415
VmPeak:	 4974820 kB
VmSize:	 4974820 kB
VmHWM:	 4699268 kB
VmRSS:	 4699268 kB
utc=2026-09-05T14:59:10Z
pid=8415
VmPeak:	 4997368 kB
VmSize:	 4997368 kB
VmHWM:	 4722152 kB
VmRSS:	 4722152 kB
utc=2026-09-05T14:59:30Z
pid=8415
VmPeak:	 5015832 kB
VmSize:	 5015832 kB
VmHWM:	 4740616 kB
VmRSS:	 4740616 kB
utc=2026-09-05T14:59:50Z
pid=8415
VmPeak:	 5038400 kB
VmSize:	 5038400 kB
VmHWM:	 4762992 kB
VmRSS:	 4762992 kB
utc=2026-09-05T15:00:10Z
pid=8415
VmPeak:	 5067096 kB
VmSize:	 5065048 kB
VmHWM:	 4791464 kB
VmRSS:	 4789832 kB
utc=2026-09-05T15:00:30Z
pid=8415
VmPeak:	 5091724 kB
VmSize:	 5091724 kB
VmHWM:	 4815060 kB
VmRSS:	 4815060 kB
utc=2026-09-05T15:00:50Z
pid=8415
VmPeak:	 5110196 kB
VmSize:	 5110196 kB
VmHWM:	 4834976 kB
VmRSS:	 4834976 kB
utc=2026-09-05T15:01:10Z
pid=8415
VmPeak:	 5130716 kB
VmSize:	 5128672 kB
VmHWM:	 4854736 kB
VmRSS:	 4853448 kB
utc=2026-09-05T15:01:30Z
pid=8415
VmPeak:	 5155320 kB
VmSize:	 5155320 kB
VmHWM:	 4879656 kB
VmRSS:	 4879656 kB
utc=2026-09-05T15:01:50Z
pid=8415
VmPeak:	 5177876 kB
VmSize:	 5177876 kB
VmHWM:	 4902656 kB
VmRSS:	 4902656 kB
utc=2026-09-05T15:02:10Z
pid=8415
VmPeak:	 5192252 kB
VmSize:	 5192252 kB
VmHWM:	 4915936 kB
VmRSS:	 4915936 kB
utc=2026-09-05T15:02:30Z
pid=8415
VmPeak:	 5218904 kB
VmSize:	 5218904 kB
VmHWM:	 4943684 kB
VmRSS:	 4943684 kB
