	Command being timed: "timeout 28800 /home/ubuntu/venvs/td6/bin/python jc2/cases/td6_c1_c2_c3_q2_n13_v34_20260825/replay.py"
	User time (seconds): 4902.68
	System time (seconds): 0.28
	Percent of CPU this job got: 99%
	Elapsed (wall clock) time (h:mm:ss or m:ss): 1:21:43
	Average shared text size (kbytes): 0
	Average unshared data size (kbytes): 0
	Average stack size (kbytes): 0
	Average total size (kbytes): 0
	Maximum resident set size (kbytes): 465104
	Average resident set size (kbytes): 0
	Major (requiring I/O) page faults: 0
	Minor (reclaiming a frame) page faults: 119367
	Voluntary context switches: 4
	Involuntary context switches: 4402
	Swaps: 0
	File system inputs: 264
	File system outputs: 9800
	Socket messages sent: 0
	Socket messages received: 0
	Signals delivered: 0
	Page size (bytes): 4096
	Exit status: 0
