F10-DECISION/1
ARTIFACT|168bdfd3a791f24a6631de66ae4e71c3f209ee9eb0d21fc466f9aa802f5ad576
RING|Q|dp|u,ell,d0,d1,v0,v1,v2,k1,k2,k3,k4,omega
POLY|ROW/0
TERM|3,0,2,1,0,0,0,0,0,0,0,0|-1|35
TERM|4,0,0,2,0,0,0,0,0,0,0,0|1|105
TERM|3,0,0,1,1,0,0,0,0,0,0,0|-2|35
TERM|3,0,1,0,0,1,0,0,0,0,0,0|-2|35
TERM|4,0,0,0,0,0,1,0,0,0,0,0|8|315
TERM|2,1,0,1,0,0,0,0,0,0,0,0|1|15
TERM|2,0,0,0,2,0,0,0,0,0,0,0|1|5
TERM|2,0,1,0,0,0,0,1,0,0,0,0|-1|10
TERM|3,0,0,0,0,0,0,0,1,0,0,0|4|105
TERM|1,1,0,0,1,0,0,0,0,0,0,0|-1|3
TERM|2,0,0,0,0,1,0,0,0,0,0,0|-2|15
TERM|1,0,0,1,0,0,0,0,0,0,0,0|1|15
TERM|1,0,0,0,0,0,0,1,0,0,0,0|-1|6
TERM|1,0,0,0,0,0,0,0,0,0,0,0|-1|1
ENDPOLY
POLY|ROW/1
TERM|2,0,3,1,0,0,0,0,0,0,0,0|-6|35
TERM|3,0,1,2,0,0,0,0,0,0,0,0|4|21
TERM|2,0,1,1,1,0,0,0,0,0,0,0|-8|7
TERM|2,0,2,0,0,1,0,0,0,0,0,0|2|35
TERM|3,0,1,0,0,0,1,0,0,0,0,0|-8|315
TERM|1,1,1,1,0,0,0,0,0,0,0,0|14|15
TERM|1,0,2,1,0,0,0,0,0,0,0,0|4|35
TERM|2,0,0,2,0,0,0,0,0,0,0,0|-6|35
TERM|1,0,1,0,2,0,0,0,0,0,0,0|4|5
TERM|1,0,2,0,0,0,0,1,0,0,0,0|-2|5
TERM|2,0,0,1,0,0,0,1,0,0,0,0|2|5
TERM|2,0,1,0,0,0,0,0,1,0,0,0|-4|105
TERM|0,1,1,0,1,0,0,0,0,0,0,0|-2|3
TERM|1,0,0,1,1,0,0,0,0,0,0,0|36|35
TERM|1,0,1,0,0,1,0,0,0,0,0,0|-4|105
TERM|2,0,0,0,0,0,1,0,0,0,0,0|8|105
TERM|1,0,0,0,1,0,0,1,0,0,0,0|-2|1
TERM|0,1,0,1,0,0,0,0,0,0,0,0|-4|5
TERM|0,0,1,1,0,0,0,0,0,0,0,0|2|15
TERM|0,0,0,0,2,0,0,0,0,0,0,0|-2|5
TERM|0,1,0,0,0,0,0,1,0,0,0,0|2|1
TERM|0,0,1,0,0,0,0,1,0,0,0,0|-2|15
TERM|1,0,0,0,0,0,0,0,1,0,0,0|4|35
TERM|0,0,0,0,0,1,0,0,0,0,0,0|-2|5
ENDPOLY
POLY|ROW/2
TERM|1,0,4,1,0,0,0,0,0,0,0,0|-1|6
TERM|2,0,2,2,0,0,0,0,0,0,0,0|7|11
TERM|3,0,0,3,0,0,0,0,0,0,0,0|349|2145
TERM|1,0,2,1,1,0,0,0,0,0,0,0|-9|5
TERM|2,0,0,2,1,0,0,0,0,0,0,0|-61|55
TERM|1,0,3,0,0,1,0,0,0,0,0,0|13|30
TERM|2,0,1,1,0,1,0,0,0,0,0,0|-7|22
TERM|2,0,2,0,0,0,1,0,0,0,0,0|-1|110
TERM|3,0,0,1,0,0,1,0,0,0,0,0|-106|6435
TERM|0,1,2,1,0,0,0,0,0,0,0,0|4|5
TERM|0,0,3,1,0,0,0,0,0,0,0,0|1|10
TERM|1,1,0,2,0,0,0,0,0,0,0,0|4|5
TERM|1,0,1,2,0,0,0,0,0,0,0,0|-6|5
TERM|0,0,2,0,2,0,0,0,0,0,0,0|2|5
TERM|1,0,0,1,2,0,0,0,0,0,0,0|7|5
TERM|1,0,1,0,1,1,0,0,0,0,0,0|17|10
TERM|2,0,0,0,0,2,0,0,0,0,0,0|-2|33
TERM|2,0,0,0,1,0,1,0,0,0,0,0|2|165
TERM|0,0,3,0,0,0,0,1,0,0,0,0|-1|5
TERM|1,0,1,1,0,0,0,1,0,0,0,0|5|2
TERM|1,0,2,0,0,0,0,0,1,0,0,0|-9|10
TERM|2,0,0,1,0,0,0,0,1,0,0,0|112|165
TERM|2,0,1,0,0,0,0,0,0,1,0,0|1|22
TERM|3,0,0,0,0,0,0,0,0,0,1,0|-8|143
TERM|0,1,0,1,1,0,0,0,0,0,0,0|-16|15
TERM|0,0,1,1,1,0,0,0,0,0,0,0|8|5
TERM|0,0,0,0,3,0,0,0,0,0,0,0|-1|5
TERM|0,1,1,0,0,1,0,0,0,0,0,0|-2|1
TERM|0,0,2,0,0,1,0,0,0,0,0,0|-1|10
TERM|1,0,0,1,0,1,0,0,0,0,0,0|1|2
TERM|1,1,0,0,0,0,1,0,0,0,0,0|1|3
TERM|1,0,1,0,0,0,1,0,0,0,0,0|-1|3
TERM|0,0,1,0,1,0,0,1,0,0,0,0|-19|10
TERM|1,0,0,0,0,1,0,1,0,0,0,0|-1|6
TERM|1,0,0,0,1,0,0,0,1,0,0,0|-52|15
TERM|0,0,0,2,0,0,0,0,0,0,0,0|8|15
TERM|0,0,0,0,1,1,0,0,0,0,0,0|-17|10
TERM|0,0,0,1,0,0,0,1,0,0,0,0|-29|15
TERM|0,0,0,0,0,0,0,2,0,0,0,0|5|2
TERM|0,1,0,0,0,0,0,0,1,0,0,0|4|1
TERM|0,0,1,0,0,0,0,0,1,0,0,0|-1|2
TERM|1,0,0,0,0,0,0,0,0,1,0,0|1|2
TERM|0,0,0,0,0,0,1,0,0,0,0,0|-5|6
ENDPOLY
POLY|ROW/3
TERM|0,0,5,1,0,0,0,0,0,0,0,0|-1|21
TERM|1,0,3,2,0,0,0,0,0,0,0,0|155|231
TERM|2,0,1,3,0,0,0,0,0,0,0,0|1142|1001
TERM|0,0,3,1,1,0,0,0,0,0,0,0|-5|7
TERM|1,0,1,2,1,0,0,0,0,0,0,0|-276|77
TERM|0,0,4,0,0,1,0,0,0,0,0,0|5|21
TERM|1,0,2,1,0,1,0,0,0,0,0,0|-16|11
TERM|2,0,0,2,0,1,0,0,0,0,0,0|-3|7
TERM|1,0,3,0,0,0,1,0,0,0,0,0|475|693
TERM|2,0,1,1,0,0,1,0,0,0,0,0|-499|1001
TERM|0,1,1,2,0,0,0,0,0,0,0,0|4|3
TERM|0,0,2,2,0,0,0,0,0,0,0,0|-78|77
TERM|1,0,0,3,0,0,0,0,0,0,0,0|-852|1001
TERM|0,0,1,1,2,0,0,0,0,0,0,0|10|7
TERM|0,0,2,0,1,1,0,0,0,0,0,0|10|7
TERM|1,0,0,1,1,1,0,0,0,0,0,0|18|7
TERM|1,0,1,0,0,2,0,0,0,0,0,0|-64|231
TERM|1,0,1,0,1,0,1,0,0,0,0,0|565|231
TERM|2,0,0,0,0,1,1,0,0,0,0,0|4|21
TERM|0,0,2,1,0,0,0,1,0,0,0,0|13|7
TERM|1,0,0,2,0,0,0,1,0,0,0,0|12|7
TERM|0,0,3,0,0,0,0,0,1,0,0,0|-5|7
TERM|1,0,1,1,0,0,0,0,1,0,0,0|269|77
TERM|1,0,2,0,0,0,0,0,0,1,0,0|-15|11
TERM|2,0,0,1,0,0,0,0,0,1,0,0|1|1
TERM|2,0,1,0,0,0,0,0,0,0,1,0|20|143
TERM|0,0,0,2,1,0,0,0,0,0,0,0|124|77
TERM|0,1,0,1,0,1,0,0,0,0,0,0|-2|1
TERM|0,0,1,1,0,1,0,0,0,0,0,0|722|231
TERM|0,0,0,0,2,1,0,0,0,0,0,0|-1|1
TERM|0,1,1,0,0,0,1,0,0,0,0,0|-10|3
TERM|0,0,2,0,0,0,1,0,0,0,0,0|-5|33
TERM|1,0,0,1,0,0,1,0,0,0,0,0|353|1001
TERM|0,0,0,1,1,0,0,1,0,0,0,0|-16|7
TERM|0,0,1,0,0,1,0,1,0,0,0,0|-97|21
TERM|1,0,0,0,0,0,1,1,0,0,0,0|5|21
TERM|0,0,1,0,1,0,0,0,1,0,0,0|-55|21
TERM|1,0,0,0,0,1,0,0,1,0,0,0|2|7
TERM|1,0,0,0,1,0,0,0,0,1,0,0|-5|1
TERM|0,0,0,0,0,2,0,0,0,0,0,0|-16|11
TERM|0,0,0,0,1,0,1,0,0,0,0,0|-85|33
TERM|0,0,0,1,0,0,0,0,1,0,0,0|-246|77
TERM|0,0,0,0,0,0,0,1,1,0,0,0|55|7
TERM|0,1,0,0,0,0,0,0,0,1,0,0|6|1
TERM|0,0,1,0,0,0,0,0,0,1,0,0|-10|11
TERM|1,0,0,0,0,0,0,0,0,0,1,0|392|429
ENDPOLY
POLY|ROW/4
TERM|0,0,4,2,0,0,0,0,0,0,0,0|53|231
TERM|1,0,2,3,0,0,0,0,0,0,0,0|148|77
TERM|2,0,0,4,0,0,0,0,0,0,0,0|2568|6545
TERM|0,0,2,2,1,0,0,0,0,0,0,0|-172|77
TERM|1,0,0,3,1,0,0,0,0,0,0,0|-592|385
TERM|0,0,3,1,0,1,0,0,0,0,0,0|-493|462
TERM|1,0,1,2,0,1,0,0,0,0,0,0|-1278|385
TERM|0,0,4,0,0,0,1,0,0,0,0,0|56|99
TERM|1,0,2,1,0,0,1,0,0,0,0,0|-2143|1155
TERM|2,0,0,2,0,0,1,0,0,0,0,0|-3697|6545
TERM|0,1,0,3,0,0,0,0,0,0,0,0|8|15
TERM|0,0,1,3,0,0,0,0,0,0,0,0|-8|5
TERM|0,0,0,2,2,0,0,0,0,0,0,0|344|385
TERM|0,0,1,1,1,1,0,0,0,0,0,0|1766|385
TERM|0,0,2,0,0,2,0,0,0,0,0,0|265|154
TERM|1,0,0,1,0,2,0,0,0,0,0,0|131|330
TERM|0,0,2,0,1,0,1,0,0,0,0,0|56|33
TERM|1,0,0,1,1,0,1,0,0,0,0,0|346|105
TERM|1,0,1,0,0,1,1,0,0,0,0,0|-89|70
TERM|2,0,0,0,0,0,2,0,0,0,0,0|757|1785
TERM|0,0,1,2,0,0,0,1,0,0,0,0|14|5
TERM|0,0,2,1,0,0,0,0,1,0,0,0|753|385
TERM|1,0,0,2,0,0,0,0,1,0,0,0|852|385
TERM|0,0,3,0,0,0,0,0,0,1,0,0|-14|11
TERM|1,0,1,1,0,0,0,0,0,1,0,0|249|55
TERM|1,0,2,0,0,0,0,0,0,0,1,0|-20|11
TERM|2,0,0,1,0,0,0,0,0,0,1,0|1248|935
TERM|0,0,0,2,0,1,0,0,0,0,0,0|38|15
TERM|0,0,0,0,1,2,0,0,0,0,0,0|-35|22
TERM|0,1,0,1,0,0,1,0,0,0,0,0|-44|15
TERM|0,0,1,1,0,0,1,0,0,0,0,0|22|5
TERM|0,0,0,0,2,0,1,0,0,0,0,0|-217|165
TERM|0,0,0,1,0,1,0,1,0,0,0,0|-56|15
TERM|0,0,1,0,0,0,1,1,0,0,0,0|-203|30
TERM|0,0,0,1,1,0,0,0,1,0,0,0|-3532|1155
TERM|0,0,1,0,0,1,0,0,1,0,0,0|-93|14
TERM|1,0,0,0,0,0,1,0,1,0,0,0|124|105
TERM|0,0,1,0,1,0,0,0,0,1,0,0|-35|11
TERM|1,0,0,0,0,1,0,0,0,1,0,0|1|2
TERM|1,0,0,0,1,0,0,0,0,0,1,0|-72|11
TERM|0,0,0,0,0,1,1,0,0,0,0,0|-119|30
TERM|0,0,0,0,0,0,0,0,2,0,0,0|40|7
TERM|0,0,0,1,0,0,0,0,0,1,0,0|-22|5
TERM|0,0,0,0,0,0,0,1,0,1,0,0|21|2
TERM|0,1,0,0,0,0,0,0,0,0,1,0|8|1
TERM|0,0,1,0,0,0,0,0,0,0,1,0|-4|3
ENDPOLY
POLY|ROW/5
TERM|0,0,3,3,0,0,0,0,0,0,0,0|2752|3003
TERM|1,0,1,4,0,0,0,0,0,0,0,0|24320|17017
TERM|0,0,1,3,1,0,0,0,0,0,0,0|-2048|1001
TERM|0,0,2,2,0,1,0,0,0,0,0,0|-272|77
TERM|1,0,0,3,0,1,0,0,0,0,0,0|-6816|5005
TERM|0,0,3,1,0,0,1,0,0,0,0,0|-7960|9009
TERM|1,0,1,2,0,0,1,0,0,0,0,0|-148256|36465
TERM|0,0,0,4,0,0,0,0,0,0,0,0|-128|221
TERM|0,0,0,2,1,1,0,0,0,0,0,0|992|385
TERM|0,0,1,1,0,2,0,0,0,0,0,0|136|35
TERM|0,0,1,1,1,0,1,0,0,0,0,0|84608|15015
TERM|0,0,2,0,0,1,1,0,0,0,0,0|1088|231
TERM|1,0,0,1,0,1,1,0,0,0,0,0|2824|5005
TERM|1,0,1,0,0,0,2,0,0,0,0,0|-152|119
TERM|0,0,0,3,0,0,0,1,0,0,0,0|64|65
TERM|0,0,1,2,0,0,0,0,1,0,0,0|1312|385
TERM|0,0,2,1,0,0,0,0,0,1,0,0|696|385
TERM|1,0,0,2,0,0,0,0,0,1,0,0|96|35
TERM|0,0,3,0,0,0,0,0,0,0,1,0|-24|13
TERM|1,0,1,1,0,0,0,0,0,0,1,0|67568|12155
TERM|0,0,0,0,0,3,0,0,0,0,0,0|-8|11
TERM|0,0,0,2,0,0,1,0,0,0,0,0|11008|3315
TERM|0,0,0,0,1,1,1,0,0,0,0,0|-136|33
TERM|0,0,0,1,0,0,1,1,0,0,0,0|-976|195
TERM|0,0,0,1,0,1,0,0,1,0,0,0|-1968|385
TERM|0,0,1,0,0,0,1,0,1,0,0,0|-200|21
TERM|0,0,0,1,1,0,0,0,0,1,0,0|-128|35
TERM|0,0,1,0,0,1,0,0,0,1,0,0|-640|77
TERM|1,0,0,0,0,0,1,0,0,1,0,0|12|7
TERM|0,0,1,0,1,0,0,0,0,0,1,0|-48|13
TERM|1,0,0,0,0,1,0,0,0,0,1,0|284|429
TERM|0,0,0,0,0,0,2,0,0,0,0,0|-130|51
TERM|0,0,0,0,0,0,0,0,1,1,0,0|102|7
TERM|0,0,0,1,0,0,0,0,0,0,1,0|-18532|3315
TERM|0,0,0,0,0,0,0,1,0,0,1,0|170|13
ENDPOLY
POLY|ROW/6
TERM|0,0,2,4,0,0,0,0,0,0,0,0|18272|17017
TERM|1,0,0,5,0,0,0,0,0,0,0,0|17008|51051
TERM|0,0,0,4,1,0,0,0,0,0,0,0|-9936|17017
TERM|0,0,1,3,0,1,0,0,0,0,0,0|-3004|1001
TERM|0,0,2,2,0,0,1,0,0,0,0,0|-204574|51051
TERM|1,0,0,3,0,0,1,0,0,0,0,0|-1225232|765765
TERM|0,0,0,2,0,2,0,0,0,0,0,0|102|55
TERM|0,0,0,2,1,0,1,0,0,0,0,0|794384|255255
TERM|0,0,1,1,0,1,1,0,0,0,0,0|149612|15015
TERM|0,0,2,0,0,0,2,0,0,0,0,0|1846|561
TERM|1,0,0,1,0,0,2,0,0,0,0,0|-1549|85085
TERM|0,0,0,3,0,0,0,0,1,0,0,0|6112|5005
TERM|0,0,1,2,0,0,0,0,0,1,0,0|204|55
TERM|0,0,2,1,0,0,0,0,0,0,1,0|12184|7735
TERM|1,0,0,2,0,0,0,0,0,0,1,0|278184|85085
TERM|0,0,0,0,0,2,1,0,0,0,0,0|-89|33
TERM|0,0,0,0,1,0,2,0,0,0,0,0|-1475|561
TERM|0,0,0,1,0,0,1,0,1,0,0,0|-102308|15015
TERM|0,0,0,1,0,1,0,0,0,1,0,0|-31|5
TERM|0,0,1,0,0,0,1,0,0,1,0,0|-129|11
TERM|0,0,0,1,1,0,0,0,0,0,1,0|-32472|7735
TERM|0,0,1,0,0,1,0,0,0,0,1,0|-2692|273
TERM|1,0,0,0,0,0,1,0,0,0,1,0|6472|3003
TERM|0,0,0,0,0,0,0,0,0,2,0,0|9|1
TERM|0,0,0,0,0,0,0,0,1,0,1,0|1600|91
ENDPOLY
POLY|ROW/7
TERM|0,0,1,5,0,0,0,0,0,0,0,0|352|663
TERM|0,0,0,4,0,1,0,0,0,0,0,0|-176|221
TERM|0,0,1,3,0,0,1,0,0,0,0,0|-6952|1989
TERM|0,0,0,2,0,1,1,0,0,0,0,0|15136|3315
TERM|0,0,1,1,0,0,2,0,0,0,0,0|21428|3315
TERM|0,0,0,3,0,0,0,0,0,1,0,0|88|65
TERM|0,0,1,2,0,0,0,0,0,0,1,0|4312|1105
TERM|0,0,0,0,0,1,2,0,0,0,0,0|-166|51
TERM|0,0,0,1,0,0,1,0,0,1,0,0|-534|65
TERM|0,0,0,1,0,1,0,0,0,0,1,0|-23824|3315
TERM|0,0,1,0,0,0,1,0,0,0,1,0|-536|39
TERM|0,0,0,0,0,0,0,0,0,1,1,0|276|13
ENDPOLY
POLY|ROW/8
TERM|0,0,0,6,0,0,0,0,0,0,0,0|64|663
TERM|0,0,0,4,0,0,1,0,0,0,0,0|-1840|1989
TERM|0,0,0,2,0,0,2,0,0,0,0,0|1880|663
TERM|0,0,0,3,0,0,0,0,0,0,1,0|320|221
TERM|0,0,0,0,0,0,3,0,0,0,0,0|-65|51
TERM|0,0,0,1,0,0,1,0,0,0,1,0|-6280|663
TERM|0,0,0,0,0,0,0,0,0,0,2,0|160|13
ENDPOLY
POLY|ROW/9
TERM|3,0,3,1,0,0,0,0,0,0,0,0|3|35
TERM|4,0,1,2,0,0,0,0,0,0,0,0|-2|21
TERM|3,0,1,1,1,0,0,0,0,0,0,0|4|7
TERM|3,0,2,0,0,1,0,0,0,0,0,0|-1|35
TERM|4,0,1,0,0,0,1,0,0,0,0,0|4|315
TERM|2,1,1,1,0,0,0,0,0,0,0,0|-7|15
TERM|2,0,2,1,0,0,0,0,0,0,0,0|-3|35
TERM|3,0,0,2,0,0,0,0,0,0,0,0|2|21
TERM|2,0,1,0,2,0,0,0,0,0,0,0|-2|5
TERM|2,0,2,0,0,0,0,1,0,0,0,0|1|5
TERM|3,0,0,1,0,0,0,1,0,0,0,0|-1|5
TERM|3,0,1,0,0,0,0,0,1,0,0,0|2|105
TERM|1,1,1,0,1,0,0,0,0,0,0,0|1|3
TERM|2,0,0,1,1,0,0,0,0,0,0,0|-4|7
TERM|2,0,1,0,0,1,0,0,0,0,0,0|-4|105
TERM|3,0,0,0,0,0,1,0,0,0,0,0|-4|315
TERM|2,0,0,0,1,0,0,1,0,0,0,0|1|1
TERM|1,1,0,1,0,0,0,0,0,0,0,0|7|15
TERM|1,0,1,1,0,0,0,0,0,0,0,0|-1|15
TERM|1,0,0,0,2,0,0,0,0,0,0,0|2|5
TERM|1,1,0,0,0,0,0,1,0,0,0,0|-1|1
TERM|1,0,1,0,0,0,0,1,0,0,0,0|-1|30
TERM|2,0,0,0,0,0,0,0,1,0,0,0|-2|105
TERM|0,1,0,0,1,0,0,0,0,0,0,0|-1|3
TERM|1,0,0,0,0,1,0,0,0,0,0,0|1|15
TERM|0,0,0,1,0,0,0,0,0,0,0,0|1|15
TERM|0,0,0,0,0,0,0,1,0,0,0,0|-1|6
TERM|0,0,0,0,0,0,0,0,0,0,0,0|-1|1
ENDPOLY
POLY|ROW/10
TERM|2,0,4,1,0,0,0,0,0,0,0,0|3|35
TERM|3,0,2,2,0,0,0,0,0,0,0,0|-12|35
TERM|4,0,0,3,0,0,0,0,0,0,0,0|-2|21
TERM|2,0,2,1,1,0,0,0,0,0,0,0|31|35
TERM|3,0,0,2,1,0,0,0,0,0,0,0|2|3
TERM|2,0,3,0,0,1,0,0,0,0,0,0|-8|35
TERM|3,0,1,1,0,1,0,0,0,0,0,0|6|35
TERM|3,0,2,0,0,0,1,0,0,0,0,0|-1|105
TERM|4,0,0,1,0,0,1,0,0,0,0,0|4|315
TERM|1,1,2,1,0,0,0,0,0,0,0,0|-2|5
TERM|1,0,3,1,0,0,0,0,0,0,0,0|-4|35
TERM|2,1,0,2,0,0,0,0,0,0,0,0|-7|15
TERM|2,0,1,2,0,0,0,0,0,0,0,0|27|35
TERM|1,0,2,0,2,0,0,0,0,0,0,0|-1|5
TERM|2,0,0,1,2,0,0,0,0,0,0,0|-34|35
TERM|2,0,1,0,1,1,0,0,0,0,0,0|-34|35
TERM|3,0,0,0,1,0,1,0,0,0,0,0|-4|315
TERM|1,0,3,0,0,0,0,1,0,0,0,0|1|10
TERM|2,0,1,1,0,0,0,1,0,0,0,0|-7|5
TERM|2,0,2,0,0,0,0,0,1,0,0,0|17|35
TERM|3,0,0,1,0,0,0,0,1,0,0,0|-8|21
TERM|1,1,0,1,1,0,0,0,0,0,0,0|4|5
TERM|1,0,1,1,1,0,0,0,0,0,0,0|-10|7
TERM|1,0,0,0,3,0,0,0,0,0,0,0|2|5
TERM|1,1,1,0,0,1,0,0,0,0,0,0|1|1
TERM|1,0,2,0,0,1,0,0,0,0,0,0|6|35
TERM|2,0,0,1,0,1,0,0,0,0,0,0|-4|15
TERM|2,0,1,0,0,0,1,0,0,0,0,0|2|35
TERM|1,0,1,0,1,0,0,1,0,0,0,0|4|5
TERM|2,0,0,0,1,0,0,0,1,0,0,0|208|105
TERM|0,1,1,1,0,0,0,0,0,0,0,0|2|5
TERM|0,0,2,1,0,0,0,0,0,0,0,0|1|35
TERM|1,0,0,2,0,0,0,0,0,0,0,0|-43|105
TERM|0,1,0,0,2,0,0,0,0,0,0,0|-1|3
TERM|0,0,1,0,2,0,0,0,0,0,0,0|1|5
TERM|1,0,0,0,1,1,0,0,0,0,0,0|16|15
TERM|0,0,2,0,0,0,0,1,0,0,0,0|-1|10
TERM|1,0,0,1,0,0,0,1,0,0,0,0|41|30
TERM|1,0,0,0,0,0,0,2,0,0,0,0|-3|2
TERM|1,1,0,0,0,0,0,0,1,0,0,0|-2|1
TERM|1,0,1,0,0,0,0,0,1,0,0,0|3|35
TERM|0,0,0,1,1,0,0,0,0,0,0,0|11|21
TERM|0,1,0,0,0,1,0,0,0,0,0,0|-1|1
TERM|0,0,1,0,0,1,0,0,0,0,0,0|2|35
TERM|1,0,0,0,0,0,1,0,0,0,0,0|-1|21
TERM|0,0,0,0,1,0,0,1,0,0,0,0|-7|6
TERM|0,0,0,0,0,0,0,0,1,0,0,0|-4|7
ENDPOLY
POLY|ROW/11
TERM|1,0,5,1,0,0,0,0,0,0,0,0|1|42
TERM|2,0,3,2,0,0,0,0,0,0,0,0|-136|385
TERM|3,0,1,3,0,0,0,0,0,0,0,0|-3287|5005
TERM|1,0,3,1,1,0,0,0,0,0,0,0|2|7
TERM|2,0,1,2,1,0,0,0,0,0,0,0|163|77
TERM|1,0,4,0,0,1,0,0,0,0,0,0|-5|42
TERM|2,0,2,1,0,1,0,0,0,0,0,0|113|154
TERM|3,0,0,2,0,1,0,0,0,0,0,0|31|105
TERM|2,0,3,0,0,0,1,0,0,0,0,0|-59|154
TERM|3,0,1,1,0,0,1,0,0,0,0,0|4357|15015
TERM|0,0,4,1,0,0,0,0,0,0,0,0|-1|42
TERM|1,1,1,2,0,0,0,0,0,0,0,0|-2|3
TERM|1,0,2,2,0,0,0,0,0,0,0,0|312|385
TERM|2,0,0,3,0,0,0,0,0,0,0,0|2858|5005
TERM|1,0,1,1,2,0,0,0,0,0,0,0|-51|35
TERM|1,0,2,0,1,1,0,0,0,0,0,0|-39|70
TERM|2,0,0,1,1,1,0,0,0,0,0,0|-62|35
TERM|2,0,1,0,0,2,0,0,0,0,0,0|-2|1155
TERM|2,0,1,0,1,0,1,0,0,0,0,0|-1709|1155
TERM|3,0,0,0,0,1,1,0,0,0,0,0|-4|315
TERM|1,0,2,1,0,0,0,1,0,0,0,0|-69|70
TERM|2,0,0,2,0,0,0,1,0,0,0,0|-34|35
TERM|1,0,3,0,0,0,0,0,1,0,0,0|5|14
TERM|2,0,1,1,0,0,0,0,1,0,0,0|-155|77
TERM|2,0,2,0,0,0,0,0,0,1,0,0|17|22
TERM|3,0,0,1,0,0,0,0,0,1,0,0|-3|5
TERM|3,0,1,0,0,0,0,0,0,0,1,0|-4|143
TERM|0,1,1,1,1,0,0,0,0,0,0,0|2|5
TERM|0,0,2,1,1,0,0,0,0,0,0,0|-12|35
TERM|1,0,0,2,1,0,0,0,0,0,0,0|-584|385
TERM|0,0,1,0,3,0,0,0,0,0,0,0|1|5
TERM|0,0,3,0,0,1,0,0,0,0,0,0|5|42
TERM|1,1,0,1,0,1,0,0,0,0,0,0|22|15
TERM|1,0,1,1,0,1,0,0,0,0,0,0|-911|462
TERM|1,0,0,0,2,1,0,0,0,0,0,0|7|5
TERM|1,1,1,0,0,0,1,0,0,0,0,0|5|3
TERM|1,0,2,0,0,0,1,0,0,0,0,0|50|231
TERM|2,0,0,1,0,0,1,0,0,0,0,0|-757|3003
TERM|0,0,2,0,1,0,0,1,0,0,0,0|-1|10
TERM|1,0,0,1,1,0,0,1,0,0,0,0|10|7
TERM|1,0,1,0,0,1,0,1,0,0,0,0|461|210
TERM|2,0,0,0,0,0,1,1,0,0,0,0|1|105
TERM|1,0,1,0,1,0,0,0,1,0,0,0|109|105
TERM|2,0,0,0,0,1,0,0,1,0,0,0|-2|105
TERM|2,0,0,0,1,0,0,0,0,1,0,0|3|1
TERM|0,1,0,2,0,0,0,0,0,0,0,0|4|15
TERM|0,0,1,2,0,0,0,0,0,0,0,0|-2|5
TERM|0,0,0,1,2,0,0,0,0,0,0,0|26|35
TERM|0,1,0,0,1,1,0,0,0,0,0,0|-4|3
TERM|0,0,1,0,1,1,0,0,0,0,0,0|59|70
TERM|1,0,0,0,0,2,0,0,0,0,0,0|16|165
TERM|1,0,0,0,1,0,1,0,0,0,0,0|111|77
TERM|0,1,0,1,0,0,0,1,0,0,0,0|2|5
TERM|0,0,1,1,0,0,0,1,0,0,0,0|1|1
TERM|0,0,0,0,2,0,0,1,0,0,0,0|-4|5
TERM|0,0,1,0,0,0,0,2,0,0,0,0|-1|10
TERM|0,0,2,0,0,0,0,0,1,0,0,0|-5|14
TERM|1,0,0,1,0,0,0,0,1,0,0,0|874|385
TERM|1,0,0,0,0,0,0,1,1,0,0,0|-157|35
TERM|1,1,0,0,0,0,0,0,0,1,0,0|-3|1
TERM|1,0,1,0,0,0,0,0,0,1,0,0|5|22
TERM|2,0,0,0,0,0,0,0,0,0,1,0|4|143
TERM|0,0,0,1,0,1,0,0,0,0,0,0|14|15
TERM|0,1,0,0,0,0,1,0,0,0,0,0|-5|3
TERM|0,0,1,0,0,0,1,0,0,0,0,0|1|6
TERM|0,0,0,0,0,1,0,1,0,0,0,0|-32|15
TERM|0,0,0,0,1,0,0,0,1,0,0,0|-44|21
TERM|0,0,0,0,0,0,0,0,0,1,0,0|-1|1
ENDPOLY
POLY|ROW/12
TERM|1,0,4,2,0,0,0,0,0,0,0,0|-53|462
TERM|2,0,2,3,0,0,0,0,0,0,0,0|-5133|5005
TERM|3,0,0,4,0,0,0,0,0,0,0,0|-1142|5005
TERM|0,0,4,1,1,0,0,0,0,0,0,0|-1|42
TERM|1,0,2,2,1,0,0,0,0,0,0,0|16|11
TERM|2,0,0,3,1,0,0,0,0,0,0,0|86|91
TERM|1,0,3,1,0,1,0,0,0,0,0,0|1051|2310
TERM|2,0,1,2,0,1,0,0,0,0,0,0|333|154
TERM|1,0,4,0,0,0,1,0,0,0,0,0|-28|99
TERM|2,0,2,1,0,0,1,0,0,0,0,0|27733|30030
TERM|3,0,0,2,0,0,1,0,0,0,0,0|1186|3003
TERM|0,0,3,2,0,0,0,0,0,0,0,0|32|231
TERM|1,1,0,3,0,0,0,0,0,0,0,0|-4|15
TERM|1,0,1,3,0,0,0,0,0,0,0,0|1234|1001
TERM|0,0,2,1,2,0,0,0,0,0,0,0|-13|35
TERM|1,0,0,2,2,0,0,0,0,0,0,0|-386|385
TERM|0,0,3,0,1,1,0,0,0,0,0,0|5|42
TERM|1,0,1,1,1,1,0,0,0,0,0,0|-1432|385
TERM|1,0,2,0,0,2,0,0,0,0,0,0|-257|385
TERM|2,0,0,1,0,2,0,0,0,0,0,0|-38|165
TERM|1,0,2,0,1,0,1,0,0,0,0,0|-299|462
TERM|2,0,0,1,1,0,1,0,0,0,0,0|-7088|3003
TERM|2,0,1,0,0,1,1,0,0,0,0,0|2|15
TERM|3,0,0,0,0,0,2,0,0,0,0,0|-4|315
TERM|0,0,3,1,0,0,0,1,0,0,0,0|-1|70
TERM|1,0,1,2,0,0,0,1,0,0,0,0|-43|35
TERM|1,0,2,1,0,0,0,0,1,0,0,0|-841|770
TERM|2,0,0,2,0,0,0,0,1,0,0,0|-478|385
TERM|1,0,3,0,0,0,0,0,0,1,0,0|7|11
TERM|2,0,1,1,0,0,0,0,0,1,0,0|-289|110
TERM|2,0,2,0,0,0,0,0,0,0,1,0|152|143
TERM|3,0,0,1,0,0,0,0,0,0,1,0|-592|715
TERM|0,1,0,2,1,0,0,0,0,0,0,0|4|15
TERM|0,0,1,2,1,0,0,0,0,0,0,0|-402|385
TERM|0,0,0,1,3,0,0,0,0,0,0,0|2|7
TERM|0,1,1,1,0,1,0,0,0,0,0,0|2|5
TERM|0,0,2,1,0,1,0,0,0,0,0,0|-243|385
TERM|1,0,0,2,0,1,0,0,0,0,0,0|-199|105
TERM|0,0,1,0,2,1,0,0,0,0,0,0|69|70
TERM|1,0,0,0,1,2,0,0,0,0,0,0|34|33
TERM|0,0,3,0,0,0,1,0,0,0,0,0|28|99
TERM|1,1,0,1,0,0,1,0,0,0,0,0|32|15
TERM|1,0,1,1,0,0,1,0,0,0,0,0|-28131|10010
TERM|1,0,0,0,2,0,1,0,0,0,0,0|2182|1155
TERM|0,0,1,1,1,0,0,1,0,0,0,0|27|35
TERM|0,0,2,0,0,1,0,1,0,0,0,0|-1|35
TERM|1,0,0,1,0,1,0,1,0,0,0,0|43|15
TERM|1,0,1,0,0,0,1,1,0,0,0,0|221|70
TERM|0,0,2,0,1,0,0,0,1,0,0,0|-5|14
TERM|1,0,0,1,1,0,0,0,1,0,0,0|388|231
TERM|1,0,1,0,0,1,0,0,1,0,0,0|109|35
TERM|1,0,1,0,1,0,0,0,0,1,0,0|27|22
TERM|2,0,0,0,1,0,0,0,0,0,1,0|576|143
TERM|0,0,0,3,0,0,0,0,0,0,0,0|-16|65
TERM|0,0,0,1,1,1,0,0,0,0,0,0|47|21
TERM|0,1,0,0,0,2,0,0,0,0,0,0|-1|1
TERM|0,0,1,0,0,2,0,0,0,0,0,0|367|385
TERM|0,1,0,0,1,0,1,0,0,0,0,0|-2|1
TERM|0,0,1,0,1,0,1,0,0,0,0,0|79|66
TERM|1,0,0,0,0,1,1,0,0,0,0,0|-8|105
TERM|0,0,0,2,0,0,0,1,0,0,0,0|2|5
TERM|0,0,0,0,1,1,0,1,0,0,0,0|-8|3
TERM|0,0,0,1,0,0,0,2,0,0,0,0|3|5
TERM|0,1,0,1,0,0,0,0,1,0,0,0|4|5
TERM|0,0,1,1,0,0,0,0,1,0,0,0|492|385
TERM|0,0,0,0,2,0,0,0,1,0,0,0|-118|105
TERM|0,0,1,0,0,0,0,1,1,0,0,0|-29|70
TERM|1,0,0,0,0,0,0,0,2,0,0,0|-104|35
TERM|0,0,2,0,0,0,0,0,0,1,0,0|-7|11
TERM|1,0,0,1,0,0,0,0,0,1,0,0|16|5
TERM|1,0,0,0,0,0,0,1,0,1,0,0|-6|1
TERM|1,1,0,0,0,0,0,0,0,0,1,0|-4|1
TERM|1,0,1,0,0,0,0,0,0,0,1,0|160|429
TERM|0,0,0,1,0,0,1,0,0,0,0,0|257|195
TERM|0,0,0,0,0,0,1,1,0,0,0,0|-3|1
TERM|0,0,0,0,0,1,0,0,1,0,0,0|-116|35
TERM|0,0,0,0,1,0,0,0,0,1,0,0|-3|1
TERM|0,0,0,0,0,0,0,0,0,0,1,0|-56|39
ENDPOLY
POLY|ROW/13
TERM|1,0,3,3,0,0,0,0,0,0,0,0|-1376|3003
TERM|2,0,1,4,0,0,0,0,0,0,0,0|-65112|85085
TERM|0,0,3,2,1,0,0,0,0,0,0,0|32|231
TERM|1,0,1,3,1,0,0,0,0,0,0,0|1488|1001
TERM|0,0,4,1,0,1,0,0,0,0,0,0|-1|42
TERM|1,0,2,2,0,1,0,0,0,0,0,0|823|385
TERM|2,0,0,3,0,1,0,0,0,0,0,0|4574|5005
TERM|1,0,3,1,0,0,1,0,0,0,0,0|16039|45045
TERM|2,0,1,2,0,0,1,0,0,0,0,0|682037|255255
TERM|0,0,2,3,0,0,0,0,0,0,0,0|320|1001
TERM|1,0,0,4,0,0,0,0,0,0,0,0|36144|85085
TERM|0,0,1,2,2,0,0,0,0,0,0,0|-248|385
TERM|0,0,2,1,1,1,0,0,0,0,0,0|-397|385
TERM|1,0,0,2,1,1,0,0,0,0,0,0|-892|385
TERM|0,0,3,0,0,2,0,0,0,0,0,0|5|42
TERM|1,0,1,1,0,2,0,0,0,0,0,0|-187|70
TERM|0,0,3,0,1,0,1,0,0,0,0,0|28|99
TERM|1,0,1,1,1,0,1,0,0,0,0,0|-68402|15015
TERM|1,0,2,0,0,1,1,0,0,0,0,0|-4307|2310
TERM|2,0,0,1,0,1,1,0,0,0,0,0|-6073|15015
TERM|2,0,1,0,0,0,2,0,0,0,0,0|129|595
TERM|0,0,2,2,0,0,0,1,0,0,0,0|26|385
TERM|1,0,0,3,0,0,0,1,0,0,0,0|-436|1001
TERM|0,0,3,1,0,0,0,0,1,0,0,0|-1|35
TERM|1,0,1,2,0,0,0,0,1,0,0,0|-524|385
TERM|1,0,2,1,0,0,0,0,0,1,0,0|-414|385
TERM|2,0,0,2,0,0,0,0,0,1,0,0|-53|35
TERM|1,0,3,0,0,0,0,0,0,0,1,0|12|13
TERM|2,0,1,1,0,0,0,0,0,0,1,0|-39284|12155
TERM|0,0,0,3,1,0,0,0,0,0,0,0|-2512|5005
TERM|0,1,0,2,0,1,0,0,0,0,0,0|4|15
TERM|0,0,1,2,0,1,0,0,0,0,0,0|-554|385
TERM|0,0,0,1,2,1,0,0,0,0,0,0|6|5
TERM|0,0,1,0,1,2,0,0,0,0,0,0|37|22
TERM|1,0,0,0,0,3,0,0,0,0,0,0|1|33
TERM|0,1,1,1,0,0,1,0,0,0,0,0|2|5
TERM|0,0,2,1,0,0,1,0,0,0,0,0|-1493|2145
TERM|1,0,0,2,0,0,1,0,0,0,0,0|-624152|255255
TERM|0,0,1,0,2,0,1,0,0,0,0,0|203|165
TERM|1,0,0,0,1,1,1,0,0,0,0,0|79|33
TERM|0,0,0,2,1,0,0,1,0,0,0,0|164|385
TERM|0,0,1,1,0,1,0,1,0,0,0,0|262|385
TERM|0,0,2,0,0,0,1,1,0,0,0,0|7|330
TERM|1,0,0,1,0,0,1,1,0,0,0,0|19081|5005
TERM|0,0,1,1,1,0,0,0,1,0,0,0|316|385
TERM|0,0,2,0,0,1,0,0,1,0,0,0|-3|14
TERM|1,0,0,1,0,1,0,0,1,0,0,0|1479|385
TERM|1,0,1,0,0,0,1,0,1,0,0,0|454|105
TERM|0,0,2,0,1,0,0,0,0,1,0,0|-7|11
TERM|1,0,0,1,1,0,0,0,0,1,0,0|66|35
TERM|1,0,1,0,0,1,0,0,0,1,0,0|3013|770
TERM|2,0,0,0,0,0,1,0,0,1,0,0|1|35
TERM|1,0,1,0,1,0,0,0,0,0,1,0|200|143
TERM|2,0,0,0,0,1,0,0,0,0,1,0|4|143
TERM|0,0,0,1,0,2,0,0,0,0,0,0|263|165
TERM|0,0,0,1,1,0,1,0,0,0,0,0|2052|715
TERM|0,1,0,0,0,1,1,0,0,0,0,0|-8|3
TERM|0,0,1,0,0,1,1,0,0,0,0,0|27|10
TERM|1,0,0,0,0,0,2,0,0,0,0,0|-13|51
TERM|0,0,0,0,0,2,0,1,0,0,0,0|-119|66
TERM|0,0,0,0,1,0,1,1,0,0,0,0|-119|33
TERM|0,0,0,2,0,0,0,0,1,0,0,0|164|385
TERM|0,0,0,0,1,1,0,0,1,0,0,0|-11|3
TERM|0,0,0,1,0,0,0,1,1,0,0,0|698|385
TERM|0,0,1,0,0,0,0,0,2,0,0,0|-3|7
TERM|0,1,0,1,0,0,0,0,0,1,0,0|6|5
TERM|0,0,1,1,0,0,0,0,0,1,0,0|16|11
TERM|0,0,0,0,2,0,0,0,0,1,0,0|-7|5
TERM|0,0,1,0,0,0,0,1,0,1,0,0|-63|110
TERM|1,0,0,0,0,0,0,0,1,1,0,0|-261|35
TERM|0,0,2,0,0,0,0,0,0,0,1,0|-12|13
TERM|1,0,0,1,0,0,0,0,0,0,1,0|150628|36465
TERM|1,0,0,0,0,0,0,1,0,0,1,0|-1074|143
TERM|0,0,0,0,0,0,1,0,1,0,0,0|-13|3
TERM|0,0,0,0,0,1,0,0,0,1,0,0|-22|5
TERM|0,0,0,0,1,0,0,0,0,0,1,0|-152|39
ENDPOLY
POLY|ROW/14
TERM|1,0,2,4,0,0,0,0,0,0,0,0|-9136|17017
TERM|2,0,0,5,0,0,0,0,0,0,0,0|-3040|17017
TERM|0,0,2,3,1,0,0,0,0,0,0,0|320|1001
TERM|1,0,0,4,1,0,0,0,0,0,0,0|96|221
TERM|0,0,3,2,0,1,0,0,0,0,0,0|32|231
TERM|1,0,1,3,0,1,0,0,0,0,0,0|768|385
TERM|0,0,4,1,0,0,1,0,0,0,0,0|-1|42
TERM|1,0,2,2,0,0,1,0,0,0,0,0|614863|255255
TERM|2,0,0,3,0,0,1,0,0,0,0,0|275482|255255
TERM|0,0,1,4,0,0,0,0,0,0,0,0|48|221
TERM|0,0,0,3,2,0,0,0,0,0,0,0|-256|1001
TERM|0,0,1,2,1,1,0,0,0,0,0,0|-648|385
TERM|0,0,2,1,0,2,0,0,0,0,0,0|-254|385
TERM|1,0,0,2,0,2,0,0,0,0,0,0|-544|385
TERM|0,0,2,1,1,0,1,0,0,0,0,0|-2351|2145
TERM|1,0,0,2,1,0,1,0,0,0,0,0|-232236|85085
TERM|0,0,3,0,0,1,1,0,0,0,0,0|557|1386
TERM|1,0,1,1,0,1,1,0,0,0,0,0|-5231|770
TERM|1,0,2,0,0,0,2,0,0,0,0,0|-3463|2618
TERM|2,0,0,1,0,0,2,0,0,0,0,0|-674|7293
TERM|0,0,1,3,0,0,0,1,0,0,0,0|4|65
TERM|0,0,2,2,0,0,0,0,1,0,0,0|52|385
TERM|1,0,0,3,0,0,0,0,1,0,0,0|-2488|5005
TERM|0,0,3,1,0,0,0,0,0,1,0,0|-3|70
TERM|1,0,1,2,0,0,0,0,0,1,0,0|-516|385
TERM|1,0,2,1,0,0,0,0,0,0,1,0|-1572|1547
TERM|2,0,0,2,0,0,0,0,0,0,1,0|-30300|17017
TERM|0,0,0,3,0,1,0,0,0,0,0,0|-8|13
TERM|0,0,0,1,1,2,0,0,0,0,0,0|632|385
TERM|0,0,1,0,0,3,0,0,0,0,0,0|69|77
TERM|0,1,0,2,0,0,1,0,0,0,0,0|4|15
TERM|0,0,1,2,0,0,1,0,0,0,0,0|-1818|1105
TERM|0,0,0,1,2,0,1,0,0,0,0,0|4346|3003
TERM|0,0,1,0,1,1,1,0,0,0,0,0|661|154
TERM|1,0,0,0,0,2,1,0,0,0,0,0|-5|77
TERM|1,0,0,0,1,0,2,0,0,0,0,0|1678|1309
TERM|0,0,0,2,0,1,0,1,0,0,0,0|2|5
TERM|0,0,1,1,0,0,1,1,0,0,0,0|134|195
TERM|0,0,0,2,1,0,0,0,1,0,0,0|184|385
TERM|0,0,1,1,0,1,0,0,1,0,0,0|246|385
TERM|0,0,2,0,0,0,1,0,1,0,0,0|-53|462
TERM|1,0,0,1,0,0,1,0,1,0,0,0|75356|15015
TERM|0,0,1,1,1,0,0,0,0,1,0,0|296|385
TERM|0,0,2,0,0,1,0,0,0,1,0,0|-65|154
TERM|1,0,0,1,0,1,0,0,0,1,0,0|47|10
TERM|1,0,1,0,0,0,1,0,0,1,0,0|408|77
TERM|0,0,2,0,1,0,0,0,0,0,1,0|-12|13
TERM|1,0,0,1,1,0,0,0,0,0,1,0|176184|85085
TERM|1,0,1,0,0,1,0,0,0,0,1,0|5396|1155
TERM|2,0,0,0,0,0,1,0,0,0,1,0|992|15015
TERM|0,0,0,1,0,1,1,0,0,0,0,0|779|195
TERM|0,1,0,0,0,0,2,0,0,0,0,0|-5|3
TERM|0,0,1,0,0,0,2,0,0,0,0,0|191|102
TERM|0,0,0,0,0,1,1,1,0,0,0,0|-9|2
TERM|0,0,0,0,0,2,0,0,1,0,0,0|-186|77
TERM|0,0,0,0,1,0,1,0,1,0,0,0|-372|77
TERM|0,0,0,1,0,0,0,0,2,0,0,0|472|385
TERM|0,0,0,2,0,0,0,0,0,1,0,0|2|5
TERM|0,0,0,0,1,1,0,0,0,1,0,0|-9|2
TERM|0,0,0,1,0,0,0,1,0,1,0,0|12|5
TERM|0,0,1,0,0,0,0,0,1,1,0,0|-183|154
TERM|1,0,0,0,0,0,0,0,0,2,0,0|-9|2
TERM|0,1,0,1,0,0,0,0,0,0,1,0|8|5
TERM|0,0,1,1,0,0,0,0,0,0,1,0|1764|1105
TERM|0,0,0,0,2,0,0,0,0,0,1,0|-108|65
TERM|0,0,1,0,0,0,0,1,0,0,1,0|-46|65
TERM|1,0,0,0,0,0,0,0,1,0,1,0|-44864|5005
TERM|0,0,0,0,0,0,1,0,0,1,0,0|-11|2
TERM|0,0,0,0,0,1,0,0,0,0,1,0|-1064|195
ENDPOLY
POLY|ROW/15
TERM|1,0,1,5,0,0,0,0,0,0,0,0|-176|663
TERM|0,0,1,4,1,0,0,0,0,0,0,0|48|221
TERM|0,0,2,3,0,1,0,0,0,0,0,0|320|1001
TERM|1,0,0,4,0,1,0,0,0,0,0,0|46616|85085
TERM|0,0,3,2,0,0,1,0,0,0,0,0|32|231
TERM|1,0,1,3,0,0,1,0,0,0,0,0|1740344|765765
TERM|0,0,0,5,0,0,0,0,0,0,0,0|32|663
TERM|0,0,0,3,1,1,0,0,0,0,0,0|-3128|5005
TERM|0,0,1,2,0,2,0,0,0,0,0,0|-80|77
TERM|0,0,1,2,1,0,1,0,0,0,0,0|-32152|17017
TERM|0,0,2,1,0,1,1,0,0,0,0,0|-20786|15015
TERM|1,0,0,2,0,1,1,0,0,0,0,0|-871366|255255
TERM|0,0,3,0,0,0,2,0,0,0,0,0|28|99
TERM|1,0,1,1,0,0,2,0,0,0,0,0|-1100531|255255
TERM|0,0,0,4,0,0,0,1,0,0,0,0|16|1105
TERM|0,0,1,3,0,0,0,0,1,0,0,0|8|65
TERM|0,0,2,2,0,0,0,0,0,1,0,0|78|385
TERM|1,0,0,3,0,0,0,0,0,1,0,0|-2536|5005
TERM|0,0,3,1,0,0,0,0,0,0,1,0|-2|35
TERM|1,0,1,2,0,0,0,0,0,0,1,0|-9788|7735
TERM|0,0,0,1,0,3,0,0,0,0,0,0|8|11
TERM|0,0,0,3,0,0,1,0,0,0,0,0|-6832|9945
TERM|0,0,0,1,1,1,1,0,0,0,0,0|11870|3003
TERM|0,0,1,0,0,2,1,0,0,0,0,0|779|231
TERM|0,0,1,0,1,0,2,0,0,0,0,0|1535|561
TERM|1,0,0,0,0,1,2,0,0,0,0,0|-36|119
TERM|0,0,0,2,0,0,1,1,0,0,0,0|1316|3315
TERM|0,0,0,2,0,1,0,0,1,0,0,0|164|385
TERM|0,0,1,1,0,0,1,0,1,0,0,0|9794|15015
TERM|0,0,0,2,1,0,0,0,0,1,0,0|184|385
TERM|0,0,1,1,0,1,0,0,0,1,0,0|191|385
TERM|0,0,2,0,0,0,1,0,0,1,0,0|-3|11
TERM|1,0,0,1,0,0,1,0,0,1,0,0|30216|5005
TERM|0,0,1,1,1,0,0,0,0,0,1,0|5276|7735
TERM|0,0,2,0,0,1,0,0,0,0,1,0|-58|91
TERM|1,0,0,1,0,1,0,0,0,0,1,0|201118|36465
TERM|1,0,1,0,0,0,1,0,0,0,1,0|6218|1001
TERM|0,0,0,1,0,0,2,0,0,0,0,0|1634|663
TERM|0,0,0,0,0,0,2,1,0,0,0,0|-137|51
TERM|0,0,0,0,0,1,1,0,1,0,0,0|-124|21
TERM|0,0,0,0,0,2,0,0,0,1,0,0|-32|11
TERM|0,0,0,0,1,0,1,0,0,1,0,0|-64|11
TERM|0,0,0,1,0,0,0,0,1,1,0,0|234|77
TERM|0,0,1,0,0,0,0,0,0,2,0,0|-9|11
TERM|0,0,0,2,0,0,0,0,0,0,1,0|392|1105
TERM|0,0,0,0,1,1,0,0,0,0,1,0|-206|39
TERM|0,0,0,1,0,0,0,1,0,0,1,0|660|221
TERM|0,0,1,0,0,0,0,0,1,0,1,0|-134|91
TERM|1,0,0,0,0,0,0,0,0,1,1,0|-1506|143
TERM|0,0,0,0,0,0,1,0,0,0,1,0|-86|13
ENDPOLY
POLY|ROW/16
TERM|1,0,0,6,0,0,0,0,0,0,0,0|-32|663
TERM|0,0,0,5,1,0,0,0,0,0,0,0|32|663
TERM|0,0,1,4,0,1,0,0,0,0,0,0|48|221
TERM|0,0,2,3,0,0,1,0,0,0,0,0|320|1001
TERM|1,0,0,4,0,0,1,0,0,0,0,0|27904|45045
TERM|0,0,0,3,0,2,0,0,0,0,0,0|-24|65
TERM|0,0,0,3,1,0,1,0,0,0,0,0|-533408|765765
TERM|0,0,1,2,0,1,1,0,0,0,0,0|-194352|85085
TERM|0,0,2,1,0,0,2,0,0,0,0,0|-2176|3003
TERM|1,0,0,2,0,0,2,0,0,0,0,0|-526934|255255
TERM|0,0,0,4,0,0,0,0,1,0,0,0|32|1105
TERM|0,0,1,3,0,0,0,0,0,1,0,0|12|65
TERM|0,0,2,2,0,0,0,0,0,0,1,0|104|385
TERM|1,0,0,3,0,0,0,0,0,0,1,0|-42288|85085
TERM|0,0,0,1,0,2,1,0,0,0,0,0|1862|715
TERM|0,0,0,1,1,0,2,0,0,0,0,0|202058|85085
TERM|0,0,1,0,0,1,2,0,0,0,0,0|1493|357
TERM|1,0,0,0,0,0,3,0,0,0,0,0|-74|357
TERM|0,0,0,2,0,0,1,0,1,0,0,0|107192|255255
TERM|0,0,0,2,0,1,0,0,0,1,0,0|2|5
TERM|0,0,1,1,0,0,1,0,0,1,0,0|369|715
TERM|0,0,0,2,1,0,0,0,0,0,1,0|39024|85085
TERM|0,0,1,1,0,1,0,0,0,0,1,0|27096|85085
TERM|0,0,2,0,0,0,1,0,0,0,1,0|-188|429
TERM|1,0,0,1,0,0,1,0,0,0,1,0|54072|7735
TERM|0,0,0,0,0,0,2,0,1,0,0,0|-1238|357
TERM|0,0,0,0,0,1,1,0,0,1,0,0|-7|1
TERM|0,0,0,1,0,0,0,0,0,2,0,0|9|5
TERM|0,0,0,0,0,2,0,0,0,0,1,0|-1444|429
TERM|0,0,0,0,1,0,1,0,0,0,1,0|-2888|429
TERM|0,0,0,1,0,0,0,0,1,0,1,0|308416|85085
TERM|0,0,1,0,0,0,0,0,0,1,1,0|-288|143
TERM|1,0,0,0,0,0,0,0,0,0,2,0|-864|143
ENDPOLY
POLY|ROW/17
TERM|0,0,0,5,0,1,0,0,0,0,0,0|32|663
TERM|0,0,1,4,0,0,1,0,0,0,0,0|48|221
TERM|0,0,0,3,0,1,1,0,0,0,0,0|-8056|9945
TERM|0,0,1,2,0,0,2,0,0,0,0,0|-1376|1105
TERM|0,0,0,4,0,0,0,0,0,1,0,0|48|1105
TERM|0,0,1,3,0,0,0,0,0,0,1,0|16|65
TERM|0,0,0,1,0,1,2,0,0,0,0,0|788|255
TERM|0,0,1,0,0,0,3,0,0,0,0,0|29|17
TERM|0,0,0,2,0,0,1,0,0,1,0,0|432|1105
TERM|0,0,0,2,0,1,0,0,0,0,1,0|392|1105
TERM|0,0,1,1,0,0,1,0,0,0,1,0|88|255
TERM|0,0,0,0,0,0,2,0,0,1,0,0|-69|17
TERM|0,0,0,0,0,1,1,0,0,0,1,0|-8|1
TERM|0,0,0,1,0,0,0,0,0,1,1,0|4596|1105
TERM|0,0,1,0,0,0,0,0,0,0,2,0|-16|13
ENDPOLY
POLY|ROW/18
TERM|0,0,0,5,0,0,1,0,0,0,0,0|32|663
TERM|0,0,0,3,0,0,2,0,0,0,0,0|-4384|9945
TERM|0,0,0,4,0,0,0,0,0,0,1,0|64|1105
TERM|0,0,0,1,0,0,3,0,0,0,0,0|4022|3315
TERM|0,0,0,2,0,0,1,0,0,0,1,0|1136|3315
TERM|0,0,0,0,0,0,2,0,0,0,1,0|-3044|663
TERM|0,0,0,1,0,0,0,0,0,0,2,0|2592|1105
ENDPOLY
POLY|ROW/19
TERM|0,0,0,5,0,0,0,0,0,0,1,1|-32|4641
TERM|0,0,0,3,0,0,1,0,0,0,1,1|4384|69615
TERM|0,0,0,1,0,0,2,0,0,0,1,1|-4022|23205
TERM|0,0,0,2,0,0,0,0,0,0,2,1|-2944|23205
TERM|0,0,0,0,0,0,1,0,0,0,2,1|736|819
TERM|0,0,0,0,0,0,0,0,0,0,0,0|-1|1
ENDPOLY
