utc=2026-09-05T14:12:07Z
pid=
utc=2026-09-05T14:12:27Z
pid=8388
VmPeak:	  898416 kB
VmSize:	  898416 kB
VmHWM:	  622228 kB
VmRSS:	  622228 kB
utc=2026-09-05T14:12:47Z
pid=8388
VmPeak:	 1107444 kB
VmSize:	 1107444 kB
VmHWM:	  830268 kB
VmRSS:	  830268 kB
utc=2026-09-05T14:13:07Z
pid=8388
VmPeak:	 1368240 kB
VmSize:	 1368240 kB
VmHWM:	 1092928 kB
VmRSS:	 1092928 kB
utc=2026-09-05T14:13:27Z
pid=8388
VmPeak:	 1561736 kB
VmSize:	 1561736 kB
VmHWM:	 1284484 kB
VmRSS:	 1284484 kB
utc=2026-09-05T14:13:47Z
pid=8388
VmPeak:	 1647156 kB
VmSize:	 1647156 kB
VmHWM:	 1371556 kB
VmRSS:	 1371556 kB
utc=2026-09-05T14:14:07Z
pid=8388
VmPeak:	 1754704 kB
VmSize:	 1754704 kB
VmHWM:	 1479024 kB
VmRSS:	 1479024 kB
utc=2026-09-05T14:14:27Z
pid=8388
VmPeak:	 1863976 kB
VmSize:	 1863976 kB
VmHWM:	 1587288 kB
VmRSS:	 1587072 kB
utc=2026-09-05T14:14:47Z
pid=8388
VmPeak:	 1987860 kB
VmSize:	 1987860 kB
VmHWM:	 1712564 kB
VmRSS:	 1712564 kB
utc=2026-09-05T14:15:07Z
pid=8388
VmPeak:	 2150588 kB
VmSize:	 2150588 kB
VmHWM:	 1875156 kB
VmRSS:	 1875156 kB
utc=2026-09-05T14:15:27Z
pid=8388
VmPeak:	 2298676 kB
VmSize:	 2298676 kB
VmHWM:	 2021996 kB
VmRSS:	 2021996 kB
utc=2026-09-05T14:15:47Z
pid=8388
VmPeak:	 2452576 kB
VmSize:	 2452576 kB
VmHWM:	 2175276 kB
VmRSS:	 2175276 kB
utc=2026-09-05T14:16:07Z
pid=8388
VmPeak:	 2602656 kB
VmSize:	 2602656 kB
VmHWM:	 2327308 kB
VmRSS:	 2327308 kB
utc=2026-09-05T14:16:27Z
pid=8388
VmPeak:	 2789408 kB
VmSize:	 2789408 kB
VmHWM:	 2513628 kB
VmRSS:	 2513628 kB
utc=2026-09-05T14:16:47Z
pid=8388
VmPeak:	 2947488 kB
VmSize:	 2947488 kB
VmHWM:	 2672020 kB
VmRSS:	 2672020 kB
utc=2026-09-05T14:17:07Z
pid=8388
VmPeak:	 3129936 kB
VmSize:	 3129936 kB
VmHWM:	 2854612 kB
VmRSS:	 2854612 kB
utc=2026-09-05T14:17:27Z
pid=8388
VmPeak:	 3369700 kB
VmSize:	 3369700 kB
VmHWM:	 3093800 kB
VmRSS:	 3093800 kB
utc=2026-09-05T14:17:47Z
pid=8388
VmPeak:	 3578704 kB
VmSize:	 3578704 kB
VmHWM:	 3301384 kB
VmRSS:	 3301384 kB
utc=2026-09-05T14:18:07Z
pid=8388
VmPeak:	 3761116 kB
VmSize:	 3761116 kB
VmHWM:	 3485808 kB
VmRSS:	 3485808 kB
utc=2026-09-05T14:18:27Z
pid=8388
VmPeak:	 3947900 kB
VmSize:	 3947900 kB
VmHWM:	 3672544 kB
VmRSS:	 3672544 kB
utc=2026-09-05T14:18:47Z
pid=8388
VmPeak:	 4142732 kB
VmSize:	 4142732 kB
VmHWM:	 3867000 kB
VmRSS:	 3867000 kB
utc=2026-09-05T14:19:07Z
pid=8388
VmPeak:	 4150924 kB
VmSize:	 4150924 kB
VmHWM:	 3875576 kB
VmRSS:	 3875576 kB
utc=2026-09-05T14:19:27Z
pid=8388
VmPeak:	 4193932 kB
VmSize:	 4193932 kB
VmHWM:	 3917464 kB
VmRSS:	 3917464 kB
utc=2026-09-05T14:19:47Z
pid=8388
VmPeak:	 4255376 kB
VmSize:	 4255376 kB
VmHWM:	 3979864 kB
VmRSS:	 3979864 kB
utc=2026-09-05T14:20:07Z
pid=8388
VmPeak:	 4255376 kB
VmSize:	 4255376 kB
VmHWM:	 3980032 kB
VmRSS:	 3980032 kB
utc=2026-09-05T14:20:27Z
pid=8388
VmPeak:	 4284048 kB
VmSize:	 4284048 kB
VmHWM:	 4008704 kB
VmRSS:	 4008704 kB
utc=2026-09-05T14:20:47Z
pid=8388
VmPeak:	 4325012 kB
VmSize:	 4325012 kB
VmHWM:	 4049448 kB
VmRSS:	 4049448 kB
utc=2026-09-05T14:21:07Z
pid=8388
VmPeak:	 4394644 kB
VmSize:	 4394644 kB
VmHWM:	 4118212 kB
VmRSS:	 4118212 kB
utc=2026-09-05T14:21:27Z
pid=8388
VmPeak:	 4394644 kB
VmSize:	 4390552 kB
VmHWM:	 4118860 kB
VmRSS:	 4115212 kB
utc=2026-09-05T14:21:47Z
pid=8388
VmPeak:	 4464284 kB
VmSize:	 4464284 kB
VmHWM:	 4187356 kB
VmRSS:	 4187356 kB
utc=2026-09-05T14:22:07Z
pid=8388
VmPeak:	 4486816 kB
VmSize:	 4486816 kB
VmHWM:	 4211040 kB
VmRSS:	 4211040 kB
utc=2026-09-05T14:22:27Z
pid=8388
VmPeak:	 4519588 kB
VmSize:	 4519588 kB
VmHWM:	 4242660 kB
VmRSS:	 4242660 kB
utc=2026-09-05T14:22:47Z
pid=8388
VmPeak:	 4603560 kB
VmSize:	 4603560 kB
VmHWM:	 4326384 kB
VmRSS:	 4326384 kB
utc=2026-09-05T14:23:07Z
pid=8388
VmPeak:	 4605612 kB
VmSize:	 4605612 kB
VmHWM:	 4330276 kB
VmRSS:	 4330276 kB
utc=2026-09-05T14:23:27Z
pid=8388
VmPeak:	 4634292 kB
VmSize:	 4634292 kB
VmHWM:	 4356992 kB
VmRSS:	 4356992 kB
utc=2026-09-05T14:23:47Z
pid=8388
VmPeak:	 4722372 kB
VmSize:	 4722372 kB
VmHWM:	 4445624 kB
VmRSS:	 4445624 kB
utc=2026-09-05T14:24:07Z
pid=8388
VmPeak:	 4751048 kB
VmSize:	 4751048 kB
VmHWM:	 4474580 kB
VmRSS:	 4474580 kB
utc=2026-09-05T14:24:27Z
pid=8388
VmPeak:	 4808404 kB
VmSize:	 4808404 kB
VmHWM:	 4532156 kB
VmRSS:	 4532156 kB
utc=2026-09-05T14:24:48Z
pid=8388
VmPeak:	 4857564 kB
VmSize:	 4857564 kB
VmHWM:	 4581396 kB
VmRSS:	 4581396 kB
utc=2026-09-05T14:25:08Z
pid=8388
VmPeak:	 4984580 kB
VmSize:	 4984580 kB
VmHWM:	 4708724 kB
VmRSS:	 4708724 kB
utc=2026-09-05T14:25:28Z
pid=8388
VmPeak:	 5177176 kB
VmSize:	 5177176 kB
VmHWM:	 4900756 kB
VmRSS:	 4900756 kB
utc=2026-09-05T14:25:48Z
pid=8388
VmPeak:	 5304200 kB
VmSize:	 5304200 kB
VmHWM:	 5028468 kB
VmRSS:	 5026964 kB
utc=2026-09-05T14:26:08Z
pid=8388
VmPeak:	 5453764 kB
VmSize:	 5453764 kB
VmHWM:	 5178380 kB
VmRSS:	 5178380 kB
utc=2026-09-05T14:26:28Z
pid=8388
VmPeak:	 5611496 kB
VmSize:	 5609448 kB
VmHWM:	 5334248 kB
VmRSS:	 5334152 kB
utc=2026-09-05T14:26:48Z
pid=8388
VmPeak:	 5695488 kB
VmSize:	 5695488 kB
VmHWM:	 5420072 kB
VmRSS:	 5420072 kB
utc=2026-09-05T14:27:08Z
pid=8388
VmPeak:	 5814304 kB
VmSize:	 5810212 kB
VmHWM:	 5538284 kB
VmRSS:	 5533856 kB
utc=2026-09-05T14:27:28Z
pid=8388
VmPeak:	 5945424 kB
VmSize:	 5945424 kB
VmHWM:	 5669384 kB
VmRSS:	 5669384 kB
utc=2026-09-05T14:27:48Z
pid=8388
VmPeak:	 6054012 kB
VmSize:	 6054012 kB
VmHWM:	 5778732 kB
VmRSS:	 5778732 kB
utc=2026-09-05T14:28:08Z
pid=8388
VmPeak:	 6209696 kB
VmSize:	 6209696 kB
VmHWM:	 5934204 kB
VmRSS:	 5934204 kB
utc=2026-09-05T14:28:28Z
pid=8388
VmPeak:	 6318312 kB
VmSize:	 6318312 kB
VmHWM:	 6042980 kB
VmRSS:	 6042980 kB
utc=2026-09-05T14:28:48Z
pid=8388
VmPeak:	 6508852 kB
VmSize:	 6508852 kB
VmHWM:	 6233584 kB
VmRSS:	 6233584 kB
utc=2026-09-05T14:29:08Z
pid=8388
VmPeak:	 6627676 kB
VmSize:	 6627676 kB
VmHWM:	 6350580 kB
VmRSS:	 6350580 kB
utc=2026-09-05T14:29:28Z
pid=8388
VmPeak:	 6758796 kB
VmSize:	 6758796 kB
VmHWM:	 6482344 kB
VmRSS:	 6482344 kB
utc=2026-09-05T14:29:48Z
pid=8388
VmPeak:	 6902200 kB
VmSize:	 6902200 kB
VmHWM:	 6625668 kB
VmRSS:	 6625668 kB
utc=2026-09-05T14:30:08Z
pid=8388
VmPeak:	 7039500 kB
VmSize:	 7039500 kB
VmHWM:	 6764248 kB
VmRSS:	 6764248 kB
utc=2026-09-05T14:30:28Z
pid=8388
VmPeak:	 7201340 kB
VmSize:	 7195200 kB
VmHWM:	 6925640 kB
VmRSS:	 6919956 kB
utc=2026-09-05T14:30:48Z
pid=8388
VmPeak:	 7337040 kB
VmSize:	 7337040 kB
VmHWM:	 7061680 kB
VmRSS:	 7061680 kB
utc=2026-09-05T14:31:08Z
pid=8388
VmPeak:	 7488640 kB
VmSize:	 7488640 kB
VmHWM:	 7213280 kB
VmRSS:	 7213280 kB
utc=2026-09-05T14:31:28Z
pid=8388
VmPeak:	 7617772 kB
VmSize:	 7617772 kB
VmHWM:	 7342416 kB
VmRSS:	 7342416 kB
utc=2026-09-05T14:31:48Z
pid=8388
VmPeak:	 7695608 kB
VmSize:	 7695608 kB
VmHWM:	 7420252 kB
VmRSS:	 7420252 kB
utc=2026-09-05T14:32:08Z
pid=8388
VmPeak:	 7795968 kB
VmSize:	 7795968 kB
VmHWM:	 7518928 kB
VmRSS:	 7518928 kB
utc=2026-09-05T14:32:28Z
pid=8388
VmPeak:	 7798016 kB
VmSize:	 7798016 kB
VmHWM:	 7522588 kB
VmRSS:	 7522588 kB
utc=2026-09-05T14:32:48Z
pid=8388
VmPeak:	 7798016 kB
VmSize:	 7798016 kB
VmHWM:	 7522588 kB
VmRSS:	 7522588 kB
utc=2026-09-05T14:33:08Z
pid=8388
VmPeak:	 7798016 kB
VmSize:	 7798016 kB
VmHWM:	 7522588 kB
VmRSS:	 7522588 kB
utc=2026-09-05T14:33:28Z
pid=8388
VmPeak:	 7798016 kB
VmSize:	 7798016 kB
VmHWM:	 7522660 kB
VmRSS:	 7522660 kB
utc=2026-09-05T14:33:48Z
pid=8388
VmPeak:	 7798016 kB
VmSize:	 7798016 kB
VmHWM:	 7522660 kB
VmRSS:	 7522660 kB
utc=2026-09-05T14:34:08Z
pid=8388
VmPeak:	 7798016 kB
VmSize:	 7798016 kB
VmHWM:	 7522660 kB
VmRSS:	 7522660 kB
utc=2026-09-05T14:34:28Z
pid=8388
VmPeak:	 7853324 kB
VmSize:	 7853324 kB
VmHWM:	 7576868 kB
VmRSS:	 7576868 kB
utc=2026-09-05T14:34:48Z
pid=8388
VmPeak:	 7925028 kB
VmSize:	 7922988 kB
VmHWM:	 7649256 kB
VmRSS:	 7647632 kB
utc=2026-09-05T14:35:08Z
pid=8388
VmPeak:	 8093008 kB
VmSize:	 8093008 kB
VmHWM:	 7817652 kB
VmRSS:	 7817652 kB
utc=2026-09-05T14:35:28Z
pid=8388
VmPeak:	 8111440 kB
VmSize:	 8111440 kB
VmHWM:	 7836084 kB
VmRSS:	 7836084 kB
utc=2026-09-05T14:35:48Z
pid=8388
VmPeak:	 8113488 kB
VmSize:	 8113488 kB
VmHWM:	 7837892 kB
VmRSS:	 7837892 kB
utc=2026-09-05T14:36:08Z
pid=8388
VmPeak:	 8113488 kB
VmSize:	 8113488 kB
VmHWM:	 7838132 kB
VmRSS:	 7838132 kB
utc=2026-09-05T14:36:28Z
pid=8388
VmPeak:	 8115536 kB
VmSize:	 8115536 kB
VmHWM:	 7840180 kB
VmRSS:	 7840180 kB
utc=2026-09-05T14:36:48Z
pid=8388
VmPeak:	 8115536 kB
VmSize:	 8115536 kB
VmHWM:	 7840180 kB
VmRSS:	 7840180 kB
utc=2026-09-05T14:37:08Z
pid=8388
VmPeak:	 8209752 kB
VmSize:	 8209752 kB
VmHWM:	 7933256 kB
VmRSS:	 7933256 kB
utc=2026-09-05T14:37:28Z
pid=8388
VmPeak:	 8281436 kB
VmSize:	 8281436 kB
VmHWM:	 8006056 kB
VmRSS:	 8006056 kB
utc=2026-09-05T14:37:48Z
pid=8388
VmPeak:	 8291676 kB
VmSize:	 8291676 kB
VmHWM:	 8014496 kB
VmRSS:	 8014496 kB
utc=2026-09-05T14:38:08Z
pid=8388
VmPeak:	 8351076 kB
VmSize:	 8351076 kB
VmHWM:	 8075048 kB
VmRSS:	 8075048 kB
utc=2026-09-05T14:38:28Z
pid=8388
VmPeak:	 8412528 kB
VmSize:	 8406408 kB
VmHWM:	 8136756 kB
VmRSS:	 8131048 kB
utc=2026-09-05T14:38:48Z
pid=8388
VmPeak:	 8597136 kB
VmSize:	 8597136 kB
VmHWM:	 8320268 kB
VmRSS:	 8320268 kB
utc=2026-09-05T14:39:08Z
pid=8388
VmPeak:	 8806296 kB
VmSize:	 8806296 kB
VmHWM:	 8529296 kB
VmRSS:	 8529296 kB
utc=2026-09-05T14:39:28Z
pid=8388
VmPeak:	 8910856 kB
VmSize:	 8910856 kB
VmHWM:	 8635500 kB
VmRSS:	 8635500 kB
utc=2026-09-05T14:39:49Z
pid=8388
VmPeak:	 8910856 kB
VmSize:	 8910856 kB
VmHWM:	 8635500 kB
VmRSS:	 8635500 kB
utc=2026-09-05T14:40:09Z
pid=8388
VmPeak:	 8998924 kB
VmSize:	 8998924 kB
VmHWM:	 8723568 kB
VmRSS:	 8723568 kB
utc=2026-09-05T14:40:29Z
pid=8388
VmPeak:	 8998924 kB
VmSize:	 8998924 kB
VmHWM:	 8723568 kB
VmRSS:	 8723568 kB
utc=2026-09-05T14:40:49Z
pid=8388
VmPeak:	 9029648 kB
VmSize:	 9029648 kB
VmHWM:	 8753288 kB
VmRSS:	 8753288 kB
utc=2026-09-05T14:41:09Z
pid=8388
VmPeak:	 9029648 kB
VmSize:	 9029648 kB
VmHWM:	 8753288 kB
VmRSS:	 8753288 kB
utc=2026-09-05T14:41:29Z
pid=8388
VmPeak:	 9074708 kB
VmSize:	 9074708 kB
VmHWM:	 8798000 kB
VmRSS:	 8798000 kB
utc=2026-09-05T14:41:49Z
pid=8388
VmPeak:	 9089048 kB
VmSize:	 9089048 kB
VmHWM:	 8813692 kB
VmRSS:	 8813692 kB
utc=2026-09-05T14:42:09Z
pid=8388
VmPeak:	 9146392 kB
VmSize:	 9146392 kB
VmHWM:	 8871040 kB
VmRSS:	 8871040 kB
utc=2026-09-05T14:42:29Z
pid=8388
VmPeak:	 9187360 kB
VmSize:	 9185312 kB
VmHWM:	 8910396 kB
VmRSS:	 8909960 kB
utc=2026-09-05T14:42:49Z
pid=8388
VmPeak:	 9222180 kB
VmSize:	 9222180 kB
VmHWM:	 8946824 kB
VmRSS:	 8946824 kB
utc=2026-09-05T14:43:09Z
pid=8388
VmPeak:	 9283620 kB
VmSize:	 9283620 kB
VmHWM:	 9008268 kB
VmRSS:	 9008268 kB
utc=2026-09-05T14:43:29Z
pid=8388
VmPeak:	 9283620 kB
VmSize:	 9281576 kB
VmHWM:	 9007556 kB
VmRSS:	 9005876 kB
utc=2026-09-05T14:43:49Z
pid=8388
VmPeak:	 9338932 kB
VmSize:	 9338932 kB
VmHWM:	 9062596 kB
VmRSS:	 9062596 kB
utc=2026-09-05T14:44:09Z
pid=8388
VmPeak:	 9383988 kB
VmSize:	 9383988 kB
VmHWM:	 9108000 kB
VmRSS:	 9108000 kB
utc=2026-09-05T14:44:29Z
pid=8388
VmPeak:	 9433156 kB
VmSize:	 9433156 kB
VmHWM:	 9156492 kB
VmRSS:	 9156492 kB
utc=2026-09-05T14:44:49Z
pid=8388
VmPeak:	 9586776 kB
VmSize:	 9586776 kB
VmHWM:	 9310500 kB
VmRSS:	 9310500 kB
utc=2026-09-05T14:45:09Z
pid=8388
VmPeak:	 9644120 kB
VmSize:	 9637976 kB
VmHWM:	 9367316 kB
VmRSS:	 9361772 kB
utc=2026-09-05T14:45:29Z
pid=8388
VmPeak:	 9644120 kB
VmSize:	 9637976 kB
VmHWM:	 9367316 kB
VmRSS:	 9361772 kB
utc=2026-09-05T14:45:49Z
pid=8388
VmPeak:	 9644120 kB
VmSize:	 9637976 kB
VmHWM:	 9367316 kB
VmRSS:	 9361772 kB
utc=2026-09-05T14:46:09Z
pid=8388
VmPeak:	 9644120 kB
VmSize:	 9637976 kB
VmHWM:	 9367316 kB
VmRSS:	 9361772 kB
utc=2026-09-05T14:46:29Z
pid=8388
VmPeak:	 9644120 kB
VmSize:	 9637976 kB
VmHWM:	 9367316 kB
VmRSS:	 9361772 kB
utc=2026-09-05T14:46:49Z
pid=8388
VmPeak:	 9687132 kB
VmSize:	 9687132 kB
VmHWM:	 9411776 kB
VmRSS:	 9411776 kB
utc=2026-09-05T14:47:09Z
pid=8388
VmPeak:	 9693276 kB
VmSize:	 9693276 kB
VmHWM:	 9417920 kB
VmRSS:	 9417920 kB
utc=2026-09-05T14:47:29Z
pid=8388
VmPeak:	 9693276 kB
VmSize:	 9693276 kB
VmHWM:	 9417920 kB
VmRSS:	 9417920 kB
