Running as unit: run-r7fa043d04d8d401b993e1308e1abad48.scope; invocation ID: f06a75ab7398491a8a63c10605d78867
	Command being timed: "timeout 21600 ./run_v66.sh"
	User time (seconds): 2730.61
	System time (seconds): 2.63
	Percent of CPU this job got: 99%
	Elapsed (wall clock) time (h:mm:ss or m:ss): 45:33.28
	Average shared text size (kbytes): 0
	Average unshared data size (kbytes): 0
	Average stack size (kbytes): 0
	Average total size (kbytes): 0
	Maximum resident set size (kbytes): 2111172
	Average resident set size (kbytes): 0
	Major (requiring I/O) page faults: 0
	Minor (reclaiming a frame) page faults: 699921
	Voluntary context switches: 8
	Involuntary context switches: 2740
	Swaps: 0
	File system inputs: 0
	File system outputs: 112
	Socket messages sent: 0
	Socket messages received: 0
	Signals delivered: 0
	Page size (bytes): 4096
	Exit status: 0
