Command exited with non-zero status 124
	Command being timed: "timeout --signal=TERM --kill-after=30s 1200s taskset -c 4 nice -n 5 Singular --cpus=1 --threads=1 --flint-threads=1 -q --no-rc builders/modular/C_n24m16_M12_17_ell1_s3_V3_2_builder_p1073741827.sing"
	User time (seconds): 1099.98
	System time (seconds): 0.65
	Percent of CPU this job got: 91%
	Elapsed (wall clock) time (h:mm:ss or m:ss): 20:00.06
	Average shared text size (kbytes): 0
	Average unshared data size (kbytes): 0
	Average stack size (kbytes): 0
	Average total size (kbytes): 0
	Maximum resident set size (kbytes): 991952
	Average resident set size (kbytes): 0
	Major (requiring I/O) page faults: 5
	Minor (reclaiming a frame) page faults: 246135
	Voluntary context switches: 10
	Involuntary context switches: 26352
	Swaps: 0
	File system inputs: 784
	File system outputs: 24
	Socket messages sent: 0
	Socket messages received: 0
	Signals delivered: 0
	Page size (bytes): 4096
	Exit status: 124
