Running as unit: run-r8d51cb0eca7841dba5de60c1cfa3cd5c.scope; invocation ID: 159fc5442fdc44b9bf7b895340a42050
	Command being timed: "timeout 7200 /home/ubuntu/venvs/td6/bin/python jc2/cases/td6_c1_c2_c3_q2_reverse_denominator_v54d_20260825/replay.py"
	User time (seconds): 1429.57
	System time (seconds): 0.29
	Percent of CPU this job got: 100%
	Elapsed (wall clock) time (h:mm:ss or m:ss): 23:49.86
	Average shared text size (kbytes): 0
	Average unshared data size (kbytes): 0
	Average stack size (kbytes): 0
	Average total size (kbytes): 0
	Maximum resident set size (kbytes): 303036
	Average resident set size (kbytes): 0
	Major (requiring I/O) page faults: 0
	Minor (reclaiming a frame) page faults: 104510
	Voluntary context switches: 3
	Involuntary context switches: 674
	Swaps: 0
	File system inputs: 0
	File system outputs: 5408
	Socket messages sent: 0
	Socket messages received: 0
	Signals delivered: 0
	Page size (bytes): 4096
	Exit status: 0
