
Legend for f4 information
--------------------------------------------------------
deg       current degree of pairs selected in this round
sel       number of pairs selected in this round
pairs     total number of pairs in pair list
mat       matrix dimensions (# rows x # columns)
density   density of the matrix
new data  # new elements for basis in this round
          # zero reductions during linear algebra
time(rd)  time of the current f4 round in seconds given
          for real and cpu time
--------------------------------------------------------

deg     sel   pairs        mat          density            new data         time(rd) in sec (real|cpu)
------------------------------------------------------------------------------------------------------
  2      10     508      26 x 45          5.47%       10 new       0 zero         0.00 | 0.06         
  2       4     465      15 x 23         10.72%        4 new       0 zero         0.00 | 0.02         
  2       1     473       2 x 5          70.00%        1 new       0 zero         0.00 | 0.00         
  3      73     471     369 x 593         0.50%       64 new       9 zero         0.03 | 0.47         
  2       2    1026       4 x 9          30.56%        2 new       0 zero         0.00 | 0.02         
  2       1    1023       2 x 5          70.00%        1 new       0 zero         0.00 | 0.02         
  3     173    1019     763 x 1204        0.29%       98 new      75 zero         0.06 | 0.91         
  3     191    2061    1071 x 2004        0.23%      102 new      89 zero         0.11 | 1.71         
  3      21    3690     122 x 361         1.39%       12 new       9 zero         0.01 | 0.24         
  4    1000    3942    4252 x 5709        0.09%      363 new     637 zero         0.83 | 12.07        
  3      12    8441      27 x 27          5.76%        4 new       8 zero         0.02 | 0.24         
  4    1000    8534    4008 x 4531        0.14%      239 new     761 zero         0.62 | 9.50         
  4    1000   12747    6697 x 9382        0.07%      218 new     782 zero         0.99 | 13.01        
  4    1000   16787    8893 x 12521       0.06%      196 new     804 zero         1.21 | 15.32        
  4    1000   19260   10982 x 16800       0.05%      240 new     760 zero         1.77 | 21.57        
  3      16   22085      58 x 70          3.67%        4 new      12 zero         0.04 | 0.47         
  4    1000   21984   10067 x 15143       0.07%      342 new     658 zero         2.74 | 34.33        
  4    1000   29090   13890 x 21047       0.05%      183 new     817 zero         3.17 | 24.12        
  4    1000   32928   15212 x 23823       0.05%      245 new     755 zero         5.58 | 37.10        
  4    1000   38224   17659 x 30387       0.04%      173 new     827 zero         3.41 | 23.10        
  4    1000   41248   22101 x 38036       0.03%      205 new     795 zero         3.92 | 27.37        
  3      35   40059     420 x 1590        0.78%       31 new       4 zero         0.42 | 3.88         
  4    1000   39957    9136 x 16881       0.10%      590 new     410 zero         8.26 | 74.64        
  4    1000   45827    7613 x 12451       0.13%      362 new     638 zero         7.56 | 53.22        
  4    1000   53655   12787 x 22228       0.08%      455 new     545 zero        11.20 | 68.54        
  4    1000   61069   14330 x 25422       0.08%      378 new     622 zero        10.06 | 57.37        
  4    1000   68608   15931 x 27127       0.08%      400 new     600 zero        11.39 | 59.69        
  4    1000   78091   19679 x 33156       0.07%      293 new     707 zero         9.91 | 44.52        
  4    1000   84882   22877 x 39368       0.07%      436 new     564 zero        17.76 | 77.20        
  4    1000   95979   26938 x 48721       0.06%      461 new     539 zero        20.83 | 76.92        
  4    1001  108117   30860 x 55875       0.06%      434 new     567 zero        25.10 | 81.00        
  4    1000  119740   32588 x 64803       0.06%      450 new     550 zero        27.51 | 81.93        
  4    1000  132491   36199 x 70557       0.05%      230 new     770 zero        23.61 | 51.78        
  4    1001  139120   25144 x 40295       0.11%      117 new     884 zero        13.59 | 30.19        
  4    1000  141805   23345 x 36595       0.11%       93 new     907 zero        10.68 | 23.15        
  4    1000  143951   31299 x 50979       0.09%      157 new     843 zero        15.59 | 34.91        
  4    1001  148183   36249 x 66266       0.07%      173 new     828 zero        21.07 | 41.94        
  4     524  152694   29614 x 57754       0.09%      109 new     415 zero        17.19 | 30.62        
  4      54  155518     998 x 3955        0.49%       54 new       0 zero         3.18 | 10.21        
  3      63  158304     409 x 1847        0.44%       40 new      23 zero         2.28 | 7.07         
  4    1000  164479   31235 x 88557       0.06%      445 new     555 zero        48.23 | 99.04        
  4     346  185072   27549 x 67184       0.09%      147 new     199 zero        25.84 | 45.39        
  5    1001  191673   15183 x 19520       0.15%       71 new     930 zero         7.70 | 19.85        
  5    1000  193025   24019 x 36255       0.10%       94 new     906 zero        12.99 | 28.42        
  4      29  195246     330 x 487         2.78%        5 new      24 zero         0.62 | 1.60         
  5    1000  195399   30741 x 42464       0.09%      104 new     896 zero        12.88 | 28.82        
  5    1000  198051   38905 x 65737       0.06%      134 new     866 zero        23.52 | 42.84        
  5    1000  201922   34003 x 56076       0.08%      101 new     899 zero        18.80 | 32.97        
  5    1001  204380   21633 x 28326       0.12%       89 new     918 zero        10.99 | 25.11        
  5    1000  206505   25783 x 35338       0.09%      127 new     875 zero        14.90 | 34.64        
  5    1000  210076   37416 x 59603       0.08%      169 new     831 zero        25.71 | 50.68        
  5    1000  214806   21069 x 31618       0.10%       80 new     921 zero        13.06 | 24.21        
  5    1000  216605   34770 x 50758       0.08%      121 new     879 zero        19.35 | 36.53        
  5    1000  219804   31439 x 40766       0.08%       54 new     950 zero        11.56 | 20.11        
  5    1000  220751   38820 x 55031       0.08%       84 new     918 zero        18.25 | 32.38        
  5    1000  222777   48073 x 73457       0.06%      135 new     865 zero        26.92 | 46.99        
  5    1000  226429   40653 x 61838       0.07%       61 new     939 zero        19.28 | 28.08        
  5    1000  227870   44850 x 69448       0.07%      181 new     819 zero        57.51 | 91.66        
  5    1000  233345