
Legend for f4 information
--------------------------------------------------------
deg       current degree of pairs selected in this round
sel       number of pairs selected in this round
pairs     total number of pairs in pair list
mat       matrix dimensions (# rows x # columns)
density   density of the matrix
new data  # new elements for basis in this round
          # zero reductions during linear algebra
time(rd)  time of the current f4 round in seconds given
          for real and cpu time
--------------------------------------------------------

deg     sel   pairs        mat          density            new data         time(rd) in sec (real|cpu)
------------------------------------------------------------------------------------------------------
  2       1     240       2 x 1         100.00%        0 new       1 zero         0.02 | 0.43         
  3       3     239      10 x 12         19.17%        2 new       1 zero         0.04 | 0.94         
  3       2     243       7 x 9          22.22%        2 new       0 zero         0.11 | 1.02         
  3       1     246       2 x 1         100.00%        0 new       1 zero         0.05 | 0.57         
  4      14     245      91 x 127         2.12%        7 new       7 zero         0.20 | 2.27         
  3      10     248      30 x 44          5.15%        6 new       4 zero         0.11 | 1.71         
  3       9     261      32 x 33          6.34%        1 new       8 zero         0.19 | 1.18         
  4      21     259     135 x 176         1.49%        6 new      15 zero         0.09 | 1.64         
  4      18     277     124 x 191         1.47%        5 new      13 zero         0.18 | 1.93         
  4      17     292     162 x 232         1.34%        7 new      10 zero         0.14 | 1.89         
  4       6     321      84 x 105         2.38%        1 new       5 zero         0.07 | 0.95         
  5      85     323     967 x 1648        0.22%       20 new      65 zero         0.43 | 4.81         
  3      20     352     106 x 339         1.40%       19 new       1 zero         0.34 | 4.32         
  3       6     468      17 x 36         10.62%        2 new       4 zero         0.07 | 0.93         
  4     164     481    1453 x 3507        0.17%       71 new      93 zero         1.32 | 14.84        
  3      11     933      45 x 74          5.29%        3 new       8 zero         0.17 | 1.54         
  4     136     930     891 x 1441        0.34%       42 new      94 zero         0.83 | 9.12         
  4      50    1215     491 x 816         0.68%       13 new      37 zero         0.27 | 3.26         
  4      25    1267     408 x 655         0.86%        3 new      22 zero         0.07 | 1.22         
  5     871    1271   14518 x 28273       0.03%      169 new     702 zero         2.73 | 33.48        
  3       9    2322      39 x 89          5.59%        5 new       4 zero         0.16 | 1.78         
  4      90    2387    1090 x 2282        0.34%       36 new      54 zero         0.70 | 7.90         
  4      50    2700     451 x 923         0.77%       11 new      39 zero         0.11 | 2.41         
  5     925    2807   16316 x 34910       0.03%      285 new     640 zero         4.48 | 55.51        
  4      15    4792     333 x 1010        1.36%        4 new      11 zero         0.11 | 1.42         
  5     971    4831   21982 x 47842       0.03%      289 new     682 zero         4.51 | 56.23        
  5     349    7974   15586 x 33663       0.06%       90 new     259 zero         1.52 | 18.61        
  5      36    9009    3428 x 11068       0.24%       13 new      23 zero         0.29 | 3.18         
  6    1000    9210   40085 x 96142       0.03%      325 new     675 zero         5.65 | 65.94        
  5      14   12751    4416 x 9966        0.27%        5 new       9 zero         0.17 | 1.56         
  6    1001   12800   32898 x 76276       0.04%      245 new     756 zero         4.08 | 48.76        
  6    1000   15395   51080 x 127168      0.03%      221 new     779 zero         4.32 | 47.42        
  6    1001   17737   53531 x 119244      0.04%      175 new     826 zero         4.08 | 40.49        
  6    1000   19333   68988 x 152658      0.03%      156 new     844 zero         3.21 | 31.75        
  6    1001   20751   90565 x 241181      0.02%      352 new     649 zero         8.24 | 79.44        
  5      38   25061    7851 x 21568       0.18%       26 new      12 zero         0.70 | 7.08         
  4      90   23271     658 x 1723        0.64%       47 new      44 zero         1.01 | 11.70        
  4     145   22482    1019 x 2089        0.35%       36 new     109 zero         0.52 | 8.49         
  5    1000   23032   10882 x 24393       0.08%      274 new     732 zero         5.38 | 64.53        
  5    1000   22543   17835 x 41413       0.06%      218 new     782 zero         3.97 | 51.42        
  5     380   24142   22915 x 52167       0.06%       64 new     316 zero         1.64 | 16.17        
  5      20   24461    8580 x 23417       0.18%        7 new      13 zero         0.34 | 2.53         
  6    1000   24552   42249 x 104345      0.04%      235 new     765 zero         5.74 | 57.97        
  6    1000   27441   53566 x 129580      0.03%      199 new     810 zero         5.12 | 49.71        
  6    1000   29638   42564 x 96864       0.05%      104 new     896 zero         3.05 | 26.54        
  6    1000   30422   79572 x 178076      0.03%      158 new     842 zero         5.25 | 41.53        
  6    1000   32022  141984 x 389814      0.01%      302 new     698 zero         9.74 | 78.42        
  6    1000   36594   90391 x 234175      0.02%      148 new     853 zero         5.46 | 40.01        
  6    1000   38105   93511 x 216085      0.03%      122 new     878 zero         5.10 | 33.08        
  6    1001   39273  123340 x 261240      0.02%      123 new     878 zero         5.85 | 34.63        
  6    1000   40331  144371 x 302237      0.02%      152 new     848 zero         7.19 | 42.79        
  6    1000   41900  131606 x 297988      0.02%      112 new     896 zero         6.49 | 33.47        
  6    1000   42736  174051 x 381568      0.02%      111 new     890 zero         7.94 | 34.77        
  6    1000   43579  201182 x 420718      0.02%      155 new     845 zero         9.45 | 46.28        
  6    1000   45127  201538 x 430819      0.02%      159 new     841 zero         9.88 | 47.66        
  6    1001   46889  190201 x 393233      0.02%      111 new     890 zero         9.94 | 37.06        
  6    1000   47803  216321 x 429569      0.01%      146 new     854 zero        10.20 | 45.05        
  6    1001   49233  218307 x 429608      0.01%      167 new     834 zero        10.37 | 50.16        
  5      31   51001    2175 x 10082       0.27%       31 new       0 zero         1.09 | 8.84         
  4      18   50610     340 x 1067        1.12%       14 new       4 zero         0.56 | 4.52         
  4      31   50574     301 x 821         1.32%       10 new      21 zero         0.40 | 3.40         
  4      13   50710      68 x 135         3.14%        1 new      12 zero         0.13 | 1.14         
  5     558   50737   21898 x 53781       0.07%      227 new     332 zero         6.42 | 58.92        
  5     893   44923   29070 x 66814       0.06%      377 new     516 zero        11.62 | 98.50        
  5     529   40961   27235 x 65208       0.07%      168 new     361 zero         5.83 | 45.03        
  5      36   41510    3098 x 8657        0.46%       11 new      25 zero         0.45 | 3.62         
  6    1000   41563   50687 x 112914      0.05%      325 new     675 zero        11.01 | 86.54        
  6    1000   45307   57794 x 151111      0.05%      305 new     695 zero        11.07 | 81.92        
  6    1000   48900   84561 x 199507      0.04%      266 new     736 zero        11.66 | 73.91        
  6    1000   51807   68737 x 171187      0.05%      222 new     778 zero        10.35 | 62.43        
  5      24   54226    9491 x 28358       0.29%       12 new      12 zero         0.83 | 4.11         
  6    1000   54118  102829 x 257741      0.03%      232 new     768 zero        11.07 | 65.42        
  6    1000   56879   98925 x 226113      0.04%      242 new     758 zero        12.95 | 70.35        
  6    1000   60075   86721 x 200183      0.05%      151 new     855 zero         8.72 | 44.64        
  6    1000   61675  107574 x 252428      0.04%      256 new     746 zero        14.94 | 75.80        
  6    1000   65178  150861 x 328667      0.03%      187 new     815 zero        14.88 | 59.81        
  6    1000   66700  177701 x 452810      0.02%      408 new     592 zero        24.48 | 120.96       
  6    1000   72490  184785 x 493413      0.02%      269 new     731 zero        24.14 | 89.71        
  6    1000   76155  133645 x 327000      0.04%      142 new     858 zero        14.72 | 49.33        
  6    1000   77660  134073 x 306177      0.04%      216 new     785 zero        17.46 | 69.39        
  6    1000   80552  259764 x 555709      0.02%      221 new     779 zero        24.69 | 79.16        
  6    1000   83493  165019 x 389559      0.03%      222 new     778 zero        19.80 | 73.52        
  6    1000   86555  199001 x 474251      0.03%      192 new     808 zero        22.17 | 69.77        
  6    1000   89019  212447 x 495205      0.03%      215 new     785 zero        23.85 | 77.31        
  6    1001   92161  221213 x 506563      0.03%      162 new     839 zero        21.79 | 61.81        
  6    1000   94127  236033 x 535052      0.03%      105 new     895 zero        20.77 | 48.76        
  6    1001   95071  306311 x 667806      0.02%      103 new     898 zero        25.44 | 53.40        
  6    1000   95923  314949 x 715529      0.02%      207 new     793 zero        36.49 | 88.93        
  6    1000   98688  358065 x 802669      0.02%      203 new     798 zero        38.14 | 90.90        
  6    1000  101169  398638 x 873058      0.02%      261 new     739 zero        45.02 | 110.64       
  6    1000  104524  417932 x 883982      0.01%      245 new     755 zero        42.02 | 103.20       
  6    1000  107346  403240 x 872581      0.01%      254 new     747 zero        41.69 | 105.05       
  6    1000  111430  227329 x 495615      0.02%      219 new     781 zero        27.14 | 80.80        
  5       7  114830     182 x 2386        0.98%        7 new       0 zero         0.67 | 3.09         
  6     689  115358  236027 x 560806      0.02%      228 new     461 zero        28.51 | 84.18        
  6     296  119915  194203 x 581369      0.02%      171 new     127 zero        27.23 | 69.16        
  6      22  123690   48946 x 156616      0.09%       11 new      11 zero         5.21 | 8.56         
  7    1000  123899  288440 x 654673      0.03%      259 new     741 zero        38.31 | 103.73       
  7    1000  128143  289246 x 658001      0.03%      246 new     754 zero        39.41 | 102.54       
  7    1000  132113  432934 x 1049983     0.02%      309 new     691 zero        60.22 | 141.23       
  7    1000  137196  503990 x 1136684     0.02%      219 new     781 zero        58.28 | 118.59       
  7    1000  140597  736419 x 1652028     0.01%      196 new     804 zero        82.68 | 140.46       
  7    1001  143149