
--------------- INPUT DATA ---------------
#variables                      78
#equations                     426
#invalid equations               0
field characteristic    1073741827
homogeneous input?               0
signature-based computation      0
monomial order                 DRL
basis hash table resetting     OFF
linear algebra option           44
initial hash table size     131072 (2^17)
max pair selection             ALL
reduce gb                        1
#threads                        30
info level                       2
generate pbm files               0
------------------------------------------
Command terminated by signal 15
	Command being timed: "msolve -g 2 -t 30 -v 2 -l 44 -f C_n24m16_Mm12_m2_5_ell1_s4_V1_1_6_p1073741827_all.ms -o C_n24m16_Mm12_m2_5_ell1_s4_V1_1_6_p1073741827_all.g2.out"
	User time (seconds): 75948.97
	System time (seconds): 50.93
	Percent of CPU this job got: 1421%
	Elapsed (wall clock) time (h:mm:ss or m:ss): 1:29:05
	Average shared text size (kbytes): 0
	Average unshared data size (kbytes): 0
	Average stack size (kbytes): 0
	Average total size (kbytes): 0
	Maximum resident set size (kbytes): 82709040
	Average resident set size (kbytes): 0
	Major (requiring I/O) page faults: 0
	Minor (reclaiming a frame) page faults: 21424004
	Voluntary context switches: 732281
	Involuntary context switches: 4438909
	Swaps: 0
	File system inputs: 0
	File system outputs: 144
	Socket messages sent: 0
	Socket messages received: 0
	Signals delivered: 0
	Page size (bytes): 4096
	Exit status: 0
