
Legend for f4 information
--------------------------------------------------------
deg       current degree of pairs selected in this round
sel       number of pairs selected in this round
pairs     total number of pairs in pair list
mat       matrix dimensions (# rows x # columns)
density   density of the matrix
new data  # new elements for basis in this round
          # zero reductions during linear algebra
time(rd)  time of the current f4 round in seconds given
          for real and cpu time
--------------------------------------------------------

deg     sel   pairs        mat          density            new data         time(rd) in sec (real|cpu)
------------------------------------------------------------------------------------------------------
  2       5     514      16 x 24         10.42%        5 new       0 zero         0.06 | 1.53         
  3      18     514      72 x 118         2.41%       15 new       3 zero         0.11 | 3.19         
  3      43     661     133 x 170         1.49%       17 new      26 zero         0.12 | 3.47         
  3      78     839     205 x 194         1.29%       13 new      65 zero         0.10 | 2.77         
  3      15     919      49 x 66          3.96%        3 new      12 zero         0.04 | 1.12         
  4     197     935    1179 x 1898        0.21%       47 new     150 zero         0.31 | 8.57         
  3      27    1178     190 x 366         1.09%       22 new       5 zero         0.15 | 4.31         
  3      72    1332     219 x 254         1.09%       18 new      54 zero         0.15 | 3.61         
  4     486    1483    3136 x 4467        0.11%       96 new     390 zero         0.65 | 9.55         
  4     451    2342    3308 x 5032        0.13%       81 new     370 zero         1.14 | 15.25        
  4     139    3246    2295 x 4140        0.22%       30 new     109 zero         0.34 | 6.06         
  5    1814    3644   31163 x 46448       0.03%      231 new    1583 zero         3.04 | 39.68        
  3      21    5307     119 x 195         1.91%       11 new      10 zero         0.25 | 2.83         
  3      63    5020     178 x 184         1.60%       11 new      52 zero         0.10 | 2.19         
  4     315    4925    2843 x 5128        0.18%      107 new     208 zero         1.59 | 20.71        
  3      14    4879      78 x 103         3.26%        4 new      10 zero         0.05 | 1.16         
  4     592    4896    5900 x 9149        0.14%      179 new     413 zero         2.05 | 29.57        
  4     285    7160    3255 x 5229        0.30%       67 new     218 zero         0.89 | 13.60        
  5    4845    8147   64545 x 95611       0.02%      851 new    3997 zero        12.55 | 162.16       
  4      21   16341    1873 x 5713        0.63%       12 new       9 zero         0.25 | 3.26         
  5    4842   16276   86907 x 134294      0.03%      904 new    3938 zero        17.43 | 208.45       
  5    1237   26687   75262 x 127736      0.03%      372 new     865 zero         7.26 | 96.68        
  5     140   32893   44330 x 88975       0.07%       50 new      90 zero         4.63 | 17.20        
  6   29354   33782  763963 x 1142209     0.01%     3683 new   25678 zero       265.13 | 1861.71      
  4      60   69257    2841 x 6342        0.41%       50 new      10 zero         2.79 | 15.37        
  4     386   67549    5815 x 11113       0.22%      189 new     197 zero         9.31 | 54.66        
  4     745   61789    5097 x 7860        0.30%      193 new     553 zero         9.10 | 55.39        
  4     265   58692    2908 x 4437        0.40%       62 new     203 zero         2.94 | 18.36        
  4      21   58801     528 x 1174        1.23%       10 new      11 zero         0.63 | 3.84         
  5    8524   58999  106169 x 165237      0.04%     1609 new    6933 zero        74.99 | 463.89       
  4      72   57309    4006 x 8103        0.40%       44 new      28 zero         3.58 | 14.53        
  4     125   56286    3563 x 6805        0.50%       55 new      70 zero         4.91 | 18.15        
  4      25   56798    1201 x 2735        1.25%        7 new      18 zero         0.82 | 3.13         
  5    9990   56943  134432 x 209770      0.04%     2089 new    7907 zero       124.64 | 658.94       
  5    6333   72765  139402 x 230639      0.04%     1976 new    4364 zero       139.07 | 665.23       
  5    2469  105607  104630 x 181864      0.07%      684 new    1788 zero        59.24 | 235.82       
  6  106514  120546 1784001 x 2528709     0.01%    15084 new   91769 zero