Warning: characteristic is too low for choosing 
probabilistic linear algebra
	 linear algebra option set to 2

--------------- INPUT DATA ---------------
#variables                      78
#equations                     426
#invalid equations               0
field characteristic         32003
homogeneous input?               0
signature-based computation      0
monomial order                 DRL
basis hash table resetting     OFF
linear algebra option            2
initial hash table size     131072 (2^17)
max pair selection            1000
reduce gb                        1
#threads                        30
info level                       2
generate pbm files               0
------------------------------------------
Command terminated by signal 15
	Command being timed: "msolve -g 2 -t 30 -v 2 -l 44 -m 1000 -f C_n24m16_Mm12_m2_5_ell1_s4_V1_1_6_p32003_m1000.ms -o C_n24m16_Mm12_m2_5_ell1_s4_V1_1_6_p32003_m1000.g2.out"
	User time (seconds): 6022.16
	System time (seconds): 14.75
	Percent of CPU this job got: 478%
	Elapsed (wall clock) time (h:mm:ss or m:ss): 21:00.99
	Average shared text size (kbytes): 0
	Average unshared data size (kbytes): 0
	Average stack size (kbytes): 0
	Average total size (kbytes): 0
	Maximum resident set size (kbytes): 19466132
	Average resident set size (kbytes): 0
	Major (requiring I/O) page faults: 0
	Minor (reclaiming a frame) page faults: 5686280
	Voluntary context switches: 653002
	Involuntary context switches: 758202
	Swaps: 0
	File system inputs: 0
	File system outputs: 320
	Socket messages sent: 0
	Socket messages received: 0
	Signals delivered: 0
	Page size (bytes): 4096
	Exit status: 0
