
Legend for f4 information
--------------------------------------------------------
deg       current degree of pairs selected in this round
sel       number of pairs selected in this round
pairs     total number of pairs in pair list
mat       matrix dimensions (# rows x # columns)
density   density of the matrix
new data  # new elements for basis in this round
          # zero reductions during linear algebra
time(rd)  time of the current f4 round in seconds given
          for real and cpu time
--------------------------------------------------------

deg     sel   pairs        mat          density            new data         time(rd) in sec (real|cpu)
------------------------------------------------------------------------------------------------------
  2       1     430       2 x 1         100.00%        0 new       1 zero         0.02 | 0.46         
  3       3     429      10 x 12         19.17%        2 new       1 zero         0.05 | 1.04         
  3       2     436       7 x 9          22.22%        2 new       0 zero         0.05 | 0.99         
  3       1     444       2 x 1         100.00%        0 new       1 zero         0.03 | 0.53         
  4       6     443      35 x 39          6.23%        2 new       4 zero         0.04 | 0.97         
  3       4     450      12 x 19         11.84%        3 new       1 zero         0.05 | 1.15         
  3       2     455       4 x 2          50.00%        0 new       2 zero         0.03 | 0.52         
  4       7     453      51 x 54          4.07%        1 new       6 zero         0.03 | 0.81         
  5       9     456      72 x 79          3.20%        2 new       7 zero         0.05 | 0.99         
  3       6     456      25 x 33          6.55%        4 new       2 zero         0.06 | 1.29         
  4      23     472     153 x 178         1.34%        8 new      15 zero         0.08 | 1.99         
  4      15     490      42 x 27          4.94%        0 new      15 zero         0.02 | 0.49         
  5      25     475     309 x 331         0.71%        5 new      20 zero         0.08 | 1.51         
  6      32     481     498 x 524         0.46%        1 new      31 zero         0.03 | 0.75         
  3       4     457      13 x 22         10.84%        4 new       0 zero         0.05 | 1.23         
  4      20     481     122 x 137         1.69%        6 new      14 zero         0.08 | 1.63         
  4       9     491      20 x 11         10.00%        0 new       9 zero         0.02 | 0.49         
  5      28     482     273 x 309         0.79%        6 new      22 zero         0.07 | 1.76         
  6      44     500     515 x 649         0.40%        7 new      37 zero         0.08 | 1.76         
  7      52     505    1188 x 1319        0.20%        1 new      51 zero         0.04 | 0.80         
  3       5     463      15 x 31          8.82%        5 new       0 zero         0.05 | 1.40         
  4      31     502     187 x 275         1.01%       12 new      19 zero         0.12 | 2.63         
  4      12     554      25 x 15          7.47%        1 new      11 zero         0.03 | 0.80         
  5      76     550     813 x 1144        0.27%       15 new      61 zero         0.14 | 3.19         
  6     128     602    2612 x 3470        0.09%       15 new     113 zero         0.15 | 3.16         
  7     122     592    4431 x 5549        0.05%        7 new     115 zero         0.10 | 1.97         
  8     115     529    4104 x 6233        0.06%       29 new      86 zero         0.24 | 5.45         
  3      19     499      60 x 152         2.35%       16 new       3 zero         0.14 | 3.40         
  3       8     717      27 x 51          5.37%        5 new       3 zero         0.07 | 1.50         
  4     196     772    1043 x 2039        0.21%       85 new     111 zero         0.64 | 14.77        
  4      87    1585     430 x 734         0.46%       37 new      50 zero         0.30 | 6.82         
  4     168    1893     834 x 1519        0.26%       74 new      94 zero         0.59 | 12.89        
  4      57    2713     239 x 434         0.74%       22 new      35 zero         0.20 | 4.29         
  4      17    2988      74 x 110         2.68%        5 new      12 zero         0.06 | 1.61         
  5    1000    3060    8141 x 14721       0.04%      285 new     715 zero         2.09 | 47.68        
  4      18    5590      69 x 171         2.79%        6 new      12 zero         0.08 | 1.81         
  5    1000    5670    8202 x 16311       0.04%      319 new     681 zero         2.43 | 53.45        
  5    1000    9171   12304 x 24949       0.03%      293 new     707 zero         2.22 | 48.89        
  4      19   11898      71 x 102         2.51%        4 new      15 zero         0.07 | 1.49         
  5    1001   11959   13427 x 28071       0.03%      317 new     684 zero         2.46 | 54.58        
  4      23   15856     296 x 662         0.89%       16 new       7 zero         0.17 | 3.50         
  4      22   15690      66 x 111         3.89%        6 new      16 zero         0.09 | 1.82         
  4      40   15665     262 x 610         1.05%       11 new      29 zero         0.13 | 2.87         
  4      23   15386     125 x 390         1.81%        8 new      15 zero         0.09 | 1.96         
  5    1000   14916   11314 x 24795       0.04%      247 new     753 zero         1.97 | 43.39        
  4      39   15681     184 x 391         1.41%       12 new      27 zero         0.15 | 3.00         
  5    1000   15381   10351 x 23605       0.04%      347 new     655 zero         3.69 | 67.05        
  4      24   19483     183 x 596         1.29%        7 new      17 zero         0.21 | 2.29         
  5    1000   19226    8448 x 18489       0.06%      247 new     755 zero         6.08 | 58.22        
  5    1001   21871   13895 x 32204       0.03%      329 new     672 zero         8.34 | 80.68        
  5     569   26651   13798 x 31659       0.03%      144 new     425 zero         3.91 | 36.97        
  4      41   28195     150 x 306         1.27%       10 new      31 zero         0.43 | 3.21         
  5     386   28204    5888 x 13232       0.08%      103 new     283 zero         2.34 | 25.86        
  5     132   29709    2250 x 5534        0.17%       27 new     105 zero         0.59 | 7.12         
  6    1000   30051   23846 x 55911       0.03%      259 new     741 zero         6.45 | 65.52        
  5      64   33299    2579 x 8230        0.17%       23 new      41 zero         0.71 | 6.79         
  5      30   33482     340 x 1008        0.90%        4 new      26 zero         0.14 | 1.71         
  6    1000   33526   16812 x 43688       0.05%      268 new     732 zero         6.29 | 67.54        
  5      19   37020     153 x 463         1.48%        2 new      17 zero         0.10 | 1.19         
  6    1000   37038   21070 x 55077       0.04%      216 new     788 zero         5.15 | 54.52        
  6    1000   39661   32240 x 79531       0.03%      203 new     799 zero         4.32 | 50.61        
  6    1001   40995   26136 x 61688       0.04%      284 new     717 zero         7.56 | 73.91        
  6    1000   44382   36195 x 90383       0.03%      265 new     735 zero         7.50 | 69.13        
  5      49   47641    4688 x 11992       0.16%       22 new      27 zero         0.80 | 6.67         
  5      68   47414    5203 x 14707       0.13%       25 new      43 zero         0.81 | 7.17         
  6    1000   47523   36651 x 88713       0.03%      314 new     686 zero         8.56 | 80.71        
  5      67   51871     551 x 2291        0.96%       10 new      57 zero         0.35 | 3.29         
  5      27   51895     602 x 2297        0.73%        5 new      22 zero         0.21 | 2.00         
  6    1000   51939   35028 x 92016       0.03%      245 new     755 zero         6.80 | 63.71        
  5      95   54970    4705 x 12982       0.17%       40 new      55 zero         1.06 | 10.68        
  5      18   55131     260 x 1170        2.32%        4 new      14 zero         0.17 | 1.82         
  6    1000   55097   37824 x 99443       0.03%      234 new     766 zero         6.52 | 60.49        
  6    1000   58493   36883 x 95269       0.03%      221 new     780 zero         6.55 | 57.50        
  6    1000   61484   55343 x 128502      0.02%      180 new     821 zero         5.85 | 47.76        
  6    1000   63213   50846 x 121530      0.03%      168 new     838 zero         5.35 | 44.47        
  5     105   64074    1423 x 6353        0.38%       23 new      82 zero         0.79 | 6.66         
  5      19   63899     520 x 1874        1.51%        1 new      18 zero         0.14 | 1.17         
  6    1000   63883   51226 x 120929      0.03%      222 new     780 zero         6.63 | 57.88        
  6    1000   66073   52594 x 121780      0.03%      177 new     824 zero         6.21 | 47.59        
  5      59   67132     583 x 2527        1.16%       10 new      49 zero         0.37 | 3.26         
  6    1001   67098   43369 x 107459      0.04%      184 new     823 zero         6.66 | 49.83        
  6    1000   69017   58569 x 139727      0.03%      170 new     830 zero         6.91 | 47.05        
  6    1000   70552   47195 x 113014      0.03%      249 new     751 zero         8.90 | 66.66        
  6    1000   73574   42364 x 106672      0.03%      273 new     727 zero         9.05 | 72.39        
  5      21   75864     341 x 1999        1.88%        4 new      17 zero         0.27 | 1.83         
  6    1000   75840   41172 x 106187      0.03%      322 new     680 zero        10.53 | 85.49        
  6    1000   80027   65475 x 176072      0.02%      230 new     770 zero         8.96 | 62.57        
  6    1001   83302   32986 x 94654       0.03%      121 new     880 zero         4.97 | 33.66        
  6    1000   84464   51126 x 124501      0.03%       85 new     916 zero         4.12 | 24.83        
  6    1000   84661   63545 x 156979      0.02%      176 new     824 zero         8.47 | 50.97        
  6    1000   86694   61935 x 161955      0.03%      128 new     872 zero         7.04 | 37.83        
  6    1000   87927   53206 x 154698      0.03%      101 new     899 zero         6.07 | 30.17        
  6    1001   88866   61640 x 151571      0.03%      102 new     904 zero         6.44 | 30.91        
  6    1001   89517   58217 x 144141      0.03%       97 new     905 zero         5.95 | 29.70        
  5      19   90003     120 x 753         1.94%        2 new      17 zero         0.24 | 1.48         
  5      15   90015     238 x 1093        1.28%        0 new      15 zero         0.13 | 0.59         
  6    1001   90000   82631 x 203274      0.02%      162 new     839 zero         9.46 | 48.44        
  5      43   91348     359 x 2511        1.39%        9 new      34 zero         0.58 | 3.33         
  5      18   91081     124 x 596         2.34%        1 new      17 zero         0.20 | 1.22         
  6    1000   91032   76173 x 195137      0.02%      128 new     874 zero         7.61 | 38.67        
  5      18   91742     131 x 879         1.92%        2 new      16 zero         0.20 | 1.41         
  5      17   91731     166 x 884         1.54%        1 new      16 zero         0.17 | 1.13         
  6    1000   91704   77858 x 195669      0.02%       84 new     919 zero         6.06 | 26.69        
  6    1000   91739  104006 x 252434      0.02%      163 new     837 zero        11.45 | 50.55        
  5      49   92784     710 x 2992        0.90%        9 new      40 zero         0.69 | 3.40         
  6    1000   92720   71001 x 192231      0.02%      146 new     854 zero         8.32 | 43.29        
  6    1000   94190   85625 x 222544      0.02%      132 new     869 zero         9.09 | 40.99        
  5      14   95419     180 x 831         1.82%        0 new      14 zero         0.11 | 0.50         
  6    1000   95405   99771 x 240654      0.02%       86 new     914 zero         6.65 | 28.06        
  6    1001   95444  129851 x 299523      0.01%      153 new     848 zero        10.40 | 47.23        
  6    1000   96070  107772 x 253389      0.02%      158 new     846 zero        10.63 | 48.08        
  6    1001   96839   93838 x 232305      0.02%      128 new     884 zero         8.78 | 40.07        
  6    1002   97260  132588 x 288125      0.01%      134 new     872 zero         9.05 | 41.51        
  6    1001   97558  109392 x 255295      0.02%      131 new     870 zero         8.68 | 40.43        
  6    1000   98347   91359 x 232149      0.02%      206 new     794 zero        13.21 | 62.10        
  6    1000  101254   79057 x 209403      0.02%      213 new     791 zero        14.29 | 64.84        
  6    1000  103023  106351 x 232442      0.02%      294 new     706 zero        20.37 | 90.67        
  6    1000  105523  101786 x 232391      0.02%      254 new     746 zero        19.45 | 80.50        
  6    1001  108796  119552 x 273409      0.02%       59 new     945 zero         7.21 | 22.22        
  6    1000  108893  121352 x 268834      0.02%       42 new     960 zero         5.97 | 17.31        
  6    1001  108498  102738 x 236213      0.02%      269 new     732 zero        20.36 | 85.05        
  6    1000  111397   82943 x 217540      0.02%      248 new     752 zero        17.55 | 76.95        
  6    1000  114206   68397 x 161580      0.03%      171 new     830 zero        12.82 | 54.41        
  6    1000  116010   91675 x 226589      0.02%      111 new     889 zero        12.05 | 39.42        
  6    1000  117082  128285 x 259209      0.01%      128 new     872 zero        10.68 | 42.46        
  6    1000  117989  132339 x 294217      0.01%      139 new     861 zero        13.07 | 47.08        
  6    1000  119641  114659 x 275091      0.02%      106 new     894 zero        10.08 | 36.53        
  6    1000  120673   97943 x 195330      0.02%       36 new     964 zero         5.03 | 14.58        
  4      17  120625     205 x 638         1.19%       10 new       7 zero         0.94 | 4.05         
  4      22  120389      58 x 60          3.48%        4 new      18 zero         0.48 | 2.05         
  5     308  120005    7160 x 18018       0.11%       91 new     217 zero         6.85 | 29.23        
  4      28  118974     176 x 638         1.79%       10 new      18 zero         0.93 | 3.85         
  5     829  118981   18941 x 46610       0.05%      295 new     534 zero        21.01 | 92.35        
  4      53  111907     309 x 780         1.10%       19 new      34 zero         1.51 | 6.86         
  4      26  110806     264 x 956         1.61%       16 new      10 zero         1.24 | 5.98         
  5    1000  110143    8799 x 22094       0.11%      293 new     708 zero        20.66 | 91.16        
  4      28  103673     247 x 781         1.72%        9 new      19 zero         0.72 | 3.46         
  5    1000  103438    8045 x 19491       0.10%      252 new     749 zero        20.36 | 80.37        
  5    1000  101072   13430 x 33683       0.07%      212 new     788 zero        18.18 | 69.04        
  5     707   99740   18482 x 44372       0.05%      140 new     567 zero        12.10 | 46.39        
  4      23   97344      94 x 196         4.29%        5 new      18 zero         0.60 | 2.49         
  5     503   97304    8713 x 23560       0.10%      118 new     385 zero         9.99 | 38.65        
  5     156   98193    8469 x 23643       0.12%       62 new      94 zero         5.43 | 20.47        
  5     107   98503    2003 x 5763        0.30%       23 new      84 zero         2.20 | 8.54         
  6    1000   98807   22892 x 56161       0.05%      278 new     722 zero        20.50 | 87.79        
  5      89  102503    1981 x 6902        0.35%       16 new      73 zero         1.45 | 6.06         
  6    1000  102477   37653 x 96643       0.03%      262 new     738 zero        21.46 | 84.14        
  5      78  106265    6762 x 18260       0.18%       33 new      45 zero         3.33 | 11.89        
  5      80  106276    1894 x 5216        0.31%       21 new      59 zero         1.75 | 7.31         
  5      44  106453     897 x 3088        0.41%        6 new      38 zero         0.56 | 2.65         
  6    1001  106555   26067 x 65508       0.06%      163 new     840 zero        12.61 | 52.80        
  4      21  108608      88 x 244         4.29%        5 new      16 zero         0.62 | 2.68         
  5     140  108533    2887 x 8969        0.31%       34 new     106 zero         3.11 | 11.99        
  5     150  108158    8923 x 24988       0.12%       55 new      95 zero         4.34 | 18.63        
  6    1000  108779   24502 x 61587       0.05%      160 new     841 zero        12.54 | 51.33        
  6    1000  110793   36246 x 95844       0.04%      153 new     847 zero        13.28 | 50.22        
  6    1000  112676   42505 x 108379      0.03%      173 new     827 zero        14.19 | 56.64        
  5      56  114889    1088 x 3537        0.85%       14 new      42 zero         1.36 | 5.28         
  6    1000  115016   44249 x 107923      0.04%      191 new     811 zero        16.17 | 61.90        
  6    1000  117823   38815 x 95018       0.05%      237 new     773 zero        21.09 | 78.76        
  5      47  119703    1621 x 6463        0.79%       15 new      32 zero         1.73 | 6.12         
  6    1001  119678   44757 x 110655      0.04%      283 new     718 zero        23.56 | 92.90        
  6    1001  124110   47578 x 117101      0.03%      223 new     781 zero        20.32 | 75.34        
  5      13  126957     268 x 1085        1.37%        0 new      13 zero         0.16 | 0.79         
  6    1002  126944   30342 x 78858       0.05%      161 new     842 zero        13.09 | 53.78        
  6    1001  129145   60384 x 143747      0.03%      186 new     815 zero        16.75 | 61.83        
  5      20  130914     567 x 1849        1.63%        1 new      19 zero         0.30 | 1.16         
  6    1000  130872   55657 x 151533      0.03%      137 new     869 zero        12.71 | 46.62        
  6    1000  132480   68524 x 158608      0.03%      179 new     822 zero        16.23 | 59.84        
  5      27  134540    5993 x 16031       0.22%       13 new      14 zero         1.62 | 5.35         
  6    1000  134206   83190 x 185217      0.03%      217 new     788 zero        20.54 | 73.23        
  5      31  137092    7058 x 19804       0.17%       13 new      18 zero         1.45 | 5.45         
  5      21  136789     131 x 677         2.65%        1 new      20 zero         0.25 | 1.21         
  6    1000  136769   86281 x 203333      0.02%      178 new     822 zero        17.72 | 61.70        
  5      84  137732    7880 x 23447       0.16%       30 new      54 zero         3.86 | 11.73        
  5      23  137592     811 x 2357        0.67%        5 new      18 zero         0.66 | 2.48         
  6    1001  137654   60803 x 150465      0.03%      260 new     742 zero        23.82 | 87.34        
  5      47  141448    1483 x 4849        0.53%        5 new      42 zero         0.70 | 2.56         
  6    1000  141467   79863 x 192691      0.03%      265 new     736 zero        25.95 | 90.45        
  5      97  144582    9170 x 25971       0.14%       40 new      57 zero         4.57 | 14.92        
  5     156  144252    7430 x 21357       0.15%       38 new     118 zero         4.16 | 13.91        
  6    1000  144243   74720 x 178717      0.03%      270 new     730 zero        26.03 | 90.79        
  5      23  148395    1979 x 5501        0.66%       10 new      13 zero         1.29 | 4.57         
  6    1000  148314   54878 x 130940      0.04%      191 new     809 zero        19.15 | 65.70        
  5      20  150538     119 x 574         2.05%        1 new      19 zero         0.32 | 1.29         
  6    1000  150519   67923 x 170048      0.03%      200 new     804 zero        21.23 | 69.58        
  6    1000  153051   59883 x 153658      0.03%       96 new     910 zero        10.87 | 34.72        
  6    1000  153750   98293 x 230770      0.03%      150 new     854 zero        17.21 | 54.72        
  6    1000  155099   84324 x 203703      0.03%      124 new     878 zero        16.09 | 47.38        
  6    1000  156090  112501 x 252776      0.02%      179 new     821 zero        22.00 | 65.89        
  6    1000  158098  113707 x 254626      0.02%      185 new     816 zero        22.44 | 69.41        
  5      24  159268    1386 x 5782        0.94%        6 new      18 zero         0.96 | 3.21         
  6    1000  159234  115948 x 265970      0.02%      211 new     789 zero        24.42 | 77.14        
  6    1000  161718  104887 x 269655      0.02%      336 new     664 zero