{"phase": "monic_h_lift", "rss_kib": 46668, "stats": {"literal_terms": 10055, "maximum_semantic_degree": 12, "monic_definitions": 160, "unlifted_h_stats": {"literal_terms": 9913, "max_coefficient_terms": 535, "max_physical_degree": 33, "max_semantic_degree": 12, "physical_support": 178}}, "variables": 599, "wall": 0.035233}
{"phase": "source", "removed_source_coordinates": ["Z55", "leader55", "target_c", "target_d", "target_e"], "rss_kib": 46668, "semantic_variables": 599, "stats": {"C": {"literal_terms": 228, "max_coefficient_terms": 6, "max_physical_degree": 35, "max_semantic_degree": 1, "physical_support": 201}, "D": {"literal_terms": 223, "max_coefficient_terms": 7, "max_physical_degree": 34, "max_semantic_degree": 1, "physical_support": 194}, "h": {"literal_terms": 178, "max_coefficient_terms": 1, "max_physical_degree": 33, "max_semantic_degree": 1, "physical_support": 178}}, "wall": 0.036035}
{"phase": "bracket_hd", "rss_kib": 111692, "stats": {"literal_terms": 37614, "max_coefficient_terms": 133, "max_physical_degree": 65, "max_semantic_degree": 2, "physical_support": 641}, "wall": 0.22547}
{"phase": "bracket_ch", "rss_kib": 145228, "stats": {"literal_terms": 38520, "max_coefficient_terms": 137, "max_physical_degree": 66, "max_semantic_degree": 2, "physical_support": 657}, "wall": 0.418473}
{"phase": "bracket_cd", "rss_kib": 195404, "stats": {"literal_terms": 47783, "max_coefficient_terms": 165, "max_physical_degree": 67, "max_semantic_degree": 2, "physical_support": 668}, "wall": 0.658628}
{"candidate_rows": 1469, "phase": "output_support", "rss_kib": 195404, "wall": 0.673558}
{"last_degree": 20, "phase": "rows", "rows": 100, "rss_kib": 199564, "terms": 59997, "wall": 0.807925}
{"last_degree": 32, "phase": "rows", "rows": 200, "rss_kib": 209640, "terms": 361776, "wall": 2.201064}
{"last_degree": 40, "phase": "rows", "rows": 300, "rss_kib": 227752, "terms": 1060150, "wall": 7.024709}
{"last_degree": 48, "phase": "rows", "rows": 400, "rss_kib": 243092, "terms": 2148964, "wall": 16.084345}
{"last_degree": 54, "phase": "rows", "rows": 500, "rss_kib": 255752, "terms": 3549307, "wall": 29.488452}
{"last_degree": 60, "phase": "rows", "rows": 600, "rss_kib": 265640, "terms": 5132505, "wall": 45.947475}
{"last_degree": 66, "phase": "rows", "rows": 700, "rss_kib": 265640, "terms": 6684784, "wall": 62.285153}
{"last_degree": 71, "phase": "rows", "rows": 800, "rss_kib": 265640, "terms": 8100610, "wall": 77.67235}
{"last_degree": 76, "phase": "rows", "rows": 900, "rss_kib": 265640, "terms": 9207063, "wall": 88.892707}
{"last_degree": 80, "phase": "rows", "rows": 1000, "rss_kib": 265640, "terms": 10100840, "wall": 97.150297}
{"last_degree": 85, "phase": "rows", "rows": 1100, "rss_kib": 265640, "terms": 10682206, "wall": 101.781158}
{"last_degree": 89, "phase": "rows", "rows": 1200, "rss_kib": 265640, "terms": 11055370, "wall": 104.250768}
{"last_degree": 93, "phase": "rows", "rows": 1300, "rss_kib": 265640, "terms": 11229313, "wall": 105.064839}
{"last_degree": 97, "phase": "rows", "rows": 1400, "rss_kib": 265640, "terms": 11283552, "wall": 105.212515}
{"phase": "complete", "report": "exact_lifted_full.json", "rows": 1469, "rss_kib": 265640, "terms": 11289124, "wall": 105.226231}
