{"phase": "source", "removed_source_coordinates": ["Z55", "leader55", "target_c", "target_d", "target_e"], "rss_kib": 33524, "semantic_variables": 439, "stats": {"C": {"max_physical_degree": 35, "physical_support": 201}, "D": {"max_physical_degree": 34, "physical_support": 194}, "h": {"max_physical_degree": 33, "physical_support": 178}}, "wall": 0.011429}
{"phase": "bracket_hd", "rss_kib": 33524, "stats": {"max_physical_degree": 65, "physical_support": 641}, "wall": 0.029259}
{"phase": "bracket_ch", "rss_kib": 33524, "stats": {"max_physical_degree": 66, "physical_support": 657}, "wall": 0.047668}
{"phase": "bracket_cd", "rss_kib": 33524, "stats": {"max_physical_degree": 67, "physical_support": 668}, "wall": 0.067787}
{"candidate_rows": 1469, "phase": "output_support", "rss_kib": 33524, "wall": 0.082358}
{"last_degree": 20, "phase": "rows", "rows": 100, "rss_kib": 33524, "terms": 100, "wall": 0.08654}
{"last_degree": 32, "phase": "rows", "rows": 200, "rss_kib": 33524, "terms": 200, "wall": 0.090372}
{"last_degree": 40, "phase": "rows", "rows": 300, "rss_kib": 33524, "terms": 300, "wall": 0.094365}
{"last_degree": 48, "phase": "rows", "rows": 400, "rss_kib": 33524, "terms": 400, "wall": 0.098528}
{"last_degree": 54, "phase": "rows", "rows": 500, "rss_kib": 33524, "terms": 500, "wall": 0.102755}
{"last_degree": 60, "phase": "rows", "rows": 600, "rss_kib": 33524, "terms": 600, "wall": 0.106973}
{"last_degree": 66, "phase": "rows", "rows": 700, "rss_kib": 33524, "terms": 700, "wall": 0.111116}
{"last_degree": 71, "phase": "rows", "rows": 800, "rss_kib": 33524, "terms": 800, "wall": 0.115289}
{"last_degree": 76, "phase": "rows", "rows": 900, "rss_kib": 33524, "terms": 900, "wall": 0.119267}
{"last_degree": 80, "phase": "rows", "rows": 1000, "rss_kib": 33524, "terms": 1000, "wall": 0.123175}
{"last_degree": 85, "phase": "rows", "rows": 1100, "rss_kib": 33524, "terms": 1100, "wall": 0.127004}
{"last_degree": 89, "phase": "rows", "rows": 1200, "rss_kib": 33524, "terms": 1200, "wall": 0.130578}
{"last_degree": 93, "phase": "rows", "rows": 1300, "rss_kib": 33524, "terms": 1300, "wall": 0.133995}
{"last_degree": 97, "phase": "rows", "rows": 1400, "rss_kib": 33524, "terms": 1400, "wall": 0.13732}
{"phase": "complete", "report": "scalar_full.json", "rows": 1469, "rss_kib": 34804, "terms": 1469, "wall": 0.768106}
