K2 built (3.6s cached); computing K2(sigma) to t^32 ...
K2(sigma) rows: 129 tags in 8.3s
p= 1 new=0 piv=0 cum=0 resid=0 vars=[] dim=- dim_min=- (0.0s)
p= 2 new=0 piv=0 cum=0 resid=0 vars=[] dim=- dim_min=- (0.0s)
p= 3 new=1 piv=1 cum=1 resid=0 vars=[] dim=- dim_min=- (0.0s)
p= 4 new=1 piv=1 cum=2 resid=0 vars=[] dim=- dim_min=- (0.0s)
p= 5 new=1 piv=1 cum=3 resid=0 vars=[] dim=- dim_min=- (0.0s)
p= 6 new=1 piv=1 cum=4 resid=0 vars=[] dim=- dim_min=- (0.0s)
p= 7 new=2 piv=1 cum=5 resid=0 vars=[] dim=- dim_min=- (0.0s)
p= 8 new=2 piv=2 cum=7 resid=0 vars=[] dim=- dim_min=- (0.1s)
p= 9 new=2 piv=2 cum=9 resid=0 vars=[] dim=- dim_min=- (0.1s)
p=10 new=2 piv=2 cum=11 resid=0 vars=[] dim=- dim_min=- (0.1s)
p=11 new=3 piv=2 cum=13 resid=0 vars=[] dim=- dim_min=- (0.2s)
p=12 new=3 piv=2 cum=15 resid=0 vars=[] dim=- dim_min=- (0.2s)
p=13 new=3 piv=3 cum=18 resid=0 vars=[] dim=- dim_min=- (0.4s)
p=14 new=3 piv=3 cum=21 resid=0 vars=[] dim=- dim_min=- (0.4s)
p=15 new=4 piv=3 cum=24 resid=0 vars=[] dim=- dim_min=- (0.5s)
p=16 new=4 piv=3 cum=27 resid=0 vars=[] dim=- dim_min=- (1.1s)
p=17 new=4 piv=3 cum=30 resid=0 vars=[] dim=- dim_min=- (1.5s)
p=18 new=4 piv=3 cum=33 resid=0 vars=[] dim=- dim_min=- (2.0s)
p=19 new=5 piv=4 cum=37 resid=0 vars=[] dim=- dim_min=- (2.5s)
p=20 new=5 piv=4 cum=41 resid=0 vars=[] dim=- dim_min=- (3.1s)
p=21 new=5 piv=4 cum=45 resid=0 vars=[] dim=- dim_min=- (3.7s)
p=22 new=5 piv=4 cum=49 resid=0 vars=[] dim=- dim_min=- (4.5s)
p=23 new=6 piv=4 cum=53 resid=0 vars=[] dim=- dim_min=- (4.6s)
p=24 new=6 piv=5 cum=58 resid=0 vars=[] dim=- dim_min=- (4.4s)
p=25 new=6 piv=5 cum=63 resid=0 vars=[] dim=- dim_min=- (4.7s)
p=26 new=6 piv=5 cum=68 resid=0 vars=[] dim=- dim_min=- (5.7s)
p=27 new=7 piv=5 cum=73 resid=0 vars=[] dim=- dim_min=- (6.3s)
p=28 new=7 piv=5 cum=78 resid=0 vars=[] dim=- dim_min=- (9.2s)
p=29 new=7 piv=6 cum=84 resid=0 vars=[] dim=- dim_min=- (9.9s)
p=30 new=7 piv=6 cum=90 resid=0 vars=[] dim=- dim_min=- (12.3s)
p=31 new=8 piv=6 cum=96 resid=0 vars=[] dim=- dim_min=- (17.2s)
p=32 new=9 piv=6 cum=102 resid=0 vars=[] dim=- dim_min=- (12.8s)
FIRST UNIT DEPTH p* = None ; total 115.8 s
