== CONTROL A: DICT-N on Keller pairs (J a unit) ==
   auto (y, x+y^5)
      deg f=1(y)/1  deg g=5(y)/5  J=-1
      ord_t f(tau) : ['-1/5', '-1/5', '-1/5', '-1/5', '-1/5']
      delta0=-ord_t g_y(tau) : ['4/5', '4/5', '4/5', '4/5', '4/5']
      N(res)=1   sum(-ord_t f)^+ = 1   DICT-N = 1
  [ok]   D1 dictionary lambda+1=delta0 :: auto (y, x+y^5)
  [ok]   D3 DICT-N = sum(-lambda)^+   :: auto (y, x+y^5)
  [ok]       ... = N(res)             :: auto (y, x+y^5)

   auto (y, x+y^7)
      deg f=1(y)/1  deg g=7(y)/7  J=-1
      ord_t f(tau) : ['-1/7', '-1/7', '-1/7', '-1/7', '-1/7', '-1/7', '-1/7']
      delta0=-ord_t g_y(tau) : ['6/7', '6/7', '6/7', '6/7', '6/7', '6/7', '6/7']
      N(res)=1   sum(-ord_t f)^+ = 1   DICT-N = 1
  [ok]   D1 dictionary lambda+1=delta0 :: auto (y, x+y^7)
  [ok]   D3 DICT-N = sum(-lambda)^+   :: auto (y, x+y^7)
  [ok]       ... = N(res)             :: auto (y, x+y^7)

   auto (x+y^5, y+(x+y^5)^3)
      deg f=5(y)/5  deg g=15(y)/15  J=1
      ord_t f(tau) : ['-1/15', '-1/15', '-1/15', '-1/15', '-1/15', '-1/15', '-1/15', '-1/15', '-1/15', '-1/15', '-1/15', '-1/15', '-1/15', '-1/15', '-1/15']
      delta0=-ord_t g_y(tau) : ['14/15', '14/15', '14/15', '14/15', '14/15', '14/15', '14/15', '14/15', '14/15', '14/15', '14/15', '14/15', '14/15', '14/15', '14/15']
      N(res)=1   sum(-ord_t f)^+ = 1   DICT-N = 1
  [ok]   D1 dictionary lambda+1=delta0 :: auto (x+y^5, y+(x+y^5)^3)
  [ok]   D3 DICT-N = sum(-lambda)^+   :: auto (x+y^5, y+(x+y^5)^3)
  [ok]       ... = N(res)             :: auto (x+y^5, y+(x+y^5)^3)

   auto (x+y^3, y+(x+y^3)^2)
      deg f=3(y)/3  deg g=6(y)/6  J=1
      ord_t f(tau) : ['-1/6', '-1/6', '-1/6', '-1/6', '-1/6', '-1/6']
      delta0=-ord_t g_y(tau) : ['5/6', '5/6', '5/6', '5/6', '5/6', '5/6']
      N(res)=1   sum(-ord_t f)^+ = 1   DICT-N = 1
  [ok]   D1 dictionary lambda+1=delta0 :: auto (x+y^3, y+(x+y^3)^2)
  [ok]   D3 DICT-N = sum(-lambda)^+   :: auto (x+y^3, y+(x+y^3)^2)
  [ok]       ... = N(res)             :: auto (x+y^3, y+(x+y^3)^2)

   auto (x+y^2, y+(x+y^2)^3)
      deg f=2(y)/2  deg g=6(y)/6  J=1
      ord_t f(tau) : ['-1/6', '-1/6', '-1/6', '-1/6', '-1/6', '-1/6']
      delta0=-ord_t g_y(tau) : ['5/6', '5/6', '5/6', '5/6', '5/6', '5/6']
      N(res)=1   sum(-ord_t f)^+ = 1   DICT-N = 1
  [ok]   D1 dictionary lambda+1=delta0 :: auto (x+y^2, y+(x+y^2)^3)
  [ok]   D3 DICT-N = sum(-lambda)^+   :: auto (x+y^2, y+(x+y^2)^3)
  [ok]       ... = N(res)             :: auto (x+y^2, y+(x+y^2)^3)

   auto depth3 p=(3,2,2)
      deg f=6(y)/6  deg g=12(y)/12  J=-1
      ord_t f(tau) : ['-1/12', '-1/12', '-1/12', '-1/12', '-1/12', '-1/12', '-1/12', '-1/12', '-1/12', '-1/12', '-1/12', '-1/12']
      delta0=-ord_t g_y(tau) : ['11/12', '11/12', '11/12', '11/12', '11/12', '11/12', '11/12', '11/12', '11/12', '11/12', '11/12', '11/12']
      N(res)=1   sum(-ord_t f)^+ = 1   DICT-N = 1
  [ok]   D1 dictionary lambda+1=delta0 :: auto depth3 p=(3,2,2)
  [ok]   D3 DICT-N = sum(-lambda)^+   :: auto depth3 p=(3,2,2)
  [ok]       ... = N(res)             :: auto depth3 p=(3,2,2)

   auto (x+(y^2+1)^3, y+f^2)
      deg f=6(y)/6  deg g=12(y)/12  J=1
      ord_t f(tau) : ['-1/12', '-1/12', '-1/12', '-1/12', '-1/12', '-1/12', '-1/12', '-1/12', '-1/12', '-1/12', '-1/12', '-1/12']
      delta0=-ord_t g_y(tau) : ['11/12', '11/12', '11/12', '11/12', '11/12', '11/12', '11/12', '11/12', '11/12', '11/12', '11/12', '11/12']
      N(res)=1   sum(-ord_t f)^+ = 1   DICT-N = 1
  [ok]   D1 dictionary lambda+1=delta0 :: auto (x+(y^2+1)^3, y+f^2)
  [ok]   D3 DICT-N = sum(-lambda)^+   :: auto (x+(y^2+1)^3, y+f^2)
  [ok]       ... = N(res)             :: auto (x+(y^2+1)^3, y+f^2)

   auto shear (y, x+y^5+3y^2)
      deg f=1(y)/1  deg g=5(y)/5  J=-1
      ord_t f(tau) : ['-1/5', '-1/5', '-1/5', '-1/5', '-1/5']
      delta0=-ord_t g_y(tau) : ['4/5', '4/5', '4/5', '4/5', '4/5']
      N(res)=1   sum(-ord_t f)^+ = 1   DICT-N = 1
  [ok]   D1 dictionary lambda+1=delta0 :: auto shear (y, x+y^5+3y^2)
  [ok]   D3 DICT-N = sum(-lambda)^+   :: auto shear (y, x+y^5+3y^2)
  [ok]       ... = N(res)             :: auto shear (y, x+y^5+3y^2)

   CHARGED (y+x^2, x+(y+x^2)^2)
      deg f=1(y)/2  deg g=2(y)/4  J=-1
      ord_t f(tau) : ['-1/2', '-1/2']
      delta0=-ord_t g_y(tau) : ['1/2', '1/2']
      N(res)=1   sum(-ord_t f)^+ = 1   DICT-N = 1
  [ok]   D1 dictionary lambda+1=delta0 :: CHARGED (y+x^2, x+(y+x^2)^2)
  [ok]   D3 DICT-N = sum(-lambda)^+   :: CHARGED (y+x^2, x+(y+x^2)^2)

== CONTROL B: NEGATIVE -- non-Keller two-tower rows (J nonconstant) ==
   row    m   n  N(res)   DICT-N  deficit  -sum ord_t J(tau)
      0   2   3       4        0        4                  6
  [ok]   B: DICT-N FAILS on non-Keller row 0
      1   3   4       9        0        9                 15
  [ok]   B: DICT-N FAILS on non-Keller row 1
      2   4   4      13        0       13                 19
  [ok]   B: DICT-N FAILS on non-Keller row 2
      3   3   4       9        0        9                 15
  [ok]   B: DICT-N FAILS on non-Keller row 3
      4   4   4      12        0       12                 16
  [ok]   B: DICT-N FAILS on non-Keller row 4
      5   4   6      18        0       18                 35
  [ok]   B: DICT-N FAILS on non-Keller row 5
      6   4   6      18        0       18                 34
  [ok]   B: DICT-N FAILS on non-Keller row 6

== CONTROL B2: the exact (untruncated) dictionary as a SUM identity ==
   sum_i ord_t f(tau_i) + n  ==  -sum_i ord_t g_y(tau_i) + sum_i ord_t J(tau_i)
   row                           LHS        RHS
   two-tower 0                    -1         -1
  [ok]   B2 sum-dictionary :: two-tower 0
   two-tower 1                    -5         -5
  [ok]   B2 sum-dictionary :: two-tower 1
   two-tower 2                    -9         -9
  [ok]   B2 sum-dictionary :: two-tower 2
   two-tower 3                    -5         -5
  [ok]   B2 sum-dictionary :: two-tower 3
   two-tower 4                    -8         -8
  [ok]   B2 sum-dictionary :: two-tower 4
   two-tower 5                   -12        -12
  [ok]   B2 sum-dictionary :: two-tower 5
   two-tower 6                   -12        -12
  [ok]   B2 sum-dictionary :: two-tower 6
   auto (y, x+y^5)                 4          4
  [ok]   B2 sum-dictionary :: auto (y, x+y^5)
   auto (y, x+y^7)                 6          6
  [ok]   B2 sum-dictionary :: auto (y, x+y^7)
   auto (x+y^5, y+(x+y^5)^3)         14         14
  [ok]   B2 sum-dictionary :: auto (x+y^5, y+(x+y^5)^3)
   auto (x+y^3, y+(x+y^3)^2)          5          5
  [ok]   B2 sum-dictionary :: auto (x+y^3, y+(x+y^3)^2)
   auto (x+y^2, y+(x+y^2)^3)          5          5
  [ok]   B2 sum-dictionary :: auto (x+y^2, y+(x+y^2)^3)
   auto depth3 p=(3,2,2)          11         11
  [ok]   B2 sum-dictionary :: auto depth3 p=(3,2,2)
   auto (x+(y^2+1)^3, y+f^2)         11         11
  [ok]   B2 sum-dictionary :: auto (x+(y^2+1)^3, y+f^2)
   auto shear (y, x+y^5+3y^2)          4          4
  [ok]   B2 sum-dictionary :: auto shear (y, x+y^5+3y^2)
   CHARGED (y+x^2, x+(y+x^2)^2)          1          1
  [ok]   B2 sum-dictionary :: CHARGED (y+x^2, x+(y+x^2)^2)

== CONTROL C: STEP-1 tree formula  -ord_t g_y(tau_i) = delta^0_i  (unshifted tree) ==
   (closed-form Puiseux roots; discriminating: frontier balls are NOT all singletons)
  [ok]   C: delta0 tree == -ord_t g_y  :: two-tower row 0
  [ok]   C: delta0 tree == -ord_t g_y  :: two-tower row 1
  [ok]   C: delta0 tree == -ord_t g_y  :: two-tower row 2
  [ok]   C: delta0 tree == -ord_t g_y  :: two-tower row 3
  [ok]   C: delta0 tree == -ord_t g_y  :: two-tower row 4
  [ok]   C: delta0 tree == -ord_t g_y  :: two-tower row 5
  [ok]   C: delta0 tree == -ord_t g_y  :: two-tower row 6

== CONTROL C2: a NON-singleton frontier ball -- the c2-shift is load-bearing ==
   pairwise ord_t(rho_1 - rho_j) : ['1000000000', '-1/2', '1000000000', '-1/2']   (INF = repeated root)
   frontier from the tree        : 1/2   (ball has a(B)=2 roots)
   -ord_t g_y(tau_i), generic c2 : ['1/2', '1/2', '1/2', '1/2']
   -ord_t g_y(tau_i), c2 = 0     : IDENTICALLY ZERO (g_y vanishes on the double roots)
  [ok]   C2: tree frontier == -ord_t g_y at generic c2 (non-singleton ball)
  [ok]   C2: c2=0 DIFFERS -- the shift is load-bearing
== CONTROL D: generic-c2 invariance of {delta0_i} ==
  [ok]   D: {delta0} same for 3 generic c2 :: auto (y, x+y^5)
  [ok]   D: {delta0} same for 3 generic c2 :: auto (y, x+y^7)
  [ok]   D: {delta0} same for 3 generic c2 :: auto (x+y^5, y+(x+y^5)^3)
  [ok]   D: {delta0} same for 3 generic c2 :: auto (x+y^3, y+(x+y^3)^2)
  [ok]   D: {delta0} same for 3 generic c2 :: auto (x+y^2, y+(x+y^2)^3)
  [ok]   D: {delta0} same for 3 generic c2 :: auto depth3 p=(3,2,2)

ALL CONTROLS PASSED
