== CONTROL P1: Phi(delta_1) = 1 exactly; Phi(delta_r) > 1 for r >= 2 ==
   row                     Phi(d_1)     Phi(d_2)     Phi(d_3)          L          U
   (64,48)                        1         29/4          111        9/4          9
  [ok]   P1 Phi(delta_1)=1 :: (64,48)
  [ok]   P1 Phi(delta_r)>1 for r>=2 :: (64,48)
  [ok]   P1 incremental == closed form :: (64,48)
   (84,56) M2=64,V2=2             1         37/7          139        4/7          6
  [ok]   P1 Phi(delta_1)=1 :: (84,56) M2=64,V2=2
  [ok]   P1 Phi(delta_r)>1 for r>=2 :: (84,56) M2=64,V2=2
  [ok]   P1 incremental == closed form :: (84,56) M2=64,V2=2
   (84,56) M2=72,V2=5             1            9          139        5/2       21/2
  [ok]   P1 Phi(delta_1)=1 :: (84,56) M2=72,V2=5
  [ok]   P1 Phi(delta_r)>1 for r>=2 :: (84,56) M2=72,V2=5
  [ok]   P1 incremental == closed form :: (84,56) M2=72,V2=5
   (75,50) V2=3                   1         26/5          124        9/5         12
  [ok]   P1 Phi(delta_1)=1 :: (75,50) V2=3
  [ok]   P1 Phi(delta_r)>1 for r>=2 :: (75,50) V2=3
  [ok]   P1 incremental == closed form :: (75,50) V2=3
   (75,50) V2=2                   1         26/5          124        4/5          8
  [ok]   P1 Phi(delta_1)=1 :: (75,50) V2=2
  [ok]   P1 Phi(delta_r)>1 for r>=2 :: (75,50) V2=2
  [ok]   P1 incremental == closed form :: (75,50) V2=2
   (99,66)                        1         16/3          164       16/3         16
  [ok]   P1 Phi(delta_1)=1 :: (99,66)
  [ok]   P1 Phi(delta_r)>1 for r>=2 :: (99,66)
  [ok]   P1 incremental == closed form :: (99,66)

== CONTROL P2: census-wide, every V-skeleton (n <= NMAX) ==
   V-skeletons tested: 1301   wall 0.1s
  [ok]   P2 Phi(delta_1) = 1 on every V-skeleton
  [ok]   P2 Phi(delta_r) > 1 for r>=2 and Phi non-increasing downward
  [ok]   P2 0 < L <= U on every V-skeleton

== CONTROL P3: L/U = V_2/u  and  U = (u/V_2) L  (identity) ==
  [ok]   P3 U*a_1 == L*u*e

== CONTROL P4: N-CEILING recovered: A_bot = u e gives U ==
  [ok]   P4 u*e*contrib == U on Moh's six rows

  ALL CONTROLS PASSED


== EXACT-N FILTER,  N in [6,16],  D <= 200 ==
   L = a_1 c (FLOOR, new) ; U = u e c (CEILING, reviewed) ; c = d(1-delta_1)/(d+e)
       D   #groups    kL     kU  k(L|U)  kSINGLE  kMIXED      minL      maxL
     105       264     0     30      30      222     159      3/46      16/7   [1s]
