OMEGA_SIMPLIFICATION_PASS
LEADING_BALANCE_PASS
HIGH_DIAGONAL_PASS
B_DIAGONAL_PASS
RESONANCE_PASS
RESONANCE_INTEGER_FORM_PASS
RESONANCE_EQUATION_DEGREE_PASS
MONOMIAL_LINEAR_B_PASS
MONOMIAL_B2_COEFFICIENT=-3*(d + 1)*(9*d**3 + 8*d**2 - 1)/(4*y**2*(2*d + 1)*(3*d + 2)**2)
MONOMIAL_B3_COEFFICIENT=3*(d - 1)*(d + 1)/(4*y*(3*d + 2))
T2_MINUS_B2_PASS
T2_MINUS_B3_PASS
T2_PLUS_B2_PASS
T2_PLUS_B3_PASS
LOCAL_CONSTANT_PASS
LOCAL_LINEAR_PASS
LOCAL_BNONZERO_DIAGONAL_2_PASS
LOCAL_BNONZERO_DIAGONAL_3_PASS
LOCAL_BNONZERO_DIAGONAL_4_PASS
LOCAL_BNONZERO_DIAGONAL_5_PASS
LOCAL_BNONZERO_DIAGONAL_6_PASS
LOCAL_BNONZERO_DIAGONAL_7_PASS
LOCAL_BZERO_DIAGONAL_2_PASS
LOCAL_BZERO_DIAGONAL_3_PASS
LOCAL_BZERO_DIAGONAL_4_PASS
LOCAL_BZERO_DIAGONAL_5_PASS
LOCAL_BZERO_DIAGONAL_6_PASS
LOCAL_BZERO_DIAGONAL_7_PASS
LOCAL_BZERO_DIAGONAL_8_PASS
INFINITY_AND_LOCAL_STRUCTURE_DONE
