box/f10-r2-fullunit-ready-typefix-execution-20260910/harvest/run/jc2-r2-fullunit-ready-20260910T1800-typefix/dummy.post.json: OK
box/f10-r2-fullunit-ready-typefix-execution-20260910/harvest/var/lib/jc2-r2-fullunit-ready-20260910T1800-typefix/dummy.post.json: OK
box/f10-r2-fullunit-ready-typefix-execution-20260910/harvest/run/jc2-r2-fullunit-ready-20260910T1800-typefix/dummy.pre.json: OK
box/f10-r2-fullunit-ready-typefix-execution-20260910/harvest/var/lib/jc2-r2-fullunit-ready-20260910T1800-typefix/dummy.pre.json: OK
box/f10-r2-fullunit-ready-typefix-execution-20260910/harvest/run/jc2-r2-fullunit-ready-20260910T1800-typefix/dummy.python-live.json: OK
box/f10-r2-fullunit-ready-typefix-execution-20260910/harvest/var/lib/jc2-r2-fullunit-ready-20260910T1800-typefix/dummy.python-live.json: OK
box/f10-r2-fullunit-ready-typefix-execution-20260910/harvest/run/jc2-r2-fullunit-ready-20260910T1800-typefix/dummy.runner-live.json: OK
box/f10-r2-fullunit-ready-typefix-execution-20260910/harvest/var/lib/jc2-r2-fullunit-ready-20260910T1800-typefix/dummy.runner-live.json: OK
box/f10-r2-fullunit-ready-typefix-execution-20260910/harvest/run/jc2-r2-fullunit-ready-20260910T1800-typefix/dummy.runner.stderr: OK
box/f10-r2-fullunit-ready-typefix-execution-20260910/harvest/var/lib/jc2-r2-fullunit-ready-20260910T1800-typefix/dummy.runner.stderr: OK
box/f10-r2-fullunit-ready-typefix-execution-20260910/harvest/run/jc2-r2-fullunit-ready-20260910T1800-typefix/dummy.runner.stdout: OK
box/f10-r2-fullunit-ready-typefix-execution-20260910/harvest/var/lib/jc2-r2-fullunit-ready-20260910T1800-typefix/dummy.runner.stdout: OK
box/f10-r2-fullunit-ready-typefix-execution-20260910/harvest/run/jc2-r2-fullunit-ready-20260910T1800-typefix/dummy.stderr: OK
box/f10-r2-fullunit-ready-typefix-execution-20260910/harvest/var/lib/jc2-r2-fullunit-ready-20260910T1800-typefix/dummy.stderr: OK
box/f10-r2-fullunit-ready-typefix-execution-20260910/harvest/run/jc2-r2-fullunit-ready-20260910T1800-typefix/dummy.stdout: OK
box/f10-r2-fullunit-ready-typefix-execution-20260910/harvest/var/lib/jc2-r2-fullunit-ready-20260910T1800-typefix/dummy.stdout: OK
box/f10-r2-fullunit-ready-typefix-execution-20260910/harvest/run/jc2-r2-fullunit-ready-20260910T1800-typefix/dummy.telemetry.json: OK
box/f10-r2-fullunit-ready-typefix-execution-20260910/harvest/var/lib/jc2-r2-fullunit-ready-20260910T1800-typefix/dummy.telemetry.json: OK
box/f10-r2-fullunit-ready-typefix-execution-20260910/harvest/run/jc2-r2-fullunit-ready-20260910T1800-typefix/fullunit-binding.json: OK
box/f10-r2-fullunit-ready-typefix-execution-20260910/harvest/var/lib/jc2-r2-fullunit-ready-20260910T1800-typefix/fullunit-binding.json: OK
box/f10-r2-fullunit-ready-typefix-execution-20260910/harvest/run/jc2-r2-fullunit-ready-20260910T1800-typefix/fullunit-negative.post.json: OK
box/f10-r2-fullunit-ready-typefix-execution-20260910/harvest/var/lib/jc2-r2-fullunit-ready-20260910T1800-typefix/fullunit-negative.post.json: OK
box/f10-r2-fullunit-ready-typefix-execution-20260910/harvest/run/jc2-r2-fullunit-ready-20260910T1800-typefix/fullunit-negative.pre.json: OK
box/f10-r2-fullunit-ready-typefix-execution-20260910/harvest/var/lib/jc2-r2-fullunit-ready-20260910T1800-typefix/fullunit-negative.pre.json: OK
box/f10-r2-fullunit-ready-typefix-execution-20260910/harvest/run/jc2-r2-fullunit-ready-20260910T1800-typefix/fullunit-negative.python-live.json: OK
box/f10-r2-fullunit-ready-typefix-execution-20260910/harvest/var/lib/jc2-r2-fullunit-ready-20260910T1800-typefix/fullunit-negative.python-live.json: OK
box/f10-r2-fullunit-ready-typefix-execution-20260910/harvest/run/jc2-r2-fullunit-ready-20260910T1800-typefix/fullunit-negative.runner-live.json: OK
box/f10-r2-fullunit-ready-typefix-execution-20260910/harvest/var/lib/jc2-r2-fullunit-ready-20260910T1800-typefix/fullunit-negative.runner-live.json: OK
box/f10-r2-fullunit-ready-typefix-execution-20260910/harvest/run/jc2-r2-fullunit-ready-20260910T1800-typefix/fullunit-negative.runner.stderr: OK
box/f10-r2-fullunit-ready-typefix-execution-20260910/harvest/var/lib/jc2-r2-fullunit-ready-20260910T1800-typefix/fullunit-negative.runner.stderr: OK
box/f10-r2-fullunit-ready-typefix-execution-20260910/harvest/run/jc2-r2-fullunit-ready-20260910T1800-typefix/fullunit-negative.runner.stdout: OK
box/f10-r2-fullunit-ready-typefix-execution-20260910/harvest/var/lib/jc2-r2-fullunit-ready-20260910T1800-typefix/fullunit-negative.runner.stdout: OK
box/f10-r2-fullunit-ready-typefix-execution-20260910/harvest/run/jc2-r2-fullunit-ready-20260910T1800-typefix/fullunit-negative.stderr: OK
box/f10-r2-fullunit-ready-typefix-execution-20260910/harvest/var/lib/jc2-r2-fullunit-ready-20260910T1800-typefix/fullunit-negative.stderr: OK
box/f10-r2-fullunit-ready-typefix-execution-20260910/harvest/run/jc2-r2-fullunit-ready-20260910T1800-typefix/fullunit-negative.stdout: OK
box/f10-r2-fullunit-ready-typefix-execution-20260910/harvest/var/lib/jc2-r2-fullunit-ready-20260910T1800-typefix/fullunit-negative.stdout: OK
box/f10-r2-fullunit-ready-typefix-execution-20260910/harvest/run/jc2-r2-fullunit-ready-20260910T1800-typefix/fullunit-negative.telemetry.json: OK
box/f10-r2-fullunit-ready-typefix-execution-20260910/harvest/var/lib/jc2-r2-fullunit-ready-20260910T1800-typefix/fullunit-negative.telemetry.json: OK
box/f10-r2-fullunit-ready-typefix-execution-20260910/harvest/run/jc2-r2-fullunit-ready-20260910T1800-typefix/fullunit-positive.post.json: OK
box/f10-r2-fullunit-ready-typefix-execution-20260910/harvest/var/lib/jc2-r2-fullunit-ready-20260910T1800-typefix/fullunit-positive.post.json: OK
box/f10-r2-fullunit-ready-typefix-execution-20260910/harvest/run/jc2-r2-fullunit-ready-20260910T1800-typefix/fullunit-positive.pre.json: OK
box/f10-r2-fullunit-ready-typefix-execution-20260910/harvest/var/lib/jc2-r2-fullunit-ready-20260910T1800-typefix/fullunit-positive.pre.json: OK
box/f10-r2-fullunit-ready-typefix-execution-20260910/harvest/run/jc2-r2-fullunit-ready-20260910T1800-typefix/fullunit-positive.python-live.json: OK
box/f10-r2-fullunit-ready-typefix-execution-20260910/harvest/var/lib/jc2-r2-fullunit-ready-20260910T1800-typefix/fullunit-positive.python-live.json: OK
box/f10-r2-fullunit-ready-typefix-execution-20260910/harvest/run/jc2-r2-fullunit-ready-20260910T1800-typefix/fullunit-positive.runner-live.json: OK
box/f10-r2-fullunit-ready-typefix-execution-20260910/harvest/var/lib/jc2-r2-fullunit-ready-20260910T1800-typefix/fullunit-positive.runner-live.json: OK
box/f10-r2-fullunit-ready-typefix-execution-20260910/harvest/run/jc2-r2-fullunit-ready-20260910T1800-typefix/fullunit-positive.runner.stderr: OK
box/f10-r2-fullunit-ready-typefix-execution-20260910/harvest/var/lib/jc2-r2-fullunit-ready-20260910T1800-typefix/fullunit-positive.runner.stderr: OK
box/f10-r2-fullunit-ready-typefix-execution-20260910/harvest/run/jc2-r2-fullunit-ready-20260910T1800-typefix/fullunit-positive.runner.stdout: OK
box/f10-r2-fullunit-ready-typefix-execution-20260910/harvest/var/lib/jc2-r2-fullunit-ready-20260910T1800-typefix/fullunit-positive.runner.stdout: OK
box/f10-r2-fullunit-ready-typefix-execution-20260910/harvest/run/jc2-r2-fullunit-ready-20260910T1800-typefix/fullunit-positive.stderr: OK
box/f10-r2-fullunit-ready-typefix-execution-20260910/harvest/var/lib/jc2-r2-fullunit-ready-20260910T1800-typefix/fullunit-positive.stderr: OK
box/f10-r2-fullunit-ready-typefix-execution-20260910/harvest/run/jc2-r2-fullunit-ready-20260910T1800-typefix/fullunit-positive.stdout: OK
box/f10-r2-fullunit-ready-typefix-execution-20260910/harvest/var/lib/jc2-r2-fullunit-ready-20260910T1800-typefix/fullunit-positive.stdout: OK
box/f10-r2-fullunit-ready-typefix-execution-20260910/harvest/run/jc2-r2-fullunit-ready-20260910T1800-typefix/fullunit-positive.telemetry.json: OK
box/f10-r2-fullunit-ready-typefix-execution-20260910/harvest/var/lib/jc2-r2-fullunit-ready-20260910T1800-typefix/fullunit-positive.telemetry.json: OK
box/f10-r2-fullunit-ready-typefix-execution-20260910/harvest/run/jc2-r2-fullunit-ready-20260910T1800-typefix/fullunit-produce.post.json: OK
box/f10-r2-fullunit-ready-typefix-execution-20260910/harvest/var/lib/jc2-r2-fullunit-ready-20260910T1800-typefix/fullunit-produce.post.json: OK
box/f10-r2-fullunit-ready-typefix-execution-20260910/harvest/run/jc2-r2-fullunit-ready-20260910T1800-typefix/fullunit-produce.pre.json: OK
box/f10-r2-fullunit-ready-typefix-execution-20260910/harvest/var/lib/jc2-r2-fullunit-ready-20260910T1800-typefix/fullunit-produce.pre.json: OK
box/f10-r2-fullunit-ready-typefix-execution-20260910/harvest/run/jc2-r2-fullunit-ready-20260910T1800-typefix/fullunit-produce.python-live.json: OK
box/f10-r2-fullunit-ready-typefix-execution-20260910/harvest/var/lib/jc2-r2-fullunit-ready-20260910T1800-typefix/fullunit-produce.python-live.json: OK
box/f10-r2-fullunit-ready-typefix-execution-20260910/harvest/run/jc2-r2-fullunit-ready-20260910T1800-typefix/fullunit-produce.runner-live.json: OK
box/f10-r2-fullunit-ready-typefix-execution-20260910/harvest/var/lib/jc2-r2-fullunit-ready-20260910T1800-typefix/fullunit-produce.runner-live.json: OK
box/f10-r2-fullunit-ready-typefix-execution-20260910/harvest/run/jc2-r2-fullunit-ready-20260910T1800-typefix/fullunit-produce.runner.stderr: OK
box/f10-r2-fullunit-ready-typefix-execution-20260910/harvest/var/lib/jc2-r2-fullunit-ready-20260910T1800-typefix/fullunit-produce.runner.stderr: OK
box/f10-r2-fullunit-ready-typefix-execution-20260910/harvest/run/jc2-r2-fullunit-ready-20260910T1800-typefix/fullunit-produce.runner.stdout: OK
box/f10-r2-fullunit-ready-typefix-execution-20260910/harvest/var/lib/jc2-r2-fullunit-ready-20260910T1800-typefix/fullunit-produce.runner.stdout: OK
box/f10-r2-fullunit-ready-typefix-execution-20260910/harvest/run/jc2-r2-fullunit-ready-20260910T1800-typefix/fullunit-produce.stderr: OK
box/f10-r2-fullunit-ready-typefix-execution-20260910/harvest/var/lib/jc2-r2-fullunit-ready-20260910T1800-typefix/fullunit-produce.stderr: OK
box/f10-r2-fullunit-ready-typefix-execution-20260910/harvest/run/jc2-r2-fullunit-ready-20260910T1800-typefix/fullunit-produce.stdout: OK
box/f10-r2-fullunit-ready-typefix-execution-20260910/harvest/var/lib/jc2-r2-fullunit-ready-20260910T1800-typefix/fullunit-produce.stdout: OK
box/f10-r2-fullunit-ready-typefix-execution-20260910/harvest/run/jc2-r2-fullunit-ready-20260910T1800-typefix/fullunit-produce.telemetry.json: OK
box/f10-r2-fullunit-ready-typefix-execution-20260910/harvest/var/lib/jc2-r2-fullunit-ready-20260910T1800-typefix/fullunit-produce.telemetry.json: OK
box/f10-r2-fullunit-ready-typefix-execution-20260910/harvest/run/jc2-r2-fullunit-ready-20260910T1800-typefix/mutate.post.json: OK
box/f10-r2-fullunit-ready-typefix-execution-20260910/harvest/var/lib/jc2-r2-fullunit-ready-20260910T1800-typefix/mutate.post.json: OK
box/f10-r2-fullunit-ready-typefix-execution-20260910/harvest/run/jc2-r2-fullunit-ready-20260910T1800-typefix/mutate.pre.json: OK
box/f10-r2-fullunit-ready-typefix-execution-20260910/harvest/var/lib/jc2-r2-fullunit-ready-20260910T1800-typefix/mutate.pre.json: OK
box/f10-r2-fullunit-ready-typefix-execution-20260910/harvest/run/jc2-r2-fullunit-ready-20260910T1800-typefix/mutate.python-live.json: OK
box/f10-r2-fullunit-ready-typefix-execution-20260910/harvest/var/lib/jc2-r2-fullunit-ready-20260910T1800-typefix/mutate.python-live.json: OK
box/f10-r2-fullunit-ready-typefix-execution-20260910/harvest/run/jc2-r2-fullunit-ready-20260910T1800-typefix/mutate.runner-live.json: OK
box/f10-r2-fullunit-ready-typefix-execution-20260910/harvest/var/lib/jc2-r2-fullunit-ready-20260910T1800-typefix/mutate.runner-live.json: OK
box/f10-r2-fullunit-ready-typefix-execution-20260910/harvest/run/jc2-r2-fullunit-ready-20260910T1800-typefix/mutate.runner.stderr: OK
box/f10-r2-fullunit-ready-typefix-execution-20260910/harvest/var/lib/jc2-r2-fullunit-ready-20260910T1800-typefix/mutate.runner.stderr: OK
box/f10-r2-fullunit-ready-typefix-execution-20260910/harvest/run/jc2-r2-fullunit-ready-20260910T1800-typefix/mutate.runner.stdout: OK
box/f10-r2-fullunit-ready-typefix-execution-20260910/harvest/var/lib/jc2-r2-fullunit-ready-20260910T1800-typefix/mutate.runner.stdout: OK
box/f10-r2-fullunit-ready-typefix-execution-20260910/harvest/run/jc2-r2-fullunit-ready-20260910T1800-typefix/mutate.stderr: OK
box/f10-r2-fullunit-ready-typefix-execution-20260910/harvest/var/lib/jc2-r2-fullunit-ready-20260910T1800-typefix/mutate.stderr: OK
box/f10-r2-fullunit-ready-typefix-execution-20260910/harvest/run/jc2-r2-fullunit-ready-20260910T1800-typefix/mutate.stdout: OK
box/f10-r2-fullunit-ready-typefix-execution-20260910/harvest/var/lib/jc2-r2-fullunit-ready-20260910T1800-typefix/mutate.stdout: OK
box/f10-r2-fullunit-ready-typefix-execution-20260910/harvest/run/jc2-r2-fullunit-ready-20260910T1800-typefix/mutate.telemetry.json: OK
box/f10-r2-fullunit-ready-typefix-execution-20260910/harvest/var/lib/jc2-r2-fullunit-ready-20260910T1800-typefix/mutate.telemetry.json: OK
box/f10-r2-fullunit-ready-typefix-execution-20260910/harvest/run/jc2-r2-fullunit-ready-20260910T1800-typefix/outer.stderr: OK
box/f10-r2-fullunit-ready-typefix-execution-20260910/harvest/var/lib/jc2-r2-fullunit-ready-20260910T1800-typefix/outer.stderr: OK
box/f10-r2-fullunit-ready-typefix-execution-20260910/harvest/run/jc2-r2-fullunit-ready-20260910T1800-typefix/outer.stdout: OK
box/f10-r2-fullunit-ready-typefix-execution-20260910/harvest/var/lib/jc2-r2-fullunit-ready-20260910T1800-typefix/outer.stdout: OK
box/f10-r2-fullunit-ready-typefix-execution-20260910/harvest/run/jc2-r2-fullunit-ready-20260910T1800-typefix/refuse-caps.post.json: OK
box/f10-r2-fullunit-ready-typefix-execution-20260910/harvest/var/lib/jc2-r2-fullunit-ready-20260910T1800-typefix/refuse-caps.post.json: OK
box/f10-r2-fullunit-ready-typefix-execution-20260910/harvest/run/jc2-r2-fullunit-ready-20260910T1800-typefix/refuse-caps.pre.json: OK
box/f10-r2-fullunit-ready-typefix-execution-20260910/harvest/var/lib/jc2-r2-fullunit-ready-20260910T1800-typefix/refuse-caps.pre.json: OK
box/f10-r2-fullunit-ready-typefix-execution-20260910/harvest/run/jc2-r2-fullunit-ready-20260910T1800-typefix/refuse-caps.python-live.json: OK
box/f10-r2-fullunit-ready-typefix-execution-20260910/harvest/var/lib/jc2-r2-fullunit-ready-20260910T1800-typefix/refuse-caps.python-live.json: OK
box/f10-r2-fullunit-ready-typefix-execution-20260910/harvest/run/jc2-r2-fullunit-ready-20260910T1800-typefix/refuse-caps.runner-live.json: OK
box/f10-r2-fullunit-ready-typefix-execution-20260910/harvest/var/lib/jc2-r2-fullunit-ready-20260910T1800-typefix/refuse-caps.runner-live.json: OK
box/f10-r2-fullunit-ready-typefix-execution-20260910/harvest/run/jc2-r2-fullunit-ready-20260910T1800-typefix/refuse-caps.runner.stderr: OK
box/f10-r2-fullunit-ready-typefix-execution-20260910/harvest/var/lib/jc2-r2-fullunit-ready-20260910T1800-typefix/refuse-caps.runner.stderr: OK
box/f10-r2-fullunit-ready-typefix-execution-20260910/harvest/run/jc2-r2-fullunit-ready-20260910T1800-typefix/refuse-caps.runner.stdout: OK
box/f10-r2-fullunit-ready-typefix-execution-20260910/harvest/var/lib/jc2-r2-fullunit-ready-20260910T1800-typefix/refuse-caps.runner.stdout: OK
box/f10-r2-fullunit-ready-typefix-execution-20260910/harvest/run/jc2-r2-fullunit-ready-20260910T1800-typefix/refuse-caps.stderr: OK
box/f10-r2-fullunit-ready-typefix-execution-20260910/harvest/var/lib/jc2-r2-fullunit-ready-20260910T1800-typefix/refuse-caps.stderr: OK
box/f10-r2-fullunit-ready-typefix-execution-20260910/harvest/run/jc2-r2-fullunit-ready-20260910T1800-typefix/refuse-caps.stdout: OK
box/f10-r2-fullunit-ready-typefix-execution-20260910/harvest/var/lib/jc2-r2-fullunit-ready-20260910T1800-typefix/refuse-caps.stdout: OK
box/f10-r2-fullunit-ready-typefix-execution-20260910/harvest/run/jc2-r2-fullunit-ready-20260910T1800-typefix/refuse-caps.telemetry.json: OK
box/f10-r2-fullunit-ready-typefix-execution-20260910/harvest/var/lib/jc2-r2-fullunit-ready-20260910T1800-typefix/refuse-caps.telemetry.json: OK
box/f10-r2-fullunit-ready-typefix-execution-20260910/harvest/run/jc2-r2-fullunit-ready-20260910T1800-typefix/refuse-hash.post.json: OK
box/f10-r2-fullunit-ready-typefix-execution-20260910/harvest/var/lib/jc2-r2-fullunit-ready-20260910T1800-typefix/refuse-hash.post.json: OK
box/f10-r2-fullunit-ready-typefix-execution-20260910/harvest/run/jc2-r2-fullunit-ready-20260910T1800-typefix/refuse-hash.pre.json: OK
box/f10-r2-fullunit-ready-typefix-execution-20260910/harvest/var/lib/jc2-r2-fullunit-ready-20260910T1800-typefix/refuse-hash.pre.json: OK
box/f10-r2-fullunit-ready-typefix-execution-20260910/harvest/run/jc2-r2-fullunit-ready-20260910T1800-typefix/refuse-hash.python-live.json: OK
box/f10-r2-fullunit-ready-typefix-execution-20260910/harvest/var/lib/jc2-r2-fullunit-ready-20260910T1800-typefix/refuse-hash.python-live.json: OK
box/f10-r2-fullunit-ready-typefix-execution-20260910/harvest/run/jc2-r2-fullunit-ready-20260910T1800-typefix/refuse-hash.runner-live.json: OK
box/f10-r2-fullunit-ready-typefix-execution-20260910/harvest/var/lib/jc2-r2-fullunit-ready-20260910T1800-typefix/refuse-hash.runner-live.json: OK
box/f10-r2-fullunit-ready-typefix-execution-20260910/harvest/run/jc2-r2-fullunit-ready-20260910T1800-typefix/refuse-hash.runner.stderr: OK
box/f10-r2-fullunit-ready-typefix-execution-20260910/harvest/var/lib/jc2-r2-fullunit-ready-20260910T1800-typefix/refuse-hash.runner.stderr: OK
box/f10-r2-fullunit-ready-typefix-execution-20260910/harvest/run/jc2-r2-fullunit-ready-20260910T1800-typefix/refuse-hash.runner.stdout: OK
box/f10-r2-fullunit-ready-typefix-execution-20260910/harvest/var/lib/jc2-r2-fullunit-ready-20260910T1800-typefix/refuse-hash.runner.stdout: OK
box/f10-r2-fullunit-ready-typefix-execution-20260910/harvest/run/jc2-r2-fullunit-ready-20260910T1800-typefix/refuse-hash.stderr: OK
box/f10-r2-fullunit-ready-typefix-execution-20260910/harvest/var/lib/jc2-r2-fullunit-ready-20260910T1800-typefix/refuse-hash.stderr: OK
box/f10-r2-fullunit-ready-typefix-execution-20260910/harvest/run/jc2-r2-fullunit-ready-20260910T1800-typefix/refuse-hash.stdout: OK
box/f10-r2-fullunit-ready-typefix-execution-20260910/harvest/var/lib/jc2-r2-fullunit-ready-20260910T1800-typefix/refuse-hash.stdout: OK
box/f10-r2-fullunit-ready-typefix-execution-20260910/harvest/run/jc2-r2-fullunit-ready-20260910T1800-typefix/refuse-hash.telemetry.json: OK
box/f10-r2-fullunit-ready-typefix-execution-20260910/harvest/var/lib/jc2-r2-fullunit-ready-20260910T1800-typefix/refuse-hash.telemetry.json: OK
box/f10-r2-fullunit-ready-typefix-execution-20260910/harvest/run/jc2-r2-fullunit-ready-20260910T1800-typefix/refuse-inventory.post.json: OK
box/f10-r2-fullunit-ready-typefix-execution-20260910/harvest/var/lib/jc2-r2-fullunit-ready-20260910T1800-typefix/refuse-inventory.post.json: OK
box/f10-r2-fullunit-ready-typefix-execution-20260910/harvest/run/jc2-r2-fullunit-ready-20260910T1800-typefix/refuse-inventory.pre.json: OK
box/f10-r2-fullunit-ready-typefix-execution-20260910/harvest/var/lib/jc2-r2-fullunit-ready-20260910T1800-typefix/refuse-inventory.pre.json: OK
box/f10-r2-fullunit-ready-typefix-execution-20260910/harvest/run/jc2-r2-fullunit-ready-20260910T1800-typefix/refuse-inventory.python-live.json: OK
box/f10-r2-fullunit-ready-typefix-execution-20260910/harvest/var/lib/jc2-r2-fullunit-ready-20260910T1800-typefix/refuse-inventory.python-live.json: OK
box/f10-r2-fullunit-ready-typefix-execution-20260910/harvest/run/jc2-r2-fullunit-ready-20260910T1800-typefix/refuse-inventory.runner-live.json: OK
box/f10-r2-fullunit-ready-typefix-execution-20260910/harvest/var/lib/jc2-r2-fullunit-ready-20260910T1800-typefix/refuse-inventory.runner-live.json: OK
box/f10-r2-fullunit-ready-typefix-execution-20260910/harvest/run/jc2-r2-fullunit-ready-20260910T1800-typefix/refuse-inventory.runner.stderr: OK
box/f10-r2-fullunit-ready-typefix-execution-20260910/harvest/var/lib/jc2-r2-fullunit-ready-20260910T1800-typefix/refuse-inventory.runner.stderr: OK
box/f10-r2-fullunit-ready-typefix-execution-20260910/harvest/run/jc2-r2-fullunit-ready-20260910T1800-typefix/refuse-inventory.runner.stdout: OK
box/f10-r2-fullunit-ready-typefix-execution-20260910/harvest/var/lib/jc2-r2-fullunit-ready-20260910T1800-typefix/refuse-inventory.runner.stdout: OK
box/f10-r2-fullunit-ready-typefix-execution-20260910/harvest/run/jc2-r2-fullunit-ready-20260910T1800-typefix/refuse-inventory.stderr: OK
box/f10-r2-fullunit-ready-typefix-execution-20260910/harvest/var/lib/jc2-r2-fullunit-ready-20260910T1800-typefix/refuse-inventory.stderr: OK
box/f10-r2-fullunit-ready-typefix-execution-20260910/harvest/run/jc2-r2-fullunit-ready-20260910T1800-typefix/refuse-inventory.stdout: OK
box/f10-r2-fullunit-ready-typefix-execution-20260910/harvest/var/lib/jc2-r2-fullunit-ready-20260910T1800-typefix/refuse-inventory.stdout: OK
box/f10-r2-fullunit-ready-typefix-execution-20260910/harvest/run/jc2-r2-fullunit-ready-20260910T1800-typefix/refuse-inventory.telemetry.json: OK
box/f10-r2-fullunit-ready-typefix-execution-20260910/harvest/var/lib/jc2-r2-fullunit-ready-20260910T1800-typefix/refuse-inventory.telemetry.json: OK
box/f10-r2-fullunit-ready-typefix-execution-20260910/harvest/run/jc2-r2-fullunit-ready-20260910T1800-typefix/refuse-source.post.json: OK
box/f10-r2-fullunit-ready-typefix-execution-20260910/harvest/var/lib/jc2-r2-fullunit-ready-20260910T1800-typefix/refuse-source.post.json: OK
box/f10-r2-fullunit-ready-typefix-execution-20260910/harvest/run/jc2-r2-fullunit-ready-20260910T1800-typefix/refuse-source.pre.json: OK
box/f10-r2-fullunit-ready-typefix-execution-20260910/harvest/var/lib/jc2-r2-fullunit-ready-20260910T1800-typefix/refuse-source.pre.json: OK
box/f10-r2-fullunit-ready-typefix-execution-20260910/harvest/run/jc2-r2-fullunit-ready-20260910T1800-typefix/refuse-source.python-live.json: OK
box/f10-r2-fullunit-ready-typefix-execution-20260910/harvest/var/lib/jc2-r2-fullunit-ready-20260910T1800-typefix/refuse-source.python-live.json: OK
box/f10-r2-fullunit-ready-typefix-execution-20260910/harvest/run/jc2-r2-fullunit-ready-20260910T1800-typefix/refuse-source.runner-live.json: OK
box/f10-r2-fullunit-ready-typefix-execution-20260910/harvest/var/lib/jc2-r2-fullunit-ready-20260910T1800-typefix/refuse-source.runner-live.json: OK
box/f10-r2-fullunit-ready-typefix-execution-20260910/harvest/run/jc2-r2-fullunit-ready-20260910T1800-typefix/refuse-source.runner.stderr: OK
box/f10-r2-fullunit-ready-typefix-execution-20260910/harvest/var/lib/jc2-r2-fullunit-ready-20260910T1800-typefix/refuse-source.runner.stderr: OK
box/f10-r2-fullunit-ready-typefix-execution-20260910/harvest/run/jc2-r2-fullunit-ready-20260910T1800-typefix/refuse-source.runner.stdout: OK
box/f10-r2-fullunit-ready-typefix-execution-20260910/harvest/var/lib/jc2-r2-fullunit-ready-20260910T1800-typefix/refuse-source.runner.stdout: OK
box/f10-r2-fullunit-ready-typefix-execution-20260910/harvest/run/jc2-r2-fullunit-ready-20260910T1800-typefix/refuse-source.stderr: OK
box/f10-r2-fullunit-ready-typefix-execution-20260910/harvest/var/lib/jc2-r2-fullunit-ready-20260910T1800-typefix/refuse-source.stderr: OK
box/f10-r2-fullunit-ready-typefix-execution-20260910/harvest/run/jc2-r2-fullunit-ready-20260910T1800-typefix/refuse-source.stdout: OK
box/f10-r2-fullunit-ready-typefix-execution-20260910/harvest/var/lib/jc2-r2-fullunit-ready-20260910T1800-typefix/refuse-source.stdout: OK
box/f10-r2-fullunit-ready-typefix-execution-20260910/harvest/run/jc2-r2-fullunit-ready-20260910T1800-typefix/refuse-source.telemetry.json: OK
box/f10-r2-fullunit-ready-typefix-execution-20260910/harvest/var/lib/jc2-r2-fullunit-ready-20260910T1800-typefix/refuse-source.telemetry.json: OK
box/f10-r2-fullunit-ready-typefix-execution-20260910/harvest/run/jc2-r2-fullunit-ready-20260910T1800-typefix/refuse-status.post.json: OK
box/f10-r2-fullunit-ready-typefix-execution-20260910/harvest/var/lib/jc2-r2-fullunit-ready-20260910T1800-typefix/refuse-status.post.json: OK
box/f10-r2-fullunit-ready-typefix-execution-20260910/harvest/run/jc2-r2-fullunit-ready-20260910T1800-typefix/refuse-status.pre.json: OK
box/f10-r2-fullunit-ready-typefix-execution-20260910/harvest/var/lib/jc2-r2-fullunit-ready-20260910T1800-typefix/refuse-status.pre.json: OK
box/f10-r2-fullunit-ready-typefix-execution-20260910/harvest/run/jc2-r2-fullunit-ready-20260910T1800-typefix/refuse-status.python-live.json: OK
box/f10-r2-fullunit-ready-typefix-execution-20260910/harvest/var/lib/jc2-r2-fullunit-ready-20260910T1800-typefix/refuse-status.python-live.json: OK
box/f10-r2-fullunit-ready-typefix-execution-20260910/harvest/run/jc2-r2-fullunit-ready-20260910T1800-typefix/refuse-status.runner-live.json: OK
box/f10-r2-fullunit-ready-typefix-execution-20260910/harvest/var/lib/jc2-r2-fullunit-ready-20260910T1800-typefix/refuse-status.runner-live.json: OK
box/f10-r2-fullunit-ready-typefix-execution-20260910/harvest/run/jc2-r2-fullunit-ready-20260910T1800-typefix/refuse-status.runner.stderr: OK
box/f10-r2-fullunit-ready-typefix-execution-20260910/harvest/var/lib/jc2-r2-fullunit-ready-20260910T1800-typefix/refuse-status.runner.stderr: OK
box/f10-r2-fullunit-ready-typefix-execution-20260910/harvest/run/jc2-r2-fullunit-ready-20260910T1800-typefix/refuse-status.runner.stdout: OK
box/f10-r2-fullunit-ready-typefix-execution-20260910/harvest/var/lib/jc2-r2-fullunit-ready-20260910T1800-typefix/refuse-status.runner.stdout: OK
box/f10-r2-fullunit-ready-typefix-execution-20260910/harvest/run/jc2-r2-fullunit-ready-20260910T1800-typefix/refuse-status.stderr: OK
box/f10-r2-fullunit-ready-typefix-execution-20260910/harvest/var/lib/jc2-r2-fullunit-ready-20260910T1800-typefix/refuse-status.stderr: OK
box/f10-r2-fullunit-ready-typefix-execution-20260910/harvest/run/jc2-r2-fullunit-ready-20260910T1800-typefix/refuse-status.stdout: OK
box/f10-r2-fullunit-ready-typefix-execution-20260910/harvest/var/lib/jc2-r2-fullunit-ready-20260910T1800-typefix/refuse-status.stdout: OK
box/f10-r2-fullunit-ready-typefix-execution-20260910/harvest/run/jc2-r2-fullunit-ready-20260910T1800-typefix/refuse-status.telemetry.json: OK
box/f10-r2-fullunit-ready-typefix-execution-20260910/harvest/var/lib/jc2-r2-fullunit-ready-20260910T1800-typefix/refuse-status.telemetry.json: OK
box/f10-r2-fullunit-ready-typefix-execution-20260910/harvest/run/jc2-r2-fullunit-ready-20260910T1800-typefix/startup-check.post.json: OK
box/f10-r2-fullunit-ready-typefix-execution-20260910/harvest/var/lib/jc2-r2-fullunit-ready-20260910T1800-typefix/startup-check.post.json: OK
box/f10-r2-fullunit-ready-typefix-execution-20260910/harvest/run/jc2-r2-fullunit-ready-20260910T1800-typefix/startup-check.pre.json: OK
box/f10-r2-fullunit-ready-typefix-execution-20260910/harvest/var/lib/jc2-r2-fullunit-ready-20260910T1800-typefix/startup-check.pre.json: OK
box/f10-r2-fullunit-ready-typefix-execution-20260910/harvest/run/jc2-r2-fullunit-ready-20260910T1800-typefix/startup-check.python-live.json: OK
box/f10-r2-fullunit-ready-typefix-execution-20260910/harvest/var/lib/jc2-r2-fullunit-ready-20260910T1800-typefix/startup-check.python-live.json: OK
box/f10-r2-fullunit-ready-typefix-execution-20260910/harvest/run/jc2-r2-fullunit-ready-20260910T1800-typefix/startup-check.runner-live.json: OK
box/f10-r2-fullunit-ready-typefix-execution-20260910/harvest/var/lib/jc2-r2-fullunit-ready-20260910T1800-typefix/startup-check.runner-live.json: OK
box/f10-r2-fullunit-ready-typefix-execution-20260910/harvest/run/jc2-r2-fullunit-ready-20260910T1800-typefix/startup-check.runner.stderr: OK
box/f10-r2-fullunit-ready-typefix-execution-20260910/harvest/var/lib/jc2-r2-fullunit-ready-20260910T1800-typefix/startup-check.runner.stderr: OK
box/f10-r2-fullunit-ready-typefix-execution-20260910/harvest/run/jc2-r2-fullunit-ready-20260910T1800-typefix/startup-check.runner.stdout: OK
box/f10-r2-fullunit-ready-typefix-execution-20260910/harvest/var/lib/jc2-r2-fullunit-ready-20260910T1800-typefix/startup-check.runner.stdout: OK
box/f10-r2-fullunit-ready-typefix-execution-20260910/harvest/run/jc2-r2-fullunit-ready-20260910T1800-typefix/startup-check.stderr: OK
box/f10-r2-fullunit-ready-typefix-execution-20260910/harvest/var/lib/jc2-r2-fullunit-ready-20260910T1800-typefix/startup-check.stderr: OK
box/f10-r2-fullunit-ready-typefix-execution-20260910/harvest/run/jc2-r2-fullunit-ready-20260910T1800-typefix/startup-check.stdout: OK
box/f10-r2-fullunit-ready-typefix-execution-20260910/harvest/var/lib/jc2-r2-fullunit-ready-20260910T1800-typefix/startup-check.stdout: OK
box/f10-r2-fullunit-ready-typefix-execution-20260910/harvest/run/jc2-r2-fullunit-ready-20260910T1800-typefix/startup-check.telemetry.json: OK
box/f10-r2-fullunit-ready-typefix-execution-20260910/harvest/var/lib/jc2-r2-fullunit-ready-20260910T1800-typefix/startup-check.telemetry.json: OK
box/f10-r2-fullunit-ready-typefix-execution-20260910/harvest/run/jc2-r2-fullunit-ready-20260910T1800-typefix/startup-produce.post.json: OK
box/f10-r2-fullunit-ready-typefix-execution-20260910/harvest/var/lib/jc2-r2-fullunit-ready-20260910T1800-typefix/startup-produce.post.json: OK
box/f10-r2-fullunit-ready-typefix-execution-20260910/harvest/run/jc2-r2-fullunit-ready-20260910T1800-typefix/startup-produce.pre.json: OK
box/f10-r2-fullunit-ready-typefix-execution-20260910/harvest/var/lib/jc2-r2-fullunit-ready-20260910T1800-typefix/startup-produce.pre.json: OK
box/f10-r2-fullunit-ready-typefix-execution-20260910/harvest/run/jc2-r2-fullunit-ready-20260910T1800-typefix/startup-produce.python-live.json: OK
box/f10-r2-fullunit-ready-typefix-execution-20260910/harvest/var/lib/jc2-r2-fullunit-ready-20260910T1800-typefix/startup-produce.python-live.json: OK
box/f10-r2-fullunit-ready-typefix-execution-20260910/harvest/run/jc2-r2-fullunit-ready-20260910T1800-typefix/startup-produce.runner-live.json: OK
box/f10-r2-fullunit-ready-typefix-execution-20260910/harvest/var/lib/jc2-r2-fullunit-ready-20260910T1800-typefix/startup-produce.runner-live.json: OK
box/f10-r2-fullunit-ready-typefix-execution-20260910/harvest/run/jc2-r2-fullunit-ready-20260910T1800-typefix/startup-produce.runner.stderr: OK
box/f10-r2-fullunit-ready-typefix-execution-20260910/harvest/var/lib/jc2-r2-fullunit-ready-20260910T1800-typefix/startup-produce.runner.stderr: OK
box/f10-r2-fullunit-ready-typefix-execution-20260910/harvest/run/jc2-r2-fullunit-ready-20260910T1800-typefix/startup-produce.runner.stdout: OK
box/f10-r2-fullunit-ready-typefix-execution-20260910/harvest/var/lib/jc2-r2-fullunit-ready-20260910T1800-typefix/startup-produce.runner.stdout: OK
box/f10-r2-fullunit-ready-typefix-execution-20260910/harvest/run/jc2-r2-fullunit-ready-20260910T1800-typefix/startup-produce.stderr: OK
box/f10-r2-fullunit-ready-typefix-execution-20260910/harvest/var/lib/jc2-r2-fullunit-ready-20260910T1800-typefix/startup-produce.stderr: OK
box/f10-r2-fullunit-ready-typefix-execution-20260910/harvest/run/jc2-r2-fullunit-ready-20260910T1800-typefix/startup-produce.stdout: OK
box/f10-r2-fullunit-ready-typefix-execution-20260910/harvest/var/lib/jc2-r2-fullunit-ready-20260910T1800-typefix/startup-produce.stdout: OK
box/f10-r2-fullunit-ready-typefix-execution-20260910/harvest/run/jc2-r2-fullunit-ready-20260910T1800-typefix/startup-produce.telemetry.json: OK
box/f10-r2-fullunit-ready-typefix-execution-20260910/harvest/var/lib/jc2-r2-fullunit-ready-20260910T1800-typefix/startup-produce.telemetry.json: OK
box/f10-r2-fullunit-ready-typefix-execution-20260910/harvest/run/jc2-r2-fullunit-ready-20260910T1800-typefix/valid.post.json: OK
box/f10-r2-fullunit-ready-typefix-execution-20260910/harvest/var/lib/jc2-r2-fullunit-ready-20260910T1800-typefix/valid.post.json: OK
box/f10-r2-fullunit-ready-typefix-execution-20260910/harvest/run/jc2-r2-fullunit-ready-20260910T1800-typefix/valid.pre.json: OK
box/f10-r2-fullunit-ready-typefix-execution-20260910/harvest/var/lib/jc2-r2-fullunit-ready-20260910T1800-typefix/valid.pre.json: OK
box/f10-r2-fullunit-ready-typefix-execution-20260910/harvest/run/jc2-r2-fullunit-ready-20260910T1800-typefix/valid.python-live.json: OK
box/f10-r2-fullunit-ready-typefix-execution-20260910/harvest/var/lib/jc2-r2-fullunit-ready-20260910T1800-typefix/valid.python-live.json: OK
box/f10-r2-fullunit-ready-typefix-execution-20260910/harvest/run/jc2-r2-fullunit-ready-20260910T1800-typefix/valid.runner-live.json: OK
box/f10-r2-fullunit-ready-typefix-execution-20260910/harvest/var/lib/jc2-r2-fullunit-ready-20260910T1800-typefix/valid.runner-live.json: OK
box/f10-r2-fullunit-ready-typefix-execution-20260910/harvest/run/jc2-r2-fullunit-ready-20260910T1800-typefix/valid.runner.stderr: OK
box/f10-r2-fullunit-ready-typefix-execution-20260910/harvest/var/lib/jc2-r2-fullunit-ready-20260910T1800-typefix/valid.runner.stderr: OK
box/f10-r2-fullunit-ready-typefix-execution-20260910/harvest/run/jc2-r2-fullunit-ready-20260910T1800-typefix/valid.runner.stdout: OK
box/f10-r2-fullunit-ready-typefix-execution-20260910/harvest/var/lib/jc2-r2-fullunit-ready-20260910T1800-typefix/valid.runner.stdout: OK
box/f10-r2-fullunit-ready-typefix-execution-20260910/harvest/run/jc2-r2-fullunit-ready-20260910T1800-typefix/valid.stderr: OK
box/f10-r2-fullunit-ready-typefix-execution-20260910/harvest/var/lib/jc2-r2-fullunit-ready-20260910T1800-typefix/valid.stderr: OK
box/f10-r2-fullunit-ready-typefix-execution-20260910/harvest/run/jc2-r2-fullunit-ready-20260910T1800-typefix/valid.stdout: OK
box/f10-r2-fullunit-ready-typefix-execution-20260910/harvest/var/lib/jc2-r2-fullunit-ready-20260910T1800-typefix/valid.stdout: OK
box/f10-r2-fullunit-ready-typefix-execution-20260910/harvest/run/jc2-r2-fullunit-ready-20260910T1800-typefix/valid.telemetry.json: OK
box/f10-r2-fullunit-ready-typefix-execution-20260910/harvest/var/lib/jc2-r2-fullunit-ready-20260910T1800-typefix/valid.telemetry.json: OK
box/f10-r2-fullunit-ready-typefix-execution-20260910/harvest/run/jc2-r2-fullunit-ready-20260910T1800-typefix/writer/dummy.payload: OK
box/f10-r2-fullunit-ready-typefix-execution-20260910/harvest/var/lib/jc2-r2-fullunit-ready-20260910T1800-typefix/writer/dummy.payload: OK
box/f10-r2-fullunit-ready-typefix-execution-20260910/harvest/run/jc2-r2-fullunit-ready-20260910T1800-typefix/writer/valid.payload: OK
box/f10-r2-fullunit-ready-typefix-execution-20260910/harvest/var/lib/jc2-r2-fullunit-ready-20260910T1800-typefix/writer/valid.payload: OK
box/f10-r2-fullunit-ready-typefix-execution-20260910/harvest/run/jc2-r2-fullunit-ready-20260910T1800-typefix/frozen/candidate.json: OK
box/f10-r2-fullunit-ready-typefix-execution-20260910/harvest/var/lib/jc2-r2-fullunit-ready-20260910T1800-typefix/frozen/candidate.json: OK
box/f10-r2-fullunit-ready-typefix-execution-20260910/harvest/run/jc2-r2-fullunit-ready-20260910T1800-typefix/frozen/changed.json: OK
box/f10-r2-fullunit-ready-typefix-execution-20260910/harvest/var/lib/jc2-r2-fullunit-ready-20260910T1800-typefix/frozen/changed.json: OK
box/f10-r2-fullunit-ready-typefix-execution-20260910/harvest/run/jc2-r2-fullunit-ready-20260910T1800-typefix/frozen/fullunit-positive.receipt.json: OK
box/f10-r2-fullunit-ready-typefix-execution-20260910/harvest/var/lib/jc2-r2-fullunit-ready-20260910T1800-typefix/frozen/fullunit-positive.receipt.json: OK
box/f10-r2-fullunit-ready-typefix-execution-20260910/harvest/run/jc2-r2-fullunit-ready-20260910T1800-typefix/frozen/fullunit-produce.receipt.json: OK
box/f10-r2-fullunit-ready-typefix-execution-20260910/harvest/var/lib/jc2-r2-fullunit-ready-20260910T1800-typefix/frozen/fullunit-produce.receipt.json: OK
box/f10-r2-fullunit-ready-typefix-execution-20260910/harvest/run/jc2-r2-fullunit-ready-20260910T1800-typefix/frozen/mutate.receipt.json: OK
box/f10-r2-fullunit-ready-typefix-execution-20260910/harvest/var/lib/jc2-r2-fullunit-ready-20260910T1800-typefix/frozen/mutate.receipt.json: OK
box/f10-r2-fullunit-ready-typefix-execution-20260910/harvest/run/jc2-r2-fullunit-ready-20260910T1800-typefix/authority/dummy.json: OK
box/f10-r2-fullunit-ready-typefix-execution-20260910/harvest/var/lib/jc2-r2-fullunit-ready-20260910T1800-typefix/authority/dummy.json: OK
box/f10-r2-fullunit-ready-typefix-execution-20260910/harvest/run/jc2-r2-fullunit-ready-20260910T1800-typefix/authority/fullunit-negative.json: OK
box/f10-r2-fullunit-ready-typefix-execution-20260910/harvest/var/lib/jc2-r2-fullunit-ready-20260910T1800-typefix/authority/fullunit-negative.json: OK
box/f10-r2-fullunit-ready-typefix-execution-20260910/harvest/run/jc2-r2-fullunit-ready-20260910T1800-typefix/authority/fullunit-positive.json: OK
box/f10-r2-fullunit-ready-typefix-execution-20260910/harvest/var/lib/jc2-r2-fullunit-ready-20260910T1800-typefix/authority/fullunit-positive.json: OK
box/f10-r2-fullunit-ready-typefix-execution-20260910/harvest/run/jc2-r2-fullunit-ready-20260910T1800-typefix/authority/fullunit-produce.json: OK
box/f10-r2-fullunit-ready-typefix-execution-20260910/harvest/var/lib/jc2-r2-fullunit-ready-20260910T1800-typefix/authority/fullunit-produce.json: OK
box/f10-r2-fullunit-ready-typefix-execution-20260910/harvest/run/jc2-r2-fullunit-ready-20260910T1800-typefix/authority/mutate.json: OK
box/f10-r2-fullunit-ready-typefix-execution-20260910/harvest/var/lib/jc2-r2-fullunit-ready-20260910T1800-typefix/authority/mutate.json: OK
box/f10-r2-fullunit-ready-typefix-execution-20260910/harvest/run/jc2-r2-fullunit-ready-20260910T1800-typefix/authority/refuse-caps.json: OK
box/f10-r2-fullunit-ready-typefix-execution-20260910/harvest/var/lib/jc2-r2-fullunit-ready-20260910T1800-typefix/authority/refuse-caps.json: OK
box/f10-r2-fullunit-ready-typefix-execution-20260910/harvest/run/jc2-r2-fullunit-ready-20260910T1800-typefix/authority/refuse-hash.json: OK
box/f10-r2-fullunit-ready-typefix-execution-20260910/harvest/var/lib/jc2-r2-fullunit-ready-20260910T1800-typefix/authority/refuse-hash.json: OK
box/f10-r2-fullunit-ready-typefix-execution-20260910/harvest/run/jc2-r2-fullunit-ready-20260910T1800-typefix/authority/refuse-inventory.json: OK
box/f10-r2-fullunit-ready-typefix-execution-20260910/harvest/var/lib/jc2-r2-fullunit-ready-20260910T1800-typefix/authority/refuse-inventory.json: OK
box/f10-r2-fullunit-ready-typefix-execution-20260910/harvest/run/jc2-r2-fullunit-ready-20260910T1800-typefix/authority/refuse-source.json: OK
box/f10-r2-fullunit-ready-typefix-execution-20260910/harvest/var/lib/jc2-r2-fullunit-ready-20260910T1800-typefix/authority/refuse-source.json: OK
box/f10-r2-fullunit-ready-typefix-execution-20260910/harvest/run/jc2-r2-fullunit-ready-20260910T1800-typefix/authority/refuse-status.json: OK
box/f10-r2-fullunit-ready-typefix-execution-20260910/harvest/var/lib/jc2-r2-fullunit-ready-20260910T1800-typefix/authority/refuse-status.json: OK
box/f10-r2-fullunit-ready-typefix-execution-20260910/harvest/run/jc2-r2-fullunit-ready-20260910T1800-typefix/authority/startup-check.json: OK
box/f10-r2-fullunit-ready-typefix-execution-20260910/harvest/var/lib/jc2-r2-fullunit-ready-20260910T1800-typefix/authority/startup-check.json: OK
box/f10-r2-fullunit-ready-typefix-execution-20260910/harvest/run/jc2-r2-fullunit-ready-20260910T1800-typefix/authority/startup-produce.json: OK
box/f10-r2-fullunit-ready-typefix-execution-20260910/harvest/var/lib/jc2-r2-fullunit-ready-20260910T1800-typefix/authority/startup-produce.json: OK
box/f10-r2-fullunit-ready-typefix-execution-20260910/harvest/run/jc2-r2-fullunit-ready-20260910T1800-typefix/authority/valid.json: OK
box/f10-r2-fullunit-ready-typefix-execution-20260910/harvest/var/lib/jc2-r2-fullunit-ready-20260910T1800-typefix/authority/valid.json: OK
box/f10-r2-fullunit-ready-typefix-execution-20260910/harvest/var/lib/jc2-r2-fullunit-ready-20260910T1800-typefix/CUSTODY.json: OK
box/f10-r2-fullunit-ready-typefix-execution-20260910/harvest/opt/jc2-r2-fullunit-ready-20260910T1800-typefix/science/authority.py: OK
box/f10-r2-fullunit-ready-typefix-execution-20260910/harvest/opt/jc2-r2-fullunit-ready-20260910T1800-typefix/science/arithmetic.py: OK
box/f10-r2-fullunit-ready-typefix-execution-20260910/harvest/opt/jc2-r2-fullunit-ready-20260910T1800-typefix/science/produce.py: OK
box/f10-r2-fullunit-ready-typefix-execution-20260910/harvest/opt/jc2-r2-fullunit-ready-20260910T1800-typefix/science/check_arithmetic.py: OK
box/f10-r2-fullunit-ready-typefix-execution-20260910/harvest/opt/jc2-r2-fullunit-ready-20260910T1800-typefix/science/check.py: OK
box/f10-r2-fullunit-ready-typefix-execution-20260910/harvest/opt/jc2-r2-fullunit-ready-20260910T1800-typefix/wrapper/dispatch.py: OK
box/f10-r2-fullunit-ready-typefix-execution-20260910/harvest/opt/jc2-r2-fullunit-ready-20260910T1800-typefix/wrapper/probe.py: OK
box/f10-r2-fullunit-ready-typefix-execution-20260910/harvest/opt/jc2-r2-fullunit-ready-20260910T1800-typefix/wrapper/mutate.py: OK
box/f10-r2-fullunit-ready-typefix-execution-20260910/harvest/opt/jc2-r2-fullunit-ready-20260910T1800-typefix/metadata/run_capped.py: OK
box/f10-r2-fullunit-ready-typefix-execution-20260910/harvest/opt/jc2-r2-fullunit-ready-20260910T1800-typefix/metadata/artifact.json: OK
box/f10-r2-fullunit-ready-typefix-execution-20260910/harvest/opt/jc2-r2-fullunit-ready-20260910T1800-typefix/metadata/native-manifest.json: OK
box/f10-r2-fullunit-ready-typefix-execution-20260910/harvest/opt/jc2-r2-fullunit-ready-20260910T1800-typefix/metadata/ROOT-EXECUTION-CARD.md: OK
box/f10-r2-fullunit-ready-typefix-execution-20260910/harvest/opt/jc2-r2-fullunit-ready-20260910T1800-typefix/metadata/CONTRACT.md: OK
box/f10-r2-fullunit-ready-typefix-execution-20260910/harvest/opt/jc2-r2-fullunit-ready-20260910T1800-typefix/metadata/ROOT-REGISTRATION.json: OK
box/f10-r2-fullunit-ready-typefix-execution-20260910/harvest/opt/jc2-r2-fullunit-ready-20260910T1800-typefix/fullunit/entry.py: OK
box/f10-r2-fullunit-ready-typefix-execution-20260910/harvest/opt/jc2-r2-fullunit-ready-20260910T1800-typefix/fullunit/produce.py: OK
box/f10-r2-fullunit-ready-typefix-execution-20260910/harvest/opt/jc2-r2-fullunit-ready-20260910T1800-typefix/fullunit/check.py: OK
box/f10-r2-fullunit-ready-typefix-execution-20260910/harvest/opt/jc2-r2-fullunit-ready-20260910T1800-typefix/metadata/f10-r2-fullunit-runtime-gate-fable5-20260910.md: OK
box/f10-r2-fullunit-ready-typefix-execution-20260910/harvest/opt/jc2-r2-fullunit-ready-20260910T1800-typefix/metadata/native.stdout: OK
box/f10-r2-fullunit-ready-typefix-execution-20260910/harvest/opt/jc2-r2-fullunit-ready-20260910T1800-typefix/metadata/native.sha256: OK
box/f10-r2-fullunit-ready-typefix-execution-20260910/harvest/home/ubuntu/jc2-r2-fullunit-ready-20260910T1800/refusal-evidence.tar.gz: OK
