SINGULAR_FQ2_POINT_COUNT_BEGIN
mode=shard
candidate_sha256=9061726295086f58f74f3751b2f7c2d59c5cb86de5e53ecd636687fd54daa7ce
field_modulus=a2-a+3
RECORD|index=9072|total=1|smooth=1|singular=0
RECORD|index=9073|total=1|smooth=1|singular=0
RECORD|index=9074|total=2|smooth=2|singular=0
RECORD|index=9075|total=1|smooth=1|singular=0
RECORD|index=9076|total=0|smooth=0|singular=0
RECORD|index=9077|total=3|smooth=3|singular=0
RECORD|index=9078|total=2|smooth=2|singular=0
RECORD|index=9079|total=2|smooth=2|singular=0
RECORD|index=9080|total=0|smooth=0|singular=0
RECORD|index=9081|total=1|smooth=1|singular=0
RECORD|index=9082|total=1|smooth=1|singular=0
RECORD|index=9083|total=0|smooth=0|singular=0
RECORD|index=9084|total=2|smooth=2|singular=0
RECORD|index=9085|total=2|smooth=2|singular=0
RECORD|index=9086|total=0|smooth=0|singular=0
RECORD|index=9087|total=0|smooth=0|singular=0
RECORD|index=9088|total=1|smooth=1|singular=0
RECORD|index=9089|total=1|smooth=1|singular=0
RECORD|index=9090|total=2|smooth=2|singular=0
RECORD|index=9091|total=2|smooth=2|singular=0
RECORD|index=9092|total=1|smooth=1|singular=0
RECORD|index=9093|total=0|smooth=0|singular=0
RECORD|index=9094|total=0|smooth=0|singular=0
RECORD|index=9095|total=2|smooth=2|singular=0
RECORD|index=9096|total=0|smooth=0|singular=0
RECORD|index=9097|total=1|smooth=1|singular=0
RECORD|index=9098|total=1|smooth=1|singular=0
RECORD|index=9099|total=0|smooth=0|singular=0
RECORD|index=9100|total=0|smooth=0|singular=0
RECORD|index=9101|total=2|smooth=2|singular=0
RECORD|index=9102|total=1|smooth=1|singular=0
RECORD|index=9103|total=0|smooth=0|singular=0
RECORD|index=9104|total=1|smooth=1|singular=0
RECORD|index=9105|total=0|smooth=0|singular=0
RECORD|index=9106|total=0|smooth=0|singular=0
RECORD|index=9107|total=2|smooth=2|singular=0
RECORD|index=9108|total=0|smooth=0|singular=0
RECORD|index=9109|total=0|smooth=0|singular=0
RECORD|index=9110|total=0|smooth=0|singular=0
RECORD|index=9111|total=5|smooth=5|singular=0
RECORD|index=9112|total=1|smooth=1|singular=0
RECORD|index=9113|total=1|smooth=1|singular=0
RECORD|index=9114|total=0|smooth=0|singular=0
RECORD|index=9115|total=2|smooth=2|singular=0
RECORD|index=9116|total=0|smooth=0|singular=0
RECORD|index=9117|total=4|smooth=4|singular=0
RECORD|index=9118|total=4|smooth=4|singular=0
RECORD|index=9119|total=2|smooth=2|singular=0
RECORD|index=9120|total=0|smooth=0|singular=0
RECORD|index=9121|total=2|smooth=2|singular=0
RECORD|index=9122|total=1|smooth=1|singular=0
RECORD|index=9123|total=1|smooth=1|singular=0
RECORD|index=9124|total=2|smooth=2|singular=0
RECORD|index=9125|total=0|smooth=0|singular=0
RECORD|index=9126|total=0|smooth=0|singular=0
RECORD|index=9127|total=1|smooth=1|singular=0
RECORD|index=9128|total=0|smooth=0|singular=0
RECORD|index=9129|total=1|smooth=1|singular=0
RECORD|index=9130|total=2|smooth=2|singular=0
RECORD|index=9131|total=0|smooth=0|singular=0
RECORD|index=9132|total=0|smooth=0|singular=0
RECORD|index=9133|total=3|smooth=3|singular=0
RECORD|index=9134|total=1|smooth=1|singular=0
RECORD|index=9135|total=2|smooth=2|singular=0
RECORD|index=9136|total=1|smooth=1|singular=0
RECORD|index=9137|total=2|smooth=2|singular=0
RECORD|index=9138|total=0|smooth=0|singular=0
RECORD|index=9139|total=2|smooth=2|singular=0
RECORD|index=9140|total=2|smooth=2|singular=0
RECORD|index=9141|total=2|smooth=2|singular=0
RECORD|index=9142|total=1|smooth=1|singular=0
RECORD|index=9143|total=1|smooth=1|singular=0
RECORD|index=9144|total=0|smooth=0|singular=0
RECORD|index=9145|total=2|smooth=2|singular=0
RECORD|index=9146|total=0|smooth=0|singular=0
RECORD|index=9147|total=2|smooth=2|singular=0
RECORD|index=9148|total=0|smooth=0|singular=0
RECORD|index=9149|total=1|smooth=1|singular=0
RECORD|index=9150|total=1|smooth=1|singular=0
RECORD|index=9151|total=2|smooth=2|singular=0
RECORD|index=9152|total=0|smooth=0|singular=0
RECORD|index=9153|total=0|smooth=0|singular=0
RECORD|index=9154|total=2|smooth=2|singular=0
RECORD|index=9155|total=1|smooth=1|singular=0
RECORD|index=9156|total=0|smooth=0|singular=0
RECORD|index=9157|total=1|smooth=1|singular=0
RECORD|index=9158|total=0|smooth=0|singular=0
RECORD|index=9159|total=0|smooth=0|singular=0
RECORD|index=9160|total=0|smooth=0|singular=0
RECORD|index=9161|total=1|smooth=1|singular=0
RECORD|index=9162|total=2|smooth=2|singular=0
RECORD|index=9163|total=1|smooth=1|singular=0
RECORD|index=9164|total=1|smooth=1|singular=0
RECORD|index=9165|total=0|smooth=0|singular=0
RECORD|index=9166|total=2|smooth=2|singular=0
RECORD|index=9167|total=0|smooth=0|singular=0
RECORD|index=9168|total=2|smooth=2|singular=0
RECORD|index=9169|total=1|smooth=1|singular=0
RECORD|index=9170|total=0|smooth=0|singular=0
RECORD|index=9171|total=0|smooth=0|singular=0
RECORD|index=9172|total=2|smooth=2|singular=0
RECORD|index=9173|total=2|smooth=2|singular=0
RECORD|index=9174|total=2|smooth=2|singular=0
RECORD|index=9175|total=0|smooth=0|singular=0
RECORD|index=9176|total=2|smooth=2|singular=0
RECORD|index=9177|total=0|smooth=0|singular=0
RECORD|index=9178|total=1|smooth=1|singular=0
RECORD|index=9179|total=1|smooth=1|singular=0
RECORD|index=9180|total=1|smooth=1|singular=0
RECORD|index=9181|total=1|smooth=1|singular=0
RECORD|index=9182|total=0|smooth=0|singular=0
RECORD|index=9183|total=0|smooth=0|singular=0
RECORD|index=9184|total=1|smooth=1|singular=0
RECORD|index=9185|total=2|smooth=2|singular=0
RECORD|index=9186|total=2|smooth=2|singular=0
RECORD|index=9187|total=3|smooth=3|singular=0
RECORD|index=9188|total=1|smooth=1|singular=0
RECORD|index=9189|total=1|smooth=1|singular=0
RECORD|index=9190|total=0|smooth=0|singular=0
RECORD|index=9191|total=1|smooth=1|singular=0
RECORD|index=9192|total=0|smooth=0|singular=0
RECORD|index=9193|total=2|smooth=2|singular=0
RECORD|index=9194|total=0|smooth=0|singular=0
RECORD|index=9195|total=0|smooth=0|singular=0
RECORD|index=9196|total=1|smooth=1|singular=0
RECORD|index=9197|total=0|smooth=0|singular=0
RECORD|index=9198|total=0|smooth=0|singular=0
RECORD|index=9199|total=1|smooth=1|singular=0
RECORD|index=9200|total=2|smooth=2|singular=0
RECORD|index=9201|total=0|smooth=0|singular=0
RECORD|index=9202|total=0|smooth=0|singular=0
RECORD|index=9203|total=1|smooth=1|singular=0
RECORD|index=9204|total=0|smooth=0|singular=0
RECORD|index=9205|total=2|smooth=2|singular=0
RECORD|index=9206|total=3|smooth=3|singular=0
RECORD|index=9207|total=0|smooth=0|singular=0
RECORD|index=9208|total=0|smooth=0|singular=0
RECORD|index=9209|total=0|smooth=0|singular=0
RECORD|index=9210|total=1|smooth=1|singular=0
RECORD|index=9211|total=0|smooth=0|singular=0
RECORD|index=9212|total=2|smooth=2|singular=0
RECORD|index=9213|total=0|smooth=0|singular=0
RECORD|index=9214|total=0|smooth=0|singular=0
RECORD|index=9215|total=1|smooth=1|singular=0
RECORD|index=9216|total=0|smooth=0|singular=0
RECORD|index=9217|total=0|smooth=0|singular=0
RECORD|index=9218|total=0|smooth=0|singular=0
RECORD|index=9219|total=0|smooth=0|singular=0
RECORD|index=9220|total=0|smooth=0|singular=0
RECORD|index=9221|total=1|smooth=1|singular=0
RECORD|index=9222|total=1|smooth=1|singular=0
RECORD|index=9223|total=0|smooth=0|singular=0
RECORD|index=9224|total=2|smooth=2|singular=0
RECORD|index=9225|total=0|smooth=0|singular=0
RECORD|index=9226|total=1|smooth=1|singular=0
RECORD|index=9227|total=2|smooth=2|singular=0
RECORD|index=9228|total=1|smooth=1|singular=0
RECORD|index=9229|total=0|smooth=0|singular=0
RECORD|index=9230|total=0|smooth=0|singular=0
RECORD|index=9231|total=0|smooth=0|singular=0
RECORD|index=9232|total=1|smooth=1|singular=0
RECORD|index=9233|total=2|smooth=2|singular=0
RECORD|index=9234|total=2|smooth=2|singular=0
RECORD|index=9235|total=1|smooth=1|singular=0
RECORD|index=9236|total=2|smooth=2|singular=0
RECORD|index=9237|total=1|smooth=1|singular=0
RECORD|index=9238|total=1|smooth=1|singular=0
RECORD|index=9239|total=1|smooth=1|singular=0
RECORD|index=9240|total=1|smooth=1|singular=0
RECORD|index=9241|total=4|smooth=4|singular=0
RECORD|index=9242|total=0|smooth=0|singular=0
RECORD|index=9243|total=1|smooth=1|singular=0
RECORD|index=9244|total=1|smooth=1|singular=0
RECORD|index=9245|total=3|smooth=3|singular=0
RECORD|index=9246|total=0|smooth=0|singular=0
RECORD|index=9247|total=0|smooth=0|singular=0
RECORD|index=9248|total=3|smooth=3|singular=0
RECORD|index=9249|total=2|smooth=2|singular=0
RECORD|index=9250|total=2|smooth=2|singular=0
RECORD|index=9251|total=0|smooth=0|singular=0
RECORD|index=9252|total=0|smooth=0|singular=0
RECORD|index=9253|total=2|smooth=2|singular=0
RECORD|index=9254|total=1|smooth=1|singular=0
RECORD|index=9255|total=2|smooth=2|singular=0
RECORD|index=9256|total=0|smooth=0|singular=0
RECORD|index=9257|total=2|smooth=2|singular=0
RECORD|index=9258|total=3|smooth=3|singular=0
RECORD|index=9259|total=1|smooth=1|singular=0
RECORD|index=9260|total=0|smooth=0|singular=0
RECORD|index=9261|total=0|smooth=0|singular=0
RECORD|index=9262|total=1|smooth=1|singular=0
RECORD|index=9263|total=0|smooth=0|singular=0
RECORD|index=9264|total=1|smooth=1|singular=0
RECORD|index=9265|total=1|smooth=1|singular=0
RECORD|index=9266|total=2|smooth=2|singular=0
RECORD|index=9267|total=1|smooth=1|singular=0
RECORD|index=9268|total=1|smooth=1|singular=0
RECORD|index=9269|total=3|smooth=3|singular=0
RECORD|index=9270|total=1|smooth=1|singular=0
RECORD|index=9271|total=1|smooth=1|singular=0
RECORD|index=9272|total=1|smooth=1|singular=0
RECORD|index=9273|total=4|smooth=4|singular=0
RECORD|index=9274|total=2|smooth=2|singular=0
RECORD|index=9275|total=0|smooth=0|singular=0
RECORD|index=9276|total=1|smooth=1|singular=0
RECORD|index=9277|total=2|smooth=2|singular=0
RECORD|index=9278|total=1|smooth=1|singular=0
RECORD|index=9279|total=3|smooth=3|singular=0
RECORD|index=9280|total=0|smooth=0|singular=0
RECORD|index=9281|total=0|smooth=0|singular=0
RECORD|index=9282|total=0|smooth=0|singular=0
RECORD|index=9283|total=0|smooth=0|singular=0
RECORD|index=9284|total=0|smooth=0|singular=0
RECORD|index=9285|total=1|smooth=1|singular=0
RECORD|index=9286|total=1|smooth=1|singular=0
RECORD|index=9287|total=1|smooth=1|singular=0
RECORD|index=9288|total=1|smooth=1|singular=0
RECORD|index=9289|total=0|smooth=0|singular=0
RECORD|index=9290|total=0|smooth=0|singular=0
RECORD|index=9291|total=3|smooth=3|singular=0
RECORD|index=9292|total=0|smooth=0|singular=0
RECORD|index=9293|total=0|smooth=0|singular=0
RECORD|index=9294|total=3|smooth=3|singular=0
RECORD|index=9295|total=2|smooth=2|singular=0
RECORD|index=9296|total=2|smooth=2|singular=0
RECORD|index=9297|total=1|smooth=1|singular=0
RECORD|index=9298|total=2|smooth=2|singular=0
RECORD|index=9299|total=1|smooth=1|singular=0
RECORD|index=9300|total=2|smooth=2|singular=0
RECORD|index=9301|total=0|smooth=0|singular=0
RECORD|index=9302|total=0|smooth=0|singular=0
RECORD|index=9303|total=2|smooth=2|singular=0
RECORD|index=9304|total=2|smooth=2|singular=0
RECORD|index=9305|total=0|smooth=0|singular=0
RECORD|index=9306|total=2|smooth=2|singular=0
RECORD|index=9307|total=0|smooth=0|singular=0
RECORD|index=9308|total=2|smooth=2|singular=0
RECORD|index=9309|total=2|smooth=2|singular=0
RECORD|index=9310|total=2|smooth=2|singular=0
RECORD|index=9311|total=0|smooth=0|singular=0
RECORD|index=9312|total=1|smooth=1|singular=0
RECORD|index=9313|total=3|smooth=3|singular=0
RECORD|index=9314|total=0|smooth=0|singular=0
RECORD|index=9315|total=0|smooth=0|singular=0
RECORD|index=9316|total=0|smooth=0|singular=0
RECORD|index=9317|total=0|smooth=0|singular=0
RECORD|index=9318|total=1|smooth=1|singular=0
RECORD|index=9319|total=1|smooth=1|singular=0
RECORD|index=9320|total=0|smooth=0|singular=0
RECORD|index=9321|total=4|smooth=4|singular=0
RECORD|index=9322|total=0|smooth=0|singular=0
RECORD|index=9323|total=0|smooth=0|singular=0
RECORD|index=9324|total=1|smooth=1|singular=0
RECORD|index=9325|total=1|smooth=1|singular=0
RECORD|index=9326|total=1|smooth=1|singular=0
RECORD|index=9327|total=0|smooth=0|singular=0
RECORD|index=9328|total=1|smooth=1|singular=0
RECORD|index=9329|total=0|smooth=0|singular=0
RECORD|index=9330|total=0|smooth=0|singular=0
RECORD|index=9331|total=0|smooth=0|singular=0
RECORD|index=9332|total=2|smooth=2|singular=0
RECORD|index=9333|total=0|smooth=0|singular=0
RECORD|index=9334|total=0|smooth=0|singular=0
RECORD|index=9335|total=1|smooth=1|singular=0
RECORD|index=9336|total=1|smooth=1|singular=0
RECORD|index=9337|total=0|smooth=0|singular=0
RECORD|index=9338|total=0|smooth=0|singular=0
RECORD|index=9339|total=0|smooth=0|singular=0
RECORD|index=9340|total=1|smooth=1|singular=0
RECORD|index=9341|total=2|smooth=2|singular=0
RECORD|index=9342|total=1|smooth=1|singular=0
RECORD|index=9343|total=0|smooth=0|singular=0
RECORD|index=9344|total=1|smooth=1|singular=0
RECORD|index=9345|total=1|smooth=1|singular=0
RECORD|index=9346|total=0|smooth=0|singular=0
RECORD|index=9347|total=3|smooth=3|singular=0
RECORD|index=9348|total=1|smooth=1|singular=0
RECORD|index=9349|total=0|smooth=0|singular=0
RECORD|index=9350|total=1|smooth=1|singular=0
RECORD|index=9351|total=2|smooth=2|singular=0
RECORD|index=9352|total=1|smooth=1|singular=0
RECORD|index=9353|total=2|smooth=2|singular=0
RECORD|index=9354|total=1|smooth=1|singular=0
RECORD|index=9355|total=1|smooth=1|singular=0
RECORD|index=9356|total=0|smooth=0|singular=0
RECORD|index=9357|total=1|smooth=1|singular=0
RECORD|index=9358|total=2|smooth=2|singular=0
RECORD|index=9359|total=0|smooth=0|singular=0
RECORD|index=9360|total=2|smooth=2|singular=0
RECORD|index=9361|total=1|smooth=1|singular=0
RECORD|index=9362|total=0|smooth=0|singular=0
RECORD|index=9363|total=1|smooth=1|singular=0
RECORD|index=9364|total=2|smooth=2|singular=0
RECORD|index=9365|total=0|smooth=0|singular=0
RECORD|index=9366|total=1|smooth=1|singular=0
RECORD|index=9367|total=4|smooth=4|singular=0
RECORD|index=9368|total=1|smooth=1|singular=0
RECORD|index=9369|total=0|smooth=0|singular=0
RECORD|index=9370|total=0|smooth=0|singular=0
RECORD|index=9371|total=1|smooth=1|singular=0
RECORD|index=9372|total=3|smooth=3|singular=0
RECORD|index=9373|total=0|smooth=0|singular=0
RECORD|index=9374|total=0|smooth=0|singular=0
RECORD|index=9375|total=0|smooth=0|singular=0
RECORD|index=9376|total=3|smooth=3|singular=0
RECORD|index=9377|total=3|smooth=3|singular=0
RECORD|index=9378|total=1|smooth=1|singular=0
RECORD|index=9379|total=2|smooth=2|singular=0
RECORD|index=9380|total=2|smooth=2|singular=0
RECORD|index=9381|total=4|smooth=4|singular=0
RECORD|index=9382|total=2|smooth=2|singular=0
RECORD|index=9383|total=2|smooth=2|singular=0
RECORD|index=9384|total=0|smooth=0|singular=0
RECORD|index=9385|total=2|smooth=2|singular=0
RECORD|index=9386|total=0|smooth=0|singular=0
RECORD|index=9387|total=2|smooth=2|singular=0
RECORD|index=9388|total=3|smooth=3|singular=0
RECORD|index=9389|total=1|smooth=1|singular=0
RECORD|index=9390|total=3|smooth=3|singular=0
RECORD|index=9391|total=2|smooth=2|singular=0
RECORD|index=9392|total=1|smooth=1|singular=0
RECORD|index=9393|total=2|smooth=2|singular=0
RECORD|index=9394|total=2|smooth=2|singular=0
RECORD|index=9395|total=0|smooth=0|singular=0
RECORD|index=9396|total=1|smooth=1|singular=0
RECORD|index=9397|total=0|smooth=0|singular=0
RECORD|index=9398|total=1|smooth=1|singular=0
RECORD|index=9399|total=2|smooth=2|singular=0
RECORD|index=9400|total=0|smooth=0|singular=0
RECORD|index=9401|total=3|smooth=3|singular=0
RECORD|index=9402|total=3|smooth=3|singular=0
RECORD|index=9403|total=0|smooth=0|singular=0
RECORD|index=9404|total=0|smooth=0|singular=0
RECORD|index=9405|total=2|smooth=2|singular=0
RECORD|index=9406|total=0|smooth=0|singular=0
RECORD|index=9407|total=2|smooth=2|singular=0
RECORD|index=9408|total=1|smooth=1|singular=0
RECORD|index=9409|total=0|smooth=0|singular=0
RECORD|index=9410|total=2|smooth=2|singular=0
RECORD|index=9411|total=0|smooth=0|singular=0
RECORD|index=9412|total=0|smooth=0|singular=0
RECORD|index=9413|total=1|smooth=1|singular=0
RECORD|index=9414|total=1|smooth=1|singular=0
RECORD|index=9415|total=2|smooth=2|singular=0
RECORD|index=9416|total=1|smooth=1|singular=0
RECORD|index=9417|total=1|smooth=1|singular=0
RECORD|index=9418|total=3|smooth=3|singular=0
RECORD|index=9419|total=3|smooth=3|singular=0
RECORD|index=9420|total=1|smooth=1|singular=0
RECORD|index=9421|total=1|smooth=1|singular=0
RECORD|index=9422|total=0|smooth=0|singular=0
RECORD|index=9423|total=1|smooth=1|singular=0
RECORD|index=9424|total=0|smooth=0|singular=0
RECORD|index=9425|total=1|smooth=1|singular=0
RECORD|index=9426|total=0|smooth=0|singular=0
RECORD|index=9427|total=0|smooth=0|singular=0
RECORD|index=9428|total=1|smooth=1|singular=0
RECORD|index=9429|total=1|smooth=1|singular=0
RECORD|index=9430|total=0|smooth=0|singular=0
RECORD|index=9431|total=1|smooth=1|singular=0
RECORD|index=9432|total=0|smooth=0|singular=0
RECORD|index=9433|total=2|smooth=2|singular=0
RECORD|index=9434|total=0|smooth=0|singular=0
RECORD|index=9435|total=0|smooth=0|singular=0
RECORD|index=9436|total=1|smooth=1|singular=0
RECORD|index=9437|total=0|smooth=0|singular=0
RECORD|index=9438|total=1|smooth=1|singular=0
RECORD|index=9439|total=1|smooth=1|singular=0
RECORD|index=9440|total=1|smooth=1|singular=0
RECORD|index=9441|total=0|smooth=0|singular=0
RECORD|index=9442|total=2|smooth=2|singular=0
RECORD|index=9443|total=0|smooth=0|singular=0
RECORD|index=9444|total=1|smooth=1|singular=0
RECORD|index=9445|total=1|smooth=1|singular=0
RECORD|index=9446|total=1|smooth=1|singular=0
RECORD|index=9447|total=1|smooth=1|singular=0
RECORD|index=9448|total=1|smooth=1|singular=0
RECORD|index=9449|total=1|smooth=1|singular=0
RECORD|index=9450|total=1|smooth=1|singular=0
RECORD|index=9451|total=1|smooth=1|singular=0
RECORD|index=9452|total=2|smooth=2|singular=0
RECORD|index=9453|total=0|smooth=0|singular=0
RECORD|index=9454|total=0|smooth=0|singular=0
RECORD|index=9455|total=1|smooth=1|singular=0
RECORD|index=9456|total=3|smooth=3|singular=0
RECORD|index=9457|total=3|smooth=3|singular=0
RECORD|index=9458|total=1|smooth=1|singular=0
RECORD|index=9459|total=1|smooth=1|singular=0
RECORD|index=9460|total=0|smooth=0|singular=0
RECORD|index=9461|total=2|smooth=2|singular=0
RECORD|index=9462|total=0|smooth=0|singular=0
RECORD|index=9463|total=0|smooth=0|singular=0
RECORD|index=9464|total=3|smooth=3|singular=0
RECORD|index=9465|total=1|smooth=1|singular=0
RECORD|index=9466|total=2|smooth=2|singular=0
RECORD|index=9467|total=0|smooth=0|singular=0
RECORD|index=9468|total=2|smooth=2|singular=0
RECORD|index=9469|total=0|smooth=0|singular=0
RECORD|index=9470|total=2|smooth=2|singular=0
RECORD|index=9471|total=1|smooth=1|singular=0
RECORD|index=9472|total=0|smooth=0|singular=0
RECORD|index=9473|total=0|smooth=0|singular=0
RECORD|index=9474|total=1|smooth=1|singular=0
RECORD|index=9475|total=1|smooth=1|singular=0
RECORD|index=9476|total=3|smooth=3|singular=0
RECORD|index=9477|total=0|smooth=0|singular=0
RECORD|index=9478|total=1|smooth=1|singular=0
RECORD|index=9479|total=0|smooth=0|singular=0
RECORD|index=9480|total=0|smooth=0|singular=0
RECORD|index=9481|total=0|smooth=0|singular=0
RECORD|index=9482|total=1|smooth=1|singular=0
RECORD|index=9483|total=0|smooth=0|singular=0
RECORD|index=9484|total=1|smooth=1|singular=0
RECORD|index=9485|total=1|smooth=1|singular=0
RECORD|index=9486|total=1|smooth=1|singular=0
RECORD|index=9487|total=2|smooth=2|singular=0
RECORD|index=9488|total=1|smooth=1|singular=0
RECORD|index=9489|total=3|smooth=3|singular=0
RECORD|index=9490|total=0|smooth=0|singular=0
RECORD|index=9491|total=1|smooth=1|singular=0
RECORD|index=9492|total=2|smooth=2|singular=0
RECORD|index=9493|total=0|smooth=0|singular=0
RECORD|index=9494|total=2|smooth=2|singular=0
RECORD|index=9495|total=2|smooth=2|singular=0
RECORD|index=9496|total=1|smooth=1|singular=0
RECORD|index=9497|total=0|smooth=0|singular=0
RECORD|index=9498|total=1|smooth=1|singular=0
RECORD|index=9499|total=2|smooth=2|singular=0
RECORD|index=9500|total=1|smooth=1|singular=0
RECORD|index=9501|total=2|smooth=2|singular=0
RECORD|index=9502|total=2|smooth=2|singular=0
RECORD|index=9503|total=1|smooth=1|singular=0
RECORD|index=9504|total=0|smooth=0|singular=0
RECORD|index=9505|total=0|smooth=0|singular=0
RECORD|index=9506|total=2|smooth=2|singular=0
RECORD|index=9507|total=2|smooth=2|singular=0
RECORD|index=9508|total=1|smooth=1|singular=0
RECORD|index=9509|total=0|smooth=0|singular=0
RECORD|index=9510|total=0|smooth=0|singular=0
RECORD|index=9511|total=1|smooth=1|singular=0
RECORD|index=9512|total=1|smooth=1|singular=0
RECORD|index=9513|total=1|smooth=1|singular=0
RECORD|index=9514|total=0|smooth=0|singular=0
RECORD|index=9515|total=1|smooth=1|singular=0
RECORD|index=9516|total=1|smooth=1|singular=0
RECORD|index=9517|total=2|smooth=2|singular=0
RECORD|index=9518|total=0|smooth=0|singular=0
RECORD|index=9519|total=2|smooth=2|singular=0
RECORD|index=9520|total=2|smooth=2|singular=0
RECORD|index=9521|total=0|smooth=0|singular=0
RECORD|index=9522|total=0|smooth=0|singular=0
RECORD|index=9523|total=0|smooth=0|singular=0
RECORD|index=9524|total=1|smooth=1|singular=0
RECORD|index=9525|total=0|smooth=0|singular=0
RECORD|index=9526|total=1|smooth=1|singular=0
RECORD|index=9527|total=1|smooth=1|singular=0
RECORD|index=9528|total=0|smooth=0|singular=0
RECORD|index=9529|total=2|smooth=2|singular=0
RECORD|index=9530|total=0|smooth=0|singular=0
RECORD|index=9531|total=1|smooth=1|singular=0
RECORD|index=9532|total=3|smooth=3|singular=0
RECORD|index=9533|total=5|smooth=5|singular=0
RECORD|index=9534|total=0|smooth=0|singular=0
RECORD|index=9535|total=3|smooth=3|singular=0
RECORD|index=9536|total=2|smooth=2|singular=0
RECORD|index=9537|total=0|smooth=0|singular=0
RECORD|index=9538|total=3|smooth=3|singular=0
RECORD|index=9539|total=0|smooth=0|singular=0
RECORD|index=9540|total=0|smooth=0|singular=0
RECORD|index=9541|total=1|smooth=1|singular=0
RECORD|index=9542|total=0|smooth=0|singular=0
RECORD|index=9543|total=1|smooth=1|singular=0
RECORD|index=9544|total=0|smooth=0|singular=0
RECORD|index=9545|total=2|smooth=2|singular=0
RECORD|index=9546|total=1|smooth=1|singular=0
RECORD|index=9547|total=0|smooth=0|singular=0
RECORD|index=9548|total=1|smooth=1|singular=0
RECORD|index=9549|total=0|smooth=0|singular=0
RECORD|index=9550|total=1|smooth=1|singular=0
RECORD|index=9551|total=0|smooth=0|singular=0
RECORD|index=9552|total=1|smooth=1|singular=0
RECORD|index=9553|total=2|smooth=2|singular=0
RECORD|index=9554|total=0|smooth=0|singular=0
RECORD|index=9555|total=2|smooth=2|singular=0
RECORD|index=9556|total=0|smooth=0|singular=0
RECORD|index=9557|total=2|smooth=2|singular=0
RECORD|index=9558|total=1|smooth=1|singular=0
RECORD|index=9559|total=0|smooth=0|singular=0
RECORD|index=9560|total=4|smooth=4|singular=0
RECORD|index=9561|total=3|smooth=3|singular=0
RECORD|index=9562|total=1|smooth=1|singular=0
RECORD|index=9563|total=3|smooth=3|singular=0
RECORD|index=9564|total=4|smooth=4|singular=0
RECORD|index=9565|total=2|smooth=2|singular=0
RECORD|index=9566|total=1|smooth=1|singular=0
RECORD|index=9567|total=1|smooth=1|singular=0
RECORD|index=9568|total=2|smooth=2|singular=0
RECORD|index=9569|total=0|smooth=0|singular=0
RECORD|index=9570|total=0|smooth=0|singular=0
RECORD|index=9571|total=1|smooth=1|singular=0
RECORD|index=9572|total=1|smooth=1|singular=0
RECORD|index=9573|total=1|smooth=1|singular=0
RECORD|index=9574|total=0|smooth=0|singular=0
RECORD|index=9575|total=1|smooth=1|singular=0
RECORD|index=9576|total=2|smooth=2|singular=0
RECORD|index=9577|total=1|smooth=1|singular=0
RECORD|index=9578|total=0|smooth=0|singular=0
RECORD|index=9579|total=2|smooth=2|singular=0
RECORD|index=9580|total=1|smooth=1|singular=0
RECORD|index=9581|total=2|smooth=2|singular=0
RECORD|index=9582|total=1|smooth=1|singular=0
RECORD|index=9583|total=2|smooth=2|singular=0
RECORD|index=9584|total=0|smooth=0|singular=0
RECORD|index=9585|total=3|smooth=3|singular=0
RECORD|index=9586|total=3|smooth=3|singular=0
RECORD|index=9587|total=1|smooth=1|singular=0
RECORD|index=9588|total=0|smooth=0|singular=0
RECORD|index=9589|total=3|smooth=3|singular=0
RECORD|index=9590|total=2|smooth=2|singular=0
RECORD|index=9591|total=0|smooth=0|singular=0
RECORD|index=9592|total=0|smooth=0|singular=0
RECORD|index=9593|total=0|smooth=0|singular=0
RECORD|index=9594|total=1|smooth=1|singular=0
RECORD|index=9595|total=5|smooth=5|singular=0
RECORD|index=9596|total=1|smooth=1|singular=0
RECORD|index=9597|total=1|smooth=1|singular=0
RECORD|index=9598|total=1|smooth=1|singular=0
RECORD|index=9599|total=0|smooth=0|singular=0
RECORD|index=9600|total=2|smooth=2|singular=0
RECORD|index=9601|total=0|smooth=0|singular=0
RECORD|index=9602|total=0|smooth=0|singular=0
RECORD|index=9603|total=0|smooth=0|singular=0
RECORD|index=9604|total=0|smooth=0|singular=0
RECORD|index=9605|total=2|smooth=2|singular=0
RECORD|index=9606|total=3|smooth=3|singular=0
RECORD|index=9607|total=2|smooth=2|singular=0
RECORD|index=9608|total=1|smooth=1|singular=0
RECORD|index=9609|total=2|smooth=2|singular=0
RECORD|index=9610|total=2|smooth=1|singular=1
RECORD|index=9611|total=1|smooth=1|singular=0
RECORD|index=9612|total=0|smooth=0|singular=0
RECORD|index=9613|total=4|smooth=4|singular=0
RECORD|index=9614|total=2|smooth=2|singular=0
RECORD|index=9615|total=1|smooth=1|singular=0
RECORD|index=9616|total=0|smooth=0|singular=0
RECORD|index=9617|total=0|smooth=0|singular=0
RECORD|index=9618|total=2|smooth=2|singular=0
RECORD|index=9619|total=1|smooth=1|singular=0
RECORD|index=9620|total=1|smooth=1|singular=0
RECORD|index=9621|total=2|smooth=2|singular=0
RECORD|index=9622|total=0|smooth=0|singular=0
RECORD|index=9623|total=2|smooth=2|singular=0
RECORD|index=9624|total=0|smooth=0|singular=0
RECORD|index=9625|total=0|smooth=0|singular=0
RECORD|index=9626|total=0|smooth=0|singular=0
RECORD|index=9627|total=0|smooth=0|singular=0
RECORD|index=9628|total=2|smooth=2|singular=0
RECORD|index=9629|total=1|smooth=1|singular=0
RECORD|index=9630|total=2|smooth=2|singular=0
RECORD|index=9631|total=3|smooth=3|singular=0
RECORD|index=9632|total=2|smooth=2|singular=0
RECORD|index=9633|total=0|smooth=0|singular=0
RECORD|index=9634|total=0|smooth=0|singular=0
RECORD|index=9635|total=1|smooth=1|singular=0
RECORD|index=9636|total=0|smooth=0|singular=0
RECORD|index=9637|total=0|smooth=0|singular=0
RECORD|index=9638|total=2|smooth=2|singular=0
RECORD|index=9639|total=1|smooth=1|singular=0
RECORD|index=9640|total=0|smooth=0|singular=0
RECORD|index=9641|total=2|smooth=2|singular=0
RECORD|index=9642|total=0|smooth=0|singular=0
RECORD|index=9643|total=0|smooth=0|singular=0
RECORD|index=9644|total=1|smooth=1|singular=0
RECORD|index=9645|total=2|smooth=2|singular=0
RECORD|index=9646|total=0|smooth=0|singular=0
RECORD|index=9647|total=1|smooth=1|singular=0
RECORD|index=9648|total=2|smooth=2|singular=0
RECORD|index=9649|total=0|smooth=0|singular=0
RECORD|index=9650|total=1|smooth=1|singular=0
RECORD|index=9651|total=2|smooth=2|singular=0
RECORD|index=9652|total=1|smooth=1|singular=0
RECORD|index=9653|total=1|smooth=1|singular=0
RECORD|index=9654|total=1|smooth=1|singular=0
RECORD|index=9655|total=3|smooth=3|singular=0
RECORD|index=9656|total=2|smooth=2|singular=0
RECORD|index=9657|total=1|smooth=1|singular=0
RECORD|index=9658|total=0|smooth=0|singular=0
RECORD|index=9659|total=3|smooth=3|singular=0
RECORD|index=9660|total=0|smooth=0|singular=0
RECORD|index=9661|total=3|smooth=3|singular=0
RECORD|index=9662|total=0|smooth=0|singular=0
RECORD|index=9663|total=1|smooth=1|singular=0
RECORD|index=9664|total=5|smooth=5|singular=0
RECORD|index=9665|total=0|smooth=0|singular=0
RECORD|index=9666|total=2|smooth=2|singular=0
RECORD|index=9667|total=0|smooth=0|singular=0
RECORD|index=9668|total=0|smooth=0|singular=0
RECORD|index=9669|total=0|smooth=0|singular=0
RECORD|index=9670|total=0|smooth=0|singular=0
RECORD|index=9671|total=1|smooth=1|singular=0
RECORD|index=9672|total=2|smooth=2|singular=0
RECORD|index=9673|total=0|smooth=0|singular=0
RECORD|index=9674|total=2|smooth=2|singular=0
RECORD|index=9675|total=1|smooth=1|singular=0
RECORD|index=9676|total=0|smooth=0|singular=0
RECORD|index=9677|total=0|smooth=0|singular=0
RECORD|index=9678|total=1|smooth=1|singular=0
RECORD|index=9679|total=1|smooth=1|singular=0
RECORD|index=9680|total=0|smooth=0|singular=0
RECORD|index=9681|total=0|smooth=0|singular=0
RECORD|index=9682|total=0|smooth=0|singular=0
RECORD|index=9683|total=0|smooth=0|singular=0
RECORD|index=9684|total=2|smooth=2|singular=0
RECORD|index=9685|total=2|smooth=2|singular=0
RECORD|index=9686|total=0|smooth=0|singular=0
RECORD|index=9687|total=1|smooth=1|singular=0
RECORD|index=9688|total=1|smooth=1|singular=0
RECORD|index=9689|total=1|smooth=1|singular=0
RECORD|index=9690|total=1|smooth=1|singular=0
RECORD|index=9691|total=3|smooth=3|singular=0
RECORD|index=9692|total=3|smooth=3|singular=0
RECORD|index=9693|total=0|smooth=0|singular=0
RECORD|index=9694|total=0|smooth=0|singular=0
RECORD|index=9695|total=0|smooth=0|singular=0
RECORD|index=9696|total=1|smooth=1|singular=0
RECORD|index=9697|total=1|smooth=1|singular=0
RECORD|index=9698|total=1|smooth=1|singular=0
RECORD|index=9699|total=1|smooth=1|singular=0
RECORD|index=9700|total=1|smooth=1|singular=0
RECORD|index=9701|total=1|smooth=1|singular=0
RECORD|index=9702|total=1|smooth=1|singular=0
RECORD|index=9703|total=0|smooth=0|singular=0
RECORD|index=9704|total=1|smooth=1|singular=0
RECORD|index=9705|total=0|smooth=0|singular=0
RECORD|index=9706|total=1|smooth=1|singular=0
RECORD|index=9707|total=0|smooth=0|singular=0
RECORD|index=9708|total=2|smooth=2|singular=0
RECORD|index=9709|total=1|smooth=1|singular=0
RECORD|index=9710|total=1|smooth=1|singular=0
RECORD|index=9711|total=4|smooth=4|singular=0
RECORD|index=9712|total=0|smooth=0|singular=0
RECORD|index=9713|total=1|smooth=1|singular=0
RECORD|index=9714|total=1|smooth=1|singular=0
RECORD|index=9715|total=0|smooth=0|singular=0
RECORD|index=9716|total=1|smooth=1|singular=0
RECORD|index=9717|total=0|smooth=0|singular=0
RECORD|index=9718|total=1|smooth=1|singular=0
RECORD|index=9719|total=0|smooth=0|singular=0
RECORD|index=9720|total=0|smooth=0|singular=0
RECORD|index=9721|total=0|smooth=0|singular=0
RECORD|index=9722|total=2|smooth=2|singular=0
RECORD|index=9723|total=0|smooth=0|singular=0
RECORD|index=9724|total=1|smooth=1|singular=0
RECORD|index=9725|total=2|smooth=2|singular=0
RECORD|index=9726|total=1|smooth=1|singular=0
RECORD|index=9727|total=2|smooth=2|singular=0
RECORD|index=9728|total=0|smooth=0|singular=0
RECORD|index=9729|total=2|smooth=2|singular=0
RECORD|index=9730|total=3|smooth=3|singular=0
RECORD|index=9731|total=1|smooth=1|singular=0
RECORD|index=9732|total=0|smooth=0|singular=0
RECORD|index=9733|total=0|smooth=0|singular=0
RECORD|index=9734|total=2|smooth=2|singular=0
RECORD|index=9735|total=0|smooth=0|singular=0
RECORD|index=9736|total=1|smooth=1|singular=0
RECORD|index=9737|total=2|smooth=2|singular=0
RECORD|index=9738|total=0|smooth=0|singular=0
RECORD|index=9739|total=2|smooth=2|singular=0
RECORD|index=9740|total=1|smooth=1|singular=0
RECORD|index=9741|total=0|smooth=0|singular=0
RECORD|index=9742|total=2|smooth=2|singular=0
RECORD|index=9743|total=1|smooth=1|singular=0
RECORD|index=9744|total=0|smooth=0|singular=0
RECORD|index=9745|total=0|smooth=0|singular=0
RECORD|index=9746|total=1|smooth=1|singular=0
RECORD|index=9747|total=1|smooth=1|singular=0
RECORD|index=9748|total=0|smooth=0|singular=0
RECORD|index=9749|total=0|smooth=0|singular=0
RECORD|index=9750|total=0|smooth=0|singular=0
RECORD|index=9751|total=0|smooth=0|singular=0
RECORD|index=9752|total=0|smooth=0|singular=0
RECORD|index=9753|total=0|smooth=0|singular=0
RECORD|index=9754|total=1|smooth=1|singular=0
RECORD|index=9755|total=1|smooth=1|singular=0
RECORD|index=9756|total=0|smooth=0|singular=0
RECORD|index=9757|total=1|smooth=1|singular=0
RECORD|index=9758|total=1|smooth=1|singular=0
RECORD|index=9759|total=0|smooth=0|singular=0
RECORD|index=9760|total=1|smooth=1|singular=0
RECORD|index=9761|total=1|smooth=1|singular=0
RECORD|index=9762|total=0|smooth=0|singular=0
RECORD|index=9763|total=1|smooth=1|singular=0
RECORD|index=9764|total=1|smooth=1|singular=0
RECORD|index=9765|total=3|smooth=3|singular=0
RECORD|index=9766|total=1|smooth=1|singular=0
RECORD|index=9767|total=0|smooth=0|singular=0
RECORD|index=9768|total=1|smooth=1|singular=0
RECORD|index=9769|total=0|smooth=0|singular=0
RECORD|index=9770|total=1|smooth=1|singular=0
RECORD|index=9771|total=0|smooth=0|singular=0
RECORD|index=9772|total=0|smooth=0|singular=0
RECORD|index=9773|total=1|smooth=1|singular=0
RECORD|index=9774|total=0|smooth=0|singular=0
RECORD|index=9775|total=2|smooth=2|singular=0
RECORD|index=9776|total=1|smooth=1|singular=0
RECORD|index=9777|total=0|smooth=0|singular=0
RECORD|index=9778|total=1|smooth=1|singular=0
RECORD|index=9779|total=0|smooth=0|singular=0
RECORD|index=9780|total=0|smooth=0|singular=0
RECORD|index=9781|total=0|smooth=0|singular=0
RECORD|index=9782|total=2|smooth=2|singular=0
RECORD|index=9783|total=0|smooth=0|singular=0
RECORD|index=9784|total=1|smooth=1|singular=0
RECORD|index=9785|total=1|smooth=1|singular=0
RECORD|index=9786|total=0|smooth=0|singular=0
RECORD|index=9787|total=0|smooth=0|singular=0
RECORD|index=9788|total=1|smooth=1|singular=0
RECORD|index=9789|total=0|smooth=0|singular=0
RECORD|index=9790|total=0|smooth=0|singular=0
RECORD|index=9791|total=1|smooth=1|singular=0
RECORD|index=9792|total=0|smooth=0|singular=0
RECORD|index=9793|total=1|smooth=1|singular=0
RECORD|index=9794|total=3|smooth=3|singular=0
RECORD|index=9795|total=2|smooth=2|singular=0
RECORD|index=9796|total=0|smooth=0|singular=0
RECORD|index=9797|total=2|smooth=2|singular=0
RECORD|index=9798|total=1|smooth=1|singular=0
RECORD|index=9799|total=1|smooth=1|singular=0
RECORD|index=9800|total=0|smooth=0|singular=0
RECORD|index=9801|total=1|smooth=1|singular=0
RECORD|index=9802|total=2|smooth=2|singular=0
RECORD|index=9803|total=1|smooth=1|singular=0
RECORD|index=9804|total=0|smooth=0|singular=0
RECORD|index=9805|total=0|smooth=0|singular=0
RECORD|index=9806|total=1|smooth=1|singular=0
RECORD|index=9807|total=2|smooth=2|singular=0
RECORD|index=9808|total=0|smooth=0|singular=0
RECORD|index=9809|total=1|smooth=1|singular=0
RECORD|index=9810|total=0|smooth=0|singular=0
RECORD|index=9811|total=0|smooth=0|singular=0
RECORD|index=9812|total=2|smooth=2|singular=0
RECORD|index=9813|total=0|smooth=0|singular=0
RECORD|index=9814|total=2|smooth=2|singular=0
RECORD|index=9815|total=2|smooth=2|singular=0
RECORD|index=9816|total=2|smooth=2|singular=0
RECORD|index=9817|total=1|smooth=1|singular=0
RECORD|index=9818|total=3|smooth=3|singular=0
RECORD|index=9819|total=1|smooth=1|singular=0
RECORD|index=9820|total=0|smooth=0|singular=0
RECORD|index=9821|total=1|smooth=1|singular=0
RECORD|index=9822|total=4|smooth=4|singular=0
RECORD|index=9823|total=0|smooth=0|singular=0
RECORD|index=9824|total=0|smooth=0|singular=0
RECORD|index=9825|total=3|smooth=3|singular=0
RECORD|index=9826|total=2|smooth=2|singular=0
RECORD|index=9827|total=1|smooth=1|singular=0
RECORD|index=9828|total=1|smooth=1|singular=0
RECORD|index=9829|total=1|smooth=1|singular=0
RECORD|index=9830|total=2|smooth=2|singular=0
RECORD|index=9831|total=1|smooth=1|singular=0
RECORD|index=9832|total=0|smooth=0|singular=0
RECORD|index=9833|total=2|smooth=2|singular=0
RECORD|index=9834|total=0|smooth=0|singular=0
RECORD|index=9835|total=1|smooth=1|singular=0
RECORD|index=9836|total=0|smooth=0|singular=0
RECORD|index=9837|total=0|smooth=0|singular=0
RECORD|index=9838|total=1|smooth=1|singular=0
RECORD|index=9839|total=0|smooth=0|singular=0
RECORD|index=9840|total=1|smooth=1|singular=0
RECORD|index=9841|total=1|smooth=1|singular=0
RECORD|index=9842|total=0|smooth=0|singular=0
RECORD|index=9843|total=0|smooth=0|singular=0
RECORD|index=9844|total=0|smooth=0|singular=0
RECORD|index=9845|total=1|smooth=1|singular=0
RECORD|index=9846|total=0|smooth=0|singular=0
RECORD|index=9847|total=3|smooth=3|singular=0
RECORD|index=9848|total=0|smooth=0|singular=0
RECORD|index=9849|total=1|smooth=1|singular=0
RECORD|index=9850|total=0|smooth=0|singular=0
RECORD|index=9851|total=0|smooth=0|singular=0
RECORD|index=9852|total=1|smooth=1|singular=0
RECORD|index=9853|total=1|smooth=1|singular=0
RECORD|index=9854|total=2|smooth=2|singular=0
RECORD|index=9855|total=1|smooth=1|singular=0
RECORD|index=9856|total=2|smooth=2|singular=0
RECORD|index=9857|total=1|smooth=1|singular=0
RECORD|index=9858|total=2|smooth=2|singular=0
RECORD|index=9859|total=1|smooth=1|singular=0
RECORD|index=9860|total=3|smooth=3|singular=0
RECORD|index=9861|total=2|smooth=2|singular=0
RECORD|index=9862|total=0|smooth=0|singular=0
RECORD|index=9863|total=0|smooth=0|singular=0
RECORD|index=9864|total=1|smooth=1|singular=0
RECORD|index=9865|total=1|smooth=1|singular=0
RECORD|index=9866|total=1|smooth=1|singular=0
RECORD|index=9867|total=0|smooth=0|singular=0
RECORD|index=9868|total=1|smooth=1|singular=0
RECORD|index=9869|total=3|smooth=3|singular=0
RECORD|index=9870|total=1|smooth=1|singular=0
RECORD|index=9871|total=0|smooth=0|singular=0
RECORD|index=9872|total=0|smooth=0|singular=0
RECORD|index=9873|total=1|smooth=1|singular=0
RECORD|index=9874|total=1|smooth=1|singular=0
RECORD|index=9875|total=1|smooth=1|singular=0
RECORD|index=9876|total=0|smooth=0|singular=0
RECORD|index=9877|total=2|smooth=2|singular=0
RECORD|index=9878|total=2|smooth=2|singular=0
RECORD|index=9879|total=0|smooth=0|singular=0
RECORD|index=9880|total=1|smooth=1|singular=0
RECORD|index=9881|total=0|smooth=0|singular=0
RECORD|index=9882|total=0|smooth=0|singular=0
RECORD|index=9883|total=0|smooth=0|singular=0
RECORD|index=9884|total=2|smooth=2|singular=0
RECORD|index=9885|total=3|smooth=3|singular=0
RECORD|index=9886|total=0|smooth=0|singular=0
RECORD|index=9887|total=0|smooth=0|singular=0
RECORD|index=9888|total=0|smooth=0|singular=0
RECORD|index=9889|total=0|smooth=0|singular=0
RECORD|index=9890|total=1|smooth=1|singular=0
RECORD|index=9891|total=1|smooth=1|singular=0
RECORD|index=9892|total=1|smooth=1|singular=0
RECORD|index=9893|total=3|smooth=3|singular=0
RECORD|index=9894|total=1|smooth=1|singular=0
RECORD|index=9895|total=0|smooth=0|singular=0
RECORD|index=9896|total=1|smooth=1|singular=0
RECORD|index=9897|total=1|smooth=1|singular=0
RECORD|index=9898|total=2|smooth=2|singular=0
RECORD|index=9899|total=0|smooth=0|singular=0
RECORD|index=9900|total=0|smooth=0|singular=0
RECORD|index=9901|total=0|smooth=0|singular=0
RECORD|index=9902|total=1|smooth=1|singular=0
RECORD|index=9903|total=2|smooth=2|singular=0
RECORD|index=9904|total=0|smooth=0|singular=0
RECORD|index=9905|total=1|smooth=1|singular=0
RECORD|index=9906|total=1|smooth=1|singular=0
RECORD|index=9907|total=0|smooth=0|singular=0
RECORD|index=9908|total=0|smooth=0|singular=0
RECORD|index=9909|total=1|smooth=1|singular=0
RECORD|index=9910|total=0|smooth=0|singular=0
RECORD|index=9911|total=2|smooth=2|singular=0
RECORD|index=9912|total=1|smooth=1|singular=0
RECORD|index=9913|total=2|smooth=2|singular=0
RECORD|index=9914|total=1|smooth=1|singular=0
RECORD|index=9915|total=0|smooth=0|singular=0
RECORD|index=9916|total=0|smooth=0|singular=0
RECORD|index=9917|total=1|smooth=1|singular=0
RECORD|index=9918|total=0|smooth=0|singular=0
RECORD|index=9919|total=2|smooth=2|singular=0
RECORD|index=9920|total=0|smooth=0|singular=0
RECORD|index=9921|total=1|smooth=1|singular=0
RECORD|index=9922|total=1|smooth=1|singular=0
RECORD|index=9923|total=0|smooth=0|singular=0
RECORD|index=9924|total=2|smooth=2|singular=0
RECORD|index=9925|total=0|smooth=0|singular=0
RECORD|index=9926|total=1|smooth=1|singular=0
RECORD|index=9927|total=1|smooth=1|singular=0
RECORD|index=9928|total=1|smooth=1|singular=0
RECORD|index=9929|total=0|smooth=0|singular=0
RECORD|index=9930|total=0|smooth=0|singular=0
RECORD|index=9931|total=1|smooth=1|singular=0
RECORD|index=9932|total=0|smooth=0|singular=0
RECORD|index=9933|total=1|smooth=1|singular=0
RECORD|index=9934|total=0|smooth=0|singular=0
RECORD|index=9935|total=0|smooth=0|singular=0
RECORD|index=9936|total=0|smooth=0|singular=0
RECORD|index=9937|total=1|smooth=1|singular=0
RECORD|index=9938|total=1|smooth=1|singular=0
RECORD|index=9939|total=2|smooth=2|singular=0
RECORD|index=9940|total=4|smooth=4|singular=0
RECORD|index=9941|total=0|smooth=0|singular=0
RECORD|index=9942|total=1|smooth=1|singular=0
RECORD|index=9943|total=1|smooth=1|singular=0
RECORD|index=9944|total=0|smooth=0|singular=0
RECORD|index=9945|total=0|smooth=0|singular=0
RECORD|index=9946|total=0|smooth=0|singular=0
RECORD|index=9947|total=2|smooth=2|singular=0
RECORD|index=9948|total=1|smooth=1|singular=0
RECORD|index=9949|total=0|smooth=0|singular=0
RECORD|index=9950|total=1|smooth=1|singular=0
RECORD|index=9951|total=2|smooth=2|singular=0
RECORD|index=9952|total=2|smooth=2|singular=0
RECORD|index=9953|total=0|smooth=0|singular=0
RECORD|index=9954|total=1|smooth=1|singular=0
RECORD|index=9955|total=0|smooth=0|singular=0
RECORD|index=9956|total=1|smooth=1|singular=0
RECORD|index=9957|total=0|smooth=0|singular=0
RECORD|index=9958|total=4|smooth=4|singular=0
RECORD|index=9959|total=1|smooth=1|singular=0
RECORD|index=9960|total=0|smooth=0|singular=0
RECORD|index=9961|total=1|smooth=1|singular=0
RECORD|index=9962|total=0|smooth=0|singular=0
RECORD|index=9963|total=0|smooth=0|singular=0
RECORD|index=9964|total=1|smooth=1|singular=0
RECORD|index=9965|total=1|smooth=1|singular=0
RECORD|index=9966|total=2|smooth=2|singular=0
RECORD|index=9967|total=1|smooth=1|singular=0
RECORD|index=9968|total=0|smooth=0|singular=0
RECORD|index=9969|total=2|smooth=2|singular=0
RECORD|index=9970|total=1|smooth=1|singular=0
RECORD|index=9971|total=0|smooth=0|singular=0
RECORD|index=9972|total=1|smooth=1|singular=0
RECORD|index=9973|total=1|smooth=1|singular=0
RECORD|index=9974|total=2|smooth=2|singular=0
RECORD|index=9975|total=0|smooth=0|singular=0
RECORD|index=9976|total=1|smooth=1|singular=0
RECORD|index=9977|total=1|smooth=1|singular=0
RECORD|index=9978|total=2|smooth=2|singular=0
RECORD|index=9979|total=2|smooth=2|singular=0
RECORD|index=9980|total=0|smooth=0|singular=0
RECORD|index=9981|total=1|smooth=1|singular=0
RECORD|index=9982|total=1|smooth=1|singular=0
RECORD|index=9983|total=1|smooth=1|singular=0
RECORD|index=9984|total=1|smooth=1|singular=0
RECORD|index=9985|total=0|smooth=0|singular=0
RECORD|index=9986|total=1|smooth=1|singular=0
RECORD|index=9987|total=0|smooth=0|singular=0
RECORD|index=9988|total=1|smooth=1|singular=0
RECORD|index=9989|total=1|smooth=1|singular=0
RECORD|index=9990|total=2|smooth=2|singular=0
RECORD|index=9991|total=1|smooth=1|singular=0
RECORD|index=9992|total=0|smooth=0|singular=0
RECORD|index=9993|total=1|smooth=1|singular=0
RECORD|index=9994|total=2|smooth=2|singular=0
RECORD|index=9995|total=5|smooth=5|singular=0
RECORD|index=9996|total=4|smooth=4|singular=0
RECORD|index=9997|total=4|smooth=4|singular=0
RECORD|index=9998|total=1|smooth=1|singular=0
RECORD|index=9999|total=0|smooth=0|singular=0
RECORD|index=10000|total=2|smooth=2|singular=0
RECORD|index=10001|total=2|smooth=2|singular=0
RECORD|index=10002|total=1|smooth=1|singular=0
RECORD|index=10003|total=1|smooth=1|singular=0
RECORD|index=10004|total=0|smooth=0|singular=0
RECORD|index=10005|total=3|smooth=3|singular=0
RECORD|index=10006|total=0|smooth=0|singular=0
RECORD|index=10007|total=1|smooth=1|singular=0
RECORD|index=10008|total=0|smooth=0|singular=0
RECORD|index=10009|total=1|smooth=1|singular=0
RECORD|index=10010|total=2|smooth=2|singular=0
RECORD|index=10011|total=1|smooth=1|singular=0
RECORD|index=10012|total=3|smooth=3|singular=0
RECORD|index=10013|total=1|smooth=1|singular=0
RECORD|index=10014|total=0|smooth=0|singular=0
RECORD|index=10015|total=0|smooth=0|singular=0
RECORD|index=10016|total=1|smooth=1|singular=0
RECORD|index=10017|total=0|smooth=0|singular=0
RECORD|index=10018|total=0|smooth=0|singular=0
RECORD|index=10019|total=2|smooth=2|singular=0
RECORD|index=10020|total=0|smooth=0|singular=0
RECORD|index=10021|total=0|smooth=0|singular=0
RECORD|index=10022|total=0|smooth=0|singular=0
RECORD|index=10023|total=0|smooth=0|singular=0
RECORD|index=10024|total=1|smooth=1|singular=0
RECORD|index=10025|total=2|smooth=2|singular=0
RECORD|index=10026|total=0|smooth=0|singular=0
RECORD|index=10027|total=0|smooth=0|singular=0
RECORD|index=10028|total=0|smooth=0|singular=0
RECORD|index=10029|total=0|smooth=0|singular=0
RECORD|index=10030|total=1|smooth=1|singular=0
RECORD|index=10031|total=0|smooth=0|singular=0
RECORD|index=10032|total=1|smooth=1|singular=0
RECORD|index=10033|total=1|smooth=1|singular=0
RECORD|index=10034|total=0|smooth=0|singular=0
RECORD|index=10035|total=2|smooth=2|singular=0
RECORD|index=10036|total=1|smooth=1|singular=0
RECORD|index=10037|total=0|smooth=0|singular=0
RECORD|index=10038|total=2|smooth=2|singular=0
RECORD|index=10039|total=1|smooth=1|singular=0
RECORD|index=10040|total=0|smooth=0|singular=0
RECORD|index=10041|total=2|smooth=2|singular=0
RECORD|index=10042|total=1|smooth=1|singular=0
RECORD|index=10043|total=0|smooth=0|singular=0
RECORD|index=10044|total=0|smooth=0|singular=0
RECORD|index=10045|total=1|smooth=1|singular=0
RECORD|index=10046|total=1|smooth=1|singular=0
RECORD|index=10047|total=2|smooth=2|singular=0
RECORD|index=10048|total=0|smooth=0|singular=0
RECORD|index=10049|total=1|smooth=1|singular=0
RECORD|index=10050|total=2|smooth=2|singular=0
RECORD|index=10051|total=1|smooth=1|singular=0
RECORD|index=10052|total=0|smooth=0|singular=0
RECORD|index=10053|total=0|smooth=0|singular=0
RECORD|index=10054|total=3|smooth=3|singular=0
RECORD|index=10055|total=1|smooth=1|singular=0
RECORD|index=10056|total=1|smooth=1|singular=0
RECORD|index=10057|total=0|smooth=0|singular=0
RECORD|index=10058|total=0|smooth=0|singular=0
RECORD|index=10059|total=2|smooth=2|singular=0
RECORD|index=10060|total=3|smooth=3|singular=0
RECORD|index=10061|total=4|smooth=4|singular=0
RECORD|index=10062|total=0|smooth=0|singular=0
RECORD|index=10063|total=0|smooth=0|singular=0
RECORD|index=10064|total=0|smooth=0|singular=0
RECORD|index=10065|total=1|smooth=1|singular=0
RECORD|index=10066|total=2|smooth=2|singular=0
RECORD|index=10067|total=0|smooth=0|singular=0
RECORD|index=10068|total=2|smooth=2|singular=0
RECORD|index=10069|total=3|smooth=3|singular=0
RECORD|index=10070|total=0|smooth=0|singular=0
RECORD|index=10071|total=1|smooth=1|singular=0
RECORD|index=10072|total=1|smooth=1|singular=0
RECORD|index=10073|total=1|smooth=1|singular=0
RECORD|index=10074|total=1|smooth=1|singular=0
RECORD|index=10075|total=0|smooth=0|singular=0
RECORD|index=10076|total=1|smooth=1|singular=0
RECORD|index=10077|total=1|smooth=1|singular=0
RECORD|index=10078|total=2|smooth=2|singular=0
RECORD|index=10079|total=2|smooth=2|singular=0
SINGULAR_FQ2_SHARD_PASS
