CERT__NGEN 317
CERT__SECONDS 3
CERT__GB_SIZE 1
CERT__UNIT 1
CERT__DIRECT_CHECK 1
CERT__COFACTORS_BEGIN
v98^3,                
0,                    
0,                    
0,                    
0,                    
0,                    
0,                    
0,                    
0,                    
0,                    
0,                    
0,                    
0,                    
0,                    
0,                    
0,                    
0,                    
0,                    
0,                    
0,                    
0,                    
0,                    
0,                    
0,                    
0,                    
0,                    
0,                    
0,                    
0,                    
0,                    
0,                    
0,                    
0,                    
0,                    
0,                    
0,                    
0,                    
0,                    
0,                    
0,                    
0,                    
0,                    
0,                    
0,                    
0,                    
0,                    
0,                    
0,                    
0,                    
0,                    
0,                    
0,                    
0,                    
0,                    
0,                    
0,                    
0,                    
0,                    
0,                    
0,                    
0,                    
0,                    
0,                    
0,                    
0,                    
0,                    
0,                    
0,                    
0,                    
0,                    
0,                    
0,                    
0,                    
0,                    
0,                    
0,                    
0,                    
0,                    
0,                    
0,                    
0,                    
0,                    
0,                    
0,                    
0,                    
0,                    
0,                    
0,                    
0,                    
0,                    
0,                    
0,                    
0,                    
0,                    
0,                    
0,                    
0,                    
0,                    
0,                    
0,                    
0,                    
0,                    
0,                    
0,                    
0,                    
0,                    
0,                    
0,                    
0,                    
0,                    
0,                    
0,                    
0,                    
0,                    
0,                    
0,                    
0,                    
0,                    
0,                    
0,                    
0,                    
0,                    
0,                    
0,                    
0,                    
0,                    
0,                    
0,                    
0,                    
0,                    
0,                    
0,                    
0,                    
0,                    
0,                    
0,                    
0,                    
0,                    
0,                    
0,                    
0,                    
0,                    
0,                    
0,                    
0,                    
0,                    
0,                    
0,                    
0,                    
0,                    
0,                    
0,                    
0,                    
0,                    
0,                    
0,                    
0,                    
0,                    
0,                    
0,                    
0,                    
0,                    
0,                    
0,                    
0,                    
0,                    
0,                    
0,                    
0,                    
0,                    
0,                    
0,                    
0,                    
0,                    
0,                    
0,                    
0,                    
0,                    
0,                    
0,                    
0,                    
0,                    
0,                    
0,                    
0,                    
0,                    
0,                    
0,                    
0,                    
0,                    
0,                    
0,                    
0,                    
0,                    
0,                    
0,                    
0,                    
0,                    
0,                    
0,                    
0,                    
0,                    
0,                    
0,                    
0,                    
0,                    
0,                    
0,                    
0,                    
0,                    
0,                    
0,                    
0,                    
0,                    
0,                    
0,                    
0,                    
0,                    
0,                    
0,                    
0,                    
0,                    
0,                    
0,                    
0,                    
0,                    
0,                    
0,                    
0,                    
0,                    
0,                    
0,                    
0,                    
0,                    
0,                    
0,                    
0,                    
0,                    
0,                    
0,                    
0,                    
0,                    
0,                    
0,                    
0,                    
0,                    
0,                    
0,                    
0,                    
0,                    
0,                    
0,                    
0,                    
0,                    
0,                    
0,                    
0,                    
0,                    
0,                    
0,                    
0,                    
0,                    
0,                    
0,                    
0,                    
0,                    
0,                    
0,                    
0,                    
0,                    
0,                    
0,                    
0,                    
0,                    
0,                    
0,                    
0,                    
0,                    
0,                    
0,                    
0,                    
0,                    
0,                    
0,                    
0,                    
0,                    
0,                    
0,                    
0,                    
0,                    
0,                    
0,                    
0,                    
0,                    
0,                    
0,                    
0,                    
0,                    
0,                    
0,                    
0,                    
0,                    
0,                    
0,                    
0,                    
0,                    
0,                    
0,                    
0,                    
0,                    
0,                    
0,                    
0,                    
0,                    
0,                    
0,                    
-v97^2*v98^2-v97*v98-1
CERT__COFACTORS_END
