SINGULAR_FQ2_POINT_COUNT_BEGIN
mode=shard
candidate_sha256=9061726295086f58f74f3751b2f7c2d59c5cb86de5e53ecd636687fd54daa7ce
field_modulus=a2-a+3
RECORD|index=13104|total=0|smooth=0|singular=0
RECORD|index=13105|total=0|smooth=0|singular=0
RECORD|index=13106|total=0|smooth=0|singular=0
RECORD|index=13107|total=3|smooth=3|singular=0
RECORD|index=13108|total=0|smooth=0|singular=0
RECORD|index=13109|total=1|smooth=1|singular=0
RECORD|index=13110|total=2|smooth=2|singular=0
RECORD|index=13111|total=1|smooth=1|singular=0
RECORD|index=13112|total=1|smooth=1|singular=0
RECORD|index=13113|total=2|smooth=2|singular=0
RECORD|index=13114|total=1|smooth=1|singular=0
RECORD|index=13115|total=1|smooth=1|singular=0
RECORD|index=13116|total=1|smooth=1|singular=0
RECORD|index=13117|total=0|smooth=0|singular=0
RECORD|index=13118|total=2|smooth=2|singular=0
RECORD|index=13119|total=1|smooth=1|singular=0
RECORD|index=13120|total=2|smooth=2|singular=0
RECORD|index=13121|total=0|smooth=0|singular=0
RECORD|index=13122|total=1|smooth=1|singular=0
RECORD|index=13123|total=1|smooth=1|singular=0
RECORD|index=13124|total=0|smooth=0|singular=0
RECORD|index=13125|total=0|smooth=0|singular=0
RECORD|index=13126|total=3|smooth=3|singular=0
RECORD|index=13127|total=2|smooth=2|singular=0
RECORD|index=13128|total=3|smooth=3|singular=0
RECORD|index=13129|total=1|smooth=1|singular=0
RECORD|index=13130|total=1|smooth=1|singular=0
RECORD|index=13131|total=1|smooth=1|singular=0
RECORD|index=13132|total=0|smooth=0|singular=0
RECORD|index=13133|total=3|smooth=3|singular=0
RECORD|index=13134|total=0|smooth=0|singular=0
RECORD|index=13135|total=0|smooth=0|singular=0
RECORD|index=13136|total=2|smooth=2|singular=0
RECORD|index=13137|total=3|smooth=3|singular=0
RECORD|index=13138|total=1|smooth=1|singular=0
RECORD|index=13139|total=2|smooth=2|singular=0
RECORD|index=13140|total=1|smooth=1|singular=0
RECORD|index=13141|total=2|smooth=2|singular=0
RECORD|index=13142|total=0|smooth=0|singular=0
RECORD|index=13143|total=1|smooth=1|singular=0
RECORD|index=13144|total=0|smooth=0|singular=0
RECORD|index=13145|total=0|smooth=0|singular=0
RECORD|index=13146|total=2|smooth=2|singular=0
RECORD|index=13147|total=1|smooth=1|singular=0
RECORD|index=13148|total=3|smooth=3|singular=0
RECORD|index=13149|total=1|smooth=1|singular=0
RECORD|index=13150|total=0|smooth=0|singular=0
RECORD|index=13151|total=0|smooth=0|singular=0
RECORD|index=13152|total=0|smooth=0|singular=0
RECORD|index=13153|total=1|smooth=1|singular=0
RECORD|index=13154|total=0|smooth=0|singular=0
RECORD|index=13155|total=0|smooth=0|singular=0
RECORD|index=13156|total=1|smooth=1|singular=0
RECORD|index=13157|total=4|smooth=4|singular=0
RECORD|index=13158|total=0|smooth=0|singular=0
RECORD|index=13159|total=2|smooth=2|singular=0
RECORD|index=13160|total=0|smooth=0|singular=0
RECORD|index=13161|total=1|smooth=1|singular=0
RECORD|index=13162|total=1|smooth=1|singular=0
RECORD|index=13163|total=0|smooth=0|singular=0
RECORD|index=13164|total=2|smooth=2|singular=0
RECORD|index=13165|total=0|smooth=0|singular=0
RECORD|index=13166|total=4|smooth=4|singular=0
RECORD|index=13167|total=0|smooth=0|singular=0
RECORD|index=13168|total=2|smooth=2|singular=0
RECORD|index=13169|total=1|smooth=1|singular=0
RECORD|index=13170|total=0|smooth=0|singular=0
RECORD|index=13171|total=0|smooth=0|singular=0
RECORD|index=13172|total=0|smooth=0|singular=0
RECORD|index=13173|total=2|smooth=2|singular=0
RECORD|index=13174|total=1|smooth=1|singular=0
RECORD|index=13175|total=0|smooth=0|singular=0
RECORD|index=13176|total=1|smooth=1|singular=0
RECORD|index=13177|total=0|smooth=0|singular=0
RECORD|index=13178|total=2|smooth=2|singular=0
RECORD|index=13179|total=0|smooth=0|singular=0
RECORD|index=13180|total=0|smooth=0|singular=0
RECORD|index=13181|total=2|smooth=2|singular=0
RECORD|index=13182|total=2|smooth=2|singular=0
RECORD|index=13183|total=0|smooth=0|singular=0
RECORD|index=13184|total=0|smooth=0|singular=0
RECORD|index=13185|total=0|smooth=0|singular=0
RECORD|index=13186|total=1|smooth=1|singular=0
RECORD|index=13187|total=0|smooth=0|singular=0
RECORD|index=13188|total=3|smooth=3|singular=0
RECORD|index=13189|total=4|smooth=4|singular=0
RECORD|index=13190|total=1|smooth=1|singular=0
RECORD|index=13191|total=0|smooth=0|singular=0
RECORD|index=13192|total=0|smooth=0|singular=0
RECORD|index=13193|total=2|smooth=2|singular=0
RECORD|index=13194|total=0|smooth=0|singular=0
RECORD|index=13195|total=0|smooth=0|singular=0
RECORD|index=13196|total=0|smooth=0|singular=0
RECORD|index=13197|total=1|smooth=1|singular=0
RECORD|index=13198|total=0|smooth=0|singular=0
RECORD|index=13199|total=2|smooth=2|singular=0
RECORD|index=13200|total=3|smooth=3|singular=0
RECORD|index=13201|total=1|smooth=1|singular=0
RECORD|index=13202|total=1|smooth=1|singular=0
RECORD|index=13203|total=0|smooth=0|singular=0
RECORD|index=13204|total=0|smooth=0|singular=0
RECORD|index=13205|total=1|smooth=1|singular=0
RECORD|index=13206|total=2|smooth=2|singular=0
RECORD|index=13207|total=1|smooth=1|singular=0
RECORD|index=13208|total=3|smooth=3|singular=0
RECORD|index=13209|total=2|smooth=2|singular=0
RECORD|index=13210|total=0|smooth=0|singular=0
RECORD|index=13211|total=3|smooth=3|singular=0
RECORD|index=13212|total=1|smooth=1|singular=0
RECORD|index=13213|total=2|smooth=2|singular=0
RECORD|index=13214|total=2|smooth=2|singular=0
RECORD|index=13215|total=2|smooth=2|singular=0
RECORD|index=13216|total=0|smooth=0|singular=0
RECORD|index=13217|total=0|smooth=0|singular=0
RECORD|index=13218|total=1|smooth=1|singular=0
RECORD|index=13219|total=1|smooth=1|singular=0
RECORD|index=13220|total=1|smooth=1|singular=0
RECORD|index=13221|total=2|smooth=2|singular=0
RECORD|index=13222|total=0|smooth=0|singular=0
RECORD|index=13223|total=0|smooth=0|singular=0
RECORD|index=13224|total=1|smooth=1|singular=0
RECORD|index=13225|total=0|smooth=0|singular=0
RECORD|index=13226|total=0|smooth=0|singular=0
RECORD|index=13227|total=1|smooth=1|singular=0
RECORD|index=13228|total=0|smooth=0|singular=0
RECORD|index=13229|total=1|smooth=1|singular=0
RECORD|index=13230|total=1|smooth=1|singular=0
RECORD|index=13231|total=0|smooth=0|singular=0
RECORD|index=13232|total=1|smooth=1|singular=0
RECORD|index=13233|total=0|smooth=0|singular=0
RECORD|index=13234|total=0|smooth=0|singular=0
RECORD|index=13235|total=0|smooth=0|singular=0
RECORD|index=13236|total=1|smooth=1|singular=0
RECORD|index=13237|total=1|smooth=1|singular=0
RECORD|index=13238|total=1|smooth=1|singular=0
RECORD|index=13239|total=1|smooth=1|singular=0
RECORD|index=13240|total=0|smooth=0|singular=0
RECORD|index=13241|total=3|smooth=3|singular=0
RECORD|index=13242|total=1|smooth=1|singular=0
RECORD|index=13243|total=2|smooth=2|singular=0
RECORD|index=13244|total=1|smooth=1|singular=0
RECORD|index=13245|total=1|smooth=1|singular=0
RECORD|index=13246|total=1|smooth=1|singular=0
RECORD|index=13247|total=0|smooth=0|singular=0
RECORD|index=13248|total=1|smooth=1|singular=0
RECORD|index=13249|total=1|smooth=1|singular=0
RECORD|index=13250|total=0|smooth=0|singular=0
RECORD|index=13251|total=0|smooth=0|singular=0
RECORD|index=13252|total=0|smooth=0|singular=0
RECORD|index=13253|total=0|smooth=0|singular=0
RECORD|index=13254|total=2|smooth=2|singular=0
RECORD|index=13255|total=0|smooth=0|singular=0
RECORD|index=13256|total=0|smooth=0|singular=0
RECORD|index=13257|total=0|smooth=0|singular=0
RECORD|index=13258|total=0|smooth=0|singular=0
RECORD|index=13259|total=2|smooth=2|singular=0
RECORD|index=13260|total=2|smooth=2|singular=0
RECORD|index=13261|total=2|smooth=2|singular=0
RECORD|index=13262|total=1|smooth=1|singular=0
RECORD|index=13263|total=1|smooth=1|singular=0
RECORD|index=13264|total=0|smooth=0|singular=0
RECORD|index=13265|total=1|smooth=1|singular=0
RECORD|index=13266|total=1|smooth=1|singular=0
RECORD|index=13267|total=0|smooth=0|singular=0
RECORD|index=13268|total=1|smooth=1|singular=0
RECORD|index=13269|total=1|smooth=1|singular=0
RECORD|index=13270|total=1|smooth=1|singular=0
RECORD|index=13271|total=2|smooth=2|singular=0
RECORD|index=13272|total=0|smooth=0|singular=0
RECORD|index=13273|total=1|smooth=1|singular=0
RECORD|index=13274|total=0|smooth=0|singular=0
RECORD|index=13275|total=2|smooth=2|singular=0
RECORD|index=13276|total=1|smooth=1|singular=0
RECORD|index=13277|total=3|smooth=3|singular=0
RECORD|index=13278|total=0|smooth=0|singular=0
RECORD|index=13279|total=1|smooth=1|singular=0
RECORD|index=13280|total=1|smooth=1|singular=0
RECORD|index=13281|total=1|smooth=1|singular=0
RECORD|index=13282|total=0|smooth=0|singular=0
RECORD|index=13283|total=0|smooth=0|singular=0
RECORD|index=13284|total=0|smooth=0|singular=0
RECORD|index=13285|total=3|smooth=3|singular=0
RECORD|index=13286|total=0|smooth=0|singular=0
RECORD|index=13287|total=0|smooth=0|singular=0
RECORD|index=13288|total=0|smooth=0|singular=0
RECORD|index=13289|total=3|smooth=3|singular=0
RECORD|index=13290|total=3|smooth=3|singular=0
RECORD|index=13291|total=0|smooth=0|singular=0
RECORD|index=13292|total=1|smooth=1|singular=0
RECORD|index=13293|total=0|smooth=0|singular=0
RECORD|index=13294|total=1|smooth=1|singular=0
RECORD|index=13295|total=1|smooth=1|singular=0
RECORD|index=13296|total=2|smooth=2|singular=0
RECORD|index=13297|total=0|smooth=0|singular=0
RECORD|index=13298|total=0|smooth=0|singular=0
RECORD|index=13299|total=1|smooth=1|singular=0
RECORD|index=13300|total=0|smooth=0|singular=0
RECORD|index=13301|total=1|smooth=1|singular=0
RECORD|index=13302|total=0|smooth=0|singular=0
RECORD|index=13303|total=0|smooth=0|singular=0
RECORD|index=13304|total=2|smooth=2|singular=0
RECORD|index=13305|total=1|smooth=1|singular=0
RECORD|index=13306|total=2|smooth=2|singular=0
RECORD|index=13307|total=0|smooth=0|singular=0
RECORD|index=13308|total=0|smooth=0|singular=0
RECORD|index=13309|total=0|smooth=0|singular=0
RECORD|index=13310|total=1|smooth=1|singular=0
RECORD|index=13311|total=2|smooth=2|singular=0
RECORD|index=13312|total=1|smooth=1|singular=0
RECORD|index=13313|total=1|smooth=1|singular=0
RECORD|index=13314|total=2|smooth=2|singular=0
RECORD|index=13315|total=3|smooth=3|singular=0
RECORD|index=13316|total=1|smooth=1|singular=0
RECORD|index=13317|total=1|smooth=1|singular=0
RECORD|index=13318|total=0|smooth=0|singular=0
RECORD|index=13319|total=2|smooth=2|singular=0
RECORD|index=13320|total=1|smooth=1|singular=0
RECORD|index=13321|total=1|smooth=1|singular=0
RECORD|index=13322|total=3|smooth=3|singular=0
RECORD|index=13323|total=1|smooth=1|singular=0
RECORD|index=13324|total=2|smooth=2|singular=0
RECORD|index=13325|total=0|smooth=0|singular=0
RECORD|index=13326|total=0|smooth=0|singular=0
RECORD|index=13327|total=1|smooth=1|singular=0
RECORD|index=13328|total=2|smooth=2|singular=0
RECORD|index=13329|total=1|smooth=1|singular=0
RECORD|index=13330|total=2|smooth=2|singular=0
RECORD|index=13331|total=2|smooth=2|singular=0
RECORD|index=13332|total=2|smooth=2|singular=0
RECORD|index=13333|total=1|smooth=1|singular=0
RECORD|index=13334|total=1|smooth=1|singular=0
RECORD|index=13335|total=1|smooth=1|singular=0
RECORD|index=13336|total=1|smooth=1|singular=0
RECORD|index=13337|total=2|smooth=2|singular=0
RECORD|index=13338|total=1|smooth=1|singular=0
RECORD|index=13339|total=0|smooth=0|singular=0
RECORD|index=13340|total=0|smooth=0|singular=0
RECORD|index=13341|total=1|smooth=1|singular=0
RECORD|index=13342|total=3|smooth=3|singular=0
RECORD|index=13343|total=3|smooth=3|singular=0
RECORD|index=13344|total=0|smooth=0|singular=0
RECORD|index=13345|total=0|smooth=0|singular=0
RECORD|index=13346|total=2|smooth=2|singular=0
RECORD|index=13347|total=0|smooth=0|singular=0
RECORD|index=13348|total=0|smooth=0|singular=0
RECORD|index=13349|total=0|smooth=0|singular=0
RECORD|index=13350|total=0|smooth=0|singular=0
RECORD|index=13351|total=0|smooth=0|singular=0
RECORD|index=13352|total=1|smooth=1|singular=0
RECORD|index=13353|total=0|smooth=0|singular=0
RECORD|index=13354|total=2|smooth=2|singular=0
RECORD|index=13355|total=0|smooth=0|singular=0
RECORD|index=13356|total=3|smooth=3|singular=0
RECORD|index=13357|total=0|smooth=0|singular=0
RECORD|index=13358|total=1|smooth=1|singular=0
RECORD|index=13359|total=1|smooth=1|singular=0
RECORD|index=13360|total=1|smooth=1|singular=0
RECORD|index=13361|total=2|smooth=2|singular=0
RECORD|index=13362|total=0|smooth=0|singular=0
RECORD|index=13363|total=2|smooth=2|singular=0
RECORD|index=13364|total=1|smooth=1|singular=0
RECORD|index=13365|total=0|smooth=0|singular=0
RECORD|index=13366|total=0|smooth=0|singular=0
RECORD|index=13367|total=2|smooth=2|singular=0
RECORD|index=13368|total=0|smooth=0|singular=0
RECORD|index=13369|total=2|smooth=2|singular=0
RECORD|index=13370|total=0|smooth=0|singular=0
RECORD|index=13371|total=0|smooth=0|singular=0
RECORD|index=13372|total=2|smooth=2|singular=0
RECORD|index=13373|total=0|smooth=0|singular=0
RECORD|index=13374|total=1|smooth=1|singular=0
RECORD|index=13375|total=0|smooth=0|singular=0
RECORD|index=13376|total=3|smooth=3|singular=0
RECORD|index=13377|total=0|smooth=0|singular=0
RECORD|index=13378|total=3|smooth=3|singular=0
RECORD|index=13379|total=5|smooth=5|singular=0
RECORD|index=13380|total=0|smooth=0|singular=0
RECORD|index=13381|total=1|smooth=1|singular=0
RECORD|index=13382|total=1|smooth=1|singular=0
RECORD|index=13383|total=0|smooth=0|singular=0
RECORD|index=13384|total=0|smooth=0|singular=0
RECORD|index=13385|total=1|smooth=1|singular=0
RECORD|index=13386|total=1|smooth=1|singular=0
RECORD|index=13387|total=0|smooth=0|singular=0
RECORD|index=13388|total=1|smooth=1|singular=0
RECORD|index=13389|total=1|smooth=1|singular=0
RECORD|index=13390|total=3|smooth=3|singular=0
RECORD|index=13391|total=2|smooth=2|singular=0
RECORD|index=13392|total=2|smooth=2|singular=0
RECORD|index=13393|total=1|smooth=1|singular=0
RECORD|index=13394|total=1|smooth=1|singular=0
RECORD|index=13395|total=0|smooth=0|singular=0
RECORD|index=13396|total=1|smooth=1|singular=0
RECORD|index=13397|total=0|smooth=0|singular=0
RECORD|index=13398|total=0|smooth=0|singular=0
RECORD|index=13399|total=1|smooth=1|singular=0
RECORD|index=13400|total=1|smooth=1|singular=0
RECORD|index=13401|total=1|smooth=1|singular=0
RECORD|index=13402|total=0|smooth=0|singular=0
RECORD|index=13403|total=1|smooth=1|singular=0
RECORD|index=13404|total=1|smooth=1|singular=0
RECORD|index=13405|total=0|smooth=0|singular=0
RECORD|index=13406|total=3|smooth=3|singular=0
RECORD|index=13407|total=1|smooth=1|singular=0
RECORD|index=13408|total=0|smooth=0|singular=0
RECORD|index=13409|total=1|smooth=1|singular=0
RECORD|index=13410|total=0|smooth=0|singular=0
RECORD|index=13411|total=2|smooth=2|singular=0
RECORD|index=13412|total=0|smooth=0|singular=0
RECORD|index=13413|total=3|smooth=3|singular=0
RECORD|index=13414|total=1|smooth=1|singular=0
RECORD|index=13415|total=3|smooth=3|singular=0
RECORD|index=13416|total=2|smooth=2|singular=0
RECORD|index=13417|total=0|smooth=0|singular=0
RECORD|index=13418|total=2|smooth=2|singular=0
RECORD|index=13419|total=1|smooth=1|singular=0
RECORD|index=13420|total=1|smooth=1|singular=0
RECORD|index=13421|total=0|smooth=0|singular=0
RECORD|index=13422|total=1|smooth=1|singular=0
RECORD|index=13423|total=2|smooth=2|singular=0
RECORD|index=13424|total=1|smooth=1|singular=0
RECORD|index=13425|total=0|smooth=0|singular=0
RECORD|index=13426|total=0|smooth=0|singular=0
RECORD|index=13427|total=1|smooth=1|singular=0
RECORD|index=13428|total=1|smooth=1|singular=0
RECORD|index=13429|total=0|smooth=0|singular=0
RECORD|index=13430|total=2|smooth=2|singular=0
RECORD|index=13431|total=0|smooth=0|singular=0
RECORD|index=13432|total=0|smooth=0|singular=0
RECORD|index=13433|total=1|smooth=1|singular=0
RECORD|index=13434|total=2|smooth=2|singular=0
RECORD|index=13435|total=3|smooth=3|singular=0
RECORD|index=13436|total=0|smooth=0|singular=0
RECORD|index=13437|total=3|smooth=3|singular=0
RECORD|index=13438|total=1|smooth=1|singular=0
RECORD|index=13439|total=0|smooth=0|singular=0
RECORD|index=13440|total=1|smooth=1|singular=0
RECORD|index=13441|total=2|smooth=2|singular=0
RECORD|index=13442|total=0|smooth=0|singular=0
RECORD|index=13443|total=2|smooth=2|singular=0
RECORD|index=13444|total=0|smooth=0|singular=0
RECORD|index=13445|total=3|smooth=3|singular=0
RECORD|index=13446|total=0|smooth=0|singular=0
RECORD|index=13447|total=2|smooth=2|singular=0
RECORD|index=13448|total=0|smooth=0|singular=0
RECORD|index=13449|total=0|smooth=0|singular=0
RECORD|index=13450|total=2|smooth=2|singular=0
RECORD|index=13451|total=2|smooth=2|singular=0
RECORD|index=13452|total=4|smooth=4|singular=0
RECORD|index=13453|total=0|smooth=0|singular=0
RECORD|index=13454|total=0|smooth=0|singular=0
RECORD|index=13455|total=0|smooth=0|singular=0
RECORD|index=13456|total=0|smooth=0|singular=0
RECORD|index=13457|total=1|smooth=1|singular=0
RECORD|index=13458|total=2|smooth=2|singular=0
RECORD|index=13459|total=1|smooth=1|singular=0
RECORD|index=13460|total=0|smooth=0|singular=0
RECORD|index=13461|total=1|smooth=1|singular=0
RECORD|index=13462|total=1|smooth=1|singular=0
RECORD|index=13463|total=3|smooth=3|singular=0
RECORD|index=13464|total=2|smooth=2|singular=0
RECORD|index=13465|total=4|smooth=4|singular=0
RECORD|index=13466|total=2|smooth=2|singular=0
RECORD|index=13467|total=1|smooth=1|singular=0
RECORD|index=13468|total=0|smooth=0|singular=0
RECORD|index=13469|total=0|smooth=0|singular=0
RECORD|index=13470|total=0|smooth=0|singular=0
RECORD|index=13471|total=0|smooth=0|singular=0
RECORD|index=13472|total=2|smooth=2|singular=0
RECORD|index=13473|total=3|smooth=3|singular=0
RECORD|index=13474|total=2|smooth=2|singular=0
RECORD|index=13475|total=2|smooth=2|singular=0
RECORD|index=13476|total=0|smooth=0|singular=0
RECORD|index=13477|total=2|smooth=2|singular=0
RECORD|index=13478|total=2|smooth=2|singular=0
RECORD|index=13479|total=2|smooth=2|singular=0
RECORD|index=13480|total=0|smooth=0|singular=0
RECORD|index=13481|total=0|smooth=0|singular=0
RECORD|index=13482|total=1|smooth=1|singular=0
RECORD|index=13483|total=2|smooth=2|singular=0
RECORD|index=13484|total=1|smooth=1|singular=0
RECORD|index=13485|total=0|smooth=0|singular=0
RECORD|index=13486|total=1|smooth=1|singular=0
RECORD|index=13487|total=0|smooth=0|singular=0
RECORD|index=13488|total=1|smooth=1|singular=0
RECORD|index=13489|total=3|smooth=3|singular=0
RECORD|index=13490|total=1|smooth=1|singular=0
RECORD|index=13491|total=0|smooth=0|singular=0
RECORD|index=13492|total=1|smooth=1|singular=0
RECORD|index=13493|total=2|smooth=2|singular=0
RECORD|index=13494|total=0|smooth=0|singular=0
RECORD|index=13495|total=0|smooth=0|singular=0
RECORD|index=13496|total=0|smooth=0|singular=0
RECORD|index=13497|total=3|smooth=3|singular=0
RECORD|index=13498|total=2|smooth=2|singular=0
RECORD|index=13499|total=2|smooth=2|singular=0
RECORD|index=13500|total=1|smooth=1|singular=0
RECORD|index=13501|total=0|smooth=0|singular=0
RECORD|index=13502|total=0|smooth=0|singular=0
RECORD|index=13503|total=1|smooth=1|singular=0
RECORD|index=13504|total=0|smooth=0|singular=0
RECORD|index=13505|total=2|smooth=2|singular=0
RECORD|index=13506|total=1|smooth=1|singular=0
RECORD|index=13507|total=0|smooth=0|singular=0
RECORD|index=13508|total=1|smooth=1|singular=0
RECORD|index=13509|total=0|smooth=0|singular=0
RECORD|index=13510|total=1|smooth=1|singular=0
RECORD|index=13511|total=1|smooth=1|singular=0
RECORD|index=13512|total=3|smooth=3|singular=0
RECORD|index=13513|total=3|smooth=3|singular=0
RECORD|index=13514|total=3|smooth=3|singular=0
RECORD|index=13515|total=2|smooth=2|singular=0
RECORD|index=13516|total=0|smooth=0|singular=0
RECORD|index=13517|total=1|smooth=1|singular=0
RECORD|index=13518|total=1|smooth=1|singular=0
RECORD|index=13519|total=1|smooth=1|singular=0
RECORD|index=13520|total=0|smooth=0|singular=0
RECORD|index=13521|total=0|smooth=0|singular=0
RECORD|index=13522|total=2|smooth=2|singular=0
RECORD|index=13523|total=1|smooth=1|singular=0
RECORD|index=13524|total=0|smooth=0|singular=0
RECORD|index=13525|total=0|smooth=0|singular=0
RECORD|index=13526|total=0|smooth=0|singular=0
RECORD|index=13527|total=1|smooth=1|singular=0
RECORD|index=13528|total=1|smooth=1|singular=0
RECORD|index=13529|total=2|smooth=2|singular=0
RECORD|index=13530|total=1|smooth=1|singular=0
RECORD|index=13531|total=4|smooth=4|singular=0
RECORD|index=13532|total=1|smooth=1|singular=0
RECORD|index=13533|total=1|smooth=1|singular=0
RECORD|index=13534|total=3|smooth=3|singular=0
RECORD|index=13535|total=0|smooth=0|singular=0
RECORD|index=13536|total=1|smooth=1|singular=0
RECORD|index=13537|total=0|smooth=0|singular=0
RECORD|index=13538|total=1|smooth=1|singular=0
RECORD|index=13539|total=0|smooth=0|singular=0
RECORD|index=13540|total=2|smooth=2|singular=0
RECORD|index=13541|total=1|smooth=1|singular=0
RECORD|index=13542|total=0|smooth=0|singular=0
RECORD|index=13543|total=1|smooth=1|singular=0
RECORD|index=13544|total=2|smooth=2|singular=0
RECORD|index=13545|total=1|smooth=1|singular=0
RECORD|index=13546|total=0|smooth=0|singular=0
RECORD|index=13547|total=0|smooth=0|singular=0
RECORD|index=13548|total=3|smooth=3|singular=0
RECORD|index=13549|total=1|smooth=1|singular=0
RECORD|index=13550|total=3|smooth=3|singular=0
RECORD|index=13551|total=2|smooth=2|singular=0
RECORD|index=13552|total=0|smooth=0|singular=0
RECORD|index=13553|total=1|smooth=1|singular=0
RECORD|index=13554|total=0|smooth=0|singular=0
RECORD|index=13555|total=1|smooth=1|singular=0
RECORD|index=13556|total=0|smooth=0|singular=0
RECORD|index=13557|total=0|smooth=0|singular=0
RECORD|index=13558|total=1|smooth=1|singular=0
RECORD|index=13559|total=1|smooth=1|singular=0
RECORD|index=13560|total=2|smooth=2|singular=0
RECORD|index=13561|total=1|smooth=1|singular=0
RECORD|index=13562|total=1|smooth=1|singular=0
RECORD|index=13563|total=0|smooth=0|singular=0
RECORD|index=13564|total=0|smooth=0|singular=0
RECORD|index=13565|total=1|smooth=1|singular=0
RECORD|index=13566|total=0|smooth=0|singular=0
RECORD|index=13567|total=3|smooth=3|singular=0
RECORD|index=13568|total=1|smooth=1|singular=0
RECORD|index=13569|total=1|smooth=1|singular=0
RECORD|index=13570|total=0|smooth=0|singular=0
RECORD|index=13571|total=1|smooth=1|singular=0
RECORD|index=13572|total=2|smooth=2|singular=0
RECORD|index=13573|total=1|smooth=1|singular=0
RECORD|index=13574|total=0|smooth=0|singular=0
RECORD|index=13575|total=1|smooth=1|singular=0
RECORD|index=13576|total=3|smooth=3|singular=0
RECORD|index=13577|total=0|smooth=0|singular=0
RECORD|index=13578|total=1|smooth=1|singular=0
RECORD|index=13579|total=1|smooth=1|singular=0
RECORD|index=13580|total=0|smooth=0|singular=0
RECORD|index=13581|total=1|smooth=1|singular=0
RECORD|index=13582|total=0|smooth=0|singular=0
RECORD|index=13583|total=1|smooth=1|singular=0
RECORD|index=13584|total=2|smooth=2|singular=0
RECORD|index=13585|total=1|smooth=1|singular=0
RECORD|index=13586|total=0|smooth=0|singular=0
RECORD|index=13587|total=0|smooth=0|singular=0
RECORD|index=13588|total=0|smooth=0|singular=0
RECORD|index=13589|total=0|smooth=0|singular=0
RECORD|index=13590|total=0|smooth=0|singular=0
RECORD|index=13591|total=2|smooth=2|singular=0
RECORD|index=13592|total=1|smooth=1|singular=0
RECORD|index=13593|total=3|smooth=3|singular=0
RECORD|index=13594|total=0|smooth=0|singular=0
RECORD|index=13595|total=1|smooth=1|singular=0
RECORD|index=13596|total=0|smooth=0|singular=0
RECORD|index=13597|total=1|smooth=1|singular=0
RECORD|index=13598|total=0|smooth=0|singular=0
RECORD|index=13599|total=1|smooth=1|singular=0
RECORD|index=13600|total=1|smooth=1|singular=0
RECORD|index=13601|total=0|smooth=0|singular=0
RECORD|index=13602|total=2|smooth=2|singular=0
RECORD|index=13603|total=1|smooth=1|singular=0
RECORD|index=13604|total=1|smooth=1|singular=0
RECORD|index=13605|total=0|smooth=0|singular=0
RECORD|index=13606|total=0|smooth=0|singular=0
RECORD|index=13607|total=1|smooth=1|singular=0
RECORD|index=13608|total=0|smooth=0|singular=0
RECORD|index=13609|total=0|smooth=0|singular=0
RECORD|index=13610|total=0|smooth=0|singular=0
RECORD|index=13611|total=1|smooth=1|singular=0
RECORD|index=13612|total=2|smooth=2|singular=0
RECORD|index=13613|total=2|smooth=2|singular=0
RECORD|index=13614|total=5|smooth=5|singular=0
RECORD|index=13615|total=1|smooth=1|singular=0
RECORD|index=13616|total=0|smooth=0|singular=0
RECORD|index=13617|total=0|smooth=0|singular=0
RECORD|index=13618|total=1|smooth=1|singular=0
RECORD|index=13619|total=0|smooth=0|singular=0
RECORD|index=13620|total=1|smooth=1|singular=0
RECORD|index=13621|total=2|smooth=2|singular=0
RECORD|index=13622|total=1|smooth=1|singular=0
RECORD|index=13623|total=1|smooth=1|singular=0
RECORD|index=13624|total=0|smooth=0|singular=0
RECORD|index=13625|total=1|smooth=1|singular=0
RECORD|index=13626|total=1|smooth=1|singular=0
RECORD|index=13627|total=0|smooth=0|singular=0
RECORD|index=13628|total=1|smooth=1|singular=0
RECORD|index=13629|total=0|smooth=0|singular=0
RECORD|index=13630|total=0|smooth=0|singular=0
RECORD|index=13631|total=1|smooth=1|singular=0
RECORD|index=13632|total=0|smooth=0|singular=0
RECORD|index=13633|total=3|smooth=3|singular=0
RECORD|index=13634|total=0|smooth=0|singular=0
RECORD|index=13635|total=1|smooth=1|singular=0
RECORD|index=13636|total=1|smooth=1|singular=0
RECORD|index=13637|total=1|smooth=1|singular=0
RECORD|index=13638|total=0|smooth=0|singular=0
RECORD|index=13639|total=1|smooth=1|singular=0
RECORD|index=13640|total=1|smooth=1|singular=0
RECORD|index=13641|total=2|smooth=2|singular=0
RECORD|index=13642|total=3|smooth=3|singular=0
RECORD|index=13643|total=2|smooth=2|singular=0
RECORD|index=13644|total=1|smooth=1|singular=0
RECORD|index=13645|total=3|smooth=3|singular=0
RECORD|index=13646|total=0|smooth=0|singular=0
RECORD|index=13647|total=0|smooth=0|singular=0
RECORD|index=13648|total=1|smooth=1|singular=0
RECORD|index=13649|total=0|smooth=0|singular=0
RECORD|index=13650|total=2|smooth=2|singular=0
RECORD|index=13651|total=1|smooth=1|singular=0
RECORD|index=13652|total=0|smooth=0|singular=0
RECORD|index=13653|total=2|smooth=2|singular=0
RECORD|index=13654|total=0|smooth=0|singular=0
RECORD|index=13655|total=3|smooth=3|singular=0
RECORD|index=13656|total=2|smooth=2|singular=0
RECORD|index=13657|total=0|smooth=0|singular=0
RECORD|index=13658|total=2|smooth=2|singular=0
RECORD|index=13659|total=2|smooth=2|singular=0
RECORD|index=13660|total=0|smooth=0|singular=0
RECORD|index=13661|total=0|smooth=0|singular=0
RECORD|index=13662|total=2|smooth=2|singular=0
RECORD|index=13663|total=1|smooth=1|singular=0
RECORD|index=13664|total=0|smooth=0|singular=0
RECORD|index=13665|total=2|smooth=2|singular=0
RECORD|index=13666|total=0|smooth=0|singular=0
RECORD|index=13667|total=0|smooth=0|singular=0
RECORD|index=13668|total=0|smooth=0|singular=0
RECORD|index=13669|total=2|smooth=2|singular=0
RECORD|index=13670|total=1|smooth=1|singular=0
RECORD|index=13671|total=0|smooth=0|singular=0
RECORD|index=13672|total=0|smooth=0|singular=0
RECORD|index=13673|total=1|smooth=1|singular=0
RECORD|index=13674|total=3|smooth=3|singular=0
RECORD|index=13675|total=3|smooth=3|singular=0
RECORD|index=13676|total=2|smooth=2|singular=0
RECORD|index=13677|total=1|smooth=1|singular=0
RECORD|index=13678|total=1|smooth=1|singular=0
RECORD|index=13679|total=1|smooth=1|singular=0
RECORD|index=13680|total=0|smooth=0|singular=0
RECORD|index=13681|total=1|smooth=1|singular=0
RECORD|index=13682|total=2|smooth=2|singular=0
RECORD|index=13683|total=1|smooth=1|singular=0
RECORD|index=13684|total=0|smooth=0|singular=0
RECORD|index=13685|total=0|smooth=0|singular=0
RECORD|index=13686|total=0|smooth=0|singular=0
RECORD|index=13687|total=1|smooth=1|singular=0
RECORD|index=13688|total=2|smooth=2|singular=0
RECORD|index=13689|total=2|smooth=2|singular=0
RECORD|index=13690|total=0|smooth=0|singular=0
RECORD|index=13691|total=0|smooth=0|singular=0
RECORD|index=13692|total=0|smooth=0|singular=0
RECORD|index=13693|total=2|smooth=2|singular=0
RECORD|index=13694|total=0|smooth=0|singular=0
RECORD|index=13695|total=2|smooth=2|singular=0
RECORD|index=13696|total=1|smooth=1|singular=0
RECORD|index=13697|total=1|smooth=1|singular=0
RECORD|index=13698|total=1|smooth=1|singular=0
RECORD|index=13699|total=1|smooth=1|singular=0
RECORD|index=13700|total=1|smooth=1|singular=0
RECORD|index=13701|total=1|smooth=1|singular=0
RECORD|index=13702|total=0|smooth=0|singular=0
RECORD|index=13703|total=3|smooth=3|singular=0
RECORD|index=13704|total=0|smooth=0|singular=0
RECORD|index=13705|total=0|smooth=0|singular=0
RECORD|index=13706|total=0|smooth=0|singular=0
RECORD|index=13707|total=1|smooth=1|singular=0
RECORD|index=13708|total=1|smooth=1|singular=0
RECORD|index=13709|total=3|smooth=3|singular=0
RECORD|index=13710|total=2|smooth=2|singular=0
RECORD|index=13711|total=1|smooth=1|singular=0
RECORD|index=13712|total=2|smooth=2|singular=0
RECORD|index=13713|total=3|smooth=3|singular=0
RECORD|index=13714|total=1|smooth=1|singular=0
RECORD|index=13715|total=1|smooth=1|singular=0
RECORD|index=13716|total=0|smooth=0|singular=0
RECORD|index=13717|total=2|smooth=2|singular=0
RECORD|index=13718|total=1|smooth=1|singular=0
RECORD|index=13719|total=1|smooth=1|singular=0
RECORD|index=13720|total=1|smooth=1|singular=0
RECORD|index=13721|total=0|smooth=0|singular=0
RECORD|index=13722|total=0|smooth=0|singular=0
RECORD|index=13723|total=0|smooth=0|singular=0
RECORD|index=13724|total=0|smooth=0|singular=0
RECORD|index=13725|total=0|smooth=0|singular=0
RECORD|index=13726|total=2|smooth=2|singular=0
RECORD|index=13727|total=2|smooth=2|singular=0
RECORD|index=13728|total=0|smooth=0|singular=0
RECORD|index=13729|total=0|smooth=0|singular=0
RECORD|index=13730|total=0|smooth=0|singular=0
RECORD|index=13731|total=2|smooth=2|singular=0
RECORD|index=13732|total=1|smooth=1|singular=0
RECORD|index=13733|total=1|smooth=1|singular=0
RECORD|index=13734|total=0|smooth=0|singular=0
RECORD|index=13735|total=0|smooth=0|singular=0
RECORD|index=13736|total=0|smooth=0|singular=0
RECORD|index=13737|total=2|smooth=2|singular=0
RECORD|index=13738|total=2|smooth=2|singular=0
RECORD|index=13739|total=1|smooth=1|singular=0
RECORD|index=13740|total=0|smooth=0|singular=0
RECORD|index=13741|total=4|smooth=4|singular=0
RECORD|index=13742|total=1|smooth=1|singular=0
RECORD|index=13743|total=3|smooth=3|singular=0
RECORD|index=13744|total=0|smooth=0|singular=0
RECORD|index=13745|total=1|smooth=1|singular=0
RECORD|index=13746|total=2|smooth=2|singular=0
RECORD|index=13747|total=0|smooth=0|singular=0
RECORD|index=13748|total=1|smooth=1|singular=0
RECORD|index=13749|total=1|smooth=1|singular=0
RECORD|index=13750|total=0|smooth=0|singular=0
RECORD|index=13751|total=1|smooth=1|singular=0
RECORD|index=13752|total=0|smooth=0|singular=0
RECORD|index=13753|total=0|smooth=0|singular=0
RECORD|index=13754|total=0|smooth=0|singular=0
RECORD|index=13755|total=3|smooth=3|singular=0
RECORD|index=13756|total=0|smooth=0|singular=0
RECORD|index=13757|total=0|smooth=0|singular=0
RECORD|index=13758|total=0|smooth=0|singular=0
RECORD|index=13759|total=0|smooth=0|singular=0
RECORD|index=13760|total=0|smooth=0|singular=0
RECORD|index=13761|total=3|smooth=3|singular=0
RECORD|index=13762|total=1|smooth=1|singular=0
RECORD|index=13763|total=0|smooth=0|singular=0
RECORD|index=13764|total=1|smooth=1|singular=0
RECORD|index=13765|total=0|smooth=0|singular=0
RECORD|index=13766|total=1|smooth=1|singular=0
RECORD|index=13767|total=1|smooth=1|singular=0
RECORD|index=13768|total=3|smooth=3|singular=0
RECORD|index=13769|total=1|smooth=1|singular=0
RECORD|index=13770|total=0|smooth=0|singular=0
RECORD|index=13771|total=0|smooth=0|singular=0
RECORD|index=13772|total=1|smooth=1|singular=0
RECORD|index=13773|total=0|smooth=0|singular=0
RECORD|index=13774|total=2|smooth=2|singular=0
RECORD|index=13775|total=1|smooth=1|singular=0
RECORD|index=13776|total=2|smooth=2|singular=0
RECORD|index=13777|total=2|smooth=2|singular=0
RECORD|index=13778|total=1|smooth=1|singular=0
RECORD|index=13779|total=0|smooth=0|singular=0
RECORD|index=13780|total=2|smooth=2|singular=0
RECORD|index=13781|total=1|smooth=1|singular=0
RECORD|index=13782|total=3|smooth=3|singular=0
RECORD|index=13783|total=1|smooth=1|singular=0
RECORD|index=13784|total=1|smooth=1|singular=0
RECORD|index=13785|total=0|smooth=0|singular=0
RECORD|index=13786|total=1|smooth=1|singular=0
RECORD|index=13787|total=0|smooth=0|singular=0
RECORD|index=13788|total=1|smooth=1|singular=0
RECORD|index=13789|total=2|smooth=2|singular=0
RECORD|index=13790|total=0|smooth=0|singular=0
RECORD|index=13791|total=0|smooth=0|singular=0
RECORD|index=13792|total=0|smooth=0|singular=0
RECORD|index=13793|total=1|smooth=1|singular=0
RECORD|index=13794|total=0|smooth=0|singular=0
RECORD|index=13795|total=0|smooth=0|singular=0
RECORD|index=13796|total=2|smooth=2|singular=0
RECORD|index=13797|total=1|smooth=1|singular=0
RECORD|index=13798|total=2|smooth=2|singular=0
RECORD|index=13799|total=0|smooth=0|singular=0
RECORD|index=13800|total=0|smooth=0|singular=0
RECORD|index=13801|total=1|smooth=1|singular=0
RECORD|index=13802|total=1|smooth=1|singular=0
RECORD|index=13803|total=0|smooth=0|singular=0
RECORD|index=13804|total=0|smooth=0|singular=0
RECORD|index=13805|total=1|smooth=1|singular=0
RECORD|index=13806|total=1|smooth=1|singular=0
RECORD|index=13807|total=2|smooth=2|singular=0
RECORD|index=13808|total=0|smooth=0|singular=0
RECORD|index=13809|total=2|smooth=2|singular=0
RECORD|index=13810|total=0|smooth=0|singular=0
RECORD|index=13811|total=2|smooth=2|singular=0
RECORD|index=13812|total=1|smooth=1|singular=0
RECORD|index=13813|total=3|smooth=3|singular=0
RECORD|index=13814|total=0|smooth=0|singular=0
RECORD|index=13815|total=1|smooth=1|singular=0
RECORD|index=13816|total=1|smooth=1|singular=0
RECORD|index=13817|total=1|smooth=1|singular=0
RECORD|index=13818|total=0|smooth=0|singular=0
RECORD|index=13819|total=0|smooth=0|singular=0
RECORD|index=13820|total=1|smooth=1|singular=0
RECORD|index=13821|total=0|smooth=0|singular=0
RECORD|index=13822|total=1|smooth=1|singular=0
RECORD|index=13823|total=2|smooth=2|singular=0
RECORD|index=13824|total=1|smooth=1|singular=0
RECORD|index=13825|total=2|smooth=2|singular=0
RECORD|index=13826|total=3|smooth=3|singular=0
RECORD|index=13827|total=0|smooth=0|singular=0
RECORD|index=13828|total=0|smooth=0|singular=0
RECORD|index=13829|total=1|smooth=1|singular=0
RECORD|index=13830|total=1|smooth=1|singular=0
RECORD|index=13831|total=2|smooth=2|singular=0
RECORD|index=13832|total=2|smooth=2|singular=0
RECORD|index=13833|total=1|smooth=1|singular=0
RECORD|index=13834|total=0|smooth=0|singular=0
RECORD|index=13835|total=0|smooth=0|singular=0
RECORD|index=13836|total=0|smooth=0|singular=0
RECORD|index=13837|total=0|smooth=0|singular=0
RECORD|index=13838|total=2|smooth=2|singular=0
RECORD|index=13839|total=2|smooth=2|singular=0
RECORD|index=13840|total=0|smooth=0|singular=0
RECORD|index=13841|total=0|smooth=0|singular=0
RECORD|index=13842|total=0|smooth=0|singular=0
RECORD|index=13843|total=1|smooth=1|singular=0
RECORD|index=13844|total=0|smooth=0|singular=0
RECORD|index=13845|total=0|smooth=0|singular=0
RECORD|index=13846|total=0|smooth=0|singular=0
RECORD|index=13847|total=1|smooth=1|singular=0
RECORD|index=13848|total=0|smooth=0|singular=0
RECORD|index=13849|total=2|smooth=2|singular=0
RECORD|index=13850|total=1|smooth=1|singular=0
RECORD|index=13851|total=2|smooth=2|singular=0
RECORD|index=13852|total=0|smooth=0|singular=0
RECORD|index=13853|total=1|smooth=1|singular=0
RECORD|index=13854|total=1|smooth=1|singular=0
RECORD|index=13855|total=2|smooth=2|singular=0
RECORD|index=13856|total=2|smooth=2|singular=0
RECORD|index=13857|total=2|smooth=2|singular=0
RECORD|index=13858|total=0|smooth=0|singular=0
RECORD|index=13859|total=1|smooth=1|singular=0
RECORD|index=13860|total=1|smooth=1|singular=0
RECORD|index=13861|total=1|smooth=1|singular=0
RECORD|index=13862|total=0|smooth=0|singular=0
RECORD|index=13863|total=0|smooth=0|singular=0
RECORD|index=13864|total=1|smooth=1|singular=0
RECORD|index=13865|total=1|smooth=1|singular=0
RECORD|index=13866|total=0|smooth=0|singular=0
RECORD|index=13867|total=0|smooth=0|singular=0
RECORD|index=13868|total=0|smooth=0|singular=0
RECORD|index=13869|total=0|smooth=0|singular=0
RECORD|index=13870|total=1|smooth=1|singular=0
RECORD|index=13871|total=3|smooth=3|singular=0
RECORD|index=13872|total=0|smooth=0|singular=0
RECORD|index=13873|total=0|smooth=0|singular=0
RECORD|index=13874|total=2|smooth=2|singular=0
RECORD|index=13875|total=2|smooth=2|singular=0
RECORD|index=13876|total=0|smooth=0|singular=0
RECORD|index=13877|total=3|smooth=3|singular=0
RECORD|index=13878|total=0|smooth=0|singular=0
RECORD|index=13879|total=0|smooth=0|singular=0
RECORD|index=13880|total=2|smooth=2|singular=0
RECORD|index=13881|total=2|smooth=2|singular=0
RECORD|index=13882|total=0|smooth=0|singular=0
RECORD|index=13883|total=2|smooth=2|singular=0
RECORD|index=13884|total=0|smooth=0|singular=0
RECORD|index=13885|total=0|smooth=0|singular=0
RECORD|index=13886|total=3|smooth=3|singular=0
RECORD|index=13887|total=0|smooth=0|singular=0
RECORD|index=13888|total=2|smooth=2|singular=0
RECORD|index=13889|total=1|smooth=1|singular=0
RECORD|index=13890|total=2|smooth=2|singular=0
RECORD|index=13891|total=1|smooth=1|singular=0
RECORD|index=13892|total=2|smooth=2|singular=0
RECORD|index=13893|total=0|smooth=0|singular=0
RECORD|index=13894|total=4|smooth=4|singular=0
RECORD|index=13895|total=0|smooth=0|singular=0
RECORD|index=13896|total=0|smooth=0|singular=0
RECORD|index=13897|total=0|smooth=0|singular=0
RECORD|index=13898|total=0|smooth=0|singular=0
RECORD|index=13899|total=3|smooth=3|singular=0
RECORD|index=13900|total=1|smooth=1|singular=0
RECORD|index=13901|total=1|smooth=1|singular=0
RECORD|index=13902|total=1|smooth=1|singular=0
RECORD|index=13903|total=0|smooth=0|singular=0
RECORD|index=13904|total=0|smooth=0|singular=0
RECORD|index=13905|total=3|smooth=3|singular=0
RECORD|index=13906|total=1|smooth=1|singular=0
RECORD|index=13907|total=1|smooth=1|singular=0
RECORD|index=13908|total=0|smooth=0|singular=0
RECORD|index=13909|total=0|smooth=0|singular=0
RECORD|index=13910|total=3|smooth=3|singular=0
RECORD|index=13911|total=2|smooth=2|singular=0
RECORD|index=13912|total=0|smooth=0|singular=0
RECORD|index=13913|total=0|smooth=0|singular=0
RECORD|index=13914|total=0|smooth=0|singular=0
RECORD|index=13915|total=0|smooth=0|singular=0
RECORD|index=13916|total=1|smooth=1|singular=0
RECORD|index=13917|total=0|smooth=0|singular=0
RECORD|index=13918|total=3|smooth=3|singular=0
RECORD|index=13919|total=2|smooth=2|singular=0
RECORD|index=13920|total=0|smooth=0|singular=0
RECORD|index=13921|total=2|smooth=2|singular=0
RECORD|index=13922|total=0|smooth=0|singular=0
RECORD|index=13923|total=0|smooth=0|singular=0
RECORD|index=13924|total=1|smooth=1|singular=0
RECORD|index=13925|total=1|smooth=1|singular=0
RECORD|index=13926|total=2|smooth=2|singular=0
RECORD|index=13927|total=1|smooth=1|singular=0
RECORD|index=13928|total=1|smooth=1|singular=0
RECORD|index=13929|total=1|smooth=1|singular=0
RECORD|index=13930|total=0|smooth=0|singular=0
RECORD|index=13931|total=0|smooth=0|singular=0
RECORD|index=13932|total=0|smooth=0|singular=0
RECORD|index=13933|total=0|smooth=0|singular=0
RECORD|index=13934|total=1|smooth=1|singular=0
RECORD|index=13935|total=0|smooth=0|singular=0
RECORD|index=13936|total=0|smooth=0|singular=0
RECORD|index=13937|total=0|smooth=0|singular=0
RECORD|index=13938|total=0|smooth=0|singular=0
RECORD|index=13939|total=2|smooth=2|singular=0
RECORD|index=13940|total=1|smooth=1|singular=0
RECORD|index=13941|total=0|smooth=0|singular=0
RECORD|index=13942|total=2|smooth=2|singular=0
RECORD|index=13943|total=0|smooth=0|singular=0
RECORD|index=13944|total=0|smooth=0|singular=0
RECORD|index=13945|total=1|smooth=1|singular=0
RECORD|index=13946|total=2|smooth=2|singular=0
RECORD|index=13947|total=1|smooth=1|singular=0
RECORD|index=13948|total=1|smooth=1|singular=0
RECORD|index=13949|total=0|smooth=0|singular=0
RECORD|index=13950|total=2|smooth=2|singular=0
RECORD|index=13951|total=0|smooth=0|singular=0
RECORD|index=13952|total=1|smooth=1|singular=0
RECORD|index=13953|total=0|smooth=0|singular=0
RECORD|index=13954|total=1|smooth=1|singular=0
RECORD|index=13955|total=2|smooth=2|singular=0
RECORD|index=13956|total=1|smooth=1|singular=0
RECORD|index=13957|total=1|smooth=1|singular=0
RECORD|index=13958|total=0|smooth=0|singular=0
RECORD|index=13959|total=1|smooth=1|singular=0
RECORD|index=13960|total=0|smooth=0|singular=0
RECORD|index=13961|total=1|smooth=1|singular=0
RECORD|index=13962|total=0|smooth=0|singular=0
RECORD|index=13963|total=1|smooth=1|singular=0
RECORD|index=13964|total=3|smooth=3|singular=0
RECORD|index=13965|total=1|smooth=1|singular=0
RECORD|index=13966|total=0|smooth=0|singular=0
RECORD|index=13967|total=0|smooth=0|singular=0
RECORD|index=13968|total=0|smooth=0|singular=0
RECORD|index=13969|total=1|smooth=1|singular=0
RECORD|index=13970|total=0|smooth=0|singular=0
RECORD|index=13971|total=0|smooth=0|singular=0
RECORD|index=13972|total=0|smooth=0|singular=0
RECORD|index=13973|total=3|smooth=3|singular=0
RECORD|index=13974|total=2|smooth=2|singular=0
RECORD|index=13975|total=2|smooth=2|singular=0
RECORD|index=13976|total=0|smooth=0|singular=0
RECORD|index=13977|total=2|smooth=2|singular=0
RECORD|index=13978|total=4|smooth=4|singular=0
RECORD|index=13979|total=0|smooth=0|singular=0
RECORD|index=13980|total=1|smooth=1|singular=0
RECORD|index=13981|total=1|smooth=1|singular=0
RECORD|index=13982|total=0|smooth=0|singular=0
RECORD|index=13983|total=2|smooth=2|singular=0
RECORD|index=13984|total=2|smooth=2|singular=0
RECORD|index=13985|total=2|smooth=2|singular=0
RECORD|index=13986|total=2|smooth=2|singular=0
RECORD|index=13987|total=2|smooth=2|singular=0
RECORD|index=13988|total=2|smooth=2|singular=0
RECORD|index=13989|total=0|smooth=0|singular=0
RECORD|index=13990|total=2|smooth=2|singular=0
RECORD|index=13991|total=0|smooth=0|singular=0
RECORD|index=13992|total=1|smooth=1|singular=0
RECORD|index=13993|total=2|smooth=2|singular=0
RECORD|index=13994|total=1|smooth=1|singular=0
RECORD|index=13995|total=0|smooth=0|singular=0
RECORD|index=13996|total=3|smooth=3|singular=0
RECORD|index=13997|total=1|smooth=1|singular=0
RECORD|index=13998|total=1|smooth=1|singular=0
RECORD|index=13999|total=1|smooth=1|singular=0
RECORD|index=14000|total=1|smooth=1|singular=0
RECORD|index=14001|total=1|smooth=1|singular=0
RECORD|index=14002|total=1|smooth=1|singular=0
RECORD|index=14003|total=1|smooth=1|singular=0
RECORD|index=14004|total=2|smooth=2|singular=0
RECORD|index=14005|total=0|smooth=0|singular=0
RECORD|index=14006|total=1|smooth=1|singular=0
RECORD|index=14007|total=1|smooth=1|singular=0
RECORD|index=14008|total=1|smooth=1|singular=0
RECORD|index=14009|total=0|smooth=0|singular=0
RECORD|index=14010|total=1|smooth=1|singular=0
RECORD|index=14011|total=1|smooth=1|singular=0
RECORD|index=14012|total=1|smooth=1|singular=0
RECORD|index=14013|total=0|smooth=0|singular=0
RECORD|index=14014|total=0|smooth=0|singular=0
RECORD|index=14015|total=1|smooth=1|singular=0
RECORD|index=14016|total=5|smooth=5|singular=0
RECORD|index=14017|total=2|smooth=2|singular=0
RECORD|index=14018|total=2|smooth=2|singular=0
RECORD|index=14019|total=1|smooth=1|singular=0
RECORD|index=14020|total=0|smooth=0|singular=0
RECORD|index=14021|total=2|smooth=2|singular=0
RECORD|index=14022|total=0|smooth=0|singular=0
RECORD|index=14023|total=0|smooth=0|singular=0
RECORD|index=14024|total=1|smooth=1|singular=0
RECORD|index=14025|total=1|smooth=1|singular=0
RECORD|index=14026|total=1|smooth=1|singular=0
RECORD|index=14027|total=0|smooth=0|singular=0
RECORD|index=14028|total=0|smooth=0|singular=0
RECORD|index=14029|total=0|smooth=0|singular=0
RECORD|index=14030|total=1|smooth=1|singular=0
RECORD|index=14031|total=2|smooth=2|singular=0
RECORD|index=14032|total=1|smooth=1|singular=0
RECORD|index=14033|total=2|smooth=2|singular=0
RECORD|index=14034|total=0|smooth=0|singular=0
RECORD|index=14035|total=0|smooth=0|singular=0
RECORD|index=14036|total=1|smooth=1|singular=0
RECORD|index=14037|total=0|smooth=0|singular=0
RECORD|index=14038|total=1|smooth=1|singular=0
RECORD|index=14039|total=0|smooth=0|singular=0
RECORD|index=14040|total=3|smooth=3|singular=0
RECORD|index=14041|total=1|smooth=1|singular=0
RECORD|index=14042|total=1|smooth=1|singular=0
RECORD|index=14043|total=2|smooth=2|singular=0
RECORD|index=14044|total=2|smooth=2|singular=0
RECORD|index=14045|total=0|smooth=0|singular=0
RECORD|index=14046|total=1|smooth=1|singular=0
RECORD|index=14047|total=2|smooth=2|singular=0
RECORD|index=14048|total=1|smooth=1|singular=0
RECORD|index=14049|total=2|smooth=2|singular=0
RECORD|index=14050|total=2|smooth=2|singular=0
RECORD|index=14051|total=2|smooth=2|singular=0
RECORD|index=14052|total=3|smooth=3|singular=0
RECORD|index=14053|total=2|smooth=2|singular=0
RECORD|index=14054|total=0|smooth=0|singular=0
RECORD|index=14055|total=0|smooth=0|singular=0
RECORD|index=14056|total=0|smooth=0|singular=0
RECORD|index=14057|total=0|smooth=0|singular=0
RECORD|index=14058|total=1|smooth=1|singular=0
RECORD|index=14059|total=0|smooth=0|singular=0
RECORD|index=14060|total=1|smooth=1|singular=0
RECORD|index=14061|total=0|smooth=0|singular=0
RECORD|index=14062|total=1|smooth=1|singular=0
RECORD|index=14063|total=1|smooth=1|singular=0
RECORD|index=14064|total=0|smooth=0|singular=0
RECORD|index=14065|total=2|smooth=2|singular=0
RECORD|index=14066|total=1|smooth=1|singular=0
RECORD|index=14067|total=1|smooth=1|singular=0
RECORD|index=14068|total=3|smooth=3|singular=0
RECORD|index=14069|total=1|smooth=1|singular=0
RECORD|index=14070|total=0|smooth=0|singular=0
RECORD|index=14071|total=0|smooth=0|singular=0
RECORD|index=14072|total=0|smooth=0|singular=0
RECORD|index=14073|total=1|smooth=1|singular=0
RECORD|index=14074|total=1|smooth=1|singular=0
RECORD|index=14075|total=0|smooth=0|singular=0
RECORD|index=14076|total=2|smooth=2|singular=0
RECORD|index=14077|total=1|smooth=1|singular=0
RECORD|index=14078|total=2|smooth=2|singular=0
RECORD|index=14079|total=2|smooth=2|singular=0
RECORD|index=14080|total=1|smooth=1|singular=0
RECORD|index=14081|total=1|smooth=1|singular=0
RECORD|index=14082|total=0|smooth=0|singular=0
RECORD|index=14083|total=0|smooth=0|singular=0
RECORD|index=14084|total=2|smooth=2|singular=0
RECORD|index=14085|total=1|smooth=1|singular=0
RECORD|index=14086|total=1|smooth=1|singular=0
RECORD|index=14087|total=2|smooth=2|singular=0
RECORD|index=14088|total=2|smooth=2|singular=0
RECORD|index=14089|total=0|smooth=0|singular=0
RECORD|index=14090|total=1|smooth=1|singular=0
RECORD|index=14091|total=0|smooth=0|singular=0
RECORD|index=14092|total=2|smooth=2|singular=0
RECORD|index=14093|total=2|smooth=2|singular=0
RECORD|index=14094|total=1|smooth=1|singular=0
RECORD|index=14095|total=3|smooth=3|singular=0
RECORD|index=14096|total=2|smooth=2|singular=0
RECORD|index=14097|total=1|smooth=1|singular=0
RECORD|index=14098|total=1|smooth=1|singular=0
RECORD|index=14099|total=1|smooth=1|singular=0
RECORD|index=14100|total=1|smooth=1|singular=0
RECORD|index=14101|total=1|smooth=1|singular=0
RECORD|index=14102|total=2|smooth=2|singular=0
RECORD|index=14103|total=1|smooth=1|singular=0
RECORD|index=14104|total=0|smooth=0|singular=0
RECORD|index=14105|total=1|smooth=1|singular=0
RECORD|index=14106|total=0|smooth=0|singular=0
RECORD|index=14107|total=1|smooth=1|singular=0
RECORD|index=14108|total=2|smooth=2|singular=0
RECORD|index=14109|total=0|smooth=0|singular=0
RECORD|index=14110|total=1|smooth=1|singular=0
RECORD|index=14111|total=0|smooth=0|singular=0
SINGULAR_FQ2_SHARD_PASS
