producer=TD6-A3-Q2-CURVE-SOURCE-DAG-REPAIRED-V65
component=p3
q_beta=t+beta*t^2+t^25
direct_qprime_retained=false
source_p_boundary=t^15_fixed
source_dead_stretch=0_fixed
source_F1_orbit=frozen
source_pole_scale_and_data=frozen
weighted_scaling_used=false
scope=function_field_of_exact_printed_component
p3_transport rows=0;pivots=1;events=0;chart_degree=0
p3_transport rows=250;pivots=251;events=0;chart_degree=0
p3_transport rows=1500;pivots=684;events=0;chart_degree=0
p3_transport rows=1750;pivots=934;events=0;chart_degree=0
p3_transport rows=2000;pivots=1184;events=0;chart_degree=0
p3_transport rows=2250;pivots=1434;events=0;chart_degree=0
p3_transport rows=4750;pivots=1716;events=0;chart_degree=0
p3_transport rows=5000;pivots=1966;events=1;chart_degree=6
p3_transport rows=5250;pivots=2215;events=1;chart_degree=6
p3_transport rows=5500;pivots=2465;events=2;chart_degree=6
p3_transport rows=5750;pivots=2715;events=2;chart_degree=6
p3_transport rows=6000;pivots=2965;events=2;chart_degree=6
p3_transport rows=6250;pivots=3215;events=2;chart_degree=6
p3_transport rows=6500;pivots=3465;events=2;chart_degree=6
transport_rank=3470/3602
transport_event_count=2
transport_chart_summary=(6, 1, 'b9489dcce00449268ba05baa1026065c217cf2ef8deb7948c8aae19dc5bff420')
transport_beta_original_row_propagation=true
transport_x_and_pole_sections_exact=true
first_rank=38/132
first_dependent_count=0
first_pivot_digest=70edd473cc58fb01ab2b2a3b3aed4dc29db71ce370d401fbaf21efab6676aba1
first_original_row_replay=true
first_affine_parameterization_replay=true
previous_pole_rank=38/94
previous_pole_dependent_count=0
previous_pole_pivot_digest=58710918182b07db5d9a6b5279c13911055666def595fa123c99c32a9959241a
previous_pole_original_row_replay=true
previous_pole_affine_parameterization_replay=true
current_rank=25/56
current_dependent_count=10
current_pivot_digest=41d2f1f1b7d76c86db87aa7b2b4ea021908f58d7bd87668087a19557741c788f
current_original_row_replay=true
current_compatibility_count=10
N13_record_count=0
compatibility[0]_key=('X0', 0)
compatibility[0]_degree=0
compatibility[0]_sha256=2df775ef685ad4d88c69c4889a881e4c360654635c3a0b279e270b5042c42815
compatibility[0]_left_null_sha256=2f4e45331c8fef23bd33f4876cf8356d8d0b3d5f9fa66ba3d3459cc049729380
compatibility[1]_key=('X0', 4)
compatibility[1]_degree=0
compatibility[1]_sha256=4158d2d33c92639c178070081bf20ed9994aad938429ed7ef656a9b135e1cee9
compatibility[1]_left_null_sha256=fc434a0f529f867b6ed86c27bf902771523f063b389bcf66eb1d03f6d6f750f6
compatibility[2]_key=('X0', 5)
compatibility[2]_degree=0
compatibility[2]_sha256=d7f1647337962ba6b715be45c17dfd36c550fbbb8c6e86b238a869ebcadc00ee
compatibility[2]_left_null_sha256=6899da634d4a219d50846c8c84d222a067a626043974436dc165256c239666c2
compatibility[3]_key=('X0', 6)
compatibility[3]_degree=0
compatibility[3]_sha256=1b3da25d51d78fd9fbc6bd07a3d0601e6d8c074fdd387f2871a88744d5dea61b
compatibility[3]_left_null_sha256=623cd10298d3f318259e41717d4c5078f04cb550c7974e62cc33961789128086
compatibility[4]_key=('X0', 7)
compatibility[4]_degree=0
compatibility[4]_sha256=b17cf8fb85cae105cb4e2a75aeaad4a1467cc973cf7249603bd757c9269b6751
compatibility[4]_left_null_sha256=836267c8b0bef705fd790fa4728dc7d6bc482dff1f0900d972b1c8900dd3a48a
compatibility[5]_key=('X0', 8)
compatibility[5]_degree=0
compatibility[5]_sha256=8c92930620a6b09130306e46be4737cbd0c822510c4770644e10bc0069838ff7
compatibility[5]_left_null_sha256=94d0d70d90a3ee900b4eb83b29158a2b38212b46679f98ced77438eb44f5d502
compatibility[6]_key=('X0', 9)
compatibility[6]_degree=0
compatibility[6]_sha256=10e4a7288d0717449db2143a4a8befe5eb379c642c095493ff1fbd86732872b6
compatibility[6]_left_null_sha256=d94419261b64e08c7b07bafd5dfdb2eb29a0498e31fd97d3ba47853f6c4393cd
compatibility[7]_key=('X0', 10)
compatibility[7]_degree=0
compatibility[7]_sha256=0767e597fc6dd5e61a32d68ac6aafc837fb28b7063fb98b0df9b98cb1b05dc16
compatibility[7]_left_null_sha256=c1ddde29e20fc3b698daada4832074c270d7a1ea3967fee26fc8ee22aad74cfd
compatibility[8]_key=('X0', 11)
compatibility[8]_degree=0
compatibility[8]_sha256=ec210d9ebfd6989e013a9605ad4333a7990774b7eafd4673d91f6f4af8a6b7bc
compatibility[8]_left_null_sha256=a1608dccff5eff36bcf0494d64cdf506f41abd42b8a369babffabcb0b39a14aa
compatibility[9]_key=('X0', 12)
compatibility[9]_degree=0
compatibility[9]_sha256=3404bcd8d69fdab817cf62ab29bf898f7ee83d3a3e2893d2096b39b75b6c7381
compatibility[9]_left_null_sha256=04c9351afb972744461cf29f452c6ffe8541628b4c527a79b60a43193f55b92d
current_compatibility_original_row_replay=true
direct_qprime_omission_changes_N13=true
previous_raw_row_count_available=54
previous_raw_quadratic_row_count=36
quadratic_source_positive_control_key=('X-1', 0)
quadratic_source_positive_control_exact=true
arbitrary_degree_original_rows_preserved=true
