{
  "boot_status_code": "enabled-by-generator",
  "datasource": "ec2local",
  "detail": "DataSourceEc2Local",
  "errors": [],
  "extended_status": "done",
  "init": {
    "errors": [],
    "finished": 57.36,
    "recoverable_errors": {},
    "start": 55.52
  },
  "init-local": {
    "errors": [],
    "finished": 53.45,
    "recoverable_errors": {},
    "start": 51.1
  },
  "last_update": "Thu, 01 Jan 1970 00:01:00 +0000",
  "modules-config": {
    "errors": [],
    "finished": 58.5,
    "recoverable_errors": {},
    "start": 57.74
  },
  "modules-final": {
    "errors": [],
    "finished": 60.52,
    "recoverable_errors": {},
    "start": 60.26
  },
  "recoverable_errors": {},
  "stage": null,
  "status": "done"
}
Sun Sep 13 01:47:37 UTC 2026
ip-172-30-0-113
Amazon EC2
i-052458938409563d3
7fe794ce-6d60-4b81-b78f-995dc1ac182f
pid:[4026531836]
cgroup:[4026531835]
nobody:x:65534:65534:nobody:/nonexistent:/usr/sbin/nologin
nogroup:x:65534:
/usr/bin/python3.12
a92f0f95e883390c7256b2e441484aac06b1002dbe1d924141a77c8d82f96223  /usr/bin/python3.12
0 0 755 8025024 /usr/bin/python3.12
/usr/bin/setpriv
62ec0120791f3afcfb689fed52384ec2b0accc6e118a6b9a1d6fcfa7450aaf37  /usr/bin/setpriv
0 0 755 39304 /usr/bin/setpriv
/usr/bin/jq
59cfd58d7e470b103aede0e7589cfea929e45ee27f5471f08aa9676ac7bfc566  /usr/bin/jq
0 0 755 30872 /usr/bin/jq
/usr/bin/grep
20a35a4c18f2fe9e6305c1cbf866b9c0fcc3f957132ae66028c99ec353bb0a80  /usr/bin/grep
0 0 755 186824 /usr/bin/grep
/usr/bin/id
0e967a87e22a60b330c6dbdc7affe1dda41f342f14d20877725f0486d8777df2  /usr/bin/id
0 0 755 39432 /usr/bin/id
/usr/bin/sleep
8ac215ec4c1ce4a9c23a10cd3e5898d60419bdfab1ac7444d6bdd1690701de24  /usr/bin/sleep
0 0 755 35336 /usr/bin/sleep
/usr/lib/x86_64-linux-gnu/libpcre2-8.so.0.11.2
e00576d71d81d3ba0cfa4903c835a44a8723aac96f72f79ff75200b4cff9071b  /lib/x86_64-linux-gnu/libpcre2-8.so.0
0 0 644 625344 /lib/x86_64-linux-gnu/libpcre2-8.so.0
/usr/lib/x86_64-linux-gnu/libselinux.so.1
0ec0843463f90e227b0e138e1f379774f50b5514bd7f5dbd4c8a87aca0aa6670  /lib/x86_64-linux-gnu/libselinux.so.1
0 0 644 174472 /lib/x86_64-linux-gnu/libselinux.so.1
/usr/lib/x86_64-linux-gnu/libc.so.6
8db37cf3f2169f59a0f07ef1fea308c35656668c64c8ff294e1860f4121eb161  /lib/x86_64-linux-gnu/libc.so.6
0 0 755 2125328 /lib/x86_64-linux-gnu/libc.so.6
/usr/lib/x86_64-linux-gnu/ld-linux-x86-64.so.2
cd4df4f3c7b83673d61189bf2eaebd33ca4f2853ab9772b8a25e025ef99b1e81  /lib64/ld-linux-x86-64.so.2
0 0 755 236616 /lib64/ld-linux-x86-64.so.2
/usr/bin/grep:
	linux-vdso.so.1 (0x0000746701fa3000)
	libpcre2-8.so.0 => /lib/x86_64-linux-gnu/libpcre2-8.so.0 (0x0000746701ebb000)
	libc.so.6 => /lib/x86_64-linux-gnu/libc.so.6 (0x0000746701c00000)
	/lib64/ld-linux-x86-64.so.2 (0x0000746701fa5000)
/usr/bin/id:
	linux-vdso.so.1 (0x0000748f60fd5000)
	libselinux.so.1 => /lib/x86_64-linux-gnu/libselinux.so.1 (0x0000748f60f8e000)
	libc.so.6 => /lib/x86_64-linux-gnu/libc.so.6 (0x0000748f60c00000)
	libpcre2-8.so.0 => /lib/x86_64-linux-gnu/libpcre2-8.so.0 (0x0000748f60ef4000)
	/lib64/ld-linux-x86-64.so.2 (0x0000748f60fd7000)
/usr/bin/sleep:
	linux-vdso.so.1 (0x000077c12ffd8000)
	libc.so.6 => /lib/x86_64-linux-gnu/libc.so.6 (0x000077c12fc00000)
	/lib64/ld-linux-x86-64.so.2 (0x000077c12ffda000)
