first symbolic PASS
previous/pole symbolic PASS
{
  "compatibility": [
    {
      "key": [
        "X0",
        4
      ],
      "left_null_max_degree": 3,
      "left_null_sha256": "3f6bf56c0ae16e05f04395fb3f3a5a340e5af3d170324a636ad0665373ebe149",
      "left_null_support": 4,
      "numerator": {
        "coefficients": [
          "(2495634/3625)*S^0+(-4154976/3625)*S^1+(4405068/3625)*S^2+(-2488119/3625)*S^3+(761922/3625)*S^4+(-105084/3625)*S^5|(136875/29)*S^0|0",
          "(-4720/29)*S^0|0|0",
          "(11364/145)*S^0|0|0",
          "(-4096/145)*S^0|0|0",
          "(16/1)*S^0|0|0"
        ],
        "degree": 4,
        "sha256": "dd5c7e694153beebb9ae0f08408c7b2e8a209b9671a76ad20ba66cb601b8d1ad"
      },
      "row_index": 3
    },
    {
      "key": [
        "X0",
        5
      ],
      "left_null_max_degree": 3,
      "left_null_sha256": "46d40aebc9240cf19f2170f6137fd8955f718dc06b8a0c2559b23072fbd788cd",
      "left_null_support": 4,
      "numerator": {
        "coefficients": [
          "(-2249118/3625)*S^0+(4896342/3625)*S^1+(-5207526/3625)*S^2+(2876373/3625)*S^3+(-883134/3625)*S^4+(118188/3625)*S^5|(-182500/29)*S^0|0",
          "(5597168/3625)*S^0+(-8309952/3625)*S^1+(8810136/3625)*S^2+(-4976238/3625)*S^3+(1523844/3625)*S^4+(-210168/3625)*S^5|(273750/29)*S^0|0",
          "(-60032/145)*S^0|0|0",
          "(24168/145)*S^0|0|0",
          "(-8192/145)*S^0|0|0"
        ],
        "degree": 4,
        "sha256": "62b5c40223c0b422a987d5074e842e23b7f9bb32a94088e0d21cfecc65c560ac"
      },
      "row_index": 4
    },
    {
      "key": [
        "X0",
        6
      ],
      "left_null_max_degree": 3,
      "left_null_sha256": "d22ed3e43fe65ecbdaf4c5e270bf0f0cfbbff2f4ad8b68df424815460a316f4d",
      "left_null_support": 4,
      "numerator": {
        "coefficients": [
          "(-9474438/3625)*S^0+(11999367/3625)*S^1+(-12638466/3625)*S^2+(7166673/3625)*S^3+(-2192904/3625)*S^4+(307188/3625)*S^5|(-406250/29)*S^0|0",
          "(-2365036/3625)*S^0+(9792684/3625)*S^1+(-10415052/3625)*S^2+(5752746/3625)*S^3+(-1766268/3625)*S^4+(236376/3625)*S^5|(-365000/29)*S^0|0",
          "(16372/145)*S^0|0|0",
          "(-15168/145)*S^0|0|0",
          "(576/29)*S^0|0|0"
        ],
        "degree": 4,
        "sha256": "f25765d7afaed5d81ec7bb222207a6756fa54364cc56152b6786c5b29db557a9"
      },
      "row_index": 5
    },
    {
      "key": [
        "X0",
        7
      ],
      "left_null_max_degree": 3,
      "left_null_sha256": "896a851bec04548fb5be3849ed80925a67ee224160c6f7a63fb199d94cf6454a",
      "left_null_support": 4,
      "numerator": {
        "coefficients": [
          "(5475108/3625)*S^0+(-8691372/3625)*S^1+(9209691/3625)*S^2+(-5022768/3625)*S^3+(1551744/3625)*S^4+(-205848/3625)*S^5|(357500/29)*S^0|0",
          "(-20440276/3625)*S^0+(23998734/3625)*S^1+(-25276932/3625)*S^2+(14333346/3625)*S^3+(-4385808/3625)*S^4+(614376/3625)*S^5|(-812500/29)*S^0|0",
          "(198208/145)*S^0|0|0",
          "(-14008/29)*S^0|0|0",
          "(20992/145)*S^0|0|0"
        ],
        "degree": 4,
        "sha256": "105cb1ff3db5d6e36e9a094ff745c481b05a57b541ee12929c2a4b3dc493f062"
      },
      "row_index": 6
    },
    {
      "key": [
        "X0",
        8
      ],
      "left_null_max_degree": 3,
      "left_null_sha256": "5200d802a7bcbed53f4560cb600f2a9cd93f11305c6df4b91dcebcce6eb46b62",
      "left_null_support": 4,
      "numerator": {
        "coefficients": [
          "(12097983/3625)*S^0+(-15617007/3625)*S^1+(16440696/3625)*S^2+(-9320133/3625)*S^3+(2861964/3625)*S^4+(-404208/3625)*S^5|(538750/29)*S^0|0",
          "(8269816/3625)*S^0+(-17382744/3625)*S^1+(18419382/3625)*S^2+(-10045536/3625)*S^3+(3103488/3625)*S^4+(-411696/3625)*S^5|(715000/29)*S^0|0",
          "(-15684/29)*S^0|0|0",
          "(42304/145)*S^0|0|0",
          "(-2336/29)*S^0|0|0"
        ],
        "degree": 4,
        "sha256": "e3a7083f0df52cecdd8e1ff51b61de85e262a2b53cfd110f5215dbe0f201f402"
      },
      "row_index": 7
    },
    {
      "key": [
        "X0",
        9
      ],
      "left_null_max_degree": 3,
      "left_null_sha256": "c8627425bbaf91c5c83a9e71887b42a296a1fa39f7ce8ea844aad9ea856a2d94",
      "left_null_support": 4,
      "numerator": {
        "coefficients": [
          "(-1352258/3625)*S^0+(2270142/3625)*S^1+(-2477781/3625)*S^2+(1252323/3625)*S^3+(-421074/3625)*S^4+(51588/3625)*S^5|(-111250/29)*S^0|0",
          "(24655216/3625)*S^0+(-31234014/3625)*S^1+(32881392/3625)*S^2+(-18640266/3625)*S^3+(5723928/3625)*S^4+(-808416/3625)*S^5|(1077500/29)*S^0|0",
          "(-44864/29)*S^0|0|0",
          "(83736/145)*S^0|0|0",
          "(-5120/29)*S^0|0|0"
        ],
        "degree": 4,
        "sha256": "936ee036c2396784e7d24bbc2a50b9540c91c6e14f24d6831c923b51ab5387cd"
      },
      "row_index": 8
    },
    {
      "key": [
        "X0",
        10
      ],
      "left_null_max_degree": 3,
      "left_null_sha256": "4685d453befee3fb06a7a8e327dd380cff07b812c2097e81857d69b4c107f3ce",
      "left_null_support": 4,
      "numerator": {
        "coefficients": [
          "(-214296/125)*S^0+(287919/125)*S^1+(-303372/125)*S^2+(170736/125)*S^3+(-52758/125)*S^4+(7416/125)*S^5|(-10625/1)*S^0|0",
          "(-1324116/3625)*S^0+(4540284/3625)*S^1+(-4955562/3625)*S^2+(2504646/3625)*S^3+(-842148/3625)*S^4+(103176/3625)*S^5|(-222500/29)*S^0|0",
          "(13772/145)*S^0|0|0",
          "(-12352/145)*S^0|0|0",
          "(3904/145)*S^0|0|0"
        ],
        "degree": 4,
        "sha256": "314b6a7a8f81e1ac28270ab04afabe8d1beb89dca3fb3d07d1bb4248f02d2e15"
      },
      "row_index": 9
    },
    {
      "key": [
        "X0",
        11
      ],
      "left_null_max_degree": 3,
      "left_null_sha256": "cb8b6a969b855f24aaa7995d073ca5c17a7c9de6d9c83dccdae7a9c5abfa9144",
      "left_null_support": 4,
      "numerator": {
        "coefficients": [
          "(-374358/725)*S^0+(101214/145)*S^1+(-104562/145)*S^2+(59793/145)*S^3+(-17478/145)*S^4+(12636/725)*S^5|(-93750/29)*S^0|0",
          "(-12038168/3625)*S^0+(575838/125)*S^1+(-606744/125)*S^2+(341472/125)*S^3+(-105516/125)*S^4+(14832/125)*S^5|(-21250/1)*S^0|0",
          "(103872/145)*S^0|0|0",
          "(-43496/145)*S^0|0|0",
          "(512/5)*S^0|0|0"
        ],
        "degree": 4,
        "sha256": "10b3cf44d8794f83dbd2da9efb497bf656a9c1a358f7d34e1dbe8f80b9d9c5b0"
      },
      "row_index": 10
    },
    {
      "key": [
        "X0",
        12
      ],
      "left_null_max_degree": 3,
      "left_null_sha256": "44a2586b2e7db7d1afb587aa2289172ccce1b80e00dbad4e9a088719338bf381",
      "left_null_support": 4,
      "numerator": {
        "coefficients": [
          "(126/25)*S^0+(-171/25)*S^1+(72/25)*S^2+(-18/25)*S^3|0|0",
          "(-748716/725)*S^0+(202428/145)*S^1+(-209124/145)*S^2+(119586/145)*S^3+(-34956/145)*S^4+(25272/725)*S^5|(-187500/29)*S^0|0",
          "(6256/29)*S^0|0|0",
          "(-2624/29)*S^0|0|0",
          "(976/29)*S^0|0|0"
        ],
        "degree": 4,
        "sha256": "39ea7593593901fd25eb6902bc858fef0d09f835858cff062c05aae0348a4c59"
      },
      "row_index": 11
    },
    {
      "key": [
        "X0",
        13
      ],
      "left_null_max_degree": 0,
      "left_null_sha256": "e11690963661a8c978cdc4ef8741d4a242c5a7038a2e2402701209a911f8ffc3",
      "left_null_support": 1,
      "numerator": {
        "coefficients": [
          "0|0|0",
          "(252/25)*S^0+(-342/25)*S^1+(144/25)*S^2+(-36/25)*S^3|0|0"
        ],
        "degree": 1,
        "sha256": "49760d07f6b8527c6eee74a8f825413fb5fd83bfb832427602906a37cace6ea3"
      },
      "row_index": 12
    }
  ],
  "compatibility_gcd": {
    "coefficients": [
      "(1/1)*S^0|0|0"
    ],
    "degree": 0,
    "sha256": "832a8a790c1b7572ef7f3796644b3a6cb4c68225283f6e671494e23692ba68ef"
  },
  "degree_stats": {
    "current_rows": {
      "entry_max": 1,
      "rhs_max": 1
    },
    "first_rows": {
      "entry_max": 1,
      "rhs_max": 1
    },
    "forms56": {
      "constant_max": 1,
      "direction_max": 0
    },
    "forms94": {
      "constant_max": 1,
      "direction_max": 0
    },
    "previous_rows": {
      "entry_max": 1,
      "rhs_max": 1
    },
    "transport_bands": {
      "constant_max": 1,
      "direction_max": 0
    }
  },
  "pivot_count": 101,
  "pivot_exceptional_polynomial": {
    "coefficients": [
      "(1/1)*S^0|0|0"
    ],
    "degree": 0,
    "sha256": "832a8a790c1b7572ef7f3796644b3a6cb4c68225283f6e671494e23692ba68ef"
  },
  "pivot_factors": [
    {
      "factor": "(1/2)*S^0|0|0",
      "factor_sha256": "0f978721d91a0e04f91e650bbb73c5b026725fdaafd79a04c5ae62af656cee3d",
      "key": [
        "X-2",
        0
      ],
      "pivot": 0,
      "row_index": 0,
      "stage": "first"
    },
    {
      "factor": "(-1/1)*S^0|0|0",
      "factor_sha256": "658973e2c2c0543cfac58c5717ccb84cf1b1ce27d139a8abad1d4c1e7d8476c7",
      "key": [
        "X-2",
        1
      ],
      "pivot": 1,
      "row_index": 1,
      "stage": "first"
    },
    {
      "factor": "(3/1)*S^0|0|0",
      "factor_sha256": "f68b123706d1c8307a70c7bd19d4e6240072a8e600513ea38c7132efb5f986ab",
      "key": [
        "X-2",
        2
      ],
      "pivot": 2,
      "row_index": 2,
      "stage": "first"
    },
    {
      "factor": "(-1/1)*S^0|0|0",
      "factor_sha256": "658973e2c2c0543cfac58c5717ccb84cf1b1ce27d139a8abad1d4c1e7d8476c7",
      "key": [
        "X-2",
        3
      ],
      "pivot": 3,
      "row_index": 3,
      "stage": "first"
    },
    {
      "factor": "(12/1)*S^0|0|0",
      "factor_sha256": "cd2d0f2ac14e13f85f322048f10dc621bec92c007b021325fdd630de23118f06",
      "key": [
        "X-2",
        4
      ],
      "pivot": 4,
      "row_index": 4,
      "stage": "first"
    },
    {
      "factor": "(-25/9)*S^0|0|0",
      "factor_sha256": "59955405835504c538509cc2df766e957491f9453913f8cace05c8a527f3c783",
      "key": [
        "X-2",
        5
      ],
      "pivot": 5,
      "row_index": 5,
      "stage": "first"
    },
    {
      "factor": "(1/1)*S^0|0|0",
      "factor_sha256": "776cb99b82622abfb3bee0f118ce5c5d686e3c6e7abcb9b38df638fd6aa0fe1f",
      "key": [
        "X-2",
        6
      ],
      "pivot": 7,
      "row_index": 6,
      "stage": "first"
    },
    {
      "factor": "(1/1)*S^0|0|0",
      "factor_sha256": "776cb99b82622abfb3bee0f118ce5c5d686e3c6e7abcb9b38df638fd6aa0fe1f",
      "key": [
        "X-2",
        7
      ],
      "pivot": 10,
      "row_index": 7,
      "stage": "first"
    },
    {
      "factor": "(1/1)*S^0|0|0",
      "factor_sha256": "776cb99b82622abfb3bee0f118ce5c5d686e3c6e7abcb9b38df638fd6aa0fe1f",
      "key": [
        "X-2",
        8
      ],
      "pivot": 14,
      "row_index": 8,
      "stage": "first"
    },
    {
      "factor": "(1/1)*S^0|0|0",
      "factor_sha256": "776cb99b82622abfb3bee0f118ce5c5d686e3c6e7abcb9b38df638fd6aa0fe1f",
      "key": [
        "X-2",
        9
      ],
      "pivot": 19,
      "row_index": 9,
      "stage": "first"
    },
    {
      "factor": "(1/1)*S^0|0|0",
      "factor_sha256": "776cb99b82622abfb3bee0f118ce5c5d686e3c6e7abcb9b38df638fd6aa0fe1f",
      "key": [
        "X-2",
        10
      ],
      "pivot": 23,
      "row_index": 10,
      "stage": "first"
    },
    {
      "factor": "(1/1)*S^0|0|0",
      "factor_sha256": "776cb99b82622abfb3bee0f118ce5c5d686e3c6e7abcb9b38df638fd6aa0fe1f",
      "key": [
        "X-2",
        11
      ],
      "pivot": 26,
      "row_index": 11,
      "stage": "first"
    },
    {
      "factor": "(1/1)*S^0|0|0",
      "factor_sha256": "776cb99b82622abfb3bee0f118ce5c5d686e3c6e7abcb9b38df638fd6aa0fe1f",
      "key": [
        "X-2",
        12
      ],
      "pivot": 28,
      "row_index": 12,
      "stage": "first"
    },
    {
      "factor": "(1/1)*S^0|0|0",
      "factor_sha256": "776cb99b82622abfb3bee0f118ce5c5d686e3c6e7abcb9b38df638fd6aa0fe1f",
      "key": [
        "X-2",
        13
      ],
      "pivot": 29,
      "row_index": 13,
      "stage": "first"
    },
    {
      "factor": "(-15/2)*S^0|0|0",
      "factor_sha256": "f360e4247251da244bc226756a7942d15ce0f1058864e0ea4c8a1ca58024a339",
      "key": [
        "X-2",
        14
      ],
      "pivot": 31,
      "row_index": 14,
      "stage": "first"
    },
    {
      "factor": "(15/1)*S^0|0|0",
      "factor_sha256": "0e618cfbf5421dab561b4c9ba71822df705f31b7f8bca1699e5e4a2a67ebba41",
      "key": [
        "X-2",
        15
      ],
      "pivot": 30,
      "row_index": 15,
      "stage": "first"
    },
    {
      "factor": "(45/1)*S^0|0|0",
      "factor_sha256": "4a38ff56be7944bfa0f0336ed9309b3a8c87f09725a3e27ffcb4946d1e3e3e8f",
      "key": [
        "X-2",
        16
      ],
      "pivot": 32,
      "row_index": 16,
      "stage": "first"
    },
    {
      "factor": "(-100/1)*S^0|0|0",
      "factor_sha256": "8028d6252f3aee0c06ae6f8656d6c4d8635b92d2c9a9fc1acaee8573fc82e2a5",
      "key": [
        "X-2",
        17
      ],
      "pivot": 33,
      "row_index": 17,
      "stage": "first"
    },
    {
      "factor": "(-57/2)*S^0|0|0",
      "factor_sha256": "f83168b3ccfef1eca468ff862220aca278beedd9f5f1c628b2bbf7ba4ebfe75e",
      "key": [
        "X-2",
        18
      ],
      "pivot": 34,
      "row_index": 18,
      "stage": "first"
    },
    {
      "factor": "(-15/1)*S^0|0|0",
      "factor_sha256": "55a05dca7a5d2ba0e06eddad3590b4a476c0e965d37ee70a7157a13f24f697f8",
      "key": [
        "X-2",
        19
      ],
      "pivot": 35,
      "row_index": 19,
      "stage": "first"
    },
    {
      "factor": "(-15/1)*S^0|0|0",
      "factor_sha256": "55a05dca7a5d2ba0e06eddad3590b4a476c0e965d37ee70a7157a13f24f697f8",
      "key": [
        "X-2",
        20
      ],
      "pivot": 39,
      "row_index": 20,
      "stage": "first"
    },
    {
      "factor": "(-15/1)*S^0|0|0",
      "factor_sha256": "55a05dca7a5d2ba0e06eddad3590b4a476c0e965d37ee70a7157a13f24f697f8",
      "key": [
        "X-2",
        21
      ],
      "pivot": 42,
      "row_index": 21,
      "stage": "first"
    },
    {
      "factor": "(-15/1)*S^0|0|0",
      "factor_sha256": "55a05dca7a5d2ba0e06eddad3590b4a476c0e965d37ee70a7157a13f24f697f8",
      "key": [
        "X-2",
        22
      ],
      "pivot": 46,
      "row_index": 22,
      "stage": "first"
    },
    {
      "factor": "(-15/1)*S^0|0|0",
      "factor_sha256": "55a05dca7a5d2ba0e06eddad3590b4a476c0e965d37ee70a7157a13f24f697f8",
      "key": [
        "X-2",
        23
      ],
      "pivot": 52,
      "row_index": 23,
      "stage": "first"
    },
    {
      "factor": "(-15/1)*S^0|0|0",
      "factor_sha256": "55a05dca7a5d2ba0e06eddad3590b4a476c0e965d37ee70a7157a13f24f697f8",
      "key": [
        "X-2",
        24
      ],
      "pivot": 57,
      "row_index": 24,
      "stage": "first"
    },
    {
      "factor": "(-15/1)*S^0|0|0",
      "factor_sha256": "55a05dca7a5d2ba0e06eddad3590b4a476c0e965d37ee70a7157a13f24f697f8",
      "key": [
        "X-2",
        25
      ],
      "pivot": 63,
      "row_index": 25,
      "stage": "first"
    },
    {
      "factor": "(-15/1)*S^0|0|0",
      "factor_sha256": "55a05dca7a5d2ba0e06eddad3590b4a476c0e965d37ee70a7157a13f24f697f8",
      "key": [
        "X-2",
        26
      ],
      "pivot": 71,
      "row_index": 26,
      "stage": "first"
    },
    {
      "factor": "(-15/1)*S^0|0|0",
      "factor_sha256": "55a05dca7a5d2ba0e06eddad3590b4a476c0e965d37ee70a7157a13f24f697f8",
      "key": [
        "X-2",
        27
      ],
      "pivot": 78,
      "row_index": 27,
      "stage": "first"
    },
    {
      "factor": "(-15/1)*S^0|0|0",
      "factor_sha256": "55a05dca7a5d2ba0e06eddad3590b4a476c0e965d37ee70a7157a13f24f697f8",
      "key": [
        "X-2",
        28
      ],
      "pivot": 86,
      "row_index": 28,
      "stage": "first"
    },
    {
      "factor": "(-15/1)*S^0|0|0",
      "factor_sha256": "55a05dca7a5d2ba0e06eddad3590b4a476c0e965d37ee70a7157a13f24f697f8",
      "key": [
        "X-2",
        29
      ],
      "pivot": 95,
      "row_index": 29,
      "stage": "first"
    },
    {
      "factor": "(-15/1)*S^0|0|0",
      "factor_sha256": "55a05dca7a5d2ba0e06eddad3590b4a476c0e965d37ee70a7157a13f24f697f8",
      "key": [
        "X-2",
        30
      ],
      "pivot": 103,
      "row_index": 30,
      "stage": "first"
    },
    {
      "factor": "(-15/1)*S^0|0|0",
      "factor_sha256": "55a05dca7a5d2ba0e06eddad3590b4a476c0e965d37ee70a7157a13f24f697f8",
      "key": [
        "X-2",
        31
      ],
      "pivot": 110,
      "row_index": 31,
      "stage": "first"
    },
    {
      "factor": "(-15/1)*S^0|0|0",
      "factor_sha256": "55a05dca7a5d2ba0e06eddad3590b4a476c0e965d37ee70a7157a13f24f697f8",
      "key": [
        "X-2",
        32
      ],
      "pivot": 116,
      "row_index": 32,
      "stage": "first"
    },
    {
      "factor": "(-15/1)*S^0|0|0",
      "factor_sha256": "55a05dca7a5d2ba0e06eddad3590b4a476c0e965d37ee70a7157a13f24f697f8",
      "key": [
        "X-2",
        33
      ],
      "pivot": 121,
      "row_index": 33,
      "stage": "first"
    },
    {
      "factor": "(-15/1)*S^0|0|0",
      "factor_sha256": "55a05dca7a5d2ba0e06eddad3590b4a476c0e965d37ee70a7157a13f24f697f8",
      "key": [
        "X-2",
        34
      ],
      "pivot": 125,
      "row_index": 34,
      "stage": "first"
    },
    {
      "factor": "(-15/1)*S^0|0|0",
      "factor_sha256": "55a05dca7a5d2ba0e06eddad3590b4a476c0e965d37ee70a7157a13f24f697f8",
      "key": [
        "X-2",
        35
      ],
      "pivot": 128,
      "row_index": 35,
      "stage": "first"
    },
    {
      "factor": "(-15/1)*S^0|0|0",
      "factor_sha256": "55a05dca7a5d2ba0e06eddad3590b4a476c0e965d37ee70a7157a13f24f697f8",
      "key": [
        "X-2",
        36
      ],
      "pivot": 130,
      "row_index": 36,
      "stage": "first"
    },
    {
      "factor": "(-15/1)*S^0|0|0",
      "factor_sha256": "55a05dca7a5d2ba0e06eddad3590b4a476c0e965d37ee70a7157a13f24f697f8",
      "key": [
        "X-2",
        37
      ],
      "pivot": 131,
      "row_index": 37,
      "stage": "first"
    },
    {
      "factor": "(1/2)*S^0|0|0",
      "factor_sha256": "0f978721d91a0e04f91e650bbb73c5b026725fdaafd79a04c5ae62af656cee3d",
      "key": [
        "X-1",
        0
      ],
      "pivot": 0,
      "row_index": 0,
      "stage": "previous_pole"
    },
    {
      "factor": "(-6/5)*S^0|0|0",
      "factor_sha256": "bc1f7301bff06f90a25cca0e1386cb02bf1adef2b55255598cbff4b87da8c3fb",
      "key": [
        "X-1",
        1
      ],
      "pivot": 1,
      "row_index": 1,
      "stage": "previous_pole"
    },
    {
      "factor": "(4/3)*S^0|0|0",
      "factor_sha256": "752d8b8426b361e764482eee90aa9568cf0e59dffaef007713b8580bdc7d3fdc",
      "key": [
        "X-1",
        2
      ],
      "pivot": 2,
      "row_index": 2,
      "stage": "previous_pole"
    },
    {
      "factor": "(-29/1)*S^0|0|0",
      "factor_sha256": "16a61839b227ea916b507254a6b76ba2d771628fb275332586540694ae3eba6e",
      "key": [
        "X-1",
        3
      ],
      "pivot": 3,
      "row_index": 3,
      "stage": "previous_pole"
    },
    {
      "factor": "(-446/145)*S^0|0|0",
      "factor_sha256": "6dd4a405947a239dd9daf6ece8a4cd5ab6098d7f739a0ca502195ce2ef98ac63",
      "key": [
        "X-1",
        4
      ],
      "pivot": 4,
      "row_index": 4,
      "stage": "previous_pole"
    },
    {
      "factor": "(-1080/223)*S^0|0|0",
      "factor_sha256": "c7f373708378979dae1e46a3b8fe06a9c085a45c43aafffdf48b921f63471567",
      "key": [
        "X-1",
        5
      ],
      "pivot": 5,
      "row_index": 5,
      "stage": "previous_pole"
    },
    {
      "factor": "(129/5)*S^0|0|0",
      "factor_sha256": "70f8c953031484f5e57710065796920ecfa57e43ed3476be00fc121e7bce650d",
      "key": [
        "X-1",
        6
      ],
      "pivot": 6,
      "row_index": 6,
      "stage": "previous_pole"
    },
    {
      "factor": "(-8885/3483)*S^0|0|0",
      "factor_sha256": "8e43169d8a108d02ab76eba34e61dba9519062e1d950b10a440cfc477c5ad7b9",
      "key": [
        "X-1",
        7
      ],
      "pivot": 7,
      "row_index": 7,
      "stage": "previous_pole"
    },
    {
      "factor": "(23440/1777)*S^0|0|0",
      "factor_sha256": "9cd59de3f69a207dc67ea28f76be4633e7ec25f0c71f236e952942037e4e1f35",
      "key": [
        "X-1",
        8
      ],
      "pivot": 8,
      "row_index": 8,
      "stage": "previous_pole"
    },
    {
      "factor": "(2/1)*S^0|0|0",
      "factor_sha256": "fcccc5295271a14ed93cabdedc026c7ac922c59d8518fbddbc358d5c0be2fdee",
      "key": [
        "X-1",
        9
      ],
      "pivot": 9,
      "row_index": 9,
      "stage": "previous_pole"
    },
    {
      "factor": "(2/1)*S^0|0|0",
      "factor_sha256": "fcccc5295271a14ed93cabdedc026c7ac922c59d8518fbddbc358d5c0be2fdee",
      "key": [
        "X-1",
        10
      ],
      "pivot": 12,
      "row_index": 10,
      "stage": "previous_pole"
    },
    {
      "factor": "(2/1)*S^0|0|0",
      "factor_sha256": "fcccc5295271a14ed93cabdedc026c7ac922c59d8518fbddbc358d5c0be2fdee",
      "key": [
        "X-1",
        11
      ],
      "pivot": 14,
      "row_index": 11,
      "stage": "previous_pole"
    },
    {
      "factor": "(2/1)*S^0|0|0",
      "factor_sha256": "fcccc5295271a14ed93cabdedc026c7ac922c59d8518fbddbc358d5c0be2fdee",
      "key": [
        "X-1",
        12
      ],
      "pivot": 15,
      "row_index": 12,
      "stage": "previous_pole"
    },
    {
      "factor": "(210/19)*S^0|0|0",
      "factor_sha256": "7e60bf5a6664e12ed6a3670476e498d5d3759989c8716bdba406b31a0c71cd7c",
      "key": [
        "X-1",
        14
      ],
      "pivot": 16,
      "row_index": 14,
      "stage": "previous_pole"
    },
    {
      "factor": "(15/1)*S^0|0|0",
      "factor_sha256": "0e618cfbf5421dab561b4c9ba71822df705f31b7f8bca1699e5e4a2a67ebba41",
      "key": [
        "X-1",
        15
      ],
      "pivot": 17,
      "row_index": 15,
      "stage": "previous_pole"
    },
    {
      "factor": "(900/7)*S^0|0|0",
      "factor_sha256": "b9a39f375dbb4fb13317eabcad775658e141547e0da754ab6588b6f7e69e0702",
      "key": [
        "X-1",
        16
      ],
      "pivot": 18,
      "row_index": 16,
      "stage": "previous_pole"
    },
    {
      "factor": "(-30/1)*S^0|0|0",
      "factor_sha256": "68daf4f261ba2d0a073079cb0e55cfa8a93b21fcbf6c95af15d69e6ff4385887",
      "key": [
        "X-1",
        17
      ],
      "pivot": 19,
      "row_index": 17,
      "stage": "previous_pole"
    },
    {
      "factor": "(-178/1)*S^0|0|0",
      "factor_sha256": "2f43519ea605351b58b85f1ac538588363d0a3ae11d889eb7d00919b3b9c1c9f",
      "key": [
        "X-1",
        18
      ],
      "pivot": 20,
      "row_index": 18,
      "stage": "previous_pole"
    },
    {
      "factor": "(14640/89)*S^0|0|0",
      "factor_sha256": "ecd3c6038cdbee85120a63f72be312077ce329e05bd6f08001aac794e732bc22",
      "key": [
        "X-1",
        19
      ],
      "pivot": 21,
      "row_index": 19,
      "stage": "previous_pole"
    },
    {
      "factor": "(10905/488)*S^0|0|0",
      "factor_sha256": "2e9a223862dbaa45d9f51c13ab79097ebea3f7845c06219d6dd9ccbe2dba5336",
      "key": [
        "X-1",
        20
      ],
      "pivot": 22,
      "row_index": 20,
      "stage": "previous_pole"
    },
    {
      "factor": "(28920/727)*S^0|0|0",
      "factor_sha256": "fbaf6c8c426ceb18e8b01c41218ac2b91dc67ba5db0cb5f574e48843af4a1bf2",
      "key": [
        "X-1",
        21
      ],
      "pivot": 23,
      "row_index": 21,
      "stage": "previous_pole"
    },
    {
      "factor": "(-331515/241)*S^0|0|0",
      "factor_sha256": "2599c4fd8f0039d203f3a1cf30e8303ffedfc35c9c67eb8cc15b40689d0de085",
      "key": [
        "X-1",
        22
      ],
      "pivot": 24,
      "row_index": 22,
      "stage": "previous_pole"
    },
    {
      "factor": "(-30/1)*S^0|0|0",
      "factor_sha256": "68daf4f261ba2d0a073079cb0e55cfa8a93b21fcbf6c95af15d69e6ff4385887",
      "key": [
        "X-1",
        23
      ],
      "pivot": 28,
      "row_index": 23,
      "stage": "previous_pole"
    },
    {
      "factor": "(-30/1)*S^0|0|0",
      "factor_sha256": "68daf4f261ba2d0a073079cb0e55cfa8a93b21fcbf6c95af15d69e6ff4385887",
      "key": [
        "X-1",
        24
      ],
      "pivot": 32,
      "row_index": 24,
      "stage": "previous_pole"
    },
    {
      "factor": "(-30/1)*S^0|0|0",
      "factor_sha256": "68daf4f261ba2d0a073079cb0e55cfa8a93b21fcbf6c95af15d69e6ff4385887",
      "key": [
        "X-1",
        25
      ],
      "pivot": 37,
      "row_index": 25,
      "stage": "previous_pole"
    },
    {
      "factor": "(-30/1)*S^0|0|0",
      "factor_sha256": "68daf4f261ba2d0a073079cb0e55cfa8a93b21fcbf6c95af15d69e6ff4385887",
      "key": [
        "X-1",
        26
      ],
      "pivot": 44,
      "row_index": 26,
      "stage": "previous_pole"
    },
    {
      "factor": "(-30/1)*S^0|0|0",
      "factor_sha256": "68daf4f261ba2d0a073079cb0e55cfa8a93b21fcbf6c95af15d69e6ff4385887",
      "key": [
        "X-1",
        27
      ],
      "pivot": 50,
      "row_index": 27,
      "stage": "previous_pole"
    },
    {
      "factor": "(-30/1)*S^0|0|0",
      "factor_sha256": "68daf4f261ba2d0a073079cb0e55cfa8a93b21fcbf6c95af15d69e6ff4385887",
      "key": [
        "X-1",
        28
      ],
      "pivot": 57,
      "row_index": 28,
      "stage": "previous_pole"
    },
    {
      "factor": "(-30/1)*S^0|0|0",
      "factor_sha256": "68daf4f261ba2d0a073079cb0e55cfa8a93b21fcbf6c95af15d69e6ff4385887",
      "key": [
        "X-1",
        29
      ],
      "pivot": 65,
      "row_index": 29,
      "stage": "previous_pole"
    },
    {
      "factor": "(-30/1)*S^0|0|0",
      "factor_sha256": "68daf4f261ba2d0a073079cb0e55cfa8a93b21fcbf6c95af15d69e6ff4385887",
      "key": [
        "X-1",
        30
      ],
      "pivot": 72,
      "row_index": 30,
      "stage": "previous_pole"
    },
    {
      "factor": "(-30/1)*S^0|0|0",
      "factor_sha256": "68daf4f261ba2d0a073079cb0e55cfa8a93b21fcbf6c95af15d69e6ff4385887",
      "key": [
        "X-1",
        31
      ],
      "pivot": 78,
      "row_index": 31,
      "stage": "previous_pole"
    },
    {
      "factor": "(-30/1)*S^0|0|0",
      "factor_sha256": "68daf4f261ba2d0a073079cb0e55cfa8a93b21fcbf6c95af15d69e6ff4385887",
      "key": [
        "X-1",
        32
      ],
      "pivot": 83,
      "row_index": 32,
      "stage": "previous_pole"
    },
    {
      "factor": "(-30/1)*S^0|0|0",
      "factor_sha256": "68daf4f261ba2d0a073079cb0e55cfa8a93b21fcbf6c95af15d69e6ff4385887",
      "key": [
        "X-1",
        33
      ],
      "pivot": 87,
      "row_index": 33,
      "stage": "previous_pole"
    },
    {
      "factor": "(-30/1)*S^0|0|0",
      "factor_sha256": "68daf4f261ba2d0a073079cb0e55cfa8a93b21fcbf6c95af15d69e6ff4385887",
      "key": [
        "X-1",
        34
      ],
      "pivot": 90,
      "row_index": 34,
      "stage": "previous_pole"
    },
    {
      "factor": "(-30/1)*S^0|0|0",
      "factor_sha256": "68daf4f261ba2d0a073079cb0e55cfa8a93b21fcbf6c95af15d69e6ff4385887",
      "key": [
        "X-1",
        35
      ],
      "pivot": 92,
      "row_index": 35,
      "stage": "previous_pole"
    },
    {
      "factor": "(-30/1)*S^0|0|0",
      "factor_sha256": "68daf4f261ba2d0a073079cb0e55cfa8a93b21fcbf6c95af15d69e6ff4385887",
      "key": [
        "X-1",
        36
      ],
      "pivot": 93,
      "row_index": 36,
      "stage": "previous_pole"
    },
    {
      "factor": "0|0|(-7624375000000/7911)*S^0+(13342656250000/7911)*S^1+(-357392578125/293)*S^2+(3335664062500/7911)*S^3+(-476523437500/7911)*S^4",
      "factor_sha256": "9ec70d7c819f2af8af6e10a9e258234766bc49eb6a8005dd7399175debdee52b",
      "key": [
        "P1",
        3
      ],
      "pivot": 10,
      "row_index": 37,
      "stage": "previous_pole"
    },
    {
      "factor": "(13166796875/7367)*S^0|0|0",
      "factor_sha256": "e012ce960d63f8433b86d20204505b41a5469ee8389266334610b55eb43fe52f",
      "key": [
        "P1",
        8
      ],
      "pivot": 25,
      "row_index": 38,
      "stage": "previous_pole"
    },
    {
      "factor": "(-675/24398)*S^0|0|0",
      "factor_sha256": "4fe61b8cc6f993ee2baa21f09ee67197061b21dfaa254f5ef43c6784771631b9",
      "key": [
        "X0",
        1
      ],
      "pivot": 0,
      "row_index": 0,
      "stage": "current"
    },
    {
      "factor": "(3/5)*S^0|0|0",
      "factor_sha256": "918834b660c00115b1f29ee78a4a6f469da1cf023deead4e253a060f42d56721",
      "key": [
        "X0",
        2
      ],
      "pivot": 1,
      "row_index": 1,
      "stage": "current"
    },
    {
      "factor": "(464/5)*S^0+(-406/5)*S^1+(116/5)*S^2|0|0",
      "factor_sha256": "735c97117c2f9cebb2d772fe3732c262259880b9b9683207d68c85f8f0c28788",
      "key": [
        "X0",
        3
      ],
      "pivot": 11,
      "row_index": 2,
      "stage": "current"
    },
    {
      "factor": "(-389205/134828)*S^0|0|0",
      "factor_sha256": "8777d7c5fd0e5bb30f741967503f7c6d68cd6b6a5d0df36d3636302f8e07207c",
      "key": [
        "X0",
        14
      ],
      "pivot": 2,
      "row_index": 13,
      "stage": "current"
    },
    {
      "factor": "(2275/961)*S^0|0|0",
      "factor_sha256": "32b45a5bc6efbad37d1a3b14de06bc859211fbbb9888c49b180838308aebcc75",
      "key": [
        "X0",
        15
      ],
      "pivot": 3,
      "row_index": 14,
      "stage": "current"
    },
    {
      "factor": "(11925/91)*S^0|0|0",
      "factor_sha256": "cc46cf43f4f98fccb104f47a53ce96791a2b5d5be8da3e07672f602a71369cba",
      "key": [
        "X0",
        16
      ],
      "pivot": 4,
      "row_index": 15,
      "stage": "current"
    },
    {
      "factor": "(1917/53)*S^0|0|0",
      "factor_sha256": "09f22fc7481ee374a69e091f2d67c73a5b962789bb1f558e8d701dc25656d753",
      "key": [
        "X0",
        17
      ],
      "pivot": 5,
      "row_index": 16,
      "stage": "current"
    },
    {
      "factor": "(5535/71)*S^0|0|0",
      "factor_sha256": "5ca9afec0071b90651e6a8400160e2ef8c405e51f24795c9b5bc2c2e765f3003",
      "key": [
        "X0",
        18
      ],
      "pivot": 6,
      "row_index": 17,
      "stage": "current"
    },
    {
      "factor": "(390474/41)*S^0|0|0",
      "factor_sha256": "09736395c891899af24a60827ae420ff7292634d9fd3be5739b1288e58a49e89",
      "key": [
        "X0",
        19
      ],
      "pivot": 7,
      "row_index": 18,
      "stage": "current"
    },
    {
      "factor": "(477420/1033)*S^0|0|0",
      "factor_sha256": "ddcc89e4b4b6b7c96adabc9c31a28468f653901b445dd45ad77c05c906213fb0",
      "key": [
        "X0",
        20
      ],
      "pivot": 8,
      "row_index": 19,
      "stage": "current"
    },
    {
      "factor": "(13428535/445592)*S^0|0|0",
      "factor_sha256": "1690c245c3c59e8dceaa66f96330a57c326940bfd706100de42e8ef8a2c0aae8",
      "key": [
        "X0",
        21
      ],
      "pivot": 9,
      "row_index": 20,
      "stage": "current"
    },
    {
      "factor": "(486812610/2685707)*S^0|0|0",
      "factor_sha256": "31519a8fa9b52d79e1f883e2685faa0a5320aa0ef9fca1bc42b978bf85115de0",
      "key": [
        "X0",
        22
      ],
      "pivot": 10,
      "row_index": 21,
      "stage": "current"
    },
    {
      "factor": "(27264423375/10818058)*S^0|0|0",
      "factor_sha256": "52e9dd2ec0ae096c720e25ae3d24b44a2d28077c6ab0ef9749de4f346c1c3d56",
      "key": [
        "X0",
        23
      ],
      "pivot": 12,
      "row_index": 22,
      "stage": "current"
    },
    {
      "factor": "(5578353612/24235043)*S^0|0|0",
      "factor_sha256": "d699a913ca2f3fd83b347913d99dce139c5a5a6a0629811673c4cb225a4f511e",
      "key": [
        "X0",
        24
      ],
      "pivot": 13,
      "row_index": 23,
      "stage": "current"
    },
    {
      "factor": "(15995408175/154954267)*S^0|0|0",
      "factor_sha256": "836453734d2c42dcd00d5a555b65b1a9cb2a3fbc9f78aa09d5e120780b0def15",
      "key": [
        "X0",
        25
      ],
      "pivot": 14,
      "row_index": 24,
      "stage": "current"
    },
    {
      "factor": "(-45/1)*S^0|0|0",
      "factor_sha256": "affbb2ac7b22ee4f474475c1d7f89f7e137f1e1383c8161ce8af0e3a57ec9e63",
      "key": [
        "X0",
        26
      ],
      "pivot": 16,
      "row_index": 25,
      "stage": "current"
    },
    {
      "factor": "(-45/1)*S^0|0|0",
      "factor_sha256": "affbb2ac7b22ee4f474475c1d7f89f7e137f1e1383c8161ce8af0e3a57ec9e63",
      "key": [
        "X0",
        27
      ],
      "pivot": 21,
      "row_index": 26,
      "stage": "current"
    },
    {
      "factor": "(-45/1)*S^0|0|0",
      "factor_sha256": "affbb2ac7b22ee4f474475c1d7f89f7e137f1e1383c8161ce8af0e3a57ec9e63",
      "key": [
        "X0",
        28
      ],
      "pivot": 27,
      "row_index": 27,
      "stage": "current"
    },
    {
      "factor": "(-45/1)*S^0|0|0",
      "factor_sha256": "affbb2ac7b22ee4f474475c1d7f89f7e137f1e1383c8161ce8af0e3a57ec9e63",
      "key": [
        "X0",
        29
      ],
      "pivot": 34,
      "row_index": 28,
      "stage": "current"
    },
    {
      "factor": "(-45/1)*S^0|0|0",
      "factor_sha256": "affbb2ac7b22ee4f474475c1d7f89f7e137f1e1383c8161ce8af0e3a57ec9e63",
      "key": [
        "X0",
        30
      ],
      "pivot": 40,
      "row_index": 29,
      "stage": "current"
    },
    {
      "factor": "(-45/1)*S^0|0|0",
      "factor_sha256": "affbb2ac7b22ee4f474475c1d7f89f7e137f1e1383c8161ce8af0e3a57ec9e63",
      "key": [
        "X0",
        31
      ],
      "pivot": 45,
      "row_index": 30,
      "stage": "current"
    },
    {
      "factor": "(-45/1)*S^0|0|0",
      "factor_sha256": "affbb2ac7b22ee4f474475c1d7f89f7e137f1e1383c8161ce8af0e3a57ec9e63",
      "key": [
        "X0",
        32
      ],
      "pivot": 49,
      "row_index": 31,
      "stage": "current"
    },
    {
      "factor": "(-45/1)*S^0|0|0",
      "factor_sha256": "affbb2ac7b22ee4f474475c1d7f89f7e137f1e1383c8161ce8af0e3a57ec9e63",
      "key": [
        "X0",
        33
      ],
      "pivot": 52,
      "row_index": 32,
      "stage": "current"
    },
    {
      "factor": "(-45/1)*S^0|0|0",
      "factor_sha256": "affbb2ac7b22ee4f474475c1d7f89f7e137f1e1383c8161ce8af0e3a57ec9e63",
      "key": [
        "X0",
        34
      ],
      "pivot": 54,
      "row_index": 33,
      "stage": "current"
    },
    {
      "factor": "(-45/1)*S^0|0|0",
      "factor_sha256": "affbb2ac7b22ee4f474475c1d7f89f7e137f1e1383c8161ce8af0e3a57ec9e63",
      "key": [
        "X0",
        35
      ],
      "pivot": 55,
      "row_index": 34,
      "stage": "current"
    }
  ],
  "ranks": {
    "current_homogeneous": [
      25,
      56
    ],
    "first": [
      38,
      132
    ],
    "previous_pole": [
      38,
      94
    ],
    "transport": [
      3470,
      3602
    ]
  },
  "t13_coefficient_inverse": {
    "coefficient": "(252/25)*S^0+(-342/25)*S^1+(144/25)*S^2+(-36/25)*S^3|0|0",
    "inverse": "(66812/21075)*S^0+(-4948/843)*S^1+(40993/8430)*S^2+(-9181/4215)*S^3+(738/1405)*S^4+(-388/7025)*S^5|0|0",
    "inverse_sha256": "fd2476104889d51b5ddbc8adbfeb45764bf89fb9c13210319fdbf1ef33959d63",
    "product": "(1/1)*S^0|0|0"
  },
  "transport_cache_sha256": "3855b1d8aa98d3602bbba3630512600b4af66eba81103fea1bc8be286fabebb4",
  "unit_bezout": {
    "identity_sha256": "159c3b52a498e3f762545750bdfbf7e53675172264f51fe92ce70668bc46104d",
    "left_multiplier": {
      "coefficients": [
        "(354180965074131197115325601670539824624218705126521919148672406585722756168997559473401/863450834342624427496044280078530533927395451262357745672390113004372870161804208696904)*S^0+(-869458655348759636868935979538876543354861339914124290082978702189640907547150625333067/863450834342624427496044280078530533927395451262357745672390113004372870161804208696904)*S^1+(833559555087360610437664317850828416963075167747829634078929363702733088883531247297161/863450834342624427496044280078530533927395451262357745672390113004372870161804208696904)*S^2+(-220287672223279315052553513623817110660983929731854741907101961085417930473268792601529/431725417171312213748022140039265266963697725631178872836195056502186435080902104348452)*S^3+(30899974031168486954810648215806098886885543827610376487076628843460297675380986529191/215862708585656106874011070019632633481848862815589436418097528251093217540451052174226)*S^4+(-1963647144507752360861389961649544222032825305043952778383789009616451689082054003093/107931354292828053437005535009816316740924431407794718209048764125546608770225526087113)*S^5|(256686444286466121949616780222530293540972578379404049408025091737448155600310340336715625/863450834342624427496044280078530533927395451262357745672390113004372870161804208696904)*S^0+(-636498102375058960494748844967289363965942063128212557051307834333494869683936600474546875/863450834342624427496044280078530533927395451262357745672390113004372870161804208696904)*S^1+(610696371687123706391003858357789094089669363825762995184058556991191388471942224697765625/863450834342624427496044280078530533927395451262357745672390113004372870161804208696904)*S^2+(-161478085595703029320219503400936680835714167267916070708515087710008111504873835570515625/431725417171312213748022140039265266963697725631178872836195056502186435080902104348452)*S^3+(22668220689482532417185614624015275666924097541665631117582387431087536947408148096984375/215862708585656106874011070019632633481848862815589436418097528251093217540451052174226)*S^4+(-1442451831909687290951271022701401716770215632599595804639802419738335696033686403253125/107931354292828053437005535009816316740924431407794718209048764125546608770225526087113)*S^5|(191095705584457786930749692466512923129697378470924188319037564709186107909588433823447265625/863450834342624427496044280078530533927395451262357745672390113004372870161804208696904)*S^0+(-473736060825376849851592298727609108666830023167709392340974313371303525068541021665654296875/863450834342624427496044280078530533927395451262357745672390113004372870161804208696904)*S^1+(454521040534857551840108849884313681610739343008938621001947957773274844741320022128603515625/863450834342624427496044280078530533927395451262357745672390113004372870161804208696904)*S^2+(-120181096859429821173838688478832807480212237137281605872822186387842392045631018095322265625/431725417171312213748022140039265266963697725631178872836195056502186435080902104348452)*S^3+(16870640917918795909383518017274431003920279349907473375901204394468076797719022578115234375/215862708585656106874011070019632633481848862815589436418097528251093217540451052174226)*S^4+(-1073486438482182366645096386267653657709047169130107979855924068407244861757680562158203125/107931354292828053437005535009816316740924431407794718209048764125546608770225526087113)*S^5"
      ],
      "degree": 0,
      "sha256": "332fd795ae412fba29f45196cce241275e3900524454ce842047405518c2e81b"
    },
    "left_row": [
      "X0",
      4
    ],
    "right_multiplier": {
      "coefficients": [
        "(-934433323505152410056206015830090520245645350150360146292623411781301042175934259846261625/272958395006562147142186998039825465037797887030312842350684324473507373579900355474308777)*S^0+(294121700766151589749155937985808909781963631300881885848010458454542756054943503509791875/30328710556284683015798555337758385004199765225590315816742702719278597064433372830478753)*S^1+(-888681058715690025508114469318764146793811027094196012860917971722558086373656452029031675/90986131668854049047395666013275155012599295676770947450228108157835791193300118491436259)*S^2+(163859203279948746375554967295634377870749387496346803002898811340305319498555253153444850/30328710556284683015798555337758385004199765225590315816742702719278597064433372830478753)*S^3+(-142848036041351191233813276974553034767688346102193683027625504346059425557714054523590100/90986131668854049047395666013275155012599295676770947450228108157835791193300118491436259)*S^4+(18819712556060738056278892991989303636541462288333516242672397386940185612827305059969400/90986131668854049047395666013275155012599295676770947450228108157835791193300118491436259)*S^5|(-357763022794018552356607694791878285495936677104865228524507282121505125028897906682945671875/90986131668854049047395666013275155012599295676770947450228108157835791193300118491436259)*S^0+(884977585448408335840817052564674202538051661421218049964106919265563096289176960572889765625/90986131668854049047395666013275155012599295676770947450228108157835791193300118491436259)*S^1+(-848352302836394937337958946244088849471439892324301149813580148994959529335244905161566796875/90986131668854049047395666013275155012599295676770947450228108157835791193300118491436259)*S^2+(448252452689154350054381134715853426228027921955491396298417519816515082017898744720361093750/90986131668854049047395666013275155012599295676770947450228108157835791193300118491436259)*S^3+(-41920793040942018764277111878188168412435018425640251782693278848931669630988074339155937500/30328710556284683015798555337758385004199765225590315816742702719278597064433372830478753)*S^4+(5331037167907157352501253411391254873632819663779354204501236221057005840159121258933625000/30328710556284683015798555337758385004199765225590315816742702719278597064433372830478753)*S^5|(-263943660028797778764907210158660283354241527105761106773026464870093751843549728874360107421875/90986131668854049047395666013275155012599295676770947450228108157835791193300118491436259)*S^0+(218122603890863945445321448340925834695700950369521103387813253987785103811069143132043701171875/30328710556284683015798555337758385004199765225590315816742702719278597064433372830478753)*S^1+(-209279731935005624508846507519742001920680265504441828877570541811827520517519327835263916015625/30328710556284683015798555337758385004199765225590315816742702719278597064433372830478753)*S^2+(110674608708441515305654191250968347104559998093836516630017329813314882501906601622441894531250/30328710556284683015798555337758385004199765225590315816742702719278597064433372830478753)*S^3+(-31072813848035328441483859515108857801780312824306029041015452941016404342075893884147460937500/30328710556284683015798555337758385004199765225590315816742702719278597064433372830478753)*S^4+(3954426809542649522682436502511254435914313349590734412712578000898629793720065178353515625000/30328710556284683015798555337758385004199765225590315816742702719278597064433372830478753)*S^5",
        "(599937869396189377846255658977014049269577048537214276975670759970774296230921860389430345/363944526675416196189582664053100620050397182707083789800912432631343164773200473965745036)*S^0+(-566508306357041807781255606656056347586819441712410466233354381335156589798030165065300825/121314842225138732063194221351033540016799060902361263266970810877114388257733491321915012)*S^1+(570563364477124375699108069454148913229653588242849914697823267268652547658205193268808811/121314842225138732063194221351033540016799060902361263266970810877114388257733491321915012)*S^2+(-157804744582486233373881919351490599162982715212583480451266278989087258540812025155571803/60657421112569366031597110675516770008399530451180631633485405438557194128866745660957506)*S^3+(22928320361213487813291724287271478631356078603182613191044297053511572203924611802345733/30328710556284683015798555337758385004199765225590315816742702719278597064433372830478753)*S^4+(-3020723354337206599880696892104045854882163523229125403696739038208873860228382693523902/30328710556284683015798555337758385004199765225590315816742702719278597064433372830478753)*S^5|(229695988193854623106242364046039821264170869978513472144209082148518883662621232290677661875/121314842225138732063194221351033540016799060902361263266970810877114388257733491321915012)*S^0+(-568185609098062843417799151714404386307481303976876944621023222064059831990407174008492615625/121314842225138732063194221351033540016799060902361263266970810877114388257733491321915012)*S^1+(544670936126146444514608218368238739287765137648212331439634170236085880868119949280002546875/121314842225138732063194221351033540016799060902361263266970810877114388257733491321915012)*S^2+(-143896634812416667627626757483360404962014387149779780438847929242793146668118681779722696875/60657421112569366031597110675516770008399530451180631633485405438557194128866745660957506)*S^3+(20185927632087504289713775397615692620292862262244738188920611052510995495192732067380003125/30328710556284683015798555337758385004199765225590315816742702719278597064433372830478753)*S^4+(-2567029931190548142111196769790263575591667909287651744913222390512365015574926016378038750/30328710556284683015798555337758385004199765225590315816742702719278597064433372830478753)*S^5|(169460776981201014569740425776441551414553712657054758043427838801341547793790910673911201171875/121314842225138732063194221351033540016799060902361263266970810877114388257733491321915012)*S^0+(-420126317053521673905192023550217150081685694915125054050696579375794901645591481788566884765625/121314842225138732063194221351033540016799060902361263266970810877114388257733491321915012)*S^1+(403094046391424392698056222280397984716374667320758803960120616466035244603574515511854091796875/121314842225138732063194221351033540016799060902361263266970810877114388257733491321915012)*S^2+(-106585275708705879655377477065763075974255916808335438557925164067670366504378527189612685546875/60657421112569366031597110675516770008399530451180631633485405438557194128866745660957506)*S^3+(14962349854621757305467058454648180510992859107432784492461847763631797412853832970315751953125/30328710556284683015798555337758385004199765225590315816742702719278597064433372830478753)*S^4+(-1904157045069604626091661373497368449564841394269029909579056627212374109145543249441074218750/30328710556284683015798555337758385004199765225590315816742702719278597064433372830478753)*S^5",
        "(-162179614113436621677551688171188591988396752297282845729431588756619028336975708827554560/272958395006562147142186998039825465037797887030312842350684324473507373579900355474308777)*S^0+(51047562980430377610700962796181071799445891263068313747180120247025725796654601287123200/30328710556284683015798555337758385004199765225590315816742702719278597064433372830478753)*S^1+(-154238882055062133240730375691934658697773303685501138503318644583711776346885458792835328/90986131668854049047395666013275155012599295676770947450228108157835791193300118491436259)*S^2+(28439292230282629879418353645886373379601249626484597673723454713978414773986538852394496/30328710556284683015798555337758385004199765225590315816742702719278597064433372830478753)*S^3+(-24792608289210783020919456885074967390188621425194293461065850245824551147643930819009536/90986131668854049047395666013275155012599295676770947450228108157835791193300118491436259)*S^4+(3266336552102745045699929902338482529460755488687037395338395749868940689412739047696384/90986131668854049047395666013275155012599295676770947450228108157835791193300118491436259)*S^5|(-62093107684927965697146827028285315991159179212776609154083975744478177632134145159887520000/90986131668854049047395666013275155012599295676770947450228108157835791193300118491436259)*S^0+(153596109745622056932372315563767183626943203609377505620889065309819764508494441970616800000/90986131668854049047395666013275155012599295676770947450228108157835791193300118491436259)*S^1+(-147239450526181087429503383212533386755721093176285487696458656367938738650727251336516000000/90986131668854049047395666013275155012599295676770947450228108157835791193300118491436259)*S^2+(77798391788761704145031573211700662450423829166512405052471108524086685421411578744686400000/90986131668854049047395666013275155012599295676770947450228108157835791193300118491436259)*S^3+(-7275744419309258849935552976824522788870077774212816580589477549373903339344370868355200000/30328710556284683015798555337758385004199765225590315816742702719278597064433372830478753)*S^4+(925251196599479513383268388688922879762713107747467577188011167858029488190328842228480000/30328710556284683015798555337758385004199765225590315816742702719278597064433372830478753)*S^5|(-45809882689743885670383895458045445788939546399372775141623576275758644387761851248702500000000/90986131668854049047395666013275155012599295676770947450228108157835791193300118491436259)*S^0+(37857211251566894938306637813747127920067419182777899977817080014151177339412678401222500000000/30328710556284683015798555337758385004199765225590315816742702719278597064433372830478753)*S^1+(-36322448390075552457128614186477255926572303707889564876378344883951081527108439271747500000000/30328710556284683015798555337758385004199765225590315816742702719278597064433372830478753)*S^2+(19208610053804086724235574888303658887299904753913320852396228089632955878297010179895000000000/30328710556284683015798555337758385004199765225590315816742702719278597064433372830478753)*S^3+(-5392976505150538360013469854825672947292040734252436226779631154508609838353511074130000000000/30328710556284683015798555337758385004199765225590315816742702719278597064433372830478753)*S^4+(686327636096893747665561860774834668199365571183205430274183029308507950638872329260000000000/30328710556284683015798555337758385004199765225590315816742702719278597064433372830478753)*S^5",
        "(91859547056438711497050760878212288430927847980882861838935860819178746518990147578107075/272958395006562147142186998039825465037797887030312842350684324473507373579900355474308777)*S^0+(-28913658719384393568561092208774435198904899348222287083363739983666915002011395260284625/30328710556284683015798555337758385004199765225590315816742702719278597064433372830478753)*S^1+(87361866789000036405882439356759865278035660290615879230395326033742998321478091894379385/90986131668854049047395666013275155012599295676770947450228108157835791193300118491436259)*S^2+(-16108192864808520830139301869740328672039770296251041651132425521589336493078313021864070/30328710556284683015798555337758385004199765225590315816742702719278597064433372830478753)*S^3+(14042688288810795070442661126311993248349023854113955280681829240799062173470195190454620/90986131668854049047395666013275155012599295676770947450228108157835791193300118491436259)*S^4+(-1850073437714445436040975921246406120202381038514142274703388217699204687362684226234280/90986131668854049047395666013275155012599295676770947450228108157835791193300118491436259)*S^5|(35169924274666230570649569996489729760617503850986751278680376886520842799450980656967540625/90986131668854049047395666013275155012599295676770947450228108157835791193300118491436259)*S^0+(-86997796535606243184351506862290006351198298919373977793081697148140100991139430022419671875/90986131668854049047395666013275155012599295676770947450228108157835791193300118491436259)*S^1+(83397345024594756551867150647723988592107650431880452015572285833402801188888482202323515625/90986131668854049047395666013275155012599295676770947450228108157835791193300118491436259)*S^2+(-44065495349103308988396789514439828341060371988844916924251213812470974164471402023357531250/90986131668854049047395666013275155012599295676770947450228108157835791193300118491436259)*S^3+(4121027112499384895471309303279514860883442489300228141349508768200062438300522562154312500/30328710556284683015798555337758385004199765225590315816742702719278597064433372830478753)*S^4+(-524068060573923943127241860780835224865599221185089057391646950544587014795303445793475000/30328710556284683015798555337758385004199765225590315816742702719278597064433372830478753)*S^5|(25947003867237747742990878286783553278891539952769735920060228749941419672755736058835400390625/90986131668854049047395666013275155012599295676770947450228108157835791193300118491436259)*S^0+(-21442561060457811586150244074192709173475686646495294909310455476765315289901712375692431640625/30328710556284683015798555337758385004199765225590315816742702719278597064433372830478753)*S^1+(20573261783441230883920504129059383239660093897046823855761171906925417271213764431263232421875/30328710556284683015798555337758385004199765225590315816742702719278597064433372830478753)*S^2+(-10879876788287470996149056089078244291634711677021216889052551066393666415441665922206152343750/30328710556284683015798555337758385004199765225590315816742702719278597064433372830478753)*S^3+(3054615598620422117976379409959853817802132447135168956574400458608392291254918381831445312500/30328710556284683015798555337758385004199765225590315816742702719278597064433372830478753)*S^4+(-388740262633006224263697147704496198784796905552987450741236481444272081416548780244921875000/30328710556284683015798555337758385004199765225590315816742702719278597064433372830478753)*S^5"
      ],
      "degree": 3,
      "sha256": "ac5f4f33bb3a2b6d245f5a265d853062b6a1aac8fe8c06b0116528f7f797086c"
    },
    "right_row": [
      "X0",
      13
    ]
  },
  "verdict": "EXACT-E[B]-STAGED-REPLAY-PASS"
}
