	Command being timed: "python3 /home/ubuntu/jc2q8-generic/repo/cases/max12_912_order3_nu_q8_sparse_bidegree_mixed_volume_aws_20260825/bidegree.py --kind vertical --work /home/ubuntu/jc2q8-generic/out/q8_sparse_bidegree_vertical_box03_v1/work --workers 12 --output /home/ubuntu/jc2q8-generic/out/q8_sparse_bidegree_vertical_box03_v1/result.json"
	User time (seconds): 1034.39
	System time (seconds): 62.58
	Percent of CPU this job got: 361%
	Elapsed (wall clock) time (h:mm:ss or m:ss): 5:03.80
	Average shared text size (kbytes): 0
	Average unshared data size (kbytes): 0
	Average stack size (kbytes): 0
	Average total size (kbytes): 0
	Maximum resident set size (kbytes): 906688
	Average resident set size (kbytes): 0
	Major (requiring I/O) page faults: 1
	Minor (reclaiming a frame) page faults: 7021741
	Voluntary context switches: 2480
	Involuntary context switches: 1631
	Swaps: 0
	File system inputs: 832
	File system outputs: 11704
	Socket messages sent: 0
	Socket messages received: 0
	Signals delivered: 0
	Page size (bytes): 4096
	Exit status: 0
