Running as unit: run-r33e3462fc30148e78079f82025b1388d.scope; invocation ID: c3fe6170190a4c78ae4dfd62fc518222
Traceback (most recent call last):
  File "/home/ubuntu/stage/td6_v69_u0_canonical_20260825T1542Z/td6-aws-handoff-20260825-v69/jc2/cases/td6_c1_c2_c3_q2_n13_raw_canonical_v69_20260825/replay.py", line 55, in <module>
    assert all(
           ^^^^
AssertionError
Command exited with non-zero status 1
	Command being timed: "timeout 180 ./run_v69.sh "
	User time (seconds): 0.39
	System time (seconds): 0.01
	Percent of CPU this job got: 99%
	Elapsed (wall clock) time (h:mm:ss or m:ss): 0:00.40
	Average shared text size (kbytes): 0
	Average unshared data size (kbytes): 0
	Average stack size (kbytes): 0
	Average total size (kbytes): 0
	Maximum resident set size (kbytes): 36844
	Average resident set size (kbytes): 0
	Major (requiring I/O) page faults: 0
	Minor (reclaiming a frame) page faults: 5391
	Voluntary context switches: 8
	Involuntary context switches: 1
	Swaps: 0
	File system inputs: 0
	File system outputs: 984
	Socket messages sent: 0
	Socket messages received: 0
	Signals delivered: 0
	Page size (bytes): 4096
	Exit status: 1
