Input file not found.
Command exited with non-zero status 1
	Command being timed: "timeout -s KILL 3000 msolve -g 2 -t 4 -f /home/ubuntu/jc2/box/k4ray-strata-solve-20260905/msolve/K7_B6_Q0_p32003.ms -o /home/ubuntu/jc2/box/k4ray-strata-solve-20260905/msolve/K7_B6_Q0_p32003.retry.msout"
	User time (seconds): 0.00
	System time (seconds): 0.00
	Percent of CPU this job got: 100%
	Elapsed (wall clock) time (h:mm:ss or m:ss): 0:00.00
	Average shared text size (kbytes): 0
	Average unshared data size (kbytes): 0
	Average stack size (kbytes): 0
	Average total size (kbytes): 0
	Maximum resident set size (kbytes): 3972
	Average resident set size (kbytes): 0
	Major (requiring I/O) page faults: 0
	Minor (reclaiming a frame) page faults: 272
	Voluntary context switches: 3
	Involuntary context switches: 0
	Swaps: 0
	File system inputs: 0
	File system outputs: 8
	Socket messages sent: 0
	Socket messages received: 0
	Signals delivered: 0
	Page size (bytes): 4096
	Exit status: 1
RETRY_RC=1
