	Command being timed: "timeout -s KILL 2500 msolve -g 2 -t 4 -f /home/ubuntu/jc2/box/k4ray-strata-solve-20260905/msolve/K8_B11_Q0_p32003.ms -o /home/ubuntu/jc2/box/k4ray-strata-solve-20260905/msolve/K8_B11_Q0_p32003.retry.msout"
	User time (seconds): 2265.22
	System time (seconds): 10.59
	Percent of CPU this job got: 152%
	Elapsed (wall clock) time (h:mm:ss or m:ss): 24:53.72
	Average shared text size (kbytes): 0
	Average unshared data size (kbytes): 0
	Average stack size (kbytes): 0
	Average total size (kbytes): 0
	Maximum resident set size (kbytes): 25458680
	Average resident set size (kbytes): 0
	Major (requiring I/O) page faults: 33
	Minor (reclaiming a frame) page faults: 6509564
	Voluntary context switches: 41380
	Involuntary context switches: 6704
	Swaps: 0
	File system inputs: 2416
	File system outputs: 8
	Socket messages sent: 0
	Socket messages received: 0
	Signals delivered: 0
	Page size (bytes): 4096
	Exit status: 0
RETRY_RC=0
