/home/ubuntu/jc2-r3-necessaryrows-20260911a/stage/ROOT-EXECUTION-CARD.md: OK
/home/ubuntu/jc2-r3-necessaryrows-20260911a/stage/ROOT-REGISTRATION.json: OK
/home/ubuntu/jc2-r3-necessaryrows-20260911a/stage/ROOT-SOURCE-CONTRACT.json: OK
/home/ubuntu/jc2-r3-necessaryrows-20260911a/stage/STAGE-INPUTS.sha256: OK
/home/ubuntu/jc2-r3-necessaryrows-20260911a/stage/arithmetic.py: OK
/home/ubuntu/jc2-r3-necessaryrows-20260911a/stage/authority.py: OK
/home/ubuntu/jc2-r3-necessaryrows-20260911a/stage/check.py: OK
/home/ubuntu/jc2-r3-necessaryrows-20260911a/stage/check_arithmetic.py: OK
/home/ubuntu/jc2-r3-necessaryrows-20260911a/stage/dispatch.py: OK
/home/ubuntu/jc2-r3-necessaryrows-20260911a/stage/installed.sha256: OK
/home/ubuntu/jc2-r3-necessaryrows-20260911a/stage/mutate.py: OK
/home/ubuntu/jc2-r3-necessaryrows-20260911a/stage/native-manifest.json: OK
/home/ubuntu/jc2-r3-necessaryrows-20260911a/stage/native.sha256: OK
/home/ubuntu/jc2-r3-necessaryrows-20260911a/stage/native.stdout: OK
/home/ubuntu/jc2-r3-necessaryrows-20260911a/stage/preflight-policy.json: OK
/home/ubuntu/jc2-r3-necessaryrows-20260911a/stage/probe.py: OK
/home/ubuntu/jc2-r3-necessaryrows-20260911a/stage/produce.py: OK
/home/ubuntu/jc2-r3-necessaryrows-20260911a/stage/run_capped.py: OK
/home/ubuntu/jc2-r3-necessaryrows-20260911a/stage/source-native-manifest.json: OK
/opt/jc2-r3-necessaryrows-20260911a/metadata/ROOT-EXECUTION-CARD.md: OK
/opt/jc2-r3-necessaryrows-20260911a/metadata/ROOT-REGISTRATION.json: OK
/opt/jc2-r3-necessaryrows-20260911a/metadata/ROOT-SOURCE-CONTRACT.json: OK
/opt/jc2-r3-necessaryrows-20260911a/metadata/native-manifest.json: OK
/opt/jc2-r3-necessaryrows-20260911a/metadata/native.sha256: OK
/opt/jc2-r3-necessaryrows-20260911a/metadata/native.stdout: OK
/opt/jc2-r3-necessaryrows-20260911a/metadata/preflight-policy.json: OK
/opt/jc2-r3-necessaryrows-20260911a/metadata/source-native-manifest.json: OK
/opt/jc2-r3-necessaryrows-20260911a/runtime/run_capped.py: OK
/opt/jc2-r3-necessaryrows-20260911a/science/arithmetic.py: OK
/opt/jc2-r3-necessaryrows-20260911a/science/authority.py: OK
/opt/jc2-r3-necessaryrows-20260911a/science/check.py: OK
/opt/jc2-r3-necessaryrows-20260911a/science/check_arithmetic.py: OK
/opt/jc2-r3-necessaryrows-20260911a/science/produce.py: OK
/opt/jc2-r3-necessaryrows-20260911a/wrapper/dispatch.py: OK
/opt/jc2-r3-necessaryrows-20260911a/wrapper/mutate.py: OK
/opt/jc2-r3-necessaryrows-20260911a/wrapper/probe.py: OK
/run/jc2-r3-necessaryrows-20260911a/authority/dummy.json: OK
/run/jc2-r3-necessaryrows-20260911a/authority/refuse-caps.json: OK
/run/jc2-r3-necessaryrows-20260911a/authority/refuse-hash.json: OK
/run/jc2-r3-necessaryrows-20260911a/authority/refuse-inventory.json: OK
/run/jc2-r3-necessaryrows-20260911a/authority/refuse-source.json: OK
/run/jc2-r3-necessaryrows-20260911a/authority/refuse-status.json: OK
/run/jc2-r3-necessaryrows-20260911a/authority/startup-check.json: OK
/run/jc2-r3-necessaryrows-20260911a/authority/startup-produce.json: OK
/run/jc2-r3-necessaryrows-20260911a/authority/valid.json: OK
/run/jc2-r3-necessaryrows-20260911a/dummy.pre.json: OK
/run/jc2-r3-necessaryrows-20260911a/dummy.python-live.json: OK
/run/jc2-r3-necessaryrows-20260911a/dummy.runner-live.json: OK
/run/jc2-r3-necessaryrows-20260911a/dummy.runner.stderr: OK
/run/jc2-r3-necessaryrows-20260911a/dummy.runner.stdout: OK
/run/jc2-r3-necessaryrows-20260911a/dummy.stderr: OK
/run/jc2-r3-necessaryrows-20260911a/dummy.stdout: OK
/run/jc2-r3-necessaryrows-20260911a/dummy.telemetry.json: OK
/run/jc2-r3-necessaryrows-20260911a/outer.stderr: OK
/run/jc2-r3-necessaryrows-20260911a/outer.stdout: OK
/run/jc2-r3-necessaryrows-20260911a/refuse-caps.post.json: OK
/run/jc2-r3-necessaryrows-20260911a/refuse-caps.pre.json: OK
/run/jc2-r3-necessaryrows-20260911a/refuse-caps.python-live.json: OK
/run/jc2-r3-necessaryrows-20260911a/refuse-caps.runner-live.json: OK
/run/jc2-r3-necessaryrows-20260911a/refuse-caps.runner.stderr: OK
/run/jc2-r3-necessaryrows-20260911a/refuse-caps.runner.stdout: OK
/run/jc2-r3-necessaryrows-20260911a/refuse-caps.stderr: OK
/run/jc2-r3-necessaryrows-20260911a/refuse-caps.stdout: OK
/run/jc2-r3-necessaryrows-20260911a/refuse-caps.telemetry.json: OK
/run/jc2-r3-necessaryrows-20260911a/refuse-hash.post.json: OK
/run/jc2-r3-necessaryrows-20260911a/refuse-hash.pre.json: OK
/run/jc2-r3-necessaryrows-20260911a/refuse-hash.python-live.json: OK
/run/jc2-r3-necessaryrows-20260911a/refuse-hash.runner-live.json: OK
/run/jc2-r3-necessaryrows-20260911a/refuse-hash.runner.stderr: OK
/run/jc2-r3-necessaryrows-20260911a/refuse-hash.runner.stdout: OK
/run/jc2-r3-necessaryrows-20260911a/refuse-hash.stderr: OK
/run/jc2-r3-necessaryrows-20260911a/refuse-hash.stdout: OK
/run/jc2-r3-necessaryrows-20260911a/refuse-hash.telemetry.json: OK
/run/jc2-r3-necessaryrows-20260911a/refuse-inventory.post.json: OK
/run/jc2-r3-necessaryrows-20260911a/refuse-inventory.pre.json: OK
/run/jc2-r3-necessaryrows-20260911a/refuse-inventory.python-live.json: OK
/run/jc2-r3-necessaryrows-20260911a/refuse-inventory.runner-live.json: OK
/run/jc2-r3-necessaryrows-20260911a/refuse-inventory.runner.stderr: OK
/run/jc2-r3-necessaryrows-20260911a/refuse-inventory.runner.stdout: OK
/run/jc2-r3-necessaryrows-20260911a/refuse-inventory.stderr: OK
/run/jc2-r3-necessaryrows-20260911a/refuse-inventory.stdout: OK
/run/jc2-r3-necessaryrows-20260911a/refuse-inventory.telemetry.json: OK
/run/jc2-r3-necessaryrows-20260911a/refuse-source.post.json: OK
/run/jc2-r3-necessaryrows-20260911a/refuse-source.pre.json: OK
/run/jc2-r3-necessaryrows-20260911a/refuse-source.python-live.json: OK
/run/jc2-r3-necessaryrows-20260911a/refuse-source.runner-live.json: OK
/run/jc2-r3-necessaryrows-20260911a/refuse-source.runner.stderr: OK
/run/jc2-r3-necessaryrows-20260911a/refuse-source.runner.stdout: OK
/run/jc2-r3-necessaryrows-20260911a/refuse-source.stderr: OK
/run/jc2-r3-necessaryrows-20260911a/refuse-source.stdout: OK
/run/jc2-r3-necessaryrows-20260911a/refuse-source.telemetry.json: OK
/run/jc2-r3-necessaryrows-20260911a/refuse-status.post.json: OK
/run/jc2-r3-necessaryrows-20260911a/refuse-status.pre.json: OK
/run/jc2-r3-necessaryrows-20260911a/refuse-status.python-live.json: OK
/run/jc2-r3-necessaryrows-20260911a/refuse-status.runner-live.json: OK
/run/jc2-r3-necessaryrows-20260911a/refuse-status.runner.stderr: OK
/run/jc2-r3-necessaryrows-20260911a/refuse-status.runner.stdout: OK
/run/jc2-r3-necessaryrows-20260911a/refuse-status.stderr: OK
/run/jc2-r3-necessaryrows-20260911a/refuse-status.stdout: OK
/run/jc2-r3-necessaryrows-20260911a/refuse-status.telemetry.json: OK
/run/jc2-r3-necessaryrows-20260911a/startup-check.post.json: OK
/run/jc2-r3-necessaryrows-20260911a/startup-check.pre.json: OK
/run/jc2-r3-necessaryrows-20260911a/startup-check.runner-live.json: OK
/run/jc2-r3-necessaryrows-20260911a/startup-check.runner.stderr: OK
/run/jc2-r3-necessaryrows-20260911a/startup-check.runner.stdout: OK
/run/jc2-r3-necessaryrows-20260911a/startup-check.stderr: OK
/run/jc2-r3-necessaryrows-20260911a/startup-check.stdout: OK
/run/jc2-r3-necessaryrows-20260911a/startup-check.telemetry.json: OK
/run/jc2-r3-necessaryrows-20260911a/startup-produce.post.json: OK
/run/jc2-r3-necessaryrows-20260911a/startup-produce.pre.json: OK
/run/jc2-r3-necessaryrows-20260911a/startup-produce.runner-live.json: OK
/run/jc2-r3-necessaryrows-20260911a/startup-produce.runner.stderr: OK
/run/jc2-r3-necessaryrows-20260911a/startup-produce.runner.stdout: OK
/run/jc2-r3-necessaryrows-20260911a/startup-produce.stderr: OK
/run/jc2-r3-necessaryrows-20260911a/startup-produce.stdout: OK
/run/jc2-r3-necessaryrows-20260911a/startup-produce.telemetry.json: OK
/run/jc2-r3-necessaryrows-20260911a/valid.post.json: OK
/run/jc2-r3-necessaryrows-20260911a/valid.pre.json: OK
/run/jc2-r3-necessaryrows-20260911a/valid.python-live.json: OK
/run/jc2-r3-necessaryrows-20260911a/valid.runner-live.json: OK
/run/jc2-r3-necessaryrows-20260911a/valid.runner.stderr: OK
/run/jc2-r3-necessaryrows-20260911a/valid.runner.stdout: OK
/run/jc2-r3-necessaryrows-20260911a/valid.stderr: OK
/run/jc2-r3-necessaryrows-20260911a/valid.stdout: OK
/run/jc2-r3-necessaryrows-20260911a/valid.telemetry.json: OK
/run/jc2-r3-necessaryrows-20260911a/writer/dummy.payload: OK
/run/jc2-r3-necessaryrows-20260911a/writer/valid.payload: OK
