REPLAY_STEP=1
REPLAY_STEP=2
REPLAY_STEP=3
REPLAY_STEP=4
REPLAY_STEP=5
REPLAY_STEP=6
REPLAY_STEP=7
REPLAY_STEP=8
REPLAY_STEP=9
REPLAY_STEP=10
REPLAY_STEP=11
REPLAY_STEP=12
REPLAY_STEP=13
REPLAY_STEP=14
REPLAY_STEP=15
REPLAY_STEP=16
REPLAY_STEP=17
REPLAY_STEP=18
REPLAY_STEP=19
REPLAY_STEP=20
REPLAY_STEP=21
REPLAY_STEP=22
REPLAY_STEP=23
REPLAY_STEP=24
REPLAY_STEP=25
REPLAY_STEP=26
REPLAY_STEP=27
REPLAY_STEP=28
REPLAY_STEP=29
REPLAY_STEP=30
REPLAY_STEP=31
REPLAY_STEP=32
REPLAY_STEP=33
REPLAY_STEP=34
REPLAY_STEP=35
REPLAY_STEP=36
REPLAY_STEP=37
ALL_RELATIONS_ARE_UNIT_COEFFICIENT_CURRENT_GENERATORS=1
RESIDUAL_EXACT_MATCH=1
TARGET_EXACT_MATCH=1
REPLAY_STEPS=37
NEGATIVE_TARGET_CONTROL=1
DONE
