	Command being timed: "timeout 28800 /home/ubuntu/venvs/td6/bin/python jc2/cases/td6_c1_c2_c3_q2_full_p12_n13_unit_20260825/replay.py"
	User time (seconds): 1777.35
	System time (seconds): 1.18
	Percent of CPU this job got: 99%
	Elapsed (wall clock) time (h:mm:ss or m:ss): 29:38.55
	Average shared text size (kbytes): 0
	Average unshared data size (kbytes): 0
	Average stack size (kbytes): 0
	Average total size (kbytes): 0
	Maximum resident set size (kbytes): 1236344
	Average resident set size (kbytes): 0
	Major (requiring I/O) page faults: 0
	Minor (reclaiming a frame) page faults: 375336
	Voluntary context switches: 3
	Involuntary context switches: 2196
	Swaps: 0
	File system inputs: 0
	File system outputs: 1120
	Socket messages sent: 0
	Socket messages received: 0
	Signals delivered: 0
	Page size (bytes): 4096
	Exit status: 0
