PINT t=8 p=32027 y=23825 (=23825 mod p)
  H_t(y) mod P = 0   (must be 0)
  fixed integer denominators: all i in [1,34] and odd i in [1,67]; p=32027 > 67 -> all units
  yy = 23825
  q      = 17 mod p = 17
  2q^2   = 578 mod p = 578
  6q^3   = 29478 mod p = 29478
  2      = 2 mod p = 2
  g1          = 25/17          -> 15073 mod P
  g2          = 10125725/289   -> 17860 mod P
  g           = 81004700/4913  -> 14643 mod P
  c=-y*g      = -1929936977500/4913 -> 636 mod P
  b1coef=y*g  = 1929936977500/4913 -> 31391 mod P
  PIVOT band=32  var=C1      exact=865933685000/204321          -> 16870 mod P
  PIVOT band=31  var=C2      exact=787764767600/191139          -> 31014 mod P
  PIVOT band=30  var=C3      exact=79249003400/19773            -> 15113 mod P
  PIVOT band=29  var=C4      exact=1976499920/507               -> 6794 mod P
  PIVOT band=28  var=C5      exact=575129097800/151593          -> 2465 mod P
  PIVOT band=27  var=C6      exact=56837878000/15379            -> 3266 mod P
  PIVOT band=26  var=C7      exact=451597886600/125229          -> 10817 mod P
  PIVOT band=25  var=q8_0    exact=-486024600/289               -> 16904 mod P
  PIVOT band=24  var=q9_0    exact=-274460960/169               -> 6126 mod P
  PIVOT band=23  var=q10_0   exact=-175778909600/112047         -> 8453 mod P
  PIVOT band=22  var=q11_0   exact=-47954432600/31603           -> 19387 mod P
  PIVOT band=21  var=q12_0   exact=-38071933000/25857           -> 12639 mod P
  PIVOT band=20  var=q13_0   exact=-86836413200/60333           -> 5080 mod P
  PIVOT band=19  var=q14_0   exact=-4115009360/2873             -> 14953 mod P
  PIVOT band=18  var=q15_0   exact=-12960660200/8619            -> 13068 mod P
  PIVOT band=17  var=q16_0   exact=-18306933800/8619            -> 24958 mod P
  PIVOT band=16  var=b2      exact=688535000/3757               -> 17165 mod P
  pivots parsed: 17 (expected 17)
PINT_RESULT t=8 p=32027 y=23825 : PASS (all denominators are P-units)
