PASS  N0 H_t((d+t+1)/(2q)) = 3d^2-(t+1)
PASS  N1 (1.1) Res_y(H_t, a d + b) = 4q^2(3b^2 - a^2(t+1))

=== A. section 5 table (charged-coordinate order) ===
  top endpoint                       Res = 1                                          report:MATCH  integer t-roots: no t
PASS  N2 section-5 table entry: top endpoint
  tag12 t<k<2t : d                   Res = -4*(t + 1)*(2*t + 1)**2                    report:MATCH  integer t-roots: [-1]
PASS  N2 section-5 table entry: tag12 t<k<2t : d
  tag12 k=t : 3d+1                   Res = -12*(2*t + 1)**2*(3*t + 2)                 report:MATCH  integer t-roots: []
PASS  N2 section-5 table entry: tag12 k=t : 3d+1
  tag00 k=t+s : d+s                  Res = 4*(2*t + 1)**2*(3*s**2 - t - 1)            report:MATCH  integer t-roots: []
PASS  N2 section-5 table entry: tag00 k=t+s : d+s
  tag00 k=t (b2) : 2d+1              Res = -4*(2*t + 1)**2*(4*t + 1)                  report:MATCH  integer t-roots: []
PASS  N2 section-5 table entry: tag00 k=t (b2) : 2d+1
  tag00 0<k<t : y ~ d+(t+1)          Res = 4*(t + 1)*(2*t + 1)**2*(3*t + 2)           report:n/a  integer t-roots: [-1]
  tag00 k=0 (b1) : 5d+2t+3           Res = 4*(2*t + 1)**2*(3*t + 2)*(4*t + 1)         report:MATCH  integer t-roots: []
PASS  N2 section-5 table entry: tag00 k=0 (b1) : 5d+2t+3
  tag11 k=0 : 3d+2(t+1)              Res = 12*(t + 1)*(2*t + 1)**2*(4*t + 1)          report:MATCH  integer t-roots: [-1]
PASS  N2 section-5 table entry: tag11 k=0 : 3d+2(t+1)
  g5 numerator : 5d+2t+3 (scaled)    Res = 4*(2*t + 1)**2*(3*t + 2)*(4*t + 1)         report:n/a  integer t-roots: []
  sympy Res_y(H_t, y) = (t + 1)*(3*t + 2) ; H_t(0) = (t + 1)*(3*t + 2) (report's monic convention)
PASS  N3 Res_y(H_t,y) = H_t(0) = (t+1)(3t+2), no positive-integer root
PASS  N4 (5.3) cleared g5 resultant = 4t^2(t+1)^2 q^2(3t+1)^2(3t+2)(4t+1)

=== B. THE OBSTRUCTION: d+s on the split ray t = 3s^2-1 ===
  Res_y(H_t, d+s) = 4*(2*t + 1)**2*(3*s**2 - t - 1)
  vanishes  <=>  t+1 = 3 s^2  <=>  t = 3 s^2 - 1  ->  t = [2, 11, 26, 47, 74, 107]
PASS  N5 Res(H_t,d+s) = 0 exactly at t = 3s^2-1
PASS  N6 disc(H_t) = 48 q^2 (t+1); H_t splits over Q exactly at t=3s^2-1
  t= 2 s=1 : H_t factors 12*(5*y - 2)*(5*y - 1) ; gcd(H_t, d+s) = y - 1/5 ; invertible=False
PASS  N7 t=2: d+s is a NONZERO ZERO DIVISOR of A_t (not invertible)
  t=11 s=2 : H_t factors 12*(23*y - 7)*(23*y - 5) ; gcd(H_t, d+s) = y - 5/23 ; invertible=False
PASS  N7 t=11: d+s is a NONZERO ZERO DIVISOR of A_t (not invertible)
  t=26 s=3 : H_t factors 12*(53*y - 15)*(53*y - 12) ; gcd(H_t, d+s) = y - 12/53 ; invertible=False
PASS  N7 t=26: d+s is a NONZERO ZERO DIVISOR of A_t (not invertible)

  bypass witnessed at t=2 (s=1): charged deferral record
    H_2 = 12*(5*y - 2)*(5*y - 1)
    candidate 5y-1 : Res=0 ; later pivot 39y-10 : Res=-3696
PASS  N8 5y-1 has zero resultant (deferred, never inverted)
PASS  N8b 39y-10 has nonzero resultant (the replacement pivot)
PASS  N8c H_2 = 12(5y-1)(5y-2): the deferred class is literally a factor

=== C. section 5.1 proof-order pivots: norms for ALL positive t ===
  (5.7c) reconstruction y   (T,S diagonals 2my, (2m+1)y) [m >= 0]
      Res = 4*(t + 1)*(2*t + 1)**2*(3*t + 2)
      integer t-roots: [-1]
PASS  N9 (5.7c) reconstruction y   (T,S diagonals 2my, (2m+1)y): no positive-integer t-root
  (5.7c) reconstruction 3d+2(t+1) ~ g            [all t]
      Res = 12*(t + 1)*(2*t + 1)**2*(4*t + 1)
      integer t-roots: [-1]
PASS  N9 (5.7c) reconstruction 3d+2(t+1) ~ g: no positive-integer t-root
  D1 divisibility: y*g = -c                      [all t]  product of the two classes above
  gauge alpha_t=0 : q/y                          [all t]  product of the two classes above
  (5.9)-(5.11) C_j pivot L_C                     [1 <= j <= t-1]
      Res = -4*(2*t + 1)**2*(3*t + 2)**3*(3*j**4 - 36*j**3*t - 42*j**3 + 156*j**2*t**2 + 272*j**2*t + 119*j**2 - 288*j*t**3 - 656*j*t**2 - 472*j*t - 104*j + 192*t**4 + 560*t**3 + 576*t**2 + 240*t + 32)
      parametric zero set: see part D positivity certificate ; integer zeros in range for t<=40: NONE
PASS  N9 (5.9)-(5.11) C_j pivot L_C: no zero in range (t<=40 exhaustive)
  (5.12)-(5.14) q_j pivot L_Q                    [t <= j <= 2t]
      Res = -4*(t + 1)*(2*t + 1)**2*(3*t + 2)**2*(j**2 - 8*j*t - 8*j + 16*t**2 + 20*t + 4)
      parametric zero set: see part D positivity certificate ; integer zeros in range for t<=40: NONE
PASS  N9 (5.12)-(5.14) q_j pivot L_Q: no zero in range (t<=40 exhaustive)
  (5.15) b2 pivot L_2 = 3q d + (t+1)             [all t]
      Res = -12*(t + 1)*(2*t + 1)**2*(3*t + 2)*(4*t + 1)
      integer t-roots: [-1]
PASS  N9 (5.15) b2 pivot L_2 = 3q d + (t+1): no positive-integer t-root

=== D. positivity certificates for the two indexed families ===
PASS  P1 3B_C^2 - A_C^2(t+1) = -(3t+2)^3 F_C exactly
PASS  P2 (5.11) F_C(t,t-n) equals the all-nonnegative form
PASS  P3 every coefficient of (5.11) is nonnegative and the constant is 32
PASS  P4 3B_Q^2 - A_Q^2(t+1) = -(t+1)(3t+2)^2 F_Q exactly
PASS  P5 (5.14) F_Q(t,q-n) = n^2+4nt+6n+4t^2-3
PASS  P6 F_Q >= 12 on 1<=n<=t+1, t>=1 (min at n=1,t=1)
PASS  P7 (5.11a) Res_y(H_t,L_C) = -4q^2(3t+2)^3 F_C
PASS  P8 (5.14a) Res_y(H_t,L_Q) = -4q^2(t+1)(3t+2)^2 F_Q
PASS  P9 (5.15) Res_y(H_t,L_2) = -12q^2(t+1)(3t+2)(4t+1)

=== E. rational denominators of (5.10),(5.13) on their ranges ===
PASS  E1 4t-2j+1 >= 2t+3 > 0 on 1<=j<=t-1
PASS  E2 4t-2j+1 >= 1 > 0 on t<=j<=2t
PASS  E3 (5.13) numerator factor (q-j) >= 1 > 0 on t<=j<=2t
PASS  E4 D_top(t)=60(2t+1)^5 has only the root t=-1/2
PASS  E5 lc(H_t) = 12(2t+1)^2 nonzero for every positive integer t

GATE3_DONE fails=0
