Initial seed for pseudo-random number generator is 1788621075

--------------- INPUT DATA ---------------
#variables                      22
#equations                      45
#invalid equations               0
field characteristic         32003
homogeneous input?               0
signature-based computation      0
monomial order                 DRL
basis hash table resetting     OFF
linear algebra option            2
initial hash table size     131072 (2^17)
max pair selection             ALL
reduce gb                        1
#threads                         4
info level                       1
generate pbm files               0
------------------------------------------

---------------- TIMINGS ----------------
overall(elapsed)        3.79 sec
overall(cpu)           11.74 sec
select                  0.24 sec   6.3%
symbolic prep.          0.48 sec  12.6%
update                  2.57 sec  67.8%
convert                 0.14 sec   3.7%
linear algebra          0.34 sec   8.9%
reduce gb               0.00 sec   0.0%
-----------------------------------------

---------- COMPUTATIONAL DATA -----------
size of basis                     1
#terms in basis                   1
#pairs reduced                 7435
#GM criterion               3115306
#redundant elements            2499
#rows reduced                 14885
#zero reductions               4987
max. matrix data              26794 x 89623 (0.044%)
max. symbolic hash table size  2^17
max. basis hash table size     2^20
-----------------------------------------

Grobner basis has a single element
No solution

---------------- TIMINGS ----------------
rational param(elapsed)         3.79 sec
rational param(cpu)            11.76 sec
-----------------------------------------


------------------------------------------------------------------------------------
msolve overall time           3.80 sec (elapsed) / 11.76 sec (cpu)
------------------------------------------------------------------------------------
