Initial seed for pseudo-random number generator is 1788620955

--------------- INPUT DATA ---------------
#variables                      17
#equations                      30
#invalid equations               0
field characteristic         32003
homogeneous input?               0
signature-based computation      0
monomial order                 DRL
basis hash table resetting     OFF
linear algebra option            2
initial hash table size     131072 (2^17)
max pair selection             ALL
reduce gb                        1
#threads                         4
info level                       1
generate pbm files               0
------------------------------------------

---------------- TIMINGS ----------------
overall(elapsed)        0.05 sec
overall(cpu)            0.09 sec
select                  0.00 sec   0.3%
symbolic prep.          0.00 sec   0.1%
update                  0.04 sec  72.8%
convert                 0.01 sec  19.4%
linear algebra          0.00 sec   7.3%
reduce gb               0.00 sec   0.0%
-----------------------------------------

---------- COMPUTATIONAL DATA -----------
size of basis                     1
#terms in basis                   1
#pairs reduced                   56
#GM criterion                  1067
#redundant elements              47
#rows reduced                   113
#zero reductions                 38
max. matrix data                 40 x 61 (5.738%)
max. symbolic hash table size  2^11
max. basis hash table size     2^16
-----------------------------------------

Grobner basis has a single element
No solution

---------------- TIMINGS ----------------
rational param(elapsed)         0.05 sec
rational param(cpu)             0.09 sec
-----------------------------------------


------------------------------------------------------------------------------------
msolve overall time           0.05 sec (elapsed) /  0.10 sec (cpu)
------------------------------------------------------------------------------------
