Initial seed for pseudo-random number generator is 1788621415

--------------- INPUT DATA ---------------
#variables                      24
#equations                      53
#invalid equations               0
field characteristic         32003
homogeneous input?               0
signature-based computation      0
monomial order                 DRL
basis hash table resetting     OFF
linear algebra option            2
initial hash table size     131072 (2^17)
max pair selection             ALL
reduce gb                        1
#threads                         4
info level                       1
generate pbm files               0
------------------------------------------

---------------- TIMINGS ----------------
overall(elapsed)      113.94 sec
overall(cpu)          259.18 sec
select                  4.70 sec   4.1%
symbolic prep.         24.73 sec  21.7%
update                 74.27 sec  65.2%
convert                 2.34 sec   2.1%
linear algebra          7.58 sec   6.7%
reduce gb               0.00 sec   0.0%
-----------------------------------------

---------- COMPUTATIONAL DATA -----------
size of basis                     1
#terms in basis                   1
#pairs reduced                28938
#GM criterion              57367067
#redundant elements           10714
#rows reduced                 57979
#zero reductions              18327
max. matrix data              71344 x 351450 (0.034%)
max. symbolic hash table size  2^19
max. basis hash table size     2^24
-----------------------------------------

Grobner basis has a single element
No solution

---------------- TIMINGS ----------------
rational param(elapsed)       113.97 sec
rational param(cpu)           259.23 sec
-----------------------------------------


------------------------------------------------------------------------------------
msolve overall time         113.97 sec (elapsed) / 259.23 sec (cpu)
------------------------------------------------------------------------------------
