Initial seed for pseudo-random number generator is 1788621731

--------------- INPUT DATA ---------------
#variables                      33
#equations                      90
#invalid equations               0
field characteristic         32003
homogeneous input?               0
signature-based computation      0
monomial order                 DRL
basis hash table resetting     OFF
linear algebra option            2
initial hash table size     131072 (2^17)
max pair selection             ALL
reduce gb                        1
#threads                         4
info level                       1
generate pbm files               0
------------------------------------------

---------------- TIMINGS ----------------
overall(elapsed)        8.06 sec
overall(cpu)           25.74 sec
select                  0.21 sec   2.7%
symbolic prep.          1.25 sec  15.6%
update                  5.58 sec  69.3%
convert                 0.17 sec   2.1%
linear algebra          0.82 sec  10.2%
reduce gb               0.00 sec   0.0%
-----------------------------------------

---------- COMPUTATIONAL DATA -----------
size of basis                     1
#terms in basis                   1
#pairs reduced                 7769
#GM criterion               6522482
#redundant elements            3614
#rows reduced                 15557
#zero reductions               4253
max. matrix data              37374 x 138980 (0.023%)
max. symbolic hash table size  2^18
max. basis hash table size     2^22
-----------------------------------------

Grobner basis has a single element
No solution

---------------- TIMINGS ----------------
rational param(elapsed)         8.07 sec
rational param(cpu)            25.76 sec
-----------------------------------------


------------------------------------------------------------------------------------
msolve overall time           8.07 sec (elapsed) / 25.76 sec (cpu)
------------------------------------------------------------------------------------
