SINGULAR_FQ2_POINT_COUNT_BEGIN
mode=shard
candidate_sha256=9061726295086f58f74f3751b2f7c2d59c5cb86de5e53ecd636687fd54daa7ce
field_modulus=a2-a+3
RECORD|index=5040|total=1|smooth=1|singular=0
RECORD|index=5041|total=2|smooth=2|singular=0
RECORD|index=5042|total=1|smooth=1|singular=0
RECORD|index=5043|total=1|smooth=1|singular=0
RECORD|index=5044|total=0|smooth=0|singular=0
RECORD|index=5045|total=0|smooth=0|singular=0
RECORD|index=5046|total=3|smooth=3|singular=0
RECORD|index=5047|total=0|smooth=0|singular=0
RECORD|index=5048|total=1|smooth=1|singular=0
RECORD|index=5049|total=0|smooth=0|singular=0
RECORD|index=5050|total=0|smooth=0|singular=0
RECORD|index=5051|total=1|smooth=1|singular=0
RECORD|index=5052|total=1|smooth=1|singular=0
RECORD|index=5053|total=0|smooth=0|singular=0
RECORD|index=5054|total=1|smooth=1|singular=0
RECORD|index=5055|total=0|smooth=0|singular=0
RECORD|index=5056|total=2|smooth=2|singular=0
RECORD|index=5057|total=1|smooth=1|singular=0
RECORD|index=5058|total=3|smooth=3|singular=0
RECORD|index=5059|total=4|smooth=4|singular=0
RECORD|index=5060|total=2|smooth=2|singular=0
RECORD|index=5061|total=1|smooth=1|singular=0
RECORD|index=5062|total=0|smooth=0|singular=0
RECORD|index=5063|total=0|smooth=0|singular=0
RECORD|index=5064|total=2|smooth=2|singular=0
RECORD|index=5065|total=1|smooth=1|singular=0
RECORD|index=5066|total=1|smooth=1|singular=0
RECORD|index=5067|total=0|smooth=0|singular=0
RECORD|index=5068|total=1|smooth=1|singular=0
RECORD|index=5069|total=1|smooth=1|singular=0
RECORD|index=5070|total=1|smooth=1|singular=0
RECORD|index=5071|total=1|smooth=1|singular=0
RECORD|index=5072|total=2|smooth=2|singular=0
RECORD|index=5073|total=0|smooth=0|singular=0
RECORD|index=5074|total=1|smooth=1|singular=0
RECORD|index=5075|total=0|smooth=0|singular=0
RECORD|index=5076|total=1|smooth=1|singular=0
RECORD|index=5077|total=0|smooth=0|singular=0
RECORD|index=5078|total=1|smooth=1|singular=0
RECORD|index=5079|total=2|smooth=2|singular=0
RECORD|index=5080|total=0|smooth=0|singular=0
RECORD|index=5081|total=0|smooth=0|singular=0
RECORD|index=5082|total=0|smooth=0|singular=0
RECORD|index=5083|total=1|smooth=1|singular=0
RECORD|index=5084|total=1|smooth=1|singular=0
RECORD|index=5085|total=0|smooth=0|singular=0
RECORD|index=5086|total=1|smooth=1|singular=0
RECORD|index=5087|total=1|smooth=1|singular=0
RECORD|index=5088|total=3|smooth=3|singular=0
RECORD|index=5089|total=3|smooth=3|singular=0
RECORD|index=5090|total=0|smooth=0|singular=0
RECORD|index=5091|total=0|smooth=0|singular=0
RECORD|index=5092|total=0|smooth=0|singular=0
RECORD|index=5093|total=2|smooth=2|singular=0
RECORD|index=5094|total=2|smooth=2|singular=0
RECORD|index=5095|total=0|smooth=0|singular=0
RECORD|index=5096|total=2|smooth=2|singular=0
RECORD|index=5097|total=1|smooth=1|singular=0
RECORD|index=5098|total=2|smooth=2|singular=0
RECORD|index=5099|total=1|smooth=1|singular=0
RECORD|index=5100|total=2|smooth=2|singular=0
RECORD|index=5101|total=0|smooth=0|singular=0
RECORD|index=5102|total=0|smooth=0|singular=0
RECORD|index=5103|total=1|smooth=1|singular=0
RECORD|index=5104|total=0|smooth=0|singular=0
RECORD|index=5105|total=2|smooth=2|singular=0
RECORD|index=5106|total=0|smooth=0|singular=0
RECORD|index=5107|total=1|smooth=1|singular=0
RECORD|index=5108|total=0|smooth=0|singular=0
RECORD|index=5109|total=0|smooth=0|singular=0
RECORD|index=5110|total=2|smooth=2|singular=0
RECORD|index=5111|total=1|smooth=1|singular=0
RECORD|index=5112|total=1|smooth=1|singular=0
RECORD|index=5113|total=1|smooth=1|singular=0
RECORD|index=5114|total=2|smooth=2|singular=0
RECORD|index=5115|total=0|smooth=0|singular=0
RECORD|index=5116|total=1|smooth=1|singular=0
RECORD|index=5117|total=3|smooth=3|singular=0
RECORD|index=5118|total=0|smooth=0|singular=0
RECORD|index=5119|total=1|smooth=1|singular=0
RECORD|index=5120|total=1|smooth=1|singular=0
RECORD|index=5121|total=1|smooth=1|singular=0
RECORD|index=5122|total=1|smooth=1|singular=0
RECORD|index=5123|total=0|smooth=0|singular=0
RECORD|index=5124|total=1|smooth=1|singular=0
RECORD|index=5125|total=2|smooth=2|singular=0
RECORD|index=5126|total=2|smooth=2|singular=0
RECORD|index=5127|total=1|smooth=1|singular=0
RECORD|index=5128|total=1|smooth=1|singular=0
RECORD|index=5129|total=0|smooth=0|singular=0
RECORD|index=5130|total=3|smooth=3|singular=0
RECORD|index=5131|total=1|smooth=1|singular=0
RECORD|index=5132|total=2|smooth=2|singular=0
RECORD|index=5133|total=0|smooth=0|singular=0
RECORD|index=5134|total=1|smooth=1|singular=0
RECORD|index=5135|total=2|smooth=2|singular=0
RECORD|index=5136|total=3|smooth=3|singular=0
RECORD|index=5137|total=2|smooth=2|singular=0
RECORD|index=5138|total=2|smooth=2|singular=0
RECORD|index=5139|total=1|smooth=1|singular=0
RECORD|index=5140|total=0|smooth=0|singular=0
RECORD|index=5141|total=3|smooth=3|singular=0
RECORD|index=5142|total=4|smooth=4|singular=0
RECORD|index=5143|total=0|smooth=0|singular=0
RECORD|index=5144|total=1|smooth=1|singular=0
RECORD|index=5145|total=2|smooth=2|singular=0
RECORD|index=5146|total=4|smooth=4|singular=0
RECORD|index=5147|total=0|smooth=0|singular=0
RECORD|index=5148|total=1|smooth=1|singular=0
RECORD|index=5149|total=1|smooth=1|singular=0
RECORD|index=5150|total=0|smooth=0|singular=0
RECORD|index=5151|total=2|smooth=2|singular=0
RECORD|index=5152|total=3|smooth=3|singular=0
RECORD|index=5153|total=0|smooth=0|singular=0
RECORD|index=5154|total=2|smooth=2|singular=0
RECORD|index=5155|total=0|smooth=0|singular=0
RECORD|index=5156|total=1|smooth=1|singular=0
RECORD|index=5157|total=1|smooth=1|singular=0
RECORD|index=5158|total=1|smooth=1|singular=0
RECORD|index=5159|total=1|smooth=1|singular=0
RECORD|index=5160|total=1|smooth=1|singular=0
RECORD|index=5161|total=2|smooth=2|singular=0
RECORD|index=5162|total=0|smooth=0|singular=0
RECORD|index=5163|total=4|smooth=4|singular=0
RECORD|index=5164|total=1|smooth=1|singular=0
RECORD|index=5165|total=2|smooth=2|singular=0
RECORD|index=5166|total=1|smooth=1|singular=0
RECORD|index=5167|total=1|smooth=1|singular=0
RECORD|index=5168|total=1|smooth=1|singular=0
RECORD|index=5169|total=1|smooth=1|singular=0
RECORD|index=5170|total=0|smooth=0|singular=0
RECORD|index=5171|total=2|smooth=2|singular=0
RECORD|index=5172|total=3|smooth=3|singular=0
RECORD|index=5173|total=2|smooth=2|singular=0
RECORD|index=5174|total=2|smooth=2|singular=0
RECORD|index=5175|total=1|smooth=1|singular=0
RECORD|index=5176|total=2|smooth=2|singular=0
RECORD|index=5177|total=0|smooth=0|singular=0
RECORD|index=5178|total=1|smooth=1|singular=0
RECORD|index=5179|total=0|smooth=0|singular=0
RECORD|index=5180|total=1|smooth=1|singular=0
RECORD|index=5181|total=2|smooth=2|singular=0
RECORD|index=5182|total=0|smooth=0|singular=0
RECORD|index=5183|total=0|smooth=0|singular=0
RECORD|index=5184|total=1|smooth=1|singular=0
RECORD|index=5185|total=1|smooth=1|singular=0
RECORD|index=5186|total=1|smooth=1|singular=0
RECORD|index=5187|total=1|smooth=1|singular=0
RECORD|index=5188|total=0|smooth=0|singular=0
RECORD|index=5189|total=1|smooth=1|singular=0
RECORD|index=5190|total=2|smooth=2|singular=0
RECORD|index=5191|total=0|smooth=0|singular=0
RECORD|index=5192|total=1|smooth=1|singular=0
RECORD|index=5193|total=1|smooth=1|singular=0
RECORD|index=5194|total=1|smooth=1|singular=0
RECORD|index=5195|total=0|smooth=0|singular=0
RECORD|index=5196|total=2|smooth=2|singular=0
RECORD|index=5197|total=1|smooth=1|singular=0
RECORD|index=5198|total=1|smooth=1|singular=0
RECORD|index=5199|total=1|smooth=1|singular=0
RECORD|index=5200|total=0|smooth=0|singular=0
RECORD|index=5201|total=1|smooth=1|singular=0
RECORD|index=5202|total=0|smooth=0|singular=0
RECORD|index=5203|total=4|smooth=4|singular=0
RECORD|index=5204|total=0|smooth=0|singular=0
RECORD|index=5205|total=0|smooth=0|singular=0
RECORD|index=5206|total=2|smooth=2|singular=0
RECORD|index=5207|total=1|smooth=1|singular=0
RECORD|index=5208|total=0|smooth=0|singular=0
RECORD|index=5209|total=0|smooth=0|singular=0
RECORD|index=5210|total=1|smooth=1|singular=0
RECORD|index=5211|total=1|smooth=1|singular=0
RECORD|index=5212|total=2|smooth=2|singular=0
RECORD|index=5213|total=0|smooth=0|singular=0
RECORD|index=5214|total=3|smooth=3|singular=0
RECORD|index=5215|total=0|smooth=0|singular=0
RECORD|index=5216|total=2|smooth=2|singular=0
RECORD|index=5217|total=2|smooth=2|singular=0
RECORD|index=5218|total=1|smooth=1|singular=0
RECORD|index=5219|total=0|smooth=0|singular=0
RECORD|index=5220|total=3|smooth=3|singular=0
RECORD|index=5221|total=0|smooth=0|singular=0
RECORD|index=5222|total=1|smooth=1|singular=0
RECORD|index=5223|total=2|smooth=2|singular=0
RECORD|index=5224|total=1|smooth=1|singular=0
RECORD|index=5225|total=0|smooth=0|singular=0
RECORD|index=5226|total=0|smooth=0|singular=0
RECORD|index=5227|total=1|smooth=1|singular=0
RECORD|index=5228|total=1|smooth=1|singular=0
RECORD|index=5229|total=1|smooth=1|singular=0
RECORD|index=5230|total=1|smooth=1|singular=0
RECORD|index=5231|total=0|smooth=0|singular=0
RECORD|index=5232|total=1|smooth=1|singular=0
RECORD|index=5233|total=1|smooth=1|singular=0
RECORD|index=5234|total=0|smooth=0|singular=0
RECORD|index=5235|total=0|smooth=0|singular=0
RECORD|index=5236|total=1|smooth=1|singular=0
RECORD|index=5237|total=2|smooth=2|singular=0
RECORD|index=5238|total=2|smooth=2|singular=0
RECORD|index=5239|total=2|smooth=2|singular=0
RECORD|index=5240|total=1|smooth=1|singular=0
RECORD|index=5241|total=0|smooth=0|singular=0
RECORD|index=5242|total=0|smooth=0|singular=0
RECORD|index=5243|total=1|smooth=1|singular=0
RECORD|index=5244|total=0|smooth=0|singular=0
RECORD|index=5245|total=1|smooth=1|singular=0
RECORD|index=5246|total=3|smooth=3|singular=0
RECORD|index=5247|total=0|smooth=0|singular=0
RECORD|index=5248|total=0|smooth=0|singular=0
RECORD|index=5249|total=2|smooth=2|singular=0
RECORD|index=5250|total=0|smooth=0|singular=0
RECORD|index=5251|total=1|smooth=1|singular=0
RECORD|index=5252|total=1|smooth=1|singular=0
RECORD|index=5253|total=2|smooth=2|singular=0
RECORD|index=5254|total=1|smooth=1|singular=0
RECORD|index=5255|total=2|smooth=2|singular=0
RECORD|index=5256|total=1|smooth=1|singular=0
RECORD|index=5257|total=0|smooth=0|singular=0
RECORD|index=5258|total=0|smooth=0|singular=0
RECORD|index=5259|total=2|smooth=2|singular=0
RECORD|index=5260|total=0|smooth=0|singular=0
RECORD|index=5261|total=2|smooth=2|singular=0
RECORD|index=5262|total=0|smooth=0|singular=0
RECORD|index=5263|total=1|smooth=1|singular=0
RECORD|index=5264|total=2|smooth=2|singular=0
RECORD|index=5265|total=2|smooth=2|singular=0
RECORD|index=5266|total=0|smooth=0|singular=0
RECORD|index=5267|total=1|smooth=1|singular=0
RECORD|index=5268|total=0|smooth=0|singular=0
RECORD|index=5269|total=0|smooth=0|singular=0
RECORD|index=5270|total=1|smooth=1|singular=0
RECORD|index=5271|total=2|smooth=2|singular=0
RECORD|index=5272|total=1|smooth=1|singular=0
RECORD|index=5273|total=2|smooth=2|singular=0
RECORD|index=5274|total=0|smooth=0|singular=0
RECORD|index=5275|total=0|smooth=0|singular=0
RECORD|index=5276|total=1|smooth=1|singular=0
RECORD|index=5277|total=1|smooth=1|singular=0
RECORD|index=5278|total=0|smooth=0|singular=0
RECORD|index=5279|total=1|smooth=1|singular=0
RECORD|index=5280|total=0|smooth=0|singular=0
RECORD|index=5281|total=0|smooth=0|singular=0
RECORD|index=5282|total=2|smooth=2|singular=0
RECORD|index=5283|total=0|smooth=0|singular=0
RECORD|index=5284|total=1|smooth=1|singular=0
RECORD|index=5285|total=0|smooth=0|singular=0
RECORD|index=5286|total=0|smooth=0|singular=0
RECORD|index=5287|total=0|smooth=0|singular=0
RECORD|index=5288|total=1|smooth=1|singular=0
RECORD|index=5289|total=2|smooth=2|singular=0
RECORD|index=5290|total=1|smooth=1|singular=0
RECORD|index=5291|total=1|smooth=1|singular=0
RECORD|index=5292|total=1|smooth=1|singular=0
RECORD|index=5293|total=0|smooth=0|singular=0
RECORD|index=5294|total=2|smooth=2|singular=0
RECORD|index=5295|total=1|smooth=1|singular=0
RECORD|index=5296|total=0|smooth=0|singular=0
RECORD|index=5297|total=0|smooth=0|singular=0
RECORD|index=5298|total=0|smooth=0|singular=0
RECORD|index=5299|total=1|smooth=1|singular=0
RECORD|index=5300|total=1|smooth=1|singular=0
RECORD|index=5301|total=0|smooth=0|singular=0
RECORD|index=5302|total=2|smooth=2|singular=0
RECORD|index=5303|total=1|smooth=1|singular=0
RECORD|index=5304|total=0|smooth=0|singular=0
RECORD|index=5305|total=1|smooth=1|singular=0
RECORD|index=5306|total=1|smooth=1|singular=0
RECORD|index=5307|total=1|smooth=1|singular=0
RECORD|index=5308|total=2|smooth=2|singular=0
RECORD|index=5309|total=1|smooth=1|singular=0
RECORD|index=5310|total=0|smooth=0|singular=0
RECORD|index=5311|total=0|smooth=0|singular=0
RECORD|index=5312|total=2|smooth=2|singular=0
RECORD|index=5313|total=1|smooth=1|singular=0
RECORD|index=5314|total=2|smooth=2|singular=0
RECORD|index=5315|total=0|smooth=0|singular=0
RECORD|index=5316|total=1|smooth=1|singular=0
RECORD|index=5317|total=4|smooth=4|singular=0
RECORD|index=5318|total=0|smooth=0|singular=0
RECORD|index=5319|total=2|smooth=2|singular=0
RECORD|index=5320|total=0|smooth=0|singular=0
RECORD|index=5321|total=1|smooth=1|singular=0
RECORD|index=5322|total=0|smooth=0|singular=0
RECORD|index=5323|total=3|smooth=3|singular=0
RECORD|index=5324|total=2|smooth=2|singular=0
RECORD|index=5325|total=1|smooth=1|singular=0
RECORD|index=5326|total=1|smooth=1|singular=0
RECORD|index=5327|total=1|smooth=1|singular=0
RECORD|index=5328|total=1|smooth=1|singular=0
RECORD|index=5329|total=1|smooth=1|singular=0
RECORD|index=5330|total=0|smooth=0|singular=0
RECORD|index=5331|total=0|smooth=0|singular=0
RECORD|index=5332|total=0|smooth=0|singular=0
RECORD|index=5333|total=2|smooth=2|singular=0
RECORD|index=5334|total=0|smooth=0|singular=0
RECORD|index=5335|total=1|smooth=1|singular=0
RECORD|index=5336|total=0|smooth=0|singular=0
RECORD|index=5337|total=1|smooth=1|singular=0
RECORD|index=5338|total=2|smooth=2|singular=0
RECORD|index=5339|total=1|smooth=1|singular=0
RECORD|index=5340|total=0|smooth=0|singular=0
RECORD|index=5341|total=5|smooth=5|singular=0
RECORD|index=5342|total=2|smooth=2|singular=0
RECORD|index=5343|total=1|smooth=1|singular=0
RECORD|index=5344|total=3|smooth=3|singular=0
RECORD|index=5345|total=1|smooth=1|singular=0
RECORD|index=5346|total=1|smooth=1|singular=0
RECORD|index=5347|total=1|smooth=1|singular=0
RECORD|index=5348|total=1|smooth=1|singular=0
RECORD|index=5349|total=0|smooth=0|singular=0
RECORD|index=5350|total=2|smooth=2|singular=0
RECORD|index=5351|total=3|smooth=3|singular=0
RECORD|index=5352|total=1|smooth=1|singular=0
RECORD|index=5353|total=1|smooth=1|singular=0
RECORD|index=5354|total=1|smooth=1|singular=0
RECORD|index=5355|total=0|smooth=0|singular=0
RECORD|index=5356|total=0|smooth=0|singular=0
RECORD|index=5357|total=2|smooth=2|singular=0
RECORD|index=5358|total=1|smooth=1|singular=0
RECORD|index=5359|total=0|smooth=0|singular=0
RECORD|index=5360|total=2|smooth=2|singular=0
RECORD|index=5361|total=0|smooth=0|singular=0
RECORD|index=5362|total=1|smooth=1|singular=0
RECORD|index=5363|total=2|smooth=2|singular=0
RECORD|index=5364|total=0|smooth=0|singular=0
RECORD|index=5365|total=1|smooth=1|singular=0
RECORD|index=5366|total=0|smooth=0|singular=0
RECORD|index=5367|total=0|smooth=0|singular=0
RECORD|index=5368|total=0|smooth=0|singular=0
RECORD|index=5369|total=1|smooth=1|singular=0
RECORD|index=5370|total=0|smooth=0|singular=0
RECORD|index=5371|total=0|smooth=0|singular=0
RECORD|index=5372|total=0|smooth=0|singular=0
RECORD|index=5373|total=0|smooth=0|singular=0
RECORD|index=5374|total=0|smooth=0|singular=0
RECORD|index=5375|total=1|smooth=1|singular=0
RECORD|index=5376|total=0|smooth=0|singular=0
RECORD|index=5377|total=1|smooth=1|singular=0
RECORD|index=5378|total=1|smooth=1|singular=0
RECORD|index=5379|total=0|smooth=0|singular=0
RECORD|index=5380|total=0|smooth=0|singular=0
RECORD|index=5381|total=1|smooth=1|singular=0
RECORD|index=5382|total=1|smooth=1|singular=0
RECORD|index=5383|total=0|smooth=0|singular=0
RECORD|index=5384|total=0|smooth=0|singular=0
RECORD|index=5385|total=2|smooth=2|singular=0
RECORD|index=5386|total=0|smooth=0|singular=0
RECORD|index=5387|total=1|smooth=1|singular=0
RECORD|index=5388|total=1|smooth=1|singular=0
RECORD|index=5389|total=0|smooth=0|singular=0
RECORD|index=5390|total=0|smooth=0|singular=0
RECORD|index=5391|total=1|smooth=1|singular=0
RECORD|index=5392|total=2|smooth=2|singular=0
RECORD|index=5393|total=1|smooth=1|singular=0
RECORD|index=5394|total=2|smooth=2|singular=0
RECORD|index=5395|total=1|smooth=1|singular=0
RECORD|index=5396|total=0|smooth=0|singular=0
RECORD|index=5397|total=1|smooth=1|singular=0
RECORD|index=5398|total=0|smooth=0|singular=0
RECORD|index=5399|total=0|smooth=0|singular=0
RECORD|index=5400|total=1|smooth=1|singular=0
RECORD|index=5401|total=0|smooth=0|singular=0
RECORD|index=5402|total=1|smooth=1|singular=0
RECORD|index=5403|total=1|smooth=1|singular=0
RECORD|index=5404|total=1|smooth=1|singular=0
RECORD|index=5405|total=0|smooth=0|singular=0
RECORD|index=5406|total=0|smooth=0|singular=0
RECORD|index=5407|total=0|smooth=0|singular=0
RECORD|index=5408|total=0|smooth=0|singular=0
RECORD|index=5409|total=1|smooth=1|singular=0
RECORD|index=5410|total=0|smooth=0|singular=0
RECORD|index=5411|total=0|smooth=0|singular=0
RECORD|index=5412|total=2|smooth=2|singular=0
RECORD|index=5413|total=2|smooth=2|singular=0
RECORD|index=5414|total=1|smooth=1|singular=0
RECORD|index=5415|total=3|smooth=3|singular=0
RECORD|index=5416|total=0|smooth=0|singular=0
RECORD|index=5417|total=0|smooth=0|singular=0
RECORD|index=5418|total=0|smooth=0|singular=0
RECORD|index=5419|total=1|smooth=1|singular=0
RECORD|index=5420|total=2|smooth=2|singular=0
RECORD|index=5421|total=1|smooth=1|singular=0
RECORD|index=5422|total=0|smooth=0|singular=0
RECORD|index=5423|total=1|smooth=1|singular=0
RECORD|index=5424|total=1|smooth=1|singular=0
RECORD|index=5425|total=2|smooth=2|singular=0
RECORD|index=5426|total=0|smooth=0|singular=0
RECORD|index=5427|total=2|smooth=2|singular=0
RECORD|index=5428|total=3|smooth=3|singular=0
RECORD|index=5429|total=0|smooth=0|singular=0
RECORD|index=5430|total=2|smooth=2|singular=0
RECORD|index=5431|total=2|smooth=2|singular=0
RECORD|index=5432|total=0|smooth=0|singular=0
RECORD|index=5433|total=1|smooth=1|singular=0
RECORD|index=5434|total=3|smooth=3|singular=0
RECORD|index=5435|total=2|smooth=2|singular=0
RECORD|index=5436|total=1|smooth=1|singular=0
RECORD|index=5437|total=1|smooth=1|singular=0
RECORD|index=5438|total=2|smooth=2|singular=0
RECORD|index=5439|total=1|smooth=1|singular=0
RECORD|index=5440|total=1|smooth=1|singular=0
RECORD|index=5441|total=0|smooth=0|singular=0
RECORD|index=5442|total=3|smooth=3|singular=0
RECORD|index=5443|total=0|smooth=0|singular=0
RECORD|index=5444|total=1|smooth=1|singular=0
RECORD|index=5445|total=1|smooth=1|singular=0
RECORD|index=5446|total=1|smooth=1|singular=0
RECORD|index=5447|total=1|smooth=1|singular=0
RECORD|index=5448|total=0|smooth=0|singular=0
RECORD|index=5449|total=3|smooth=3|singular=0
RECORD|index=5450|total=0|smooth=0|singular=0
RECORD|index=5451|total=1|smooth=1|singular=0
RECORD|index=5452|total=0|smooth=0|singular=0
RECORD|index=5453|total=0|smooth=0|singular=0
RECORD|index=5454|total=0|smooth=0|singular=0
RECORD|index=5455|total=2|smooth=2|singular=0
RECORD|index=5456|total=2|smooth=2|singular=0
RECORD|index=5457|total=1|smooth=1|singular=0
RECORD|index=5458|total=2|smooth=2|singular=0
RECORD|index=5459|total=2|smooth=2|singular=0
RECORD|index=5460|total=2|smooth=2|singular=0
RECORD|index=5461|total=0|smooth=0|singular=0
RECORD|index=5462|total=1|smooth=1|singular=0
RECORD|index=5463|total=4|smooth=4|singular=0
RECORD|index=5464|total=2|smooth=2|singular=0
RECORD|index=5465|total=0|smooth=0|singular=0
RECORD|index=5466|total=1|smooth=1|singular=0
RECORD|index=5467|total=3|smooth=3|singular=0
RECORD|index=5468|total=1|smooth=1|singular=0
RECORD|index=5469|total=0|smooth=0|singular=0
RECORD|index=5470|total=0|smooth=0|singular=0
RECORD|index=5471|total=1|smooth=1|singular=0
RECORD|index=5472|total=0|smooth=0|singular=0
RECORD|index=5473|total=1|smooth=1|singular=0
RECORD|index=5474|total=0|smooth=0|singular=0
RECORD|index=5475|total=0|smooth=0|singular=0
RECORD|index=5476|total=1|smooth=1|singular=0
RECORD|index=5477|total=1|smooth=1|singular=0
RECORD|index=5478|total=0|smooth=0|singular=0
RECORD|index=5479|total=0|smooth=0|singular=0
RECORD|index=5480|total=1|smooth=1|singular=0
RECORD|index=5481|total=1|smooth=1|singular=0
RECORD|index=5482|total=1|smooth=1|singular=0
RECORD|index=5483|total=1|smooth=1|singular=0
RECORD|index=5484|total=0|smooth=0|singular=0
RECORD|index=5485|total=1|smooth=1|singular=0
RECORD|index=5486|total=1|smooth=1|singular=0
RECORD|index=5487|total=1|smooth=1|singular=0
RECORD|index=5488|total=0|smooth=0|singular=0
RECORD|index=5489|total=1|smooth=1|singular=0
RECORD|index=5490|total=1|smooth=1|singular=0
RECORD|index=5491|total=1|smooth=1|singular=0
RECORD|index=5492|total=1|smooth=1|singular=0
RECORD|index=5493|total=0|smooth=0|singular=0
RECORD|index=5494|total=0|smooth=0|singular=0
RECORD|index=5495|total=2|smooth=2|singular=0
RECORD|index=5496|total=1|smooth=1|singular=0
RECORD|index=5497|total=1|smooth=1|singular=0
RECORD|index=5498|total=1|smooth=1|singular=0
RECORD|index=5499|total=1|smooth=1|singular=0
RECORD|index=5500|total=0|smooth=0|singular=0
RECORD|index=5501|total=1|smooth=1|singular=0
RECORD|index=5502|total=2|smooth=2|singular=0
RECORD|index=5503|total=0|smooth=0|singular=0
RECORD|index=5504|total=4|smooth=4|singular=0
RECORD|index=5505|total=2|smooth=2|singular=0
RECORD|index=5506|total=0|smooth=0|singular=0
RECORD|index=5507|total=0|smooth=0|singular=0
RECORD|index=5508|total=0|smooth=0|singular=0
RECORD|index=5509|total=2|smooth=2|singular=0
RECORD|index=5510|total=2|smooth=2|singular=0
RECORD|index=5511|total=0|smooth=0|singular=0
RECORD|index=5512|total=0|smooth=0|singular=0
RECORD|index=5513|total=0|smooth=0|singular=0
RECORD|index=5514|total=0|smooth=0|singular=0
RECORD|index=5515|total=2|smooth=2|singular=0
RECORD|index=5516|total=0|smooth=0|singular=0
RECORD|index=5517|total=0|smooth=0|singular=0
RECORD|index=5518|total=0|smooth=0|singular=0
RECORD|index=5519|total=0|smooth=0|singular=0
RECORD|index=5520|total=1|smooth=1|singular=0
RECORD|index=5521|total=0|smooth=0|singular=0
RECORD|index=5522|total=1|smooth=1|singular=0
RECORD|index=5523|total=1|smooth=1|singular=0
RECORD|index=5524|total=2|smooth=2|singular=0
RECORD|index=5525|total=0|smooth=0|singular=0
RECORD|index=5526|total=0|smooth=0|singular=0
RECORD|index=5527|total=0|smooth=0|singular=0
RECORD|index=5528|total=0|smooth=0|singular=0
RECORD|index=5529|total=0|smooth=0|singular=0
RECORD|index=5530|total=2|smooth=2|singular=0
RECORD|index=5531|total=2|smooth=2|singular=0
RECORD|index=5532|total=1|smooth=1|singular=0
RECORD|index=5533|total=1|smooth=1|singular=0
RECORD|index=5534|total=1|smooth=1|singular=0
RECORD|index=5535|total=0|smooth=0|singular=0
RECORD|index=5536|total=2|smooth=2|singular=0
RECORD|index=5537|total=1|smooth=1|singular=0
RECORD|index=5538|total=0|smooth=0|singular=0
RECORD|index=5539|total=2|smooth=2|singular=0
RECORD|index=5540|total=0|smooth=0|singular=0
RECORD|index=5541|total=2|smooth=2|singular=0
RECORD|index=5542|total=0|smooth=0|singular=0
RECORD|index=5543|total=1|smooth=1|singular=0
RECORD|index=5544|total=1|smooth=1|singular=0
RECORD|index=5545|total=0|smooth=0|singular=0
RECORD|index=5546|total=1|smooth=1|singular=0
RECORD|index=5547|total=1|smooth=1|singular=0
RECORD|index=5548|total=0|smooth=0|singular=0
RECORD|index=5549|total=2|smooth=2|singular=0
RECORD|index=5550|total=0|smooth=0|singular=0
RECORD|index=5551|total=3|smooth=3|singular=0
RECORD|index=5552|total=2|smooth=2|singular=0
RECORD|index=5553|total=1|smooth=1|singular=0
RECORD|index=5554|total=1|smooth=1|singular=0
RECORD|index=5555|total=0|smooth=0|singular=0
RECORD|index=5556|total=0|smooth=0|singular=0
RECORD|index=5557|total=1|smooth=1|singular=0
RECORD|index=5558|total=1|smooth=1|singular=0
RECORD|index=5559|total=0|smooth=0|singular=0
RECORD|index=5560|total=1|smooth=1|singular=0
RECORD|index=5561|total=0|smooth=0|singular=0
RECORD|index=5562|total=1|smooth=1|singular=0
RECORD|index=5563|total=1|smooth=1|singular=0
RECORD|index=5564|total=2|smooth=2|singular=0
RECORD|index=5565|total=0|smooth=0|singular=0
RECORD|index=5566|total=1|smooth=1|singular=0
RECORD|index=5567|total=0|smooth=0|singular=0
RECORD|index=5568|total=1|smooth=1|singular=0
RECORD|index=5569|total=1|smooth=1|singular=0
RECORD|index=5570|total=0|smooth=0|singular=0
RECORD|index=5571|total=0|smooth=0|singular=0
RECORD|index=5572|total=2|smooth=2|singular=0
RECORD|index=5573|total=0|smooth=0|singular=0
RECORD|index=5574|total=3|smooth=3|singular=0
RECORD|index=5575|total=1|smooth=1|singular=0
RECORD|index=5576|total=1|smooth=1|singular=0
RECORD|index=5577|total=1|smooth=1|singular=0
RECORD|index=5578|total=3|smooth=3|singular=0
RECORD|index=5579|total=0|smooth=0|singular=0
RECORD|index=5580|total=1|smooth=1|singular=0
RECORD|index=5581|total=1|smooth=1|singular=0
RECORD|index=5582|total=2|smooth=2|singular=0
RECORD|index=5583|total=1|smooth=1|singular=0
RECORD|index=5584|total=1|smooth=1|singular=0
RECORD|index=5585|total=3|smooth=3|singular=0
RECORD|index=5586|total=0|smooth=0|singular=0
RECORD|index=5587|total=0|smooth=0|singular=0
RECORD|index=5588|total=0|smooth=0|singular=0
RECORD|index=5589|total=0|smooth=0|singular=0
RECORD|index=5590|total=1|smooth=1|singular=0
RECORD|index=5591|total=0|smooth=0|singular=0
RECORD|index=5592|total=1|smooth=1|singular=0
RECORD|index=5593|total=2|smooth=2|singular=0
RECORD|index=5594|total=0|smooth=0|singular=0
RECORD|index=5595|total=0|smooth=0|singular=0
RECORD|index=5596|total=0|smooth=0|singular=0
RECORD|index=5597|total=1|smooth=1|singular=0
RECORD|index=5598|total=1|smooth=1|singular=0
RECORD|index=5599|total=0|smooth=0|singular=0
RECORD|index=5600|total=0|smooth=0|singular=0
RECORD|index=5601|total=1|smooth=1|singular=0
RECORD|index=5602|total=4|smooth=4|singular=0
RECORD|index=5603|total=1|smooth=1|singular=0
RECORD|index=5604|total=0|smooth=0|singular=0
RECORD|index=5605|total=0|smooth=0|singular=0
RECORD|index=5606|total=1|smooth=1|singular=0
RECORD|index=5607|total=2|smooth=2|singular=0
RECORD|index=5608|total=1|smooth=1|singular=0
RECORD|index=5609|total=1|smooth=1|singular=0
RECORD|index=5610|total=2|smooth=2|singular=0
RECORD|index=5611|total=1|smooth=1|singular=0
RECORD|index=5612|total=0|smooth=0|singular=0
RECORD|index=5613|total=1|smooth=1|singular=0
RECORD|index=5614|total=0|smooth=0|singular=0
RECORD|index=5615|total=2|smooth=2|singular=0
RECORD|index=5616|total=4|smooth=4|singular=0
RECORD|index=5617|total=2|smooth=2|singular=0
RECORD|index=5618|total=1|smooth=1|singular=0
RECORD|index=5619|total=0|smooth=0|singular=0
RECORD|index=5620|total=2|smooth=2|singular=0
RECORD|index=5621|total=0|smooth=0|singular=0
RECORD|index=5622|total=1|smooth=1|singular=0
RECORD|index=5623|total=0|smooth=0|singular=0
RECORD|index=5624|total=1|smooth=1|singular=0
RECORD|index=5625|total=0|smooth=0|singular=0
RECORD|index=5626|total=1|smooth=1|singular=0
RECORD|index=5627|total=0|smooth=0|singular=0
RECORD|index=5628|total=1|smooth=1|singular=0
RECORD|index=5629|total=2|smooth=2|singular=0
RECORD|index=5630|total=1|smooth=1|singular=0
RECORD|index=5631|total=1|smooth=1|singular=0
RECORD|index=5632|total=0|smooth=0|singular=0
RECORD|index=5633|total=4|smooth=4|singular=0
RECORD|index=5634|total=1|smooth=1|singular=0
RECORD|index=5635|total=1|smooth=1|singular=0
RECORD|index=5636|total=0|smooth=0|singular=0
RECORD|index=5637|total=0|smooth=0|singular=0
RECORD|index=5638|total=2|smooth=2|singular=0
RECORD|index=5639|total=2|smooth=2|singular=0
RECORD|index=5640|total=1|smooth=1|singular=0
RECORD|index=5641|total=1|smooth=1|singular=0
RECORD|index=5642|total=3|smooth=3|singular=0
RECORD|index=5643|total=1|smooth=1|singular=0
RECORD|index=5644|total=0|smooth=0|singular=0
RECORD|index=5645|total=0|smooth=0|singular=0
RECORD|index=5646|total=0|smooth=0|singular=0
RECORD|index=5647|total=0|smooth=0|singular=0
RECORD|index=5648|total=1|smooth=1|singular=0
RECORD|index=5649|total=0|smooth=0|singular=0
RECORD|index=5650|total=0|smooth=0|singular=0
RECORD|index=5651|total=2|smooth=2|singular=0
RECORD|index=5652|total=1|smooth=1|singular=0
RECORD|index=5653|total=0|smooth=0|singular=0
RECORD|index=5654|total=2|smooth=2|singular=0
RECORD|index=5655|total=0|smooth=0|singular=0
RECORD|index=5656|total=3|smooth=3|singular=0
RECORD|index=5657|total=0|smooth=0|singular=0
RECORD|index=5658|total=1|smooth=1|singular=0
RECORD|index=5659|total=1|smooth=1|singular=0
RECORD|index=5660|total=1|smooth=1|singular=0
RECORD|index=5661|total=0|smooth=0|singular=0
RECORD|index=5662|total=0|smooth=0|singular=0
RECORD|index=5663|total=1|smooth=1|singular=0
RECORD|index=5664|total=1|smooth=1|singular=0
RECORD|index=5665|total=1|smooth=1|singular=0
RECORD|index=5666|total=1|smooth=1|singular=0
RECORD|index=5667|total=1|smooth=1|singular=0
RECORD|index=5668|total=0|smooth=0|singular=0
RECORD|index=5669|total=0|smooth=0|singular=0
RECORD|index=5670|total=1|smooth=1|singular=0
RECORD|index=5671|total=0|smooth=0|singular=0
RECORD|index=5672|total=1|smooth=1|singular=0
RECORD|index=5673|total=1|smooth=1|singular=0
RECORD|index=5674|total=0|smooth=0|singular=0
RECORD|index=5675|total=0|smooth=0|singular=0
RECORD|index=5676|total=3|smooth=3|singular=0
RECORD|index=5677|total=0|smooth=0|singular=0
RECORD|index=5678|total=1|smooth=1|singular=0
RECORD|index=5679|total=0|smooth=0|singular=0
RECORD|index=5680|total=0|smooth=0|singular=0
RECORD|index=5681|total=1|smooth=1|singular=0
RECORD|index=5682|total=0|smooth=0|singular=0
RECORD|index=5683|total=0|smooth=0|singular=0
RECORD|index=5684|total=1|smooth=1|singular=0
RECORD|index=5685|total=1|smooth=1|singular=0
RECORD|index=5686|total=1|smooth=1|singular=0
RECORD|index=5687|total=1|smooth=1|singular=0
RECORD|index=5688|total=1|smooth=1|singular=0
RECORD|index=5689|total=0|smooth=0|singular=0
RECORD|index=5690|total=1|smooth=1|singular=0
RECORD|index=5691|total=3|smooth=3|singular=0
RECORD|index=5692|total=2|smooth=2|singular=0
RECORD|index=5693|total=0|smooth=0|singular=0
RECORD|index=5694|total=1|smooth=1|singular=0
RECORD|index=5695|total=0|smooth=0|singular=0
RECORD|index=5696|total=1|smooth=1|singular=0
RECORD|index=5697|total=2|smooth=2|singular=0
RECORD|index=5698|total=1|smooth=1|singular=0
RECORD|index=5699|total=0|smooth=0|singular=0
RECORD|index=5700|total=0|smooth=0|singular=0
RECORD|index=5701|total=1|smooth=1|singular=0
RECORD|index=5702|total=2|smooth=2|singular=0
RECORD|index=5703|total=0|smooth=0|singular=0
RECORD|index=5704|total=0|smooth=0|singular=0
RECORD|index=5705|total=3|smooth=3|singular=0
RECORD|index=5706|total=1|smooth=1|singular=0
RECORD|index=5707|total=1|smooth=1|singular=0
RECORD|index=5708|total=1|smooth=1|singular=0
RECORD|index=5709|total=1|smooth=1|singular=0
RECORD|index=5710|total=2|smooth=2|singular=0
RECORD|index=5711|total=0|smooth=0|singular=0
RECORD|index=5712|total=0|smooth=0|singular=0
RECORD|index=5713|total=0|smooth=0|singular=0
RECORD|index=5714|total=1|smooth=1|singular=0
RECORD|index=5715|total=2|smooth=2|singular=0
RECORD|index=5716|total=1|smooth=1|singular=0
RECORD|index=5717|total=2|smooth=2|singular=0
RECORD|index=5718|total=2|smooth=2|singular=0
RECORD|index=5719|total=0|smooth=0|singular=0
RECORD|index=5720|total=3|smooth=3|singular=0
RECORD|index=5721|total=0|smooth=0|singular=0
RECORD|index=5722|total=3|smooth=3|singular=0
RECORD|index=5723|total=0|smooth=0|singular=0
RECORD|index=5724|total=1|smooth=1|singular=0
RECORD|index=5725|total=1|smooth=1|singular=0
RECORD|index=5726|total=3|smooth=3|singular=0
RECORD|index=5727|total=0|smooth=0|singular=0
RECORD|index=5728|total=1|smooth=1|singular=0
RECORD|index=5729|total=0|smooth=0|singular=0
RECORD|index=5730|total=0|smooth=0|singular=0
RECORD|index=5731|total=5|smooth=5|singular=0
RECORD|index=5732|total=0|smooth=0|singular=0
RECORD|index=5733|total=3|smooth=3|singular=0
RECORD|index=5734|total=0|smooth=0|singular=0
RECORD|index=5735|total=0|smooth=0|singular=0
RECORD|index=5736|total=3|smooth=3|singular=0
RECORD|index=5737|total=1|smooth=1|singular=0
RECORD|index=5738|total=2|smooth=2|singular=0
RECORD|index=5739|total=1|smooth=1|singular=0
RECORD|index=5740|total=0|smooth=0|singular=0
RECORD|index=5741|total=0|smooth=0|singular=0
RECORD|index=5742|total=1|smooth=1|singular=0
RECORD|index=5743|total=1|smooth=1|singular=0
RECORD|index=5744|total=3|smooth=3|singular=0
RECORD|index=5745|total=2|smooth=2|singular=0
RECORD|index=5746|total=0|smooth=0|singular=0
RECORD|index=5747|total=0|smooth=0|singular=0
RECORD|index=5748|total=1|smooth=1|singular=0
RECORD|index=5749|total=1|smooth=1|singular=0
RECORD|index=5750|total=1|smooth=1|singular=0
RECORD|index=5751|total=1|smooth=1|singular=0
RECORD|index=5752|total=0|smooth=0|singular=0
RECORD|index=5753|total=0|smooth=0|singular=0
RECORD|index=5754|total=1|smooth=1|singular=0
RECORD|index=5755|total=0|smooth=0|singular=0
RECORD|index=5756|total=1|smooth=1|singular=0
RECORD|index=5757|total=3|smooth=3|singular=0
RECORD|index=5758|total=1|smooth=1|singular=0
RECORD|index=5759|total=1|smooth=1|singular=0
RECORD|index=5760|total=1|smooth=1|singular=0
RECORD|index=5761|total=0|smooth=0|singular=0
RECORD|index=5762|total=1|smooth=1|singular=0
RECORD|index=5763|total=2|smooth=2|singular=0
RECORD|index=5764|total=2|smooth=2|singular=0
RECORD|index=5765|total=2|smooth=2|singular=0
RECORD|index=5766|total=2|smooth=2|singular=0
RECORD|index=5767|total=1|smooth=1|singular=0
RECORD|index=5768|total=0|smooth=0|singular=0
RECORD|index=5769|total=0|smooth=0|singular=0
RECORD|index=5770|total=0|smooth=0|singular=0
RECORD|index=5771|total=0|smooth=0|singular=0
RECORD|index=5772|total=0|smooth=0|singular=0
RECORD|index=5773|total=0|smooth=0|singular=0
RECORD|index=5774|total=1|smooth=1|singular=0
RECORD|index=5775|total=0|smooth=0|singular=0
RECORD|index=5776|total=1|smooth=1|singular=0
RECORD|index=5777|total=0|smooth=0|singular=0
RECORD|index=5778|total=0|smooth=0|singular=0
RECORD|index=5779|total=2|smooth=2|singular=0
RECORD|index=5780|total=1|smooth=1|singular=0
RECORD|index=5781|total=0|smooth=0|singular=0
RECORD|index=5782|total=0|smooth=0|singular=0
RECORD|index=5783|total=2|smooth=2|singular=0
RECORD|index=5784|total=1|smooth=1|singular=0
RECORD|index=5785|total=1|smooth=1|singular=0
RECORD|index=5786|total=2|smooth=2|singular=0
RECORD|index=5787|total=3|smooth=3|singular=0
RECORD|index=5788|total=0|smooth=0|singular=0
RECORD|index=5789|total=0|smooth=0|singular=0
RECORD|index=5790|total=3|smooth=3|singular=0
RECORD|index=5791|total=2|smooth=2|singular=0
RECORD|index=5792|total=2|smooth=2|singular=0
RECORD|index=5793|total=1|smooth=1|singular=0
RECORD|index=5794|total=1|smooth=1|singular=0
RECORD|index=5795|total=2|smooth=2|singular=0
RECORD|index=5796|total=1|smooth=1|singular=0
RECORD|index=5797|total=0|smooth=0|singular=0
RECORD|index=5798|total=1|smooth=1|singular=0
RECORD|index=5799|total=1|smooth=1|singular=0
RECORD|index=5800|total=1|smooth=1|singular=0
RECORD|index=5801|total=1|smooth=1|singular=0
RECORD|index=5802|total=3|smooth=3|singular=0
RECORD|index=5803|total=0|smooth=0|singular=0
RECORD|index=5804|total=2|smooth=2|singular=0
RECORD|index=5805|total=4|smooth=4|singular=0
RECORD|index=5806|total=0|smooth=0|singular=0
RECORD|index=5807|total=1|smooth=1|singular=0
RECORD|index=5808|total=1|smooth=1|singular=0
RECORD|index=5809|total=0|smooth=0|singular=0
RECORD|index=5810|total=1|smooth=1|singular=0
RECORD|index=5811|total=1|smooth=1|singular=0
RECORD|index=5812|total=0|smooth=0|singular=0
RECORD|index=5813|total=0|smooth=0|singular=0
RECORD|index=5814|total=2|smooth=2|singular=0
RECORD|index=5815|total=1|smooth=1|singular=0
RECORD|index=5816|total=2|smooth=2|singular=0
RECORD|index=5817|total=2|smooth=2|singular=0
RECORD|index=5818|total=0|smooth=0|singular=0
RECORD|index=5819|total=3|smooth=3|singular=0
RECORD|index=5820|total=0|smooth=0|singular=0
RECORD|index=5821|total=1|smooth=1|singular=0
RECORD|index=5822|total=1|smooth=1|singular=0
RECORD|index=5823|total=3|smooth=3|singular=0
RECORD|index=5824|total=1|smooth=1|singular=0
RECORD|index=5825|total=2|smooth=2|singular=0
RECORD|index=5826|total=1|smooth=1|singular=0
RECORD|index=5827|total=0|smooth=0|singular=0
RECORD|index=5828|total=0|smooth=0|singular=0
RECORD|index=5829|total=0|smooth=0|singular=0
RECORD|index=5830|total=1|smooth=1|singular=0
RECORD|index=5831|total=0|smooth=0|singular=0
RECORD|index=5832|total=0|smooth=0|singular=0
RECORD|index=5833|total=3|smooth=3|singular=0
RECORD|index=5834|total=0|smooth=0|singular=0
RECORD|index=5835|total=0|smooth=0|singular=0
RECORD|index=5836|total=3|smooth=3|singular=0
RECORD|index=5837|total=0|smooth=0|singular=0
RECORD|index=5838|total=0|smooth=0|singular=0
RECORD|index=5839|total=2|smooth=2|singular=0
RECORD|index=5840|total=1|smooth=1|singular=0
RECORD|index=5841|total=1|smooth=1|singular=0
RECORD|index=5842|total=4|smooth=4|singular=0
RECORD|index=5843|total=0|smooth=0|singular=0
RECORD|index=5844|total=2|smooth=2|singular=0
RECORD|index=5845|total=0|smooth=0|singular=0
RECORD|index=5846|total=2|smooth=2|singular=0
RECORD|index=5847|total=4|smooth=4|singular=0
RECORD|index=5848|total=1|smooth=1|singular=0
RECORD|index=5849|total=0|smooth=0|singular=0
RECORD|index=5850|total=0|smooth=0|singular=0
RECORD|index=5851|total=4|smooth=4|singular=0
RECORD|index=5852|total=0|smooth=0|singular=0
RECORD|index=5853|total=0|smooth=0|singular=0
RECORD|index=5854|total=1|smooth=1|singular=0
RECORD|index=5855|total=0|smooth=0|singular=0
RECORD|index=5856|total=0|smooth=0|singular=0
RECORD|index=5857|total=0|smooth=0|singular=0
RECORD|index=5858|total=1|smooth=1|singular=0
RECORD|index=5859|total=4|smooth=4|singular=0
RECORD|index=5860|total=2|smooth=2|singular=0
RECORD|index=5861|total=1|smooth=1|singular=0
RECORD|index=5862|total=0|smooth=0|singular=0
RECORD|index=5863|total=0|smooth=0|singular=0
RECORD|index=5864|total=2|smooth=2|singular=0
RECORD|index=5865|total=2|smooth=2|singular=0
RECORD|index=5866|total=2|smooth=2|singular=0
RECORD|index=5867|total=0|smooth=0|singular=0
RECORD|index=5868|total=2|smooth=2|singular=0
RECORD|index=5869|total=0|smooth=0|singular=0
RECORD|index=5870|total=1|smooth=1|singular=0
RECORD|index=5871|total=0|smooth=0|singular=0
RECORD|index=5872|total=0|smooth=0|singular=0
RECORD|index=5873|total=0|smooth=0|singular=0
RECORD|index=5874|total=1|smooth=1|singular=0
RECORD|index=5875|total=1|smooth=1|singular=0
RECORD|index=5876|total=0|smooth=0|singular=0
RECORD|index=5877|total=2|smooth=2|singular=0
RECORD|index=5878|total=1|smooth=1|singular=0
RECORD|index=5879|total=1|smooth=1|singular=0
RECORD|index=5880|total=1|smooth=1|singular=0
RECORD|index=5881|total=1|smooth=1|singular=0
RECORD|index=5882|total=2|smooth=2|singular=0
RECORD|index=5883|total=0|smooth=0|singular=0
RECORD|index=5884|total=3|smooth=3|singular=0
RECORD|index=5885|total=0|smooth=0|singular=0
RECORD|index=5886|total=1|smooth=1|singular=0
RECORD|index=5887|total=2|smooth=2|singular=0
RECORD|index=5888|total=2|smooth=2|singular=0
RECORD|index=5889|total=1|smooth=1|singular=0
RECORD|index=5890|total=0|smooth=0|singular=0
RECORD|index=5891|total=1|smooth=1|singular=0
RECORD|index=5892|total=2|smooth=2|singular=0
RECORD|index=5893|total=0|smooth=0|singular=0
RECORD|index=5894|total=1|smooth=1|singular=0
RECORD|index=5895|total=1|smooth=1|singular=0
RECORD|index=5896|total=3|smooth=3|singular=0
RECORD|index=5897|total=3|smooth=3|singular=0
RECORD|index=5898|total=0|smooth=0|singular=0
RECORD|index=5899|total=1|smooth=1|singular=0
RECORD|index=5900|total=0|smooth=0|singular=0
RECORD|index=5901|total=0|smooth=0|singular=0
RECORD|index=5902|total=0|smooth=0|singular=0
RECORD|index=5903|total=3|smooth=3|singular=0
RECORD|index=5904|total=2|smooth=2|singular=0
RECORD|index=5905|total=1|smooth=1|singular=0
RECORD|index=5906|total=1|smooth=1|singular=0
RECORD|index=5907|total=3|smooth=3|singular=0
RECORD|index=5908|total=0|smooth=0|singular=0
RECORD|index=5909|total=1|smooth=1|singular=0
RECORD|index=5910|total=1|smooth=1|singular=0
RECORD|index=5911|total=1|smooth=1|singular=0
RECORD|index=5912|total=1|smooth=1|singular=0
RECORD|index=5913|total=1|smooth=1|singular=0
RECORD|index=5914|total=1|smooth=1|singular=0
RECORD|index=5915|total=0|smooth=0|singular=0
RECORD|index=5916|total=1|smooth=1|singular=0
RECORD|index=5917|total=4|smooth=4|singular=0
RECORD|index=5918|total=1|smooth=1|singular=0
RECORD|index=5919|total=1|smooth=1|singular=0
RECORD|index=5920|total=0|smooth=0|singular=0
RECORD|index=5921|total=2|smooth=2|singular=0
RECORD|index=5922|total=0|smooth=0|singular=0
RECORD|index=5923|total=2|smooth=2|singular=0
RECORD|index=5924|total=2|smooth=2|singular=0
RECORD|index=5925|total=2|smooth=2|singular=0
RECORD|index=5926|total=1|smooth=1|singular=0
RECORD|index=5927|total=1|smooth=1|singular=0
RECORD|index=5928|total=0|smooth=0|singular=0
RECORD|index=5929|total=2|smooth=2|singular=0
RECORD|index=5930|total=1|smooth=1|singular=0
RECORD|index=5931|total=0|smooth=0|singular=0
RECORD|index=5932|total=1|smooth=1|singular=0
RECORD|index=5933|total=3|smooth=3|singular=0
RECORD|index=5934|total=6|smooth=6|singular=0
RECORD|index=5935|total=1|smooth=1|singular=0
RECORD|index=5936|total=2|smooth=2|singular=0
RECORD|index=5937|total=1|smooth=1|singular=0
RECORD|index=5938|total=0|smooth=0|singular=0
RECORD|index=5939|total=0|smooth=0|singular=0
RECORD|index=5940|total=3|smooth=3|singular=0
RECORD|index=5941|total=0|smooth=0|singular=0
RECORD|index=5942|total=1|smooth=1|singular=0
RECORD|index=5943|total=1|smooth=1|singular=0
RECORD|index=5944|total=0|smooth=0|singular=0
RECORD|index=5945|total=0|smooth=0|singular=0
RECORD|index=5946|total=3|smooth=3|singular=0
RECORD|index=5947|total=1|smooth=1|singular=0
RECORD|index=5948|total=2|smooth=2|singular=0
RECORD|index=5949|total=1|smooth=1|singular=0
RECORD|index=5950|total=0|smooth=0|singular=0
RECORD|index=5951|total=0|smooth=0|singular=0
RECORD|index=5952|total=1|smooth=1|singular=0
RECORD|index=5953|total=1|smooth=1|singular=0
RECORD|index=5954|total=1|smooth=1|singular=0
RECORD|index=5955|total=0|smooth=0|singular=0
RECORD|index=5956|total=0|smooth=0|singular=0
RECORD|index=5957|total=0|smooth=0|singular=0
RECORD|index=5958|total=0|smooth=0|singular=0
RECORD|index=5959|total=3|smooth=3|singular=0
RECORD|index=5960|total=1|smooth=1|singular=0
RECORD|index=5961|total=2|smooth=2|singular=0
RECORD|index=5962|total=1|smooth=1|singular=0
RECORD|index=5963|total=2|smooth=2|singular=0
RECORD|index=5964|total=1|smooth=1|singular=0
RECORD|index=5965|total=1|smooth=1|singular=0
RECORD|index=5966|total=1|smooth=1|singular=0
RECORD|index=5967|total=1|smooth=1|singular=0
RECORD|index=5968|total=3|smooth=3|singular=0
RECORD|index=5969|total=3|smooth=3|singular=0
RECORD|index=5970|total=0|smooth=0|singular=0
RECORD|index=5971|total=1|smooth=1|singular=0
RECORD|index=5972|total=0|smooth=0|singular=0
RECORD|index=5973|total=1|smooth=1|singular=0
RECORD|index=5974|total=3|smooth=3|singular=0
RECORD|index=5975|total=0|smooth=0|singular=0
RECORD|index=5976|total=1|smooth=1|singular=0
RECORD|index=5977|total=1|smooth=1|singular=0
RECORD|index=5978|total=1|smooth=1|singular=0
RECORD|index=5979|total=1|smooth=1|singular=0
RECORD|index=5980|total=1|smooth=1|singular=0
RECORD|index=5981|total=0|smooth=0|singular=0
RECORD|index=5982|total=0|smooth=0|singular=0
RECORD|index=5983|total=4|smooth=4|singular=0
RECORD|index=5984|total=3|smooth=3|singular=0
RECORD|index=5985|total=0|smooth=0|singular=0
RECORD|index=5986|total=2|smooth=2|singular=0
RECORD|index=5987|total=1|smooth=1|singular=0
RECORD|index=5988|total=0|smooth=0|singular=0
RECORD|index=5989|total=2|smooth=2|singular=0
RECORD|index=5990|total=0|smooth=0|singular=0
RECORD|index=5991|total=0|smooth=0|singular=0
RECORD|index=5992|total=1|smooth=1|singular=0
RECORD|index=5993|total=0|smooth=0|singular=0
RECORD|index=5994|total=0|smooth=0|singular=0
RECORD|index=5995|total=2|smooth=2|singular=0
RECORD|index=5996|total=1|smooth=1|singular=0
RECORD|index=5997|total=1|smooth=1|singular=0
RECORD|index=5998|total=1|smooth=1|singular=0
RECORD|index=5999|total=3|smooth=3|singular=0
RECORD|index=6000|total=1|smooth=1|singular=0
RECORD|index=6001|total=1|smooth=1|singular=0
RECORD|index=6002|total=2|smooth=2|singular=0
RECORD|index=6003|total=1|smooth=1|singular=0
RECORD|index=6004|total=0|smooth=0|singular=0
RECORD|index=6005|total=0|smooth=0|singular=0
RECORD|index=6006|total=2|smooth=2|singular=0
RECORD|index=6007|total=3|smooth=3|singular=0
RECORD|index=6008|total=2|smooth=2|singular=0
RECORD|index=6009|total=2|smooth=2|singular=0
RECORD|index=6010|total=0|smooth=0|singular=0
RECORD|index=6011|total=1|smooth=1|singular=0
RECORD|index=6012|total=1|smooth=1|singular=0
RECORD|index=6013|total=1|smooth=1|singular=0
RECORD|index=6014|total=0|smooth=0|singular=0
RECORD|index=6015|total=3|smooth=3|singular=0
RECORD|index=6016|total=0|smooth=0|singular=0
RECORD|index=6017|total=1|smooth=1|singular=0
RECORD|index=6018|total=0|smooth=0|singular=0
RECORD|index=6019|total=1|smooth=1|singular=0
RECORD|index=6020|total=1|smooth=1|singular=0
RECORD|index=6021|total=1|smooth=1|singular=0
RECORD|index=6022|total=1|smooth=1|singular=0
RECORD|index=6023|total=1|smooth=1|singular=0
RECORD|index=6024|total=2|smooth=2|singular=0
RECORD|index=6025|total=0|smooth=0|singular=0
RECORD|index=6026|total=0|smooth=0|singular=0
RECORD|index=6027|total=1|smooth=1|singular=0
RECORD|index=6028|total=0|smooth=0|singular=0
RECORD|index=6029|total=1|smooth=1|singular=0
RECORD|index=6030|total=1|smooth=1|singular=0
RECORD|index=6031|total=0|smooth=0|singular=0
RECORD|index=6032|total=1|smooth=1|singular=0
RECORD|index=6033|total=1|smooth=1|singular=0
RECORD|index=6034|total=0|smooth=0|singular=0
RECORD|index=6035|total=2|smooth=2|singular=0
RECORD|index=6036|total=0|smooth=0|singular=0
RECORD|index=6037|total=1|smooth=1|singular=0
RECORD|index=6038|total=1|smooth=1|singular=0
RECORD|index=6039|total=0|smooth=0|singular=0
RECORD|index=6040|total=1|smooth=1|singular=0
RECORD|index=6041|total=0|smooth=0|singular=0
RECORD|index=6042|total=2|smooth=2|singular=0
RECORD|index=6043|total=1|smooth=1|singular=0
RECORD|index=6044|total=0|smooth=0|singular=0
RECORD|index=6045|total=0|smooth=0|singular=0
RECORD|index=6046|total=2|smooth=2|singular=0
RECORD|index=6047|total=0|smooth=0|singular=0
SINGULAR_FQ2_SHARD_PASS
