{
 "phase": 2,
 "meta": "box/g9966n1b3-20260903/meta/S1_n18_m12_Mm4_V1_k6_part_5_full.json",
 "characteristic": 32003,
 "phase1_json": "box/g9966n1b3-20260903/reduced/S1_n18_m12_Mm4_V1_k6_part_5_full/reduce_capD.json",
 "phase1_pivots": 50,
 "big_rows_mapped": 169,
 "prior_residual_rows": 66,
 "input_rows": 352,
 "script": "/home/ubuntu/jc2/box/g9966n1b3-20260903/reduced/S1_n18_m12_Mm4_V1_k6_part_5_full/mapall_p32003.sing",
 "script_sha256": "8aae6da93990405550a135d2e0267b447da3179fbd39e53edeefa561b331cfa6",
 "rows_sha256": "ffb62e326f4603d3f341bd1314857ca149a727c68d30578c747e65ac11a7bb49",
 "returncode": -9,
 "timed_out": false,
 "elapsed_seconds": 329.211,
 "done": false,
 "errors": 0,
 "pivots": 0,
 "residual_rows": null,
 "residual_file": "/home/ubuntu/jc2/box/g9966n1b3-20260903/reduced/S1_n18_m12_Mm4_V1_k6_part_5_full/residual_mapall_p32003.txt",
 "residual_sha256": null,
 "cap_bytes": 30000,
 "rows_used": 352,
 "log": "/home/ubuntu/jc2/box/g9966n1b3-20260903/reduced/S1_n18_m12_Mm4_V1_k6_part_5_full/mapall_p32003.log",
 "surviving_variable_count": 111
}
