{
 "phase": 2,
 "meta": "box/g9966n1b3-20260903/meta/S1_n18_m12_Mm4_V1_k6_part_3_2_full.json",
 "characteristic": 32003,
 "phase1_json": "box/g9966n1b3-20260903/reduced/S1_n18_m12_Mm4_V1_k6_part_3_2_full/reduce_capE.json",
 "phase1_pivots": 38,
 "big_rows_mapped": 204,
 "prior_residual_rows": 97,
 "input_rows": 352,
 "script": "/home/ubuntu/jc2/box/g9966n1b3-20260903/reduced/S1_n18_m12_Mm4_V1_k6_part_3_2_full/phase2_p32003.sing",
 "script_sha256": "f942423647870bdf38f1a010b0109e2222854e62f3733ee2756cfc3ec378bf3a",
 "rows_sha256": "0655f9ccf2f37e2732e130d14c485c8971b83ef3ef1b552882bfd101de018686",
 "returncode": -9,
 "timed_out": false,
 "elapsed_seconds": 413.942,
 "done": false,
 "errors": 0,
 "pivots": 0,
 "residual_rows": null,
 "residual_file": "/home/ubuntu/jc2/box/g9966n1b3-20260903/reduced/S1_n18_m12_Mm4_V1_k6_part_3_2_full/residual_phase2_p32003.txt",
 "residual_sha256": null,
 "cap_bytes": 30000,
 "rows_used": 352,
 "log": "/home/ubuntu/jc2/box/g9966n1b3-20260903/reduced/S1_n18_m12_Mm4_V1_k6_part_3_2_full/phase2_p32003.log",
 "surviving_variable_count": 112
}
