{
 "phase": 2,
 "meta": "box/g9966n1b3-20260903/meta/S1_n18_m12_Mm4_V1_k6_part_5_full.json",
 "characteristic": 32003,
 "phase1_json": "box/g9966n1b3-20260903/reduced/S1_n18_m12_Mm4_V1_k6_part_5_full/reduce_capD.json",
 "phase1_pivots": 50,
 "big_rows_mapped": 169,
 "prior_residual_rows": 66,
 "input_rows": 352,
 "script": "/home/ubuntu/jc2/box/g9966n1b3-20260903/reduced/S1_n18_m12_Mm4_V1_k6_part_5_full/phase2_p32003.sing",
 "script_sha256": "9ee29ff7efe46330aca37ad5f823859af4a14edb8d485ed70ec7af687d4a3a6d",
 "rows_sha256": "ffb62e326f4603d3f341bd1314857ca149a727c68d30578c747e65ac11a7bb49",
 "returncode": 1,
 "timed_out": false,
 "elapsed_seconds": 555.131,
 "done": false,
 "errors": 0,
 "pivots": 0,
 "residual_rows": null,
 "residual_file": "/home/ubuntu/jc2/box/g9966n1b3-20260903/reduced/S1_n18_m12_Mm4_V1_k6_part_5_full/residual_phase2_p32003.txt",
 "residual_sha256": null,
 "cap_bytes": 30000,
 "rows_used": 352,
 "log": "/home/ubuntu/jc2/box/g9966n1b3-20260903/reduced/S1_n18_m12_Mm4_V1_k6_part_5_full/phase2_p32003.log",
 "surviving_variable_count": 111
}
