{
 "phase": 2,
 "meta": "box/g9966n1b3-20260903/meta/S1_n18_m12_Mm4_V1_k6_part_4_1_full.json",
 "characteristic": 32003,
 "phase1_json": "box/g9966n1b3-20260903/reduced/S1_n18_m12_Mm4_V1_k6_part_4_1_full/reduce_capE.json",
 "phase1_pivots": 38,
 "big_rows_mapped": 203,
 "prior_residual_rows": 98,
 "input_rows": 352,
 "script": "/home/ubuntu/jc2/box/g9966n1b3-20260903/reduced/S1_n18_m12_Mm4_V1_k6_part_4_1_full/phase2_p32003.sing",
 "script_sha256": "18d1f1238f12ca52922018154b581e5d26fedf9904663e0b477790a11f5bea21",
 "rows_sha256": "492af9bc68b7da7b1354a066c5dcb4abb44566dacafa4e03accfcb8f2eb3d88a",
 "returncode": -9,
 "timed_out": false,
 "elapsed_seconds": 413.514,
 "done": false,
 "errors": 0,
 "pivots": 0,
 "residual_rows": null,
 "residual_file": "/home/ubuntu/jc2/box/g9966n1b3-20260903/reduced/S1_n18_m12_Mm4_V1_k6_part_4_1_full/residual_phase2_p32003.txt",
 "residual_sha256": null,
 "cap_bytes": 30000,
 "rows_used": 352,
 "log": "/home/ubuntu/jc2/box/g9966n1b3-20260903/reduced/S1_n18_m12_Mm4_V1_k6_part_4_1_full/phase2_p32003.log",
 "surviving_variable_count": 112
}
