{
 "meta": "box/g9966n1b3-20260903/meta/S1_n18_m12_Mm4_V1_k6_part_5_full.json",
 "characteristic": 32003,
 "order": "coefficient-first",
 "cap_bytes": 30000,
 "script": "/home/ubuntu/jc2/box/g9966n1b3-20260903/reduced/S1_n18_m12_Mm4_V1_k6_part_5_full/reduce_capD.sing",
 "script_sha256": "588dad66cfc1fa388d756a75ae40d92cc67021958db4ea978521b86e9ba8b609",
 "rows_sha256": "ffb62e326f4603d3f341bd1314857ca149a727c68d30578c747e65ac11a7bb49",
 "input_rows": 352,
 "rows_used": 183,
 "variables_in": 111,
 "returncode": 124,
 "timed_out": true,
 "elapsed_seconds": 300.12,
 "done": false,
 "errors": 0,
 "pivots": 50,
 "residual_rows": "66",
 "residual_unit": null,
 "residual_dim": null,
 "residual_basis_size": null,
 "residual_file": "/home/ubuntu/jc2/box/g9966n1b3-20260903/reduced/S1_n18_m12_Mm4_V1_k6_part_5_full/residual_capD.txt",
 "residual_sha256": "78dec73559a7dc89f72187714e7bb740624e0dfd6bdaeffaa0059b7bca3b65b6",
 "log": "/home/ubuntu/jc2/box/g9966n1b3-20260903/reduced/S1_n18_m12_Mm4_V1_k6_part_5_full/reduce_capD.log",
 "surviving_variable_count": 61
}
