{
 "meta": "box/g9966n1b3-20260903/meta/S1_n18_m12_Mm4_V1_k6_part_5_full.json",
 "characteristic": 32003,
 "order": "coefficient-first",
 "script": "/home/ubuntu/jc2/box/g9966n1b3-20260903/reduced/S1_n18_m12_Mm4_V1_k6_part_5_full/reduce_capA.sing",
 "script_sha256": "6ba2e64108878b2ccd6a4976e7da19fd2959169aa677c05c450f4a510f639fe4",
 "rows_sha256": "ffb62e326f4603d3f341bd1314857ca149a727c68d30578c747e65ac11a7bb49",
 "input_rows": 352,
 "variables_in": 111,
 "returncode": 0,
 "timed_out": false,
 "elapsed_seconds": 2.017,
 "done": false,
 "pivots": 50,
 "residual_rows": 71,
 "residual_file": "/home/ubuntu/jc2/box/g9966n1b3-20260903/reduced/S1_n18_m12_Mm4_V1_k6_part_5_full/residual_capA.txt",
 "residual_sha256": "26a9c4b548e68d2dc278f3ec28bbc915a3143c0820643c4ded54c0591be9a0a5",
 "log": "/home/ubuntu/jc2/box/g9966n1b3-20260903/reduced/S1_n18_m12_Mm4_V1_k6_part_5_full/reduce_capA.log",
 "surviving_variable_count": 61
}
