{
 "meta": "box/g9966n1b3-20260903/meta/S1_n18_m12_Mm4_V1_k6_part_3_2_full.json",
 "characteristic": 32003,
 "order": "coefficient-first",
 "cap_bytes": 0,
 "script": "/home/ubuntu/jc2/box/g9966n1b3-20260903/reduced/S1_n18_m12_Mm4_V1_k6_part_3_2_full/reduce_fullp.sing",
 "script_sha256": "54aba8a809460d646f812f9154d684672dc1215b408bcaaf29c7d64a7298c5a0",
 "rows_sha256": "0655f9ccf2f37e2732e130d14c485c8971b83ef3ef1b552882bfd101de018686",
 "input_rows": 352,
 "rows_used": 352,
 "variables_in": 112,
 "returncode": 1,
 "timed_out": false,
 "elapsed_seconds": 187.865,
 "done": false,
 "errors": 0,
 "pivots": 0,
 "residual_rows": null,
 "residual_unit": null,
 "residual_dim": null,
 "residual_basis_size": null,
 "residual_file": "/home/ubuntu/jc2/box/g9966n1b3-20260903/reduced/S1_n18_m12_Mm4_V1_k6_part_3_2_full/residual_fullp.txt",
 "residual_sha256": null,
 "log": "/home/ubuntu/jc2/box/g9966n1b3-20260903/reduced/S1_n18_m12_Mm4_V1_k6_part_3_2_full/reduce_fullp.log",
 "surviving_variable_count": 112
}
