{
 "meta": "box/g9966n1b3-20260903/meta/S1_n18_m12_Mm4_V1_k6_part_3_1_1_full.json",
 "characteristic": 32003,
 "order": "coefficient-first",
 "cap_bytes": 30000,
 "script": "/home/ubuntu/jc2/box/g9966n1b3-20260903/reduced/S1_n18_m12_Mm4_V1_k6_part_3_1_1_full/reduce_capD.sing",
 "script_sha256": "b2652fe98d8b9cadd706da890ab52a48950c12ec30491d3d9935125478f8d2a3",
 "rows_sha256": "c088598bfe5e7f1c270e806c585b1aa62e4be53923f46f0da847adf58498957e",
 "input_rows": 352,
 "rows_used": 120,
 "variables_in": 113,
 "returncode": 124,
 "timed_out": true,
 "elapsed_seconds": 150.312,
 "done": false,
 "errors": 0,
 "pivots": 0,
 "residual_rows": null,
 "residual_unit": null,
 "residual_dim": null,
 "residual_basis_size": null,
 "residual_file": "/home/ubuntu/jc2/box/g9966n1b3-20260903/reduced/S1_n18_m12_Mm4_V1_k6_part_3_1_1_full/residual_capD.txt",
 "residual_sha256": null,
 "log": "/home/ubuntu/jc2/box/g9966n1b3-20260903/reduced/S1_n18_m12_Mm4_V1_k6_part_3_1_1_full/reduce_capD.log",
 "surviving_variable_count": 113
}
