{
 "meta": "box/g9966n1b3-20260903/meta/S1_n18_m12_Mm4_V1_k6_part_5_full.json",
 "characteristic": 0,
 "order": "coefficient-first",
 "cap_bytes": 30000,
 "script": "/home/ubuntu/jc2/box/g9966n1b3-20260903/reduced/S1_n18_m12_Mm4_V1_k6_part_5_full/reduce_capQ30k.sing",
 "script_sha256": "e4b6fa52f9b5e52210136646f753f3f7ff731dba5f7d67de9f99d5039f10e066",
 "rows_sha256": "ffb62e326f4603d3f341bd1314857ca149a727c68d30578c747e65ac11a7bb49",
 "input_rows": 352,
 "rows_used": 183,
 "variables_in": 111,
 "returncode": 124,
 "timed_out": true,
 "elapsed_seconds": 360.103,
 "done": false,
 "errors": 0,
 "pivots": 50,
 "residual_rows": "66",
 "residual_unit": null,
 "residual_dim": null,
 "residual_basis_size": null,
 "residual_file": "/home/ubuntu/jc2/box/g9966n1b3-20260903/reduced/S1_n18_m12_Mm4_V1_k6_part_5_full/residual_capQ30k.txt",
 "residual_sha256": "9ff46dec0dc2921e4836d48ef249258f14c5beb3922e16b094c3d5b0c3821181",
 "log": "/home/ubuntu/jc2/box/g9966n1b3-20260903/reduced/S1_n18_m12_Mm4_V1_k6_part_5_full/reduce_capQ30k.log",
 "surviving_variable_count": 61
}
