{
 "meta": "box/g9966n1b3-20260903/meta/S1_n18_m12_Mm4_V1_k6_part_4_1_full.json",
 "characteristic": 32003,
 "order": "coefficient-first",
 "cap_bytes": 30000,
 "script": "/home/ubuntu/jc2/box/g9966n1b3-20260903/reduced/S1_n18_m12_Mm4_V1_k6_part_4_1_full/reduce_capE.sing",
 "script_sha256": "6b6b6a4dcf100d5178c4772e4ce90c5bfc72a322a7792975968ab98c41b4f0c1",
 "rows_sha256": "492af9bc68b7da7b1354a066c5dcb4abb44566dacafa4e03accfcb8f2eb3d88a",
 "input_rows": 352,
 "rows_used": 149,
 "variables_in": 112,
 "returncode": 0,
 "timed_out": false,
 "elapsed_seconds": 222.722,
 "done": true,
 "errors": 0,
 "pivots": 38,
 "residual_rows": "98",
 "residual_unit": "0",
 "residual_dim": "100",
 "residual_basis_size": "123",
 "residual_file": "/home/ubuntu/jc2/box/g9966n1b3-20260903/reduced/S1_n18_m12_Mm4_V1_k6_part_4_1_full/residual_capE.txt",
 "residual_sha256": "d5d84e12ab5dd20e2933b810c4a68b62cb70124faa2ed09e1e6a62c91e02cc9d",
 "log": "/home/ubuntu/jc2/box/g9966n1b3-20260903/reduced/S1_n18_m12_Mm4_V1_k6_part_4_1_full/reduce_capE.log",
 "surviving_variable_count": 74
}
