{
 "meta": "box/g9966n1b3-20260903/meta/S1_n18_m12_Mm4_V1_k6_part_2_1_1_1_full.json",
 "characteristic": 32003,
 "order": "coefficient-first",
 "cap_bytes": 30000,
 "script": "/home/ubuntu/jc2/box/g9966n1b3-20260903/reduced/S1_n18_m12_Mm4_V1_k6_part_2_1_1_1_full/reduce_capE.sing",
 "script_sha256": "1e34ec40f6f29e21d10b892a8017c3d6f0fa7fd2a1c80f59c388e2307c4b5bc7",
 "rows_sha256": "7d2e296b2188a19894d437beea9bfc29587dd541a299dec1eae09febf1a94090",
 "input_rows": 352,
 "rows_used": 106,
 "variables_in": 114,
 "returncode": 124,
 "timed_out": true,
 "elapsed_seconds": 1401.674,
 "done": false,
 "errors": 0,
 "pivots": 0,
 "residual_rows": null,
 "residual_unit": null,
 "residual_dim": null,
 "residual_basis_size": null,
 "residual_file": "/home/ubuntu/jc2/box/g9966n1b3-20260903/reduced/S1_n18_m12_Mm4_V1_k6_part_2_1_1_1_full/residual_capE.txt",
 "residual_sha256": null,
 "log": "/home/ubuntu/jc2/box/g9966n1b3-20260903/reduced/S1_n18_m12_Mm4_V1_k6_part_2_1_1_1_full/reduce_capE.log",
 "surviving_variable_count": 114
}
