{
 "meta": "box/g9966n1b3-20260903/meta/S1_n18_m12_Mm4_V1_k6_part_2_2_1_full.json",
 "characteristic": 32003,
 "order": "coefficient-first",
 "cap_bytes": 30000,
 "script": "/home/ubuntu/jc2/box/g9966n1b3-20260903/reduced/S1_n18_m12_Mm4_V1_k6_part_2_2_1_full/reduce_capE.sing",
 "script_sha256": "ad15bdf2571a0e3a1c9e2c6f1b0fedca9b8cc5d3e375d19e07142599f7e4307c",
 "rows_sha256": "b17088527183d3ef29865bce5c74f12bdac81c44ebc6d58c7e0f657af1c90b78",
 "input_rows": 352,
 "rows_used": 120,
 "variables_in": 113,
 "returncode": -9,
 "timed_out": false,
 "elapsed_seconds": 419.772,
 "done": false,
 "errors": 0,
 "pivots": 33,
 "residual_rows": "74",
 "residual_unit": null,
 "residual_dim": null,
 "residual_basis_size": null,
 "residual_file": "/home/ubuntu/jc2/box/g9966n1b3-20260903/reduced/S1_n18_m12_Mm4_V1_k6_part_2_2_1_full/residual_capE.txt",
 "residual_sha256": "dface27ea017b09061ede78e64b10e7177a5236feb61bcd1358a8e07c1ccf38e",
 "log": "/home/ubuntu/jc2/box/g9966n1b3-20260903/reduced/S1_n18_m12_Mm4_V1_k6_part_2_2_1_full/reduce_capE.log",
 "surviving_variable_count": 80
}
