{
 "meta": "box/g9966n1b3-20260903/meta/S1_n18_m12_Mm4_V1_k6_part_3_2_full.json",
 "characteristic": 32003,
 "order": "coefficient-first",
 "cap_bytes": 30000,
 "script": "/home/ubuntu/jc2/box/g9966n1b3-20260903/reduced/S1_n18_m12_Mm4_V1_k6_part_3_2_full/reduce_capD.sing",
 "script_sha256": "269195c82b6c68f643c05ebe7e0d08465e4ebb13b7ea89066eb06431eb51883f",
 "rows_sha256": "0655f9ccf2f37e2732e130d14c485c8971b83ef3ef1b552882bfd101de018686",
 "input_rows": 352,
 "rows_used": 148,
 "variables_in": 112,
 "returncode": 124,
 "timed_out": true,
 "elapsed_seconds": 150.174,
 "done": false,
 "errors": 0,
 "pivots": 0,
 "residual_rows": null,
 "residual_unit": null,
 "residual_dim": null,
 "residual_basis_size": null,
 "residual_file": "/home/ubuntu/jc2/box/g9966n1b3-20260903/reduced/S1_n18_m12_Mm4_V1_k6_part_3_2_full/residual_capD.txt",
 "residual_sha256": null,
 "log": "/home/ubuntu/jc2/box/g9966n1b3-20260903/reduced/S1_n18_m12_Mm4_V1_k6_part_3_2_full/reduce_capD.log",
 "surviving_variable_count": 112
}
