utc=2026-09-05T14:05:15Z msolve_pid=none
utc=2026-09-05T14:05:35Z msolve_pid=3620
VmPeak:	 5926728 kB
VmSize:	 5926728 kB
VmHWM:	 3308384 kB
VmRSS:	 3308384 kB
utc=2026-09-05T14:05:55Z msolve_pid=3620
VmPeak:	 7483208 kB
VmSize:	 7481016 kB
VmHWM:	 5226608 kB
VmRSS:	 5226608 kB
utc=2026-09-05T14:06:15Z msolve_pid=3620
VmPeak:	11221892 kB
VmSize:	11221892 kB
VmHWM:	 7222840 kB
VmRSS:	 7222840 kB
utc=2026-09-05T14:06:35Z msolve_pid=3620
VmPeak:	11276820 kB
VmSize:	11276820 kB
VmHWM:	 7793592 kB
VmRSS:	 7445864 kB
utc=2026-09-05T14:06:55Z msolve_pid=3620
VmPeak:	11276820 kB
VmSize:	11276820 kB
VmHWM:	 8934056 kB
VmRSS:	 8934056 kB
utc=2026-09-05T14:07:15Z msolve_pid=3620
VmPeak:	17502740 kB
VmSize:	17502740 kB
VmHWM:	11283144 kB
VmRSS:	11283144 kB
utc=2026-09-05T14:07:35Z msolve_pid=3620
VmPeak:	17502740 kB
VmSize:	17502740 kB
VmHWM:	12411504 kB
VmRSS:	12411504 kB
utc=2026-09-05T14:07:55Z msolve_pid=3620
VmPeak:	17994472 kB
VmSize:	17994472 kB
VmHWM:	13314740 kB
VmRSS:	13314740 kB
utc=2026-09-05T14:08:15Z msolve_pid=3620
VmPeak:	18023672 kB
VmSize:	17793520 kB
VmHWM:	13844848 kB
VmRSS:	13606872 kB
utc=2026-09-05T14:08:35Z msolve_pid=3620
VmPeak:	18575040 kB
VmSize:	18575040 kB
VmHWM:	15026064 kB
VmRSS:	15026064 kB
utc=2026-09-05T14:08:55Z msolve_pid=3620
VmPeak:	18575040 kB
VmSize:	18575040 kB
VmHWM:	16152088 kB
VmRSS:	16152088 kB
utc=2026-09-05T14:09:15Z msolve_pid=3620
VmPeak:	31026880 kB
VmSize:	31026880 kB
VmHWM:	19182668 kB
VmRSS:	19182668 kB
utc=2026-09-05T14:09:35Z msolve_pid=3620
VmPeak:	31026880 kB
VmSize:	31026880 kB
VmHWM:	20428288 kB
VmRSS:	20428288 kB
utc=2026-09-05T14:09:55Z msolve_pid=3620
VmPeak:	31026880 kB
VmSize:	31023172 kB
VmHWM:	20787544 kB
VmRSS:	20787544 kB
utc=2026-09-05T14:10:15Z msolve_pid=3620
VmPeak:	31026880 kB
VmSize:	31026148 kB
VmHWM:	21297536 kB
VmRSS:	21297536 kB
utc=2026-09-05T14:10:35Z msolve_pid=3620
VmPeak:	31026880 kB
VmSize:	31026148 kB
VmHWM:	22557216 kB
VmRSS:	22557216 kB
utc=2026-09-05T14:10:55Z msolve_pid=3620
VmPeak:	31026880 kB
VmSize:	31026148 kB
VmHWM:	23499012 kB
VmRSS:	23499012 kB
utc=2026-09-05T14:11:15Z msolve_pid=3620
VmPeak:	31026880 kB
VmSize:	31026148 kB
VmHWM:	24536616 kB
VmRSS:	24536616 kB
utc=2026-09-05T14:11:35Z msolve_pid=3620
VmPeak:	31026880 kB
VmSize:	31025136 kB
VmHWM:	24871448 kB
VmRSS:	24871448 kB
utc=2026-09-05T14:11:55Z msolve_pid=3620
VmPeak:	31026880 kB
VmSize:	31025136 kB
VmHWM:	25909648 kB
VmRSS:	25909648 kB
utc=2026-09-05T14:12:15Z msolve_pid=3620
VmPeak:	31026880 kB
VmSize:	31023172 kB
VmHWM:	26636844 kB
VmRSS:	26636844 kB
utc=2026-09-05T14:12:35Z msolve_pid=3620
VmPeak:	31218316 kB
VmSize:	31218316 kB
VmHWM:	27223444 kB
VmRSS:	27223444 kB
utc=2026-09-05T14:12:55Z msolve_pid=3620
VmPeak:	31607436 kB
VmSize:	31607436 kB
VmHWM:	27563676 kB
VmRSS:	27563676 kB
utc=2026-09-05T14:13:15Z msolve_pid=3620
VmPeak:	32385676 kB
VmSize:	32385676 kB
VmHWM:	27939504 kB
VmRSS:	27939504 kB
utc=2026-09-05T14:13:36Z msolve_pid=3620
VmPeak:	32385676 kB
VmSize:	32385676 kB
VmHWM:	28208560 kB
VmRSS:	28208560 kB
utc=2026-09-05T14:13:56Z msolve_pid=3620
VmPeak:	32502544 kB
VmSize:	32502544 kB
VmHWM:	28374860 kB
VmRSS:	28374860 kB
utc=2026-09-05T14:14:16Z msolve_pid=3620
VmPeak:	32647904 kB
VmSize:	32647904 kB
VmHWM:	28552608 kB
VmRSS:	28552608 kB
utc=2026-09-05T14:14:36Z msolve_pid=3620
VmPeak:	32814504 kB
VmSize:	32814504 kB
VmHWM:	28754632 kB
VmRSS:	28754632 kB
utc=2026-09-05T14:14:56Z msolve_pid=3620
VmPeak:	32986436 kB
VmSize:	32986436 kB
VmHWM:	28971104 kB
VmRSS:	28971104 kB
utc=2026-09-05T14:15:16Z msolve_pid=3620
VmPeak:	33127912 kB
VmSize:	33127912 kB
VmHWM:	29200088 kB
VmRSS:	29200088 kB
utc=2026-09-05T14:15:36Z msolve_pid=3620
VmPeak:	34833484 kB
VmSize:	34833484 kB
VmHWM:	29704044 kB
VmRSS:	29704044 kB
utc=2026-09-05T14:15:56Z msolve_pid=3620
VmPeak:	34983660 kB
VmSize:	34983660 kB
VmHWM:	29959040 kB
VmRSS:	29959040 kB
utc=2026-09-05T14:16:16Z msolve_pid=3620
VmPeak:	35098184 kB
VmSize:	35098184 kB
VmHWM:	30136904 kB
VmRSS:	30136904 kB
utc=2026-09-05T14:16:36Z msolve_pid=3620
VmPeak:	35223296 kB
VmSize:	35223296 kB
VmHWM:	30339128 kB
VmRSS:	30339128 kB
utc=2026-09-05T14:16:56Z msolve_pid=3620
VmPeak:	35355084 kB
VmSize:	35355084 kB
VmHWM:	30566032 kB
VmRSS:	30566032 kB
utc=2026-09-05T14:17:16Z msolve_pid=3620
VmPeak:	189652876 kB
VmSize:	189652876 kB
VmHWM:	60293448 kB
VmRSS:	60293448 kB
utc=2026-09-05T14:17:36Z msolve_pid=3620
VmPeak:	192683460 kB
VmSize:	192683460 kB
VmHWM:	63791832 kB
VmRSS:	63791832 kB
utc=2026-09-05T14:17:56Z msolve_pid=3620
VmPeak:	194480436 kB
VmSize:	194415952 kB
VmHWM:	65751528 kB
VmRSS:	65751528 kB
utc=2026-09-05T14:18:16Z msolve_pid=3620
VmPeak:	195545640 kB
VmSize:	195485084 kB
VmHWM:	66665528 kB
VmRSS:	66665528 kB
utc=2026-09-05T14:18:36Z msolve_pid=3620
VmPeak:	195702148 kB
VmSize:	195702148 kB
VmHWM:	67058612 kB
VmRSS:	67058612 kB
utc=2026-09-05T14:18:56Z msolve_pid=3620
VmPeak:	196377760 kB
VmSize:	196377760 kB
VmHWM:	67432756 kB
VmRSS:	67432756 kB
utc=2026-09-05T14:19:16Z msolve_pid=3620
VmPeak:	196918520 kB
VmSize:	196918520 kB
VmHWM:	67818236 kB
VmRSS:	67818236 kB
utc=2026-09-05T14:19:36Z msolve_pid=3620
VmPeak:	197260852 kB
VmSize:	197195316 kB
VmHWM:	68234220 kB
VmRSS:	68234220 kB
utc=2026-09-05T14:19:56Z msolve_pid=3620
VmPeak:	197274172 kB
VmSize:	197274172 kB
VmHWM:	68589996 kB
VmRSS:	68589996 kB
utc=2026-09-05T14:20:16Z msolve_pid=3620
VmPeak:	197738208 kB
VmSize:	197672672 kB
VmHWM:	68870556 kB
VmRSS:	68870556 kB
utc=2026-09-05T14:20:36Z msolve_pid=3620
VmPeak:	197869588 kB
VmSize:	197869588 kB
VmHWM:	69095488 kB
VmRSS:	69095488 kB
utc=2026-09-05T14:20:56Z msolve_pid=3620
VmPeak:	198398104 kB
VmSize:	198336152 kB
VmHWM:	69465064 kB
VmRSS:	69465064 kB
utc=2026-09-05T14:21:16Z msolve_pid=3620
VmPeak:	198826160 kB
VmSize:	198760624 kB
VmHWM:	69988392 kB
VmRSS:	69988392 kB
utc=2026-09-05T14:21:36Z msolve_pid=3620
VmPeak:	199180552 kB
VmSize:	199115016 kB
VmHWM:	70450988 kB
VmRSS:	70450988 kB
utc=2026-09-05T14:21:56Z msolve_pid=3620
VmPeak:	199663744 kB
VmSize:	199663744 kB
VmHWM:	70850648 kB
VmRSS:	70850648 kB
utc=2026-09-05T14:22:16Z msolve_pid=3620
VmPeak:	200134432 kB
VmSize:	200077712 kB
VmHWM:	71227364 kB
VmRSS:	71227364 kB
utc=2026-09-05T14:22:37Z msolve_pid=3620
VmPeak:	200618552 kB
VmSize:	200553016 kB
VmHWM:	71566780 kB
VmRSS:	71566780 kB
utc=2026-09-05T14:22:57Z msolve_pid=3620
VmPeak:	200964440 kB
VmSize:	200964440 kB
VmHWM:	71881172 kB
VmRSS:	71881172 kB
utc=2026-09-05T14:23:17Z msolve_pid=3620
VmPeak:	201110036 kB
VmSize:	201110036 kB
VmHWM:	72157256 kB
VmRSS:	72157256 kB
utc=2026-09-05T14:23:37Z msolve_pid=3620
VmPeak:	201313388 kB
VmSize:	201253792 kB
VmHWM:	72382844 kB
VmRSS:	72382844 kB
utc=2026-09-05T14:23:57Z msolve_pid=3620
VmPeak:	201529192 kB
VmSize:	201398120 kB
VmHWM:	72521180 kB
VmRSS:	72521180 kB
utc=2026-09-05T14:24:17Z msolve_pid=3620
VmPeak:	201665076 kB
VmSize:	201600092 kB
VmHWM:	72625832 kB
VmRSS:	72625832 kB
utc=2026-09-05T14:24:37Z msolve_pid=3620
VmPeak:	201731676 kB
VmSize:	201668424 kB
VmHWM:	72756508 kB
VmRSS:	72756508 kB
utc=2026-09-05T14:24:57Z msolve_pid=3620
VmPeak:	201874932 kB
VmSize:	201745828 kB
VmHWM:	72919196 kB
VmRSS:	72919196 kB
utc=2026-09-05T14:25:17Z msolve_pid=3620
VmPeak:	202017624 kB
VmSize:	201888204 kB
VmHWM:	73070692 kB
VmRSS:	73070692 kB
utc=2026-09-05T14:25:37Z msolve_pid=3620
VmPeak:	202092228 kB
VmSize:	202026692 kB
VmHWM:	73242744 kB
VmRSS:	73242744 kB
utc=2026-09-05T14:25:57Z msolve_pid=3620
VmPeak:	202496864 kB
VmSize:	202431328 kB
VmHWM:	73429804 kB
VmRSS:	73429804 kB
utc=2026-09-05T14:26:17Z msolve_pid=3620
VmPeak:	202833820 kB
VmSize:	202704588 kB
VmHWM:	73610280 kB
VmRSS:	73610280 kB
utc=2026-09-05T14:26:37Z msolve_pid=3620
VmPeak:	202979592 kB
VmSize:	202850252 kB
VmHWM:	73797276 kB
VmRSS:	73797276 kB
utc=2026-09-05T14:26:57Z msolve_pid=3620
VmPeak:	202996228 kB
VmSize:	202930692 kB
VmHWM:	73981060 kB
VmRSS:	73981060 kB
utc=2026-09-05T14:27:17Z msolve_pid=3620
VmPeak:	202996228 kB
VmSize:	202940792 kB
VmHWM:	74100084 kB
VmRSS:	74100084 kB
utc=2026-09-05T14:27:37Z msolve_pid=3620
VmPeak:	203146796 kB
VmSize:	203081260 kB
VmHWM:	74215132 kB
VmRSS:	74215132 kB
utc=2026-09-05T14:27:57Z msolve_pid=3620
VmPeak:	203286716 kB
VmSize:	203286716 kB
VmHWM:	74324636 kB
VmRSS:	74324636 kB
utc=2026-09-05T14:28:17Z msolve_pid=3620
VmPeak:	203558212 kB
VmSize:	203492676 kB
VmHWM:	74434460 kB
VmRSS:	74434460 kB
utc=2026-09-05T14:28:37Z msolve_pid=3620
VmPeak:	203558212 kB
VmSize:	203501760 kB
VmHWM:	74595228 kB
VmRSS:	74595228 kB
utc=2026-09-05T14:28:57Z msolve_pid=3620
VmPeak:	203707208 kB
VmSize:	203707208 kB
VmHWM:	74796172 kB
VmRSS:	74796172 kB
utc=2026-09-05T14:29:17Z msolve_pid=3620
VmPeak:	203846792 kB
VmSize:	203846792 kB
VmHWM:	75010860 kB
VmRSS:	75010860 kB
utc=2026-09-05T14:29:38Z msolve_pid=3620
VmPeak:	204117296 kB
VmSize:	204117296 kB
VmHWM:	75248760 kB
VmRSS:	75248760 kB
utc=2026-09-05T14:29:58Z msolve_pid=3620
VmPeak:	204387812 kB
VmSize:	204387812 kB
VmHWM:	75507968 kB
VmRSS:	75507968 kB
utc=2026-09-05T14:30:18Z msolve_pid=3620
VmPeak:	204917452 kB
VmSize:	204854588 kB
VmHWM:	75779508 kB
VmRSS:	75779508 kB
utc=2026-09-05T14:30:38Z msolve_pid=3620
VmPeak:	205056400 kB
VmSize:	205056400 kB
VmHWM:	76036668 kB
VmRSS:	76036668 kB
utc=2026-09-05T14:30:58Z msolve_pid=3620
VmPeak:	205260840 kB
VmSize:	205260840 kB
VmHWM:	76294384 kB
VmRSS:	76294384 kB
utc=2026-09-05T14:31:18Z msolve_pid=3620
VmPeak:	205530528 kB
VmSize:	205530528 kB
VmHWM:	76526372 kB
VmRSS:	76526372 kB
utc=2026-09-05T14:31:38Z msolve_pid=3620
VmPeak:	205666524 kB
VmSize:	205666524 kB
VmHWM:	76769416 kB
VmRSS:	76769416 kB
utc=2026-09-05T14:31:58Z msolve_pid=3620
VmPeak:	206066696 kB
VmSize:	206001160 kB
VmHWM:	76993376 kB
VmRSS:	76993376 kB
utc=2026-09-05T14:32:18Z msolve_pid=3620
VmPeak:	206138312 kB
VmSize:	206138312 kB
VmHWM:	77191948 kB
VmRSS:	77191948 kB
utc=2026-09-05T14:32:38Z msolve_pid=3620
VmPeak:	206272868 kB
VmSize:	206207332 kB
VmHWM:	77372740 kB
VmRSS:	77372740 kB
utc=2026-09-05T14:32:58Z msolve_pid=3620
VmPeak:	206407012 kB
VmSize:	206343040 kB
VmHWM:	77544672 kB
VmRSS:	77544672 kB
utc=2026-09-05T14:33:18Z msolve_pid=3620
VmPeak:	206673676 kB
VmSize:	206609336 kB
VmHWM:	77703020 kB
VmRSS:	77703020 kB
utc=2026-09-05T14:33:38Z msolve_pid=3620
VmPeak:	206742812 kB
VmSize:	206742812 kB
VmHWM:	77871248 kB
VmRSS:	77871248 kB
utc=2026-09-05T14:33:58Z msolve_pid=3620
VmPeak:	207007628 kB
VmSize:	206942092 kB
VmHWM:	78010204 kB
VmRSS:	78010204 kB
utc=2026-09-05T14:34:18Z msolve_pid=3620
VmPeak:	207140120 kB
VmSize:	207075280 kB
VmHWM:	78140808 kB
VmRSS:	78140808 kB
utc=2026-09-05T14:34:38Z msolve_pid=3620
VmPeak:	207142148 kB
VmSize:	207142148 kB
VmHWM:	78296852 kB
VmRSS:	78296852 kB
utc=2026-09-05T14:34:58Z msolve_pid=3620
VmPeak:	207406928 kB
VmSize:	207406928 kB
VmHWM:	78463564 kB
VmRSS:	78463564 kB
utc=2026-09-05T14:35:18Z msolve_pid=3620
VmPeak:	207539160 kB
VmSize:	207539160 kB
VmHWM:	78601788 kB
VmRSS:	78601788 kB
utc=2026-09-05T14:35:38Z msolve_pid=3620
VmPeak:	207670408 kB
VmSize:	207604872 kB
VmHWM:	78721420 kB
VmRSS:	78721420 kB
utc=2026-09-05T14:35:58Z msolve_pid=3620
VmPeak:	207801644 kB
VmSize:	207736108 kB
VmHWM:	78850852 kB
VmRSS:	78850852 kB
utc=2026-09-05T14:36:19Z msolve_pid=3620
VmPeak:	208066780 kB
VmSize:	208066780 kB
VmHWM:	79003348 kB
VmRSS:	79003348 kB
utc=2026-09-05T14:36:39Z msolve_pid=3620
VmPeak:	208206884 kB
VmSize:	208206884 kB
VmHWM:	79164664 kB
VmRSS:	79164664 kB
utc=2026-09-05T14:36:59Z msolve_pid=3620
VmPeak:	208477952 kB
VmSize:	208477952 kB
VmHWM:	79349032 kB
VmRSS:	79349032 kB
utc=2026-09-05T14:37:19Z msolve_pid=3620
VmPeak:	208617860 kB
VmSize:	208617860 kB
VmHWM:	79560140 kB
VmRSS:	79560140 kB
utc=2026-09-05T14:37:39Z msolve_pid=3620
VmPeak:	208753300 kB
VmSize:	208692088 kB
VmHWM:	79752764 kB
VmRSS:	79752764 kB
utc=2026-09-05T14:37:59Z msolve_pid=3620
VmPeak:	208831916 kB
VmSize:	208831916 kB
VmHWM:	79969052 kB
VmRSS:	79969052 kB
utc=2026-09-05T14:38:19Z msolve_pid=3620
VmPeak:	208971820 kB
VmSize:	208971820 kB
VmHWM:	80174696 kB
VmRSS:	80174696 kB
utc=2026-09-05T14:38:39Z msolve_pid=3620
VmPeak:	209242632 kB
VmSize:	209242632 kB
VmHWM:	80371128 kB
VmRSS:	80371128 kB
utc=2026-09-05T14:38:59Z msolve_pid=3620
VmPeak:	209382124 kB
VmSize:	209382124 kB
VmHWM:	80561572 kB
VmRSS:	80561572 kB
utc=2026-09-05T14:39:19Z msolve_pid=3620
VmPeak:	209648392 kB
VmSize:	209648392 kB
VmHWM:	80722124 kB
VmRSS:	80722124 kB
utc=2026-09-05T14:39:39Z msolve_pid=3620
VmPeak:	209787748 kB
VmSize:	209787748 kB
VmHWM:	80849588 kB
VmRSS:	80849588 kB
utc=2026-09-05T14:39:59Z msolve_pid=3620
VmPeak:	209926780 kB
VmSize:	209926780 kB
VmHWM:	80945860 kB
VmRSS:	80945860 kB
utc=2026-09-05T14:40:19Z msolve_pid=3620
VmPeak:	209934404 kB
VmSize:	209934404 kB
VmHWM:	81016136 kB
VmRSS:	81016136 kB
utc=2026-09-05T14:40:39Z msolve_pid=3620
VmPeak:	210069164 kB
VmSize:	210007272 kB
VmHWM:	81095108 kB
VmRSS:	81095108 kB
utc=2026-09-05T14:40:59Z msolve_pid=3620
VmPeak:	210076360 kB
VmSize:	210076360 kB
VmHWM:	81161248 kB
VmRSS:	81161248 kB
utc=2026-09-05T14:41:19Z msolve_pid=3620
VmPeak:	210210904 kB
VmSize:	210148812 kB
VmHWM:	81216352 kB
VmRSS:	81216352 kB
utc=2026-09-05T14:41:39Z msolve_pid=3620
VmPeak:	210210904 kB
VmSize:	210155476 kB
VmHWM:	81293828 kB
VmRSS:	81293828 kB
utc=2026-09-05T14:41:59Z msolve_pid=3620
VmPeak:	210486380 kB
VmSize:	210423964 kB
VmHWM:	81422688 kB
VmRSS:	81422688 kB
utc=2026-09-05T14:42:19Z msolve_pid=3620
VmPeak:	210561044 kB
VmSize:	210561044 kB
VmHWM:	81507908 kB
VmRSS:	81507908 kB
utc=2026-09-05T14:42:39Z msolve_pid=3620
VmPeak:	210825996 kB
VmSize:	210763248 kB
VmHWM:	81598588 kB
VmRSS:	81598588 kB
utc=2026-09-05T14:42:59Z msolve_pid=3620
VmPeak:	210894320 kB
VmSize:	210831644 kB
VmHWM:	81696432 kB
VmRSS:	81696432 kB
utc=2026-09-05T14:43:20Z msolve_pid=3620
VmPeak:	211031156 kB
VmSize:	210968396 kB
VmHWM:	81786616 kB
VmRSS:	81786616 kB
utc=2026-09-05T14:43:40Z msolve_pid=3620
VmPeak:	211031156 kB
VmSize:	210973808 kB
VmHWM:	81884272 kB
VmRSS:	81884272 kB
utc=2026-09-05T14:44:00Z msolve_pid=3620
VmPeak:	211044716 kB
VmSize:	211044716 kB
VmHWM:	81972896 kB
VmRSS:	81972896 kB
utc=2026-09-05T14:44:20Z msolve_pid=3620
VmPeak:	211175788 kB
VmSize:	211112812 kB
VmHWM:	82091424 kB
VmRSS:	82091424 kB
utc=2026-09-05T14:44:40Z msolve_pid=3620
VmPeak:	211314652 kB
VmSize:	211249116 kB
VmHWM:	82208748 kB
VmRSS:	82208748 kB
utc=2026-09-05T14:45:00Z msolve_pid=3620
VmPeak:	211319784 kB
VmSize:	211319784 kB
VmHWM:	82308768 kB
VmRSS:	82308768 kB
utc=2026-09-05T14:45:20Z msolve_pid=3620
VmPeak:	211584456 kB
VmSize:	211521452 kB
VmHWM:	82434656 kB
VmRSS:	82434656 kB
utc=2026-09-05T14:45:40Z msolve_pid=3620
VmPeak:	211655040 kB
VmSize:	211591988 kB
VmHWM:	82555580 kB
VmRSS:	82555580 kB
utc=2026-09-05T14:46:00Z msolve_pid=3620
VmPeak:	211788596 kB
VmSize:	211725504 kB
VmHWM:	82684568 kB
VmRSS:	82684568 kB
utc=2026-09-05T14:46:20Z msolve_pid=3620
VmPeak:	211795820 kB
VmSize:	211795820 kB
VmHWM:	82810900 kB
VmRSS:	82810900 kB
utc=2026-09-05T14:46:40Z msolve_pid=3620
VmPeak:	211931412 kB
VmSize:	211931412 kB
VmHWM:	82976184 kB
VmRSS:	82976184 kB
utc=2026-09-05T14:47:00Z msolve_pid=3620
VmPeak:	212062484 kB
VmSize:	212001488 kB
VmHWM:	83113996 kB
VmRSS:	83113996 kB
utc=2026-09-05T14:47:20Z msolve_pid=3620
VmPeak:	212331416 kB
VmSize:	212268144 kB
VmHWM:	83270968 kB
VmRSS:	83270968 kB
utc=2026-09-05T14:47:40Z msolve_pid=3620
VmPeak:	212401460 kB
VmSize:	212335924 kB
VmHWM:	83419824 kB
VmRSS:	83419824 kB
utc=2026-09-05T14:48:00Z msolve_pid=3620
VmPeak:	212602516 kB
VmSize:	212536980 kB
VmHWM:	83570592 kB
VmRSS:	83570592 kB
utc=2026-09-05T14:48:20Z msolve_pid=3620
VmPeak:	212803492 kB
VmSize:	212737956 kB
VmHWM:	83719428 kB
VmRSS:	83719428 kB
utc=2026-09-05T14:48:40Z msolve_pid=3620
VmPeak:	213002124 kB
VmSize:	212938676 kB
VmHWM:	83869872 kB
VmRSS:	83869872 kB
utc=2026-09-05T14:49:00Z msolve_pid=3620
VmPeak:	213202904 kB
VmSize:	213202904 kB
VmHWM:	84027288 kB
VmRSS:	84027288 kB
utc=2026-09-05T14:49:20Z msolve_pid=3620
VmPeak:	213207028 kB
VmSize:	213207028 kB
VmHWM:	84176432 kB
VmRSS:	84176432 kB
utc=2026-09-05T14:49:40Z msolve_pid=3620
VmPeak:	213346876 kB
VmSize:	213281340 kB
VmHWM:	84321544 kB
VmRSS:	84321544 kB
utc=2026-09-05T14:50:00Z msolve_pid=3620
VmPeak:	213485112 kB
VmSize:	213419576 kB
VmHWM:	84447776 kB
VmRSS:	84447776 kB
utc=2026-09-05T14:50:21Z msolve_pid=3620
VmPeak:	213561476 kB
VmSize:	213430404 kB
VmHWM:	84550864 kB
VmRSS:	84550864 kB
utc=2026-09-05T14:50:41Z msolve_pid=3620
VmPeak:	213645116 kB
VmSize:	213514044 kB
VmHWM:	84672860 kB
VmRSS:	84672860 kB
utc=2026-09-05T14:51:01Z msolve_pid=3620
VmPeak:	213719000 kB
VmSize:	213719000 kB
VmHWM:	84788292 kB
VmRSS:	84788292 kB
utc=2026-09-05T14:51:21Z msolve_pid=3620
VmPeak:	213993200 kB
VmSize:	213862128 kB
VmHWM:	84874000 kB
VmRSS:	84874000 kB
utc=2026-09-05T14:51:41Z msolve_pid=3620
VmPeak:	213998468 kB
VmSize:	213868112 kB
VmHWM:	84949564 kB
VmRSS:	84949564 kB
utc=2026-09-05T14:52:01Z msolve_pid=3620
VmPeak:	214004808 kB
VmSize:	213874456 kB
VmHWM:	85021924 kB
VmRSS:	85021924 kB
utc=2026-09-05T14:52:21Z msolve_pid=3620
VmPeak:	214011068 kB
VmSize:	213945532 kB
VmHWM:	85090280 kB
VmRSS:	85090280 kB
utc=2026-09-05T14:52:41Z msolve_pid=3620
VmPeak:	214146452 kB
VmSize:	214016340 kB
VmHWM:	85149232 kB
VmRSS:	85149232 kB
utc=2026-09-05T14:53:01Z msolve_pid=3620
VmPeak:	214215448 kB
VmSize:	214085104 kB
VmHWM:	85195704 kB
VmRSS:	85195704 kB
utc=2026-09-05T14:53:21Z msolve_pid=3620
VmPeak:	214349780 kB
VmSize:	214218708 kB
VmHWM:	85245128 kB
VmRSS:	85245128 kB
utc=2026-09-05T14:53:41Z msolve_pid=3620
VmPeak:	214351860 kB
VmSize:	214221196 kB
VmHWM:	85284512 kB
VmRSS:	85284512 kB
utc=2026-09-05T14:54:01Z msolve_pid=3620
VmPeak:	214353888 kB
VmSize:	214223296 kB
VmHWM:	85327016 kB
VmRSS:	85327016 kB
utc=2026-09-05T14:54:21Z msolve_pid=3620
VmPeak:	214357424 kB
VmSize:	214226352 kB
VmHWM:	85367692 kB
VmRSS:	85367692 kB
utc=2026-09-05T14:54:41Z msolve_pid=3620
VmPeak:	214424420 kB
VmSize:	214293348 kB
VmHWM:	85406564 kB
VmRSS:	85406564 kB
utc=2026-09-05T14:55:01Z msolve_pid=3620
VmPeak:	214425608 kB
VmSize:	214294536 kB
VmHWM:	85442356 kB
VmRSS:	85442356 kB
utc=2026-09-05T14:55:21Z msolve_pid=3620
VmPeak:	214428712 kB
VmSize:	214364252 kB
VmHWM:	85543288 kB
VmRSS:	85543288 kB
utc=2026-09-05T14:55:41Z msolve_pid=3620
VmPeak:	214499408 kB
VmSize:	214433872 kB
VmHWM:	85662452 kB
VmRSS:	85662452 kB
utc=2026-09-05T14:56:01Z msolve_pid=3620
VmPeak:	214829932 kB
VmSize:	214764396 kB
VmHWM:	85782408 kB
VmRSS:	85782408 kB
utc=2026-09-05T14:56:21Z msolve_pid=3620
VmPeak:	214963644 kB
VmSize:	214898108 kB
VmHWM:	85899364 kB
VmRSS:	85899364 kB
utc=2026-09-05T14:56:41Z msolve_pid=3620
VmPeak:	215227524 kB
VmSize:	215163532 kB
VmHWM:	86031340 kB
VmRSS:	86031340 kB
utc=2026-09-05T14:57:02Z msolve_pid=3620
VmPeak:	215297688 kB
VmSize:	215166616 kB
VmHWM:	86131628 kB
VmRSS:	86131628 kB
utc=2026-09-05T14:57:22Z msolve_pid=3620
VmPeak:	215365224 kB
VmSize:	215234152 kB
VmHWM:	86229352 kB
VmRSS:	86229352 kB
utc=2026-09-05T14:57:42Z msolve_pid=3620
VmPeak:	215432696 kB
VmSize:	215367860 kB
VmHWM:	86321140 kB
VmRSS:	86321140 kB
utc=2026-09-05T14:58:02Z msolve_pid=3620
VmPeak:	215499388 kB
VmSize:	215434260 kB
VmHWM:	86415420 kB
VmRSS:	86415420 kB
utc=2026-09-05T14:58:22Z msolve_pid=3620
VmPeak:	215500512 kB
VmSize:	215500512 kB
VmHWM:	86507268 kB
VmRSS:	86507268 kB
utc=2026-09-05T14:58:42Z msolve_pid=3620
VmPeak:	215631736 kB
VmSize:	215566592 kB
VmHWM:	86581492 kB
VmRSS:	86581492 kB
utc=2026-09-05T14:59:02Z msolve_pid=3620
VmPeak:	215834976 kB
VmSize:	215769636 kB
VmHWM:	86664556 kB
VmRSS:	86664556 kB
utc=2026-09-05T14:59:22Z msolve_pid=3620
VmPeak:	216103216 kB
VmSize:	216037680 kB
VmHWM:	86759664 kB
VmRSS:	86759664 kB
utc=2026-09-05T14:59:42Z msolve_pid=3620
VmPeak:	216246036 kB
VmSize:	216114964 kB
VmHWM:	86851204 kB
VmRSS:	86851204 kB
utc=2026-09-05T15:00:02Z msolve_pid=3620
VmPeak:	216251624 kB
VmSize:	216120552 kB
VmHWM:	86928192 kB
VmRSS:	86928192 kB
utc=2026-09-05T15:00:22Z msolve_pid=3620
VmPeak:	216254016 kB
VmSize:	216131932 kB
VmHWM:	87073424 kB
VmRSS:	87073424 kB
utc=2026-09-05T15:00:42Z msolve_pid=3620
VmPeak:	216267736 kB
VmSize:	216209708 kB
VmHWM:	87208896 kB
VmRSS:	87208896 kB
utc=2026-09-05T15:01:02Z msolve_pid=3620
VmPeak:	216418616 kB
VmSize:	216353080 kB
VmHWM:	87393672 kB
VmRSS:	87393672 kB
utc=2026-09-05T15:01:22Z msolve_pid=3620
VmPeak:	216500860 kB
VmSize:	216435324 kB
VmHWM:	87600088 kB
VmRSS:	87600088 kB
utc=2026-09-05T15:01:42Z msolve_pid=3620
VmPeak:	216774768 kB
VmSize:	216716620 kB
VmHWM:	87781568 kB
VmRSS:	87781568 kB
utc=2026-09-05T15:02:02Z msolve_pid=3620
VmPeak:	217059796 kB
VmSize:	216994260 kB
VmHWM:	87949036 kB
VmRSS:	87949036 kB
utc=2026-09-05T15:02:22Z msolve_pid=3620
VmPeak:	217205480 kB
VmSize:	217074408 kB
VmHWM:	88138348 kB
VmRSS:	88138348 kB
utc=2026-09-05T15:02:42Z msolve_pid=3620
VmPeak:	217350616 kB
VmSize:	217350616 kB
VmHWM:	88322772 kB
VmRSS:	88322772 kB
utc=2026-09-05T15:03:02Z msolve_pid=3620
VmPeak:	217707488 kB
VmSize:	217577272 kB
VmHWM:	88513752 kB
VmRSS:	88513752 kB
utc=2026-09-05T15:03:22Z msolve_pid=3620
VmPeak:	217804204 kB
VmSize:	217673132 kB
VmHWM:	88704148 kB
VmRSS:	88704148 kB
utc=2026-09-05T15:03:42Z msolve_pid=3620
VmPeak:	217962520 kB
VmSize:	217837716 kB
VmHWM:	88869796 kB
VmRSS:	88869796 kB
utc=2026-09-05T15:04:03Z msolve_pid=3620
VmPeak:	218317352 kB
VmSize:	218186280 kB
VmHWM:	89017908 kB
VmRSS:	89017908 kB
utc=2026-09-05T15:04:23Z msolve_pid=3620
VmPeak:	218388196 kB
VmSize:	218263060 kB
VmHWM:	89171292 kB
VmRSS:	89171292 kB
utc=2026-09-05T15:04:43Z msolve_pid=3620
VmPeak:	218464892 kB
VmSize:	218339668 kB
VmHWM:	89295168 kB
VmRSS:	89295168 kB
utc=2026-09-05T15:05:03Z msolve_pid=3620
VmPeak:	218476704 kB
VmSize:	218476704 kB
VmHWM:	89418796 kB
VmRSS:	89418796 kB
utc=2026-09-05T15:05:23Z msolve_pid=3620
VmPeak:	218744776 kB
VmSize:	218616656 kB
VmHWM:	89544788 kB
VmRSS:	89544788 kB
utc=2026-09-05T15:05:43Z msolve_pid=3620
VmPeak:	218833052 kB
VmSize:	218701980 kB
VmHWM:	89668244 kB
VmRSS:	89668244 kB
utc=2026-09-05T15:06:03Z msolve_pid=3620
VmPeak:	218978872 kB
VmSize:	218913336 kB
VmHWM:	89779284 kB
VmRSS:	89779284 kB
utc=2026-09-05T15:06:23Z msolve_pid=3620
VmPeak:	219058392 kB
VmSize:	218997896 kB
VmHWM:	89876560 kB
VmRSS:	89876560 kB
utc=2026-09-05T15:06:43Z msolve_pid=3620
VmPeak:	219148772 kB
VmSize:	219017700 kB
VmHWM:	89979368 kB
VmRSS:	89979368 kB
utc=2026-09-05T15:07:03Z msolve_pid=3620
VmPeak:	219225832 kB
VmSize:	219099552 kB
VmHWM:	90088672 kB
VmRSS:	90088672 kB
utc=2026-09-05T15:07:23Z msolve_pid=3620
VmPeak:	219435240 kB
VmSize:	219308656 kB
VmHWM:	90197084 kB
VmRSS:	90197084 kB
utc=2026-09-05T15:07:43Z msolve_pid=3620
VmPeak:	219444704 kB
VmSize:	219320496 kB
VmHWM:	90297508 kB
VmRSS:	90297508 kB
utc=2026-09-05T15:08:03Z msolve_pid=3620
VmPeak:	219597812 kB
VmSize:	219466740 kB
VmHWM:	90418604 kB
VmRSS:	90418604 kB
utc=2026-09-05T15:08:23Z msolve_pid=3620
VmPeak:	219610424 kB
VmSize:	219479352 kB
VmHWM:	90526800 kB
VmRSS:	90526800 kB
utc=2026-09-05T15:08:43Z msolve_pid=3620
VmPeak:	219688104 kB
VmSize:	219557032 kB
VmHWM:	90633028 kB
VmRSS:	90633028 kB
utc=2026-09-05T15:09:03Z msolve_pid=3620
VmPeak:	219700832 kB
VmSize:	219569760 kB
VmHWM:	90738956 kB
VmRSS:	90738956 kB
utc=2026-09-05T15:09:23Z msolve_pid=3620
VmPeak:	219709692 kB
VmSize:	219644156 kB
VmHWM:	90806568 kB
VmRSS:	90806568 kB
utc=2026-09-05T15:09:43Z msolve_pid=3620
VmPeak:	219783416 kB
VmSize:	219652344 kB
VmHWM:	90876132 kB
VmRSS:	90876132 kB
utc=2026-09-05T15:10:03Z msolve_pid=3620
VmPeak:	219863812 kB
VmSize:	219732740 kB
VmHWM:	90940240 kB
VmRSS:	90940240 kB
utc=2026-09-05T15:10:23Z msolve_pid=3620
VmPeak:	220001588 kB
VmSize:	219870516 kB
VmHWM:	91002232 kB
VmRSS:	91002232 kB
utc=2026-09-05T15:10:43Z msolve_pid=3620
VmPeak:	220271020 kB
VmSize:	220139948 kB
VmHWM:	91055048 kB
VmRSS:	91055048 kB
utc=2026-09-05T15:11:04Z msolve_pid=3620
VmPeak:	220410452 kB
VmSize:	220344916 kB
VmHWM:	91101948 kB
VmRSS:	91101948 kB
utc=2026-09-05T15:11:24Z msolve_pid=3620
VmPeak:	220478724 kB
VmSize:	220347652 kB
VmHWM:	91161200 kB
VmRSS:	91161200 kB
utc=2026-09-05T15:11:44Z msolve_pid=3620
VmPeak:	220484064 kB
VmSize:	220418528 kB
VmHWM:	91232248 kB
VmRSS:	91232248 kB
utc=2026-09-05T15:12:04Z msolve_pid=3620
VmPeak:	220686012 kB
VmSize:	220620476 kB
VmHWM:	91342920 kB
VmRSS:	91342920 kB
utc=2026-09-05T15:12:24Z msolve_pid=3620
VmPeak:	220887996 kB
VmSize:	220822460 kB
VmHWM:	91479680 kB
VmRSS:	91479680 kB
utc=2026-09-05T15:12:44Z msolve_pid=3620
VmPeak:	221024108 kB
VmSize:	220958572 kB
VmHWM:	91629420 kB
VmRSS:	91629420 kB
