	Command being timed: "timeout 1200 /home/ubuntu/venvs/td6/bin/python /home/ubuntu/jc2q8/repo/cases/max12_912_order3_nu_q8_p127_extension_point_count_aws_20260825/count_shard.py --candidate /home/ubuntu/jc2q8/repo/cases/max12_912_order3_nu_q8_p127_generic_candidate_certificate_aws_20260825/interpolation_candidate.json --start 8064 --stop 10080"
	User time (seconds): 21.11
	System time (seconds): 0.01
	Percent of CPU this job got: 99%
	Elapsed (wall clock) time (h:mm:ss or m:ss): 0:21.13
	Average shared text size (kbytes): 0
	Average unshared data size (kbytes): 0
	Average stack size (kbytes): 0
	Average total size (kbytes): 0
	Maximum resident set size (kbytes): 33484
	Average resident set size (kbytes): 0
	Major (requiring I/O) page faults: 0
	Minor (reclaiming a frame) page faults: 4043
	Voluntary context switches: 5
	Involuntary context switches: 30
	Swaps: 0
	File system inputs: 0
	File system outputs: 208
	Socket messages sent: 0
	Socket messages received: 0
	Signals delivered: 0
	Page size (bytes): 4096
	Exit status: 0
