producer=TD6-A3-Q2-SOURCE-ROW-SHARDS-V55-V56
shard_mode=previous
shard_index=3
shard_count=9
V48_failure_class=linear_packer_rejected_genuine_quadratic_source_rows
arbitrary_degree_original_rows_preserved=true
dependency_closed_fast_discriminator=true
full_unused_row_audit_deferred_to_V50=true
beta_parameter_name=beta
q_beta=t+beta*t^2+t^25
q_beta_prime=1+2*beta*t+25*t^24
source_center=(C,V,U)
scope=post_transport_132_variable_source_rows
transport_chart=D(U*H*B3)
multivariate_gcd_used_as_bezout=false
two_chart_glue_required_form=a*d1+b*d2=(U*H*B3)^N
parent_sha256=3cc0fc3bc4a55810c4d4320b53ff77a48341045c06f556cd6243119b8fe4c332
trivariate_transport rows=0;pivots=1;events=0
trivariate_transport rows=250;pivots=251;events=0
trivariate_transport rows=1500;pivots=684;events=0
trivariate_transport rows=1750;pivots=934;events=0
trivariate_transport rows=2000;pivots=1184;events=0
trivariate_transport rows=2250;pivots=1434;events=0
trivariate_transport rows=4750;pivots=1716;events=0
trivariate_transport rows=5000;pivots=1966;events=1
trivariate_transport rows=5250;pivots=2215;events=1
trivariate_transport rows=5500;pivots=2465;events=2
trivariate_transport rows=5750;pivots=2715;events=2
trivariate_transport rows=6000;pivots=2965;events=2
trivariate_transport rows=6250;pivots=3215;events=2
trivariate_transport rows=6500;pivots=3465;events=2
transport_rank=3470/3602
transport_event_count=2
transport_matrix_beta_independent=true
transport_rhs_beta_affine_exact=true
transport_x_and_pole_sections_exact=true
first_v50_rank=38/132
first_v50_dependent_count=0
first_v50_all_pivots_beta_independent=true
first_v50_pivot_digest=f6eeaf7a7e3692594dda059e33bcc8cc297636277f17bf1a4800f6d0f30f3920
first_v50_original_row_replay=true
first_v50_affine_parameterization_replay=true
previous_pole_v50_rank=38/94
previous_pole_v50_dependent_count=1
previous_pole_v50_all_pivots_beta_independent=true
previous_pole_v50_pivot_digest=f483ee2c29b51fafab9cca8617d30154b0ee40d78837d9c4432f6ef86c0d6dbc
previous_pole_v50_original_row_replay=true
previous_pole_v50_affine_parameterization_replay=true
current_v50_rank=25/56
current_v50_dependent_count=11
current_v50_all_pivots_beta_independent=true
current_v50_pivot_digest=95980bf0b86ff3193cf5d0f3e8226e0b1da3d0b44e496456054138b7f8b8f702
current_v50_original_row_replay=true
N13_equals_k_beta_over_25=true
N13_left_null_support=1
N13_left_null_sha256=7f1bc7b18f1830b0c02a400107daa986b973f1966738431b13f35b29b2b679d8
k_inverse_sha256=06d1910b9715c2333a4b14b8691bef49ce3e96e29ec5ae396098a66b2b3ff004
previous_raw_row_count_available=54
previous_raw_quadratic_row_count=36
quadratic_source_positive_control_key=('X-1', 0)
quadratic_source_positive_control_exact=true
dependency_selected_previous_rows_reduced_exactly=true
previous_shard_row[0]_index=3
previous_shard_row[0]_key=('X-1', 3)
previous_shard_row[0]_raw_sha256=bd8fdbb8090088d29784e59dda149aed72eac72007cd641a58d025625f5866f7
previous_shard_row[0]_relation_sha256=78f32d5653ee9b3ee4985d502672e0b10f2368058fbca42865d0eca52d67ad98
previous_shard_row[1]_index=12
previous_shard_row[1]_key=('X-1', 12)
previous_shard_row[1]_raw_sha256=9087ff8e0c53c5f1ff83b56fb349cecbb962fb9569623b3fd8516ddcbaeb5174
previous_shard_row[1]_relation_sha256=94ea57d22d912574594f272d44d000205dd8d1b1c4b072338e9c1d75f1545cf7
previous_shard_row[2]_index=21
previous_shard_row[2]_key=('X-1', 21)
previous_shard_row[2]_raw_sha256=55fdea04a71d83c8421695e1a0c18496af2e1cd2a5a6c185123d95a7115805e5
previous_shard_row[2]_relation_sha256=8f2fd94900183bb8c4a3fbb18bf31790f634233a2a1e608ffbfa0ec8efeeb7f7
previous_shard_row[3]_index=30
previous_shard_row[3]_key=('X-1', 30)
previous_shard_row[3]_raw_sha256=1d02720f7362fd28adba1176ba1aa3952d3d82b1bf2b74f2ccad0b806056c2d9
previous_shard_row[3]_relation_sha256=150f61a00ad1b64c75339d9a2b3c13580f293204f042ca65ba5a6e1375f61c43
previous_shard_row[4]_index=39
previous_shard_row[4]_key=('X-1', 39)
previous_shard_row[4]_raw_sha256=84315a814615731cc801bec5a1747c2ad15d6a4262aae78bbeb0847f694495b1
previous_shard_row[4]_relation_sha256=c24b61f14a27b729057088589ba717fbb5bcb1e678a7664f74c17ca8baff5892
previous_shard_row[5]_index=48
previous_shard_row[5]_key=('P1', 8)
previous_shard_row[5]_raw_sha256=100a32ba328524d492d19f4ba9e43697e006cebaeb2442e49f3bf06beac5b1e8
previous_shard_row[5]_relation_sha256=c8ad1f66f60ed39322b19a7b4be536c4e05358b4385563a044b5279a09c7c4ed
previous_total_original_row_count=54
previous_shard_selected_count=6
previous_shard_indices=[3, 12, 21, 30, 39, 48]
previous_shard_keys=[('X-1', 3), ('X-1', 12), ('X-1', 21), ('X-1', 30), ('X-1', 39), ('P1', 8)]
previous_shard_indices_sha256=77f12df0793e665426b6038b7f176eec2ecc0210ba689d759642c913f7cb3e05
previous_shard_rows_sha256=857953878729b80ac3e49992f68d8666a541b50a4b90adcef32256db086dfb9f
previous_shard_relations_sha256=2efbeb9fd756b0508e8c5839d48aaacec99bd5a538fff31b681aca1acee9388d
previous_shard_original_row_replay=true
shard_union_required_before_completeness=true
full_source_identity_replayed=false
full_A3_beta_family_killed=false
whole_TD6_killed=false
SP2_killed=false
JC2_resolved=false
TD6-A3-Q2-SOURCE-ROW-SHARD-V55 PASS
