beta_parameter_name=beta
target_compatibility=X0_t13
ring=E(C,V,U)[beta]
q_beta=t+beta*t^2+t^25
direct_qprime_retained=true
raw_center_stratum=u-zero
raw_fraction_field_not_complete_stratum=true
source_center=U=0 over Q(C,V)
trivariate_transport rows=0;pivots=1;events=0
trivariate_transport rows=250;pivots=251;events=0
trivariate_transport rows=1500;pivots=684;events=0
trivariate_transport rows=1750;pivots=934;events=0
trivariate_transport rows=2000;pivots=1184;events=0
trivariate_transport rows=2250;pivots=1434;events=0
trivariate_transport rows=4750;pivots=1716;events=0
trivariate_transport rows=5000;pivots=1966;events=1
trivariate_transport rows=5250;pivots=2215;events=1
trivariate_transport rows=5500;pivots=2465;events=2
trivariate_transport rows=5750;pivots=2715;events=2
trivariate_transport rows=6000;pivots=2965;events=2
trivariate_transport rows=6250;pivots=3215;events=2
trivariate_transport rows=6500;pivots=3465;events=2
transport_rank=3470/3602
transport_event_count=2
transport_matrix_beta_independent=true
transport_rhs_beta_affine_exact=true
transport_free_count=132
transport_x_and_pole_sections_exact=true
first_rank=36/132
first_dependent_count=1
first_all_pivots_beta_independent=true
first_pivot_digest=ae2f4f6efdfd67c1a12c29c4391bbade9b75b6e0977032280d4c73dc562acdec
first_original_row_replay=true
first_incompatibility[0]_row_index=13
first_incompatibility[0]_key=('X-2', 14)
first_incompatibility[0]_degree=0
first_incompatibility[0]_residual_sha256=5a8219f2ae1128c4af5a425835d1a564eaf857f9bc8e570829282dbc053449a8
first_incompatibility[0]_source_row_count=14
first_incompatibility[0]_source_certificate_sha256=76e11d062ecfeeba91da4f63c93985030b816069052cc028b7767e4942de6ddb
first_incompatibility[0]_bezout_sha256=20fd84daa3627ff1fbd8f7629e3449f8ada238fa8c21aa042d2f8d92cc45fba9
first_compatibility_gcd_degree=0
first_compatibility_gcd_sha256=38742f997510ef4815754e2c55fdb6a45685581bf9a7bf61f5a3804e997fc3e4
first_compatibility_bezout_sha256=5b8059a541473bb246885d9df0bdb0ccaff83a3d178781e4b4ac9e3a9dc26cd6
first_compatibility_certificate_denominator=(1)
first_compatibility_certificate_denominator_factor=(1, [])
first_compatibility_original_row_replay=true
first_generic_raw_stratum_empty=true
first_beta_root_stratum_required=false
full_A3_beta_family_killed=false
whole_TD6_killed=false
SP2_killed=false
JC2_resolved=false
TD6-A3-Q2-N13-RAW-FIRST PASS
