	Command being timed: "timeout 28800 /home/ubuntu/venvs/td6/bin/python jc2/cases/td6_c1_c2_c3_q2_n13_raw_20260825/replay.py --stratum=u-zero"
	User time (seconds): 22.69
	System time (seconds): 0.09
	Percent of CPU this job got: 100%
	Elapsed (wall clock) time (h:mm:ss or m:ss): 0:22.78
	Average shared text size (kbytes): 0
	Average unshared data size (kbytes): 0
	Average stack size (kbytes): 0
	Average total size (kbytes): 0
	Maximum resident set size (kbytes): 201132
	Average resident set size (kbytes): 0
	Major (requiring I/O) page faults: 0
	Minor (reclaiming a frame) page faults: 46251
	Voluntary context switches: 3
	Involuntary context switches: 33
	Swaps: 0
	File system inputs: 0
	File system outputs: 992
	Socket messages sent: 0
	Socket messages received: 0
	Signals delivered: 0
	Page size (bytes): 4096
	Exit status: 0
