authority.py: OK
arithmetic.py: OK
produce.py: OK
check_arithmetic.py: OK
check.py: OK
dispatch.py: OK
probe.py: OK
run_capped.py: OK
native-manifest.json: OK
ROOT-EXECUTION-CARD.md: OK
f10-r2-map-observer-gate-fable5-20260910.md: OK
CONTRACT.md: OK
ROOT-REGISTRATION.json: OK
native.stdout: OK
native.sha256: OK
/opt/jc2-r2-map-observer-20260910T1500/science/authority.py: OK
/opt/jc2-r2-map-observer-20260910T1500/science/arithmetic.py: OK
/opt/jc2-r2-map-observer-20260910T1500/science/produce.py: OK
/opt/jc2-r2-map-observer-20260910T1500/science/check_arithmetic.py: OK
/opt/jc2-r2-map-observer-20260910T1500/science/check.py: OK
/opt/jc2-r2-map-observer-20260910T1500/wrapper/dispatch.py: OK
/opt/jc2-r2-map-observer-20260910T1500/wrapper/probe.py: OK
/opt/jc2-r2-map-observer-20260910T1500/metadata/run_capped.py: OK
/opt/jc2-r2-map-observer-20260910T1500/metadata/native-manifest.json: OK
/opt/jc2-r2-map-observer-20260910T1500/metadata/ROOT-EXECUTION-CARD.md: OK
/opt/jc2-r2-map-observer-20260910T1500/metadata/f10-r2-map-observer-gate-fable5-20260910.md: OK
/opt/jc2-r2-map-observer-20260910T1500/metadata/CONTRACT.md: OK
/opt/jc2-r2-map-observer-20260910T1500/metadata/ROOT-REGISTRATION.json: OK
66305 0 0 755 /opt/jc2-r2-map-observer-20260910T1500/science
66305 0 0 755 /opt/jc2-r2-map-observer-20260910T1500/wrapper
66305 0 0 755 /opt/jc2-r2-map-observer-20260910T1500/metadata
43 0 0 755 /run/jc2-r2-map-observer-20260910T1500
43 0 0 755 /run/jc2-r2-map-observer-20260910T1500/authority
43 0 0 755 /run/jc2-r2-map-observer-20260910T1500/frozen
43 65534 65534 700 /run/jc2-r2-map-observer-20260910T1500/writer
active
active
OBSERVER_SYSTEM_TIMERS_ARMED_BEFORE_LAUNCH 2026-09-10 15:11:44.919338123 UTC
RuntimeMaxUSec=11min
MainPID=8389
ExecMainStartTimestamp=Thu 2026-09-10 15:11:44 UTC
ControlGroup=/system.slice/jc2-f10-r2-map-observer-20260910T1500.service
MemoryMax=2147483648
TasksMax=32
LimitCPU=infinity
KillMode=control-group
ActiveState=active
InvocationID=8f4ad75365e64d8d800294d58dc0914c
   8389       1    8389 Thu Sep 10 15:11:44 2026 /usr/bin/python3.12 -I -S -B /opt/jc2-r2-map-observer-20260910T1500/wrapper/dispatch.py --registration /opt/jc2-r2-map-observer-20260910T1500/metadata/ROOT-REGISTRATION.json
8389 (python3.12) R 1 8389 8389 0 -1 4194560 2156 0 0 0 1 0 0 0 20 0 1 0 62356 17215488 2967 18446744073709551615 4325376 7353021 140722051493552 0 0 0 0 16781312 2 0 0 0 17 2 0 0 0 0 0 10657224 12220544 832065536 140722051497740 140722051497914 140722051497914 140722051497956 0
pid:[4026531836]
2147483648
OBSERVER_SAME_CALL_MAIN_CAPTURE 2026-09-10 15:11:44.947665754 UTC
