	Command being timed: "timeout 600 env WITNESS_JSON=/home/ubuntu/jobs/as_b9_common_cubic_hostile_audit_20260825T1725Z/independent_witness.json EXPECTED_SHA256=a39bc9185a21df92173b356c027a00650ced4b92cfc15d587a91b39c8aca299a OUTPUT_JSON=/home/ubuntu/jobs/as_b9_common_cubic_hostile_audit_20260825T1725Z/independent_witness_verify.json python3 /home/ubuntu/jobs/as_b9_common_cubic_hostile_audit_20260825T1725Z/independent_witness_verify.py"
	User time (seconds): 0.02
	System time (seconds): 0.00
	Percent of CPU this job got: 96%
	Elapsed (wall clock) time (h:mm:ss or m:ss): 0:00.03
	Average shared text size (kbytes): 0
	Average unshared data size (kbytes): 0
	Average stack size (kbytes): 0
	Average total size (kbytes): 0
	Maximum resident set size (kbytes): 14592
	Average resident set size (kbytes): 0
	Major (requiring I/O) page faults: 0
	Minor (reclaiming a frame) page faults: 1947
	Voluntary context switches: 3
	Involuntary context switches: 1
	Swaps: 0
	File system inputs: 0
	File system outputs: 16
	Socket messages sent: 0
	Socket messages received: 0
	Signals delivered: 0
	Page size (bytes): 4096
	Exit status: 0
