Initial seed for pseudo-random number generator is 0

--------------- INPUT DATA ---------------
#variables                       2
#equations                       2
#invalid equations               0
field characteristic             0
homogeneous input?               0
signature-based computation      0
monomial order                 DRL
basis hash table resetting     OFF
linear algebra option            2
initial hash table size     131072 (2^17)
max pair selection             ALL
reduce gb                        1
#threads                         1
info level                       2
generate pbm files               0
------------------------------------------
Initial prime = 1266886877

Legend for f4 information
--------------------------------------------------------
deg       current degree of pairs selected in this round
sel       number of pairs selected in this round
pairs     total number of pairs in pair list
mat       matrix dimensions (# rows x # columns)
density   density of the matrix
new data  # new elements for basis in this round
          # zero reductions during linear algebra
time(rd)  time of the current f4 round in seconds given
          for real and cpu time
--------------------------------------------------------

deg     sel   pairs        mat          density            new data         time(rd) in sec (real|cpu)
------------------------------------------------------------------------------------------------------
  3       1       1       2 x 3          66.67%        1 new       0 zero         0.00 | 0.00         
  3       1       1       3 x 3          66.67%        0 new       1 zero         0.00 | 0.00         
------------------------------------------------------------------------------------------------------
reduce final basis        3 x 6          33.33%        3 new       0 zero         0.00 | 0.00         
------------------------------------------------------------------------------------------------------

---------------- TIMINGS ----------------
overall(elapsed)        0.00 sec
overall(cpu)            0.00 sec
select                  0.00 sec   7.6%
symbolic prep.          0.00 sec   2.9%
update                  0.00 sec  16.0%
convert                 0.00 sec   7.5%
linear algebra          0.00 sec   9.5%
reduce gb               0.00 sec   0.0%
-----------------------------------------

---------- COMPUTATIONAL DATA -----------
size of basis                     3
#terms in basis                   6
#pairs reduced                    2
#GM criterion                     1
#redundant elements               0
#rows reduced                     7
#zero reductions                  1
max. matrix data                  3 x 6 (33.333%)
max. symbolic hash table size  2^11
max. basis hash table size     2^16
-----------------------------------------


---------- COMPUTATIONAL DATA -----------
[3]
#polynomials to lift              3
-----------------------------------------
New prime = 1230182279

---------------- TIMINGS ----------------
multi-mod overall(elapsed)      0.00 sec
learning phase                  0.00 Gops/sec
application phase               0.00 Gops/sec
-----------------------------------------

multi-modular steps
------------------------------------------------------------------------------------------------------
{1}{2}<100.00%> 
------------------------------------------------------------------------------------------------------


---------- COMPUTATIONAL DATA -----------
Max coeff. bitsize                1
#primes                           3
#bad primes                       0
-----------------------------------------

---------------- TIMINGS ----------------
CRT     (elapsed)               0.00 sec
ratrecon(elapsed)               0.00 sec
-----------------------------------------


------------------------------------------------------------------------------------
msolve overall time           0.00 sec (elapsed) /  0.00 sec (cpu)
------------------------------------------------------------------------------------
