ARGV ["patch", "--dry-run", "-R", "-p1", "-i", "/home/ubuntu/msolve-allocation-repair-20260906/msolve-0.10.1-checked-input-allocation.patch"]
checking file src/msolve/iofiles.c
checking file src/msolve/checked-input-size.h
ARGV ["patch", "-R", "-p1", "-i", "/home/ubuntu/msolve-allocation-repair-20260906/msolve-0.10.1-checked-input-allocation.patch"]
patching file src/msolve/iofiles.c
patching file src/msolve/checked-input-size.h
ARGV ["patch", "--dry-run", "-p1", "-i", "/home/ubuntu/msolve-allocation-repair-20260906/msolve-0.10.1-checked-input-allocation-v2.patch"]
checking file src/msolve/iofiles.c
checking file src/msolve/checked-input-size.h
checking file src/neogb/io.c
ARGV ["patch", "-p1", "-i", "/home/ubuntu/msolve-allocation-repair-20260906/msolve-0.10.1-checked-input-allocation-v2.patch"]
patching file src/msolve/iofiles.c
patching file src/msolve/checked-input-size.h
patching file src/neogb/io.c
ARGV ["git", "diff", "--check"]
ARGV ["make", "-j8"]
make  all-recursive
make[1]: Entering directory '/home/ubuntu/msolve-allocation-repair-20260906/msolve-source'
Making all in src/usolve
make[2]: Entering directory '/home/ubuntu/msolve-allocation-repair-20260906/msolve-source/src/usolve'
make[2]: Nothing to be done for 'all'.
make[2]: Leaving directory '/home/ubuntu/msolve-allocation-repair-20260906/msolve-source/src/usolve'
Making all in src/fglm
make[2]: Entering directory '/home/ubuntu/msolve-allocation-repair-20260906/msolve-source/src/fglm'
make[2]: Nothing to be done for 'all'.
make[2]: Leaving directory '/home/ubuntu/msolve-allocation-repair-20260906/msolve-source/src/fglm'
Making all in src/neogb
make[2]: Entering directory '/home/ubuntu/msolve-allocation-repair-20260906/msolve-source/src/neogb'
/bin/bash ../../libtool  --tag=CC   --mode=compile gcc -DHAVE_CONFIG_H -I. -I../..    -mmmx -msse -msse2 -msse3 -mssse3 -msse4.1 -msse4.2 -msha -maes -mavx -mfma -mavx2 -mavx512f -mavx512cd -mavx512vl -mavx512bw -mavx512dq -mavx512ifma -mavx512vbmi -mrdrnd -mbmi -mbmi2 -madx -mabm -fopenmp -Wall -Wextra -Wno-unused-parameter -Wno-sign-compare -O3 -march=native -MT libneogb_la-gb.lo -MD -MP -MF .deps/libneogb_la-gb.Tpo -c -o libneogb_la-gb.lo `test -f 'gb.c' || echo './'`gb.c
libtool: compile:  gcc -DHAVE_CONFIG_H -I. -I../.. -mmmx -msse -msse2 -msse3 -mssse3 -msse4.1 -msse4.2 -msha -maes -mavx -mfma -mavx2 -mavx512f -mavx512cd -mavx512vl -mavx512bw -mavx512dq -mavx512ifma -mavx512vbmi -mrdrnd -mbmi -mbmi2 -madx -mabm -fopenmp -Wall -Wextra -Wno-unused-parameter -Wno-sign-compare -O3 -march=native -MT libneogb_la-gb.lo -MD -MP -MF .deps/libneogb_la-gb.Tpo -c gb.c  -fPIC -DPIC -o .libs/libneogb_la-gb.o
libtool: compile:  gcc -DHAVE_CONFIG_H -I. -I../.. -mmmx -msse -msse2 -msse3 -mssse3 -msse4.1 -msse4.2 -msha -maes -mavx -mfma -mavx2 -mavx512f -mavx512cd -mavx512vl -mavx512bw -mavx512dq -mavx512ifma -mavx512vbmi -mrdrnd -mbmi -mbmi2 -madx -mabm -fopenmp -Wall -Wextra -Wno-unused-parameter -Wno-sign-compare -O3 -march=native -MT libneogb_la-gb.lo -MD -MP -MF .deps/libneogb_la-gb.Tpo -c gb.c -o libneogb_la-gb.o >/dev/null 2>&1
mv -f .deps/libneogb_la-gb.Tpo .deps/libneogb_la-gb.Plo
/bin/bash ../../libtool  --tag=CC   --mode=link gcc -mmmx -msse -msse2 -msse3 -mssse3 -msse4.1 -msse4.2 -msha -maes -mavx -mfma -mavx2 -mavx512f -mavx512cd -mavx512vl -mavx512bw -mavx512dq -mavx512ifma -mavx512vbmi -mrdrnd -mbmi -mbmi2 -madx -mabm -fopenmp -Wall -Wextra -Wno-unused-parameter -Wno-sign-compare -O3 -march=native -version-info 3:7:0  -o libneogb.la -rpath /home/ubuntu/msolve-allocation-repair-20260906/msolve-install/lib libneogb_la-gb.lo  -lflint -lmpfr -lgmp -lm 
libtool: link: rm -fr  .libs/libneogb.a .libs/libneogb.la .libs/libneogb.lai .libs/libneogb.so .libs/libneogb.so.3 .libs/libneogb.so.3.0.7
libtool: link: gcc -shared  -fPIC -DPIC  .libs/libneogb_la-gb.o   -lflint -lmpfr -lgmp -lm  -mmmx -msse -msse2 -msse3 -mssse3 -msse4.1 -msse4.2 -msha -maes -mavx -mfma -mavx2 -mavx512f -mavx512cd -mavx512vl -mavx512bw -mavx512dq -mavx512ifma -mavx512vbmi -mrdrnd -mbmi -mbmi2 -madx -mabm -fopenmp -O3 -march=native   -fopenmp -Wl,-soname -Wl,libneogb.so.3 -o .libs/libneogb.so.3.0.7
libtool: link: (cd ".libs" && rm -f "libneogb.so.3" && ln -s "libneogb.so.3.0.7" "libneogb.so.3")
libtool: link: (cd ".libs" && rm -f "libneogb.so" && ln -s "libneogb.so.3.0.7" "libneogb.so")
libtool: link: ar cr .libs/libneogb.a  libneogb_la-gb.o
libtool: link: ranlib .libs/libneogb.a
libtool: link: ( cd ".libs" && rm -f "libneogb.la" && ln -s "../libneogb.la" "libneogb.la" )
make[2]: Leaving directory '/home/ubuntu/msolve-allocation-repair-20260906/msolve-source/src/neogb'
Making all in src/msolve
make[2]: Entering directory '/home/ubuntu/msolve-allocation-repair-20260906/msolve-source/src/msolve'
/bin/bash ../../libtool  --tag=CC   --mode=compile gcc -DHAVE_CONFIG_H -I. -I../..    -mmmx -msse -msse2 -msse3 -mssse3 -msse4.1 -msse4.2 -msha -maes -mavx -mfma -mavx2 -mavx512f -mavx512cd -mavx512vl -mavx512bw -mavx512dq -mavx512ifma -mavx512vbmi -mrdrnd -mbmi -mbmi2 -madx -mabm -fopenmp -Wall -Wextra -Wno-unused-parameter -Wno-sign-compare -O3 -march=native -MT libmsolve_la-libmsolve.lo -MD -MP -MF .deps/libmsolve_la-libmsolve.Tpo -c -o libmsolve_la-libmsolve.lo `test -f 'libmsolve.c' || echo './'`libmsolve.c
libtool: compile:  gcc -DHAVE_CONFIG_H -I. -I../.. -mmmx -msse -msse2 -msse3 -mssse3 -msse4.1 -msse4.2 -msha -maes -mavx -mfma -mavx2 -mavx512f -mavx512cd -mavx512vl -mavx512bw -mavx512dq -mavx512ifma -mavx512vbmi -mrdrnd -mbmi -mbmi2 -madx -mabm -fopenmp -Wall -Wextra -Wno-unused-parameter -Wno-sign-compare -O3 -march=native -MT libmsolve_la-libmsolve.lo -MD -MP -MF .deps/libmsolve_la-libmsolve.Tpo -c libmsolve.c  -fPIC -DPIC -o .libs/libmsolve_la-libmsolve.o
libtool: compile:  gcc -DHAVE_CONFIG_H -I. -I../.. -mmmx -msse -msse2 -msse3 -mssse3 -msse4.1 -msse4.2 -msha -maes -mavx -mfma -mavx2 -mavx512f -mavx512cd -mavx512vl -mavx512bw -mavx512dq -mavx512ifma -mavx512vbmi -mrdrnd -mbmi -mbmi2 -madx -mabm -fopenmp -Wall -Wextra -Wno-unused-parameter -Wno-sign-compare -O3 -march=native -MT libmsolve_la-libmsolve.lo -MD -MP -MF .deps/libmsolve_la-libmsolve.Tpo -c libmsolve.c -o libmsolve_la-libmsolve.o >/dev/null 2>&1
mv -f .deps/libmsolve_la-libmsolve.Tpo .deps/libmsolve_la-libmsolve.Plo
/bin/bash ../../libtool  --tag=CC   --mode=link gcc -mmmx -msse -msse2 -msse3 -mssse3 -msse4.1 -msse4.2 -msha -maes -mavx -mfma -mavx2 -mavx512f -mavx512cd -mavx512vl -mavx512bw -mavx512dq -mavx512ifma -mavx512vbmi -mrdrnd -mbmi -mbmi2 -madx -mabm -fopenmp -Wall -Wextra -Wno-unused-parameter -Wno-sign-compare -O3 -march=native -version-info 3:7:0  -o libmsolve.la -rpath /home/ubuntu/msolve-allocation-repair-20260906/msolve-install/lib libmsolve_la-libmsolve.lo ../usolve/libusolve.la ../fglm/libfglm.la ../neogb/libneogb.la -lflint -lmpfr -lgmp -lm 
libtool: link: rm -fr  .libs/libmsolve.a .libs/libmsolve.la .libs/libmsolve.lai .libs/libmsolve.so .libs/libmsolve.so.3 .libs/libmsolve.so.3.0.7
libtool: link: gcc -shared  -fPIC -DPIC  .libs/libmsolve_la-libmsolve.o  -Wl,--whole-archive ../usolve/.libs/libusolve.a ../fglm/.libs/libfglm.a -Wl,--no-whole-archive  -Wl,-rpath -Wl,/home/ubuntu/msolve-allocation-repair-20260906/msolve-source/src/neogb/.libs -Wl,-rpath -Wl,/home/ubuntu/msolve-allocation-repair-20260906/msolve-install/lib ../neogb/.libs/libneogb.so -lflint -lmpfr -lgmp -lm  -mmmx -msse -msse2 -msse3 -mssse3 -msse4.1 -msse4.2 -msha -maes -mavx -mfma -mavx2 -mavx512f -mavx512cd -mavx512vl -mavx512bw -mavx512dq -mavx512ifma -mavx512vbmi -mrdrnd -mbmi -mbmi2 -madx -mabm -fopenmp -O3 -march=native   -fopenmp -Wl,-soname -Wl,libmsolve.so.3 -o .libs/libmsolve.so.3.0.7
libtool: link: (cd ".libs" && rm -f "libmsolve.so.3" && ln -s "libmsolve.so.3.0.7" "libmsolve.so.3")
libtool: link: (cd ".libs" && rm -f "libmsolve.so" && ln -s "libmsolve.so.3.0.7" "libmsolve.so")
libtool: link: (cd .libs/libmsolve.lax/libusolve.a && ar x "/home/ubuntu/msolve-allocation-repair-20260906/msolve-source/src/msolve/../usolve/.libs/libusolve.a")
libtool: link: (cd .libs/libmsolve.lax/libfglm.a && ar x "/home/ubuntu/msolve-allocation-repair-20260906/msolve-source/src/msolve/../fglm/.libs/libfglm.a")
libtool: link: ar cr .libs/libmsolve.a  libmsolve_la-libmsolve.o  .libs/libmsolve.lax/libusolve.a/libusolve_la-usolve.o  .libs/libmsolve.lax/libfglm.a/libfglm_la-fglm_core.o 
libtool: link: ranlib .libs/libmsolve.a
libtool: link: rm -fr .libs/libmsolve.lax
libtool: link: ( cd ".libs" && rm -f "libmsolve.la" && ln -s "../libmsolve.la" "libmsolve.la" )
make[2]: Leaving directory '/home/ubuntu/msolve-allocation-repair-20260906/msolve-source/src/msolve'
make[2]: Entering directory '/home/ubuntu/msolve-allocation-repair-20260906/msolve-source'
depbase=`echo src/msolve/main.o | sed 's|[^/]*$|.deps/&|;s|\.o$||'`;\
gcc -DHAVE_CONFIG_H -I.    -mmmx -msse -msse2 -msse3 -mssse3 -msse4.1 -msse4.2 -msha -maes -mavx -mfma -mavx2 -mavx512f -mavx512cd -mavx512vl -mavx512bw -mavx512dq -mavx512ifma -mavx512vbmi -mrdrnd -mbmi -mbmi2 -madx -mabm -fopenmp -O3 -march=native -MT src/msolve/main.o -MD -MP -MF $depbase.Tpo -c -o src/msolve/main.o src/msolve/main.c &&\
mv -f $depbase.Tpo $depbase.Po
/bin/bash ./libtool  --tag=CC   --mode=link gcc -mmmx -msse -msse2 -msse3 -mssse3 -msse4.1 -msse4.2 -msha -maes -mavx -mfma -mavx2 -mavx512f -mavx512cd -mavx512vl -mavx512bw -mavx512dq -mavx512ifma -mavx512vbmi -mrdrnd -mbmi -mbmi2 -madx -mabm -fopenmp -O3 -march=native   -o msolve src/msolve/main.o src/neogb/libneogb.la src/fglm/libfglm.la src/usolve/libusolve.la -lflint -lmpfr -lgmp -lm 
libtool: link: gcc -mmmx -msse -msse2 -msse3 -mssse3 -msse4.1 -msse4.2 -msha -maes -mavx -mfma -mavx2 -mavx512f -mavx512cd -mavx512vl -mavx512bw -mavx512dq -mavx512ifma -mavx512vbmi -mrdrnd -mbmi -mbmi2 -madx -mabm -fopenmp -O3 -march=native -o .libs/msolve src/msolve/main.o  src/neogb/.libs/libneogb.so src/fglm/.libs/libfglm.a src/usolve/.libs/libusolve.a -lflint -lmpfr -lgmp -lm -fopenmp -Wl,-rpath -Wl,/home/ubuntu/msolve-allocation-repair-20260906/msolve-install/lib
make[2]: Leaving directory '/home/ubuntu/msolve-allocation-repair-20260906/msolve-source'
make[1]: Leaving directory '/home/ubuntu/msolve-allocation-repair-20260906/msolve-source'
ARGV ["make", "check", "-j8"]
Making check in src/usolve
make[1]: Entering directory '/home/ubuntu/msolve-allocation-repair-20260906/msolve-source/src/usolve'
make[1]: Nothing to be done for 'check'.
make[1]: Leaving directory '/home/ubuntu/msolve-allocation-repair-20260906/msolve-source/src/usolve'
Making check in src/fglm
make[1]: Entering directory '/home/ubuntu/msolve-allocation-repair-20260906/msolve-source/src/fglm'
make[1]: Nothing to be done for 'check'.
make[1]: Leaving directory '/home/ubuntu/msolve-allocation-repair-20260906/msolve-source/src/fglm'
Making check in src/neogb
make[1]: Entering directory '/home/ubuntu/msolve-allocation-repair-20260906/msolve-source/src/neogb'
make[1]: Nothing to be done for 'check'.
make[1]: Leaving directory '/home/ubuntu/msolve-allocation-repair-20260906/msolve-source/src/neogb'
Making check in src/msolve
make[1]: Entering directory '/home/ubuntu/msolve-allocation-repair-20260906/msolve-source/src/msolve'
make[1]: Nothing to be done for 'check'.
make[1]: Leaving directory '/home/ubuntu/msolve-allocation-repair-20260906/msolve-source/src/msolve'
make[1]: Entering directory '/home/ubuntu/msolve-allocation-repair-20260906/msolve-source'
make  neogb_io fglm_build_matrixn_radical-shape-31 fglm_build_matrixn_nonradical-shape-31 fglm_build_matrixn_nonradical-radicalshape-31 line_endings_support
make[2]: Entering directory '/home/ubuntu/msolve-allocation-repair-20260906/msolve-source'
/bin/bash ./libtool  --tag=CC   --mode=link gcc -mmmx -msse -msse2 -msse3 -mssse3 -msse4.1 -msse4.2 -msha -maes -mavx -mfma -mavx2 -mavx512f -mavx512cd -mavx512vl -mavx512bw -mavx512dq -mavx512ifma -mavx512vbmi -mrdrnd -mbmi -mbmi2 -madx -mabm -fopenmp -O3 -march=native   -o neogb_io test/neogb/io/validate_input_data.o src/neogb/libneogb.la src/fglm/libfglm.la src/usolve/libusolve.la -lflint -lmpfr -lgmp -lm 
depbase=`echo test/fglm/build_matrixn_radical-shape-31.o | sed 's|[^/]*$|.deps/&|;s|\.o$||'`;\
gcc -DHAVE_CONFIG_H -I.    -mmmx -msse -msse2 -msse3 -mssse3 -msse4.1 -msse4.2 -msha -maes -mavx -mfma -mavx2 -mavx512f -mavx512cd -mavx512vl -mavx512bw -mavx512dq -mavx512ifma -mavx512vbmi -mrdrnd -mbmi -mbmi2 -madx -mabm -fopenmp -O3 -march=native -MT test/fglm/build_matrixn_radical-shape-31.o -MD -MP -MF $depbase.Tpo -c -o test/fglm/build_matrixn_radical-shape-31.o test/fglm/build_matrixn_radical-shape-31.c &&\
mv -f $depbase.Tpo $depbase.Po
depbase=`echo test/fglm/build_matrixn_nonradical-shape-31.o | sed 's|[^/]*$|.deps/&|;s|\.o$||'`;\
gcc -DHAVE_CONFIG_H -I.    -mmmx -msse -msse2 -msse3 -mssse3 -msse4.1 -msse4.2 -msha -maes -mavx -mfma -mavx2 -mavx512f -mavx512cd -mavx512vl -mavx512bw -mavx512dq -mavx512ifma -mavx512vbmi -mrdrnd -mbmi -mbmi2 -madx -mabm -fopenmp -O3 -march=native -MT test/fglm/build_matrixn_nonradical-shape-31.o -MD -MP -MF $depbase.Tpo -c -o test/fglm/build_matrixn_nonradical-shape-31.o test/fglm/build_matrixn_nonradical-shape-31.c &&\
mv -f $depbase.Tpo $depbase.Po
depbase=`echo test/fglm/build_matrixn_nonradical-radicalshape-31.o | sed 's|[^/]*$|.deps/&|;s|\.o$||'`;\
gcc -DHAVE_CONFIG_H -I.    -mmmx -msse -msse2 -msse3 -mssse3 -msse4.1 -msse4.2 -msha -maes -mavx -mfma -mavx2 -mavx512f -mavx512cd -mavx512vl -mavx512bw -mavx512dq -mavx512ifma -mavx512vbmi -mrdrnd -mbmi -mbmi2 -madx -mabm -fopenmp -O3 -march=native -MT test/fglm/build_matrixn_nonradical-radicalshape-31.o -MD -MP -MF $depbase.Tpo -c -o test/fglm/build_matrixn_nonradical-radicalshape-31.o test/fglm/build_matrixn_nonradical-radicalshape-31.c &&\
mv -f $depbase.Tpo $depbase.Po
depbase=`echo test/msolve/line_endings_support.o | sed 's|[^/]*$|.deps/&|;s|\.o$||'`;\
gcc -DHAVE_CONFIG_H -I.    -mmmx -msse -msse2 -msse3 -mssse3 -msse4.1 -msse4.2 -msha -maes -mavx -mfma -mavx2 -mavx512f -mavx512cd -mavx512vl -mavx512bw -mavx512dq -mavx512ifma -mavx512vbmi -mrdrnd -mbmi -mbmi2 -madx -mabm -fopenmp -O3 -march=native -MT test/msolve/line_endings_support.o -MD -MP -MF $depbase.Tpo -c -o test/msolve/line_endings_support.o test/msolve/line_endings_support.c &&\
mv -f $depbase.Tpo $depbase.Po
libtool: link: gcc -mmmx -msse -msse2 -msse3 -mssse3 -msse4.1 -msse4.2 -msha -maes -mavx -mfma -mavx2 -mavx512f -mavx512cd -mavx512vl -mavx512bw -mavx512dq -mavx512ifma -mavx512vbmi -mrdrnd -mbmi -mbmi2 -madx -mabm -fopenmp -O3 -march=native -o .libs/neogb_io test/neogb/io/validate_input_data.o  src/neogb/.libs/libneogb.so src/fglm/.libs/libfglm.a src/usolve/.libs/libusolve.a -lflint -lmpfr -lgmp -lm -fopenmp -Wl,-rpath -Wl,/home/ubuntu/msolve-allocation-repair-20260906/msolve-install/lib
/bin/bash ./libtool  --tag=CC   --mode=link gcc -mmmx -msse -msse2 -msse3 -mssse3 -msse4.1 -msse4.2 -msha -maes -mavx -mfma -mavx2 -mavx512f -mavx512cd -mavx512vl -mavx512bw -mavx512dq -mavx512ifma -mavx512vbmi -mrdrnd -mbmi -mbmi2 -madx -mabm -fopenmp -O3 -march=native   -o line_endings_support test/msolve/line_endings_support.o src/neogb/libneogb.la src/fglm/libfglm.la src/usolve/libusolve.la -lflint -lmpfr -lgmp -lm 
/bin/bash ./libtool  --tag=CC   --mode=link gcc -mmmx -msse -msse2 -msse3 -mssse3 -msse4.1 -msse4.2 -msha -maes -mavx -mfma -mavx2 -mavx512f -mavx512cd -mavx512vl -mavx512bw -mavx512dq -mavx512ifma -mavx512vbmi -mrdrnd -mbmi -mbmi2 -madx -mabm -fopenmp -O3 -march=native   -o fglm_build_matrixn_nonradical-shape-31 test/fglm/build_matrixn_nonradical-shape-31.o src/neogb/libneogb.la src/fglm/libfglm.la src/usolve/libusolve.la -lflint -lmpfr -lgmp -lm 
/bin/bash ./libtool  --tag=CC   --mode=link gcc -mmmx -msse -msse2 -msse3 -mssse3 -msse4.1 -msse4.2 -msha -maes -mavx -mfma -mavx2 -mavx512f -mavx512cd -mavx512vl -mavx512bw -mavx512dq -mavx512ifma -mavx512vbmi -mrdrnd -mbmi -mbmi2 -madx -mabm -fopenmp -O3 -march=native   -o fglm_build_matrixn_radical-shape-31 test/fglm/build_matrixn_radical-shape-31.o src/neogb/libneogb.la src/fglm/libfglm.la src/usolve/libusolve.la -lflint -lmpfr -lgmp -lm 
/bin/bash ./libtool  --tag=CC   --mode=link gcc -mmmx -msse -msse2 -msse3 -mssse3 -msse4.1 -msse4.2 -msha -maes -mavx -mfma -mavx2 -mavx512f -mavx512cd -mavx512vl -mavx512bw -mavx512dq -mavx512ifma -mavx512vbmi -mrdrnd -mbmi -mbmi2 -madx -mabm -fopenmp -O3 -march=native   -o fglm_build_matrixn_nonradical-radicalshape-31 test/fglm/build_matrixn_nonradical-radicalshape-31.o src/neogb/libneogb.la src/fglm/libfglm.la src/usolve/libusolve.la -lflint -lmpfr -lgmp -lm 
libtool: link: gcc -mmmx -msse -msse2 -msse3 -mssse3 -msse4.1 -msse4.2 -msha -maes -mavx -mfma -mavx2 -mavx512f -mavx512cd -mavx512vl -mavx512bw -mavx512dq -mavx512ifma -mavx512vbmi -mrdrnd -mbmi -mbmi2 -madx -mabm -fopenmp -O3 -march=native -o .libs/line_endings_support test/msolve/line_endings_support.o  src/neogb/.libs/libneogb.so src/fglm/.libs/libfglm.a src/usolve/.libs/libusolve.a -lflint -lmpfr -lgmp -lm -fopenmp -Wl,-rpath -Wl,/home/ubuntu/msolve-allocation-repair-20260906/msolve-install/lib
libtool: link: gcc -mmmx -msse -msse2 -msse3 -mssse3 -msse4.1 -msse4.2 -msha -maes -mavx -mfma -mavx2 -mavx512f -mavx512cd -mavx512vl -mavx512bw -mavx512dq -mavx512ifma -mavx512vbmi -mrdrnd -mbmi -mbmi2 -madx -mabm -fopenmp -O3 -march=native -o .libs/fglm_build_matrixn_nonradical-shape-31 test/fglm/build_matrixn_nonradical-shape-31.o  src/neogb/.libs/libneogb.so src/fglm/.libs/libfglm.a src/usolve/.libs/libusolve.a -lflint -lmpfr -lgmp -lm -fopenmp -Wl,-rpath -Wl,/home/ubuntu/msolve-allocation-repair-20260906/msolve-install/lib
libtool: link: gcc -mmmx -msse -msse2 -msse3 -mssse3 -msse4.1 -msse4.2 -msha -maes -mavx -mfma -mavx2 -mavx512f -mavx512cd -mavx512vl -mavx512bw -mavx512dq -mavx512ifma -mavx512vbmi -mrdrnd -mbmi -mbmi2 -madx -mabm -fopenmp -O3 -march=native -o .libs/fglm_build_matrixn_radical-shape-31 test/fglm/build_matrixn_radical-shape-31.o  src/neogb/.libs/libneogb.so src/fglm/.libs/libfglm.a src/usolve/.libs/libusolve.a -lflint -lmpfr -lgmp -lm -fopenmp -Wl,-rpath -Wl,/home/ubuntu/msolve-allocation-repair-20260906/msolve-install/lib
libtool: link: gcc -mmmx -msse -msse2 -msse3 -mssse3 -msse4.1 -msse4.2 -msha -maes -mavx -mfma -mavx2 -mavx512f -mavx512cd -mavx512vl -mavx512bw -mavx512dq -mavx512ifma -mavx512vbmi -mrdrnd -mbmi -mbmi2 -madx -mabm -fopenmp -O3 -march=native -o .libs/fglm_build_matrixn_nonradical-radicalshape-31 test/fglm/build_matrixn_nonradical-radicalshape-31.o  src/neogb/.libs/libneogb.so src/fglm/.libs/libfglm.a src/usolve/.libs/libusolve.a -lflint -lmpfr -lgmp -lm -fopenmp -Wl,-rpath -Wl,/home/ubuntu/msolve-allocation-repair-20260906/msolve-install/lib
make[2]: Leaving directory '/home/ubuntu/msolve-allocation-repair-20260906/msolve-source'
make  check-TESTS
make[2]: Entering directory '/home/ubuntu/msolve-allocation-repair-20260906/msolve-source'
make[3]: Entering directory '/home/ubuntu/msolve-allocation-repair-20260906/msolve-source'
PASS: neogb_io
PASS: test/diff/diff_bug-68.sh
PASS: test/diff/diff_cyclic5-16.sh
PASS: test/diff/diff_cyclic5-31.sh
PASS: test/diff/diff_eco6-16.sh
PASS: test/diff/diff_bug-2nd-prime-bad.sh
PASS: test/diff/diff_eco6-31.sh
PASS: test/diff/diff_elim-31.sh
PASS: test/diff/diff_eco6-qq.sh
PASS: test/diff/diff_empty-elim-qq.sh
PASS: test/diff/diff_f4sat-31.sh
PASS: test/diff/diff_f4sat-field-char.sh
PASS: test/diff/diff_elim-qq.sh
PASS: test/diff/diff_f4sat-zero-input.sh
PASS: test/diff/diff_f4sat-byone-31.sh
PASS: test/diff/diff_sum-squares-system.sh
PASS: test/diff/diff_cyclic5-qq.sh
PASS: test/diff/diff_input-overflow-b-16.sh
PASS: test/diff/diff_input-overflow-a-16.sh
PASS: test/diff/diff_bug-empty-tracer.sh
PASS: test/diff/diff_kat6-31.sh
PASS: test/diff/diff_issue-230.sh
PASS: test/diff/diff_kat8-qq-truncate.sh
PASS: test/diff/diff_issue-230-squared.sh
PASS: test/diff/diff_kat7-qq.sh
PASS: test/diff/diff_linear0-qq.sh
PASS: test/diff/diff_linear2-qq.sh
PASS: test/diff/diff_maxbitsize-bug.sh
PASS: test/diff/diff_linear1-qq.sh
PASS: test/diff/diff_mq-2-1.sh
PASS: test/diff/diff_multy-16.sh
PASS: test/diff/diff_multy-31.sh
PASS: test/diff/diff_nf-16.sh
PASS: test/diff/diff_nf-31.sh
PASS: test/diff/diff_nf-8.sh
PASS: test/diff/diff_nf-lm-bug.sh
PASS: test/diff/diff_nonradical-radicalshape-no-square-31.sh
PASS: test/diff/diff_multy-qq.sh
PASS: test/diff/diff_nonradical-shape-31.sh
PASS: test/diff/diff_cp-d3-n4-p2.sh
PASS: test/diff/diff_nonradical-radicalshape-no-square-qq.sh
PASS: test/diff/diff_nonradical-radicalshape-qq.sh
PASS: test/diff/diff_henrion5-qq.sh
PASS: test/diff/diff_one-16.sh
PASS: test/diff/diff_radical-shape-31.sh
PASS: test/diff/diff_one-31.sh
PASS: test/diff/diff_one-qq.sh
PASS: test/diff/diff_radical-shape-qq.sh
PASS: test/diff/diff_f4sat-is-saturated-check.sh
PASS: test/diff/diff_quadratic-nonradical-qq.sh
PASS: test/diff/diff_realroot-extraction-exact-root.sh
PASS: test/diff/diff_reals-dim0.sh
PASS: test/diff/diff_realroot1.sh
PASS: fglm_build_matrixn_radical-shape-31
PASS: fglm_build_matrixn_nonradical-shape-31
PASS: fglm_build_matrixn_nonradical-radicalshape-31
PASS: line_endings_support
PASS: test/diff/diff_test-lifting2.sh
PASS: test/diff/diff_reals-dim0-swapvar.sh
PASS: test/diff/diff_reals-dim0-extract.sh
PASS: test/diff/diff_reals-dim0-chgvar.sh
PASS: test/diff/diff_eco10-31.sh
PASS: test/diff/diff_nonradical-shape-qq.sh
PASS: test/diff/diff_groebner-g2.sh
============================================================================
Testsuite summary for msolve 0.10.1
============================================================================
# TOTAL: 64
# PASS:  64
# SKIP:  0
# XFAIL: 0
# FAIL:  0
# XPASS: 0
# ERROR: 0
============================================================================
make[3]: Leaving directory '/home/ubuntu/msolve-allocation-repair-20260906/msolve-source'
make[2]: Leaving directory '/home/ubuntu/msolve-allocation-repair-20260906/msolve-source'
make[1]: Leaving directory '/home/ubuntu/msolve-allocation-repair-20260906/msolve-source'
BUILD_V2_PASS
