SINGULAR_FQ2_POINT_COUNT_BEGIN
mode=shard
candidate_sha256=9061726295086f58f74f3751b2f7c2d59c5cb86de5e53ecd636687fd54daa7ce
field_modulus=a2-a+3
RECORD|index=12096|total=2|smooth=2|singular=0
RECORD|index=12097|total=1|smooth=1|singular=0
RECORD|index=12098|total=2|smooth=2|singular=0
RECORD|index=12099|total=0|smooth=0|singular=0
RECORD|index=12100|total=0|smooth=0|singular=0
RECORD|index=12101|total=0|smooth=0|singular=0
RECORD|index=12102|total=1|smooth=1|singular=0
RECORD|index=12103|total=3|smooth=3|singular=0
RECORD|index=12104|total=2|smooth=2|singular=0
RECORD|index=12105|total=1|smooth=1|singular=0
RECORD|index=12106|total=0|smooth=0|singular=0
RECORD|index=12107|total=3|smooth=3|singular=0
RECORD|index=12108|total=1|smooth=1|singular=0
RECORD|index=12109|total=1|smooth=1|singular=0
RECORD|index=12110|total=2|smooth=2|singular=0
RECORD|index=12111|total=3|smooth=3|singular=0
RECORD|index=12112|total=0|smooth=0|singular=0
RECORD|index=12113|total=0|smooth=0|singular=0
RECORD|index=12114|total=1|smooth=1|singular=0
RECORD|index=12115|total=1|smooth=1|singular=0
RECORD|index=12116|total=1|smooth=1|singular=0
RECORD|index=12117|total=1|smooth=1|singular=0
RECORD|index=12118|total=1|smooth=1|singular=0
RECORD|index=12119|total=0|smooth=0|singular=0
RECORD|index=12120|total=2|smooth=2|singular=0
RECORD|index=12121|total=3|smooth=3|singular=0
RECORD|index=12122|total=0|smooth=0|singular=0
RECORD|index=12123|total=0|smooth=0|singular=0
RECORD|index=12124|total=2|smooth=2|singular=0
RECORD|index=12125|total=1|smooth=1|singular=0
RECORD|index=12126|total=0|smooth=0|singular=0
RECORD|index=12127|total=1|smooth=1|singular=0
RECORD|index=12128|total=1|smooth=1|singular=0
RECORD|index=12129|total=3|smooth=3|singular=0
RECORD|index=12130|total=0|smooth=0|singular=0
RECORD|index=12131|total=0|smooth=0|singular=0
RECORD|index=12132|total=1|smooth=1|singular=0
RECORD|index=12133|total=0|smooth=0|singular=0
RECORD|index=12134|total=1|smooth=1|singular=0
RECORD|index=12135|total=0|smooth=0|singular=0
RECORD|index=12136|total=2|smooth=2|singular=0
RECORD|index=12137|total=3|smooth=3|singular=0
RECORD|index=12138|total=0|smooth=0|singular=0
RECORD|index=12139|total=4|smooth=4|singular=0
RECORD|index=12140|total=0|smooth=0|singular=0
RECORD|index=12141|total=2|smooth=2|singular=0
RECORD|index=12142|total=1|smooth=1|singular=0
RECORD|index=12143|total=0|smooth=0|singular=0
RECORD|index=12144|total=3|smooth=3|singular=0
RECORD|index=12145|total=1|smooth=1|singular=0
RECORD|index=12146|total=0|smooth=0|singular=0
RECORD|index=12147|total=0|smooth=0|singular=0
RECORD|index=12148|total=1|smooth=1|singular=0
RECORD|index=12149|total=0|smooth=0|singular=0
RECORD|index=12150|total=2|smooth=2|singular=0
RECORD|index=12151|total=0|smooth=0|singular=0
RECORD|index=12152|total=0|smooth=0|singular=0
RECORD|index=12153|total=0|smooth=0|singular=0
RECORD|index=12154|total=0|smooth=0|singular=0
RECORD|index=12155|total=0|smooth=0|singular=0
RECORD|index=12156|total=1|smooth=1|singular=0
RECORD|index=12157|total=2|smooth=2|singular=0
RECORD|index=12158|total=0|smooth=0|singular=0
RECORD|index=12159|total=0|smooth=0|singular=0
RECORD|index=12160|total=1|smooth=1|singular=0
RECORD|index=12161|total=0|smooth=0|singular=0
RECORD|index=12162|total=1|smooth=1|singular=0
RECORD|index=12163|total=0|smooth=0|singular=0
RECORD|index=12164|total=0|smooth=0|singular=0
RECORD|index=12165|total=0|smooth=0|singular=0
RECORD|index=12166|total=0|smooth=0|singular=0
RECORD|index=12167|total=0|smooth=0|singular=0
RECORD|index=12168|total=0|smooth=0|singular=0
RECORD|index=12169|total=1|smooth=1|singular=0
RECORD|index=12170|total=0|smooth=0|singular=0
RECORD|index=12171|total=3|smooth=3|singular=0
RECORD|index=12172|total=0|smooth=0|singular=0
RECORD|index=12173|total=0|smooth=0|singular=0
RECORD|index=12174|total=1|smooth=1|singular=0
RECORD|index=12175|total=0|smooth=0|singular=0
RECORD|index=12176|total=2|smooth=2|singular=0
RECORD|index=12177|total=0|smooth=0|singular=0
RECORD|index=12178|total=1|smooth=1|singular=0
RECORD|index=12179|total=0|smooth=0|singular=0
RECORD|index=12180|total=0|smooth=0|singular=0
RECORD|index=12181|total=1|smooth=1|singular=0
RECORD|index=12182|total=2|smooth=2|singular=0
RECORD|index=12183|total=4|smooth=4|singular=0
RECORD|index=12184|total=1|smooth=1|singular=0
RECORD|index=12185|total=1|smooth=1|singular=0
RECORD|index=12186|total=0|smooth=0|singular=0
RECORD|index=12187|total=1|smooth=1|singular=0
RECORD|index=12188|total=1|smooth=1|singular=0
RECORD|index=12189|total=1|smooth=1|singular=0
RECORD|index=12190|total=0|smooth=0|singular=0
RECORD|index=12191|total=0|smooth=0|singular=0
RECORD|index=12192|total=2|smooth=2|singular=0
RECORD|index=12193|total=1|smooth=1|singular=0
RECORD|index=12194|total=1|smooth=1|singular=0
RECORD|index=12195|total=2|smooth=2|singular=0
RECORD|index=12196|total=2|smooth=2|singular=0
RECORD|index=12197|total=1|smooth=1|singular=0
RECORD|index=12198|total=0|smooth=0|singular=0
RECORD|index=12199|total=0|smooth=0|singular=0
RECORD|index=12200|total=0|smooth=0|singular=0
RECORD|index=12201|total=2|smooth=2|singular=0
RECORD|index=12202|total=0|smooth=0|singular=0
RECORD|index=12203|total=0|smooth=0|singular=0
RECORD|index=12204|total=0|smooth=0|singular=0
RECORD|index=12205|total=0|smooth=0|singular=0
RECORD|index=12206|total=0|smooth=0|singular=0
RECORD|index=12207|total=1|smooth=1|singular=0
RECORD|index=12208|total=1|smooth=1|singular=0
RECORD|index=12209|total=0|smooth=0|singular=0
RECORD|index=12210|total=0|smooth=0|singular=0
RECORD|index=12211|total=4|smooth=4|singular=0
RECORD|index=12212|total=0|smooth=0|singular=0
RECORD|index=12213|total=0|smooth=0|singular=0
RECORD|index=12214|total=1|smooth=1|singular=0
RECORD|index=12215|total=0|smooth=0|singular=0
RECORD|index=12216|total=2|smooth=2|singular=0
RECORD|index=12217|total=0|smooth=0|singular=0
RECORD|index=12218|total=1|smooth=1|singular=0
RECORD|index=12219|total=1|smooth=1|singular=0
RECORD|index=12220|total=2|smooth=2|singular=0
RECORD|index=12221|total=1|smooth=1|singular=0
RECORD|index=12222|total=1|smooth=1|singular=0
RECORD|index=12223|total=0|smooth=0|singular=0
RECORD|index=12224|total=1|smooth=1|singular=0
RECORD|index=12225|total=1|smooth=1|singular=0
RECORD|index=12226|total=0|smooth=0|singular=0
RECORD|index=12227|total=1|smooth=1|singular=0
RECORD|index=12228|total=0|smooth=0|singular=0
RECORD|index=12229|total=2|smooth=2|singular=0
RECORD|index=12230|total=0|smooth=0|singular=0
RECORD|index=12231|total=1|smooth=1|singular=0
RECORD|index=12232|total=0|smooth=0|singular=0
RECORD|index=12233|total=3|smooth=3|singular=0
RECORD|index=12234|total=1|smooth=1|singular=0
RECORD|index=12235|total=2|smooth=2|singular=0
RECORD|index=12236|total=0|smooth=0|singular=0
RECORD|index=12237|total=1|smooth=1|singular=0
RECORD|index=12238|total=1|smooth=1|singular=0
RECORD|index=12239|total=1|smooth=1|singular=0
RECORD|index=12240|total=0|smooth=0|singular=0
RECORD|index=12241|total=2|smooth=2|singular=0
RECORD|index=12242|total=3|smooth=3|singular=0
RECORD|index=12243|total=1|smooth=1|singular=0
RECORD|index=12244|total=1|smooth=1|singular=0
RECORD|index=12245|total=2|smooth=2|singular=0
RECORD|index=12246|total=0|smooth=0|singular=0
RECORD|index=12247|total=1|smooth=1|singular=0
RECORD|index=12248|total=0|smooth=0|singular=0
RECORD|index=12249|total=0|smooth=0|singular=0
RECORD|index=12250|total=0|smooth=0|singular=0
RECORD|index=12251|total=1|smooth=1|singular=0
RECORD|index=12252|total=1|smooth=1|singular=0
RECORD|index=12253|total=2|smooth=2|singular=0
RECORD|index=12254|total=0|smooth=0|singular=0
RECORD|index=12255|total=2|smooth=2|singular=0
RECORD|index=12256|total=1|smooth=1|singular=0
RECORD|index=12257|total=1|smooth=1|singular=0
RECORD|index=12258|total=0|smooth=0|singular=0
RECORD|index=12259|total=1|smooth=1|singular=0
RECORD|index=12260|total=1|smooth=1|singular=0
RECORD|index=12261|total=1|smooth=1|singular=0
RECORD|index=12262|total=1|smooth=1|singular=0
RECORD|index=12263|total=2|smooth=2|singular=0
RECORD|index=12264|total=0|smooth=0|singular=0
RECORD|index=12265|total=4|smooth=4|singular=0
RECORD|index=12266|total=2|smooth=2|singular=0
RECORD|index=12267|total=2|smooth=2|singular=0
RECORD|index=12268|total=3|smooth=3|singular=0
RECORD|index=12269|total=1|smooth=1|singular=0
RECORD|index=12270|total=1|smooth=1|singular=0
RECORD|index=12271|total=1|smooth=1|singular=0
RECORD|index=12272|total=1|smooth=1|singular=0
RECORD|index=12273|total=1|smooth=1|singular=0
RECORD|index=12274|total=1|smooth=1|singular=0
RECORD|index=12275|total=0|smooth=0|singular=0
RECORD|index=12276|total=0|smooth=0|singular=0
RECORD|index=12277|total=0|smooth=0|singular=0
RECORD|index=12278|total=0|smooth=0|singular=0
RECORD|index=12279|total=0|smooth=0|singular=0
RECORD|index=12280|total=2|smooth=2|singular=0
RECORD|index=12281|total=1|smooth=1|singular=0
RECORD|index=12282|total=1|smooth=1|singular=0
RECORD|index=12283|total=2|smooth=2|singular=0
RECORD|index=12284|total=0|smooth=0|singular=0
RECORD|index=12285|total=1|smooth=1|singular=0
RECORD|index=12286|total=1|smooth=1|singular=0
RECORD|index=12287|total=2|smooth=2|singular=0
RECORD|index=12288|total=0|smooth=0|singular=0
RECORD|index=12289|total=1|smooth=1|singular=0
RECORD|index=12290|total=0|smooth=0|singular=0
RECORD|index=12291|total=0|smooth=0|singular=0
RECORD|index=12292|total=0|smooth=0|singular=0
RECORD|index=12293|total=1|smooth=1|singular=0
RECORD|index=12294|total=0|smooth=0|singular=0
RECORD|index=12295|total=0|smooth=0|singular=0
RECORD|index=12296|total=3|smooth=3|singular=0
RECORD|index=12297|total=0|smooth=0|singular=0
RECORD|index=12298|total=2|smooth=2|singular=0
RECORD|index=12299|total=1|smooth=1|singular=0
RECORD|index=12300|total=1|smooth=1|singular=0
RECORD|index=12301|total=1|smooth=1|singular=0
RECORD|index=12302|total=1|smooth=1|singular=0
RECORD|index=12303|total=2|smooth=2|singular=0
RECORD|index=12304|total=1|smooth=1|singular=0
RECORD|index=12305|total=1|smooth=1|singular=0
RECORD|index=12306|total=3|smooth=3|singular=0
RECORD|index=12307|total=1|smooth=1|singular=0
RECORD|index=12308|total=1|smooth=1|singular=0
RECORD|index=12309|total=1|smooth=1|singular=0
RECORD|index=12310|total=1|smooth=1|singular=0
RECORD|index=12311|total=1|smooth=1|singular=0
RECORD|index=12312|total=1|smooth=1|singular=0
RECORD|index=12313|total=1|smooth=1|singular=0
RECORD|index=12314|total=1|smooth=1|singular=0
RECORD|index=12315|total=0|smooth=0|singular=0
RECORD|index=12316|total=1|smooth=1|singular=0
RECORD|index=12317|total=1|smooth=1|singular=0
RECORD|index=12318|total=1|smooth=1|singular=0
RECORD|index=12319|total=0|smooth=0|singular=0
RECORD|index=12320|total=1|smooth=1|singular=0
RECORD|index=12321|total=1|smooth=1|singular=0
RECORD|index=12322|total=0|smooth=0|singular=0
RECORD|index=12323|total=0|smooth=0|singular=0
RECORD|index=12324|total=0|smooth=0|singular=0
RECORD|index=12325|total=2|smooth=2|singular=0
RECORD|index=12326|total=3|smooth=3|singular=0
RECORD|index=12327|total=0|smooth=0|singular=0
RECORD|index=12328|total=0|smooth=0|singular=0
RECORD|index=12329|total=0|smooth=0|singular=0
RECORD|index=12330|total=2|smooth=2|singular=0
RECORD|index=12331|total=3|smooth=3|singular=0
RECORD|index=12332|total=1|smooth=1|singular=0
RECORD|index=12333|total=1|smooth=1|singular=0
RECORD|index=12334|total=2|smooth=2|singular=0
RECORD|index=12335|total=1|smooth=1|singular=0
RECORD|index=12336|total=2|smooth=2|singular=0
RECORD|index=12337|total=2|smooth=2|singular=0
RECORD|index=12338|total=1|smooth=1|singular=0
RECORD|index=12339|total=1|smooth=1|singular=0
RECORD|index=12340|total=1|smooth=1|singular=0
RECORD|index=12341|total=2|smooth=2|singular=0
RECORD|index=12342|total=4|smooth=4|singular=0
RECORD|index=12343|total=0|smooth=0|singular=0
RECORD|index=12344|total=1|smooth=1|singular=0
RECORD|index=12345|total=0|smooth=0|singular=0
RECORD|index=12346|total=2|smooth=2|singular=0
RECORD|index=12347|total=2|smooth=2|singular=0
RECORD|index=12348|total=0|smooth=0|singular=0
RECORD|index=12349|total=0|smooth=0|singular=0
RECORD|index=12350|total=1|smooth=1|singular=0
RECORD|index=12351|total=3|smooth=3|singular=0
RECORD|index=12352|total=0|smooth=0|singular=0
RECORD|index=12353|total=1|smooth=1|singular=0
RECORD|index=12354|total=3|smooth=3|singular=0
RECORD|index=12355|total=0|smooth=0|singular=0
RECORD|index=12356|total=1|smooth=1|singular=0
RECORD|index=12357|total=0|smooth=0|singular=0
RECORD|index=12358|total=3|smooth=3|singular=0
RECORD|index=12359|total=1|smooth=1|singular=0
RECORD|index=12360|total=1|smooth=1|singular=0
RECORD|index=12361|total=2|smooth=2|singular=0
RECORD|index=12362|total=0|smooth=0|singular=0
RECORD|index=12363|total=0|smooth=0|singular=0
RECORD|index=12364|total=0|smooth=0|singular=0
RECORD|index=12365|total=0|smooth=0|singular=0
RECORD|index=12366|total=1|smooth=1|singular=0
RECORD|index=12367|total=1|smooth=1|singular=0
RECORD|index=12368|total=0|smooth=0|singular=0
RECORD|index=12369|total=1|smooth=1|singular=0
RECORD|index=12370|total=1|smooth=1|singular=0
RECORD|index=12371|total=1|smooth=1|singular=0
RECORD|index=12372|total=1|smooth=1|singular=0
RECORD|index=12373|total=2|smooth=2|singular=0
RECORD|index=12374|total=1|smooth=1|singular=0
RECORD|index=12375|total=0|smooth=0|singular=0
RECORD|index=12376|total=0|smooth=0|singular=0
RECORD|index=12377|total=1|smooth=1|singular=0
RECORD|index=12378|total=2|smooth=2|singular=0
RECORD|index=12379|total=1|smooth=1|singular=0
RECORD|index=12380|total=3|smooth=3|singular=0
RECORD|index=12381|total=1|smooth=1|singular=0
RECORD|index=12382|total=0|smooth=0|singular=0
RECORD|index=12383|total=0|smooth=0|singular=0
RECORD|index=12384|total=1|smooth=1|singular=0
RECORD|index=12385|total=0|smooth=0|singular=0
RECORD|index=12386|total=3|smooth=3|singular=0
RECORD|index=12387|total=1|smooth=1|singular=0
RECORD|index=12388|total=0|smooth=0|singular=0
RECORD|index=12389|total=1|smooth=1|singular=0
RECORD|index=12390|total=2|smooth=2|singular=0
RECORD|index=12391|total=1|smooth=1|singular=0
RECORD|index=12392|total=0|smooth=0|singular=0
RECORD|index=12393|total=1|smooth=1|singular=0
RECORD|index=12394|total=1|smooth=1|singular=0
RECORD|index=12395|total=0|smooth=0|singular=0
RECORD|index=12396|total=0|smooth=0|singular=0
RECORD|index=12397|total=1|smooth=1|singular=0
RECORD|index=12398|total=3|smooth=3|singular=0
RECORD|index=12399|total=2|smooth=2|singular=0
RECORD|index=12400|total=3|smooth=3|singular=0
RECORD|index=12401|total=2|smooth=2|singular=0
RECORD|index=12402|total=2|smooth=2|singular=0
RECORD|index=12403|total=0|smooth=0|singular=0
RECORD|index=12404|total=0|smooth=0|singular=0
RECORD|index=12405|total=0|smooth=0|singular=0
RECORD|index=12406|total=1|smooth=1|singular=0
RECORD|index=12407|total=2|smooth=2|singular=0
RECORD|index=12408|total=1|smooth=1|singular=0
RECORD|index=12409|total=3|smooth=3|singular=0
RECORD|index=12410|total=1|smooth=1|singular=0
RECORD|index=12411|total=0|smooth=0|singular=0
RECORD|index=12412|total=1|smooth=1|singular=0
RECORD|index=12413|total=1|smooth=1|singular=0
RECORD|index=12414|total=2|smooth=2|singular=0
RECORD|index=12415|total=2|smooth=2|singular=0
RECORD|index=12416|total=0|smooth=0|singular=0
RECORD|index=12417|total=1|smooth=1|singular=0
RECORD|index=12418|total=0|smooth=0|singular=0
RECORD|index=12419|total=0|smooth=0|singular=0
RECORD|index=12420|total=1|smooth=1|singular=0
RECORD|index=12421|total=0|smooth=0|singular=0
RECORD|index=12422|total=0|smooth=0|singular=0
RECORD|index=12423|total=4|smooth=4|singular=0
RECORD|index=12424|total=2|smooth=2|singular=0
RECORD|index=12425|total=1|smooth=1|singular=0
RECORD|index=12426|total=0|smooth=0|singular=0
RECORD|index=12427|total=1|smooth=1|singular=0
RECORD|index=12428|total=1|smooth=1|singular=0
RECORD|index=12429|total=2|smooth=2|singular=0
RECORD|index=12430|total=2|smooth=2|singular=0
RECORD|index=12431|total=1|smooth=1|singular=0
RECORD|index=12432|total=3|smooth=3|singular=0
RECORD|index=12433|total=0|smooth=0|singular=0
RECORD|index=12434|total=1|smooth=1|singular=0
RECORD|index=12435|total=2|smooth=2|singular=0
RECORD|index=12436|total=2|smooth=2|singular=0
RECORD|index=12437|total=3|smooth=3|singular=0
RECORD|index=12438|total=0|smooth=0|singular=0
RECORD|index=12439|total=2|smooth=2|singular=0
RECORD|index=12440|total=2|smooth=2|singular=0
RECORD|index=12441|total=1|smooth=1|singular=0
RECORD|index=12442|total=1|smooth=1|singular=0
RECORD|index=12443|total=2|smooth=2|singular=0
RECORD|index=12444|total=1|smooth=1|singular=0
RECORD|index=12445|total=1|smooth=1|singular=0
RECORD|index=12446|total=1|smooth=1|singular=0
RECORD|index=12447|total=2|smooth=2|singular=0
RECORD|index=12448|total=1|smooth=1|singular=0
RECORD|index=12449|total=2|smooth=2|singular=0
RECORD|index=12450|total=0|smooth=0|singular=0
RECORD|index=12451|total=0|smooth=0|singular=0
RECORD|index=12452|total=0|smooth=0|singular=0
RECORD|index=12453|total=0|smooth=0|singular=0
RECORD|index=12454|total=0|smooth=0|singular=0
RECORD|index=12455|total=1|smooth=1|singular=0
RECORD|index=12456|total=1|smooth=1|singular=0
RECORD|index=12457|total=3|smooth=3|singular=0
RECORD|index=12458|total=2|smooth=2|singular=0
RECORD|index=12459|total=0|smooth=0|singular=0
RECORD|index=12460|total=0|smooth=0|singular=0
RECORD|index=12461|total=1|smooth=1|singular=0
RECORD|index=12462|total=2|smooth=2|singular=0
RECORD|index=12463|total=2|smooth=2|singular=0
RECORD|index=12464|total=1|smooth=1|singular=0
RECORD|index=12465|total=0|smooth=0|singular=0
RECORD|index=12466|total=0|smooth=0|singular=0
RECORD|index=12467|total=1|smooth=1|singular=0
RECORD|index=12468|total=0|smooth=0|singular=0
RECORD|index=12469|total=3|smooth=3|singular=0
RECORD|index=12470|total=1|smooth=1|singular=0
RECORD|index=12471|total=3|smooth=3|singular=0
RECORD|index=12472|total=1|smooth=1|singular=0
RECORD|index=12473|total=1|smooth=1|singular=0
RECORD|index=12474|total=0|smooth=0|singular=0
RECORD|index=12475|total=0|smooth=0|singular=0
RECORD|index=12476|total=0|smooth=0|singular=0
RECORD|index=12477|total=0|smooth=0|singular=0
RECORD|index=12478|total=1|smooth=1|singular=0
RECORD|index=12479|total=0|smooth=0|singular=0
RECORD|index=12480|total=1|smooth=1|singular=0
RECORD|index=12481|total=3|smooth=3|singular=0
RECORD|index=12482|total=1|smooth=1|singular=0
RECORD|index=12483|total=1|smooth=1|singular=0
RECORD|index=12484|total=1|smooth=1|singular=0
RECORD|index=12485|total=0|smooth=0|singular=0
RECORD|index=12486|total=2|smooth=2|singular=0
RECORD|index=12487|total=1|smooth=1|singular=0
RECORD|index=12488|total=2|smooth=2|singular=0
RECORD|index=12489|total=0|smooth=0|singular=0
RECORD|index=12490|total=1|smooth=1|singular=0
RECORD|index=12491|total=0|smooth=0|singular=0
RECORD|index=12492|total=0|smooth=0|singular=0
RECORD|index=12493|total=1|smooth=1|singular=0
RECORD|index=12494|total=1|smooth=1|singular=0
RECORD|index=12495|total=2|smooth=2|singular=0
RECORD|index=12496|total=0|smooth=0|singular=0
RECORD|index=12497|total=0|smooth=0|singular=0
RECORD|index=12498|total=0|smooth=0|singular=0
RECORD|index=12499|total=2|smooth=2|singular=0
RECORD|index=12500|total=1|smooth=1|singular=0
RECORD|index=12501|total=0|smooth=0|singular=0
RECORD|index=12502|total=0|smooth=0|singular=0
RECORD|index=12503|total=2|smooth=2|singular=0
RECORD|index=12504|total=2|smooth=2|singular=0
RECORD|index=12505|total=2|smooth=2|singular=0
RECORD|index=12506|total=1|smooth=1|singular=0
RECORD|index=12507|total=0|smooth=0|singular=0
RECORD|index=12508|total=0|smooth=0|singular=0
RECORD|index=12509|total=1|smooth=1|singular=0
RECORD|index=12510|total=1|smooth=1|singular=0
RECORD|index=12511|total=1|smooth=1|singular=0
RECORD|index=12512|total=1|smooth=1|singular=0
RECORD|index=12513|total=0|smooth=0|singular=0
RECORD|index=12514|total=1|smooth=1|singular=0
RECORD|index=12515|total=0|smooth=0|singular=0
RECORD|index=12516|total=2|smooth=2|singular=0
RECORD|index=12517|total=0|smooth=0|singular=0
RECORD|index=12518|total=0|smooth=0|singular=0
RECORD|index=12519|total=1|smooth=1|singular=0
RECORD|index=12520|total=1|smooth=1|singular=0
RECORD|index=12521|total=0|smooth=0|singular=0
RECORD|index=12522|total=0|smooth=0|singular=0
RECORD|index=12523|total=1|smooth=1|singular=0
RECORD|index=12524|total=0|smooth=0|singular=0
RECORD|index=12525|total=2|smooth=2|singular=0
RECORD|index=12526|total=0|smooth=0|singular=0
RECORD|index=12527|total=0|smooth=0|singular=0
RECORD|index=12528|total=0|smooth=0|singular=0
RECORD|index=12529|total=3|smooth=3|singular=0
RECORD|index=12530|total=1|smooth=1|singular=0
RECORD|index=12531|total=3|smooth=3|singular=0
RECORD|index=12532|total=1|smooth=1|singular=0
RECORD|index=12533|total=3|smooth=3|singular=0
RECORD|index=12534|total=1|smooth=1|singular=0
RECORD|index=12535|total=0|smooth=0|singular=0
RECORD|index=12536|total=0|smooth=0|singular=0
RECORD|index=12537|total=0|smooth=0|singular=0
RECORD|index=12538|total=3|smooth=3|singular=0
RECORD|index=12539|total=0|smooth=0|singular=0
RECORD|index=12540|total=1|smooth=1|singular=0
RECORD|index=12541|total=1|smooth=1|singular=0
RECORD|index=12542|total=1|smooth=1|singular=0
RECORD|index=12543|total=2|smooth=2|singular=0
RECORD|index=12544|total=0|smooth=0|singular=0
RECORD|index=12545|total=2|smooth=2|singular=0
RECORD|index=12546|total=2|smooth=2|singular=0
RECORD|index=12547|total=0|smooth=0|singular=0
RECORD|index=12548|total=1|smooth=1|singular=0
RECORD|index=12549|total=0|smooth=0|singular=0
RECORD|index=12550|total=2|smooth=2|singular=0
RECORD|index=12551|total=1|smooth=1|singular=0
RECORD|index=12552|total=0|smooth=0|singular=0
RECORD|index=12553|total=0|smooth=0|singular=0
RECORD|index=12554|total=2|smooth=2|singular=0
RECORD|index=12555|total=2|smooth=2|singular=0
RECORD|index=12556|total=2|smooth=2|singular=0
RECORD|index=12557|total=0|smooth=0|singular=0
RECORD|index=12558|total=2|smooth=2|singular=0
RECORD|index=12559|total=1|smooth=1|singular=0
RECORD|index=12560|total=1|smooth=1|singular=0
RECORD|index=12561|total=0|smooth=0|singular=0
RECORD|index=12562|total=2|smooth=2|singular=0
RECORD|index=12563|total=0|smooth=0|singular=0
RECORD|index=12564|total=1|smooth=1|singular=0
RECORD|index=12565|total=1|smooth=1|singular=0
RECORD|index=12566|total=0|smooth=0|singular=0
RECORD|index=12567|total=0|smooth=0|singular=0
RECORD|index=12568|total=3|smooth=3|singular=0
RECORD|index=12569|total=0|smooth=0|singular=0
RECORD|index=12570|total=1|smooth=1|singular=0
RECORD|index=12571|total=0|smooth=0|singular=0
RECORD|index=12572|total=0|smooth=0|singular=0
RECORD|index=12573|total=3|smooth=3|singular=0
RECORD|index=12574|total=0|smooth=0|singular=0
RECORD|index=12575|total=0|smooth=0|singular=0
RECORD|index=12576|total=1|smooth=1|singular=0
RECORD|index=12577|total=2|smooth=2|singular=0
RECORD|index=12578|total=2|smooth=2|singular=0
RECORD|index=12579|total=2|smooth=2|singular=0
RECORD|index=12580|total=0|smooth=0|singular=0
RECORD|index=12581|total=1|smooth=1|singular=0
RECORD|index=12582|total=2|smooth=2|singular=0
RECORD|index=12583|total=1|smooth=1|singular=0
RECORD|index=12584|total=0|smooth=0|singular=0
RECORD|index=12585|total=2|smooth=2|singular=0
RECORD|index=12586|total=1|smooth=1|singular=0
RECORD|index=12587|total=0|smooth=0|singular=0
RECORD|index=12588|total=0|smooth=0|singular=0
RECORD|index=12589|total=1|smooth=1|singular=0
RECORD|index=12590|total=1|smooth=1|singular=0
RECORD|index=12591|total=1|smooth=1|singular=0
RECORD|index=12592|total=1|smooth=1|singular=0
RECORD|index=12593|total=1|smooth=1|singular=0
RECORD|index=12594|total=0|smooth=0|singular=0
RECORD|index=12595|total=0|smooth=0|singular=0
RECORD|index=12596|total=1|smooth=1|singular=0
RECORD|index=12597|total=0|smooth=0|singular=0
RECORD|index=12598|total=1|smooth=1|singular=0
RECORD|index=12599|total=1|smooth=1|singular=0
RECORD|index=12600|total=0|smooth=0|singular=0
RECORD|index=12601|total=1|smooth=1|singular=0
RECORD|index=12602|total=0|smooth=0|singular=0
RECORD|index=12603|total=1|smooth=1|singular=0
RECORD|index=12604|total=1|smooth=1|singular=0
RECORD|index=12605|total=0|smooth=0|singular=0
RECORD|index=12606|total=0|smooth=0|singular=0
RECORD|index=12607|total=2|smooth=2|singular=0
RECORD|index=12608|total=0|smooth=0|singular=0
RECORD|index=12609|total=2|smooth=2|singular=0
RECORD|index=12610|total=1|smooth=1|singular=0
RECORD|index=12611|total=1|smooth=1|singular=0
RECORD|index=12612|total=2|smooth=2|singular=0
RECORD|index=12613|total=0|smooth=0|singular=0
RECORD|index=12614|total=0|smooth=0|singular=0
RECORD|index=12615|total=0|smooth=0|singular=0
RECORD|index=12616|total=3|smooth=3|singular=0
RECORD|index=12617|total=0|smooth=0|singular=0
RECORD|index=12618|total=1|smooth=1|singular=0
RECORD|index=12619|total=2|smooth=2|singular=0
RECORD|index=12620|total=1|smooth=1|singular=0
RECORD|index=12621|total=3|smooth=3|singular=0
RECORD|index=12622|total=1|smooth=1|singular=0
RECORD|index=12623|total=0|smooth=0|singular=0
RECORD|index=12624|total=1|smooth=1|singular=0
RECORD|index=12625|total=1|smooth=1|singular=0
RECORD|index=12626|total=1|smooth=1|singular=0
RECORD|index=12627|total=1|smooth=1|singular=0
RECORD|index=12628|total=0|smooth=0|singular=0
RECORD|index=12629|total=1|smooth=1|singular=0
RECORD|index=12630|total=0|smooth=0|singular=0
RECORD|index=12631|total=1|smooth=1|singular=0
RECORD|index=12632|total=0|smooth=0|singular=0
RECORD|index=12633|total=1|smooth=1|singular=0
RECORD|index=12634|total=1|smooth=1|singular=0
RECORD|index=12635|total=0|smooth=0|singular=0
RECORD|index=12636|total=2|smooth=2|singular=0
RECORD|index=12637|total=3|smooth=3|singular=0
RECORD|index=12638|total=1|smooth=1|singular=0
RECORD|index=12639|total=3|smooth=3|singular=0
RECORD|index=12640|total=1|smooth=1|singular=0
RECORD|index=12641|total=0|smooth=0|singular=0
RECORD|index=12642|total=1|smooth=1|singular=0
RECORD|index=12643|total=3|smooth=3|singular=0
RECORD|index=12644|total=1|smooth=1|singular=0
RECORD|index=12645|total=1|smooth=1|singular=0
RECORD|index=12646|total=0|smooth=0|singular=0
RECORD|index=12647|total=0|smooth=0|singular=0
RECORD|index=12648|total=0|smooth=0|singular=0
RECORD|index=12649|total=3|smooth=3|singular=0
RECORD|index=12650|total=1|smooth=1|singular=0
RECORD|index=12651|total=0|smooth=0|singular=0
RECORD|index=12652|total=3|smooth=3|singular=0
RECORD|index=12653|total=1|smooth=1|singular=0
RECORD|index=12654|total=0|smooth=0|singular=0
RECORD|index=12655|total=0|smooth=0|singular=0
RECORD|index=12656|total=0|smooth=0|singular=0
RECORD|index=12657|total=0|smooth=0|singular=0
RECORD|index=12658|total=1|smooth=1|singular=0
RECORD|index=12659|total=1|smooth=1|singular=0
RECORD|index=12660|total=1|smooth=1|singular=0
RECORD|index=12661|total=2|smooth=2|singular=0
RECORD|index=12662|total=2|smooth=2|singular=0
RECORD|index=12663|total=1|smooth=1|singular=0
RECORD|index=12664|total=0|smooth=0|singular=0
RECORD|index=12665|total=2|smooth=2|singular=0
RECORD|index=12666|total=0|smooth=0|singular=0
RECORD|index=12667|total=2|smooth=2|singular=0
RECORD|index=12668|total=2|smooth=2|singular=0
RECORD|index=12669|total=0|smooth=0|singular=0
RECORD|index=12670|total=2|smooth=2|singular=0
RECORD|index=12671|total=0|smooth=0|singular=0
RECORD|index=12672|total=0|smooth=0|singular=0
RECORD|index=12673|total=1|smooth=1|singular=0
RECORD|index=12674|total=1|smooth=1|singular=0
RECORD|index=12675|total=1|smooth=1|singular=0
RECORD|index=12676|total=2|smooth=2|singular=0
RECORD|index=12677|total=1|smooth=1|singular=0
RECORD|index=12678|total=1|smooth=1|singular=0
RECORD|index=12679|total=4|smooth=4|singular=0
RECORD|index=12680|total=2|smooth=2|singular=0
RECORD|index=12681|total=1|smooth=1|singular=0
RECORD|index=12682|total=1|smooth=1|singular=0
RECORD|index=12683|total=1|smooth=1|singular=0
RECORD|index=12684|total=0|smooth=0|singular=0
RECORD|index=12685|total=0|smooth=0|singular=0
RECORD|index=12686|total=0|smooth=0|singular=0
RECORD|index=12687|total=0|smooth=0|singular=0
RECORD|index=12688|total=1|smooth=1|singular=0
RECORD|index=12689|total=2|smooth=2|singular=0
RECORD|index=12690|total=1|smooth=1|singular=0
RECORD|index=12691|total=0|smooth=0|singular=0
RECORD|index=12692|total=3|smooth=3|singular=0
RECORD|index=12693|total=0|smooth=0|singular=0
RECORD|index=12694|total=0|smooth=0|singular=0
RECORD|index=12695|total=2|smooth=2|singular=0
RECORD|index=12696|total=2|smooth=2|singular=0
RECORD|index=12697|total=0|smooth=0|singular=0
RECORD|index=12698|total=1|smooth=1|singular=0
RECORD|index=12699|total=0|smooth=0|singular=0
RECORD|index=12700|total=1|smooth=1|singular=0
RECORD|index=12701|total=2|smooth=2|singular=0
RECORD|index=12702|total=0|smooth=0|singular=0
RECORD|index=12703|total=0|smooth=0|singular=0
RECORD|index=12704|total=2|smooth=2|singular=0
RECORD|index=12705|total=0|smooth=0|singular=0
RECORD|index=12706|total=1|smooth=1|singular=0
RECORD|index=12707|total=0|smooth=0|singular=0
RECORD|index=12708|total=2|smooth=2|singular=0
RECORD|index=12709|total=0|smooth=0|singular=0
RECORD|index=12710|total=0|smooth=0|singular=0
RECORD|index=12711|total=0|smooth=0|singular=0
RECORD|index=12712|total=1|smooth=1|singular=0
RECORD|index=12713|total=0|smooth=0|singular=0
RECORD|index=12714|total=1|smooth=1|singular=0
RECORD|index=12715|total=0|smooth=0|singular=0
RECORD|index=12716|total=2|smooth=2|singular=0
RECORD|index=12717|total=1|smooth=1|singular=0
RECORD|index=12718|total=0|smooth=0|singular=0
RECORD|index=12719|total=2|smooth=2|singular=0
RECORD|index=12720|total=1|smooth=1|singular=0
RECORD|index=12721|total=0|smooth=0|singular=0
RECORD|index=12722|total=0|smooth=0|singular=0
RECORD|index=12723|total=2|smooth=2|singular=0
RECORD|index=12724|total=2|smooth=2|singular=0
RECORD|index=12725|total=0|smooth=0|singular=0
RECORD|index=12726|total=3|smooth=3|singular=0
RECORD|index=12727|total=1|smooth=1|singular=0
RECORD|index=12728|total=3|smooth=3|singular=0
RECORD|index=12729|total=0|smooth=0|singular=0
RECORD|index=12730|total=0|smooth=0|singular=0
RECORD|index=12731|total=0|smooth=0|singular=0
RECORD|index=12732|total=0|smooth=0|singular=0
RECORD|index=12733|total=0|smooth=0|singular=0
RECORD|index=12734|total=1|smooth=1|singular=0
RECORD|index=12735|total=1|smooth=1|singular=0
RECORD|index=12736|total=0|smooth=0|singular=0
RECORD|index=12737|total=1|smooth=1|singular=0
RECORD|index=12738|total=2|smooth=2|singular=0
RECORD|index=12739|total=2|smooth=2|singular=0
RECORD|index=12740|total=1|smooth=1|singular=0
RECORD|index=12741|total=1|smooth=1|singular=0
RECORD|index=12742|total=0|smooth=0|singular=0
RECORD|index=12743|total=1|smooth=1|singular=0
RECORD|index=12744|total=1|smooth=1|singular=0
RECORD|index=12745|total=1|smooth=1|singular=0
RECORD|index=12746|total=0|smooth=0|singular=0
RECORD|index=12747|total=1|smooth=1|singular=0
RECORD|index=12748|total=0|smooth=0|singular=0
RECORD|index=12749|total=2|smooth=2|singular=0
RECORD|index=12750|total=1|smooth=1|singular=0
RECORD|index=12751|total=1|smooth=1|singular=0
RECORD|index=12752|total=0|smooth=0|singular=0
RECORD|index=12753|total=1|smooth=1|singular=0
RECORD|index=12754|total=0|smooth=0|singular=0
RECORD|index=12755|total=0|smooth=0|singular=0
RECORD|index=12756|total=0|smooth=0|singular=0
RECORD|index=12757|total=2|smooth=2|singular=0
RECORD|index=12758|total=1|smooth=1|singular=0
RECORD|index=12759|total=1|smooth=1|singular=0
RECORD|index=12760|total=0|smooth=0|singular=0
RECORD|index=12761|total=3|smooth=3|singular=0
RECORD|index=12762|total=0|smooth=0|singular=0
RECORD|index=12763|total=1|smooth=1|singular=0
RECORD|index=12764|total=1|smooth=1|singular=0
RECORD|index=12765|total=3|smooth=3|singular=0
RECORD|index=12766|total=1|smooth=1|singular=0
RECORD|index=12767|total=0|smooth=0|singular=0
RECORD|index=12768|total=0|smooth=0|singular=0
RECORD|index=12769|total=2|smooth=2|singular=0
RECORD|index=12770|total=3|smooth=3|singular=0
RECORD|index=12771|total=0|smooth=0|singular=0
RECORD|index=12772|total=0|smooth=0|singular=0
RECORD|index=12773|total=1|smooth=1|singular=0
RECORD|index=12774|total=1|smooth=1|singular=0
RECORD|index=12775|total=1|smooth=1|singular=0
RECORD|index=12776|total=0|smooth=0|singular=0
RECORD|index=12777|total=2|smooth=2|singular=0
RECORD|index=12778|total=1|smooth=1|singular=0
RECORD|index=12779|total=0|smooth=0|singular=0
RECORD|index=12780|total=1|smooth=1|singular=0
RECORD|index=12781|total=0|smooth=0|singular=0
RECORD|index=12782|total=3|smooth=3|singular=0
RECORD|index=12783|total=0|smooth=0|singular=0
RECORD|index=12784|total=0|smooth=0|singular=0
RECORD|index=12785|total=0|smooth=0|singular=0
RECORD|index=12786|total=2|smooth=2|singular=0
RECORD|index=12787|total=2|smooth=2|singular=0
RECORD|index=12788|total=1|smooth=1|singular=0
RECORD|index=12789|total=1|smooth=1|singular=0
RECORD|index=12790|total=0|smooth=0|singular=0
RECORD|index=12791|total=1|smooth=1|singular=0
RECORD|index=12792|total=2|smooth=2|singular=0
RECORD|index=12793|total=1|smooth=1|singular=0
RECORD|index=12794|total=3|smooth=3|singular=0
RECORD|index=12795|total=0|smooth=0|singular=0
RECORD|index=12796|total=1|smooth=1|singular=0
RECORD|index=12797|total=4|smooth=4|singular=0
RECORD|index=12798|total=1|smooth=1|singular=0
RECORD|index=12799|total=0|smooth=0|singular=0
RECORD|index=12800|total=2|smooth=2|singular=0
RECORD|index=12801|total=0|smooth=0|singular=0
RECORD|index=12802|total=0|smooth=0|singular=0
RECORD|index=12803|total=0|smooth=0|singular=0
RECORD|index=12804|total=1|smooth=1|singular=0
RECORD|index=12805|total=1|smooth=1|singular=0
RECORD|index=12806|total=4|smooth=4|singular=0
RECORD|index=12807|total=1|smooth=1|singular=0
RECORD|index=12808|total=0|smooth=0|singular=0
RECORD|index=12809|total=3|smooth=3|singular=0
RECORD|index=12810|total=1|smooth=1|singular=0
RECORD|index=12811|total=1|smooth=1|singular=0
RECORD|index=12812|total=0|smooth=0|singular=0
RECORD|index=12813|total=1|smooth=1|singular=0
RECORD|index=12814|total=1|smooth=1|singular=0
RECORD|index=12815|total=0|smooth=0|singular=0
RECORD|index=12816|total=2|smooth=2|singular=0
RECORD|index=12817|total=1|smooth=1|singular=0
RECORD|index=12818|total=1|smooth=1|singular=0
RECORD|index=12819|total=1|smooth=1|singular=0
RECORD|index=12820|total=1|smooth=1|singular=0
RECORD|index=12821|total=1|smooth=1|singular=0
RECORD|index=12822|total=4|smooth=4|singular=0
RECORD|index=12823|total=0|smooth=0|singular=0
RECORD|index=12824|total=0|smooth=0|singular=0
RECORD|index=12825|total=5|smooth=5|singular=0
RECORD|index=12826|total=1|smooth=1|singular=0
RECORD|index=12827|total=1|smooth=1|singular=0
RECORD|index=12828|total=0|smooth=0|singular=0
RECORD|index=12829|total=0|smooth=0|singular=0
RECORD|index=12830|total=4|smooth=4|singular=0
RECORD|index=12831|total=0|smooth=0|singular=0
RECORD|index=12832|total=1|smooth=1|singular=0
RECORD|index=12833|total=4|smooth=4|singular=0
RECORD|index=12834|total=0|smooth=0|singular=0
RECORD|index=12835|total=1|smooth=1|singular=0
RECORD|index=12836|total=0|smooth=0|singular=0
RECORD|index=12837|total=0|smooth=0|singular=0
RECORD|index=12838|total=1|smooth=1|singular=0
RECORD|index=12839|total=1|smooth=1|singular=0
RECORD|index=12840|total=0|smooth=0|singular=0
RECORD|index=12841|total=1|smooth=1|singular=0
RECORD|index=12842|total=2|smooth=2|singular=0
RECORD|index=12843|total=2|smooth=2|singular=0
RECORD|index=12844|total=0|smooth=0|singular=0
RECORD|index=12845|total=0|smooth=0|singular=0
RECORD|index=12846|total=1|smooth=1|singular=0
RECORD|index=12847|total=2|smooth=2|singular=0
RECORD|index=12848|total=1|smooth=1|singular=0
RECORD|index=12849|total=1|smooth=1|singular=0
RECORD|index=12850|total=0|smooth=0|singular=0
RECORD|index=12851|total=2|smooth=2|singular=0
RECORD|index=12852|total=0|smooth=0|singular=0
RECORD|index=12853|total=0|smooth=0|singular=0
RECORD|index=12854|total=2|smooth=2|singular=0
RECORD|index=12855|total=1|smooth=1|singular=0
RECORD|index=12856|total=0|smooth=0|singular=0
RECORD|index=12857|total=1|smooth=1|singular=0
RECORD|index=12858|total=1|smooth=1|singular=0
RECORD|index=12859|total=1|smooth=1|singular=0
RECORD|index=12860|total=1|smooth=1|singular=0
RECORD|index=12861|total=3|smooth=3|singular=0
RECORD|index=12862|total=1|smooth=1|singular=0
RECORD|index=12863|total=3|smooth=3|singular=0
RECORD|index=12864|total=1|smooth=1|singular=0
RECORD|index=12865|total=0|smooth=0|singular=0
RECORD|index=12866|total=2|smooth=2|singular=0
RECORD|index=12867|total=0|smooth=0|singular=0
RECORD|index=12868|total=1|smooth=1|singular=0
RECORD|index=12869|total=0|smooth=0|singular=0
RECORD|index=12870|total=0|smooth=0|singular=0
RECORD|index=12871|total=1|smooth=1|singular=0
RECORD|index=12872|total=0|smooth=0|singular=0
RECORD|index=12873|total=0|smooth=0|singular=0
RECORD|index=12874|total=0|smooth=0|singular=0
RECORD|index=12875|total=0|smooth=0|singular=0
RECORD|index=12876|total=0|smooth=0|singular=0
RECORD|index=12877|total=2|smooth=2|singular=0
RECORD|index=12878|total=2|smooth=2|singular=0
RECORD|index=12879|total=2|smooth=2|singular=0
RECORD|index=12880|total=1|smooth=1|singular=0
RECORD|index=12881|total=2|smooth=2|singular=0
RECORD|index=12882|total=0|smooth=0|singular=0
RECORD|index=12883|total=1|smooth=1|singular=0
RECORD|index=12884|total=2|smooth=2|singular=0
RECORD|index=12885|total=1|smooth=1|singular=0
RECORD|index=12886|total=0|smooth=0|singular=0
RECORD|index=12887|total=0|smooth=0|singular=0
RECORD|index=12888|total=0|smooth=0|singular=0
RECORD|index=12889|total=2|smooth=2|singular=0
RECORD|index=12890|total=0|smooth=0|singular=0
RECORD|index=12891|total=0|smooth=0|singular=0
RECORD|index=12892|total=0|smooth=0|singular=0
RECORD|index=12893|total=0|smooth=0|singular=0
RECORD|index=12894|total=3|smooth=3|singular=0
RECORD|index=12895|total=0|smooth=0|singular=0
RECORD|index=12896|total=1|smooth=1|singular=0
RECORD|index=12897|total=0|smooth=0|singular=0
RECORD|index=12898|total=2|smooth=2|singular=0
RECORD|index=12899|total=0|smooth=0|singular=0
RECORD|index=12900|total=1|smooth=1|singular=0
RECORD|index=12901|total=0|smooth=0|singular=0
RECORD|index=12902|total=1|smooth=1|singular=0
RECORD|index=12903|total=1|smooth=1|singular=0
RECORD|index=12904|total=0|smooth=0|singular=0
RECORD|index=12905|total=1|smooth=1|singular=0
RECORD|index=12906|total=1|smooth=1|singular=0
RECORD|index=12907|total=0|smooth=0|singular=0
RECORD|index=12908|total=1|smooth=1|singular=0
RECORD|index=12909|total=0|smooth=0|singular=0
RECORD|index=12910|total=1|smooth=1|singular=0
RECORD|index=12911|total=2|smooth=2|singular=0
RECORD|index=12912|total=0|smooth=0|singular=0
RECORD|index=12913|total=2|smooth=2|singular=0
RECORD|index=12914|total=1|smooth=1|singular=0
RECORD|index=12915|total=3|smooth=3|singular=0
RECORD|index=12916|total=1|smooth=1|singular=0
RECORD|index=12917|total=2|smooth=2|singular=0
RECORD|index=12918|total=1|smooth=1|singular=0
RECORD|index=12919|total=1|smooth=1|singular=0
RECORD|index=12920|total=1|smooth=1|singular=0
RECORD|index=12921|total=2|smooth=2|singular=0
RECORD|index=12922|total=2|smooth=2|singular=0
RECORD|index=12923|total=1|smooth=1|singular=0
RECORD|index=12924|total=1|smooth=1|singular=0
RECORD|index=12925|total=2|smooth=2|singular=0
RECORD|index=12926|total=1|smooth=1|singular=0
RECORD|index=12927|total=0|smooth=0|singular=0
RECORD|index=12928|total=0|smooth=0|singular=0
RECORD|index=12929|total=0|smooth=0|singular=0
RECORD|index=12930|total=0|smooth=0|singular=0
RECORD|index=12931|total=2|smooth=2|singular=0
RECORD|index=12932|total=1|smooth=1|singular=0
RECORD|index=12933|total=0|smooth=0|singular=0
RECORD|index=12934|total=0|smooth=0|singular=0
RECORD|index=12935|total=0|smooth=0|singular=0
RECORD|index=12936|total=3|smooth=3|singular=0
RECORD|index=12937|total=0|smooth=0|singular=0
RECORD|index=12938|total=0|smooth=0|singular=0
RECORD|index=12939|total=0|smooth=0|singular=0
RECORD|index=12940|total=1|smooth=1|singular=0
RECORD|index=12941|total=3|smooth=3|singular=0
RECORD|index=12942|total=2|smooth=2|singular=0
RECORD|index=12943|total=1|smooth=1|singular=0
RECORD|index=12944|total=1|smooth=1|singular=0
RECORD|index=12945|total=2|smooth=2|singular=0
RECORD|index=12946|total=2|smooth=2|singular=0
RECORD|index=12947|total=2|smooth=2|singular=0
RECORD|index=12948|total=2|smooth=2|singular=0
RECORD|index=12949|total=0|smooth=0|singular=0
RECORD|index=12950|total=0|smooth=0|singular=0
RECORD|index=12951|total=0|smooth=0|singular=0
RECORD|index=12952|total=1|smooth=1|singular=0
RECORD|index=12953|total=2|smooth=2|singular=0
RECORD|index=12954|total=1|smooth=1|singular=0
RECORD|index=12955|total=0|smooth=0|singular=0
RECORD|index=12956|total=0|smooth=0|singular=0
RECORD|index=12957|total=0|smooth=0|singular=0
RECORD|index=12958|total=0|smooth=0|singular=0
RECORD|index=12959|total=1|smooth=1|singular=0
RECORD|index=12960|total=1|smooth=1|singular=0
RECORD|index=12961|total=2|smooth=2|singular=0
RECORD|index=12962|total=0|smooth=0|singular=0
RECORD|index=12963|total=1|smooth=1|singular=0
RECORD|index=12964|total=1|smooth=1|singular=0
RECORD|index=12965|total=1|smooth=1|singular=0
RECORD|index=12966|total=5|smooth=5|singular=0
RECORD|index=12967|total=0|smooth=0|singular=0
RECORD|index=12968|total=2|smooth=2|singular=0
RECORD|index=12969|total=1|smooth=1|singular=0
RECORD|index=12970|total=0|smooth=0|singular=0
RECORD|index=12971|total=2|smooth=2|singular=0
RECORD|index=12972|total=1|smooth=1|singular=0
RECORD|index=12973|total=0|smooth=0|singular=0
RECORD|index=12974|total=1|smooth=1|singular=0
RECORD|index=12975|total=0|smooth=0|singular=0
RECORD|index=12976|total=0|smooth=0|singular=0
RECORD|index=12977|total=2|smooth=2|singular=0
RECORD|index=12978|total=0|smooth=0|singular=0
RECORD|index=12979|total=1|smooth=1|singular=0
RECORD|index=12980|total=0|smooth=0|singular=0
RECORD|index=12981|total=0|smooth=0|singular=0
RECORD|index=12982|total=0|smooth=0|singular=0
RECORD|index=12983|total=0|smooth=0|singular=0
RECORD|index=12984|total=0|smooth=0|singular=0
RECORD|index=12985|total=0|smooth=0|singular=0
RECORD|index=12986|total=1|smooth=1|singular=0
RECORD|index=12987|total=1|smooth=1|singular=0
RECORD|index=12988|total=2|smooth=2|singular=0
RECORD|index=12989|total=0|smooth=0|singular=0
RECORD|index=12990|total=0|smooth=0|singular=0
RECORD|index=12991|total=1|smooth=1|singular=0
RECORD|index=12992|total=1|smooth=1|singular=0
RECORD|index=12993|total=2|smooth=2|singular=0
RECORD|index=12994|total=0|smooth=0|singular=0
RECORD|index=12995|total=2|smooth=2|singular=0
RECORD|index=12996|total=1|smooth=1|singular=0
RECORD|index=12997|total=0|smooth=0|singular=0
RECORD|index=12998|total=0|smooth=0|singular=0
RECORD|index=12999|total=1|smooth=1|singular=0
RECORD|index=13000|total=0|smooth=0|singular=0
RECORD|index=13001|total=0|smooth=0|singular=0
RECORD|index=13002|total=0|smooth=0|singular=0
RECORD|index=13003|total=0|smooth=0|singular=0
RECORD|index=13004|total=2|smooth=2|singular=0
RECORD|index=13005|total=3|smooth=3|singular=0
RECORD|index=13006|total=2|smooth=2|singular=0
RECORD|index=13007|total=0|smooth=0|singular=0
RECORD|index=13008|total=2|smooth=2|singular=0
RECORD|index=13009|total=1|smooth=1|singular=0
RECORD|index=13010|total=0|smooth=0|singular=0
RECORD|index=13011|total=1|smooth=1|singular=0
RECORD|index=13012|total=0|smooth=0|singular=0
RECORD|index=13013|total=1|smooth=1|singular=0
RECORD|index=13014|total=0|smooth=0|singular=0
RECORD|index=13015|total=1|smooth=1|singular=0
RECORD|index=13016|total=0|smooth=0|singular=0
RECORD|index=13017|total=3|smooth=3|singular=0
RECORD|index=13018|total=1|smooth=1|singular=0
RECORD|index=13019|total=0|smooth=0|singular=0
RECORD|index=13020|total=0|smooth=0|singular=0
RECORD|index=13021|total=1|smooth=1|singular=0
RECORD|index=13022|total=2|smooth=2|singular=0
RECORD|index=13023|total=0|smooth=0|singular=0
RECORD|index=13024|total=2|smooth=2|singular=0
RECORD|index=13025|total=2|smooth=2|singular=0
RECORD|index=13026|total=1|smooth=1|singular=0
RECORD|index=13027|total=2|smooth=2|singular=0
RECORD|index=13028|total=0|smooth=0|singular=0
RECORD|index=13029|total=1|smooth=1|singular=0
RECORD|index=13030|total=1|smooth=1|singular=0
RECORD|index=13031|total=0|smooth=0|singular=0
RECORD|index=13032|total=1|smooth=1|singular=0
RECORD|index=13033|total=2|smooth=2|singular=0
RECORD|index=13034|total=2|smooth=2|singular=0
RECORD|index=13035|total=4|smooth=4|singular=0
RECORD|index=13036|total=2|smooth=2|singular=0
RECORD|index=13037|total=1|smooth=1|singular=0
RECORD|index=13038|total=0|smooth=0|singular=0
RECORD|index=13039|total=1|smooth=1|singular=0
RECORD|index=13040|total=0|smooth=0|singular=0
RECORD|index=13041|total=1|smooth=1|singular=0
RECORD|index=13042|total=1|smooth=1|singular=0
RECORD|index=13043|total=2|smooth=2|singular=0
RECORD|index=13044|total=1|smooth=1|singular=0
RECORD|index=13045|total=1|smooth=1|singular=0
RECORD|index=13046|total=2|smooth=2|singular=0
RECORD|index=13047|total=2|smooth=2|singular=0
RECORD|index=13048|total=0|smooth=0|singular=0
RECORD|index=13049|total=3|smooth=3|singular=0
RECORD|index=13050|total=0|smooth=0|singular=0
RECORD|index=13051|total=0|smooth=0|singular=0
RECORD|index=13052|total=0|smooth=0|singular=0
RECORD|index=13053|total=0|smooth=0|singular=0
RECORD|index=13054|total=1|smooth=1|singular=0
RECORD|index=13055|total=1|smooth=1|singular=0
RECORD|index=13056|total=1|smooth=1|singular=0
RECORD|index=13057|total=1|smooth=1|singular=0
RECORD|index=13058|total=0|smooth=0|singular=0
RECORD|index=13059|total=0|smooth=0|singular=0
RECORD|index=13060|total=0|smooth=0|singular=0
RECORD|index=13061|total=0|smooth=0|singular=0
RECORD|index=13062|total=1|smooth=1|singular=0
RECORD|index=13063|total=1|smooth=1|singular=0
RECORD|index=13064|total=0|smooth=0|singular=0
RECORD|index=13065|total=1|smooth=1|singular=0
RECORD|index=13066|total=2|smooth=2|singular=0
RECORD|index=13067|total=0|smooth=0|singular=0
RECORD|index=13068|total=1|smooth=1|singular=0
RECORD|index=13069|total=2|smooth=2|singular=0
RECORD|index=13070|total=1|smooth=1|singular=0
RECORD|index=13071|total=2|smooth=2|singular=0
RECORD|index=13072|total=3|smooth=3|singular=0
RECORD|index=13073|total=0|smooth=0|singular=0
RECORD|index=13074|total=0|smooth=0|singular=0
RECORD|index=13075|total=4|smooth=4|singular=0
RECORD|index=13076|total=1|smooth=1|singular=0
RECORD|index=13077|total=2|smooth=2|singular=0
RECORD|index=13078|total=1|smooth=1|singular=0
RECORD|index=13079|total=0|smooth=0|singular=0
RECORD|index=13080|total=1|smooth=1|singular=0
RECORD|index=13081|total=0|smooth=0|singular=0
RECORD|index=13082|total=0|smooth=0|singular=0
RECORD|index=13083|total=3|smooth=3|singular=0
RECORD|index=13084|total=2|smooth=2|singular=0
RECORD|index=13085|total=2|smooth=2|singular=0
RECORD|index=13086|total=2|smooth=2|singular=0
RECORD|index=13087|total=0|smooth=0|singular=0
RECORD|index=13088|total=1|smooth=1|singular=0
RECORD|index=13089|total=1|smooth=1|singular=0
RECORD|index=13090|total=2|smooth=2|singular=0
RECORD|index=13091|total=0|smooth=0|singular=0
RECORD|index=13092|total=0|smooth=0|singular=0
RECORD|index=13093|total=1|smooth=1|singular=0
RECORD|index=13094|total=1|smooth=1|singular=0
RECORD|index=13095|total=1|smooth=1|singular=0
RECORD|index=13096|total=1|smooth=1|singular=0
RECORD|index=13097|total=1|smooth=1|singular=0
RECORD|index=13098|total=2|smooth=2|singular=0
RECORD|index=13099|total=1|smooth=1|singular=0
RECORD|index=13100|total=0|smooth=0|singular=0
RECORD|index=13101|total=1|smooth=1|singular=0
RECORD|index=13102|total=0|smooth=0|singular=0
RECORD|index=13103|total=1|smooth=1|singular=0
SINGULAR_FQ2_SHARD_PASS
