info: mathlib: cloning https://github.com/leanprover-community/mathlib4
info: mathlib: checking out revision '20bc12820422504f9e52ee6caebf8182a9015336'
info: plausible: cloning https://github.com/leanprover-community/plausible
info: plausible: checking out revision '38e9c3ce15cbb63c92e90bb9a92e4eb82131f669'
info: LeanSearchClient: cloning https://github.com/leanprover-community/LeanSearchClient
info: LeanSearchClient: checking out revision '2bc7cf064315b26bc38dac2e9612fb581be9b75f'
info: importGraph: cloning https://github.com/leanprover-community/import-graph
info: importGraph: checking out revision '978b7ec9fbbf9a535114f1de8fe5b3778b358870'
info: proofwidgets: cloning https://github.com/leanprover-community/ProofWidgets4
info: proofwidgets: checking out revision 'ebeca04ecd5ee2ba9740e13576d80d4ab6b5779c'
info: aesop: cloning https://github.com/leanprover-community/aesop
info: aesop: checking out revision 'c1c4362a130f12e632d252180a6c2a31d8fd4726'
info: Qq: cloning https://github.com/leanprover-community/quote4
info: Qq: checking out revision '3b55e9d00c6b0018e5d984eb011b6f93c09bd163'
info: batteries: cloning https://github.com/leanprover-community/batteries
info: batteries: checking out revision '36cc05ca2d0e469bfbeea9437f460e19238e885e'
info: Cli: cloning https://github.com/leanprover/lean4-cli
info: Cli: checking out revision 'af8bc067a4cc6c6df472a68909a3f40b1c76c43e'
✔ [1/5] Built Cache.Cli (230ms)
✔ [2/5] Built Cache.Lean (271ms)
✔ [8/26] Built Cache.Cli:c.o (108ms)
✔ [9/26] Built Cache.Lean:c.o (122ms)
✔ [10/26] Built Cache.Infra (287ms)
✔ [11/26] Built Cache.Infra:c.o (174ms)
✔ [12/26] Built Cache.IO (1.1s)
✔ [13/26] Built Cache.Hashing (600ms)
✔ [14/26] Built Cache.Hashing:c.o (368ms)
✔ [15/26] Built Cache.IO:c.o (1.4s)
✔ [16/26] Built Cache.Requests (1.5s)
✔ [17/26] Built Cache.Marker (434ms)
✔ [18/26] Built Cache.Marker:c.o (101ms)
✔ [19/26] Built Cache.Query (518ms)
✔ [20/26] Built Cache.Query:c.o (262ms)
✔ [21/26] Built Cache.Warning (505ms)
✔ [22/26] Built Cache.Warning:c.o (224ms)
✔ [23/26] Built Cache.Main (928ms)
✔ [24/26] Built Cache.Requests:c.o (2.5s)
✔ [25/26] Built Cache.Main:c.o (882ms)
✔ [26/26] Built cache:exe (556ms)
info: mathlib: cloning https://github.com/leanprover-community/mathlib4
info: mathlib: checking out revision '20bc12820422504f9e52ee6caebf8182a9015336'
info: plausible: cloning https://github.com/leanprover-community/plausible
info: plausible: checking out revision '38e9c3ce15cbb63c92e90bb9a92e4eb82131f669'
info: LeanSearchClient: cloning https://github.com/leanprover-community/LeanSearchClient
info: LeanSearchClient: checking out revision '2bc7cf064315b26bc38dac2e9612fb581be9b75f'
info: importGraph: cloning https://github.com/leanprover-community/import-graph
info: importGraph: checking out revision '978b7ec9fbbf9a535114f1de8fe5b3778b358870'
info: proofwidgets: cloning https://github.com/leanprover-community/ProofWidgets4
info: proofwidgets: checking out revision 'ebeca04ecd5ee2ba9740e13576d80d4ab6b5779c'
info: aesop: cloning https://github.com/leanprover-community/aesop
info: aesop: checking out revision 'c1c4362a130f12e632d252180a6c2a31d8fd4726'
info: Qq: cloning https://github.com/leanprover-community/quote4
info: Qq: checking out revision '3b55e9d00c6b0018e5d984eb011b6f93c09bd163'
info: batteries: cloning https://github.com/leanprover-community/batteries
info: batteries: checking out revision '36cc05ca2d0e469bfbeea9437f460e19238e885e'
info: Cli: cloning https://github.com/leanprover/lean4-cli
info: Cli: checking out revision 'af8bc067a4cc6c6df472a68909a3f40b1c76c43e'
✔ [1/5] Built Cache.Cli (237ms)
✔ [2/5] Built Cache.Lean (287ms)
✔ [8/26] Built Cache.Cli:c.o (107ms)
✔ [9/26] Built Cache.Lean:c.o (122ms)
✔ [10/26] Built Cache.Infra (282ms)
✔ [11/26] Built Cache.Infra:c.o (177ms)
✔ [12/26] Built Cache.IO (1.0s)
✔ [13/26] Built Cache.Hashing (618ms)
✔ [14/26] Built Cache.Hashing:c.o (374ms)
✔ [15/26] Built Cache.IO:c.o (1.4s)
✔ [16/26] Built Cache.Requests (1.6s)
✔ [17/26] Built Cache.Marker (462ms)
✔ [18/26] Built Cache.Marker:c.o (99ms)
✔ [19/26] Built Cache.Query (537ms)
✔ [20/26] Built Cache.Query:c.o (260ms)
✔ [21/26] Built Cache.Warning (519ms)
✔ [22/26] Built Cache.Warning:c.o (229ms)
✔ [23/26] Built Cache.Main (958ms)
✔ [24/26] Built Cache.Requests:c.o (2.5s)
✔ [25/26] Built Cache.Main:c.o (845ms)
✔ [26/26] Built cache:exe (565ms)
