	Command being timed: "python3 /home/ubuntu/jobs/as_global_row8_projection_aggregate_20260825T1420Z_v2/source/aggregate_projection.py --require-v3-controls /home/ubuntu/jobs/as_global_row8_projection_20260825T1422Z_v3/shards /home/ubuntu/jobs/as_global_row8_projection_aggregate_20260825T1420Z_v2/v3/aggregate.json"
	User time (seconds): 0.04
	System time (seconds): 0.00
	Percent of CPU this job got: 98%
	Elapsed (wall clock) time (h:mm:ss or m:ss): 0:00.05
	Average shared text size (kbytes): 0
	Average unshared data size (kbytes): 0
	Average stack size (kbytes): 0
	Average total size (kbytes): 0
	Maximum resident set size (kbytes): 16648
	Average resident set size (kbytes): 0
	Major (requiring I/O) page faults: 0
	Minor (reclaiming a frame) page faults: 1978
	Voluntary context switches: 1
	Involuntary context switches: 1
	Swaps: 0
	File system inputs: 0
	File system outputs: 16
	Socket messages sent: 0
	Socket messages received: 0
	Signals delivered: 0
	Page size (bytes): 4096
	Exit status: 0
