K00_REES_I_SUBSET_J2=1
K00_REES_I_NOT_SUBSET_J3=1
K00_REES_SOURCE_MUTATION_DETECTED=1
K00_REES_FIFTH_IDENTITIES=4
K00_REES_CERTIFICATE_MUTATION_DETECTED=1
K00_REES_PIGEONHOLE_UPPER_BOUND=17
K00_REES_GLOBAL_BASIS_SIZE=114
K00_REES_FOURTH_POWER_NONMEMBERS=4
K00_REES_DEGREE=16;BOUNDED_SURVIVORS=1;ALL_IN_I=1
K00_REES_DEGREE=15;BOUNDED_SURVIVORS=4;ALL_IN_I=1
K00_REES_DEGREE=14;BOUNDED_SURVIVORS=10;ALL_IN_I=1
K00_REES_DEGREE=13;BOUNDED_SURVIVORS=20;ALL_IN_I=1
K00_REES_DEGREE=12;BOUNDED_SURVIVORS=35;ALL_IN_I=1
K00_REES_DEGREE=11;BOUNDED_SURVIVORS=52;ALL_IN_I=1
K00_REES_DEGREE=10;BOUNDED_SURVIVORS=68;ALL_IN_I=1
K00_REES_DEGREE=9;BOUNDED_SURVIVORS=80;ALL_IN_I=1
K00_REES_DEGREE=8;BOUNDED_SURVIVORS=85;ALL_IN_I=1
K00_REES_DEGREE=7;BOUNDED_SURVIVORS=80;ALL_IN_I=1
K00_REES_DEGREE=6;BOUNDED_SURVIVORS=68;ALL_IN_I=1
K00_REES_DEGREE=5;BOUNDED_SURVIVORS=52;ALL_IN_I=1
K00_REES_DEGREE=4;BOUNDED_SURVIVORS=35;ALL_IN_I=0
K00_REES_WITNESS_DEGREE=4
K00_REES_WITNESS_EXPONENTS=0,0,0,4
K00_REES_TOTAL_BOUNDED_SURVIVORS_VISITED=590
K00_REES_EXACT_SMALLEST_N=5
PASS_K00_REES_SANDWICH_EXACT_MINIMAL_N
