	Command being timed: "timeout 14400 env WITNESS_JSON=/home/ubuntu/jobs/as_b9_common_cubic_jacobian_snf_20260825T173957Z/witness.json EXPECTED_WITNESS_SHA256=a39bc9185a21df92173b356c027a00650ced4b92cfc15d587a91b39c8aca299a OUTPUT_JSON=/home/ubuntu/jobs/as_b9_common_cubic_jacobian_snf_20260825T173957Z/result.json MATRIX_GZIP=/home/ubuntu/jobs/as_b9_common_cubic_jacobian_snf_20260825T173957Z/matrix.json.gz /home/ubuntu/jobs/as_b9_9_12_exact_core_20260825T1722Z/venv/bin/python /home/ubuntu/jobs/as_b9_common_cubic_jacobian_snf_20260825T173957Z/source/jacobian_snf.py"
	User time (seconds): 217.22
	System time (seconds): 0.11
	Percent of CPU this job got: 99%
	Elapsed (wall clock) time (h:mm:ss or m:ss): 3:37.34
	Average shared text size (kbytes): 0
	Average unshared data size (kbytes): 0
	Average stack size (kbytes): 0
	Average total size (kbytes): 0
	Maximum resident set size (kbytes): 261384
	Average resident set size (kbytes): 0
	Major (requiring I/O) page faults: 0
	Minor (reclaiming a frame) page faults: 63332
	Voluntary context switches: 4
	Involuntary context switches: 318
	Swaps: 0
	File system inputs: 0
	File system outputs: 64
	Socket messages sent: 0
	Socket messages received: 0
	Signals delivered: 0
	Page size (bytes): 4096
	Exit status: 0
