{
  "J0_sha256_srepr": "eced81485fa88f5ecf3f130463c78e2158c6a1bbe63b7457c16cb5130e3c9b04",
  "J0_value": "1",
  "all_other_stage7_free_generators": 0,
  "assignment_nonzero": {
    "A3c_97_1": -1,
    "B2c_64_0": 1,
    "c": 1
  },
  "consequence": "The five-pivot s<=63 quotient meets c*J0!=0; localization does not empty this necessary subsystem.",
  "custody": {
    "all_match": true,
    "count": 21
  },
  "first_T2_row_value": "0",
  "s63_Qstar_relation_values": [
    "0",
    "0",
    "0",
    "0",
    "0"
  ],
  "stage7_free": 869,
  "status": "PASS",
  "type": "EXACT COMMON-POINT CONTROL / s<=63 T2 PREFIX AND JACOBIAN"
}
