Command exited with non-zero status 1
	Command being timed: "timeout 3000 Singular -q --no-rc full-bridge-p1299709-Jkappa.sing"
	User time (seconds): 806.57
	System time (seconds): 14.77
	Percent of CPU this job got: 98%
	Elapsed (wall clock) time (h:mm:ss or m:ss): 13:52.35
	Average shared text size (kbytes): 0
	Average unshared data size (kbytes): 0
	Average stack size (kbytes): 0
	Average total size (kbytes): 0
	Maximum resident set size (kbytes): 10227536
	Average resident set size (kbytes): 0
	Major (requiring I/O) page faults: 0
	Minor (reclaiming a frame) page faults: 5924157
	Voluntary context switches: 4
	Involuntary context switches: 20860
	Swaps: 0
	File system inputs: 0
	File system outputs: 16
	Socket messages sent: 0
	Socket messages received: 0
	Signals delivered: 0
	Page size (bytes): 4096
	Exit status: 1
