   56.821s  structural upper support assembled: 5157 slots
   94.808s  modular KT2 sample p=32003: rows=4616
  132.603s  modular KT2 sample p=104729: rows=4617
  172.028s  modular KT2 sample p=1299709: rows=4617
{
  "modular_runs": [
    {
      "F_slots": 5354,
      "G_slots": 5454,
      "KT2_max_pi": 53,
      "KT2_min_s": 56,
      "component_slots": {
        "A2": 2013,
        "A3": 2013,
        "B1": 1001,
        "B2": 2013,
        "H": 1657
      },
      "prime": 32003,
      "row_slots": 4616
    },
    {
      "F_slots": 5355,
      "G_slots": 5454,
      "KT2_max_pi": 53,
      "KT2_min_s": 56,
      "component_slots": {
        "A2": 2013,
        "A3": 2013,
        "B1": 1001,
        "B2": 2013,
        "H": 1657
      },
      "prime": 104729,
      "row_slots": 4617
    },
    {
      "F_slots": 5355,
      "G_slots": 5454,
      "KT2_max_pi": 53,
      "KT2_min_s": 56,
      "component_slots": {
        "A2": 2013,
        "A3": 2013,
        "B1": 1001,
        "B2": 2013,
        "H": 1657
      },
      "prime": 1299709,
      "row_slots": 4617
    }
  ],
  "resources": {
    "max_rss_kib": 88504,
    "wall_seconds": 172.035
  },
  "support": {
    "by_s": {
      "100": 4,
      "101": 3,
      "102": 4,
      "103": 3,
      "104": 4,
      "105": 4,
      "106": 4,
      "107": 4,
      "108": 4,
      "109": 4,
      "110": 4,
      "111": 5,
      "112": 5,
      "113": 5,
      "114": 5,
      "115": 5,
      "116": 5,
      "117": 5,
      "118": 6,
      "119": 5,
      "120": 6,
      "121": 5,
      "122": 6,
      "123": 5,
      "124": 6,
      "125": 6,
      "126": 6,
      "127": 6,
      "128": 6,
      "129": 6,
      "130": 6,
      "131": 6,
      "132": 7,
      "133": 6,
      "134": 7,
      "135": 6,
      "136": 7,
      "137": 6,
      "138": 7,
      "139": 7,
      "140": 7,
      "141": 7,
      "142": 7,
      "143": 7,
      "144": 7,
      "145": 7,
      "146": 8,
      "147": 7,
      "148": 8,
      "149": 7,
      "150": 8,
      "151": 7,
      "152": 8,
      "153": 8,
      "154": 8,
      "155": 8,
      "156": 8,
      "157": 8,
      "158": 8,
      "159": 8,
      "160": 9,
      "161": 8,
      "162": 9,
      "163": 8,
      "164": 9,
      "165": 8,
      "166": 10,
      "167": 9,
      "168": 10,
      "169": 9,
      "170": 10,
      "171": 9,
      "172": 10,
      "173": 10,
      "174": 10,
      "175": 10,
      "176": 10,
      "177": 10,
      "178": 10,
      "179": 10,
      "180": 11,
      "181": 10,
      "182": 11,
      "183": 10,
      "184": 11,
      "185": 10,
      "186": 11,
      "187": 11,
      "188": 11,
      "189": 11,
      "190": 11,
      "191": 11,
      "192": 11,
      "193": 11,
      "194": 12,
      "195": 11,
      "196": 12,
      "197": 11,
      "198": 12,
      "199": 11,
      "200": 12,
      "201": 12,
      "202": 12,
      "203": 12,
      "204": 12,
      "205": 12,
      "206": 12,
      "207": 12,
      "208": 13,
      "209": 12,
      "210": 13,
      "211": 12,
      "212": 13,
      "213": 12,
      "214": 13,
      "215": 13,
      "216": 13,
      "217": 13,
      "218": 13,
      "219": 13,
      "220": 13,
      "221": 14,
      "222": 14,
      "223": 14,
      "224": 14,
      "225": 14,
      "226": 14,
      "227": 14,
      "228": 15,
      "229": 14,
      "230": 15,
      "231": 14,
      "232": 15,
      "233": 14,
      "234": 15,
      "235": 15,
      "236": 15,
      "237": 15,
      "238": 15,
      "239": 15,
      "240": 15,
      "241": 15,
      "242": 16,
      "243": 15,
      "244": 16,
      "245": 15,
      "246": 16,
      "247": 15,
      "248": 16,
      "249": 16,
      "250": 16,
      "251": 16,
      "252": 16,
      "253": 16,
      "254": 16,
      "255": 16,
      "256": 17,
      "257": 16,
      "258": 17,
      "259": 16,
      "260": 17,
      "261": 16,
      "262": 17,
      "263": 17,
      "264": 17,
      "265": 17,
      "266": 17,
      "267": 17,
      "268": 17,
      "269": 17,
      "270": 18,
      "271": 17,
      "272": 18,
      "273": 17,
      "274": 18,
      "275": 17,
      "276": 19,
      "277": 18,
      "278": 19,
      "279": 18,
      "280": 19,
      "281": 18,
      "282": 19,
      "283": 19,
      "284": 19,
      "285": 19,
      "286": 19,
      "287": 19,
      "288": 19,
      "289": 19,
      "290": 20,
      "291": 19,
      "292": 20,
      "293": 19,
      "294": 20,
      "295": 19,
      "296": 20,
      "297": 20,
      "298": 20,
      "299": 20,
      "300": 20,
      "301": 20,
      "302": 20,
      "303": 20,
      "304": 21,
      "305": 20,
      "306": 21,
      "307": 20,
      "308": 21,
      "309": 20,
      "310": 21,
      "311": 21,
      "312": 21,
      "313": 21,
      "314": 21,
      "315": 21,
      "316": 21,
      "317": 21,
      "318": 22,
      "319": 21,
      "320": 22,
      "321": 21,
      "322": 22,
      "323": 21,
      "324": 22,
      "325": 22,
      "326": 22,
      "327": 22,
      "328": 22,
      "329": 22,
      "330": 22,
      "331": 23,
      "332": 23,
      "333": 23,
      "334": 23,
      "335": 23,
      "336": 23,
      "337": 23,
      "338": 24,
      "339": 23,
      "340": 24,
      "341": 23,
      "342": 24,
      "343": 23,
      "344": 24,
      "345": 24,
      "346": 24,
      "347": 24,
      "348": 24,
      "349": 24,
      "350": 24,
      "351": 24,
      "352": 25,
      "353": 24,
      "354": 25,
      "355": 24,
      "356": 25,
      "357": 24,
      "358": 25,
      "359": 25,
      "360": 25,
      "361": 25,
      "362": 25,
      "363": 25,
      "364": 25,
      "365": 25,
      "366": 26,
      "367": 25,
      "368": 26,
      "369": 25,
      "370": 26,
      "371": 25,
      "372": 26,
      "373": 26,
      "374": 26,
      "375": 26,
      "376": 26,
      "377": 26,
      "378": 26,
      "379": 26,
      "380": 27,
      "381": 26,
      "382": 27,
      "383": 26,
      "384": 27,
      "385": 26,
      "386": 27,
      "387": 27,
      "388": 27,
      "389": 27,
      "390": 27,
      "391": 27,
      "56": 1,
      "58": 1,
      "60": 1,
      "62": 1,
      "63": 1,
      "64": 1,
      "65": 1,
      "66": 1,
      "67": 1,
      "68": 1,
      "69": 1,
      "70": 2,
      "71": 1,
      "72": 2,
      "73": 1,
      "74": 2,
      "75": 1,
      "76": 2,
      "77": 2,
      "78": 2,
      "79": 2,
      "80": 2,
      "81": 2,
      "82": 2,
      "83": 2,
      "84": 3,
      "85": 2,
      "86": 3,
      "87": 2,
      "88": 3,
      "89": 2,
      "90": 3,
      "91": 3,
      "92": 3,
      "93": 3,
      "94": 3,
      "95": 3,
      "96": 3,
      "97": 3,
      "98": 4,
      "99": 3
    },
    "certified_pi_max": 53,
    "certified_s_max": 391,
    "certified_s_min": 56,
    "modular_certified_nonzero_slots": 4617,
    "occupied_s_bands": 333,
    "structural_upper_slots": 5157,
    "three_sample_common_slots": 4616,
    "upper_equals_certified": false
  }
}
