# r=2   spine built in 59.8s
  C   h-exponents: ['1', 't - 1']
  A   h-exponents: ['2', 't']
  U   h-exponents: ['2', '5', 't', 't + 3', '2*t + 1']
  B   h-exponents: ['2', 't']
  D   h-exponents: ['1', '4', 't - 1', 't + 2', '2*t']
  V   h-exponents: ['0', '3', 't + 1']
  Y   h-exponents: ['2', '5', 't', 't + 3', '2*t + 1']
  Z   h-exponents: ['0', '3', 't + 1']
  Xp  h-exponents: ['3', '6', 't - 2', 't + 1', 't + 4', '2*t - 1', '2*t + 2', '3*t']

# Phi: band k (= h-exponent) and weight 4t+1-k
   k = 3*t + 3     weight = t - 2     
   k = 3*t         weight = t + 1     
   k = 2*t + 5     weight = 2*t - 4   
   k = 2*t + 2     weight = 2*t - 1   
   k = 2*t - 1     weight = 2*t + 2   
   k = t + 7       weight = 3*t - 6   
   k = t + 4       weight = 3*t - 3   
   k = t + 1       weight = 3*t       
   k = t - 2       weight = 3*t + 3   
   k = 9           weight = 4*t - 8   
   k = 6           weight = 4*t - 5   
   k = 3           weight = 4*t - 2   
   k = 0           weight = 4*t + 1   

# high bands (k >= 2t) and their content
   k=3*t + 3    : 3*t*x*(3*t + 1)*(54*c1*d*t**4 + 333*c1*d*t**3 + 529*c1*d*t**2 + 468*c1*d*t + 140*c1*d + 6*c1*t**4 - 15*c1*t**3 - 129*c1*t**2 - 180*c1*t - 60*c1 - 27*d*t**4 - 153*d*t**3 - 288*d*t**2 - 240*d*t - 72*d + 12*t**3 + 56*t**2 + 68*t + 24)/((t + 1)*(2*t + 1)*(2*t + 5)*(3*t + 2)**3)
   k=3*t        : -b3*t*(3*t + 1)*(54*c2*d*t**2 + 12*c2*t + 27*d*t**2 + 15*d*t + 6*d + 6*t**2 + 11*t + 2)/(2*(2*t - 1)*(2*t + 1)*(3*t + 2)**2)
   k=2*t + 5    : -t*x**2*(3*t + 1)*(-1476*c1**2*d*t**5 - 10944*c1**2*d*t**4 - 28173*c1**2*d*t**3 - 27663*c1**2*d*t**2 - 11544*c1**2*d*t - 1740*c1**2*d + 648*c1**2*t**6 + 6156*c1**2*t**5 + 21530*c1**2*t**4 + 33621*c1**2*t**3 + 25229*c1**2*t**2 + 8976*c1**2*t + 1220*c1**2 + 324*c1*d*t**5 + 2646*c1*d*t**4 + 6642*c1*d*t**3 + 5292*c1*d*t**2 + 1296*c1*d*t - 648*c1*t**6 - 6156*c1*t**5 - 20556*c1*t**4 - 30060*c1*t**3 - 21132*c1*t**2 - 6984*c1*t - 864*c1 + 360*c3*d*t**5 + 2520*c3*d*t**4 + 6770*c3*d*t**3 + 8600*c3*d*t**2 + 4900*c3*d*t + 1000*c3*d + 120*c3*t**5 + 80*c3*t**4 - 1410*c3*t**3 - 2830*c3*t**2 - 1860*c3*t - 400*c3 + 81*d*t**5 + 675*d*t**4 + 2007*d*t**3 + 2601*d*t**2 + 1512*d*t + 324*d + 162*t**6 + 1431*t**5 + 4689*t**4 + 7209*t**3 + 5625*t**2 + 2160*t + 324)/(3*(t + 1)*(2*t + 1)**2*(2*t + 5)*(3*t + 2)**3)
   k=2*t + 2    : b3*t*x*(3*t + 1)*(-144*c1*c2*d*t**5 - 792*c1*c2*d*t**4 - 720*c1*c2*d*t**3 - 180*c1*c2*d*t**2 + 288*c1*c2*t**6 + 1968*c1*c2*t**5 + 3648*c1*c2*t**4 + 2808*c1*c2*t**3 + 960*c1*c2*t**2 + 120*c1*c2*t - 216*c1*d*t**5 - 984*c1*d*t**4 - 1164*c1*d*t**3 - 681*c1*d*t**2 + 21*c1*d*t + 90*c1*d + 144*c1*t**6 + 936*c1*t**5 + 1932*c1*t**4 + 2472*c1*t**3 + 1983*c1*t**2 + 741*c1*t + 90*c1 - 72*c2*d*t**5 - 408*c2*d*t**4 - 744*c2*d*t**3 - 552*c2*d*t**2 - 144*c2*d*t - 144*c2*t**6 - 888*c2*t**5 - 1896*c2*t**4 - 1848*c2*t**3 - 840*c2*t**2 - 144*c2*t - 192*c4*d*t**5 - 832*c4*d*t**4 - 1088*c4*d*t**3 - 432*c4*d*t**2 + 284*c4*d*t + 160*c4*d - 64*c4*t**5 - 160*c4*t**4 + 80*c4*t**3 + 200*c4*t**2 - 16*c4*t - 40*c4 - 36*d*t**5 - 222*d*t**4 - 501*d*t**3 - 588*d*t**2 - 363*d*t - 90*d - 72*t**6 - 480*t**5 - 1224*t**4 - 1677*t**3 - 1314*t**2 - 543*t - 90)/(2*(t + 1)*(2*t - 1)*(2*t + 1)**2*(2*t + 5)*(3*t + 2)**2)

   b1 divisibility constant (must be 0): 0

# sequential (triangular) solve of the high bands
   band k=3*t + 3   pivot c1 : N(coeff)=-3*t**2*x**2*(3*t + 1)**2*(3*t + 2)**3*(27*t**4 + 278*t**3 + 963*t**2 + 1380*t + 1100)
      c1 = 3*(t + 3)*(-3*d*t**3 - 5*d*t**2 + 2*d*t + 40*d + 9*t**4 + 66*t**3 + 155*t**2 + 178*t + 80)/((2*t + 1)*(27*t**4 + 278*t**3 + 963*t**2 + 1380*t + 1100))
   band k=3*t       pivot c2 : N(coeff)=-9*b3**2*t**4*(3*t - 1)*(3*t + 1)**2*(3*t + 2)**2
      c2 = -(6*d*t - 3*d + 9*t**2 + 2*t - 1)/(6*t*(3*t - 1))
   band k=2*t + 5   pivot c3 : N(coeff)=-100*t**2*x**4*(t + 1)*(2*t + 1)**2*(3*t + 1)**2*(3*t + 2)**6*(t**2 + 5*t + 13)/3
      c3 = 9*(t + 3)**2*(-54*d*t**8 + 2145*d*t**7 + 16561*d*t**6 + 7515*d*t**5 - 123651*d*t**4 - 146020*d*t**3 + 174384*d*t**2 + 324960*d*t + 238000*d + 567*t**9 + 9399*t**8 + 71926*t**7 + 351170*t**6 + 1170855*t**5 + 2580215*t**4 + 3699292*t**3 + 3469776*t**2 + 2036320*t + 568400)/(10*(2*t + 1)*(t**2 + 5*t + 13)*(27*t**4 + 278*t**3 + 963*t**2 + 1380*t + 1100)**2)
   band k=2*t + 2   pivot c4 : N(coeff)=-4*b3**2*t**2*x**2*(t + 1)*(2*t + 1)**2*(3*t + 1)**2*(3*t + 2)**6*(4*t**2 + 8*t + 13)/3
      c4 = -(t + 3)*(270*d*t**6 + 4845*d*t**5 + 16959*d*t**4 + 25011*d*t**3 + 13899*d*t**2 + 4476*d*t - 8460*d + 972*t**7 + 7998*t**6 + 25679*t**5 + 52555*t**4 + 67193*t**3 + 47747*t**2 + 6556*t - 7900)/(4*(2*t + 1)*(3*t - 1)*(4*t**2 + 8*t + 13)*(27*t**4 + 278*t**3 + 963*t**2 + 1380*t + 1100))
   all high bands vanish at the solution : OK

# terminal bands k < 2t  (weight, monomial, scalar)
   k=2*t - 1    wt=2*t + 2     x^0 b3^2
        coeff = t*(3*t + 1)*(27*d*t**3 - 30*d*t**2 + d*t - 2*d + 6*t**3 + 13*t**2 - 3*t + 2)/(12*(2*t + 1)**2*(3*t - 1)**2*(3*t + 2))
        N     = -t**2*(t - 2)*(3*t - 1)**2*(3*t + 1)**2*(3*t + 2)*(27*t**3 + 17*t**2 + t + 2)/3
   k=t + 7      wt=3*t - 6     x^3 b3^0
        coeff = 3*t*(t - 2)**3*(t + 1)*(t + 3)**3*(3*t + 1)*(-7371*d*t**7 - 143731*d*t**6 - 1047807*d*t**5 - 3432513*d*t**4 - 4265330*d*t**3 + 1276560*d*t**2 + 5238600*d*t + 1238000*d + 810*t**8 + 25443*t**7 + 277692*t**6 + 1398240*t**5 + 3308652*t**4 + 2677377*t**3 - 1853370*t**2 - 3168900*t - 615000)/((2*t + 1)**3*(t**2 + 5*t + 13)*(27*t**4 + 278*t**3 + 963*t**2 + 1380*t + 1100)**3)
        N     = 3*t**2*(t - 2)**6*(t + 1)**2*(t + 3)**6*(3*t + 1)**2*(4*t + 1)*(25*t - 23)*(t**2 + 5*t + 13)*(27*t**4 + 278*t**3 + 963*t**2 + 1380*t + 1100)**3
   k=t + 4      wt=3*t - 3     x^2 b3^1
        coeff = -3*t*(t - 2)**2*(t + 1)*(t + 3)**2*(3*t + 1)*(-8388*d*t**8 - 144548*d*t**7 - 1021757*d*t**6 - 3889539*d*t**5 - 8473417*d*t**4 - 9450685*d*t**3 - 2946006*d*t**2 + 1632700*d*t + 434200*d + 1080*t**9 + 28132*t**8 + 277610*t**7 + 1432019*t**6 + 4325246*t**5 + 7621948*t**4 + 6684292*t**3 + 1407313*t**2 - 1042060*t - 289900)/(4*(2*t + 1)**3*(3*t - 1)*(t**2 + 5*t + 13)*(4*t**2 + 8*t + 13)*(27*t**4 + 278*t**3 + 963*t**2 + 1380*t + 1100)**2)
        N     = 3*t**2*(t - 2)**4*(t + 1)**2*(t + 3)**4*(3*t - 1)*(3*t + 1)**2*(4*t + 1)*(t**2 + 5*t + 13)*(4*t**2 + 8*t + 13)*(27*t**4 + 278*t**3 + 963*t**2 + 1380*t + 1100)**2*(100*t**4 + 448*t**3 + 1089*t**2 + 394*t - 311)
   k=t + 1      wt=3*t         x^1 b3^2
        coeff = t*(t + 3)*(3*t + 1)*(1296*d*t**8 + 10236*d*t**7 + 28264*d*t**6 + 47310*d*t**5 + 54606*d*t**4 + 1862*d*t**3 - 44022*d*t**2 - 40392*d*t + 2200*d + 360*t**8 + 5618*t**7 + 25939*t**6 + 53019*t**5 + 60715*t**4 + 47987*t**3 + 16686*t**2 + 1916*t + 4840)/(12*(2*t + 1)**3*(3*t - 1)**2*(4*t**2 + 8*t + 13)*(27*t**4 + 278*t**3 + 963*t**2 + 1380*t + 1100))
        N     = -t**2*(t - 2)*(t + 1)*(t + 3)**2*(3*t - 1)**2*(3*t + 1)**2*(4*t + 1)*(4*t**2 + 8*t + 13)*(27*t**4 + 278*t**3 + 963*t**2 + 1380*t + 1100)*(432*t**6 + 2456*t**5 + 5299*t**4 + 7769*t**3 + 10322*t**2 + 7144*t + 2288)/3
   k=t - 2      wt=3*t + 3     x^0 b3^3
        coeff = -t*(t - 2)*(3*t + 1)*(6*d*t - t - 1)/(72*(2*t + 1)**3*(3*t - 1))
        N     = -t**2*(t - 2)**2*(t + 1)*(3*t - 1)*(3*t + 1)**2*(4*t + 1)
   k=9          wt=4*t - 8     x^4 b3^0
        coeff = 9*t*(t - 2)**3*(t + 1)*(t + 3)**4*(3*t + 1)*(-400221*d*t**13 - 12354849*d*t**12 - 162695538*d*t**11 - 1210373505*d*t**10 - 5696081370*d*t**9 - 18095724333*d*t**8 - 40603652586*d*t**7 - 65613774015*d*t**6 - 73118252277*d*t**5 - 46651814226*d*t**4 - 4914921960*d*t**3 + 13200364800*d*t**2 + 7449894000*d*t + 1277100000*d + 39366*t**14 + 1796985*t**13 + 31970241*t**12 + 308110662*t**11 + 1838420233*t**10 + 7313583562*t**9 + 20411629029*t**8 + 41394395694*t**7 + 61297140585*t**6 + 62817414129*t**5 + 38127197154*t**4 + 7560654600*t**3 - 4434616800*t**2 - 2391662000*t - 207020000)/(4*(2*t + 1)**4*(t**2 + 5*t + 13)**2*(27*t**4 + 278*t**3 + 963*t**2 + 1380*t + 1100)**4)
        N     = 81*t**2*(t - 2)**6*(t + 1)**2*(t + 3)**8*(3*t + 1)**2*(3*t + 2)**2*(4*t + 1)*(t**2 + 5*t + 13)**2*(3*t**2 + 2*t + 11)*(27*t**3 + 92*t**2 + 55*t - 46)*(27*t**4 + 278*t**3 + 963*t**2 + 1380*t + 1100)**4
   k=6          wt=4*t - 5     x^3 b3^1
        coeff = -3*t*(t - 2)**2*(t + 1)*(t + 3)**3*(3*t + 1)*(-463644*d*t**12 - 10504080*d*t**11 - 98032893*d*t**10 - 500164058*d*t**9 - 1599845421*d*t**8 - 3647816142*d*t**7 - 6665721291*d*t**6 - 9799355166*d*t**5 - 10348162707*d*t**4 - 6869638578*d*t**3 - 2500258620*d*t**2 - 416825400*d*t - 26780000*d + 52488*t**13 + 1789452*t**12 + 23143608*t**11 + 157131692*t**10 + 645942005*t**9 + 1792789137*t**8 + 3760267884*t**7 + 6400918842*t**6 + 8532696285*t**5 + 8031462657*t**4 + 4778917530*t**3 + 1584068220*t**2 + 235356200*t + 8216000)/(4*(2*t + 1)**4*(3*t - 1)*(t**2 + 5*t + 13)*(4*t**2 + 8*t + 13)*(27*t**4 + 278*t**3 + 963*t**2 + 1380*t + 1100)**3)
        N     = 3*t**2*(t - 2)**4*(t + 1)**3*(t + 3)**6*(3*t - 1)*(3*t + 1)**2*(3*t + 2)*(4*t + 1)*(t**2 + 5*t + 13)*(4*t**2 + 8*t + 13)*(27*t**4 + 278*t**3 + 963*t**2 + 1380*t + 1100)**3*(2916*t**6 + 7884*t**5 + 14533*t**4 + 29578*t**3 + 35169*t**2 + 15976*t + 1144)
   k=3          wt=4*t - 2     x^2 b3^2
        coeff = t*(t + 1)*(t + 3)**2*(3*t + 1)*(-11664*d*t**14 + 531576*d*t**13 + 10899576*d*t**12 + 98356334*d*t**11 + 549991555*d*t**10 + 1951453010*d*t**9 + 4266091221*d*t**8 + 5542142574*d*t**7 + 3931175625*d*t**6 + 1341020274*d*t**5 + 406487343*d*t**4 + 330398952*d*t**3 + 107403224*d*t**2 - 61932800*d*t + 156681200*d + 69984*t**15 + 1365984*t**14 + 12266448*t**13 + 67075824*t**12 + 239949182*t**11 + 584146276*t**10 + 1134368759*t**9 + 2304031371*t**8 + 4650356676*t**7 + 6905643378*t**6 + 6089936487*t**5 + 2311282071*t**4 - 762823008*t**3 - 1082618872*t**2 - 300442160*t + 63455600)/(8*(2*t + 1)**4*(3*t - 1)**2*(t**2 + 5*t + 13)*(4*t**2 + 8*t + 13)**2*(27*t**4 + 278*t**3 + 963*t**2 + 1380*t + 1100)**2)
        N     = t**2*(t - 2)**2*(t + 1)**2*(t + 3)**4*(3*t - 1)**2*(3*t + 1)**2*(3*t + 2)*(4*t + 1)*(t**2 + 5*t + 13)*(4*t**2 + 8*t + 13)**2*(27*t**4 + 278*t**3 + 963*t**2 + 1380*t + 1100)**2*(11664*t**10 + 153792*t**9 + 1093420*t**8 + 4709588*t**7 + 12425209*t**6 + 19486784*t**5 + 16143346*t**4 + 3102368*t**3 - 5296571*t**2 - 4081684*t - 586316)/3
   k=0          wt=4*t + 1     x^0 b3^0
        coeff = -t*(t + 1)*(3*t + 1)*(5*d + 2*t + 3)/(12*(2*t + 1)**4)
        N     = t**2*(t + 1)**2*(3*t + 1)**2*(3*t + 2)*(4*t + 1)/3

# exponent collisions of Phi (t at which two h-exponents coincide)
   {2: [((0, 0, 0), (1, 0, -2)), ((0, 0, 3), (1, 0, 1)), ((0, 0, 3), (2, 0, -1)), ((0, 0, 6), (1, 0, 4)), ((0, 0, 6), (2, 0, 2)), ((0, 0, 6), (3, 0, 0)), ((0, 0, 9), (1, 0, 7)), ((0, 0, 9), (2, 0, 5)), ((0, 0, 9), (3, 0, 3)), ((1, 0, 1), (2, 0, -1)), ((1, 0, 4), (2, 0, 2)), ((1, 0, 4), (3, 0, 0)), ((1, 0, 7), (2, 0, 5)), ((1, 0, 7), (3, 0, 3)), ((2, 0, 2), (3, 0, 0)), ((2, 0, 5), (3, 0, 3))], 5: [((0, 0, 3), (1, 0, -2)), ((0, 0, 6), (1, 0, 1)), ((0, 0, 9), (1, 0, 4)), ((0, 0, 9), (2, 0, -1)), ((1, 0, 4), (2, 0, -1)), ((1, 0, 7), (2, 0, 2)), ((2, 0, 5), (3, 0, 0))], 8: [((0, 0, 6), (1, 0, -2)), ((0, 0, 9), (1, 0, 1)), ((1, 0, 7), (2, 0, -1))], 11: [((0, 0, 9), (1, 0, -2))], 3: [((0, 0, 9), (3, 0, 0))]}

# elapsed 1080.6s
