# r=5   spine built in 58.8s
  C   h-exponents: ['4', 't - 1']
  A   h-exponents: ['5', 't']
  U   h-exponents: ['5', '11', 't', 't + 6', '2*t + 1']
  B   h-exponents: ['5', 't']
  D   h-exponents: ['4', '10', 't - 1', 't + 5', '2*t']
  V   h-exponents: ['0', '6', 't + 1']
  Y   h-exponents: ['5', '11', 't', 't + 6', '2*t + 1']
  Z   h-exponents: ['0', '6', 't + 1']
  Xp  h-exponents: ['3', '9', '15', 't - 2', 't + 4', 't + 10', '2*t - 1', '2*t + 5', '3*t']

# Phi: band k (= h-exponent) and weight 4t+1-k
   k = 3*t + 6     weight = t - 5     
   k = 3*t         weight = t + 1     
   k = 2*t + 11    weight = 2*t - 10  
   k = 2*t + 5     weight = 2*t - 4   
   k = 2*t - 1     weight = 2*t + 2   
   k = t + 16      weight = 3*t - 15  
   k = t + 10      weight = 3*t - 9   
   k = t + 4       weight = 3*t - 3   
   k = t - 2       weight = 3*t + 3   
   k = 21          weight = 4*t - 20  
   k = 15          weight = 4*t - 14  
   k = 9           weight = 4*t - 8   
   k = 3           weight = 4*t - 2   
   k = 0           weight = 4*t + 1   

# high bands (k >= 2t) and their content
   k=3*t + 6    : 3*t*x*(3*t + 1)*(54*c1*d*t**4 + 549*c1*d*t**3 + 1285*c1*d*t**2 + 1704*c1*d*t + 596*c1*d + 6*c1*t**4 - 51*c1*t**3 - 603*c1*t**2 - 888*c1*t - 300*c1 - 27*d*t**4 - 261*d*t**3 - 720*d*t**2 - 804*d*t - 288*d + 30*t**3 + 230*t**2 + 320*t + 120)/((t + 1)*(2*t + 1)*(2*t + 11)*(3*t + 2)**3)
   k=3*t        : -b3*t*(3*t + 1)*(54*c2*d*t**2 + 12*c2*t + 27*d*t**2 + 15*d*t + 6*d + 6*t**2 + 11*t + 2)/(2*(2*t - 1)*(2*t + 1)*(3*t + 2)**2)
   k=2*t + 11   : -t*x**2*(3*t + 1)*(-3204*c1**2*d*t**5 - 43200*c1**2*d*t**4 - 178941*c1**2*d*t**3 - 216159*c1**2*d*t**2 - 102552*c1**2*d*t - 17004*c1**2*d + 1512*c1**2*t**6 + 23436*c1**2*t**5 + 120578*c1**2*t**4 + 233421*c1**2*t**3 + 200777*c1**2*t**2 + 78960*c1**2*t + 11636*c1**2 + 756*c1*d*t**5 + 10710*c1*d*t**4 + 43470*c1*d*t**3 + 40320*c1*d*t**2 + 10584*c1*d*t - 1512*c1*t**6 - 23436*c1*t**5 - 116004*c1*t**4 - 203700*c1*t**3 - 157668*c1*t**2 - 55104*c1*t - 7056*c1 + 792*c3*d*t**5 + 10296*c3*d*t**4 + 44594*c3*d*t**3 + 74030*c3*d*t**2 + 48400*c3*d*t + 10648*c3*d + 264*c3*t**5 - 616*c3*t**4 - 16698*c3*t**3 - 33154*c3*t**2 - 22176*c3*t - 4840*c3 + 189*d*t**5 + 2709*d*t**4 + 12432*d*t**3 + 19992*d*t**2 + 13104*d*t + 3024*d + 378*t**6 + 5607*t**5 + 27573*t**4 + 52416*t**3 + 46200*t**2 + 19152*t + 3024)/(7*(t + 1)*(2*t + 1)**2*(2*t + 11)*(3*t + 2)**3)
   k=2*t + 5    : b3*t*x*(3*t + 1)*(-432*c1*c2*d*t**5 - 4320*c1*c2*d*t**4 - 8316*c1*c2*d*t**3 - 3132*c1*c2*d*t**2 + 864*c1*c2*t**6 + 9792*c1*c2*t**5 + 28440*c1*c2*t**4 + 31320*c1*c2*t**3 + 13896*c1*c2*t**2 + 2088*c1*c2*t - 504*c1*d*t**5 - 4596*c1*d*t**4 - 10290*c1*d*t**3 - 9657*c1*d*t**2 - 555*c1*d*t + 1122*c1*d + 432*c1*t**6 + 4800*c1*t**5 + 15312*c1*t**4 + 27480*c1*t**3 + 24303*c1*t**2 + 8625*c1*t + 858*c1 - 216*c2*d*t**5 - 2196*c2*d*t**4 - 6444*c2*d*t**3 - 6624*c2*d*t**2 - 2160*c2*d*t - 432*c2*t**6 - 4608*c2*t**5 - 15084*c2*t**4 - 19692*c2*t**3 - 10944*c2*t**2 - 2160*c2*t - 480*c4*d*t**5 - 4240*c4*d*t**4 - 10280*c4*d*t**3 - 7740*c4*d*t**2 + 2600*c4*d*t + 2200*c4*d - 160*c4*t**5 - 400*c4*t**4 + 3320*c4*t**3 + 3620*c4*t**2 - 820*c4*t - 880*c4 - 108*d*t**5 - 1152*d*t**4 - 3933*d*t**3 - 6165*d*t**2 - 4464*d*t - 1188*d - 216*t**6 - 2412*t**5 - 9018*t**4 - 16263*t**3 - 15093*t**2 - 6840*t - 1188)/(6*(t + 1)*(2*t - 1)*(2*t + 1)**2*(2*t + 11)*(3*t + 2)**2)

   b1 divisibility constant (must be 0): 0

# sequential (triangular) solve of the high bands
   band k=3*t + 6   pivot c1 : N(coeff)=-3*t**2*x**2*(3*t + 1)**2*(3*t + 2)**3*(27*t**4 + 494*t**3 + 3063*t**2 + 7956*t + 10652)
      c1 = 3*(t + 6)*(-3*d*t**3 - 8*d*t**2 + 53*d*t + 310*d + 9*t**4 + 111*t**3 + 421*t**2 + 761*t + 442)/((2*t + 1)*(27*t**4 + 494*t**3 + 3063*t**2 + 7956*t + 10652))
   band k=3*t       pivot c2 : N(coeff)=-9*b3**2*t**4*(3*t - 1)*(3*t + 1)**2*(3*t + 2)**2
      c2 = -(6*d*t - 3*d + 9*t**2 + 2*t - 1)/(6*t*(3*t - 1))
   band k=2*t + 11  pivot c3 : N(coeff)=-484*t**2*x**4*(t + 1)*(2*t + 1)**2*(3*t + 1)**2*(3*t + 2)**6*(t**2 + 11*t + 46)/3
      c3 = 3*(t + 6)**2*(972*d*t**8 + 33018*d*t**7 + 178116*d*t**6 - 1334268*d*t**5 - 10135716*d*t**4 + 4188954*d*t**3 + 113223060*d*t**2 + 232524600*d*t + 245310000*d + 3159*t**9 + 100737*t**8 + 1481480*t**7 + 13205558*t**6 + 75574167*t**5 + 276323725*t**4 + 650739682*t**3 + 1004078652*t**2 + 937835048*t + 371924864)/(22*(2*t + 1)*(t**2 + 11*t + 46)*(27*t**4 + 494*t**3 + 3063*t**2 + 7956*t + 10652)**2)
   band k=2*t + 5   pivot c4 : N(coeff)=-100*b3**2*t**2*x**2*(t + 1)*(2*t + 1)**2*(3*t + 1)**2*(3*t + 2)**6*(t**2 + 5*t + 13)/3
      c4 = -3*(t + 6)*(189*d*t**6 + 3885*d*t**5 + 22053*d*t**4 + 56787*d*t**3 + 97278*d*t**2 + 104160*d*t - 63552*d + 324*t**7 + 5133*t**6 + 33346*t**5 + 130784*t**4 + 293146*t**3 + 335647*t**2 + 78944*t - 65804)/(20*(2*t + 1)*(3*t - 1)*(t**2 + 5*t + 13)*(27*t**4 + 494*t**3 + 3063*t**2 + 7956*t + 10652))
   all high bands vanish at the solution : OK

# terminal bands k < 2t  (weight, monomial, scalar)
   k=2*t - 1    wt=2*t + 2     x^0 b3^2
        coeff = t*(3*t + 1)*(27*d*t**3 - 30*d*t**2 + d*t - 2*d + 6*t**3 + 13*t**2 - 3*t + 2)/(12*(2*t + 1)**2*(3*t - 1)**2*(3*t + 2))
        N     = -t**2*(t - 2)*(3*t - 1)**2*(3*t + 1)**2*(3*t + 2)*(27*t**3 + 17*t**2 + t + 2)/3
   k=t + 16     wt=3*t - 15    x^3 b3^0
        coeff = 3*t*(t - 5)**3*(t + 6)**3*(3*t + 1)*(-7371*d*t**8 - 240688*d*t**7 - 2991958*d*t**6 - 16993704*d*t**5 - 36480815*d*t**4 + 33916672*d*t**3 + 236296536*d*t**2 + 249064256*d*t + 56927888*d + 810*t**9 + 37917*t**8 + 663810*t**7 + 5573304*t**6 + 22629636*t**5 + 32146995*t**4 - 44975664*t**3 - 163438200*t**2 - 120272448*t - 16273872)/((2*t + 1)**3*(t**2 + 11*t + 46)*(27*t**4 + 494*t**3 + 3063*t**2 + 7956*t + 10652)**3)
        N     = 3*t**2*(t - 5)**6*(t - 2)*(t + 1)*(t + 6)**6*(3*t + 1)**2*(4*t + 1)*(25*t + 22)*(t**2 + 11*t + 46)*(27*t**4 + 494*t**3 + 3063*t**2 + 7956*t + 10652)**3
   k=t + 10     wt=3*t - 9     x^2 b3^1
        coeff = -3*t*(t - 5)**2*(t + 1)*(t + 6)**2*(3*t + 1)*(-2097*d*t**8 - 63074*d*t**7 - 774941*d*t**6 - 4943595*d*t**5 - 16458328*d*t**4 - 21038287*d*t**3 + 17193966*d*t**2 + 47480428*d*t + 8413192*d + 270*t**9 + 10975*t**8 + 178130*t**7 + 1517169*t**6 + 7262261*t**5 + 18268102*t**4 + 15593439*t**3 - 16812662*t**2 - 27265132*t - 6643080)/(4*(2*t + 1)**3*(3*t - 1)*(t**2 + 5*t + 13)*(t**2 + 11*t + 46)*(27*t**4 + 494*t**3 + 3063*t**2 + 7956*t + 10652)**2)
        N     = 3*t**2*(t - 5)**4*(t + 1)**2*(t + 6)**4*(3*t - 1)*(3*t + 1)**2*(4*t + 1)*(t**2 + 5*t + 13)*(t**2 + 11*t + 46)*(25*t**4 + 217*t**3 + 741*t**2 - 368*t - 908)*(27*t**4 + 494*t**3 + 3063*t**2 + 7956*t + 10652)**2
   k=t + 4      wt=3*t - 3     x^1 b3^2
        coeff = t*(t + 6)*(3*t + 1)*(648*d*t**8 + 11598*d*t**7 + 84026*d*t**6 + 336423*d*t**5 + 709278*d*t**4 + 417424*d*t**3 - 415266*d*t**2 - 655173*d*t + 58178*d + 180*t**8 + 3871*t**7 + 29978*t**6 + 132069*t**5 + 415370*t**4 + 776281*t**3 + 333534*t**2 - 63197*t + 69962)/(24*(2*t + 1)**3*(3*t - 1)**2*(t**2 + 5*t + 13)*(27*t**4 + 494*t**3 + 3063*t**2 + 7956*t + 10652))
        N     = -t**2*(t + 1)*(t + 6)**2*(3*t - 1)**2*(3*t + 1)**2*(4*t + 1)*(t**2 + 5*t + 13)*(27*t**4 + 494*t**3 + 3063*t**2 + 7956*t + 10652)*(432*t**7 + 5480*t**6 + 30915*t**5 + 95046*t**4 + 77062*t**3 - 280944*t**2 - 323769*t - 81598)/3
   k=t - 2      wt=3*t + 3     x^0 b3^3
        coeff = -t*(t - 2)*(3*t + 1)*(6*d*t - t - 1)/(72*(2*t + 1)**3*(3*t - 1))
        N     = -t**2*(t - 2)**2*(t + 1)*(3*t - 1)*(3*t + 1)**2*(4*t + 1)
