=== t=6 r=1  high bands residual: all zero
   k=11  wt=14  x^0 b3^2  N=-582293/123811935
   k=10  wt=15  x^3 b3^0  N=10350592/118570563085
   k=8   wt=17  x^2 b3^1  N=581048272/3059120527593
   k=6   wt=19  x^1 b3^2  N=-2380150976/1067135067765
   k=4   wt=21  x^0 b3^3  N=-63175/738501777
   k=5   wt=20  x^4 b3^0  N=146429825024/5109798416148075
   k=3   wt=22  x^3 b3^1  N=4235311515904/43944266378873445
   k=1   wt=24  x^2 b3^2  N=927128180393072/5668810362874674405
   k=0   wt=25  x^0 b3^0  N=2211125/2447192163
=== t=7 r=1  high bands residual: all zero
   k=13  wt=16  x^0 b3^2  N=-59900687/10060200000
   k=11  wt=18  x^3 b3^0  N=2844367598024568/20984838885774015625
   k=9   wt=20  x^2 b3^1  N=2*2**(5/33)*3**(32/33)*5**(26/33)*7**(17/231)/108045
   k=7   wt=22  x^1 b3^2  N=-1460982677/523297968750
   k=5   wt=24  x^0 b3^3  N=-171941/1476225000
   k=5   wt=24  x^4 b3^0  N=762110928284348154897/16485542534791866256890625
   k=3   wt=26  x^3 b3^1  N=6548128110288767772/49838992353713287109375
   k=1   wt=28  x^2 b3^2  N=534676479281130571/3091808725839228515625
   k=0   wt=29  x^0 b3^0  N=63274288/69198046875
=== t=9 r=1  high bands residual: all zero
   k=17  wt=20  x^0 b3^2  N=-1141161/134463836
   k=13  wt=24  x^3 b3^0  N=204369385117590/833602287721344587
   k=11  wt=26  x^2 b3^1  N=198494277360225/576781112077409356
   k=9   wt=28  x^1 b3^2  N=-487349185015/124286184792848
   k=7   wt=30  x^0 b3^3  N=-444185/2446385812
   k=5   wt=32  x^4 b3^0  N=7897786588651759921275/89378743926026341827546256
   k=3   wt=34  x^3 b3^1  N=325906999061849603475/1627431743090928381065056
   k=1   wt=36  x^2 b3^2  N=418902277422340539025/2252085687470762713613056
   k=0   wt=37  x^0 b3^0  N=15773100/16983563041
=== t=10 r=1  high bands residual: all zero
   k=19  wt=22  x^0 b3^2  N=-86225725/8832160134
   k=14  wt=27  x^3 b3^0  N=112632531497739/372603187851160000
   k=12  wt=29  x^2 b3^1  N=37179984503079/95761250434561600
   k=10  wt=31  x^1 b3^2  N=-54065421784/12045594396087
   k=8   wt=33  x^0 b3^3  N=-43341100/201464618229
   k=5   wt=36  x^4 b3^0  N=144107284045480843527/1295830051629067969000000
   k=3   wt=38  x^3 b3^1  N=1139634502769992581/4897589451912609830000
   k=1   wt=40  x^2 b3^2  N=525190329572078479529/2752798367645551561719600
   k=0   wt=41  x^0 b3^0  N=953504200/1021217202747
=== t=11 r=1  high bands residual: all zero
   k=21  wt=24  x^0 b3^2  N=-770576758607570265059796285458153542470182895698666970680898900014654286094728519174168468452990055084228515625*2**(7/8)*3**(3/4)*5**(1/8)*sqrt(7)/943826465490221325124879884956160482142949979434986184285570116049491453522459546690456340485746304121754567573504
   k=15  wt=30  x^3 b3^0  N=64828871679/180522364841050
   k=13  wt=32  x^2 b3^1  N=9087622692291/21194570614165760
   k=11  wt=34  x^1 b3^2  N=-138942305073/27475460998400
   k=9   wt=36  x^0 b3^3  N=-4720815/18948593792
   k=5   wt=40  x^4 b3^0  N=13770187668151423509/102445408015190065465600
   k=3   wt=42  x^3 b3^1  N=160980601168959/611176518405858880
   k=1   wt=44  x^2 b3^2  N=273000267461493/1401490981861710880
   k=0   wt=45  x^0 b3^0  N=73434900/78310985281
=== t=12 r=1  high bands residual: all zero
   k=23  wt=26  x^0 b3^2  N=-67242542/5455078125
   k=16  wt=33  x^3 b3^0  N=5273554987959145888/12712136102097900390625
   k=14  wt=35  x^2 b3^1  N=234694051873194914/503694464885009765625
   k=12  wt=37  x^1 b3^2  N=-734810793808/130594482421875
   k=10  wt=39  x^0 b3^3  N=-124579/439453125
   k=5   wt=44  x^4 b3^0  N=55359259712031282573349784/351328801291107750018310546875
   k=3   wt=46  x^3 b3^1  N=5468932902003325523933164/18710675325275347137451171875
   k=1   wt=48  x^2 b3^2  N=1469493121964786134538231/7413752905026237487792968750
   k=0   wt=49  x^0 b3^0  N=430794182/457763671875
=== t=13 r=1  high bands residual: all zero
   k=25  wt=28  x^0 b3^2  N=-2891070325/212378172507
   k=17  wt=36  x^3 b3^0  N=6848298275000000/14603684436392295843
   k=15  wt=38  x^2 b3^1  N=74785090442562500/149548688242653969639
   k=13  wt=40  x^1 b3^2  N=-71512990298750/11539329725218203
   k=11  wt=42  x^0 b3^3  N=-189664475/596240132571
   k=5   wt=48  x^4 b3^0  N=1883798419171415195312500/10442921964273563800077181467
   k=3   wt=50  x^3 b3^1  N=319217249399145682812500/999443903287768736913402813
   k=1   wt=52  x^2 b3^2  N=975271032526907198468750/4848054570130220365014107739
   k=0   wt=53  x^0 b3^0  N=7197845200/7625597484987
=== t=14 r=1  high bands residual: all zero
   k=27  wt=30  x^0 b3^2  N=-194882751/13078332971
   k=18  wt=39  x^3 b3^0  N=45282471515928657920/86897116316459133248299
   k=16  wt=41  x^2 b3^1  N=11190445161564614400/21056747801285341075349
   k=14  wt=43  x^1 b3^2  N=-12717307214080/1878808346887279
   k=12  wt=45  x^0 b3^3  N=-8607095/24387756161
   k=5   wt=52  x^4 b3^0  N=1112293398236307867330150400/5487993376867002395976517477631
   k=3   wt=54  x^3 b3^1  N=217975951296211847401062400/632219187686351575815800139809
   k=1   wt=56  x^2 b3^2  N=31214362065682137745849600/153198179117521287425631971359
   k=0   wt=57  x^0 b3^0  N=473390225/500246412961
