./RUNBOOK.md: OK
./V19_RUNBOOK.md: OK
./V24_ERRATUM.md: OK
./V27_ERRATUM.md: OK
./V28_RUNBOOK.md: OK
./V29_ERRATUM.md: OK
./V32_SENTINEL_ERRATUM.md: OK
./V77_PREREGISTRATION.md: OK
./V77_RUNBOOK.md: OK
./jc2/cases/td6_boundary_q2_deformation_20260824/replay.py: OK
./jc2/cases/td6_c1_c2_c3_q2_beta_dual_20260825/replay.py: OK
./jc2/cases/td6_c1_c2_c3_q3_gamma_dual_20260825/replay.py: OK
./jc2/cases/td6_c1_c3_first_ideal_eps2_20260824/c1_c3_thickening.py: OK
./jc2/cases/td6_c1_c3_first_ideal_eps2_20260824/c1_pencil.py: OK
./jc2/cases/td6_c1_c3_first_ideal_eps2_20260824/c1_rational_transport.py: OK
./jc2/cases/td6_c1_c3_first_ideal_eps2_20260824/fast_efield.py: OK
./jc2/cases/td6_c1_c3_first_ideal_eps2_20260824/fast_evec.py: OK
./jc2/cases/td6_c1_c3_first_ideal_eps2_20260824/replay.py: OK
./jc2/cases/td6_c1_c3_two_center_cover_20260824/c1_c2_c3_p3_quotient.py: OK
./jc2/cases/td6_c1_c3_two_center_cover_20260824/c1_c2_c3_trivariate.py: OK
./jc2/cases/td6_c1_c3_two_center_cover_20260824/c1_pencil.py: OK
./jc2/cases/td6_c1_c3_two_center_cover_20260824/c1_rational_transport.py: OK
./jc2/cases/td6_c1_c3_two_center_cover_20260824/fast_efield.py: OK
./jc2/cases/td6_c1_c3_two_center_cover_20260824/fast_evec.py: OK
./jc2/cases/td6_c1_c3_two_center_cover_20260824/first_c1_c3_mpoly.py: OK
./jc2/cases/td6_c1_c3_two_center_cover_20260824/h_b_raw_quotient.py: OK
./jc2/cases/td6_c1_c3_two_center_cover_20260824/replay.py: OK
./jc2/cases/td6_c1_c3_two_center_cover_20260824/transport_c1_c3_mpoly.py: OK
./jc2/cases/td6_jet_orbit_adjoint_20260824/replay.py: OK
./jc2/cases/td6_moduli_uniform_third_band_20260824/replay.py: OK
./jc2/cases/td6_moduli_uniformity_20260824/replay.py: OK
./jc2/cases/td6_two_chart_first_band_20260824/replay.py: OK
./jc2/cases/td6_two_chart_next_row_20260824/replay.py: OK
./run_v27.sh: OK
./run_v28.sh: OK
./run_v77.sh: OK
aws_platform=Linux
aws_hostname=ip-172-30-0-186
aws_run_tag=td6_v77_q3_gamma_dual_b_box02_20260825T2227Z
gamma_parameter_name=gamma
q_gamma=t+gamma*t^3+t^25
q_gamma_prime=1+3*gamma*t^2+25*t^24
base_q2_beta=0
source_center=(C,V,U)
source_p_boundary=t^15_fixed
source_dead_stretch=0_fixed
source_F1_orbit=frozen
source_pole_scale_and_data=frozen
q3_source_license=degree25_boundary_coefficient_after_q0_q1_normalization
target_shear_absorption=false_by_frozen_orbit_audit
scope_open=D(U*(C-3U^2)*B3)
B3_divisor_name_reserved_not_gamma=true
trivariate_transport rows=0;pivots=1;events=0
trivariate_transport rows=250;pivots=251;events=0
trivariate_transport rows=1500;pivots=684;events=0
trivariate_transport rows=1750;pivots=934;events=0
trivariate_transport rows=2000;pivots=1184;events=0
trivariate_transport rows=2250;pivots=1434;events=0
trivariate_transport rows=4750;pivots=1716;events=0
trivariate_transport rows=5000;pivots=1966;events=1
trivariate_transport rows=5250;pivots=2215;events=1
trivariate_transport rows=5500;pivots=2465;events=2
trivariate_transport rows=5750;pivots=2715;events=2
trivariate_transport rows=6000;pivots=2965;events=2
trivariate_transport rows=6250;pivots=3215;events=2
trivariate_transport rows=6500;pivots=3465;events=2
transport_rank=3470/3602
transport_event_count=2
transport_gamma_rhs_pivot_count=1
transport_matrix_gamma_derivative_zero=true
transport_rhs_gamma_derivative_retained=true
transport_section_gamma_constant_count=3
first_gamma_coefficient_count=221
first_gamma_without_direct_qprime_count=2
direct_qprime_omission_negative_control=true
first_rank=38/132
first_dependent_count=0
first_minor_base_sha256=978690d3cc3a645c435b69f5b6558351c4eb57cb3663e315f52d4053efdbed52
first_minor_gamma_sha256=c0730fa1f8764164b2ac0a74523849b49f4362d41bc81845d086d6373fdb65c1
first_dual_original_row_replay=true
genuine_P12_source_compiler=true
raw_base_terms=2893
raw_gamma_terms=4
raw_base_sha256=8d5c3550fbad393c1e13061d9934ed79e29261db378f1d344c4ea5e587e704da
raw_gamma_sha256=70d253cd30303d5ae6ebf81e8de0b2c12a00b66b060c996f0a898dbaf708682c
remainder_base_terms=1
remainder_gamma_terms=3
remainder_gamma_degree=1
remainder_base_sha256=93121eef14c472c3c55b7acaeb1d0eff73b77d462ad8d5b197e8e21b9cda89c4
remainder_gamma_sha256=3dd07bb5e097ea920104e085d857e519915ba214145d862576bd9cb9d3792458
dual_unit_inverse_terms=3
dual_remainder_base_is_minus_k_over_50=true
dual_remainder_is_unit_exactly=true
lambda_zero_source_row_support=28
lambda_prime_source_row_support=14
lambda0_bprime_terms=3386
lambdaprime_b0_terms=3386
lambda0_bprime_sha256=3cddb132c6e4219bd9d7f698a2a939ba9501cbab81a65666f874c85a0d9e9266
lambdaprime_b0_sha256=6ccbc99e240b37b916ef2879c597cb32af7a5d87fa3f6688b2f46c8c76119125
derivative_source_identity_exact=true
lambda_prime_omission_negative_control=true
raw_base_denominator=(C*U - 3*U^3)
raw_base_denominator_factor=(1, [(U, 1), (C - 3*U^2, 1)])
raw_base_denominator_summary=(3, 2, '85fec0864be6430058dd3bbfe187027d41a99c70d0d1fae25356c8f08309e557')
raw_gamma_denominator=(1)
raw_gamma_denominator_factor=(1, [])
raw_gamma_denominator_summary=(0, 1, 'cba2fbeb391b1b01d10d62b5d049665afdea6dda577ce5ab23077b7cd21fa34b')
first_base_denominator=(C*U - 3*U^3)
first_base_denominator_factor=(1, [(U, 1), (C - 3*U^2, 1)])
first_base_denominator_summary=(3, 2, '85fec0864be6430058dd3bbfe187027d41a99c70d0d1fae25356c8f08309e557')
first_gamma_denominator=(C - 3*U^2)
first_gamma_denominator_factor=(1, [(C - 3*U^2, 1)])
first_gamma_denominator_summary=(2, 2, '111b6e30bd6af87cc8c383d18798a7302f796ce01930fe6067f0d0af9bce6699')
relation_base_denominator=(C^4*U^4 - C^3*V^2*U^3 + 1/4*C^2*V^4*U^2 + C^2*V^2*U^5 - 22*C^2*U^8 - 3/2*C*V^4*U^4 + 21*C*V^2*U^7 + 24*C*U^10 + 9/4*V^4*U^6 - 45*V^2*U^9 + 45*U^12)
relation_base_denominator_factor=(1/4, [(4*C^2*U^2 - 4*C*V^2*U + 24*C*U^4 + V^4 - 20*V^2*U^3 + 20*U^6, 1), (U, 2), (C - 3*U^2, 2)])
relation_base_denominator_summary=(12, 11, '1262f7b268075620793899629cf877b1fb852d0c6462b19164fc1985dd24e275')
relation_gamma_denominator=(C^4*U^3 - C^3*V^2*U^2 + 1/4*C^2*V^4*U + C^2*V^2*U^4 - 22*C^2*U^7 - 3/2*C*V^4*U^3 + 21*C*V^2*U^6 + 24*C*U^9 + 9/4*V^4*U^5 - 45*V^2*U^8 + 45*U^11)
relation_gamma_denominator_factor=(1/4, [(U, 1), (4*C^2*U^2 - 4*C*V^2*U + 24*C*U^4 + V^4 - 20*V^2*U^3 + 20*U^6, 1), (C - 3*U^2, 2)])
relation_gamma_denominator_summary=(11, 11, 'e72627ddef0f6ca9a038efb8ecdd59d969be8123b3b23e041c124b08bf6b135e')
termwise_dual_denominator=(C^5*U^3 - C^4*V^2*U^2 - 3*C^4*U^5 + 1/4*C^3*V^4*U + 4*C^3*V^2*U^4 - 22*C^3*U^7 - 9/4*C^2*V^4*U^3 + 18*C^2*V^2*U^6 + 90*C^2*U^9 + 27/4*C*V^4*U^5 - 108*C*V^2*U^8 - 27*C*U^11 - 27/4*V^4*U^7 + 135*V^2*U^10 - 135*U^13)
termwise_dual_denominator_factor=(1/4, [(U, 1), (4*C^2*U^2 - 4*C*V^2*U + 24*C*U^4 + V^4 - 20*V^2*U^3 + 20*U^6, 1), (C - 3*U^2, 3)])
termwise_dual_denominator_summary=(13, 15, '1e211906e86958d941ede34e5872238ab75b092332983391c0a714e9670407e5')
termwise_dual_slot_count=77512
dual_denominator_radical_subset_U_H_B3=true
dual_termwise_polynomial_clearing_exact=true
source_nonzero_rows=28
source_base_multiplier_terms=1489
source_gamma_support_terms=1149
source_union_multiplier_terms=1531
source_gamma_coefficient_count=1149
source_multiplier_base_projection_sentinel=true
fixed_A3_q2_beta_slice=dependency_V76_provisional_complete_union
dual_emptiness_is_automatic_over_unit_base_ideal=true
result_use=source_support_degree_denominator_discriminator_only
first_order_generic_open_empty=true
gamma_independent_unit_identity=false
finite_gamma_neighborhood_killed=false
full_gamma_family_killed=false
full_four_parameter_family_killed=false
whole_TD6_killed=false
SP2_killed=false
JC2_resolved=false
TD6-C1-C2-C3-Q3-GAMMA-DUAL-ADJOINT PASS
