{
  "all_candidate_killed_u_s_gt_1_groups": [
    {
      "M": [
        120,
        132,
        138,
        142
      ],
      "V_s": 4,
      "bounds": [
        [
          "27/7",
          "6"
        ]
      ],
      "m": 96,
      "n": 144,
      "rows": 1,
      "u_s": 2
    },
    {
      "M": [
        120,
        132,
        142
      ],
      "V_s": 8,
      "bounds": [
        [
          "27/7",
          "6"
        ]
      ],
      "m": 96,
      "n": 144,
      "rows": 1,
      "u_s": 4
    },
    {
      "M": [
        126,
        135,
        142
      ],
      "V_s": 6,
      "bounds": [
        [
          "18/5",
          "6"
        ]
      ],
      "m": 108,
      "n": 144,
      "rows": 1,
      "u_s": 3
    },
    {
      "M": [
        84,
        154,
        161,
        166
      ],
      "V_s": 5,
      "bounds": [
        [
          "31/5",
          "17/2"
        ]
      ],
      "m": 112,
      "n": 168,
      "rows": 2,
      "u_s": 2
    },
    {
      "M": [
        154,
        161,
        166
      ],
      "V_s": 5,
      "bounds": [
        [
          "5",
          "31/6"
        ]
      ],
      "m": 112,
      "n": 168,
      "rows": 1,
      "u_s": 2
    },
    {
      "M": [
        150,
        168,
        178
      ],
      "V_s": 4,
      "bounds": [
        [
          "36/7",
          "9"
        ]
      ],
      "m": 120,
      "n": 180,
      "rows": 1,
      "u_s": 2
    },
    {
      "M": [
        150,
        170,
        175,
        178
      ],
      "V_s": 3,
      "bounds": [
        [
          "11/3",
          "9/2"
        ]
      ],
      "m": 120,
      "n": 180,
      "rows": 1,
      "u_s": 2
    },
    {
      "M": [
        150,
        174,
        178
      ],
      "V_s": 4,
      "bounds": [
        [
          "11",
          "16"
        ]
      ],
      "m": 120,
      "n": 180,
      "rows": 1,
      "u_s": 2
    },
    {
      "M": [
        162,
        168,
        178
      ],
      "V_s": 4,
      "bounds": [
        [
          "32/7",
          "5"
        ]
      ],
      "m": 144,
      "n": 180,
      "rows": 1,
      "u_s": 2
    },
    {
      "M": [
        160,
        184,
        190
      ],
      "V_s": 5,
      "bounds": [
        [
          "22/3",
          "23/3"
        ]
      ],
      "m": 128,
      "n": 192,
      "rows": 1,
      "u_s": 3
    },
    {
      "M": [
        154,
        187,
        196
      ],
      "V_s": 7,
      "bounds": [
        [
          "80/13",
          "27/4"
        ]
      ],
      "m": 132,
      "n": 198,
      "rows": 1,
      "u_s": 4
    }
  ],
  "calibration_3_of_3": {
    "75_50_split_ii": {
      "IM": "4",
      "Im": "6",
      "excluded": true
    },
    "84_56_M2_64_V2_2": {
      "IM": "4",
      "Im": "5",
      "excluded": true
    },
    "84_56_M2_72_V2_5": {
      "IM": "10",
      "Im": "4",
      "excluded": false
    }
  },
  "candidate_is_computational_only": true,
  "delta": {
    "newly_killed_groups": 4,
    "newly_killed_rows": 5
  },
  "newly_killed_groups": [
    {
      "M": [
        154,
        161,
        166
      ],
      "V_s": 5,
      "bounds": [
        [
          "5",
          "11/3",
          "31/6"
        ]
      ],
      "group_key": "(168, 112, (154, 161, 166), 5)",
      "m": 112,
      "n": 168,
      "rows_in_group": 1,
      "rows_newly_killed": 1,
      "u_s": 2
    },
    {
      "M": [
        162,
        168,
        178
      ],
      "V_s": 4,
      "bounds": [
        [
          "32/7",
          "4",
          "5"
        ]
      ],
      "group_key": "(180, 144, (162, 168, 178), 4)",
      "m": 144,
      "n": 180,
      "rows_in_group": 1,
      "rows_newly_killed": 1,
      "u_s": 2
    },
    {
      "M": [
        160,
        184,
        190
      ],
      "V_s": 5,
      "bounds": [
        [
          "22/3",
          "7",
          "23/3"
        ]
      ],
      "group_key": "(192, 128, (160, 184, 190), 5)",
      "m": 128,
      "n": 192,
      "rows_in_group": 1,
      "rows_newly_killed": 1,
      "u_s": 3
    },
    {
      "M": [
        154,
        187,
        196
      ],
      "V_s": 7,
      "bounds": [
        [
          "80/13",
          "6",
          "27/4"
        ]
      ],
      "group_key": "(198, 132, (154, 187, 196), 7)",
      "m": 132,
      "n": 198,
      "rows_in_group": 1,
      "rows_newly_killed": 1,
      "u_s": 4
    }
  ],
  "newly_killed_rows": [
    {
      "IM_max": "5",
      "Im_min_candidate": "31/6",
      "Im_min_promoted": "11/3",
      "M": [
        154,
        161,
        166
      ],
      "V": {
        "2": 5,
        "3": 10,
        "4": 5
      },
      "V_s": 5,
      "m": 112,
      "n": 168,
      "principal_minor_floor_candidate": "3/2",
      "principal_minor_floor_promoted": "0",
      "tree_minor_min": "8/3",
      "u_s": 2,
      "xu_ok_candidate": false,
      "xu_ok_promoted": true
    },
    {
      "IM_max": "32/7",
      "Im_min_candidate": "5",
      "Im_min_promoted": "4",
      "M": [
        162,
        168,
        178
      ],
      "V": {
        "2": 4,
        "3": 5,
        "4": 4
      },
      "V_s": 4,
      "m": 144,
      "n": 180,
      "principal_minor_floor_candidate": "1",
      "principal_minor_floor_promoted": "0",
      "tree_minor_min": "3",
      "u_s": 2,
      "xu_ok_candidate": false,
      "xu_ok_promoted": true
    },
    {
      "IM_max": "22/3",
      "Im_min_candidate": "23/3",
      "Im_min_promoted": "7",
      "M": [
        160,
        184,
        190
      ],
      "V": {
        "2": 11,
        "3": 10,
        "4": 5
      },
      "V_s": 5,
      "m": 128,
      "n": 192,
      "principal_minor_floor_candidate": "2/3",
      "principal_minor_floor_promoted": "0",
      "tree_minor_min": "6",
      "u_s": 3,
      "xu_ok_candidate": false,
      "xu_ok_promoted": true
    },
    {
      "IM_max": "22/3",
      "Im_min_candidate": "23/3",
      "Im_min_promoted": "7",
      "M": [
        160,
        176,
        184,
        190
      ],
      "V": {
        "2": 11,
        "3": 10,
        "4": 5,
        "5": 5
      },
      "V_s": 5,
      "m": 128,
      "n": 192,
      "principal_minor_floor_candidate": "2/3",
      "principal_minor_floor_promoted": "0",
      "tree_minor_min": "6",
      "u_s": 3,
      "xu_ok_candidate": false,
      "xu_ok_promoted": true
    },
    {
      "IM_max": "80/13",
      "Im_min_candidate": "27/4",
      "Im_min_promoted": "6",
      "M": [
        154,
        187,
        196
      ],
      "V": {
        "2": 8,
        "3": 7,
        "4": 7
      },
      "V_s": 7,
      "m": 132,
      "n": 198,
      "principal_minor_floor_candidate": "3/4",
      "principal_minor_floor_promoted": "0",
      "tree_minor_min": "5",
      "u_s": 4,
      "xu_ok_candidate": false,
      "xu_ok_promoted": true
    }
  ],
  "overall": {
    "candidate": {
      "groups": 686,
      "killed_groups": 33,
      "killed_rows": 48,
      "rows": 1420,
      "touched_groups": 42
    },
    "promoted": {
      "groups": 686,
      "killed_groups": 29,
      "killed_rows": 43,
      "rows": 1420,
      "touched_groups": 37
    }
  },
  "targets": {
    "108_72_M_minus72_81_106_V_7_7": {
      "IM_max": "21",
      "Im_min_candidate": "7/2",
      "Im_min_promoted": "1",
      "M": [
        81,
        106
      ],
      "V": {
        "2": 7,
        "3": 7
      },
      "V_s": 7,
      "m": 72,
      "n": 108,
      "principal_minor_floor_candidate": "5/2",
      "principal_minor_floor_promoted": "0",
      "tree_minor_min": "0",
      "u_s": 2,
      "xu_ok_candidate": true,
      "xu_ok_promoted": true
    },
    "99_66": {
      "IM_max": "16",
      "Im_min_candidate": "8/3",
      "Im_min_promoted": "1",
      "M": [
        77,
        97
      ],
      "V": {
        "2": 8,
        "3": 8
      },
      "V_s": 8,
      "m": 66,
      "n": 99,
      "principal_minor_floor_candidate": "5/3",
      "principal_minor_floor_promoted": "0",
      "tree_minor_min": "0",
      "u_s": 3,
      "xu_ok_candidate": true,
      "xu_ok_promoted": true
    },
    "K_16_ray": [
      {
        "IM_max": "9",
        "Im_min_candidate": "3",
        "Im_min_promoted": "3",
        "M": [
          52,
          62
        ],
        "V": {
          "2": 3,
          "3": 3
        },
        "V_s": 3,
        "m": 48,
        "n": 64,
        "principal_minor_floor_candidate": "2",
        "principal_minor_floor_promoted": "2",
        "tree_minor_min": "0",
        "u_s": 1,
        "xu_ok_candidate": true,
        "xu_ok_promoted": true
      },
      {
        "IM_max": "15",
        "Im_min_candidate": "3",
        "Im_min_promoted": "3",
        "M": [
          100,
          110
        ],
        "V": {
          "2": 3,
          "3": 3
        },
        "V_s": 3,
        "m": 80,
        "n": 112,
        "principal_minor_floor_candidate": "2",
        "principal_minor_floor_promoted": "2",
        "tree_minor_min": "0",
        "u_s": 1,
        "xu_ok_candidate": true,
        "xu_ok_promoted": true
      },
      {
        "IM_max": "21",
        "Im_min_candidate": "3",
        "Im_min_promoted": "3",
        "M": [
          148,
          158
        ],
        "V": {
          "2": 3,
          "3": 3
        },
        "V_s": 3,
        "m": 112,
        "n": 160,
        "principal_minor_floor_candidate": "2",
        "principal_minor_floor_promoted": "2",
        "tree_minor_min": "0",
        "u_s": 1,
        "xu_ok_candidate": true,
        "xu_ok_promoted": true
      }
    ],
    "direct_two_point_list": {
      "groups": 17,
      "killed_groups": 0,
      "killed_rows": 0,
      "promoted_killed_rows": 0,
      "rows": 18,
      "touched_groups": 0
    }
  },
  "u_s_eq_1_unchanged_rows": 1110,
  "u_s_gt_1": {
    "candidate": {
      "groups": 177,
      "killed_groups": 11,
      "killed_rows": 14,
      "rows": 310,
      "touched_groups": 13
    },
    "promoted": {
      "groups": 177,
      "killed_groups": 7,
      "killed_rows": 9,
      "rows": 310,
      "touched_groups": 8
    }
  }
}
