012c5b5e003aae90dd66adc03c4cafbdf9fa21c50c21d7925ac76da85897f958  box/caprun-closed-scope-b-execution-root-20260911/setup-only.tar.gz
9b7d530732678965774f284910da30a84a1bebfaf3e1fd9352eb7388c808ed11  box/caprun-closed-scope-b-execution-root-20260911/admission.stdout
64a6e6fd8e178fa59f48ffc73b15530421273ea69aae543e172c9db8efa71a2a  box/caprun-closed-scope-b-execution-root-20260911/admission.stderr
d5e4c6dcdfa51651236c19cc191e01febba9a8b0ca21eac73c610ccd321b2ff0  box/caprun-closed-scope-b-execution-root-20260911/leaves.stdout
e3b0c44298fc1c149afbf4c8996fb92427ae41e4649b934ca495991b7852b855  box/caprun-closed-scope-b-execution-root-20260911/leaves.stderr
LOCAL_ARCHIVE_MATCHED_FSYNC_BEFORE_RETIREMENT 2026-09-11 12:09:53.089242996 UTC
[
    {
        "ID": "i-07553b89026949246",
        "State": "running",
        "Devices": [
            {
                "DeviceName": "/dev/sda1",
                "Ebs": {
                    "AttachTime": "2026-09-11T11:53:01+00:00",
                    "DeleteOnTermination": false,
                    "Status": "attached",
                    "VolumeId": "vol-097211997797395f2",
                    "EbsCardIndex": 0
                }
            }
        ]
    }
]
