Running as unit: run-rb037509963124d109007dd368b62bb09.scope; invocation ID: ef501dd3468e4c3ea54b69a7a92af9d2
	Command being timed: "timeout 21600 ./run_v65.sh p3"
	User time (seconds): 10326.62
	System time (seconds): 4.52
	Percent of CPU this job got: 99%
	Elapsed (wall clock) time (h:mm:ss or m:ss): 2:52:13
	Average shared text size (kbytes): 0
	Average unshared data size (kbytes): 0
	Average stack size (kbytes): 0
	Average total size (kbytes): 0
	Maximum resident set size (kbytes): 3053724
	Average resident set size (kbytes): 0
	Major (requiring I/O) page faults: 0
	Minor (reclaiming a frame) page faults: 1344593
	Voluntary context switches: 8
	Involuntary context switches: 13585
	Swaps: 0
	File system inputs: 0
	File system outputs: 112
	Socket messages sent: 0
	Socket messages received: 0
	Signals delivered: 0
	Page size (bytes): 4096
	Exit status: 0
