Running as unit: run-r0b8475e8cc7140d5a244ce5914f96c01.scope; invocation ID: fc3a87f7b5c94d19b44b56394f0da2b0
	Command being timed: "timeout 7200 /home/ubuntu/venvs/td6/bin/python jc2/cases/td6_c1_c2_c3_q2_source_row_shards_v55_v56_20260825/replay.py"
	User time (seconds): 1535.77
	System time (seconds): 0.56
	Percent of CPU this job got: 99%
	Elapsed (wall clock) time (h:mm:ss or m:ss): 25:36.34
	Average shared text size (kbytes): 0
	Average unshared data size (kbytes): 0
	Average stack size (kbytes): 0
	Average total size (kbytes): 0
	Maximum resident set size (kbytes): 514556
	Average resident set size (kbytes): 0
	Major (requiring I/O) page faults: 0
	Minor (reclaiming a frame) page faults: 219569
	Voluntary context switches: 3
	Involuntary context switches: 1408
	Swaps: 0
	File system inputs: 0
	File system outputs: 1216
	Socket messages sent: 0
	Socket messages received: 0
	Signals delivered: 0
	Page size (bytes): 4096
	Exit status: 0
