Traceback (most recent call last):
  File "/home/ubuntu/runs/td6_v77_q3_gamma_dual_box02_20260825T2225Z/td6-aws-handoff-20260825-v77/jc2/cases/td6_c1_c2_c3_q3_gamma_dual_20260825/replay.py", line 40, in <module>
    spec.loader.exec_module(tri)
  File "<frozen importlib._bootstrap_external>", line 995, in exec_module
  File "<frozen importlib._bootstrap>", line 488, in _call_with_frames_removed
  File "/home/ubuntu/runs/td6_v77_q3_gamma_dual_box02_20260825T2225Z/td6-aws-handoff-20260825-v77/jc2/cases/td6_c1_c3_two_center_cover_20260824/c1_c2_c3_trivariate.py", line 32, in <module>
    spec.loader.exec_module(r)
  File "<frozen importlib._bootstrap_external>", line 995, in exec_module
  File "<frozen importlib._bootstrap>", line 488, in _call_with_frames_removed
  File "/home/ubuntu/runs/td6_v77_q3_gamma_dual_box02_20260825T2225Z/td6-aws-handoff-20260825-v77/jc2/cases/td6_c1_c3_two_center_cover_20260824/replay.py", line 23, in <module>
    spec.loader.exec_module(b)
  File "<frozen importlib._bootstrap_external>", line 995, in exec_module
  File "<frozen importlib._bootstrap>", line 488, in _call_with_frames_removed
  File "/home/ubuntu/runs/td6_v77_q3_gamma_dual_box02_20260825T2225Z/td6-aws-handoff-20260825-v77/jc2/cases/td6_c1_c3_two_center_cover_20260824/first_c1_c3_mpoly.py", line 26, in <module>
    t = load("td6_c1_c3_transport_for_first", HERE / "transport_c1_c3_mpoly.py")
        ^^^^^^^^^^^^^^^^^^^^^^^^^^^^^^^^^^^^^^^^^^^^^^^^^^^^^^^^^^^^^^^^^^^^^^^^
  File "/home/ubuntu/runs/td6_v77_q3_gamma_dual_box02_20260825T2225Z/td6-aws-handoff-20260825-v77/jc2/cases/td6_c1_c3_two_center_cover_20260824/first_c1_c3_mpoly.py", line 22, in load
    spec.loader.exec_module(module)
  File "<frozen importlib._bootstrap_external>", line 995, in exec_module
  File "<frozen importlib._bootstrap>", line 488, in _call_with_frames_removed
  File "/home/ubuntu/runs/td6_v77_q3_gamma_dual_box02_20260825T2225Z/td6-aws-handoff-20260825-v77/jc2/cases/td6_c1_c3_two_center_cover_20260824/transport_c1_c3_mpoly.py", line 9, in <module>
    import flint
ModuleNotFoundError: No module named 'flint'
Command exited with non-zero status 1
	Command being timed: "timeout 14400 bash /home/ubuntu/runs/td6_v77_q3_gamma_dual_box02_20260825T2225Z/td6-aws-handoff-20260825-v77/run_v77.sh"
	User time (seconds): 0.10
	System time (seconds): 0.02
	Percent of CPU this job got: 99%
	Elapsed (wall clock) time (h:mm:ss or m:ss): 0:00.12
	Average shared text size (kbytes): 0
	Average unshared data size (kbytes): 0
	Average stack size (kbytes): 0
	Average total size (kbytes): 0
	Maximum resident set size (kbytes): 33172
	Average resident set size (kbytes): 0
	Major (requiring I/O) page faults: 0
	Minor (reclaiming a frame) page faults: 6066
	Voluntary context switches: 17
	Involuntary context switches: 1
	Swaps: 0
	File system inputs: 0
	File system outputs: 296
	Socket messages sent: 0
	Socket messages received: 0
	Signals delivered: 0
	Page size (bytes): 4096
	Exit status: 1
