
-- CONTROL 1: Lemma 5.2 (moh.txt p.178, read firsthand) vs incremental lambda_g --
   40001 V-skeletons, 0 mismatches

-- CONTROL 2: floor = ceiling AT r=1 AND NOWHERE ELSE --
   40001 V-skeletons; r=1 equality everywhere, r>=2 equality never

-- CONTROL 3: q = (1-delta_1)de/(d+e) = deK prod P_j/Q_j ; U = u q --
   40001 V-skeletons, 0 mismatches

-- CONTROL 4: the automorphism (y, x+y^k) pinned to N = 1 --
     k  delta_1  lam_g(d1)      c_rho    a_1*c N
     2     -1/2         -1        1/2        1 1
     3     -1/3         -1        1/3        1 1
     4     -1/4         -1        1/4        1 1
     5     -1/5         -1        1/5        1 1
     6     -1/6         -1        1/6        1 1
     7     -1/7         -1        1/7        1 1
     8     -1/8         -1        1/8        1 1
     9     -1/9         -1        1/9        1 1

-- CONTROL 5: Moh's four n<=100 survivors, pinned --
   row                      u      q  r(q)     p(q)      U=u q       N in
   (64,48)                 12    3/4     4        3          9 [3, 6, 9]
   (84,56) M2=64,V2=2      21    2/7     7        2          6 [2, 4, 6]
   (84,56) M2=72,V2=5      21    1/2     2        1       21/2 [1, 2, 3, 4, 5, 6, 7, 8, 9, 10]
   (75,50) V2=3            20    3/5     5        3         12 [3, 6, 9, 12]
   (75,50) V2=2            20    2/5     5        2          8 [2, 4, 6, 8]
   (99,66)                 24    2/3     3        2         16 [2, 4, 6, 8, 10, 12, 14, 16]

-- CONTROL 6: closed-form window extremes vs brute force (n <= 72) --
   655 groups, 0 mismatches

== 232384 controls, 0 failures ==

== HYPOTHESIS-FREE FLOOR  N >= L(skeleton)   D <= 120 (complete) ==
       D    groups      min L      max L      min U      max U L>16 kills
      48        50     0.1875     1.2857     4.8980    14.6087          0
      54        40     0.1071     1.2857     2.4490    17.0127          0
      60       110     0.0938     1.2857     4.8814    19.4157          0
      63        30     0.1000     1.2632     3.6610    18.2022          0
      64        84     0.2500     1.8000     6.9565    20.7835          0
      66        25     0.0882     1.2857     2.4407    21.8182          0
      72       316     0.1200     1.8000     3.4783    24.2202          0
      75        40     0.0882     1.2414     6.0811    18.1818          0
      78        30     0.0750     1.2857     2.4348    26.6218          0
      80       496     0.1250     2.3077     5.7971    27.6480          0
      81        40     0.0789     1.2632     3.6486    25.4118          0
      84       207     0.0625     1.7778     4.8608    29.0233          0
      88        35     0.1176     1.8000     3.4699    31.0791          0
      90       577     0.0600     2.3077     2.4304    31.4245          0
      96      1113     0.0938     2.8125     4.8539    34.5098          0
      99        50     0.0652     1.2632     3.6404    32.6174          0
     100       732     0.1042     2.3077     5.7831    35.7764          0
     102        40     0.0577     1.2857     2.4270    36.2264          0
     104        42     0.1000     1.8000     3.4639    37.9401          0
     105       264     0.0652     2.2857     4.3373    33.5404          0
     108       824     0.0469     2.8125     4.8485    38.6272          0
     110       120     0.0980     2.3077     2.8916    40.2235          0
     112      1163     0.0833     3.3158     6.2921    41.3702          0
     114        45     0.0517     1.2857     2.4242    41.0279          0
     117        60     0.0556     1.2632     3.6346    39.8212          0
     120      4104     0.0469     2.8125     3.4595    44.8000          0
   TOTAL D <= 120 (complete): groups 10637, killed by L > 16 (H2): 0 ; global min L = 3/64 = 0.04688

== INTEGRALITY under (UNI):  N = k V_2 q in Z,  k V_2 <= u   D <= 120 (complete) ==
       D     assign  kill uncond      kill H2   groups grp kill U grp kill H2
      48       1301         1259         1263       50         22         23
      54        514          499          501       40         27         28
      60       3623         3510         3534      110         48         64
      63        438          427          431       30         22         24
      64       2417         2346         2354       84         38         41
      66        390          386          386       25         22         22
      72      15694        15332        15369      316        133        137
      75        682          664          668       40         27         30
      78        558          547          548       30         22         23
      80      16074        15775        15800      496        302        309
      81        764          746          751       40         28         31
      84      10748        10541        10592      207        106        128
      88        550          538          540       35         27         28
      90      30107        29626        29698      577        337        360
      96     130186       128411       128565     1113        493        523
      99       1180         1150         1157       50         31         34
     100      26873        26536        26580      732        490        518
     102        984          967          967       40         29         29
     104        786          770          772       42         30         31
     105       5037         4947         4973      264        195        209
     108      85205        83860        84127      824        359        419
     110       1890         1873         1879      120        105        110
     112      47655        46996        47095     1163        743        795
     114       1242         1221         1225       45         31         33
     117       1686         1655         1669       60         39         47
     120     516309       511238       512262     4104       2158       2390
   TOTAL D <= 120 (complete): assignments 902893, killed uncond 891820 (98.77%), killed H2 893706 (98.98%)
   TOTAL D <= 120 (complete): groups 10637, killed uncond 5864 (55.13%), killed H2 6386 (60.04%)

== INTEGRALITY under (UNI):  N = k V_2 q in Z,  k V_2 <= u   MOH-SHARP-2 admissible in [101,120] ==
       D     assign  kill uncond      kill H2   groups grp kill U grp kill H2
     105       5037         4947         4973      264        195        209
     108      85205        83860        84127      824        359        419
     112      47655        46996        47095     1163        743        795
     117       1686         1655         1669       60         39         47
     120     516309       511238       512262     4104       2158       2390
   TOTAL MOH-SHARP-2 admissible in [101,120]: assignments 655892, killed uncond 648696 (98.90%), killed H2 650126 (99.12%)
   TOTAL MOH-SHARP-2 admissible in [101,120]: groups 6415, killed uncond 3494 (54.47%), killed H2 3860 (60.17%)

== HYPOTHESIS-FREE FLOOR  N >= L(skeleton)   D in [101,200] ==
       D    groups      min L      max L      min U      max U L>16 kills
     102        40     0.0577     1.2857     2.4270    36.2264          0
     104        42     0.1000     1.8000     3.4639    37.9401          0
     105       264     0.0652     2.2857     4.3373    33.5404          0
     108       824     0.0469     2.8125     4.8485    38.6272          0
     110       120     0.0980     2.3077     2.8916    40.2235          0
     112      1163     0.0833     3.3158     6.2921    41.3702          0
     114        45     0.0517     1.2857     2.4242    41.0279          0
     117        60     0.0556     1.2632     3.6346    39.8212          0
     120      4104     0.0469     2.8125     3.4595    44.8000          0
     125       192     0.0980     2.2642     7.2115    33.5196          0
     126      1081     0.0429     3.3158     2.4220    45.8291          0
     128      1725     0.1250     3.8182     6.9120    48.2297          0
     130       144     0.0833     2.3077     2.8866    49.1163          0
     132       400     0.0375     2.8125     4.8403    49.3151          0
     135       702     0.0429     2.2857     3.6303    47.0239          0
     136        56     0.0769     1.8000     3.4560    51.6592          0
     138        55     0.0429     1.2857     2.4202    50.6301          0
     140      3072     0.0694     3.3158     5.7658    53.5622          0
     144      7479     0.0600     4.3200     4.4037    55.0886          0
     147       420     0.0484     3.2941     4.7103    48.6695          0
     150      3556     0.0375     2.7692     2.4186    58.0080          0
     152        63     0.0690     1.8000     3.4532    58.5179          0
     153        80     0.0429     1.2632     3.6269    54.2259          0
     154       275     0.1029     3.3158     3.1402    58.3784          0
     156       480     0.0312     2.8125     4.8345    60.2281          0
     160      9487     0.0625     4.8214     5.7600    62.4535          0
     162      1701     0.0333     4.3200     2.4173    60.2317          0
     165       440     0.0429     2.2857     4.3200    60.2230          0
     168      9125     0.0312     3.7966     3.4510    65.6842          0
     170       192     0.0641     2.3077     2.8800    66.8990          0
     171        90     0.0385     1.2632     3.6242    61.4275          0
     174        70     0.0341     1.2857     2.4161    65.0323          0
     175      1016     0.0725     3.2727     7.1942    55.7621          0
     176      4076     0.0500     5.3226     4.3969    68.8055          0
     180     17344     0.0268     4.8214     4.6512    71.3443          0
     182       330     0.0875     3.3158     3.1360    71.3055          0
     184        77     0.0571     1.8000     3.4491    72.2345          0
     186        75     0.0319     1.2857     2.4151    69.8328          0
     189      1626     0.0306     4.2985     3.6220    68.6288          0
     190       216     0.0575     2.3077     2.8777    75.7895          0
     192     23052     0.0469     5.8235     4.8284    76.5957          0
     195       528     0.0366     2.2857     4.3151    73.5604          0
     196      2961     0.0645     3.3158     6.2657    77.7685          0
     198      2644     0.0273     5.3226     2.4142    76.4602          0
     200     15174     0.0500     4.8214     3.4475    80.2346          0
   TOTAL D in [101,200]: groups 116666, killed by L > 16 (H2): 0 ; global min L = 3/112 = 0.02679

wall 1440.6 s
