Command exited with non-zero status 124
	Command being timed: "timeout --signal=TERM --kill-after=10s 1800s Singular -q t3_triangular_Q.sing"
	User time (seconds): 1798.55
	System time (seconds): 1.45
	Percent of CPU this job got: 99%
	Elapsed (wall clock) time (h:mm:ss or m:ss): 30:00.02
	Average shared text size (kbytes): 0
	Average unshared data size (kbytes): 0
	Average stack size (kbytes): 0
	Average total size (kbytes): 0
	Maximum resident set size (kbytes): 328336
	Average resident set size (kbytes): 0
	Major (requiring I/O) page faults: 1
	Minor (reclaiming a frame) page faults: 714598
	Voluntary context switches: 5
	Involuntary context switches: 4277
	Swaps: 0
	File system inputs: 32
	File system outputs: 0
	Socket messages sent: 0
	Socket messages received: 0
	Signals delivered: 0
	Page size (bytes): 4096
	Exit status: 124
