SINGULAR_FQ2_POINT_COUNT_BEGIN
mode=shard
candidate_sha256=9061726295086f58f74f3751b2f7c2d59c5cb86de5e53ecd636687fd54daa7ce
field_modulus=a2-a+3
RECORD|index=14112|total=1|smooth=1|singular=0
RECORD|index=14113|total=1|smooth=1|singular=0
RECORD|index=14114|total=1|smooth=1|singular=0
RECORD|index=14115|total=2|smooth=2|singular=0
RECORD|index=14116|total=3|smooth=3|singular=0
RECORD|index=14117|total=1|smooth=1|singular=0
RECORD|index=14118|total=1|smooth=1|singular=0
RECORD|index=14119|total=3|smooth=3|singular=0
RECORD|index=14120|total=1|smooth=1|singular=0
RECORD|index=14121|total=2|smooth=2|singular=0
RECORD|index=14122|total=1|smooth=1|singular=0
RECORD|index=14123|total=1|smooth=1|singular=0
RECORD|index=14124|total=1|smooth=1|singular=0
RECORD|index=14125|total=3|smooth=3|singular=0
RECORD|index=14126|total=2|smooth=2|singular=0
RECORD|index=14127|total=1|smooth=1|singular=0
RECORD|index=14128|total=2|smooth=2|singular=0
RECORD|index=14129|total=2|smooth=2|singular=0
RECORD|index=14130|total=0|smooth=0|singular=0
RECORD|index=14131|total=0|smooth=0|singular=0
RECORD|index=14132|total=1|smooth=1|singular=0
RECORD|index=14133|total=1|smooth=1|singular=0
RECORD|index=14134|total=1|smooth=1|singular=0
RECORD|index=14135|total=2|smooth=2|singular=0
RECORD|index=14136|total=1|smooth=1|singular=0
RECORD|index=14137|total=1|smooth=1|singular=0
RECORD|index=14138|total=3|smooth=3|singular=0
RECORD|index=14139|total=1|smooth=1|singular=0
RECORD|index=14140|total=1|smooth=1|singular=0
RECORD|index=14141|total=1|smooth=1|singular=0
RECORD|index=14142|total=1|smooth=1|singular=0
RECORD|index=14143|total=0|smooth=0|singular=0
RECORD|index=14144|total=0|smooth=0|singular=0
RECORD|index=14145|total=1|smooth=1|singular=0
RECORD|index=14146|total=2|smooth=2|singular=0
RECORD|index=14147|total=0|smooth=0|singular=0
RECORD|index=14148|total=1|smooth=1|singular=0
RECORD|index=14149|total=1|smooth=1|singular=0
RECORD|index=14150|total=1|smooth=1|singular=0
RECORD|index=14151|total=0|smooth=0|singular=0
RECORD|index=14152|total=2|smooth=2|singular=0
RECORD|index=14153|total=0|smooth=0|singular=0
RECORD|index=14154|total=1|smooth=1|singular=0
RECORD|index=14155|total=1|smooth=1|singular=0
RECORD|index=14156|total=3|smooth=3|singular=0
RECORD|index=14157|total=0|smooth=0|singular=0
RECORD|index=14158|total=1|smooth=1|singular=0
RECORD|index=14159|total=3|smooth=3|singular=0
RECORD|index=14160|total=1|smooth=1|singular=0
RECORD|index=14161|total=2|smooth=2|singular=0
RECORD|index=14162|total=0|smooth=0|singular=0
RECORD|index=14163|total=0|smooth=0|singular=0
RECORD|index=14164|total=1|smooth=1|singular=0
RECORD|index=14165|total=3|smooth=3|singular=0
RECORD|index=14166|total=1|smooth=1|singular=0
RECORD|index=14167|total=1|smooth=1|singular=0
RECORD|index=14168|total=0|smooth=0|singular=0
RECORD|index=14169|total=2|smooth=2|singular=0
RECORD|index=14170|total=0|smooth=0|singular=0
RECORD|index=14171|total=1|smooth=1|singular=0
RECORD|index=14172|total=1|smooth=1|singular=0
RECORD|index=14173|total=2|smooth=2|singular=0
RECORD|index=14174|total=1|smooth=1|singular=0
RECORD|index=14175|total=2|smooth=2|singular=0
RECORD|index=14176|total=0|smooth=0|singular=0
RECORD|index=14177|total=1|smooth=1|singular=0
RECORD|index=14178|total=0|smooth=0|singular=0
RECORD|index=14179|total=1|smooth=1|singular=0
RECORD|index=14180|total=4|smooth=4|singular=0
RECORD|index=14181|total=1|smooth=1|singular=0
RECORD|index=14182|total=0|smooth=0|singular=0
RECORD|index=14183|total=1|smooth=1|singular=0
RECORD|index=14184|total=0|smooth=0|singular=0
RECORD|index=14185|total=0|smooth=0|singular=0
RECORD|index=14186|total=1|smooth=1|singular=0
RECORD|index=14187|total=3|smooth=3|singular=0
RECORD|index=14188|total=3|smooth=3|singular=0
RECORD|index=14189|total=0|smooth=0|singular=0
RECORD|index=14190|total=0|smooth=0|singular=0
RECORD|index=14191|total=2|smooth=2|singular=0
RECORD|index=14192|total=2|smooth=2|singular=0
RECORD|index=14193|total=1|smooth=1|singular=0
RECORD|index=14194|total=1|smooth=1|singular=0
RECORD|index=14195|total=1|smooth=1|singular=0
RECORD|index=14196|total=0|smooth=0|singular=0
RECORD|index=14197|total=1|smooth=1|singular=0
RECORD|index=14198|total=1|smooth=1|singular=0
RECORD|index=14199|total=1|smooth=1|singular=0
RECORD|index=14200|total=2|smooth=2|singular=0
RECORD|index=14201|total=0|smooth=0|singular=0
RECORD|index=14202|total=0|smooth=0|singular=0
RECORD|index=14203|total=2|smooth=2|singular=0
RECORD|index=14204|total=2|smooth=2|singular=0
RECORD|index=14205|total=3|smooth=3|singular=0
RECORD|index=14206|total=1|smooth=1|singular=0
RECORD|index=14207|total=0|smooth=0|singular=0
RECORD|index=14208|total=0|smooth=0|singular=0
RECORD|index=14209|total=1|smooth=1|singular=0
RECORD|index=14210|total=0|smooth=0|singular=0
RECORD|index=14211|total=0|smooth=0|singular=0
RECORD|index=14212|total=0|smooth=0|singular=0
RECORD|index=14213|total=2|smooth=2|singular=0
RECORD|index=14214|total=0|smooth=0|singular=0
RECORD|index=14215|total=2|smooth=2|singular=0
RECORD|index=14216|total=0|smooth=0|singular=0
RECORD|index=14217|total=1|smooth=1|singular=0
RECORD|index=14218|total=0|smooth=0|singular=0
RECORD|index=14219|total=0|smooth=0|singular=0
RECORD|index=14220|total=1|smooth=1|singular=0
RECORD|index=14221|total=1|smooth=1|singular=0
RECORD|index=14222|total=0|smooth=0|singular=0
RECORD|index=14223|total=1|smooth=1|singular=0
RECORD|index=14224|total=0|smooth=0|singular=0
RECORD|index=14225|total=3|smooth=3|singular=0
RECORD|index=14226|total=1|smooth=1|singular=0
RECORD|index=14227|total=1|smooth=1|singular=0
RECORD|index=14228|total=1|smooth=1|singular=0
RECORD|index=14229|total=0|smooth=0|singular=0
RECORD|index=14230|total=0|smooth=0|singular=0
RECORD|index=14231|total=2|smooth=2|singular=0
RECORD|index=14232|total=0|smooth=0|singular=0
RECORD|index=14233|total=1|smooth=1|singular=0
RECORD|index=14234|total=2|smooth=2|singular=0
RECORD|index=14235|total=0|smooth=0|singular=0
RECORD|index=14236|total=0|smooth=0|singular=0
RECORD|index=14237|total=1|smooth=1|singular=0
RECORD|index=14238|total=3|smooth=3|singular=0
RECORD|index=14239|total=2|smooth=2|singular=0
RECORD|index=14240|total=1|smooth=1|singular=0
RECORD|index=14241|total=1|smooth=1|singular=0
RECORD|index=14242|total=2|smooth=2|singular=0
RECORD|index=14243|total=1|smooth=1|singular=0
RECORD|index=14244|total=1|smooth=1|singular=0
RECORD|index=14245|total=1|smooth=1|singular=0
RECORD|index=14246|total=0|smooth=0|singular=0
RECORD|index=14247|total=1|smooth=1|singular=0
RECORD|index=14248|total=0|smooth=0|singular=0
RECORD|index=14249|total=0|smooth=0|singular=0
RECORD|index=14250|total=1|smooth=1|singular=0
RECORD|index=14251|total=1|smooth=1|singular=0
RECORD|index=14252|total=1|smooth=1|singular=0
RECORD|index=14253|total=0|smooth=0|singular=0
RECORD|index=14254|total=1|smooth=1|singular=0
RECORD|index=14255|total=3|smooth=3|singular=0
RECORD|index=14256|total=1|smooth=1|singular=0
RECORD|index=14257|total=0|smooth=0|singular=0
RECORD|index=14258|total=2|smooth=2|singular=0
RECORD|index=14259|total=1|smooth=1|singular=0
RECORD|index=14260|total=0|smooth=0|singular=0
RECORD|index=14261|total=1|smooth=1|singular=0
RECORD|index=14262|total=2|smooth=2|singular=0
RECORD|index=14263|total=2|smooth=2|singular=0
RECORD|index=14264|total=0|smooth=0|singular=0
RECORD|index=14265|total=2|smooth=2|singular=0
RECORD|index=14266|total=3|smooth=3|singular=0
RECORD|index=14267|total=2|smooth=2|singular=0
RECORD|index=14268|total=0|smooth=0|singular=0
RECORD|index=14269|total=1|smooth=1|singular=0
RECORD|index=14270|total=1|smooth=1|singular=0
RECORD|index=14271|total=2|smooth=2|singular=0
RECORD|index=14272|total=1|smooth=1|singular=0
RECORD|index=14273|total=0|smooth=0|singular=0
RECORD|index=14274|total=0|smooth=0|singular=0
RECORD|index=14275|total=1|smooth=1|singular=0
RECORD|index=14276|total=0|smooth=0|singular=0
RECORD|index=14277|total=2|smooth=2|singular=0
RECORD|index=14278|total=0|smooth=0|singular=0
RECORD|index=14279|total=4|smooth=4|singular=0
RECORD|index=14280|total=1|smooth=1|singular=0
RECORD|index=14281|total=1|smooth=1|singular=0
RECORD|index=14282|total=1|smooth=1|singular=0
RECORD|index=14283|total=0|smooth=0|singular=0
RECORD|index=14284|total=3|smooth=3|singular=0
RECORD|index=14285|total=1|smooth=1|singular=0
RECORD|index=14286|total=0|smooth=0|singular=0
RECORD|index=14287|total=0|smooth=0|singular=0
RECORD|index=14288|total=0|smooth=0|singular=0
RECORD|index=14289|total=0|smooth=0|singular=0
RECORD|index=14290|total=2|smooth=2|singular=0
RECORD|index=14291|total=0|smooth=0|singular=0
RECORD|index=14292|total=1|smooth=1|singular=0
RECORD|index=14293|total=2|smooth=2|singular=0
RECORD|index=14294|total=1|smooth=1|singular=0
RECORD|index=14295|total=0|smooth=0|singular=0
RECORD|index=14296|total=4|smooth=4|singular=0
RECORD|index=14297|total=2|smooth=2|singular=0
RECORD|index=14298|total=0|smooth=0|singular=0
RECORD|index=14299|total=0|smooth=0|singular=0
RECORD|index=14300|total=1|smooth=1|singular=0
RECORD|index=14301|total=3|smooth=3|singular=0
RECORD|index=14302|total=0|smooth=0|singular=0
RECORD|index=14303|total=0|smooth=0|singular=0
RECORD|index=14304|total=2|smooth=2|singular=0
RECORD|index=14305|total=0|smooth=0|singular=0
RECORD|index=14306|total=0|smooth=0|singular=0
RECORD|index=14307|total=0|smooth=0|singular=0
RECORD|index=14308|total=1|smooth=1|singular=0
RECORD|index=14309|total=1|smooth=1|singular=0
RECORD|index=14310|total=2|smooth=2|singular=0
RECORD|index=14311|total=0|smooth=0|singular=0
RECORD|index=14312|total=1|smooth=1|singular=0
RECORD|index=14313|total=2|smooth=2|singular=0
RECORD|index=14314|total=1|smooth=1|singular=0
RECORD|index=14315|total=2|smooth=2|singular=0
RECORD|index=14316|total=1|smooth=1|singular=0
RECORD|index=14317|total=3|smooth=3|singular=0
RECORD|index=14318|total=1|smooth=1|singular=0
RECORD|index=14319|total=2|smooth=2|singular=0
RECORD|index=14320|total=2|smooth=2|singular=0
RECORD|index=14321|total=2|smooth=2|singular=0
RECORD|index=14322|total=1|smooth=1|singular=0
RECORD|index=14323|total=3|smooth=3|singular=0
RECORD|index=14324|total=1|smooth=1|singular=0
RECORD|index=14325|total=2|smooth=2|singular=0
RECORD|index=14326|total=3|smooth=3|singular=0
RECORD|index=14327|total=0|smooth=0|singular=0
RECORD|index=14328|total=1|smooth=1|singular=0
RECORD|index=14329|total=0|smooth=0|singular=0
RECORD|index=14330|total=0|smooth=0|singular=0
RECORD|index=14331|total=1|smooth=1|singular=0
RECORD|index=14332|total=1|smooth=1|singular=0
RECORD|index=14333|total=0|smooth=0|singular=0
RECORD|index=14334|total=3|smooth=3|singular=0
RECORD|index=14335|total=2|smooth=2|singular=0
RECORD|index=14336|total=1|smooth=1|singular=0
RECORD|index=14337|total=0|smooth=0|singular=0
RECORD|index=14338|total=4|smooth=4|singular=0
RECORD|index=14339|total=3|smooth=3|singular=0
RECORD|index=14340|total=0|smooth=0|singular=0
RECORD|index=14341|total=3|smooth=3|singular=0
RECORD|index=14342|total=0|smooth=0|singular=0
RECORD|index=14343|total=0|smooth=0|singular=0
RECORD|index=14344|total=0|smooth=0|singular=0
RECORD|index=14345|total=2|smooth=2|singular=0
RECORD|index=14346|total=2|smooth=2|singular=0
RECORD|index=14347|total=1|smooth=1|singular=0
RECORD|index=14348|total=1|smooth=1|singular=0
RECORD|index=14349|total=0|smooth=0|singular=0
RECORD|index=14350|total=1|smooth=1|singular=0
RECORD|index=14351|total=4|smooth=4|singular=0
RECORD|index=14352|total=0|smooth=0|singular=0
RECORD|index=14353|total=1|smooth=1|singular=0
RECORD|index=14354|total=2|smooth=2|singular=0
RECORD|index=14355|total=1|smooth=1|singular=0
RECORD|index=14356|total=0|smooth=0|singular=0
RECORD|index=14357|total=0|smooth=0|singular=0
RECORD|index=14358|total=2|smooth=2|singular=0
RECORD|index=14359|total=0|smooth=0|singular=0
RECORD|index=14360|total=2|smooth=2|singular=0
RECORD|index=14361|total=2|smooth=2|singular=0
RECORD|index=14362|total=1|smooth=1|singular=0
RECORD|index=14363|total=0|smooth=0|singular=0
RECORD|index=14364|total=0|smooth=0|singular=0
RECORD|index=14365|total=1|smooth=1|singular=0
RECORD|index=14366|total=1|smooth=1|singular=0
RECORD|index=14367|total=1|smooth=1|singular=0
RECORD|index=14368|total=2|smooth=2|singular=0
RECORD|index=14369|total=2|smooth=2|singular=0
RECORD|index=14370|total=2|smooth=2|singular=0
RECORD|index=14371|total=0|smooth=0|singular=0
RECORD|index=14372|total=0|smooth=0|singular=0
RECORD|index=14373|total=1|smooth=1|singular=0
RECORD|index=14374|total=4|smooth=4|singular=0
RECORD|index=14375|total=0|smooth=0|singular=0
RECORD|index=14376|total=2|smooth=2|singular=0
RECORD|index=14377|total=2|smooth=2|singular=0
RECORD|index=14378|total=1|smooth=1|singular=0
RECORD|index=14379|total=2|smooth=2|singular=0
RECORD|index=14380|total=0|smooth=0|singular=0
RECORD|index=14381|total=0|smooth=0|singular=0
RECORD|index=14382|total=2|smooth=2|singular=0
RECORD|index=14383|total=0|smooth=0|singular=0
RECORD|index=14384|total=2|smooth=2|singular=0
RECORD|index=14385|total=1|smooth=1|singular=0
RECORD|index=14386|total=0|smooth=0|singular=0
RECORD|index=14387|total=2|smooth=2|singular=0
RECORD|index=14388|total=0|smooth=0|singular=0
RECORD|index=14389|total=0|smooth=0|singular=0
RECORD|index=14390|total=2|smooth=2|singular=0
RECORD|index=14391|total=3|smooth=3|singular=0
RECORD|index=14392|total=1|smooth=1|singular=0
RECORD|index=14393|total=1|smooth=1|singular=0
RECORD|index=14394|total=4|smooth=4|singular=0
RECORD|index=14395|total=0|smooth=0|singular=0
RECORD|index=14396|total=0|smooth=0|singular=0
RECORD|index=14397|total=2|smooth=2|singular=0
RECORD|index=14398|total=0|smooth=0|singular=0
RECORD|index=14399|total=2|smooth=2|singular=0
RECORD|index=14400|total=2|smooth=2|singular=0
RECORD|index=14401|total=0|smooth=0|singular=0
RECORD|index=14402|total=1|smooth=1|singular=0
RECORD|index=14403|total=2|smooth=2|singular=0
RECORD|index=14404|total=1|smooth=1|singular=0
RECORD|index=14405|total=2|smooth=2|singular=0
RECORD|index=14406|total=0|smooth=0|singular=0
RECORD|index=14407|total=2|smooth=2|singular=0
RECORD|index=14408|total=2|smooth=2|singular=0
RECORD|index=14409|total=2|smooth=2|singular=0
RECORD|index=14410|total=0|smooth=0|singular=0
RECORD|index=14411|total=1|smooth=1|singular=0
RECORD|index=14412|total=1|smooth=1|singular=0
RECORD|index=14413|total=1|smooth=1|singular=0
RECORD|index=14414|total=2|smooth=2|singular=0
RECORD|index=14415|total=1|smooth=1|singular=0
RECORD|index=14416|total=2|smooth=2|singular=0
RECORD|index=14417|total=1|smooth=1|singular=0
RECORD|index=14418|total=3|smooth=3|singular=0
RECORD|index=14419|total=3|smooth=3|singular=0
RECORD|index=14420|total=0|smooth=0|singular=0
RECORD|index=14421|total=1|smooth=1|singular=0
RECORD|index=14422|total=1|smooth=1|singular=0
RECORD|index=14423|total=1|smooth=1|singular=0
RECORD|index=14424|total=1|smooth=1|singular=0
RECORD|index=14425|total=2|smooth=2|singular=0
RECORD|index=14426|total=1|smooth=1|singular=0
RECORD|index=14427|total=0|smooth=0|singular=0
RECORD|index=14428|total=0|smooth=0|singular=0
RECORD|index=14429|total=1|smooth=1|singular=0
RECORD|index=14430|total=3|smooth=3|singular=0
RECORD|index=14431|total=2|smooth=2|singular=0
RECORD|index=14432|total=0|smooth=0|singular=0
RECORD|index=14433|total=0|smooth=0|singular=0
RECORD|index=14434|total=1|smooth=1|singular=0
RECORD|index=14435|total=2|smooth=2|singular=0
RECORD|index=14436|total=0|smooth=0|singular=0
RECORD|index=14437|total=1|smooth=1|singular=0
RECORD|index=14438|total=3|smooth=3|singular=0
RECORD|index=14439|total=1|smooth=1|singular=0
RECORD|index=14440|total=2|smooth=2|singular=0
RECORD|index=14441|total=1|smooth=1|singular=0
RECORD|index=14442|total=1|smooth=1|singular=0
RECORD|index=14443|total=1|smooth=1|singular=0
RECORD|index=14444|total=1|smooth=1|singular=0
RECORD|index=14445|total=0|smooth=0|singular=0
RECORD|index=14446|total=2|smooth=2|singular=0
RECORD|index=14447|total=2|smooth=2|singular=0
RECORD|index=14448|total=2|smooth=2|singular=0
RECORD|index=14449|total=1|smooth=1|singular=0
RECORD|index=14450|total=0|smooth=0|singular=0
RECORD|index=14451|total=1|smooth=1|singular=0
RECORD|index=14452|total=1|smooth=1|singular=0
RECORD|index=14453|total=2|smooth=2|singular=0
RECORD|index=14454|total=0|smooth=0|singular=0
RECORD|index=14455|total=0|smooth=0|singular=0
RECORD|index=14456|total=1|smooth=1|singular=0
RECORD|index=14457|total=0|smooth=0|singular=0
RECORD|index=14458|total=1|smooth=1|singular=0
RECORD|index=14459|total=2|smooth=2|singular=0
RECORD|index=14460|total=0|smooth=0|singular=0
RECORD|index=14461|total=0|smooth=0|singular=0
RECORD|index=14462|total=0|smooth=0|singular=0
RECORD|index=14463|total=1|smooth=1|singular=0
RECORD|index=14464|total=1|smooth=1|singular=0
RECORD|index=14465|total=1|smooth=1|singular=0
RECORD|index=14466|total=2|smooth=2|singular=0
RECORD|index=14467|total=3|smooth=3|singular=0
RECORD|index=14468|total=0|smooth=0|singular=0
RECORD|index=14469|total=0|smooth=0|singular=0
RECORD|index=14470|total=0|smooth=0|singular=0
RECORD|index=14471|total=2|smooth=2|singular=0
RECORD|index=14472|total=3|smooth=3|singular=0
RECORD|index=14473|total=0|smooth=0|singular=0
RECORD|index=14474|total=2|smooth=2|singular=0
RECORD|index=14475|total=1|smooth=1|singular=0
RECORD|index=14476|total=0|smooth=0|singular=0
RECORD|index=14477|total=2|smooth=2|singular=0
RECORD|index=14478|total=0|smooth=0|singular=0
RECORD|index=14479|total=1|smooth=1|singular=0
RECORD|index=14480|total=2|smooth=2|singular=0
RECORD|index=14481|total=0|smooth=0|singular=0
RECORD|index=14482|total=1|smooth=1|singular=0
RECORD|index=14483|total=2|smooth=2|singular=0
RECORD|index=14484|total=0|smooth=0|singular=0
RECORD|index=14485|total=2|smooth=2|singular=0
RECORD|index=14486|total=0|smooth=0|singular=0
RECORD|index=14487|total=3|smooth=3|singular=0
RECORD|index=14488|total=2|smooth=2|singular=0
RECORD|index=14489|total=1|smooth=1|singular=0
RECORD|index=14490|total=1|smooth=1|singular=0
RECORD|index=14491|total=0|smooth=0|singular=0
RECORD|index=14492|total=1|smooth=1|singular=0
RECORD|index=14493|total=1|smooth=1|singular=0
RECORD|index=14494|total=1|smooth=1|singular=0
RECORD|index=14495|total=1|smooth=1|singular=0
RECORD|index=14496|total=4|smooth=4|singular=0
RECORD|index=14497|total=0|smooth=0|singular=0
RECORD|index=14498|total=2|smooth=2|singular=0
RECORD|index=14499|total=0|smooth=0|singular=0
RECORD|index=14500|total=0|smooth=0|singular=0
RECORD|index=14501|total=1|smooth=1|singular=0
RECORD|index=14502|total=0|smooth=0|singular=0
RECORD|index=14503|total=0|smooth=0|singular=0
RECORD|index=14504|total=0|smooth=0|singular=0
RECORD|index=14505|total=2|smooth=2|singular=0
RECORD|index=14506|total=4|smooth=4|singular=0
RECORD|index=14507|total=1|smooth=1|singular=0
RECORD|index=14508|total=0|smooth=0|singular=0
RECORD|index=14509|total=2|smooth=2|singular=0
RECORD|index=14510|total=1|smooth=1|singular=0
RECORD|index=14511|total=0|smooth=0|singular=0
RECORD|index=14512|total=4|smooth=4|singular=0
RECORD|index=14513|total=0|smooth=0|singular=0
RECORD|index=14514|total=0|smooth=0|singular=0
RECORD|index=14515|total=0|smooth=0|singular=0
RECORD|index=14516|total=0|smooth=0|singular=0
RECORD|index=14517|total=0|smooth=0|singular=0
RECORD|index=14518|total=0|smooth=0|singular=0
RECORD|index=14519|total=0|smooth=0|singular=0
RECORD|index=14520|total=0|smooth=0|singular=0
RECORD|index=14521|total=1|smooth=1|singular=0
RECORD|index=14522|total=2|smooth=2|singular=0
RECORD|index=14523|total=2|smooth=2|singular=0
RECORD|index=14524|total=2|smooth=2|singular=0
RECORD|index=14525|total=2|smooth=2|singular=0
RECORD|index=14526|total=1|smooth=1|singular=0
RECORD|index=14527|total=1|smooth=1|singular=0
RECORD|index=14528|total=3|smooth=3|singular=0
RECORD|index=14529|total=0|smooth=0|singular=0
RECORD|index=14530|total=1|smooth=1|singular=0
RECORD|index=14531|total=0|smooth=0|singular=0
RECORD|index=14532|total=1|smooth=1|singular=0
RECORD|index=14533|total=0|smooth=0|singular=0
RECORD|index=14534|total=0|smooth=0|singular=0
RECORD|index=14535|total=0|smooth=0|singular=0
RECORD|index=14536|total=2|smooth=2|singular=0
RECORD|index=14537|total=0|smooth=0|singular=0
RECORD|index=14538|total=1|smooth=1|singular=0
RECORD|index=14539|total=2|smooth=2|singular=0
RECORD|index=14540|total=1|smooth=1|singular=0
RECORD|index=14541|total=0|smooth=0|singular=0
RECORD|index=14542|total=3|smooth=3|singular=0
RECORD|index=14543|total=2|smooth=2|singular=0
RECORD|index=14544|total=1|smooth=1|singular=0
RECORD|index=14545|total=1|smooth=1|singular=0
RECORD|index=14546|total=1|smooth=1|singular=0
RECORD|index=14547|total=1|smooth=1|singular=0
RECORD|index=14548|total=2|smooth=2|singular=0
RECORD|index=14549|total=2|smooth=2|singular=0
RECORD|index=14550|total=1|smooth=1|singular=0
RECORD|index=14551|total=2|smooth=2|singular=0
RECORD|index=14552|total=0|smooth=0|singular=0
RECORD|index=14553|total=0|smooth=0|singular=0
RECORD|index=14554|total=3|smooth=3|singular=0
RECORD|index=14555|total=1|smooth=1|singular=0
RECORD|index=14556|total=3|smooth=3|singular=0
RECORD|index=14557|total=2|smooth=2|singular=0
RECORD|index=14558|total=2|smooth=2|singular=0
RECORD|index=14559|total=1|smooth=1|singular=0
RECORD|index=14560|total=1|smooth=1|singular=0
RECORD|index=14561|total=2|smooth=2|singular=0
RECORD|index=14562|total=1|smooth=1|singular=0
RECORD|index=14563|total=0|smooth=0|singular=0
RECORD|index=14564|total=0|smooth=0|singular=0
RECORD|index=14565|total=1|smooth=1|singular=0
RECORD|index=14566|total=1|smooth=1|singular=0
RECORD|index=14567|total=0|smooth=0|singular=0
RECORD|index=14568|total=1|smooth=1|singular=0
RECORD|index=14569|total=1|smooth=1|singular=0
RECORD|index=14570|total=2|smooth=2|singular=0
RECORD|index=14571|total=0|smooth=0|singular=0
RECORD|index=14572|total=2|smooth=2|singular=0
RECORD|index=14573|total=2|smooth=2|singular=0
RECORD|index=14574|total=1|smooth=1|singular=0
RECORD|index=14575|total=2|smooth=2|singular=0
RECORD|index=14576|total=0|smooth=0|singular=0
RECORD|index=14577|total=0|smooth=0|singular=0
RECORD|index=14578|total=1|smooth=1|singular=0
RECORD|index=14579|total=0|smooth=0|singular=0
RECORD|index=14580|total=3|smooth=3|singular=0
RECORD|index=14581|total=0|smooth=0|singular=0
RECORD|index=14582|total=1|smooth=1|singular=0
RECORD|index=14583|total=2|smooth=2|singular=0
RECORD|index=14584|total=0|smooth=0|singular=0
RECORD|index=14585|total=0|smooth=0|singular=0
RECORD|index=14586|total=0|smooth=0|singular=0
RECORD|index=14587|total=1|smooth=1|singular=0
RECORD|index=14588|total=2|smooth=2|singular=0
RECORD|index=14589|total=1|smooth=1|singular=0
RECORD|index=14590|total=0|smooth=0|singular=0
RECORD|index=14591|total=2|smooth=2|singular=0
RECORD|index=14592|total=1|smooth=1|singular=0
RECORD|index=14593|total=0|smooth=0|singular=0
RECORD|index=14594|total=0|smooth=0|singular=0
RECORD|index=14595|total=2|smooth=2|singular=0
RECORD|index=14596|total=2|smooth=2|singular=0
RECORD|index=14597|total=0|smooth=0|singular=0
RECORD|index=14598|total=2|smooth=2|singular=0
RECORD|index=14599|total=3|smooth=3|singular=0
RECORD|index=14600|total=0|smooth=0|singular=0
RECORD|index=14601|total=1|smooth=1|singular=0
RECORD|index=14602|total=1|smooth=1|singular=0
RECORD|index=14603|total=1|smooth=1|singular=0
RECORD|index=14604|total=0|smooth=0|singular=0
RECORD|index=14605|total=1|smooth=1|singular=0
RECORD|index=14606|total=3|smooth=3|singular=0
RECORD|index=14607|total=2|smooth=2|singular=0
RECORD|index=14608|total=1|smooth=1|singular=0
RECORD|index=14609|total=0|smooth=0|singular=0
RECORD|index=14610|total=0|smooth=0|singular=0
RECORD|index=14611|total=0|smooth=0|singular=0
RECORD|index=14612|total=1|smooth=1|singular=0
RECORD|index=14613|total=0|smooth=0|singular=0
RECORD|index=14614|total=1|smooth=1|singular=0
RECORD|index=14615|total=0|smooth=0|singular=0
RECORD|index=14616|total=0|smooth=0|singular=0
RECORD|index=14617|total=1|smooth=1|singular=0
RECORD|index=14618|total=1|smooth=1|singular=0
RECORD|index=14619|total=2|smooth=2|singular=0
RECORD|index=14620|total=1|smooth=1|singular=0
RECORD|index=14621|total=2|smooth=2|singular=0
RECORD|index=14622|total=1|smooth=1|singular=0
RECORD|index=14623|total=1|smooth=1|singular=0
RECORD|index=14624|total=0|smooth=0|singular=0
RECORD|index=14625|total=0|smooth=0|singular=0
RECORD|index=14626|total=2|smooth=2|singular=0
RECORD|index=14627|total=2|smooth=2|singular=0
RECORD|index=14628|total=0|smooth=0|singular=0
RECORD|index=14629|total=0|smooth=0|singular=0
RECORD|index=14630|total=2|smooth=2|singular=0
RECORD|index=14631|total=0|smooth=0|singular=0
RECORD|index=14632|total=0|smooth=0|singular=0
RECORD|index=14633|total=1|smooth=1|singular=0
RECORD|index=14634|total=4|smooth=4|singular=0
RECORD|index=14635|total=0|smooth=0|singular=0
RECORD|index=14636|total=0|smooth=0|singular=0
RECORD|index=14637|total=0|smooth=0|singular=0
RECORD|index=14638|total=0|smooth=0|singular=0
RECORD|index=14639|total=1|smooth=1|singular=0
RECORD|index=14640|total=1|smooth=1|singular=0
RECORD|index=14641|total=0|smooth=0|singular=0
RECORD|index=14642|total=1|smooth=1|singular=0
RECORD|index=14643|total=1|smooth=1|singular=0
RECORD|index=14644|total=0|smooth=0|singular=0
RECORD|index=14645|total=1|smooth=1|singular=0
RECORD|index=14646|total=0|smooth=0|singular=0
RECORD|index=14647|total=1|smooth=1|singular=0
RECORD|index=14648|total=0|smooth=0|singular=0
RECORD|index=14649|total=0|smooth=0|singular=0
RECORD|index=14650|total=2|smooth=2|singular=0
RECORD|index=14651|total=2|smooth=2|singular=0
RECORD|index=14652|total=1|smooth=1|singular=0
RECORD|index=14653|total=1|smooth=1|singular=0
RECORD|index=14654|total=0|smooth=0|singular=0
RECORD|index=14655|total=1|smooth=1|singular=0
RECORD|index=14656|total=2|smooth=2|singular=0
RECORD|index=14657|total=1|smooth=1|singular=0
RECORD|index=14658|total=4|smooth=4|singular=0
RECORD|index=14659|total=1|smooth=1|singular=0
RECORD|index=14660|total=1|smooth=1|singular=0
RECORD|index=14661|total=0|smooth=0|singular=0
RECORD|index=14662|total=0|smooth=0|singular=0
RECORD|index=14663|total=0|smooth=0|singular=0
RECORD|index=14664|total=0|smooth=0|singular=0
RECORD|index=14665|total=0|smooth=0|singular=0
RECORD|index=14666|total=1|smooth=1|singular=0
RECORD|index=14667|total=1|smooth=1|singular=0
RECORD|index=14668|total=0|smooth=0|singular=0
RECORD|index=14669|total=0|smooth=0|singular=0
RECORD|index=14670|total=2|smooth=2|singular=0
RECORD|index=14671|total=0|smooth=0|singular=0
RECORD|index=14672|total=1|smooth=1|singular=0
RECORD|index=14673|total=0|smooth=0|singular=0
RECORD|index=14674|total=0|smooth=0|singular=0
RECORD|index=14675|total=1|smooth=1|singular=0
RECORD|index=14676|total=0|smooth=0|singular=0
RECORD|index=14677|total=1|smooth=1|singular=0
RECORD|index=14678|total=1|smooth=1|singular=0
RECORD|index=14679|total=2|smooth=2|singular=0
RECORD|index=14680|total=1|smooth=1|singular=0
RECORD|index=14681|total=1|smooth=1|singular=0
RECORD|index=14682|total=2|smooth=2|singular=0
RECORD|index=14683|total=0|smooth=0|singular=0
RECORD|index=14684|total=1|smooth=1|singular=0
RECORD|index=14685|total=2|smooth=2|singular=0
RECORD|index=14686|total=3|smooth=3|singular=0
RECORD|index=14687|total=1|smooth=1|singular=0
RECORD|index=14688|total=1|smooth=1|singular=0
RECORD|index=14689|total=0|smooth=0|singular=0
RECORD|index=14690|total=1|smooth=1|singular=0
RECORD|index=14691|total=2|smooth=2|singular=0
RECORD|index=14692|total=1|smooth=1|singular=0
RECORD|index=14693|total=0|smooth=0|singular=0
RECORD|index=14694|total=1|smooth=1|singular=0
RECORD|index=14695|total=1|smooth=1|singular=0
RECORD|index=14696|total=1|smooth=1|singular=0
RECORD|index=14697|total=0|smooth=0|singular=0
RECORD|index=14698|total=1|smooth=1|singular=0
RECORD|index=14699|total=0|smooth=0|singular=0
RECORD|index=14700|total=2|smooth=2|singular=0
RECORD|index=14701|total=0|smooth=0|singular=0
RECORD|index=14702|total=2|smooth=2|singular=0
RECORD|index=14703|total=1|smooth=1|singular=0
RECORD|index=14704|total=0|smooth=0|singular=0
RECORD|index=14705|total=4|smooth=4|singular=0
RECORD|index=14706|total=0|smooth=0|singular=0
RECORD|index=14707|total=2|smooth=2|singular=0
RECORD|index=14708|total=0|smooth=0|singular=0
RECORD|index=14709|total=1|smooth=1|singular=0
RECORD|index=14710|total=0|smooth=0|singular=0
RECORD|index=14711|total=1|smooth=1|singular=0
RECORD|index=14712|total=2|smooth=2|singular=0
RECORD|index=14713|total=1|smooth=1|singular=0
RECORD|index=14714|total=0|smooth=0|singular=0
RECORD|index=14715|total=3|smooth=3|singular=0
RECORD|index=14716|total=2|smooth=2|singular=0
RECORD|index=14717|total=1|smooth=1|singular=0
RECORD|index=14718|total=0|smooth=0|singular=0
RECORD|index=14719|total=1|smooth=1|singular=0
RECORD|index=14720|total=1|smooth=1|singular=0
RECORD|index=14721|total=1|smooth=1|singular=0
RECORD|index=14722|total=2|smooth=2|singular=0
RECORD|index=14723|total=2|smooth=2|singular=0
RECORD|index=14724|total=0|smooth=0|singular=0
RECORD|index=14725|total=4|smooth=4|singular=0
RECORD|index=14726|total=2|smooth=2|singular=0
RECORD|index=14727|total=2|smooth=2|singular=0
RECORD|index=14728|total=2|smooth=2|singular=0
RECORD|index=14729|total=2|smooth=2|singular=0
RECORD|index=14730|total=0|smooth=0|singular=0
RECORD|index=14731|total=1|smooth=1|singular=0
RECORD|index=14732|total=1|smooth=1|singular=0
RECORD|index=14733|total=0|smooth=0|singular=0
RECORD|index=14734|total=1|smooth=1|singular=0
RECORD|index=14735|total=1|smooth=1|singular=0
RECORD|index=14736|total=2|smooth=2|singular=0
RECORD|index=14737|total=2|smooth=2|singular=0
RECORD|index=14738|total=1|smooth=1|singular=0
RECORD|index=14739|total=2|smooth=2|singular=0
RECORD|index=14740|total=2|smooth=2|singular=0
RECORD|index=14741|total=0|smooth=0|singular=0
RECORD|index=14742|total=1|smooth=1|singular=0
RECORD|index=14743|total=0|smooth=0|singular=0
RECORD|index=14744|total=1|smooth=1|singular=0
RECORD|index=14745|total=4|smooth=4|singular=0
RECORD|index=14746|total=4|smooth=4|singular=0
RECORD|index=14747|total=1|smooth=1|singular=0
RECORD|index=14748|total=1|smooth=1|singular=0
RECORD|index=14749|total=0|smooth=0|singular=0
RECORD|index=14750|total=0|smooth=0|singular=0
RECORD|index=14751|total=0|smooth=0|singular=0
RECORD|index=14752|total=1|smooth=1|singular=0
RECORD|index=14753|total=0|smooth=0|singular=0
RECORD|index=14754|total=1|smooth=1|singular=0
RECORD|index=14755|total=0|smooth=0|singular=0
RECORD|index=14756|total=3|smooth=3|singular=0
RECORD|index=14757|total=2|smooth=2|singular=0
RECORD|index=14758|total=1|smooth=1|singular=0
RECORD|index=14759|total=2|smooth=2|singular=0
RECORD|index=14760|total=1|smooth=1|singular=0
RECORD|index=14761|total=1|smooth=1|singular=0
RECORD|index=14762|total=0|smooth=0|singular=0
RECORD|index=14763|total=0|smooth=0|singular=0
RECORD|index=14764|total=1|smooth=1|singular=0
RECORD|index=14765|total=2|smooth=2|singular=0
RECORD|index=14766|total=2|smooth=2|singular=0
RECORD|index=14767|total=0|smooth=0|singular=0
RECORD|index=14768|total=0|smooth=0|singular=0
RECORD|index=14769|total=0|smooth=0|singular=0
RECORD|index=14770|total=0|smooth=0|singular=0
RECORD|index=14771|total=0|smooth=0|singular=0
RECORD|index=14772|total=0|smooth=0|singular=0
RECORD|index=14773|total=0|smooth=0|singular=0
RECORD|index=14774|total=1|smooth=1|singular=0
RECORD|index=14775|total=1|smooth=1|singular=0
RECORD|index=14776|total=0|smooth=0|singular=0
RECORD|index=14777|total=2|smooth=2|singular=0
RECORD|index=14778|total=0|smooth=0|singular=0
RECORD|index=14779|total=1|smooth=1|singular=0
RECORD|index=14780|total=2|smooth=2|singular=0
RECORD|index=14781|total=2|smooth=2|singular=0
RECORD|index=14782|total=2|smooth=2|singular=0
RECORD|index=14783|total=0|smooth=0|singular=0
RECORD|index=14784|total=0|smooth=0|singular=0
RECORD|index=14785|total=0|smooth=0|singular=0
RECORD|index=14786|total=0|smooth=0|singular=0
RECORD|index=14787|total=3|smooth=3|singular=0
RECORD|index=14788|total=1|smooth=1|singular=0
RECORD|index=14789|total=0|smooth=0|singular=0
RECORD|index=14790|total=1|smooth=1|singular=0
RECORD|index=14791|total=1|smooth=1|singular=0
RECORD|index=14792|total=1|smooth=1|singular=0
RECORD|index=14793|total=1|smooth=1|singular=0
RECORD|index=14794|total=0|smooth=0|singular=0
RECORD|index=14795|total=0|smooth=0|singular=0
RECORD|index=14796|total=2|smooth=2|singular=0
RECORD|index=14797|total=1|smooth=1|singular=0
RECORD|index=14798|total=1|smooth=1|singular=0
RECORD|index=14799|total=2|smooth=2|singular=0
RECORD|index=14800|total=1|smooth=1|singular=0
RECORD|index=14801|total=2|smooth=2|singular=0
RECORD|index=14802|total=1|smooth=1|singular=0
RECORD|index=14803|total=1|smooth=1|singular=0
RECORD|index=14804|total=1|smooth=1|singular=0
RECORD|index=14805|total=1|smooth=1|singular=0
RECORD|index=14806|total=1|smooth=1|singular=0
RECORD|index=14807|total=0|smooth=0|singular=0
RECORD|index=14808|total=0|smooth=0|singular=0
RECORD|index=14809|total=1|smooth=1|singular=0
RECORD|index=14810|total=0|smooth=0|singular=0
RECORD|index=14811|total=1|smooth=1|singular=0
RECORD|index=14812|total=1|smooth=1|singular=0
RECORD|index=14813|total=0|smooth=0|singular=0
RECORD|index=14814|total=0|smooth=0|singular=0
RECORD|index=14815|total=0|smooth=0|singular=0
RECORD|index=14816|total=1|smooth=1|singular=0
RECORD|index=14817|total=0|smooth=0|singular=0
RECORD|index=14818|total=2|smooth=2|singular=0
RECORD|index=14819|total=0|smooth=0|singular=0
RECORD|index=14820|total=0|smooth=0|singular=0
RECORD|index=14821|total=1|smooth=1|singular=0
RECORD|index=14822|total=2|smooth=2|singular=0
RECORD|index=14823|total=0|smooth=0|singular=0
RECORD|index=14824|total=3|smooth=3|singular=0
RECORD|index=14825|total=2|smooth=2|singular=0
RECORD|index=14826|total=1|smooth=1|singular=0
RECORD|index=14827|total=1|smooth=1|singular=0
RECORD|index=14828|total=1|smooth=1|singular=0
RECORD|index=14829|total=0|smooth=0|singular=0
RECORD|index=14830|total=2|smooth=2|singular=0
RECORD|index=14831|total=1|smooth=1|singular=0
RECORD|index=14832|total=1|smooth=1|singular=0
RECORD|index=14833|total=2|smooth=2|singular=0
RECORD|index=14834|total=2|smooth=2|singular=0
RECORD|index=14835|total=4|smooth=4|singular=0
RECORD|index=14836|total=2|smooth=2|singular=0
RECORD|index=14837|total=2|smooth=2|singular=0
RECORD|index=14838|total=0|smooth=0|singular=0
RECORD|index=14839|total=2|smooth=2|singular=0
RECORD|index=14840|total=0|smooth=0|singular=0
RECORD|index=14841|total=1|smooth=1|singular=0
RECORD|index=14842|total=0|smooth=0|singular=0
RECORD|index=14843|total=0|smooth=0|singular=0
RECORD|index=14844|total=1|smooth=1|singular=0
RECORD|index=14845|total=3|smooth=3|singular=0
RECORD|index=14846|total=0|smooth=0|singular=0
RECORD|index=14847|total=1|smooth=1|singular=0
RECORD|index=14848|total=1|smooth=1|singular=0
RECORD|index=14849|total=0|smooth=0|singular=0
RECORD|index=14850|total=3|smooth=3|singular=0
RECORD|index=14851|total=0|smooth=0|singular=0
RECORD|index=14852|total=1|smooth=1|singular=0
RECORD|index=14853|total=0|smooth=0|singular=0
RECORD|index=14854|total=4|smooth=4|singular=0
RECORD|index=14855|total=1|smooth=1|singular=0
RECORD|index=14856|total=1|smooth=1|singular=0
RECORD|index=14857|total=2|smooth=2|singular=0
RECORD|index=14858|total=0|smooth=0|singular=0
RECORD|index=14859|total=1|smooth=1|singular=0
RECORD|index=14860|total=1|smooth=1|singular=0
RECORD|index=14861|total=0|smooth=0|singular=0
RECORD|index=14862|total=0|smooth=0|singular=0
RECORD|index=14863|total=3|smooth=3|singular=0
RECORD|index=14864|total=2|smooth=2|singular=0
RECORD|index=14865|total=1|smooth=1|singular=0
RECORD|index=14866|total=2|smooth=2|singular=0
RECORD|index=14867|total=2|smooth=2|singular=0
RECORD|index=14868|total=1|smooth=1|singular=0
RECORD|index=14869|total=0|smooth=0|singular=0
RECORD|index=14870|total=0|smooth=0|singular=0
RECORD|index=14871|total=2|smooth=2|singular=0
RECORD|index=14872|total=3|smooth=3|singular=0
RECORD|index=14873|total=0|smooth=0|singular=0
RECORD|index=14874|total=2|smooth=2|singular=0
RECORD|index=14875|total=2|smooth=2|singular=0
RECORD|index=14876|total=2|smooth=2|singular=0
RECORD|index=14877|total=1|smooth=1|singular=0
RECORD|index=14878|total=2|smooth=2|singular=0
RECORD|index=14879|total=2|smooth=2|singular=0
RECORD|index=14880|total=2|smooth=2|singular=0
RECORD|index=14881|total=0|smooth=0|singular=0
RECORD|index=14882|total=0|smooth=0|singular=0
RECORD|index=14883|total=0|smooth=0|singular=0
RECORD|index=14884|total=2|smooth=2|singular=0
RECORD|index=14885|total=3|smooth=3|singular=0
RECORD|index=14886|total=0|smooth=0|singular=0
RECORD|index=14887|total=0|smooth=0|singular=0
RECORD|index=14888|total=1|smooth=1|singular=0
RECORD|index=14889|total=1|smooth=1|singular=0
RECORD|index=14890|total=1|smooth=1|singular=0
RECORD|index=14891|total=3|smooth=3|singular=0
RECORD|index=14892|total=0|smooth=0|singular=0
RECORD|index=14893|total=3|smooth=3|singular=0
RECORD|index=14894|total=1|smooth=1|singular=0
RECORD|index=14895|total=0|smooth=0|singular=0
RECORD|index=14896|total=0|smooth=0|singular=0
RECORD|index=14897|total=2|smooth=2|singular=0
RECORD|index=14898|total=1|smooth=1|singular=0
RECORD|index=14899|total=0|smooth=0|singular=0
RECORD|index=14900|total=1|smooth=1|singular=0
RECORD|index=14901|total=3|smooth=3|singular=0
RECORD|index=14902|total=1|smooth=1|singular=0
RECORD|index=14903|total=0|smooth=0|singular=0
RECORD|index=14904|total=4|smooth=4|singular=0
RECORD|index=14905|total=0|smooth=0|singular=0
RECORD|index=14906|total=3|smooth=3|singular=0
RECORD|index=14907|total=3|smooth=3|singular=0
RECORD|index=14908|total=1|smooth=1|singular=0
RECORD|index=14909|total=0|smooth=0|singular=0
RECORD|index=14910|total=2|smooth=2|singular=0
RECORD|index=14911|total=2|smooth=2|singular=0
RECORD|index=14912|total=2|smooth=2|singular=0
RECORD|index=14913|total=2|smooth=2|singular=0
RECORD|index=14914|total=0|smooth=0|singular=0
RECORD|index=14915|total=2|smooth=2|singular=0
RECORD|index=14916|total=1|smooth=1|singular=0
RECORD|index=14917|total=0|smooth=0|singular=0
RECORD|index=14918|total=0|smooth=0|singular=0
RECORD|index=14919|total=0|smooth=0|singular=0
RECORD|index=14920|total=0|smooth=0|singular=0
RECORD|index=14921|total=1|smooth=1|singular=0
RECORD|index=14922|total=3|smooth=3|singular=0
RECORD|index=14923|total=1|smooth=1|singular=0
RECORD|index=14924|total=0|smooth=0|singular=0
RECORD|index=14925|total=2|smooth=2|singular=0
RECORD|index=14926|total=0|smooth=0|singular=0
RECORD|index=14927|total=2|smooth=2|singular=0
RECORD|index=14928|total=0|smooth=0|singular=0
RECORD|index=14929|total=0|smooth=0|singular=0
RECORD|index=14930|total=1|smooth=1|singular=0
RECORD|index=14931|total=1|smooth=1|singular=0
RECORD|index=14932|total=1|smooth=1|singular=0
RECORD|index=14933|total=1|smooth=1|singular=0
RECORD|index=14934|total=2|smooth=2|singular=0
RECORD|index=14935|total=2|smooth=2|singular=0
RECORD|index=14936|total=3|smooth=3|singular=0
RECORD|index=14937|total=2|smooth=2|singular=0
RECORD|index=14938|total=1|smooth=1|singular=0
RECORD|index=14939|total=0|smooth=0|singular=0
RECORD|index=14940|total=1|smooth=1|singular=0
RECORD|index=14941|total=2|smooth=2|singular=0
RECORD|index=14942|total=0|smooth=0|singular=0
RECORD|index=14943|total=3|smooth=3|singular=0
RECORD|index=14944|total=0|smooth=0|singular=0
RECORD|index=14945|total=2|smooth=2|singular=0
RECORD|index=14946|total=0|smooth=0|singular=0
RECORD|index=14947|total=2|smooth=2|singular=0
RECORD|index=14948|total=1|smooth=1|singular=0
RECORD|index=14949|total=1|smooth=1|singular=0
RECORD|index=14950|total=1|smooth=1|singular=0
RECORD|index=14951|total=0|smooth=0|singular=0
RECORD|index=14952|total=1|smooth=1|singular=0
RECORD|index=14953|total=2|smooth=2|singular=0
RECORD|index=14954|total=0|smooth=0|singular=0
RECORD|index=14955|total=2|smooth=2|singular=0
RECORD|index=14956|total=1|smooth=1|singular=0
RECORD|index=14957|total=1|smooth=1|singular=0
RECORD|index=14958|total=3|smooth=3|singular=0
RECORD|index=14959|total=1|smooth=1|singular=0
RECORD|index=14960|total=0|smooth=0|singular=0
RECORD|index=14961|total=0|smooth=0|singular=0
RECORD|index=14962|total=0|smooth=0|singular=0
RECORD|index=14963|total=1|smooth=1|singular=0
RECORD|index=14964|total=3|smooth=3|singular=0
RECORD|index=14965|total=2|smooth=2|singular=0
RECORD|index=14966|total=0|smooth=0|singular=0
RECORD|index=14967|total=1|smooth=1|singular=0
RECORD|index=14968|total=3|smooth=3|singular=0
RECORD|index=14969|total=1|smooth=1|singular=0
RECORD|index=14970|total=0|smooth=0|singular=0
RECORD|index=14971|total=0|smooth=0|singular=0
RECORD|index=14972|total=1|smooth=1|singular=0
RECORD|index=14973|total=0|smooth=0|singular=0
RECORD|index=14974|total=1|smooth=1|singular=0
RECORD|index=14975|total=1|smooth=1|singular=0
RECORD|index=14976|total=1|smooth=1|singular=0
RECORD|index=14977|total=0|smooth=0|singular=0
RECORD|index=14978|total=0|smooth=0|singular=0
RECORD|index=14979|total=0|smooth=0|singular=0
RECORD|index=14980|total=2|smooth=2|singular=0
RECORD|index=14981|total=0|smooth=0|singular=0
RECORD|index=14982|total=0|smooth=0|singular=0
RECORD|index=14983|total=1|smooth=1|singular=0
RECORD|index=14984|total=0|smooth=0|singular=0
RECORD|index=14985|total=0|smooth=0|singular=0
RECORD|index=14986|total=1|smooth=1|singular=0
RECORD|index=14987|total=0|smooth=0|singular=0
RECORD|index=14988|total=0|smooth=0|singular=0
RECORD|index=14989|total=1|smooth=1|singular=0
RECORD|index=14990|total=1|smooth=1|singular=0
RECORD|index=14991|total=1|smooth=1|singular=0
RECORD|index=14992|total=3|smooth=3|singular=0
RECORD|index=14993|total=0|smooth=0|singular=0
RECORD|index=14994|total=1|smooth=1|singular=0
RECORD|index=14995|total=2|smooth=2|singular=0
RECORD|index=14996|total=2|smooth=2|singular=0
RECORD|index=14997|total=0|smooth=0|singular=0
RECORD|index=14998|total=2|smooth=2|singular=0
RECORD|index=14999|total=2|smooth=2|singular=0
RECORD|index=15000|total=0|smooth=0|singular=0
RECORD|index=15001|total=1|smooth=1|singular=0
RECORD|index=15002|total=1|smooth=1|singular=0
RECORD|index=15003|total=1|smooth=1|singular=0
RECORD|index=15004|total=2|smooth=2|singular=0
RECORD|index=15005|total=2|smooth=2|singular=0
RECORD|index=15006|total=1|smooth=1|singular=0
RECORD|index=15007|total=1|smooth=1|singular=0
RECORD|index=15008|total=1|smooth=1|singular=0
RECORD|index=15009|total=0|smooth=0|singular=0
RECORD|index=15010|total=0|smooth=0|singular=0
RECORD|index=15011|total=1|smooth=1|singular=0
RECORD|index=15012|total=1|smooth=1|singular=0
RECORD|index=15013|total=5|smooth=5|singular=0
RECORD|index=15014|total=0|smooth=0|singular=0
RECORD|index=15015|total=0|smooth=0|singular=0
RECORD|index=15016|total=1|smooth=1|singular=0
RECORD|index=15017|total=3|smooth=3|singular=0
RECORD|index=15018|total=0|smooth=0|singular=0
RECORD|index=15019|total=0|smooth=0|singular=0
RECORD|index=15020|total=3|smooth=3|singular=0
RECORD|index=15021|total=2|smooth=2|singular=0
RECORD|index=15022|total=0|smooth=0|singular=0
RECORD|index=15023|total=3|smooth=3|singular=0
RECORD|index=15024|total=1|smooth=1|singular=0
RECORD|index=15025|total=0|smooth=0|singular=0
RECORD|index=15026|total=0|smooth=0|singular=0
RECORD|index=15027|total=0|smooth=0|singular=0
RECORD|index=15028|total=1|smooth=1|singular=0
RECORD|index=15029|total=0|smooth=0|singular=0
RECORD|index=15030|total=1|smooth=1|singular=0
RECORD|index=15031|total=0|smooth=0|singular=0
RECORD|index=15032|total=0|smooth=0|singular=0
RECORD|index=15033|total=3|smooth=3|singular=0
RECORD|index=15034|total=0|smooth=0|singular=0
RECORD|index=15035|total=0|smooth=0|singular=0
RECORD|index=15036|total=2|smooth=2|singular=0
RECORD|index=15037|total=1|smooth=1|singular=0
RECORD|index=15038|total=2|smooth=2|singular=0
RECORD|index=15039|total=2|smooth=2|singular=0
RECORD|index=15040|total=2|smooth=2|singular=0
RECORD|index=15041|total=2|smooth=2|singular=0
RECORD|index=15042|total=1|smooth=1|singular=0
RECORD|index=15043|total=1|smooth=1|singular=0
RECORD|index=15044|total=1|smooth=1|singular=0
RECORD|index=15045|total=4|smooth=4|singular=0
RECORD|index=15046|total=0|smooth=0|singular=0
RECORD|index=15047|total=2|smooth=2|singular=0
RECORD|index=15048|total=2|smooth=2|singular=0
RECORD|index=15049|total=1|smooth=1|singular=0
RECORD|index=15050|total=0|smooth=0|singular=0
RECORD|index=15051|total=3|smooth=3|singular=0
RECORD|index=15052|total=0|smooth=0|singular=0
RECORD|index=15053|total=0|smooth=0|singular=0
RECORD|index=15054|total=1|smooth=1|singular=0
RECORD|index=15055|total=2|smooth=2|singular=0
RECORD|index=15056|total=0|smooth=0|singular=0
RECORD|index=15057|total=0|smooth=0|singular=0
RECORD|index=15058|total=1|smooth=1|singular=0
RECORD|index=15059|total=1|smooth=1|singular=0
RECORD|index=15060|total=1|smooth=1|singular=0
RECORD|index=15061|total=0|smooth=0|singular=0
RECORD|index=15062|total=2|smooth=2|singular=0
RECORD|index=15063|total=0|smooth=0|singular=0
RECORD|index=15064|total=0|smooth=0|singular=0
RECORD|index=15065|total=2|smooth=2|singular=0
RECORD|index=15066|total=0|smooth=0|singular=0
RECORD|index=15067|total=0|smooth=0|singular=0
RECORD|index=15068|total=0|smooth=0|singular=0
RECORD|index=15069|total=1|smooth=1|singular=0
RECORD|index=15070|total=1|smooth=1|singular=0
RECORD|index=15071|total=3|smooth=3|singular=0
RECORD|index=15072|total=0|smooth=0|singular=0
RECORD|index=15073|total=2|smooth=2|singular=0
RECORD|index=15074|total=0|smooth=0|singular=0
RECORD|index=15075|total=1|smooth=1|singular=0
RECORD|index=15076|total=0|smooth=0|singular=0
RECORD|index=15077|total=2|smooth=2|singular=0
RECORD|index=15078|total=1|smooth=1|singular=0
RECORD|index=15079|total=2|smooth=2|singular=0
RECORD|index=15080|total=2|smooth=2|singular=0
RECORD|index=15081|total=2|smooth=2|singular=0
RECORD|index=15082|total=0|smooth=0|singular=0
RECORD|index=15083|total=1|smooth=1|singular=0
RECORD|index=15084|total=2|smooth=2|singular=0
RECORD|index=15085|total=0|smooth=0|singular=0
RECORD|index=15086|total=2|smooth=2|singular=0
RECORD|index=15087|total=1|smooth=1|singular=0
RECORD|index=15088|total=1|smooth=1|singular=0
RECORD|index=15089|total=0|smooth=0|singular=0
RECORD|index=15090|total=0|smooth=0|singular=0
RECORD|index=15091|total=2|smooth=2|singular=0
RECORD|index=15092|total=0|smooth=0|singular=0
RECORD|index=15093|total=1|smooth=1|singular=0
RECORD|index=15094|total=1|smooth=1|singular=0
RECORD|index=15095|total=3|smooth=3|singular=0
RECORD|index=15096|total=0|smooth=0|singular=0
RECORD|index=15097|total=2|smooth=2|singular=0
RECORD|index=15098|total=0|smooth=0|singular=0
RECORD|index=15099|total=2|smooth=2|singular=0
RECORD|index=15100|total=1|smooth=1|singular=0
RECORD|index=15101|total=2|smooth=2|singular=0
RECORD|index=15102|total=1|smooth=1|singular=0
RECORD|index=15103|total=1|smooth=1|singular=0
RECORD|index=15104|total=1|smooth=1|singular=0
RECORD|index=15105|total=0|smooth=0|singular=0
RECORD|index=15106|total=2|smooth=2|singular=0
RECORD|index=15107|total=1|smooth=1|singular=0
RECORD|index=15108|total=2|smooth=2|singular=0
RECORD|index=15109|total=1|smooth=1|singular=0
RECORD|index=15110|total=2|smooth=2|singular=0
RECORD|index=15111|total=0|smooth=0|singular=0
RECORD|index=15112|total=3|smooth=3|singular=0
RECORD|index=15113|total=0|smooth=0|singular=0
RECORD|index=15114|total=1|smooth=1|singular=0
RECORD|index=15115|total=0|smooth=0|singular=0
RECORD|index=15116|total=1|smooth=1|singular=0
RECORD|index=15117|total=1|smooth=1|singular=0
RECORD|index=15118|total=1|smooth=1|singular=0
RECORD|index=15119|total=3|smooth=3|singular=0
SINGULAR_FQ2_SHARD_PASS
