test_real_d43_free_column67_kernel_shift_is_rejected (cases.test_d43_source_high_hensel.SemanticChainHostileTests.test_real_d43_free_column67_kernel_shift_is_rejected) ... /home/ubuntu/d43-high-review-87w9m0/source/cases/eplus43.py:119: ResourceWarning: unclosed file <_io.TextIOWrapper name='/home/ubuntu/d43-high-review-87w9m0/source/cases/valuation_e2.py' mode='r' encoding='UTF-8'>
  src = open(src_path).read()
ResourceWarning: Enable tracemalloc to get the object allocation traceback
/home/ubuntu/d43-high-review-87w9m0/source/cases/d25_eplus.py:139: ResourceWarning: unclosed file <_io.TextIOWrapper name='/home/ubuntu/d43-high-review-87w9m0/source/cases/d23_atlas_p105337.json' mode='r' encoding='UTF-8'>
  _ATLAS[p] = json.load(open(
ResourceWarning: Enable tracemalloc to get the object allocation traceback
/home/ubuntu/d43-high-review-87w9m0/source/cases/directionb_window.py:68: ResourceWarning: unclosed file <_io.BufferedReader name='/tmp/directionb_tails_D21.pkl'>
  st = pickle.load(open(STATE, "rb"))
ResourceWarning: Enable tracemalloc to get the object allocation traceback
/home/ubuntu/d43-high-review-87w9m0/source/cases/directionb_residual32_emit.py:65: ResourceWarning: unclosed file <_io.BufferedReader name='/tmp/directionb_tails_D21.pkl'>
  st = pickle.load(open(STATE, "rb"))
ResourceWarning: Enable tracemalloc to get the object allocation traceback
/home/ubuntu/d43-high-review-87w9m0/source/cases/valuation_e.py:394: ResourceWarning: unclosed file <_io.TextIOWrapper name='/home/ubuntu/d43-high-review-87w9m0/source/cases/directionb_core23_p105337.ms' mode='r' encoding='UTF-8'>
  lines = open(path).read().split('\n')
ResourceWarning: Enable tracemalloc to get the object allocation traceback
/home/ubuntu/d43-high-review-87w9m0/source/cases/d43_char0_lift.py:277: ResourceWarning: unclosed file <_io.TextIOWrapper name='/home/ubuntu/d43-high-review-87w9m0/source/cases/valuation_e2.py' mode='r' encoding='UTF-8'>
  source = open(source_path).read()
ResourceWarning: Enable tracemalloc to get the object allocation traceback
FAIL

======================================================================
FAIL: test_real_d43_free_column67_kernel_shift_is_rejected (cases.test_d43_source_high_hensel.SemanticChainHostileTests.test_real_d43_free_column67_kernel_shift_is_rejected)
----------------------------------------------------------------------
Traceback (most recent call last):
  File "/home/ubuntu/d43-high-review-87w9m0/source/cases/test_d43_source_high_hensel.py", line 330, in test_real_d43_free_column67_kernel_shift_is_rejected
    self.assertEqual(rows, [0] * 184)
AssertionError: Lists differ: [0, 0, 10771656283, 0, 0, 0, 0, 0, 0, 0, 0, 4431[762 chars]0, 0] != [0, 0, 0, 0, 0, 0, 0, 0, 0, 0, 0, 0, 0, 0, 0, 0,[499 chars]0, 0]

First differing element 2:
10771656283
0

Diff is 1925 characters long. Set self.maxDiff to None to see it.

----------------------------------------------------------------------
Ran 1 test in 7.306s

FAILED (failures=1)
Command exited with non-zero status 1
	Command being timed: "taskset -c 0 timeout 180 env JC2_D43_HOSTILE_REAL=1 PYTHONHASHSEED=0 /home/ubuntu/d43-high-review-87w9m0/venv/bin/python -m unittest -v cases.test_d43_source_high_hensel.SemanticChainHostileTests.test_real_d43_free_column67_kernel_shift_is_rejected"
	User time (seconds): 7.37
	System time (seconds): 0.12
	Percent of CPU this job got: 99%
	Elapsed (wall clock) time (h:mm:ss or m:ss): 0:07.49
	Average shared text size (kbytes): 0
	Average unshared data size (kbytes): 0
	Average stack size (kbytes): 0
	Average total size (kbytes): 0
	Maximum resident set size (kbytes): 214360
	Average resident set size (kbytes): 0
	Major (requiring I/O) page faults: 0
	Minor (reclaiming a frame) page faults: 91446
	Voluntary context switches: 3
	Involuntary context switches: 43
	Swaps: 0
	File system inputs: 0
	File system outputs: 8
	Socket messages sent: 0
	Socket messages received: 0
	Signals delivered: 0
	Page size (bytes): 4096
	Exit status: 1
