test_real_d43_free_column67_kernel_shift_is_rejected (cases.test_d43_source_high_hensel.SemanticChainHostileTests.test_real_d43_free_column67_kernel_shift_is_rejected) ... ERROR

======================================================================
ERROR: test_real_d43_free_column67_kernel_shift_is_rejected (cases.test_d43_source_high_hensel.SemanticChainHostileTests.test_real_d43_free_column67_kernel_shift_is_rejected)
----------------------------------------------------------------------
Traceback (most recent call last):
  File "/home/ubuntu/d43-high-review-87w9m0/source/cases/d43_source_high_hensel.py", line 613, in prepare_d43_context
    import d43_char0_lift as C
  File "/home/ubuntu/d43-high-review-87w9m0/source/cases/d43_char0_lift.py", line 32, in <module>
    import d43_family2 as F
  File "/home/ubuntu/d43-high-review-87w9m0/source/cases/d43_family2.py", line 41, in <module>
    import numpy as np
ModuleNotFoundError: No module named 'numpy'

The above exception was the direct cause of the following exception:

Traceback (most recent call last):
  File "/home/ubuntu/d43-high-review-87w9m0/source/cases/test_d43_source_high_hensel.py", line 308, in test_real_d43_free_column67_kernel_shift_is_rejected
    context = H.prepare_d43_context(certificate, reference)
              ^^^^^^^^^^^^^^^^^^^^^^^^^^^^^^^^^^^^^^^^^^^^^
  File "/home/ubuntu/d43-high-review-87w9m0/source/cases/d43_source_high_hensel.py", line 616, in prepare_d43_context
    raise RuntimeError("D43 preflight requires a Python environment with NumPy") from error
RuntimeError: D43 preflight requires a Python environment with NumPy

----------------------------------------------------------------------
Ran 1 test in 0.013s

FAILED (errors=1)
Command exited with non-zero status 1
	Command being timed: "taskset -c 0 timeout 180 env JC2_D43_HOSTILE_REAL=1 PYTHONHASHSEED=0 python3 -m unittest -v cases.test_d43_source_high_hensel.SemanticChainHostileTests.test_real_d43_free_column67_kernel_shift_is_rejected"
	User time (seconds): 0.10
	System time (seconds): 0.01
	Percent of CPU this job got: 91%
	Elapsed (wall clock) time (h:mm:ss or m:ss): 0:00.12
	Average shared text size (kbytes): 0
	Average unshared data size (kbytes): 0
	Average stack size (kbytes): 0
	Average total size (kbytes): 0
	Maximum resident set size (kbytes): 28728
	Average resident set size (kbytes): 0
	Major (requiring I/O) page faults: 0
	Minor (reclaiming a frame) page faults: 5086
	Voluntary context switches: 19
	Involuntary context switches: 1
	Swaps: 0
	File system inputs: 816
	File system outputs: 432
	Socket messages sent: 0
	Socket messages received: 0
	Signals delivered: 0
	Page size (bytes): 4096
	Exit status: 1
