	Command being timed: "env JC2_ROOT=/home/ubuntu/jobs/as_residue_collision_repaired_20260825T103915Z/source python3 /home/ubuntu/jobs/as_residue_collision_repaired_20260825T103915Z/source/cases/as_fonly_residue_ball_collision_repaired_20260825/replay_repaired.py"
	User time (seconds): 0.03
	System time (seconds): 0.00
	Percent of CPU this job got: 100%
	Elapsed (wall clock) time (h:mm:ss or m:ss): 0:00.03
	Average shared text size (kbytes): 0
	Average unshared data size (kbytes): 0
	Average stack size (kbytes): 0
	Average total size (kbytes): 0
	Maximum resident set size (kbytes): 15584
	Average resident set size (kbytes): 0
	Major (requiring I/O) page faults: 0
	Minor (reclaiming a frame) page faults: 2049
	Voluntary context switches: 1
	Involuntary context switches: 1
	Swaps: 0
	File system inputs: 0
	File system outputs: 16
	Socket messages sent: 0
	Socket messages received: 0
	Signals delivered: 0
	Page size (bytes): 4096
	Exit status: 0
