// ** redefining seed_lc (  number seed_lc=leadcoef(GQ[seed_i]);) /home/ubuntu/jobs/max12_812_order4_seeded_prime_v2_20260826T025800Z_box03/compiled/seeded_projection_v2.sing:114
// ** redefining seed_lc (  number seed_lc=leadcoef(GQ[seed_i]);) /home/ubuntu/jobs/max12_812_order4_seeded_prime_v2_20260826T025800Z_box03/compiled/seeded_projection_v2.sing:114
// ** redefining seed_lc (  number seed_lc=leadcoef(GQ[seed_i]);) /home/ubuntu/jobs/max12_812_order4_seeded_prime_v2_20260826T025800Z_box03/compiled/seeded_projection_v2.sing:114
// ** redefining seed_lc (  number seed_lc=leadcoef(GQ[seed_i]);) /home/ubuntu/jobs/max12_812_order4_seeded_prime_v2_20260826T025800Z_box03/compiled/seeded_projection_v2.sing:114
// ** redefining seed_lc (  number seed_lc=leadcoef(GQ[seed_i]);) /home/ubuntu/jobs/max12_812_order4_seeded_prime_v2_20260826T025800Z_box03/compiled/seeded_projection_v2.sing:114
// ** redefining seed_lc (  number seed_lc=leadcoef(GQ[seed_i]);) /home/ubuntu/jobs/max12_812_order4_seeded_prime_v2_20260826T025800Z_box03/compiled/seeded_projection_v2.sing:114
// ** redefining seed_lc (  number seed_lc=leadcoef(GQ[seed_i]);) /home/ubuntu/jobs/max12_812_order4_seeded_prime_v2_20260826T025800Z_box03/compiled/seeded_projection_v2.sing:114
// ** redefining seed_lc (  number seed_lc=leadcoef(GQ[seed_i]);) /home/ubuntu/jobs/max12_812_order4_seeded_prime_v2_20260826T025800Z_box03/compiled/seeded_projection_v2.sing:114
// ** redefining seed_lc (  number seed_lc=leadcoef(GQ[seed_i]);) /home/ubuntu/jobs/max12_812_order4_seeded_prime_v2_20260826T025800Z_box03/compiled/seeded_projection_v2.sing:114
// ** redefining seed_lc (  number seed_lc=leadcoef(GQ[seed_i]);) /home/ubuntu/jobs/max12_812_order4_seeded_prime_v2_20260826T025800Z_box03/compiled/seeded_projection_v2.sing:114
// ** redefining seed_lc (  number seed_lc=leadcoef(GQ[seed_i]);) /home/ubuntu/jobs/max12_812_order4_seeded_prime_v2_20260826T025800Z_box03/compiled/seeded_projection_v2.sing:114
// ** redefining seed_lc (  number seed_lc=leadcoef(GQ[seed_i]);) /home/ubuntu/jobs/max12_812_order4_seeded_prime_v2_20260826T025800Z_box03/compiled/seeded_projection_v2.sing:114
// ** redefining seed_lc (  number seed_lc=leadcoef(GQ[seed_i]);) /home/ubuntu/jobs/max12_812_order4_seeded_prime_v2_20260826T025800Z_box03/compiled/seeded_projection_v2.sing:114
// ** redefining seed_lc (  number seed_lc=leadcoef(GQ[seed_i]);) /home/ubuntu/jobs/max12_812_order4_seeded_prime_v2_20260826T025800Z_box03/compiled/seeded_projection_v2.sing:114
// ** redefining seed_lc (  number seed_lc=leadcoef(GQ[seed_i]);) /home/ubuntu/jobs/max12_812_order4_seeded_prime_v2_20260826T025800Z_box03/compiled/seeded_projection_v2.sing:114
// ** redefining seed_lc (  number seed_lc=leadcoef(GQ[seed_i]);) /home/ubuntu/jobs/max12_812_order4_seeded_prime_v2_20260826T025800Z_box03/compiled/seeded_projection_v2.sing:114
// ** redefining seed_lc (  number seed_lc=leadcoef(GQ[seed_i]);) /home/ubuntu/jobs/max12_812_order4_seeded_prime_v2_20260826T025800Z_box03/compiled/seeded_projection_v2.sing:114
// ** redefining seed_lc (  number seed_lc=leadcoef(GQ[seed_i]);) /home/ubuntu/jobs/max12_812_order4_seeded_prime_v2_20260826T025800Z_box03/compiled/seeded_projection_v2.sing:114
// ** redefining seed_lc (  number seed_lc=leadcoef(GQ[seed_i]);) /home/ubuntu/jobs/max12_812_order4_seeded_prime_v2_20260826T025800Z_box03/compiled/seeded_projection_v2.sing:114
// ** redefining seed_lc (  number seed_lc=leadcoef(GQ[seed_i]);) /home/ubuntu/jobs/max12_812_order4_seeded_prime_v2_20260826T025800Z_box03/compiled/seeded_projection_v2.sing:114
// ** redefining seed_lc (  number seed_lc=leadcoef(GQ[seed_i]);) /home/ubuntu/jobs/max12_812_order4_seeded_prime_v2_20260826T025800Z_box03/compiled/seeded_projection_v2.sing:114
// ** redefining seed_lc (  number seed_lc=leadcoef(GQ[seed_i]);) /home/ubuntu/jobs/max12_812_order4_seeded_prime_v2_20260826T025800Z_box03/compiled/seeded_projection_v2.sing:114
// ** redefining seed_lc (  number seed_lc=leadcoef(GQ[seed_i]);) /home/ubuntu/jobs/max12_812_order4_seeded_prime_v2_20260826T025800Z_box03/compiled/seeded_projection_v2.sing:114
// ** redefining seed_lc (  number seed_lc=leadcoef(GQ[seed_i]);) /home/ubuntu/jobs/max12_812_order4_seeded_prime_v2_20260826T025800Z_box03/compiled/seeded_projection_v2.sing:114
// ** redefining seed_lc (  number seed_lc=leadcoef(GQ[seed_i]);) /home/ubuntu/jobs/max12_812_order4_seeded_prime_v2_20260826T025800Z_box03/compiled/seeded_projection_v2.sing:114
// ** redefining seed_lc (  number seed_lc=leadcoef(GQ[seed_i]);) /home/ubuntu/jobs/max12_812_order4_seeded_prime_v2_20260826T025800Z_box03/compiled/seeded_projection_v2.sing:114
// ** redefining seed_lc (  number seed_lc=leadcoef(GQ[seed_i]);) /home/ubuntu/jobs/max12_812_order4_seeded_prime_v2_20260826T025800Z_box03/compiled/seeded_projection_v2.sing:114
// ** redefining seed_lc (  number seed_lc=leadcoef(GQ[seed_i]);) /home/ubuntu/jobs/max12_812_order4_seeded_prime_v2_20260826T025800Z_box03/compiled/seeded_projection_v2.sing:114
// ** redefining seed_lc (  number seed_lc=leadcoef(GQ[seed_i]);) /home/ubuntu/jobs/max12_812_order4_seeded_prime_v2_20260826T025800Z_box03/compiled/seeded_projection_v2.sing:114
// ** redefining seed_lc (  number seed_lc=leadcoef(GQ[seed_i]);) /home/ubuntu/jobs/max12_812_order4_seeded_prime_v2_20260826T025800Z_box03/compiled/seeded_projection_v2.sing:114
// ** redefining seed_lc (  number seed_lc=leadcoef(GQ[seed_i]);) /home/ubuntu/jobs/max12_812_order4_seeded_prime_v2_20260826T025800Z_box03/compiled/seeded_projection_v2.sing:114
// ** redefining seed_lc (  number seed_lc=leadcoef(GQ[seed_i]);) /home/ubuntu/jobs/max12_812_order4_seeded_prime_v2_20260826T025800Z_box03/compiled/seeded_projection_v2.sing:114
// ** redefining seed_lc (  number seed_lc=leadcoef(GQ[seed_i]);) /home/ubuntu/jobs/max12_812_order4_seeded_prime_v2_20260826T025800Z_box03/compiled/seeded_projection_v2.sing:114
// ** redefining seed_lc (  number seed_lc=leadcoef(GQ[seed_i]);) /home/ubuntu/jobs/max12_812_order4_seeded_prime_v2_20260826T025800Z_box03/compiled/seeded_projection_v2.sing:114
// ** redefining seed_lc (  number seed_lc=leadcoef(GQ[seed_i]);) /home/ubuntu/jobs/max12_812_order4_seeded_prime_v2_20260826T025800Z_box03/compiled/seeded_projection_v2.sing:114
// ** redefining seed_lc (  number seed_lc=leadcoef(GQ[seed_i]);) /home/ubuntu/jobs/max12_812_order4_seeded_prime_v2_20260826T025800Z_box03/compiled/seeded_projection_v2.sing:114
// ** redefining seed_lc (  number seed_lc=leadcoef(GQ[seed_i]);) /home/ubuntu/jobs/max12_812_order4_seeded_prime_v2_20260826T025800Z_box03/compiled/seeded_projection_v2.sing:114
// ** redefining seed_lc (  number seed_lc=leadcoef(GQ[seed_i]);) /home/ubuntu/jobs/max12_812_order4_seeded_prime_v2_20260826T025800Z_box03/compiled/seeded_projection_v2.sing:114
// ** redefining seed_lc (  number seed_lc=leadcoef(GQ[seed_i]);) /home/ubuntu/jobs/max12_812_order4_seeded_prime_v2_20260826T025800Z_box03/compiled/seeded_projection_v2.sing:114
// ** redefining seed_lc (  number seed_lc=leadcoef(GQ[seed_i]);) /home/ubuntu/jobs/max12_812_order4_seeded_prime_v2_20260826T025800Z_box03/compiled/seeded_projection_v2.sing:114
// ** redefining seed_lc (  number seed_lc=leadcoef(GQ[seed_i]);) /home/ubuntu/jobs/max12_812_order4_seeded_prime_v2_20260826T025800Z_box03/compiled/seeded_projection_v2.sing:114
// ** redefining seed_lc (  number seed_lc=leadcoef(GQ[seed_i]);) /home/ubuntu/jobs/max12_812_order4_seeded_prime_v2_20260826T025800Z_box03/compiled/seeded_projection_v2.sing:114
// ** redefining seed_lc (  number seed_lc=leadcoef(GQ[seed_i]);) /home/ubuntu/jobs/max12_812_order4_seeded_prime_v2_20260826T025800Z_box03/compiled/seeded_projection_v2.sing:114
// ** redefining seed_lc (  number seed_lc=leadcoef(GQ[seed_i]);) /home/ubuntu/jobs/max12_812_order4_seeded_prime_v2_20260826T025800Z_box03/compiled/seeded_projection_v2.sing:114
// ** redefining seed_lc (  number seed_lc=leadcoef(GQ[seed_i]);) /home/ubuntu/jobs/max12_812_order4_seeded_prime_v2_20260826T025800Z_box03/compiled/seeded_projection_v2.sing:114
// ** redefining seed_lc (  number seed_lc=leadcoef(GQ[seed_i]);) /home/ubuntu/jobs/max12_812_order4_seeded_prime_v2_20260826T025800Z_box03/compiled/seeded_projection_v2.sing:114
// ** redefining seed_lc (  number seed_lc=leadcoef(GQ[seed_i]);) /home/ubuntu/jobs/max12_812_order4_seeded_prime_v2_20260826T025800Z_box03/compiled/seeded_projection_v2.sing:114
// ** redefining seed_lc (  number seed_lc=leadcoef(GQ[seed_i]);) /home/ubuntu/jobs/max12_812_order4_seeded_prime_v2_20260826T025800Z_box03/compiled/seeded_projection_v2.sing:114
// ** redefining seed_lc (  number seed_lc=leadcoef(GQ[seed_i]);) /home/ubuntu/jobs/max12_812_order4_seeded_prime_v2_20260826T025800Z_box03/compiled/seeded_projection_v2.sing:114
// ** redefining seed_lc (  number seed_lc=leadcoef(GQ[seed_i]);) /home/ubuntu/jobs/max12_812_order4_seeded_prime_v2_20260826T025800Z_box03/compiled/seeded_projection_v2.sing:114
// ** redefining seed_lc (  number seed_lc=leadcoef(GQ[seed_i]);) /home/ubuntu/jobs/max12_812_order4_seeded_prime_v2_20260826T025800Z_box03/compiled/seeded_projection_v2.sing:114
// ** redefining seed_lc (  number seed_lc=leadcoef(GQ[seed_i]);) /home/ubuntu/jobs/max12_812_order4_seeded_prime_v2_20260826T025800Z_box03/compiled/seeded_projection_v2.sing:114
// ** redefining seed_lc (  number seed_lc=leadcoef(GQ[seed_i]);) /home/ubuntu/jobs/max12_812_order4_seeded_prime_v2_20260826T025800Z_box03/compiled/seeded_projection_v2.sing:114
// ** redefining seed_lc (  number seed_lc=leadcoef(GQ[seed_i]);) /home/ubuntu/jobs/max12_812_order4_seeded_prime_v2_20260826T025800Z_box03/compiled/seeded_projection_v2.sing:114
// ** redefining seed_lc (  number seed_lc=leadcoef(GQ[seed_i]);) /home/ubuntu/jobs/max12_812_order4_seeded_prime_v2_20260826T025800Z_box03/compiled/seeded_projection_v2.sing:114
// ** redefining seed_lc (  number seed_lc=leadcoef(GQ[seed_i]);) /home/ubuntu/jobs/max12_812_order4_seeded_prime_v2_20260826T025800Z_box03/compiled/seeded_projection_v2.sing:114
// ** redefining seed_lc (  number seed_lc=leadcoef(GQ[seed_i]);) /home/ubuntu/jobs/max12_812_order4_seeded_prime_v2_20260826T025800Z_box03/compiled/seeded_projection_v2.sing:114
// ** redefining seed_lc (  number seed_lc=leadcoef(GQ[seed_i]);) /home/ubuntu/jobs/max12_812_order4_seeded_prime_v2_20260826T025800Z_box03/compiled/seeded_projection_v2.sing:114
// ** redefining seed_lc (  number seed_lc=leadcoef(GQ[seed_i]);) /home/ubuntu/jobs/max12_812_order4_seeded_prime_v2_20260826T025800Z_box03/compiled/seeded_projection_v2.sing:114
// ** redefining seed_lc (  number seed_lc=leadcoef(GQ[seed_i]);) /home/ubuntu/jobs/max12_812_order4_seeded_prime_v2_20260826T025800Z_box03/compiled/seeded_projection_v2.sing:114
// ** redefining seed_lc (  number seed_lc=leadcoef(GQ[seed_i]);) /home/ubuntu/jobs/max12_812_order4_seeded_prime_v2_20260826T025800Z_box03/compiled/seeded_projection_v2.sing:114
// ** redefining seed_lc (  number seed_lc=leadcoef(GQ[seed_i]);) /home/ubuntu/jobs/max12_812_order4_seeded_prime_v2_20260826T025800Z_box03/compiled/seeded_projection_v2.sing:114
// ** redefining seed_lc (  number seed_lc=leadcoef(GQ[seed_i]);) /home/ubuntu/jobs/max12_812_order4_seeded_prime_v2_20260826T025800Z_box03/compiled/seeded_projection_v2.sing:114
// ** redefining seed_lc (  number seed_lc=leadcoef(GQ[seed_i]);) /home/ubuntu/jobs/max12_812_order4_seeded_prime_v2_20260826T025800Z_box03/compiled/seeded_projection_v2.sing:114
// ** redefining seed_lc (  number seed_lc=leadcoef(GQ[seed_i]);) /home/ubuntu/jobs/max12_812_order4_seeded_prime_v2_20260826T025800Z_box03/compiled/seeded_projection_v2.sing:114
// ** redefining seed_lc (  number seed_lc=leadcoef(GQ[seed_i]);) /home/ubuntu/jobs/max12_812_order4_seeded_prime_v2_20260826T025800Z_box03/compiled/seeded_projection_v2.sing:114
// ** redefining seed_lc (  number seed_lc=leadcoef(GQ[seed_i]);) /home/ubuntu/jobs/max12_812_order4_seeded_prime_v2_20260826T025800Z_box03/compiled/seeded_projection_v2.sing:114
// ** redefining seed_lc (  number seed_lc=leadcoef(GQ[seed_i]);) /home/ubuntu/jobs/max12_812_order4_seeded_prime_v2_20260826T025800Z_box03/compiled/seeded_projection_v2.sing:114
// ** redefining seed_lc (  number seed_lc=leadcoef(GQ[seed_i]);) /home/ubuntu/jobs/max12_812_order4_seeded_prime_v2_20260826T025800Z_box03/compiled/seeded_projection_v2.sing:114
// ** redefining seed_lc (  number seed_lc=leadcoef(GQ[seed_i]);) /home/ubuntu/jobs/max12_812_order4_seeded_prime_v2_20260826T025800Z_box03/compiled/seeded_projection_v2.sing:114
// ** GQ is no standard basis
// ** GQ is no standard basis
// ** GQ is no standard basis
// ** GQ is no standard basis
// ** GQ is no standard basis
SEEDED_Q_NONZERO_LEADS=1
SEEDED_Q_MONIC=1
SEEDED_Q_RAW_TO_NORM=1
SEEDED_Q_NORM_TO_RAW=1
SEEDED_Q_SELF_GB=1
SOURCE_TO_SEEDED_Q=1
SEEDED_Q_DIM=1
SEEDED_Q_SIZE=71
SEEDED_Q_A6_NONZERO=1
SEEDED_Q_PREFLIGHT=PASS
P=32003
P_SAT_UNIT=0
P_SAT_DIM=1
P_SAT_SIZE=71
QRED_RAW_SIZE=71
QRED_STD_SIZE=71
QRED_TO_NATIVE=1
NATIVE_TO_QRED=1
QRED_LM_TO_NATIVE=1
NATIVE_LM_TO_QRED=1
// ** redefining sat1 (LIB "primdec.lib";) /home/ubuntu/jobs/max12_812_order4_seeded_prime_v2_20260826T025800Z_box03/compiled/seeded_projection_v2.sing:206
// ** redefining sat2 (LIB "primdec.lib";) /home/ubuntu/jobs/max12_812_order4_seeded_prime_v2_20260826T025800Z_box03/compiled/seeded_projection_v2.sing:206
// ** redefining minSat (LIB "primdec.lib";) /home/ubuntu/jobs/max12_812_order4_seeded_prime_v2_20260826T025800Z_box03/compiled/seeded_projection_v2.sing:206
// ** redefining minSat (LIB "primdec.lib";) /home/ubuntu/jobs/max12_812_order4_seeded_prime_v2_20260826T025800Z_box03/compiled/seeded_projection_v2.sing:206
// ** redefining quotMin (LIB "primdec.lib";) /home/ubuntu/jobs/max12_812_order4_seeded_prime_v2_20260826T025800Z_box03/compiled/seeded_projection_v2.sing:206
// ** redefining testFactor (LIB "primdec.lib";) /home/ubuntu/jobs/max12_812_order4_seeded_prime_v2_20260826T025800Z_box03/compiled/seeded_projection_v2.sing:206
// ** redefining factor (LIB "primdec.lib";) /home/ubuntu/jobs/max12_812_order4_seeded_prime_v2_20260826T025800Z_box03/compiled/seeded_projection_v2.sing:206
// ** redefining idealsEqual (LIB "primdec.lib";) /home/ubuntu/jobs/max12_812_order4_seeded_prime_v2_20260826T025800Z_box03/compiled/seeded_projection_v2.sing:206
// ** redefining idealsEqual (LIB "primdec.lib";) /home/ubuntu/jobs/max12_812_order4_seeded_prime_v2_20260826T025800Z_box03/compiled/seeded_projection_v2.sing:206
// ** redefining specialIdealsEqual (LIB "primdec.lib";) /home/ubuntu/jobs/max12_812_order4_seeded_prime_v2_20260826T025800Z_box03/compiled/seeded_projection_v2.sing:206
// ** redefining stdIdealsEqual (LIB "primdec.lib";) /home/ubuntu/jobs/max12_812_order4_seeded_prime_v2_20260826T025800Z_box03/compiled/seeded_projection_v2.sing:206
// ** redefining primaryTest (LIB "primdec.lib";) /home/ubuntu/jobs/max12_812_order4_seeded_prime_v2_20260826T025800Z_box03/compiled/seeded_projection_v2.sing:206
// ** redefining primaryTest (LIB "primdec.lib";) /home/ubuntu/jobs/max12_812_order4_seeded_prime_v2_20260826T025800Z_box03/compiled/seeded_projection_v2.sing:206
// ** redefining gcdTest (LIB "primdec.lib";) /home/ubuntu/jobs/max12_812_order4_seeded_prime_v2_20260826T025800Z_box03/compiled/seeded_projection_v2.sing:206
// ** redefining gcdTest (LIB "primdec.lib";) /home/ubuntu/jobs/max12_812_order4_seeded_prime_v2_20260826T025800Z_box03/compiled/seeded_projection_v2.sing:206
// ** redefining splitPrimary (LIB "primdec.lib";) /home/ubuntu/jobs/max12_812_order4_seeded_prime_v2_20260826T025800Z_box03/compiled/seeded_projection_v2.sing:206
// ** redefining splitCharp (LIB "primdec.lib";) /home/ubuntu/jobs/max12_812_order4_seeded_prime_v2_20260826T025800Z_box03/compiled/seeded_projection_v2.sing:206
// ** redefining zero_decomp (LIB "primdec.lib";) /home/ubuntu/jobs/max12_812_order4_seeded_prime_v2_20260826T025800Z_box03/compiled/seeded_projection_v2.sing:206
// ** redefining zero_decomp (LIB "primdec.lib";) /home/ubuntu/jobs/max12_812_order4_seeded_prime_v2_20260826T025800Z_box03/compiled/seeded_projection_v2.sing:206
// ** redefining extF (LIB "primdec.lib";) /home/ubuntu/jobs/max12_812_order4_seeded_prime_v2_20260826T025800Z_box03/compiled/seeded_projection_v2.sing:206
// ** redefining extF (LIB "primdec.lib";) /home/ubuntu/jobs/max12_812_order4_seeded_prime_v2_20260826T025800Z_box03/compiled/seeded_projection_v2.sing:206
// ** redefining zeroSp (LIB "primdec.lib";) /home/ubuntu/jobs/max12_812_order4_seeded_prime_v2_20260826T025800Z_box03/compiled/seeded_projection_v2.sing:206
// ** redefining zeroSp (LIB "primdec.lib";) /home/ubuntu/jobs/max12_812_order4_seeded_prime_v2_20260826T025800Z_box03/compiled/seeded_projection_v2.sing:206
// ** redefining zeroSepClos (LIB "primdec.lib";) /home/ubuntu/jobs/max12_812_order4_seeded_prime_v2_20260826T025800Z_box03/compiled/seeded_projection_v2.sing:206
// ** redefining zeroSepClos (LIB "primdec.lib";) /home/ubuntu/jobs/max12_812_order4_seeded_prime_v2_20260826T025800Z_box03/compiled/seeded_projection_v2.sing:206
// ** redefining insepDecomp_i (LIB "primdec.lib";) /home/ubuntu/jobs/max12_812_order4_seeded_prime_v2_20260826T025800Z_box03/compiled/seeded_projection_v2.sing:206
// ** redefining insepDecomp_i (LIB "primdec.lib";) /home/ubuntu/jobs/max12_812_order4_seeded_prime_v2_20260826T025800Z_box03/compiled/seeded_projection_v2.sing:206
// ** redefining clearSB (LIB "primdec.lib";) /home/ubuntu/jobs/max12_812_order4_seeded_prime_v2_20260826T025800Z_box03/compiled/seeded_projection_v2.sing:206
// ** redefining clearSBNeu (LIB "primdec.lib";) /home/ubuntu/jobs/max12_812_order4_seeded_prime_v2_20260826T025800Z_box03/compiled/seeded_projection_v2.sing:206
// ** redefining teilt (LIB "primdec.lib";) /home/ubuntu/jobs/max12_812_order4_seeded_prime_v2_20260826T025800Z_box03/compiled/seeded_projection_v2.sing:206
// ** redefining independSet (LIB "primdec.lib";) /home/ubuntu/jobs/max12_812_order4_seeded_prime_v2_20260826T025800Z_box03/compiled/seeded_projection_v2.sing:206
// ** redefining maxIndependSet (LIB "primdec.lib";) /home/ubuntu/jobs/max12_812_order4_seeded_prime_v2_20260826T025800Z_box03/compiled/seeded_projection_v2.sing:206
// ** redefining prepareQuotientring (LIB "primdec.lib";) /home/ubuntu/jobs/max12_812_order4_seeded_prime_v2_20260826T025800Z_box03/compiled/seeded_projection_v2.sing:206
// ** redefining cleanPrimary (LIB "primdec.lib";) /home/ubuntu/jobs/max12_812_order4_seeded_prime_v2_20260826T025800Z_box03/compiled/seeded_projection_v2.sing:206
// ** redefining minAssPrimesoldE (LIB "primdec.lib";) /home/ubuntu/jobs/max12_812_order4_seeded_prime_v2_20260826T025800Z_box03/compiled/seeded_projection_v2.sing:206
// ** redefining minAssPrimesoldE (LIB "primdec.lib";) /home/ubuntu/jobs/max12_812_order4_seeded_prime_v2_20260826T025800Z_box03/compiled/seeded_projection_v2.sing:206
// ** redefining minAssPrimesold (LIB "primdec.lib";) /home/ubuntu/jobs/max12_812_order4_seeded_prime_v2_20260826T025800Z_box03/compiled/seeded_projection_v2.sing:206
// ** redefining minAssPrimesold (LIB "primdec.lib";) /home/ubuntu/jobs/max12_812_order4_seeded_prime_v2_20260826T025800Z_box03/compiled/seeded_projection_v2.sing:206
// ** redefining minAssPrimesold_i (LIB "primdec.lib";) /home/ubuntu/jobs/max12_812_order4_seeded_prime_v2_20260826T025800Z_box03/compiled/seeded_projection_v2.sing:206
// ** redefining primT (LIB "primdec.lib";) /home/ubuntu/jobs/max12_812_order4_seeded_prime_v2_20260826T025800Z_box03/compiled/seeded_projection_v2.sing:206
// ** redefining minAssPrimesE (LIB "primdec.lib";) /home/ubuntu/jobs/max12_812_order4_seeded_prime_v2_20260826T025800Z_box03/compiled/seeded_projection_v2.sing:206
// ** redefining minAssPrimes (LIB "primdec.lib";) /home/ubuntu/jobs/max12_812_order4_seeded_prime_v2_20260826T025800Z_box03/compiled/seeded_projection_v2.sing:206
// ** redefining minAssPrimes_i (LIB "primdec.lib";) /home/ubuntu/jobs/max12_812_order4_seeded_prime_v2_20260826T025800Z_box03/compiled/seeded_projection_v2.sing:206
// ** redefining union (LIB "primdec.lib";) /home/ubuntu/jobs/max12_812_order4_seeded_prime_v2_20260826T025800Z_box03/compiled/seeded_projection_v2.sing:206
// ** redefining equidim (LIB "primdec.lib";) /home/ubuntu/jobs/max12_812_order4_seeded_prime_v2_20260826T025800Z_box03/compiled/seeded_projection_v2.sing:206
// ** redefining equidim (LIB "primdec.lib";) /home/ubuntu/jobs/max12_812_order4_seeded_prime_v2_20260826T025800Z_box03/compiled/seeded_projection_v2.sing:206
// ** redefining equidimMax (LIB "primdec.lib";) /home/ubuntu/jobs/max12_812_order4_seeded_prime_v2_20260826T025800Z_box03/compiled/seeded_projection_v2.sing:206
// ** redefining equidimMax (LIB "primdec.lib";) /home/ubuntu/jobs/max12_812_order4_seeded_prime_v2_20260826T025800Z_box03/compiled/seeded_projection_v2.sing:206
// ** redefining islp (LIB "primdec.lib";) /home/ubuntu/jobs/max12_812_order4_seeded_prime_v2_20260826T025800Z_box03/compiled/seeded_projection_v2.sing:206
// ** redefining algeDecoE (LIB "primdec.lib";) /home/ubuntu/jobs/max12_812_order4_seeded_prime_v2_20260826T025800Z_box03/compiled/seeded_projection_v2.sing:206
// ** redefining algeDecoE (LIB "primdec.lib";) /home/ubuntu/jobs/max12_812_order4_seeded_prime_v2_20260826T025800Z_box03/compiled/seeded_projection_v2.sing:206
// ** redefining algeDeco (LIB "primdec.lib";) /home/ubuntu/jobs/max12_812_order4_seeded_prime_v2_20260826T025800Z_box03/compiled/seeded_projection_v2.sing:206
// ** redefining algeDeco (LIB "primdec.lib";) /home/ubuntu/jobs/max12_812_order4_seeded_prime_v2_20260826T025800Z_box03/compiled/seeded_projection_v2.sing:206
// ** redefining algeDeco_i (LIB "primdec.lib";) /home/ubuntu/jobs/max12_812_order4_seeded_prime_v2_20260826T025800Z_box03/compiled/seeded_projection_v2.sing:206
// ** redefining prepare_absprimdec (LIB "primdec.lib";) /home/ubuntu/jobs/max12_812_order4_seeded_prime_v2_20260826T025800Z_box03/compiled/seeded_projection_v2.sing:206
// ** redefining decompE (LIB "primdec.lib";) /home/ubuntu/jobs/max12_812_order4_seeded_prime_v2_20260826T025800Z_box03/compiled/seeded_projection_v2.sing:206
// ** redefining decomp (LIB "primdec.lib";) /home/ubuntu/jobs/max12_812_order4_seeded_prime_v2_20260826T025800Z_box03/compiled/seeded_projection_v2.sing:206
// ** redefining decomp_i (LIB "primdec.lib";) /home/ubuntu/jobs/max12_812_order4_seeded_prime_v2_20260826T025800Z_box03/compiled/seeded_projection_v2.sing:206
// ** redefining powerCoeffs (LIB "primdec.lib";) /home/ubuntu/jobs/max12_812_order4_seeded_prime_v2_20260826T025800Z_box03/compiled/seeded_projection_v2.sing:206
// ** redefining sep (LIB "primdec.lib";) /home/ubuntu/jobs/max12_812_order4_seeded_prime_v2_20260826T025800Z_box03/compiled/seeded_projection_v2.sing:206
// ** redefining sep (LIB "primdec.lib";) /home/ubuntu/jobs/max12_812_order4_seeded_prime_v2_20260826T025800Z_box03/compiled/seeded_projection_v2.sing:206
// ** redefining zeroRad (LIB "primdec.lib";) /home/ubuntu/jobs/max12_812_order4_seeded_prime_v2_20260826T025800Z_box03/compiled/seeded_projection_v2.sing:206
// ** redefining zeroRad (LIB "primdec.lib";) /home/ubuntu/jobs/max12_812_order4_seeded_prime_v2_20260826T025800Z_box03/compiled/seeded_projection_v2.sing:206
// ** redefining algeRad (LIB "primdec.lib";) /home/ubuntu/jobs/max12_812_order4_seeded_prime_v2_20260826T025800Z_box03/compiled/seeded_projection_v2.sing:206
// ** redefining radicalEHV (LIB "primdec.lib";) /home/ubuntu/jobs/max12_812_order4_seeded_prime_v2_20260826T025800Z_box03/compiled/seeded_projection_v2.sing:206
// ** redefining radicalEHV (LIB "primdec.lib";) /home/ubuntu/jobs/max12_812_order4_seeded_prime_v2_20260826T025800Z_box03/compiled/seeded_projection_v2.sing:206
// ** redefining Ann (LIB "primdec.lib";) /home/ubuntu/jobs/max12_812_order4_seeded_prime_v2_20260826T025800Z_box03/compiled/seeded_projection_v2.sing:206
// ** redefining Ann (LIB "primdec.lib";) /home/ubuntu/jobs/max12_812_order4_seeded_prime_v2_20260826T025800Z_box03/compiled/seeded_projection_v2.sing:206
// ** redefining int_ass_primary_e (LIB "primdec.lib";) /home/ubuntu/jobs/max12_812_order4_seeded_prime_v2_20260826T025800Z_box03/compiled/seeded_projection_v2.sing:206
// ** redefining AnnExt_R (LIB "primdec.lib";) /home/ubuntu/jobs/max12_812_order4_seeded_prime_v2_20260826T025800Z_box03/compiled/seeded_projection_v2.sing:206
// ** redefining analyze (LIB "primdec.lib";) /home/ubuntu/jobs/max12_812_order4_seeded_prime_v2_20260826T025800Z_box03/compiled/seeded_projection_v2.sing:206
// ** redefining simplifyIdeal (LIB "primdec.lib";) /home/ubuntu/jobs/max12_812_order4_seeded_prime_v2_20260826T025800Z_box03/compiled/seeded_projection_v2.sing:206
// ** redefining ini_mod (LIB "primdec.lib";) /home/ubuntu/jobs/max12_812_order4_seeded_prime_v2_20260826T025800Z_box03/compiled/seeded_projection_v2.sing:206
// ** redefining min_ass_prim_charsets_i (LIB "primdec.lib";) /home/ubuntu/jobs/max12_812_order4_seeded_prime_v2_20260826T025800Z_box03/compiled/seeded_projection_v2.sing:206
// ** redefining min_ass_prim_charsets0_i (LIB "primdec.lib";) /home/ubuntu/jobs/max12_812_order4_seeded_prime_v2_20260826T025800Z_box03/compiled/seeded_projection_v2.sing:206
// ** redefining min_ass_prim_charsets1_i (LIB "primdec.lib";) /home/ubuntu/jobs/max12_812_order4_seeded_prime_v2_20260826T025800Z_box03/compiled/seeded_projection_v2.sing:206
// ** redefining prim_dec_i (LIB "primdec.lib";) /home/ubuntu/jobs/max12_812_order4_seeded_prime_v2_20260826T025800Z_box03/compiled/seeded_projection_v2.sing:206
// ** redefining pseudo_prim_dec_charsets_i (LIB "primdec.lib";) /home/ubuntu/jobs/max12_812_order4_seeded_prime_v2_20260826T025800Z_box03/compiled/seeded_projection_v2.sing:206
// ** redefining pseudo_prim_dec_special_charsets_i (LIB "primdec.lib";) /home/ubuntu/jobs/max12_812_order4_seeded_prime_v2_20260826T025800Z_box03/compiled/seeded_projection_v2.sing:206
// ** redefining pseudo_prim_dec_i_i (LIB "primdec.lib";) /home/ubuntu/jobs/max12_812_order4_seeded_prime_v2_20260826T025800Z_box03/compiled/seeded_projection_v2.sing:206
// ** redefining extraction (LIB "primdec.lib";) /home/ubuntu/jobs/max12_812_order4_seeded_prime_v2_20260826T025800Z_box03/compiled/seeded_projection_v2.sing:206
// ** redefining minsat (LIB "primdec.lib";) /home/ubuntu/jobs/max12_812_order4_seeded_prime_v2_20260826T025800Z_box03/compiled/seeded_projection_v2.sing:206
// ** redefining minsat_ppd (LIB "primdec.lib";) /home/ubuntu/jobs/max12_812_order4_seeded_prime_v2_20260826T025800Z_box03/compiled/seeded_projection_v2.sing:206
// ** redefining minquot (LIB "primdec.lib";) /home/ubuntu/jobs/max12_812_order4_seeded_prime_v2_20260826T025800Z_box03/compiled/seeded_projection_v2.sing:206
// ** redefining special_ideals_equal (LIB "primdec.lib";) /home/ubuntu/jobs/max12_812_order4_seeded_prime_v2_20260826T025800Z_box03/compiled/seeded_projection_v2.sing:206
// ** redefining convList (LIB "primdec.lib";) /home/ubuntu/jobs/max12_812_order4_seeded_prime_v2_20260826T025800Z_box03/compiled/seeded_projection_v2.sing:206
// ** redefining reconvList (LIB "primdec.lib";) /home/ubuntu/jobs/max12_812_order4_seeded_prime_v2_20260826T025800Z_box03/compiled/seeded_projection_v2.sing:206
// ** redefining primdecGTZE (LIB "primdec.lib";) /home/ubuntu/jobs/max12_812_order4_seeded_prime_v2_20260826T025800Z_box03/compiled/seeded_projection_v2.sing:206
// ** redefining primdecGTZE (LIB "primdec.lib";) /home/ubuntu/jobs/max12_812_order4_seeded_prime_v2_20260826T025800Z_box03/compiled/seeded_projection_v2.sing:206
// ** redefining primdecGTZ (LIB "primdec.lib";) /home/ubuntu/jobs/max12_812_order4_seeded_prime_v2_20260826T025800Z_box03/compiled/seeded_projection_v2.sing:206
// ** redefining primdecGTZ (LIB "primdec.lib";) /home/ubuntu/jobs/max12_812_order4_seeded_prime_v2_20260826T025800Z_box03/compiled/seeded_projection_v2.sing:206
// ** redefining primdecGTZ_i (LIB "primdec.lib";) /home/ubuntu/jobs/max12_812_order4_seeded_prime_v2_20260826T025800Z_box03/compiled/seeded_projection_v2.sing:206
// ** redefining absPrimdecGTZE (LIB "primdec.lib";) /home/ubuntu/jobs/max12_812_order4_seeded_prime_v2_20260826T025800Z_box03/compiled/seeded_projection_v2.sing:206
// ** redefining absPrimdecGTZE (LIB "primdec.lib";) /home/ubuntu/jobs/max12_812_order4_seeded_prime_v2_20260826T025800Z_box03/compiled/seeded_projection_v2.sing:206
// ** redefining absPrimdecGTZ (LIB "primdec.lib";) /home/ubuntu/jobs/max12_812_order4_seeded_prime_v2_20260826T025800Z_box03/compiled/seeded_projection_v2.sing:206
// ** redefining absPrimdecGTZ (LIB "primdec.lib";) /home/ubuntu/jobs/max12_812_order4_seeded_prime_v2_20260826T025800Z_box03/compiled/seeded_projection_v2.sing:206
// ** redefining absPrimdecGTZ_i (LIB "primdec.lib";) /home/ubuntu/jobs/max12_812_order4_seeded_prime_v2_20260826T025800Z_box03/compiled/seeded_projection_v2.sing:206
// ** redefining primdecSYE (LIB "primdec.lib";) /home/ubuntu/jobs/max12_812_order4_seeded_prime_v2_20260826T025800Z_box03/compiled/seeded_projection_v2.sing:206
// ** redefining primdecSYE (LIB "primdec.lib";) /home/ubuntu/jobs/max12_812_order4_seeded_prime_v2_20260826T025800Z_box03/compiled/seeded_projection_v2.sing:206
// ** redefining primdecSY (LIB "primdec.lib";) /home/ubuntu/jobs/max12_812_order4_seeded_prime_v2_20260826T025800Z_box03/compiled/seeded_projection_v2.sing:206
// ** redefining primdecSY (LIB "primdec.lib";) /home/ubuntu/jobs/max12_812_order4_seeded_prime_v2_20260826T025800Z_box03/compiled/seeded_projection_v2.sing:206
// ** redefining primdecSY_i (LIB "primdec.lib";) /home/ubuntu/jobs/max12_812_order4_seeded_prime_v2_20260826T025800Z_box03/compiled/seeded_projection_v2.sing:206
// ** redefining minAssGTZE (LIB "primdec.lib";) /home/ubuntu/jobs/max12_812_order4_seeded_prime_v2_20260826T025800Z_box03/compiled/seeded_projection_v2.sing:206
// ** redefining minAssGTZE (LIB "primdec.lib";) /home/ubuntu/jobs/max12_812_order4_seeded_prime_v2_20260826T025800Z_box03/compiled/seeded_projection_v2.sing:206
// ** redefining minAssGTZ (LIB "primdec.lib";) /home/ubuntu/jobs/max12_812_order4_seeded_prime_v2_20260826T025800Z_box03/compiled/seeded_projection_v2.sing:206
// ** redefining minAssGTZ (LIB "primdec.lib";) /home/ubuntu/jobs/max12_812_order4_seeded_prime_v2_20260826T025800Z_box03/compiled/seeded_projection_v2.sing:206
// ** redefining minAssGTZ_i (LIB "primdec.lib";) /home/ubuntu/jobs/max12_812_order4_seeded_prime_v2_20260826T025800Z_box03/compiled/seeded_projection_v2.sing:206
// ** redefining minAssCharE (LIB "primdec.lib";) /home/ubuntu/jobs/max12_812_order4_seeded_prime_v2_20260826T025800Z_box03/compiled/seeded_projection_v2.sing:206
// ** redefining minAssCharE (LIB "primdec.lib";) /home/ubuntu/jobs/max12_812_order4_seeded_prime_v2_20260826T025800Z_box03/compiled/seeded_projection_v2.sing:206
// ** redefining minAssChar (LIB "primdec.lib";) /home/ubuntu/jobs/max12_812_order4_seeded_prime_v2_20260826T025800Z_box03/compiled/seeded_projection_v2.sing:206
// ** redefining minAssChar (LIB "primdec.lib";) /home/ubuntu/jobs/max12_812_order4_seeded_prime_v2_20260826T025800Z_box03/compiled/seeded_projection_v2.sing:206
// ** redefining minAssChar_i (LIB "primdec.lib";) /home/ubuntu/jobs/max12_812_order4_seeded_prime_v2_20260826T025800Z_box03/compiled/seeded_projection_v2.sing:206
// ** redefining minAssChar_i (LIB "primdec.lib";) /home/ubuntu/jobs/max12_812_order4_seeded_prime_v2_20260826T025800Z_box03/compiled/seeded_projection_v2.sing:206
// ** redefining equiRadical (LIB "primdec.lib";) /home/ubuntu/jobs/max12_812_order4_seeded_prime_v2_20260826T025800Z_box03/compiled/seeded_projection_v2.sing:206
// ** redefining equiRadical (LIB "primdec.lib";) /home/ubuntu/jobs/max12_812_order4_seeded_prime_v2_20260826T025800Z_box03/compiled/seeded_projection_v2.sing:206
// ** redefining radical (LIB "primdec.lib";) /home/ubuntu/jobs/max12_812_order4_seeded_prime_v2_20260826T025800Z_box03/compiled/seeded_projection_v2.sing:206
// ** redefining radical (LIB "primdec.lib";) /home/ubuntu/jobs/max12_812_order4_seeded_prime_v2_20260826T025800Z_box03/compiled/seeded_projection_v2.sing:206
// ** redefining radicalKL (LIB "primdec.lib";) /home/ubuntu/jobs/max12_812_order4_seeded_prime_v2_20260826T025800Z_box03/compiled/seeded_projection_v2.sing:206
// ** redefining radicalSL (LIB "primdec.lib";) /home/ubuntu/jobs/max12_812_order4_seeded_prime_v2_20260826T025800Z_box03/compiled/seeded_projection_v2.sing:206
// ** redefining radicalReduction (LIB "primdec.lib";) /home/ubuntu/jobs/max12_812_order4_seeded_prime_v2_20260826T025800Z_box03/compiled/seeded_projection_v2.sing:206
// ** redefining radicalSLIteration (LIB "primdec.lib";) /home/ubuntu/jobs/max12_812_order4_seeded_prime_v2_20260826T025800Z_box03/compiled/seeded_projection_v2.sing:206
// ** redefining newMaxIndependSetDp (LIB "primdec.lib";) /home/ubuntu/jobs/max12_812_order4_seeded_prime_v2_20260826T025800Z_box03/compiled/seeded_projection_v2.sing:206
// ** redefining newMaxIndependSetDp (LIB "primdec.lib";) /home/ubuntu/jobs/max12_812_order4_seeded_prime_v2_20260826T025800Z_box03/compiled/seeded_projection_v2.sing:206
// ** redefining prepareAss (LIB "primdec.lib";) /home/ubuntu/jobs/max12_812_order4_seeded_prime_v2_20260826T025800Z_box03/compiled/seeded_projection_v2.sing:206
// ** redefining prepareAss (LIB "primdec.lib";) /home/ubuntu/jobs/max12_812_order4_seeded_prime_v2_20260826T025800Z_box03/compiled/seeded_projection_v2.sing:206
// ** redefining equidimMaxEHV (LIB "primdec.lib";) /home/ubuntu/jobs/max12_812_order4_seeded_prime_v2_20260826T025800Z_box03/compiled/seeded_projection_v2.sing:206
// ** redefining equidimMaxEHV (LIB "primdec.lib";) /home/ubuntu/jobs/max12_812_order4_seeded_prime_v2_20260826T025800Z_box03/compiled/seeded_projection_v2.sing:206
// ** redefining testPrimaryE (LIB "primdec.lib";) /home/ubuntu/jobs/max12_812_order4_seeded_prime_v2_20260826T025800Z_box03/compiled/seeded_projection_v2.sing:206
// ** redefining testPrimaryE (LIB "primdec.lib";) /home/ubuntu/jobs/max12_812_order4_seeded_prime_v2_20260826T025800Z_box03/compiled/seeded_projection_v2.sing:206
// ** redefining testPrimary (LIB "primdec.lib";) /home/ubuntu/jobs/max12_812_order4_seeded_prime_v2_20260826T025800Z_box03/compiled/seeded_projection_v2.sing:206
// ** redefining testPrimary (LIB "primdec.lib";) /home/ubuntu/jobs/max12_812_order4_seeded_prime_v2_20260826T025800Z_box03/compiled/seeded_projection_v2.sing:206
// ** redefining testPrimary_i (LIB "primdec.lib";) /home/ubuntu/jobs/max12_812_order4_seeded_prime_v2_20260826T025800Z_box03/compiled/seeded_projection_v2.sing:206
// ** redefining zerodec (LIB "primdec.lib";) /home/ubuntu/jobs/max12_812_order4_seeded_prime_v2_20260826T025800Z_box03/compiled/seeded_projection_v2.sing:206
// ** redefining zerodec (LIB "primdec.lib";) /home/ubuntu/jobs/max12_812_order4_seeded_prime_v2_20260826T025800Z_box03/compiled/seeded_projection_v2.sing:206
// ** redefining newDecompStepE (LIB "primdec.lib";) /home/ubuntu/jobs/max12_812_order4_seeded_prime_v2_20260826T025800Z_box03/compiled/seeded_projection_v2.sing:206
// ** redefining newDecompStep (LIB "primdec.lib";) /home/ubuntu/jobs/max12_812_order4_seeded_prime_v2_20260826T025800Z_box03/compiled/seeded_projection_v2.sing:206
// ** redefining newDecompStep_i (LIB "primdec.lib";) /home/ubuntu/jobs/max12_812_order4_seeded_prime_v2_20260826T025800Z_box03/compiled/seeded_projection_v2.sing:206
// ** redefining newReduction (LIB "primdec.lib";) /home/ubuntu/jobs/max12_812_order4_seeded_prime_v2_20260826T025800Z_box03/compiled/seeded_projection_v2.sing:206
// ** redefining minAssE (LIB "primdec.lib";) /home/ubuntu/jobs/max12_812_order4_seeded_prime_v2_20260826T025800Z_box03/compiled/seeded_projection_v2.sing:206
// ** redefining minAssE (LIB "primdec.lib";) /home/ubuntu/jobs/max12_812_order4_seeded_prime_v2_20260826T025800Z_box03/compiled/seeded_projection_v2.sing:206
// ** redefining minAss (LIB "primdec.lib";) /home/ubuntu/jobs/max12_812_order4_seeded_prime_v2_20260826T025800Z_box03/compiled/seeded_projection_v2.sing:206
// ** redefining minAss (LIB "primdec.lib";) /home/ubuntu/jobs/max12_812_order4_seeded_prime_v2_20260826T025800Z_box03/compiled/seeded_projection_v2.sing:206
// ** redefining minAss_i (LIB "primdec.lib";) /home/ubuntu/jobs/max12_812_order4_seeded_prime_v2_20260826T025800Z_box03/compiled/seeded_projection_v2.sing:206
// ** redefining minAssSL (LIB "primdec.lib";) /home/ubuntu/jobs/max12_812_order4_seeded_prime_v2_20260826T025800Z_box03/compiled/seeded_projection_v2.sing:206
// ** redefining minAssSLIteration (LIB "primdec.lib";) /home/ubuntu/jobs/max12_812_order4_seeded_prime_v2_20260826T025800Z_box03/compiled/seeded_projection_v2.sing:206
// ** redefining newMaxIndependSetLp (LIB "primdec.lib";) /home/ubuntu/jobs/max12_812_order4_seeded_prime_v2_20260826T025800Z_box03/compiled/seeded_projection_v2.sing:206
// ** redefining newMaxIndependSetLp (LIB "primdec.lib";) /home/ubuntu/jobs/max12_812_order4_seeded_prime_v2_20260826T025800Z_box03/compiled/seeded_projection_v2.sing:206
// ** redefining newZero_decomp (LIB "primdec.lib";) /home/ubuntu/jobs/max12_812_order4_seeded_prime_v2_20260826T025800Z_box03/compiled/seeded_projection_v2.sing:206
// ** redefining newZero_decomp (LIB "primdec.lib";) /home/ubuntu/jobs/max12_812_order4_seeded_prime_v2_20260826T025800Z_box03/compiled/seeded_projection_v2.sing:206
// ** redefining check_variables (LIB "primdec.lib";) /home/ubuntu/jobs/max12_812_order4_seeded_prime_v2_20260826T025800Z_box03/compiled/seeded_projection_v2.sing:206
// ** redefining prep_decomp (LIB "primdec.lib";) /home/ubuntu/jobs/max12_812_order4_seeded_prime_v2_20260826T025800Z_box03/compiled/seeded_projection_v2.sing:206
MINASS_COUNT=1
JP_TO_MINASS=1
MINASS_TO_JP=1
SPECIAL_FIBRE_PRIME=1
PLANE_SIZE=1
PLANE_FACTOR_COUNT=1
PLANE_BEGIN
a5^2*a6^21-177*a5^4*a6^18+5876*a5^6*a6^15+14518*a5^8*a6^12+13809*a5^10*a6^9+2194*a5^12*a6^6+6850*a5^14*a6^3+9022*a5^16+5184*a6^16+7338*a5^2*a6^13+6161*a5^4*a6^10-3354*a5^6*a6^7-10416*a5^8*a6^4+3072*a5^10*a6+2558*a6^8-7274*a5^2*a6^5-5794*a5^4*a6^2-345
PLANE_END
SEEDED_MONIC_GOOD_REDUCTION_PRIME_LIFT=1
SEEDED_PROJECTION_CERTIFICATE=PASS
