	Command being timed: "timeout -s KILL 3000 msolve -g 2 -t 4 -f /home/ubuntu/jc2/box/k4ray-strata-solve-20260905/msolve/K7_B8_Q0_p32003.ms -o /home/ubuntu/jc2/box/k4ray-strata-solve-20260905/msolve/K7_B8_Q0_p32003.retry.msout"
	User time (seconds): 1519.72
	System time (seconds): 10.58
	Percent of CPU this job got: 153%
	Elapsed (wall clock) time (h:mm:ss or m:ss): 16:34.26
	Average shared text size (kbytes): 0
	Average unshared data size (kbytes): 0
	Average stack size (kbytes): 0
	Average total size (kbytes): 0
	Maximum resident set size (kbytes): 26255776
	Average resident set size (kbytes): 0
	Major (requiring I/O) page faults: 18
	Minor (reclaiming a frame) page faults: 6683581
	Voluntary context switches: 46251
	Involuntary context switches: 2140
	Swaps: 0
	File system inputs: 19840
	File system outputs: 8
	Socket messages sent: 0
	Socket messages received: 0
	Signals delivered: 0
	Page size (bytes): 4096
	Exit status: 0
RETRY_RC=0
