Command terminated by signal 9
	Command being timed: "timeout -s KILL 3000 msolve -g 2 -t 4 -f /home/ubuntu/jc2/box/k4ray-strata-solve-20260905/msolve/K8_B8_Q0_p32003.ms -o /home/ubuntu/jc2/box/k4ray-strata-solve-20260905/msolve/K8_B8_Q0_p32003.retry.msout"
	User time (seconds): 2986.78
	System time (seconds): 18.90
	Percent of CPU this job got: 147%
	Elapsed (wall clock) time (h:mm:ss or m:ss): 34:00.20
	Average shared text size (kbytes): 0
	Average unshared data size (kbytes): 0
	Average stack size (kbytes): 0
	Average total size (kbytes): 0
	Maximum resident set size (kbytes): 46742052
	Average resident set size (kbytes): 0
	Major (requiring I/O) page faults: 7
	Minor (reclaiming a frame) page faults: 11838936
	Voluntary context switches: 68918
	Involuntary context switches: 5946
	Swaps: 0
	File system inputs: 480
	File system outputs: 0
	Socket messages sent: 0
	Socket messages received: 0
	Signals delivered: 0
	Page size (bytes): 4096
	Exit status: 0
RETRY_RC=137
