Command terminated by signal 9
	Command being timed: "timeout -s KILL 5400 msolve -g 2 -t 6 -f /home/ubuntu/jc2/box/k4ray-strata-solve-20260905/msolve/K8_B8_Q0_p0.ms -o /home/ubuntu/jc2/box/k4ray-strata-solve-20260905/msolve/K8_B8_Q0_p0.retry.msout"
	User time (seconds): 4481.14
	System time (seconds): 25.86
	Percent of CPU this job got: 144%
	Elapsed (wall clock) time (h:mm:ss or m:ss): 51:56.27
	Average shared text size (kbytes): 0
	Average unshared data size (kbytes): 0
	Average stack size (kbytes): 0
	Average total size (kbytes): 0
	Maximum resident set size (kbytes): 59044520
	Average resident set size (kbytes): 0
	Major (requiring I/O) page faults: 5
	Minor (reclaiming a frame) page faults: 14971813
	Voluntary context switches: 135378
	Involuntary context switches: 10380
	Swaps: 0
	File system inputs: 344
	File system outputs: 0
	Socket messages sent: 0
	Socket messages received: 0
	Signals delivered: 0
	Page size (bytes): 4096
	Exit status: 0
RETRY_RC=137
