	Command being timed: "python3 box/k16t4-gate-20260903/run_t4_replay.py"
	User time (seconds): 770.70
	System time (seconds): 0.63
	Percent of CPU this job got: 77%
	Elapsed (wall clock) time (h:mm:ss or m:ss): 16:33.32
	Average shared text size (kbytes): 0
	Average unshared data size (kbytes): 0
	Average stack size (kbytes): 0
	Average total size (kbytes): 0
	Maximum resident set size (kbytes): 210912
	Average resident set size (kbytes): 0
	Major (requiring I/O) page faults: 0
	Minor (reclaiming a frame) page faults: 51891
	Voluntary context switches: 1
	Involuntary context switches: 76173
	Swaps: 0
	File system inputs: 0
	File system outputs: 1160
	Socket messages sent: 0
	Socket messages received: 0
	Signals delivered: 0
	Page size (bytes): 4096
	Exit status: 0
