Q8-W0-FIBRE-STRATUM
prime=127
mode=q8
engine=std
order=block
original_remainder_zero=1
dim=0
size=9
vdim=8
v_elimination_size=1
v_eliminant_degree=8
v_eliminant_squarefree_gcd_degree=0
v_eliminant_q8_gcd_degree=8
rational_factor_entries=4
[1]:
   _[1]=v+60
   _[2]=v-58
   _[3]=v-26
   _[4]=v^5+53*v^4+38*v^3+26*v^2-9*v-48
REDUCED_BASIS_BEGIN
G[1]=v^8+29*v^7+60*v^6+61*v^5-55*v^4-v^3-21*v^2-5*v-21
G[2]=inu+62*v^7+21*v^6+57*v^5-37*v^4+30*v^3-31*v^2-49*v+60
G[3]=inv+62*v^7+15*v^6+38*v^5+31*v^4+32*v^3+59*v^2-36*v+11
G[4]=x5+11*v^7-58*v^6-21*v^5-59*v^4+6*v^3+62*v^2+59*v-1
G[5]=x3+26*v^7-35*v^6-10*v^5-15*v^4-42*v^3+33*v^2+45*v-25
G[6]=x1-49*v^7-39*v^6-17*v^5+41*v^4+44*v^3+2*v^2+6*v+50
G[7]=d4+13*v^7+52*v^6-61*v^5+41*v^4-4*v^3-43*v^2+28*v+47
G[8]=d2-22*v^7-v^6+59*v^5-56*v^4-v^3+48*v^2+8*v-54
G[9]=c-35*v^7-20*v^6-47*v^5+57*v^4+58*v^3-17*v^2+33*v-49
REDUCED_BASIS_END
Q8_W0_FIBRE_STRATUM_PASS
