PREPARATION_START 2026-09-13 01:27:47.420030798 UTC
ip-172-30-0-92
pid:[4026531836]
cgroup:[4026531835]
711b1aff-0566-4db6-8438-a48d9d5ee729
Linux 7.0.0-1011-aws x86_64 GNU/Linux
systemd 255 (255.4-1ubuntu8.17)
+PAM +AUDIT +SELINUX +APPARMOR +IMA +SMACK +SECCOMP +GCRYPT -GNUTLS +OPENSSL +ACL +BLKID +CURL +ELFUTILS +FIDO2 +IDN2 -IDN +IPTC +KMOD +LIBCRYPTSETUP +LIBFDISK +PCRE2 -PWQUALITY +P11KIT +QRENCODE +TPM2 +BZIP2 +LZ4 +XZ +ZLIB +ZSTD -BPF_FRAMEWORK -XKBCOMMON +UTMP +SYSVINIT default-hierarchy=unified
libpython3.12-stdlib 3.12.3-1ubuntu0.16
procps 2:4.0.4-4ubuntu3.3
python3.12 3.12.3-1ubuntu0.16
python3.12-minimal 3.12.3-1ubuntu0.16
util-linux 2.39.3-9ubuntu6.6
1ab7f3b3e08178eecabd1b2af86620554a9006fbfffe35378c92940c27a4a5a5  /opt/jc2-mixed-20260912/science/check.py
8aee305b5fc32f0a20f2bb8ccfe01ac1c389c98594ea7724070e1badfae2abe0  /opt/jc2-mixed-20260912/science/produce.py
ecdd37dfb900a13dca6dac03dcec3a608c7fd575d3ffccb1ec3976fd400b2097  /opt/jc2-mixed-20260912/science/authority.py
4435279df8f987c667ebc2fae8e4bd987916032561cb3faf1e07a57789d196c2  /opt/jc2-mixed-20260912/runtime/run_capped.py
16d723b7fbe6dc218351274e4078df1959add5c2914174079d707fdc14e17158  /opt/jc2-mixed-20260912/runtime/probe.py
079f9ad7b92e64af5c5fc6a5e17de14ffa5245627ee5c8a4ce0ef2a018a2fa5d  /opt/jc2-mixed-20260912/runtime/dispatch.py
b02e77d1d88d5e6b4dd2716766e655ea5c0ed152d41c07358b2395629bee388e  /opt/jc2-mixed-20260912/meta/native-metadata.actual.sh
63178c8aeab6d2f81bfddf4cdcc732ee00204c73f68f43c5f04761a2dfe4be9a  /opt/jc2-mixed-20260912/meta/native_records.py
40303cffd88956bc9d8d63039f8e1e6a03da5c73a51305915744f29a775448e6  /opt/jc2-mixed-20260912/meta/inspect_imports.py
a82e8e8906512ea8aac53b4bbc15a31943ea275e34fcf21a13ac86182172744a  /opt/jc2-mixed-20260912/meta/inspect_native.py
PREPARATION_END 2026-09-13 01:28:28.719455875 UTC
METADATA_STAGES_COMPLETE_NOT_ROOT_ACCEPTED_NO_DUMMY_NO_SCIENCE
