solver_status unknown
predecessor_shapes 30 20 5 12 11
raw_variable_shapes 32 32 18 16 14
explicit_source_rows 23 22 19 9 7 6 63
displayed_equation_inventory 197
division_constraint_count 270
terminal_rows_omitted False
pinned_predecessor None
pinned_structural None
smt2_sha256 78509aee04c39200918e611049034231939902ac6b374ac97c092a6453bc13b8
sat_model_emitted False
output_sha256 a34d9fe0ac7c4e92321a57bfacc9a6a5853129f0e07a57b7a6ea6205865eb0e6
PASS-AS-GLOBAL-PREDECESSOR-RAWQ7-EMITTER
parent_source_sha256 2bdf4bb4743a4bf5904c87b5550df6fa7908e779e6c90645ab2e911bda87805d
nested_source_scope_depth 2
parent_smt2_sha256 78509aee04c39200918e611049034231939902ac6b374ac97c092a6453bc13b8
displayed_equation_inventory 198
q2q1_row8_coordinate 2 1 omitted True
q2q1_row8_expression_sha256 33343694994fb329b7c632ecd5c717ecf70a9f0e3bbe679f14c0e696cf8bcec1
formula_sha256 f50697f7f4abd5ca8e7608ca405bc7990ac1359e600762bbb04ef04c3022f706
solver_status unknown
output_sha256 1ba6ae3fa36c59b9b21d53eedaeeb08841f71cbdef53073dc970eb66d1462f4d
PASS-AS-GLOBAL-Q2Q1-ROW8-FITTING-EMIT-V2
