	Command being timed: "python3 msolve_chart.py emit --class-id C_n18m12_M2_9_ell2_s3 --stem C_n18m12_M2_9_ell2_s3_V1_8 --characteristic 1073741827 --output C_n18m12_M2_9_ell2_s3_V1_8_p1073741827.ms --manifest C_n18m12_M2_9_ell2_s3_V1_8_p1073741827.manifest.json --json-output C_n18m12_M2_9_ell2_s3_V1_8_p1073741827.emit.json"
	User time (seconds): 26.57
	System time (seconds): 0.53
	Percent of CPU this job got: 99%
	Elapsed (wall clock) time (h:mm:ss or m:ss): 0:27.19
	Average shared text size (kbytes): 0
	Average unshared data size (kbytes): 0
	Average stack size (kbytes): 0
	Average total size (kbytes): 0
	Maximum resident set size (kbytes): 288468
	Average resident set size (kbytes): 0
	Major (requiring I/O) page faults: 0
	Minor (reclaiming a frame) page faults: 416576
	Voluntary context switches: 29
	Involuntary context switches: 42
	Swaps: 0
	File system inputs: 80
	File system outputs: 113216
	Socket messages sent: 0
	Socket messages received: 0
	Signals delivered: 0
	Page size (bytes): 4096
	Exit status: 0
