
--------------- INPUT DATA ---------------
#variables                      78
#equations                     426
#invalid equations               0
field characteristic    1073741827
homogeneous input?               0
signature-based computation      0
monomial order                 DRL
basis hash table resetting     OFF
linear algebra option           44
initial hash table size     131072 (2^17)
max pair selection            1000
reduce gb                        1
#threads                        20
info level                       2
generate pbm files               0
------------------------------------------
Command terminated by signal 15
	Command being timed: "msolve -g 2 -t 20 -v 2 -l 44 -m 1000 -f C_n24m16_Mm12_m2_5_ell1_s4_V1_1_6_p1073741827.ms -o C_n24m16_Mm12_m2_5_ell1_s4_V1_1_6_p1073741827.g2.out"
	User time (seconds): 6466.00
	System time (seconds): 24.84
	Percent of CPU this job got: 192%
	Elapsed (wall clock) time (h:mm:ss or m:ss): 56:14.14
	Average shared text size (kbytes): 0
	Average unshared data size (kbytes): 0
	Average stack size (kbytes): 0
	Average total size (kbytes): 0
	Maximum resident set size (kbytes): 48346864
	Average resident set size (kbytes): 0
	Major (requiring I/O) page faults: 1
	Minor (reclaiming a frame) page faults: 14250514
	Voluntary context switches: 596247
	Involuntary context switches: 21561
	Swaps: 0
	File system inputs: 8
	File system outputs: 760
	Socket messages sent: 0
	Socket messages received: 0
	Signals delivered: 0
	Page size (bytes): 4096
	Exit status: 0
