
Legend for f4 information
--------------------------------------------------------
deg       current degree of pairs selected in this round
sel       number of pairs selected in this round
pairs     total number of pairs in pair list
mat       matrix dimensions (# rows x # columns)
density   density of the matrix
new data  # new elements for basis in this round
          # zero reductions during linear algebra
time(rd)  time of the current f4 round in seconds given
          for real and cpu time
--------------------------------------------------------

deg     sel   pairs        mat          density            new data         time(rd) in sec (real|cpu)
------------------------------------------------------------------------------------------------------
 17      48      48     113 x 176692      2.08%       47 new       1 zero         0.18 | 0.45         
 17      34     119     108 x 150085      2.77%       33 new       1 zero         0.17 | 0.45         
 17      35     179     131 x 205565      2.50%       34 new       1 zero         0.28 | 0.59         
 17      36     244     156 x 279974      2.24%       35 new       1 zero         0.42 | 0.79         
 17      37     313     183 x 382443      1.99%       36 new       1 zero         0.66 | 1.09         
 17      38     386     212 x 527952      1.76%       37 new       1 zero         0.97 | 1.51         
 17      39     463     243 x 741091      1.56%       38 new       1 zero         1.46 | 2.07         
 17      40     544     252 x 1069161     1.50%       39 new       1 zero         2.28 | 3.08         
 17      41     629     261 x 1591000     1.43%       40 new       1 zero         3.63 | 4.64         
 17      42     718     270 x 2405007     1.36%       41 new       1 zero         5.87 | 7.24         
 17      43     811     279 x 3619245     1.31%       42 new       1 zero         9.43 | 11.32        
 17      44     908     288 x 5303312     1.27%       43 new       1 zero        14.20 | 16.83        
 17      45    1009     297 x 7508577     1.24%       44 new       1 zero        21.56 | 25.10        
 17      31    1088     246 x 9791554     1.24%       31 new       0 zero        25.64 | 28.66        
 18     943    1245