
Legend for f4 information
--------------------------------------------------------
deg       current degree of pairs selected in this round
sel       number of pairs selected in this round
pairs     total number of pairs in pair list
mat       matrix dimensions (# rows x # columns)
density   density of the matrix
new data  # new elements for basis in this round
          # zero reductions during linear algebra
time(rd)  time of the current f4 round in seconds given
          for real and cpu time
--------------------------------------------------------

deg     sel   pairs        mat          density            new data         time(rd) in sec (real|cpu)
------------------------------------------------------------------------------------------------------
  2       1     430       2 x 1         100.00%        0 new       1 zero         0.00 | 0.01         
  3       3     429      10 x 12         19.17%        2 new       1 zero         0.00 | 0.00         
  3       2     436       7 x 9          22.22%        2 new       0 zero         0.00 | 0.02         
  3       1     444       2 x 1         100.00%        0 new       1 zero         0.00 | 0.00         
  4       6     443      35 x 39          6.23%        2 new       4 zero         0.00 | 0.02         
  3       4     450      12 x 19         11.84%        3 new       1 zero         0.00 | 0.02         
  3       2     455       4 x 2          50.00%        0 new       2 zero         0.00 | 0.00         
  4       7     453      51 x 54          4.07%        1 new       6 zero         0.00 | 0.02         
  5       9     456      72 x 79          3.20%        2 new       7 zero         0.00 | 0.02         
  3       6     456      25 x 33          6.55%        4 new       2 zero         0.00 | 0.02         
  4      23     472     153 x 178         1.34%        8 new      15 zero         0.00 | 0.06         
  4      15     490      42 x 27          4.94%        0 new      15 zero         0.00 | 0.02         
  5      25     475     309 x 331         0.71%        5 new      20 zero         0.00 | 0.04         
  6      32     481     498 x 524         0.46%        1 new      31 zero         0.00 | 0.02         
  3       4     457      13 x 22         10.84%        4 new       0 zero         0.00 | 0.04         
  4      20     481     122 x 137         1.69%        6 new      14 zero         0.00 | 0.04         
  4       9     491      20 x 11         10.00%        0 new       9 zero         0.00 | 0.00         
  5      28     482     273 x 309         0.79%        6 new      22 zero         0.00 | 0.06         
  6      44     500     515 x 649         0.40%        7 new      37 zero         0.00 | 0.06         
  7      52     505    1188 x 1319        0.20%        1 new      51 zero         0.00 | 0.04         
  3       5     463      15 x 31          8.82%        5 new       0 zero         0.00 | 0.04         
  4      31     502     187 x 275         1.01%       12 new      19 zero         0.01 | 0.12         
  4      12     554      25 x 15          7.47%        1 new      11 zero         0.00 | 0.00         
  5      76     550     813 x 1144        0.27%       15 new      61 zero         0.01 | 0.16         
  6     128     602    2612 x 3470        0.09%       15 new     113 zero         0.01 | 0.22         
  7     122     592    4431 x 5549        0.05%        7 new     115 zero         0.01 | 0.18         
  8     115     529    4104 x 6233        0.06%       29 new      86 zero         0.02 | 0.32         
  3      19     499      60 x 152         2.35%       16 new       3 zero         0.01 | 0.16         
  3       8     717      27 x 51          5.37%        5 new       3 zero         0.00 | 0.06         
  4     196     772    1043 x 2039        0.21%       85 new     111 zero         0.05 | 0.92         
  4      87    1585     430 x 734         0.46%       37 new      50 zero         0.02 | 0.46         
  4     168    1893     834 x 1519        0.26%       74 new      94 zero         0.05 | 0.96         
  4      57    2713     239 x 434         0.74%       22 new      35 zero         0.02 | 0.34         
  4      17    2988      74 x 110         2.68%        5 new      12 zero         0.00 | 0.10         
  5    1000    3060    8141 x 14721       0.04%      285 new     715 zero         0.28 | 5.31         
  4      18    5590      69 x 171         2.79%        6 new      12 zero         0.01 | 0.18         
  5    1000    5670    8202 x 16311       0.04%      319 new     681 zero         0.46 | 8.70         
  5    1000    9171   12304 x 24949       0.03%      293 new     707 zero         0.66 | 11.37        
  4      19   11898      71 x 102         2.51%        4 new      15 zero         0.01 | 0.23         
  5    1001   11959   13427 x 28071       0.03%      317 new     684 zero         0.85 | 15.79        
  4      23   15856     296 x 662         0.89%       16 new       7 zero         0.06 | 1.01         
  4      22   15690      66 x 111         3.89%        6 new      16 zero         0.02 | 0.41         
  4      40   15665     262 x 610         1.05%       11 new      29 zero         0.04 | 0.74         
  4      23   15386     125 x 390         1.81%        8 new      15 zero         0.03 | 0.55         
  5    1000   14916   11314 x 24795       0.04%      247 new     753 zero         0.83 | 15.37        
  4      39   15681     184 x 391         1.41%       12 new      27 zero         0.05 | 0.86         
  5    1000   15381   10351 x 23605       0.04%      347 new     655 zero         1.35 | 25.59        
  4      24   19483     183 x 596         1.29%        7 new      17 zero         0.04 | 0.67         
  5    1000   19226    8448 x 18489       0.06%      247 new     755 zero         1.14 | 21.27        
  5    1001   21871   13895 x 32204       0.03%      329 new     672 zero         1.89 | 31.09        
  5     569   26651   13798 x 31659       0.03%      144 new     425 zero         0.96 | 14.16        
  4      41   28195     150 x 306         1.27%       10 new      31 zero         0.08 | 1.02         
  5     386   28204    5888 x 13232       0.08%      103 new     283 zero         0.68 | 10.07        
  5     132   29709    2250 x 5534        0.17%       27 new     105 zero         0.20 | 2.70         
  6    1000   30051   23846 x 55911       0.03%      259 new     741 zero         1.89 | 25.60        
  5      64   33299    2579 x 8230        0.17%       23 new      41 zero         0.22 | 2.41         
  5      30   33482     340 x 1008        0.90%        4 new      26 zero         0.05 | 0.47         
  6    1000   33526   16812 x 43688       0.05%      268 new     732 zero         2.13 | 26.69        
  5      19   37020     153 x 463         1.48%        2 new      17 zero         0.04 | 0.28         
  6    1000   37038   21070 x 55077       0.04%      216 new     788 zero         1.88 | 21.23        
  6    1000   39661   32240 x 79531       0.03%      203 new     799 zero         2.03 | 20.49        
  6    1001   40995   26136 x 61688       0.04%      284 new     717 zero         2.75 | 28.18        
  6    1000   44382   36195 x 90383       0.03%      265 new     735 zero         3.15 | 27.05        
  5      49   47641    4688 x 11992       0.16%       22 new      27 zero         0.32 | 2.41         
  5      68   47414    5203 x 14707       0.13%       25 new      43 zero         0.36 | 2.75         
  6    1000   47523   36651 x 88713       0.03%      314 new     686 zero         3.75 | 32.05        
  5      67   51871     551 x 2291        0.96%       10 new      57 zero         0.17 | 1.15         
  5      27   51895     602 x 2297        0.73%        5 new      22 zero         0.11 | 0.65         
  6    1000   51939   35028 x 92016       0.03%      245 new     755 zero         3.32 | 25.54        
  5      95   54970    4705 x 12982       0.17%       40 new      55 zero         0.60 | 4.31         
  5      18   55131     260 x 1170        2.32%        4 new      14 zero         0.10 | 0.54         
  6    1000   55097   37824 x 99443       0.03%      234 new     766 zero         3.42 | 24.58        
  6    1000   58493   36883 x 95269       0.03%      221 new     780 zero         3.41 | 23.38        
  6    1000   61484   55343 x 128502      0.02%      180 new     821 zero         3.13 | 19.75        
  6    1000   63213   50846 x 121530      0.03%      168 new     838 zero         3.13 | 18.64        
  5     105   64074    1423 x 6353        0.38%       23 new      82 zero         0.46 | 2.67         
  5      19   63899     520 x 1874        1.51%        1 new      18 zero         0.07 | 0.27         
  6    1000   63883   51226 x 120929      0.03%      222 new     780 zero         3.88 | 24.43        
  6    1000   66073   52594 x 121780      0.03%      177 new     824 zero         3.48 | 19.98        
  5      59   67132     583 x 2527        1.16%       10 new      49 zero         0.23 | 1.24         
  6    1001   67098   43369 x 107459      0.04%      184 new     823 zero         3.60 | 20.48        
  6    1000   69017   58569 x 139727      0.03%      170 new     830 zero         3.76 | 19.39        
  6    1000   70552   47195 x 113014      0.03%      249 new     751 zero         5.57 | 28.26        
  6    1000   73574   42364 x 106672      0.03%      273 new     727 zero         5.48 | 30.39        
  5      21   75864     341 x 1999        1.88%        4 new      17 zero         0.15 | 0.62         
  6    1000   75840   41172 x 106187      0.03%      322 new     680 zero         6.70 | 36.10        
  6    1000   80027   65475 x 176072      0.02%      230 new     770 zero         5.76 | 26.86        
  6    1001   83302   32986 x 94654       0.03%      121 new     880 zero         3.20 | 14.39        
  6    1000   84464   51126 x 124501      0.03%       85 new     916 zero         2.65 | 10.72        
  6    1000   84661   63545 x 156979      0.02%      176 new     824 zero         5.63 | 23.11        
  6    1000   86694   61935 x 161955      0.03%      128 new     872 zero         4.58 | 18.49        
  6    1000   87927   53206 x 154698      0.03%      101 new     899 zero         3.77 | 13.19        
  6    1001   88866   61640 x 151571      0.03%      102 new     904 zero         3.80 | 13.40        
  6    1001   89517   58217 x 144141      0.03%       97 new     905 zero         3.47 | 12.65        
  5      19   90003     120 x 753         1.94%        2 new      17 zero         0.13 | 0.42         
  5      15   90015     238 x 1093        1.28%        0 new      15 zero         0.07 | 0.07         
  6    1001   90000   82631 x 203274      0.02%      162 new     839 zero         5.68 | 21.19        
  5      43   91348     359 x 2511        1.39%        9 new      34 zero         0.37 | 1.29         
  5      18   91081     124 x 596         2.34%        1 new      17 zero         0.10 | 0.29         
  6    1000   91032   76173 x 195137      0.02%      128 new     874 zero         4.85 | 17.00        
  5      18   91742     131 x 879         1.92%        2 new      16 zero         0.14 | 0.41         
  5      17   91731     166 x 884         1.54%        1 new      16 zero         0.09 | 0.28         
  6    1000   91704   77858 x 195669      0.02%       84 new     919 zero         3.80 | 11.88        
  6    1000   91739  104006 x 252434      0.02%      163 new     837 zero         6.46 | 22.17        
  5      49   92784     710 x 2992        0.90%        9 new      40 zero         0.38 | 1.30         
  6    1000   92720   71001 x 192231      0.02%      146 new     854 zero         5.59 | 19.27        
  6    1000   94190   85625 x 222544      0.02%      132 new     869 zero         5.69 | 18.23        
  5      14   95419     180 x 831         1.82%        0 new      14 zero         0.08 | 0.09         
  6    1000   95405   99771 x 240654      0.02%       86 new     914 zero         4.61 | 13.26        
  6    1001   95444  129851 x 299523      0.01%      153 new     848 zero         7.02 | 21.76        
  6    1000   96070  107772 x 253389      0.02%      158 new     846 zero         6.82 | 21.87        
  6    1001   96839   93838 x 232305      0.02%      128 new     884 zero         5.86 | 17.90        
  6    1002   97260  132588 x 288125      0.01%      134 new     872 zero         6.62 | 19.33        
  6    1001   97558  109392 x 255295      0.02%      131 new     870 zero         6.31 | 18.55        
  6    1000   98347   91359 x 232149      0.02%      206 new     794 zero         8.49 | 27.35        
  6    1000  101254   79057 x 209403      0.02%      213 new     791 zero         9.67 | 29.41        
  6    1000  103023  106351 x 232442      0.02%      294 new     706 zero        11.95 | 39.06        
  6    1000  105523  101786 x 232391      0.02%      254 new     746 zero        11.51 | 34.67        
  6    1001  108796  119552 x 273409      0.02%       59 new     945 zero         4.78 | 10.55        
  6    1000  108893  121352 x 268834      0.02%       42 new     960 zero         4.15 | 8.40         
  6    1001  108498  102738 x 236213      0.02%      269 new     732 zero        12.37 | 37.51        
  6    1000  111397   82943 x 217540      0.02%      248 new     752 zero        11.60 | 34.64        
  6    1000  114206   68397 x 161580      0.03%      171 new     830 zero         8.38 | 24.58        
  6    1000  116010   91675 x 226589      0.02%      111 new     889 zero         6.84 | 17.43        
  6    1000  117082  128285 x 259209      0.01%      128 new     872 zero         7.97 | 20.23        
  6    1000  117989  132339 x 294217      0.01%      139 new     861 zero         8.78 | 22.15        
  6    1000  119641  114659 x 275091      0.02%      106 new     894 zero         7.64 | 17.70        
  6    1000  120673   97943 x 195330      0.02%       36 new     964 zero         3.53 | 7.21         
  4      17  120625     205 x 638         1.19%       10 new       7 zero         0.66 | 1.65         
  4      22  120389      58 x 60          3.48%        4 new      18 zero         0.30 | 0.74         
  5     308  120005    7160 x 18018       0.11%       91 new     217 zero         4.90 | 13.32        
  4      28  118974     176 x 638         1.79%       10 new      18 zero         0.68 | 1.69         
  5     829  118981   18941 x 46610       0.05%      295 new     534 zero        14.81 | 41.58        
  4      53  111907     309 x 780         1.10%       19 new      34 zero         1.12 | 2.92         
  4      26  110806     264 x 956         1.61%       16 new      10 zero         0.90 | 2.42         
  5    1000  110143    8799 x 22094       0.11%      293 new     708 zero        13.90 | 40.35        
  4      28  103673     247 x 781         1.72%        9 new      19 zero         0.55 | 1.44         
  5    1000  103438    8045 x 19491       0.10%      252 new     749 zero        11.81 | 34.57        
  5    1000  101072   13430 x 33683       0.07%      212 new     788 zero        10.33 | 29.54        
  5     707   99740   18482 x 44372       0.05%      140 new     567 zero         7.18 | 19.96        
  4      23   97344      94 x 196         4.29%        5 new      18 zero         0.33 | 0.87         
  5     503   97304    8713 x 23560       0.10%      118 new     385 zero         5.83 | 16.61        
  5     156   98193    8469 x 23643       0.12%       62 new      94 zero         3.31 | 9.13         
  5     107   98503    2003 x 5763        0.30%       23 new      84 zero         1.20 | 3.39         
  6    1000   98807   22892 x 56161       0.05%      278 new     722 zero        13.12 | 38.59        
  5      89  102503    1981 x 6902        0.35%       16 new      73 zero         0.94 | 2.52         
  6    1000  102477   37653 x 96643       0.03%      262 new     738 zero        12.93 | 36.91        
  5      78  106265    6762 x 18260       0.18%       33 new      45 zero         1.95 | 5.12         
  5      80  106276    1894 x 5216        0.31%       21 new      59 zero         1.24 | 3.25         
  5      44  106453     897 x 3088        0.41%        6 new      38 zero         0.40 | 1.05         
  6    1001  106555   26067 x 65508       0.06%      163 new     840 zero         8.39 | 23.34        
  4      21  108608      88 x 244         4.29%        5 new      16 zero         0.39 | 0.93         
  5     140  108533    2887 x 8969        0.31%       34 new     106 zero         1.92 | 5.12         
  5     150  108158    8923 x 24988       0.12%       55 new      95 zero         3.14 | 8.32         
  6    1000  108779   24502 x 61587       0.05%      160 new     841 zero         8.36 | 23.03        
  6    1000  110793   36246 x 95844       0.04%      153 new     847 zero         8.49 | 22.66        
  6    1000  112676   42505 x 108379      0.03%      173 new     827 zero         9.59 | 25.63        
  5      56  114889    1088 x 3537        0.85%       14 new      42 zero         0.94 | 2.31         
  6    1000  115016   44249 x 107923      0.04%      191 new     811 zero        10.44 | 28.28        
  6    1000  117823   38815 x 95018       0.05%      237 new     773 zero        14.12 | 36.07        
  5      47  119703    1621 x 6463        0.79%       15 new      32 zero         1.06 | 2.57         
  6    1001  119678   44757 x 110655      0.04%      283 new     718 zero        16.55 | 42.66        
  6    1001  124110   47578 x 117101      0.03%      223 new     781 zero        15.68 | 36.27        
  5      13  126957     268 x 1085        1.37%        0 new      13 zero         0.11 | 0.13         
  6    1002  126944   30342 x 78858       0.05%      161 new     842 zero         9.68 | 24.56        
  6    1001  129145   60384 x 143747      0.03%      186 new     815 zero        12.00 | 29.36        
  5      20  130914     567 x 1849        1.63%        1 new      19 zero         0.20 | 0.40         
  6    1000  130872   55657 x 151533      0.03%      137 new     869 zero         9.73 | 22.61        
  6    1000  132480   68524 x 158608      0.03%      179 new     822 zero        12.07 | 29.14        
  5      27  134540    5993 x 16031       0.22%       13 new      14 zero         1.11 | 2.49         
  6    1000  134206   83190 x 185217      0.03%      217 new     788 zero        14.66 | 35.53        
  5      31  137092    7058 x 19804       0.17%       13 new      18 zero         1.18 | 2.57         
  5      21  136789     131 x 677         2.65%        1 new      20 zero         0.20 | 0.38         
  6    1000  136769   86281 x 203333      0.02%      178 new     822 zero        13.28 | 30.43        
  5      84  137732    7880 x 23447       0.16%       30 new      54 zero         2.46 | 5.46         
  5      23  137592     811 x 2357        0.67%        5 new      18 zero         0.49 | 1.06         
  6    1001  137654   60803 x 150465      0.03%      260 new     742 zero        17.57 | 42.06        
  5      47  141448    1483 x 4849        0.53%        5 new      42 zero         0.57 | 1.16         
  6    1000  141467   79863 x 192691      0.03%      265 new     736 zero        19.50 | 44.60        
  5      97  144582    9170 x 25971       0.14%       40 new      57 zero         3.38 | 7.29         
  5     156  144252    7430 x 21357       0.15%       38 new     118 zero         3.00 | 6.68         
  6    1000  144243   74720 x 178717      0.03%      270 new     730 zero        20.32 | 45.77        
  5      23  148395    1979 x 5501        0.66%       10 new      13 zero         1.02 | 2.06         
  6    1000  148314   54878 x 130940      0.04%      191 new     809 zero        14.56 | 32.58        
  5      20  150538     119 x 574         2.05%        1 new      19 zero         0.22 | 0.41         
  6    1000  150519   67923 x 170048      0.03%      200 new     804 zero        15.46 | 34.11        
  6    1000  153051   59883 x 153658      0.03%       96 new     910 zero         8.78 | 18.03        
  6    1000  153750   98293 x 230770      0.03%      150 new     854 zero        13.28 | 28.07        
  6    1000  155099   84324 x 203703      0.03%      124 new     878 zero        11.61 | 23.72        
  6    1000  156090  112501 x 252776      0.02%      179 new     821 zero        16.29 | 33.90        
  6    1000  158098  113707 x 254626      0.02%      185 new     816 zero        16.98 | 35.57        
  5      24  159268    1386 x 5782        0.94%        6 new      18 zero         0.73 | 1.42         
  6    1000  159234  115948 x 265970      0.02%      211 new     789 zero        19.40 | 40.27        
  6    1000  161718  104887 x 269655      0.02%      336 new     664 zero        29.58 | 61.71        
  5     133  165964    8138 x 22555       0.16%       48 new      85 zero         4.68 | 9.32         
  5      81  163600    7470 x 21687       0.16%       26 new      55 zero         2.73 | 5.35         
  5      20  162920     300 x 1115        0.88%        4 new      16 zero         0.53 | 1.00         
  6    1000  162881   55369 x 151860      0.03%      251 new     749 zero        22.32 | 46.17        
  5      79  166327    2131 x 9411        0.65%       19 new      60 zero         2.06 | 3.98         
  6    1000  166515   93412 x 241398      0.02%      188 new     812 zero        18.33 | 36.34        
  6    1000  169493  103888 x 274196      0.02%      155 new     845 zero        16.58 | 31.54        
  6    1000  171432   48633 x 132583      0.04%      127 new     874 zero        12.28 | 24.45        
  6    1000  173245   49486 x 136917      0.03%       65 new     935 zero         7.37 | 13.79        
  5      18  173503     141 x 674         2.00%        1 new      17 zero         0.26 | 0.45         
  6    1000  173474   83140 x 206864      0.03%       86 new     914 zero        10.33 | 18.96        
  5      16  174090      81 x 276         2.98%        0 new      16 zero         0.16 | 0.18         
  6    1000  174074   99077 x 237796      0.02%      122 new     878 zero        13.71 | 25.75        
  6    1001  175532  121476 x 295930      0.02%      185 new     816 zero        20.87 | 39.01        
  6    1000  178286  131320 x 318516      0.02%      120 new     880 zero        15.53 | 27.51        
  6    1000  179712  115783 x 297652      0.02%       97 new     903 zero        13.46 | 23.09        
  6    1000  180719   83423 x 212955      0.03%       81 new     920 zero        11.15 | 19.22        
  6    1000  181178   83680 x 202778      0.02%       58 new     952 zero         8.27 | 14.23        
  6    1000  181251  144997 x 333940      0.02%      142 new     859 zero        17.80 | 31.96        
  5      22  182864     199 x 1158        1.43%        2 new      20 zero         0.42 | 0.70         
  5      21  182807     189 x 1072        1.44%        1 new      20 zero         0.33 | 0.52         
  5      20  182793     218 x 1278        1.30%        0 new      20 zero         0.19 | 0.20         
  6    1001  182773  157891 x 369631      0.01%      143 new     859 zero        19.11 | 33.73        
  6    1000  184172  167640 x 420370      0.01%      198 new     804 zero        24.67 | 44.28        
  6    1000  186961  172694 x 432740      0.01%      176 new     824 zero        23.94 | 41.57        
  6    1000  187956  165634 x 403840      0.02%      197 new     803 zero        25.05 | 44.71        
  6    1000  189268  165037 x 394667      0.02%      239 new     761 zero        29.83 | 53.54        
  6    1001  192098  156771 x 347774      0.02%      184 new     817 zero        24.80 | 43.38        
  6    1000  194710  143364 x 356886      0.02%      139 new     863 zero        20.66 | 34.08        
  6    1000  196165  137485 x 323632      0.02%       68 new     938 zero        12.62 | 19.61        
  5      18  196187     144 x 781         1.80%        1 new      17 zero         0.33 | 0.51         
  6    1000  196132  203378 x 472482      0.01%       83 new     917 zero        16.87 | 25.83        
  5      13  196333     213 x 963         1.55%        0 new      13 zero         0.21 | 0.21         
  6    1000  196320  173175 x 444912      0.01%       83 new     918 zero        16.39 | 25.14        
  6    1001  196979  233451 x 550065      0.01%       59 new     946 zero        15.43 | 21.98        
  6    1000  196822  253385 x 586252      0.01%      131 new     870 zero        24.31 | 38.21        
  6    1000  196532  243670 x 551024      0.01%      231 new     769 zero        34.27 | 57.74        
  5      31  198524    1091 x 4347        0.99%        8 new      23 zero         1.31 | 2.16         
  6    1000  197979  188710 x 486139      0.01%      233 new     767 zero        34.54 | 56.99        
  6    1000  201422  269947 x 602497      0.01%      150 new     850 zero        32.75 | 48.24        
  6    1000  202483  297628 x 681913      0.01%      115 new     885 zero        24.39 | 36.99        
  6    1000  203298  245696 x 574137      0.01%      227 new     773 zero        34.86 | 57.61        
  6    1000  206653  243697 x 512085      0.01%      233 new     767 zero        35.51 | 59.14        
  6    1000  210652  207805 x 449251      0.01%      331 new     669 zero        47.16 | 80.34        
  6    1000  216378  134991 x 295504      0.02%      115 new     885 zero        19.12 | 30.63        
  6     552  218565   84530 x 199610      0.03%       57 new     495 zero        11.08 | 16.74        
  6      23  219285   12588 x 41475       0.12%        6 new      17 zero         1.59 | 2.38         
  7    1000  219381  270368 x 615515      0.01%      208 new     792 zero        36.22 | 58.79        
  6     118  222597   54033 x 149421      0.05%       34 new      84 zero         7.36 | 10.84        
  7    1000  223088  270475 x 688748      0.01%      196 new     804 zero        38.36 | 58.74        
  6      16  226308    3243 x 10442       0.29%        0 new      16 zero         0.40 | 0.44         
  7    1000  226292  229165 x 528540      0.01%      242 new     758 zero        41.07 | 66.42        
  6      50  230133    5004 x 20949       0.31%       16 new      34 zero         2.58 | 4.31         
  7    1000  230421  235095 x 544855      0.01%      223 new     786 zero        39.05 | 63.32        
  6      65  233959   15767 x 60845       0.12%       12 new      53 zero         2.95 | 4.30         
  6      55  234060   19179 x 57228       0.11%       14 new      41 zero         2.95 | 4.54         
  7    1000  234361  243381 x 543489      0.02%      143 new     858 zero        28.56 | 44.00        
  6      21  236389    4231 x 16090       0.45%        5 new      16 zero         1.22 | 1.90         
  7    1001  236457  263218 x 604108      0.01%      179 new     824 zero        34.74 | 54.80        
  7    1000  239506  306234 x 718292      0.01%      117 new     883 zero        29.43 | 42.60        
  7    1000  241064  295179 x 682063      0.01%      143 new     857 zero        32.20 | 48.96        
  7    1000  243260  292217 x 713617      0.01%      136 new     864 zero        30.46 | 44.95        
  7    1000  245302  282854 x 743540      0.01%      146 new     856 zero        34.13 | 50.32        
  7    1000  247406  358050 x 829781      0.01%       64 new     936 zero        25.00 | 33.16        
  7    1000  247789  451846 x 1113261     0.01%      138 new     862 zero        41.90 | 57.29        
  7    1000  249664  361943 x 850590      0.01%      118 new     882 zero        34.47 | 47.84        
  6      34  250976    6518 x 22293       0.21%        6 new      28 zero         1.52 | 2.27         
  7    1000  251046  344966 x 748523      0.01%      191 new     809 zero        40.46 | 65.21        
  7    1000  253362  376755 x 882472      0.01%      173 new     828 zero        43.62 | 63.36        
  6      19  256330    8673 x 36626       0.24%        3 new      16 zero         1.47 | 1.95         
  7    1000  256371  439394 x 994033      0.01%      168 new     832 zero        44.80 | 66.38        
  6      31  258537     420 x 3311        1.47%        1 new      30 zero         0.51 | 0.73         
  7    1000  258536  406281 x 939753      0.01%      166 new     834 zero        45.27 | 65.75        
  7    1000  261365  490838 x 1174408     0.01%      283 new     717 zero        70.49 | 100.26       
  6      83  266110   18425 x 58348       0.10%       29 new      54 zero         5.85 | 8.81         
  7    1000  266570  204152 x 545328      0.02%      207 new     793 zero        45.73 | 67.40        
  6     261  269090   64404 x 178492      0.04%      105 new     156 zero        21.18 | 31.75        
  6      79  270707   16633 x 58141       0.13%       21 new      58 zero         4.66 | 6.90         
  7    1000  270981  155634 x 379837      0.02%      174 new     828 zero        33.36 | 51.68        
  7    1000  273653  308641 x 646030      0.01%      265 new     735 zero        56.92 | 88.96        
  6      74  277390   20114 x 60587       0.19%       21 new      53 zero         4.95 | 7.19         
  6      42  277373   13313 x 58513       0.12%        8 new      34 zero         2.78 | 3.78         
  7    1000  277395  327925 x 764955      0.01%      247 new     753 zero        56.86 | 85.24        
  6      39  280764    6192 x 21371       0.32%        9 new      30 zero         2.12 | 3.17         
  7    1000  280910  301133 x 720581      0.02%      166 new     836 zero        44.32 | 62.05        
  6     149  282328   82062 x 231668      0.04%       49 new     100 zero        13.33 | 18.36        
  6      43  282771    5349 x 22200       0.27%       13 new      30 zero         3.03 | 4.46         
  7    1000  282827  177580 x 465864      0.02%      179 new     821 zero        38.86 | 57.82        
  6      54  285286    4879 x 21448       0.35%       23 new      31 zero         4.70 | 7.08         
  6      74  285334   16082 x 71916       0.11%       11 new      63 zero         3.53 | 4.84         
  7    1000  285467  211843 x 585023      0.02%      115 new     887 zero        30.90 | 43.10        
  7    1000  286789  190415 x 490036      0.02%       75 new     932 zero        22.67 | 31.39        
  7    1000  287377  295496 x 706632      0.01%      130 new     876 zero        36.99 | 51.70        
  6      53  289150    4988 x 22146       0.32%       20 new      33 zero         4.19 | 6.29         
  7    1000  289158  326951 x 816399      0.01%      240 new     760 zero        57.87 | 85.68        
  6      56  292089   20704 x 65267       0.18%       14 new      42 zero         4.72 | 6.34         
  6      80  291736   22428 x 69286       0.10%       16 new      64 zero         4.58 | 6.37         
  7    1000  291666  330830 x 793467      0.01%      285 new     716 zero        65.49 | 100.35       
  6      76  295888   20327 x 71994       0.16%       20 new      56 zero         5.47 | 7.64         
  6      21  295837    6868 x 23450       0.30%        1 new      20 zero         0.96 | 1.26         
  7    1001  295837  402627 x 928572      0.01%      211 new     795 zero        57.09 | 83.14        
  6      48  298939   14156 x 53649       0.16%       12 new      36 zero         3.78 | 5.18         
  7    1000  298705  375090 x 899805      0.01%      138 new     862 zero        45.23 | 61.03        
  7    1000  300282  264631 x 681541      0.02%      128 new     872 zero        37.43 | 52.18        
  6      81  301677   14684 x 53143       0.13%       20 new      61 zero         5.04 | 7.16         
  6      45  301742   16307 x 74457       0.11%       14 new      31 zero         4.74 | 6.34         
  7    1000  301976  301423 x 724073      0.02%       84 new     916 zero        30.95 | 41.08        
  7    1000  302851  394744 x 898669      0.01%       61 new     939 zero        32.63 | 40.79        
  7    1000  303250  434560 x 991904      0.01%      190 new     810 zero        57.81 | 83.24        
  7    1001  306241  408095 x 902127      0.01%      204 new     803 zero        57.24 | 86.80        
  6      23  309449   23295 x 70160       0.19%        7 new      16 zero         3.52 | 4.51         
  6      20  309319    6239 x 21985       0.32%        2 new      18 zero         1.13 | 1.52         
  7    1000  309300  246048 x 643147      0.02%      116 new     886 zero        35.10 | 47.00        
  7    1000  310603  312690 x 822439      0.01%      130 new     870 zero        43.49 | 57.01        
  6      26  311830   21206 x 66308       0.19%       10 new      16 zero         3.91 | 5.15         
  6      20  311684    6170 x 21697       0.33%        2 new      18 zero         1.17 | 1.57         
  7    1000  311667  210278 x 603249      0.02%      135 new     866 zero        37.40 | 51.42        
  7    1000  313241  238856 x 674759      0.02%       87 new     920 zero        31.83 | 41.29        
  7    1000  314030  247719 x 637283      0.02%       93 new     911 zero        32.48 | 43.11        
  7    1000  314697  333519 x 839733      0.01%       91 new     912 zero