
Legend for f4 information
--------------------------------------------------------
deg       current degree of pairs selected in this round
sel       number of pairs selected in this round
pairs     total number of pairs in pair list
mat       matrix dimensions (# rows x # columns)
density   density of the matrix
new data  # new elements for basis in this round
          # zero reductions during linear algebra
time(rd)  time of the current f4 round in seconds given
          for real and cpu time
--------------------------------------------------------

deg     sel   pairs        mat          density            new data         time(rd) in sec (real|cpu)
------------------------------------------------------------------------------------------------------
 17     570     577    1377 x 2192756     0.18%      536 new      34 zero         5.73 | 13.81        
 17    1000    3362    2054 x 1325619     0.18%      550 new     450 zero         5.08 | 15.34        
 17    1001    6055    1958 x 535904      0.16%      383 new     618 zero         2.23 | 10.63        
 17    1000    7593    1990 x 571036      0.15%      444 new     556 zero         2.80 | 15.05        
 17    1001    9530    1995 x 389610      0.17%      454 new     547 zero         2.48 | 18.05        
 17    1000   11602    1895 x 194321      0.17%      360 new     640 zero         1.64 | 16.38        
 17    1000   13004    1928 x 192300      0.15%      400 new     600 zero         1.89 | 20.90        
 17    1000   14673    1953 x 170426      0.16%      388 new     612 zero         1.96 | 23.49        
 17    1000   16355    1930 x 184590      0.16%      348 new     652 zero         2.05 | 24.19        
 12       1   19299       2 x 8          56.25%        1 new       0 zero         0.03 | 0.21         
 13       1   20050       4 x 11         40.91%        1 new       0 zero         0.02 | 0.16         
 14       1   20122       3 x 6          55.56%        1 new       0 zero         0.02 | 0.24         
 15       1   20638       3 x 3          77.78%        0 new       1 zero         0.01 | 0.10         
 17    1000   20637    1945 x 272684      0.18%      403 new     597 zero         2.95 | 31.78        
 13     234   24892     465 x 1186        0.45%       37 new     197 zero         0.24 | 3.55         
 14     194   27374     799 x 7079        0.20%       55 new     139 zero         0.41 | 5.33         
 15     238   36165    2391 x 35473       0.09%       60 new     178 zero         0.63 | 6.12         
 15      26   49742     613 x 9472        0.36%       26 new       0 zero         0.28 | 2.76         
 16     354   57735   17571 x 234817      0.03%      156 new     198 zero         2.75 | 17.00        
 16      12   90933     510 x 6848        0.50%       11 new       1 zero         0.16 | 1.29         
 17    1000   92548  113551 x 1236604     0.01%      429 new     571 zero        13.07 | 54.68        
 14     128  116085     459 x 3951        0.51%       28 new     100 zero         0.26 | 2.97         
 15     345  100534    3061 x 62989       0.09%      186 new     159 zero         1.87 | 18.93        
 15      13   74928     396 x 5548        0.45%        9 new       4 zero         0.15 | 1.10         
 16    1000   75312   21850 x 352773      0.02%      416 new     584 zero         6.72 | 45.04        
 16     527   85481   19485 x 336014      0.03%      218 new     309 zero         6.05 | 26.30        
 17    1000   96506   60721 x 842204      0.02%      284 new     717 zero        18.02 | 45.21        
 17    1000  112086   80724 x 1086174     0.01%      349 new     651 zero        26.59 | 60.73        
 17    1000  130401   91904 x 1292718     0.01%      255 new     746 zero        35.20 | 61.55        
 17    1000  142879  136630 x 1889463     0.01%      247 new     755 zero        55.42 | 83.50        
 17    1000  153629  138551 x 2160584     0.01%      435 new     565 zero        67.86 | 115.19       
 14     250  165872     738 x 3788        0.41%       44 new     206 zero         0.56 | 4.88         
 15     775  162869    6660 x 259828      0.04%      299 new     476 zero         8.22 | 36.44        
 15      10  161732    1423 x 17842       0.27%        8 new       2 zero         0.56 | 1.50         
 16    1000  161678   19530 x 449693      0.03%      483 new     517 zero        16.54 | 62.37        
 16    1000  166609   31914 x 725853      0.02%      410 new     590 zero        24.81 | 63.93        
 16    1000  171224   58452 x 1192582     0.01%      362 new     638 zero        41.48 | 77.16        
 16     131  179637   40344 x 1346058     0.01%       60 new      71 zero        43.58 | 50.00        
 17    1000  185122   48525 x 952529      0.02%      276 new     724 zero        44.43 | 71.51        
 17    1001  201854   72466 x 1284205     0.02%      291 new     710 zero        66.01 | 96.54        
 17    1000  212817  108521 x 2066261     0.01%      243 new     757 zero       104.54 | 133.78       
 17    1000  225270  174589 x 3928774     0.01%      323 new     677 zero       211.52 | 259.72       
 17    1000  244715