	Command being timed: "timeout 1800 env JC2_ROOT=/home/ubuntu/jobs/as_b9_d12_literal_mod2187_20260825T1625Z/source INPUT_JSON=/home/ubuntu/jobs/as_b9_d12_literal_mod2187_20260825T1625Z/input/mod729.json EXPECTED_INPUT_SHA256=d267a2b5f4d7f6fd8d0535857923cd8f842322aa59d1a4b5bbd520f3a13a52dc INPUT_MODULUS=729 OUTPUT_JSON=/home/ubuntu/jobs/as_b9_d12_literal_mod2187_20260825T1625Z/result.json python3 /home/ubuntu/jobs/as_b9_d12_literal_mod2187_20260825T1625Z/source/cases/as_b9_max12_literal_digit_ladder_20260825/advance_literal.py"
	User time (seconds): 0.17
	System time (seconds): 0.01
	Percent of CPU this job got: 98%
	Elapsed (wall clock) time (h:mm:ss or m:ss): 0:00.20
	Average shared text size (kbytes): 0
	Average unshared data size (kbytes): 0
	Average stack size (kbytes): 0
	Average total size (kbytes): 0
	Maximum resident set size (kbytes): 17880
	Average resident set size (kbytes): 0
	Major (requiring I/O) page faults: 0
	Minor (reclaiming a frame) page faults: 2368
	Voluntary context switches: 3
	Involuntary context switches: 6
	Swaps: 0
	File system inputs: 0
	File system outputs: 16
	Socket messages sent: 0
	Socket messages received: 0
	Signals delivered: 0
	Page size (bytes): 4096
	Exit status: 0
