utc=2026-09-05T14:11:15Z msolve_pid=none
utc=2026-09-05T14:11:35Z msolve_pid=3508
VmPeak:	 4196040 kB
VmSize:	 4196040 kB
VmHWM:	 1733908 kB
VmRSS:	 1733908 kB
utc=2026-09-05T14:11:55Z msolve_pid=3508
VmPeak:	 4878104 kB
VmSize:	 4878104 kB
VmHWM:	 2166560 kB
VmRSS:	 2166560 kB
utc=2026-09-05T14:12:15Z msolve_pid=3508
VmPeak:	10130220 kB
VmSize:	10066440 kB
VmHWM:	 8102872 kB
VmRSS:	 8102872 kB
utc=2026-09-05T14:12:35Z msolve_pid=3508
VmPeak:	11418560 kB
VmSize:	11289148 kB
VmHWM:	 9166500 kB
VmRSS:	 9166500 kB
utc=2026-09-05T14:12:55Z msolve_pid=3508
VmPeak:	12379048 kB
VmSize:	12249064 kB
VmHWM:	 9990268 kB
VmRSS:	 9990268 kB
utc=2026-09-05T14:13:15Z msolve_pid=3508
VmPeak:	13143932 kB
VmSize:	13013464 kB
VmHWM:	10650680 kB
VmRSS:	10650680 kB
utc=2026-09-05T14:13:35Z msolve_pid=3508
VmPeak:	13706760 kB
VmSize:	13641224 kB
VmHWM:	11374512 kB
VmRSS:	11374512 kB
utc=2026-09-05T14:13:55Z msolve_pid=3508
VmPeak:	14447908 kB
VmSize:	14317136 kB
VmHWM:	11917036 kB
VmRSS:	11917036 kB
utc=2026-09-05T14:14:15Z msolve_pid=3508
VmPeak:	14656132 kB
VmSize:	14525060 kB
VmHWM:	12358424 kB
VmRSS:	12358424 kB
utc=2026-09-05T14:14:35Z msolve_pid=3508
VmPeak:	15144332 kB
VmSize:	15078796 kB
VmHWM:	12804152 kB
VmRSS:	12804152 kB
utc=2026-09-05T14:14:55Z msolve_pid=3508
VmPeak:	15633088 kB
VmSize:	15505072 kB
VmHWM:	13151116 kB
VmRSS:	13151116 kB
utc=2026-09-05T14:15:15Z msolve_pid=3508
VmPeak:	15787156 kB
VmSize:	15723520 kB
VmHWM:	13333788 kB
VmRSS:	13333788 kB
utc=2026-09-05T14:15:35Z msolve_pid=3508
VmPeak:	15796792 kB
VmSize:	15796792 kB
VmHWM:	13433808 kB
VmRSS:	13433808 kB
utc=2026-09-05T14:15:55Z msolve_pid=3508
VmPeak:	15796928 kB
VmSize:	15070980 kB
VmHWM:	13429196 kB
VmRSS:	12717336 kB
utc=2026-09-05T14:16:15Z msolve_pid=3508
VmPeak:	15796928 kB
VmSize:	13760260 kB
VmHWM:	13429196 kB
VmRSS:	11806392 kB
utc=2026-09-05T14:16:35Z msolve_pid=3508
VmPeak:	15796928 kB
VmSize:	13898628 kB
VmHWM:	13429196 kB
VmRSS:	10374144 kB
utc=2026-09-05T14:16:55Z msolve_pid=3508
VmPeak:	18125700 kB
VmSize:	18125700 kB
VmHWM:	13582936 kB
VmRSS:	13582936 kB
utc=2026-09-05T14:17:15Z msolve_pid=3508
VmPeak:	18125700 kB
VmSize:	18115124 kB
VmHWM:	14823260 kB
VmRSS:	14823260 kB
utc=2026-09-05T14:17:35Z msolve_pid=3508
VmPeak:	26569268 kB
VmSize:	26568152 kB
VmHWM:	17382804 kB
VmRSS:	17382804 kB
utc=2026-09-05T14:17:55Z msolve_pid=3508
VmPeak:	26569268 kB
VmSize:	26569240 kB
VmHWM:	18807256 kB
VmRSS:	18807256 kB
utc=2026-09-05T14:18:15Z msolve_pid=3508
VmPeak:	26569268 kB
VmSize:	26568608 kB
VmHWM:	19547632 kB
VmRSS:	19547632 kB
utc=2026-09-05T14:18:35Z msolve_pid=3508
VmPeak:	26569268 kB
VmSize:	26568608 kB
VmHWM:	19547632 kB
VmRSS:	19547632 kB
utc=2026-09-05T14:18:55Z msolve_pid=3508
VmPeak:	26569268 kB
VmSize:	26568608 kB
VmHWM:	19740996 kB
VmRSS:	19740996 kB
utc=2026-09-05T14:19:15Z msolve_pid=3508
VmPeak:	26569268 kB
VmSize:	26568608 kB
VmHWM:	19768168 kB
VmRSS:	19768168 kB
utc=2026-09-05T14:19:35Z msolve_pid=3508
VmPeak:	26569268 kB
VmSize:	26568608 kB
VmHWM:	19817352 kB
VmRSS:	19817352 kB
utc=2026-09-05T14:19:55Z msolve_pid=3508
VmPeak:	27625376 kB
VmSize:	27625376 kB
VmHWM:	20011184 kB
VmRSS:	20011184 kB
utc=2026-09-05T14:20:16Z msolve_pid=3508
VmPeak:	27625376 kB
VmSize:	27625376 kB
VmHWM:	20098456 kB
VmRSS:	20098456 kB
utc=2026-09-05T14:20:36Z msolve_pid=3508
VmPeak:	27625376 kB
VmSize:	27625376 kB
VmHWM:	20181332 kB
VmRSS:	20181332 kB
utc=2026-09-05T14:20:56Z msolve_pid=3508
VmPeak:	27625376 kB
VmSize:	27625376 kB
VmHWM:	20262968 kB
VmRSS:	20262968 kB
utc=2026-09-05T14:21:16Z msolve_pid=3508
VmPeak:	27625376 kB
VmSize:	27625376 kB
VmHWM:	20303640 kB
VmRSS:	20303640 kB
utc=2026-09-05T14:21:36Z msolve_pid=3508
VmPeak:	27625376 kB
VmSize:	27625376 kB
VmHWM:	20356220 kB
VmRSS:	20356220 kB
utc=2026-09-05T14:21:56Z msolve_pid=3508
VmPeak:	38824604 kB
VmSize:	38824604 kB
VmHWM:	25698764 kB
VmRSS:	25698764 kB
utc=2026-09-05T14:22:16Z msolve_pid=3508
VmPeak:	45676676 kB
VmSize:	45612880 kB
VmHWM:	30269532 kB
VmRSS:	30269532 kB
utc=2026-09-05T14:22:36Z msolve_pid=3508
VmPeak:	46758008 kB
VmSize:	46758008 kB
VmHWM:	31045484 kB
VmRSS:	31045484 kB
utc=2026-09-05T14:22:56Z msolve_pid=3508
VmPeak:	47172332 kB
VmSize:	47106796 kB
VmHWM:	31552380 kB
VmRSS:	31552380 kB
utc=2026-09-05T14:23:16Z msolve_pid=3508
VmPeak:	47847728 kB
VmSize:	47847728 kB
VmHWM:	32020880 kB
VmRSS:	32020880 kB
utc=2026-09-05T14:23:36Z msolve_pid=3508
VmPeak:	48340444 kB
VmSize:	48209372 kB
VmHWM:	32490728 kB
VmRSS:	32490728 kB
utc=2026-09-05T14:23:56Z msolve_pid=3508
VmPeak:	48774524 kB
VmSize:	48645396 kB
VmHWM:	32916448 kB
VmRSS:	32916448 kB
utc=2026-09-05T14:24:16Z msolve_pid=3508
VmPeak:	49199024 kB
VmSize:	49069176 kB
VmHWM:	33284972 kB
VmRSS:	33284972 kB
utc=2026-09-05T14:24:36Z msolve_pid=3508
VmPeak:	49546436 kB
VmSize:	49546436 kB
VmHWM:	33620908 kB
VmRSS:	33620908 kB
utc=2026-09-05T14:24:56Z msolve_pid=3508
VmPeak:	49892292 kB
VmSize:	49762684 kB
VmHWM:	33926520 kB
VmRSS:	33926520 kB
utc=2026-09-05T14:25:16Z msolve_pid=3508
VmPeak:	50432332 kB
VmSize:	50366796 kB
VmHWM:	34221844 kB
VmRSS:	34221844 kB
utc=2026-09-05T14:25:36Z msolve_pid=3508
VmPeak:	50638596 kB
VmSize:	50573308 kB
VmHWM:	34501596 kB
VmRSS:	34501596 kB
utc=2026-09-05T14:25:56Z msolve_pid=3508
VmPeak:	50639428 kB
VmSize:	50639428 kB
VmHWM:	34767748 kB
VmRSS:	34767748 kB
utc=2026-09-05T14:26:16Z msolve_pid=3508
VmPeak:	50836036 kB
VmSize:	50770500 kB
VmHWM:	35024172 kB
VmRSS:	35024172 kB
utc=2026-09-05T14:26:36Z msolve_pid=3508
VmPeak:	51043684 kB
VmSize:	50983620 kB
VmHWM:	35268852 kB
VmRSS:	35268852 kB
utc=2026-09-05T14:26:56Z msolve_pid=3508
VmPeak:	51327400 kB
VmSize:	51261864 kB
VmHWM:	35482360 kB
VmRSS:	35482360 kB
utc=2026-09-05T14:27:16Z msolve_pid=3508
VmPeak:	51604840 kB
VmSize:	51604840 kB
VmHWM:	35679044 kB
VmRSS:	35679044 kB
utc=2026-09-05T14:27:37Z msolve_pid=3508
VmPeak:	52007680 kB
VmSize:	51946808 kB
VmHWM:	35881988 kB
VmRSS:	35881988 kB
utc=2026-09-05T14:27:57Z msolve_pid=3508
VmPeak:	52021420 kB
VmSize:	52021420 kB
VmHWM:	36146612 kB
VmRSS:	36146612 kB
utc=2026-09-05T14:28:17Z msolve_pid=3508
VmPeak:	52362436 kB
VmSize:	52296900 kB
VmHWM:	36411336 kB
VmRSS:	36411336 kB
utc=2026-09-05T14:28:37Z msolve_pid=3508
VmPeak:	52505856 kB
VmSize:	52505856 kB
VmHWM:	36654788 kB
VmRSS:	36654788 kB
utc=2026-09-05T14:28:57Z msolve_pid=3508
VmPeak:	52644672 kB
VmSize:	52644672 kB
VmHWM:	36909608 kB
VmRSS:	36909608 kB
utc=2026-09-05T14:29:17Z msolve_pid=3508
VmPeak:	53045540 kB
VmSize:	52983652 kB
VmHWM:	37227876 kB
VmRSS:	37227876 kB
utc=2026-09-05T14:29:37Z msolve_pid=3508
VmPeak:	53336416 kB
VmSize:	53205344 kB
VmHWM:	37591120 kB
VmRSS:	37591120 kB
utc=2026-09-05T14:29:57Z msolve_pid=3508
VmPeak:	54009160 kB
VmSize:	53878088 kB
VmHWM:	37970028 kB
VmRSS:	37970028 kB
utc=2026-09-05T14:30:17Z msolve_pid=3508
VmPeak:	54423772 kB
VmSize:	54297904 kB
VmHWM:	38321492 kB
VmRSS:	38321492 kB
utc=2026-09-05T14:30:37Z msolve_pid=3508
VmPeak:	54583672 kB
VmSize:	54452600 kB
VmHWM:	38677744 kB
VmRSS:	38677744 kB
utc=2026-09-05T14:30:57Z msolve_pid=3508
VmPeak:	55000948 kB
VmSize:	55000948 kB
VmHWM:	39034072 kB
VmRSS:	39034072 kB
utc=2026-09-05T14:31:17Z msolve_pid=3508
VmPeak:	55476364 kB
VmSize:	55345292 kB
VmHWM:	39410644 kB
VmRSS:	39410644 kB
utc=2026-09-05T14:31:37Z msolve_pid=3508
VmPeak:	56017316 kB
VmSize:	55951780 kB
VmHWM:	39782008 kB
VmRSS:	39782008 kB
utc=2026-09-05T14:31:57Z msolve_pid=3508
VmPeak:	56360512 kB
VmSize:	56229440 kB
VmHWM:	40143916 kB
VmRSS:	40143916 kB
utc=2026-09-05T14:32:17Z msolve_pid=3508
VmPeak:	56628712 kB
VmSize:	56563176 kB
VmHWM:	40502808 kB
VmRSS:	40502808 kB
utc=2026-09-05T14:32:37Z msolve_pid=3508
VmPeak:	56767400 kB
VmSize:	56767400 kB
VmHWM:	40825376 kB
VmRSS:	40825376 kB
utc=2026-09-05T14:32:57Z msolve_pid=3508
VmPeak:	57167252 kB
VmSize:	57101716 kB
VmHWM:	41130704 kB
VmRSS:	41130704 kB
utc=2026-09-05T14:33:17Z msolve_pid=3508
VmPeak:	57568752 kB
VmSize:	57507324 kB
VmHWM:	41467268 kB
VmRSS:	41467268 kB
utc=2026-09-05T14:33:37Z msolve_pid=3508
VmPeak:	57779308 kB
VmSize:	57652252 kB
VmHWM:	41777500 kB
VmRSS:	41777500 kB
utc=2026-09-05T14:33:57Z msolve_pid=3508
VmPeak:	58058876 kB
VmSize:	57993340 kB
VmHWM:	42077924 kB
VmRSS:	42077924 kB
utc=2026-09-05T14:34:18Z msolve_pid=3508
VmPeak:	58532648 kB
VmSize:	58470592 kB
VmHWM:	42373452 kB
VmRSS:	42373452 kB
utc=2026-09-05T14:34:38Z msolve_pid=3508
VmPeak:	58751564 kB
VmSize:	58620492 kB
VmHWM:	42694104 kB
VmRSS:	42694104 kB
utc=2026-09-05T14:34:58Z msolve_pid=3508
VmPeak:	59029444 kB
VmSize:	58963908 kB
VmHWM:	43005452 kB
VmRSS:	43005452 kB
utc=2026-09-05T14:35:18Z msolve_pid=3508
VmPeak:	59437512 kB
VmSize:	59437512 kB
VmHWM:	43301836 kB
VmRSS:	43301836 kB
utc=2026-09-05T14:35:38Z msolve_pid=3508
VmPeak:	59779428 kB
VmSize:	59651916 kB
VmHWM:	43523152 kB
VmRSS:	43523152 kB
utc=2026-09-05T14:35:58Z msolve_pid=3508
VmPeak:	60127204 kB
VmSize:	59996132 kB
VmHWM:	43772492 kB
VmRSS:	43772492 kB
utc=2026-09-05T14:36:18Z msolve_pid=3508
VmPeak:	60204748 kB
VmSize:	60139212 kB
VmHWM:	43982776 kB
VmRSS:	43982776 kB
utc=2026-09-05T14:36:38Z msolve_pid=3508
VmPeak:	60407548 kB
VmSize:	60342012 kB
VmHWM:	44210460 kB
VmRSS:	44210460 kB
utc=2026-09-05T14:36:58Z msolve_pid=3508
VmPeak:	60542696 kB
VmSize:	60479012 kB
VmHWM:	44415952 kB
VmRSS:	44415952 kB
utc=2026-09-05T14:37:18Z msolve_pid=3508
VmPeak:	60808384 kB
VmSize:	60744464 kB
VmHWM:	44618056 kB
VmRSS:	44618056 kB
utc=2026-09-05T14:37:38Z msolve_pid=3508
VmPeak:	60944076 kB
VmSize:	60944076 kB
VmHWM:	44818296 kB
VmRSS:	44818296 kB
utc=2026-09-05T14:37:58Z msolve_pid=3508
VmPeak:	61143240 kB
VmSize:	61143240 kB
VmHWM:	45012976 kB
VmRSS:	45012976 kB
utc=2026-09-05T14:38:18Z msolve_pid=3508
VmPeak:	61406552 kB
VmSize:	61343500 kB
VmHWM:	45210872 kB
VmRSS:	45210872 kB
utc=2026-09-05T14:38:38Z msolve_pid=3508
VmPeak:	61811724 kB
VmSize:	61680652 kB
VmHWM:	45447600 kB
VmRSS:	45447600 kB
utc=2026-09-05T14:38:58Z msolve_pid=3508
VmPeak:	61817116 kB
VmSize:	61817116 kB
VmHWM:	45672228 kB
VmRSS:	45672228 kB
utc=2026-09-05T14:39:18Z msolve_pid=3508
VmPeak:	62086016 kB
VmSize:	61956644 kB
VmHWM:	45900000 kB
VmRSS:	45900000 kB
utc=2026-09-05T14:39:38Z msolve_pid=3508
VmPeak:	62286488 kB
VmSize:	62158800 kB
VmHWM:	46140584 kB
VmRSS:	46140584 kB
utc=2026-09-05T14:39:58Z msolve_pid=3508
VmPeak:	62625524 kB
VmSize:	62559988 kB
VmHWM:	46352820 kB
VmRSS:	46352820 kB
utc=2026-09-05T14:40:18Z msolve_pid=3508
VmPeak:	62763500 kB
VmSize:	62697964 kB
VmHWM:	46564048 kB
VmRSS:	46564048 kB
utc=2026-09-05T14:40:38Z msolve_pid=3508
VmPeak:	62963432 kB
VmSize:	62832360 kB
VmHWM:	46796476 kB
VmRSS:	46796476 kB
utc=2026-09-05T14:40:59Z msolve_pid=3508
VmPeak:	63163456 kB
VmSize:	63098176 kB
VmHWM:	47011528 kB
VmRSS:	47011528 kB
utc=2026-09-05T14:41:19Z msolve_pid=3508
VmPeak:	63360556 kB
VmSize:	63295232 kB
VmHWM:	47222720 kB
VmRSS:	47222720 kB
utc=2026-09-05T14:41:39Z msolve_pid=3508
VmPeak:	63492260 kB
VmSize:	63492260 kB
VmHWM:	47464340 kB
VmRSS:	47464340 kB
utc=2026-09-05T14:41:59Z msolve_pid=3508
VmPeak:	64016968 kB
VmSize:	63951432 kB
VmHWM:	47671720 kB
VmRSS:	47671720 kB
utc=2026-09-05T14:42:19Z msolve_pid=3508
VmPeak:	64148380 kB
VmSize:	64083012 kB
VmHWM:	47864240 kB
VmRSS:	47864240 kB
utc=2026-09-05T14:42:39Z msolve_pid=3508
VmPeak:	64279948 kB
VmSize:	64279948 kB
VmHWM:	48088872 kB
VmRSS:	48088872 kB
utc=2026-09-05T14:42:59Z msolve_pid=3508
VmPeak:	64739012 kB
VmSize:	64673476 kB
VmHWM:	48333444 kB
VmRSS:	48333444 kB
utc=2026-09-05T14:43:19Z msolve_pid=3508
VmPeak:	64935912 kB
VmSize:	64870376 kB
VmHWM:	48590836 kB
VmRSS:	48590836 kB
utc=2026-09-05T14:43:39Z msolve_pid=3508
VmPeak:	65067128 kB
VmSize:	65001740 kB
VmHWM:	48830156 kB
VmRSS:	48830156 kB
utc=2026-09-05T14:43:59Z msolve_pid=3508
VmPeak:	65329604 kB
VmSize:	65329604 kB
VmHWM:	49054444 kB
VmRSS:	49054444 kB
utc=2026-09-05T14:44:19Z msolve_pid=3508
VmPeak:	65526212 kB
VmSize:	65460676 kB
VmHWM:	49263352 kB
VmRSS:	49263352 kB
utc=2026-09-05T14:44:39Z msolve_pid=3508
VmPeak:	65657284 kB
VmSize:	65591748 kB
VmHWM:	49485988 kB
VmRSS:	49485988 kB
utc=2026-09-05T14:44:59Z msolve_pid=3508
VmPeak:	66181572 kB
VmSize:	66116180 kB
VmHWM:	49732632 kB
VmRSS:	49732632 kB
utc=2026-09-05T14:45:19Z msolve_pid=3508
VmPeak:	66312788 kB
VmSize:	66247252 kB
VmHWM:	49941536 kB
VmRSS:	49941536 kB
utc=2026-09-05T14:45:39Z msolve_pid=3508
VmPeak:	66378324 kB
VmSize:	66378324 kB
VmHWM:	50131732 kB
VmRSS:	50131732 kB
utc=2026-09-05T14:45:59Z msolve_pid=3508
VmPeak:	66574932 kB
VmSize:	66509396 kB
VmHWM:	50336552 kB
VmRSS:	50336552 kB
utc=2026-09-05T14:46:19Z msolve_pid=3508
VmPeak:	66771540 kB
VmSize:	66706004 kB
VmHWM:	50542112 kB
VmRSS:	50542112 kB
utc=2026-09-05T14:46:39Z msolve_pid=3508
VmPeak:	66976360 kB
VmSize:	66915788 kB
VmHWM:	50724720 kB
VmRSS:	50724720 kB
utc=2026-09-05T14:46:59Z msolve_pid=3508
VmPeak:	67250616 kB
VmSize:	67185080 kB
VmHWM:	50889996 kB
VmRSS:	50889996 kB
utc=2026-09-05T14:47:20Z msolve_pid=3508
VmPeak:	67250616 kB
VmSize:	67192104 kB
VmHWM:	51038620 kB
VmRSS:	51038620 kB
utc=2026-09-05T14:47:40Z msolve_pid=3508
VmPeak:	67388712 kB
VmSize:	67329988 kB
VmHWM:	51193636 kB
VmRSS:	51193636 kB
utc=2026-09-05T14:48:00Z msolve_pid=3508
VmPeak:	67729912 kB
VmSize:	67729912 kB
VmHWM:	51321736 kB
VmRSS:	51321736 kB
utc=2026-09-05T14:48:20Z msolve_pid=3508
VmPeak:	67860984 kB
VmSize:	67802064 kB
VmHWM:	51455956 kB
VmRSS:	51455956 kB
utc=2026-09-05T14:48:40Z msolve_pid=3508
VmPeak:	68005184 kB
VmSize:	67939648 kB
VmHWM:	51586360 kB
VmRSS:	51586360 kB
utc=2026-09-05T14:49:00Z msolve_pid=3508
VmPeak:	68142672 kB
VmSize:	68077136 kB
VmHWM:	51701560 kB
VmRSS:	51701560 kB
utc=2026-09-05T14:49:20Z msolve_pid=3508
VmPeak:	68409704 kB
VmSize:	68409704 kB
VmHWM:	51853620 kB
VmRSS:	51853620 kB
utc=2026-09-05T14:49:40Z msolve_pid=3508
VmPeak:	68414428 kB
VmSize:	68414428 kB
VmHWM:	51991172 kB
VmRSS:	51991172 kB
utc=2026-09-05T14:50:00Z msolve_pid=3508
VmPeak:	68545500 kB
VmSize:	68484588 kB
VmHWM:	52120816 kB
VmRSS:	52120816 kB
utc=2026-09-05T14:50:20Z msolve_pid=3508
VmPeak:	68545500 kB
VmSize:	68493148 kB
VmHWM:	52257040 kB
VmRSS:	52257040 kB
utc=2026-09-05T14:50:40Z msolve_pid=3508
VmPeak:	68562752 kB
VmSize:	68562752 kB
VmHWM:	52383432 kB
VmRSS:	52383432 kB
utc=2026-09-05T14:51:00Z msolve_pid=3508
VmPeak:	68697828 kB
VmSize:	68697828 kB
VmHWM:	52550620 kB
VmRSS:	52550620 kB
utc=2026-09-05T14:51:20Z msolve_pid=3508
VmPeak:	68828900 kB
VmSize:	68767144 kB
VmHWM:	52725260 kB
VmRSS:	52725260 kB
utc=2026-09-05T14:51:40Z msolve_pid=3508
VmPeak:	69099004 kB
VmSize:	69033468 kB
VmHWM:	52900336 kB
VmRSS:	52900336 kB
utc=2026-09-05T14:52:00Z msolve_pid=3508
VmPeak:	69365224 kB
VmSize:	69299688 kB
VmHWM:	53075832 kB
VmRSS:	53075832 kB
utc=2026-09-05T14:52:20Z msolve_pid=3508
VmPeak:	69762224 kB
VmSize:	69696688 kB
VmHWM:	53260336 kB
VmRSS:	53260336 kB
utc=2026-09-05T14:52:40Z msolve_pid=3508
VmPeak:	70028144 kB
VmSize:	70028144 kB
VmHWM:	53449212 kB
VmRSS:	53449212 kB
