SINGULAR_FQ2_POINT_COUNT_BEGIN
mode=shard
candidate_sha256=9061726295086f58f74f3751b2f7c2d59c5cb86de5e53ecd636687fd54daa7ce
field_modulus=a2-a+3
RECORD|index=7056|total=1|smooth=1|singular=0
RECORD|index=7057|total=0|smooth=0|singular=0
RECORD|index=7058|total=2|smooth=2|singular=0
RECORD|index=7059|total=0|smooth=0|singular=0
RECORD|index=7060|total=2|smooth=2|singular=0
RECORD|index=7061|total=0|smooth=0|singular=0
RECORD|index=7062|total=1|smooth=1|singular=0
RECORD|index=7063|total=1|smooth=1|singular=0
RECORD|index=7064|total=2|smooth=2|singular=0
RECORD|index=7065|total=0|smooth=0|singular=0
RECORD|index=7066|total=0|smooth=0|singular=0
RECORD|index=7067|total=2|smooth=2|singular=0
RECORD|index=7068|total=1|smooth=1|singular=0
RECORD|index=7069|total=0|smooth=0|singular=0
RECORD|index=7070|total=1|smooth=1|singular=0
RECORD|index=7071|total=0|smooth=0|singular=0
RECORD|index=7072|total=0|smooth=0|singular=0
RECORD|index=7073|total=0|smooth=0|singular=0
RECORD|index=7074|total=1|smooth=1|singular=0
RECORD|index=7075|total=2|smooth=2|singular=0
RECORD|index=7076|total=1|smooth=1|singular=0
RECORD|index=7077|total=1|smooth=1|singular=0
RECORD|index=7078|total=0|smooth=0|singular=0
RECORD|index=7079|total=2|smooth=2|singular=0
RECORD|index=7080|total=0|smooth=0|singular=0
RECORD|index=7081|total=2|smooth=2|singular=0
RECORD|index=7082|total=1|smooth=1|singular=0
RECORD|index=7083|total=0|smooth=0|singular=0
RECORD|index=7084|total=0|smooth=0|singular=0
RECORD|index=7085|total=2|smooth=2|singular=0
RECORD|index=7086|total=2|smooth=2|singular=0
RECORD|index=7087|total=2|smooth=2|singular=0
RECORD|index=7088|total=0|smooth=0|singular=0
RECORD|index=7089|total=2|smooth=2|singular=0
RECORD|index=7090|total=0|smooth=0|singular=0
RECORD|index=7091|total=1|smooth=1|singular=0
RECORD|index=7092|total=1|smooth=1|singular=0
RECORD|index=7093|total=1|smooth=1|singular=0
RECORD|index=7094|total=1|smooth=1|singular=0
RECORD|index=7095|total=0|smooth=0|singular=0
RECORD|index=7096|total=0|smooth=0|singular=0
RECORD|index=7097|total=1|smooth=1|singular=0
RECORD|index=7098|total=2|smooth=2|singular=0
RECORD|index=7099|total=2|smooth=2|singular=0
RECORD|index=7100|total=3|smooth=3|singular=0
RECORD|index=7101|total=1|smooth=1|singular=0
RECORD|index=7102|total=1|smooth=1|singular=0
RECORD|index=7103|total=0|smooth=0|singular=0
RECORD|index=7104|total=1|smooth=1|singular=0
RECORD|index=7105|total=0|smooth=0|singular=0
RECORD|index=7106|total=2|smooth=2|singular=0
RECORD|index=7107|total=0|smooth=0|singular=0
RECORD|index=7108|total=0|smooth=0|singular=0
RECORD|index=7109|total=1|smooth=1|singular=0
RECORD|index=7110|total=0|smooth=0|singular=0
RECORD|index=7111|total=0|smooth=0|singular=0
RECORD|index=7112|total=1|smooth=1|singular=0
RECORD|index=7113|total=2|smooth=2|singular=0
RECORD|index=7114|total=1|smooth=1|singular=0
RECORD|index=7115|total=0|smooth=0|singular=0
RECORD|index=7116|total=3|smooth=3|singular=0
RECORD|index=7117|total=2|smooth=2|singular=0
RECORD|index=7118|total=2|smooth=2|singular=0
RECORD|index=7119|total=0|smooth=0|singular=0
RECORD|index=7120|total=1|smooth=1|singular=0
RECORD|index=7121|total=1|smooth=1|singular=0
RECORD|index=7122|total=0|smooth=0|singular=0
RECORD|index=7123|total=2|smooth=2|singular=0
RECORD|index=7124|total=2|smooth=2|singular=0
RECORD|index=7125|total=0|smooth=0|singular=0
RECORD|index=7126|total=0|smooth=0|singular=0
RECORD|index=7127|total=1|smooth=1|singular=0
RECORD|index=7128|total=1|smooth=1|singular=0
RECORD|index=7129|total=2|smooth=2|singular=0
RECORD|index=7130|total=2|smooth=2|singular=0
RECORD|index=7131|total=1|smooth=1|singular=0
RECORD|index=7132|total=0|smooth=0|singular=0
RECORD|index=7133|total=0|smooth=0|singular=0
RECORD|index=7134|total=2|smooth=2|singular=0
RECORD|index=7135|total=0|smooth=0|singular=0
RECORD|index=7136|total=1|smooth=1|singular=0
RECORD|index=7137|total=1|smooth=1|singular=0
RECORD|index=7138|total=0|smooth=0|singular=0
RECORD|index=7139|total=0|smooth=0|singular=0
RECORD|index=7140|total=2|smooth=2|singular=0
RECORD|index=7141|total=1|smooth=1|singular=0
RECORD|index=7142|total=0|smooth=0|singular=0
RECORD|index=7143|total=1|smooth=1|singular=0
RECORD|index=7144|total=0|smooth=0|singular=0
RECORD|index=7145|total=0|smooth=0|singular=0
RECORD|index=7146|total=2|smooth=2|singular=0
RECORD|index=7147|total=0|smooth=0|singular=0
RECORD|index=7148|total=0|smooth=0|singular=0
RECORD|index=7149|total=0|smooth=0|singular=0
RECORD|index=7150|total=5|smooth=5|singular=0
RECORD|index=7151|total=1|smooth=1|singular=0
RECORD|index=7152|total=1|smooth=1|singular=0
RECORD|index=7153|total=0|smooth=0|singular=0
RECORD|index=7154|total=2|smooth=2|singular=0
RECORD|index=7155|total=0|smooth=0|singular=0
RECORD|index=7156|total=4|smooth=4|singular=0
RECORD|index=7157|total=4|smooth=4|singular=0
RECORD|index=7158|total=2|smooth=2|singular=0
RECORD|index=7159|total=0|smooth=0|singular=0
RECORD|index=7160|total=2|smooth=2|singular=0
RECORD|index=7161|total=1|smooth=1|singular=0
RECORD|index=7162|total=1|smooth=1|singular=0
RECORD|index=7163|total=2|smooth=2|singular=0
RECORD|index=7164|total=0|smooth=0|singular=0
RECORD|index=7165|total=0|smooth=0|singular=0
RECORD|index=7166|total=1|smooth=1|singular=0
RECORD|index=7167|total=0|smooth=0|singular=0
RECORD|index=7168|total=1|smooth=1|singular=0
RECORD|index=7169|total=2|smooth=2|singular=0
RECORD|index=7170|total=0|smooth=0|singular=0
RECORD|index=7171|total=0|smooth=0|singular=0
RECORD|index=7172|total=3|smooth=3|singular=0
RECORD|index=7173|total=1|smooth=1|singular=0
RECORD|index=7174|total=2|smooth=2|singular=0
RECORD|index=7175|total=1|smooth=1|singular=0
RECORD|index=7176|total=2|smooth=2|singular=0
RECORD|index=7177|total=0|smooth=0|singular=0
RECORD|index=7178|total=2|smooth=2|singular=0
RECORD|index=7179|total=2|smooth=2|singular=0
RECORD|index=7180|total=2|smooth=2|singular=0
RECORD|index=7181|total=1|smooth=1|singular=0
RECORD|index=7182|total=1|smooth=1|singular=0
RECORD|index=7183|total=1|smooth=1|singular=0
RECORD|index=7184|total=0|smooth=0|singular=0
RECORD|index=7185|total=0|smooth=0|singular=0
RECORD|index=7186|total=3|smooth=3|singular=0
RECORD|index=7187|total=0|smooth=0|singular=0
RECORD|index=7188|total=2|smooth=2|singular=0
RECORD|index=7189|total=1|smooth=1|singular=0
RECORD|index=7190|total=0|smooth=0|singular=0
RECORD|index=7191|total=0|smooth=0|singular=0
RECORD|index=7192|total=2|smooth=2|singular=0
RECORD|index=7193|total=0|smooth=0|singular=0
RECORD|index=7194|total=1|smooth=1|singular=0
RECORD|index=7195|total=1|smooth=1|singular=0
RECORD|index=7196|total=1|smooth=1|singular=0
RECORD|index=7197|total=0|smooth=0|singular=0
RECORD|index=7198|total=1|smooth=1|singular=0
RECORD|index=7199|total=1|smooth=1|singular=0
RECORD|index=7200|total=2|smooth=2|singular=0
RECORD|index=7201|total=0|smooth=0|singular=0
RECORD|index=7202|total=0|smooth=0|singular=0
RECORD|index=7203|total=2|smooth=2|singular=0
RECORD|index=7204|total=0|smooth=0|singular=0
RECORD|index=7205|total=0|smooth=0|singular=0
RECORD|index=7206|total=0|smooth=0|singular=0
RECORD|index=7207|total=3|smooth=3|singular=0
RECORD|index=7208|total=1|smooth=1|singular=0
RECORD|index=7209|total=2|smooth=2|singular=0
RECORD|index=7210|total=2|smooth=2|singular=0
RECORD|index=7211|total=0|smooth=0|singular=0
RECORD|index=7212|total=0|smooth=0|singular=0
RECORD|index=7213|total=1|smooth=1|singular=0
RECORD|index=7214|total=3|smooth=3|singular=0
RECORD|index=7215|total=1|smooth=1|singular=0
RECORD|index=7216|total=1|smooth=1|singular=0
RECORD|index=7217|total=3|smooth=3|singular=0
RECORD|index=7218|total=0|smooth=0|singular=0
RECORD|index=7219|total=1|smooth=1|singular=0
RECORD|index=7220|total=0|smooth=0|singular=0
RECORD|index=7221|total=1|smooth=1|singular=0
RECORD|index=7222|total=0|smooth=0|singular=0
RECORD|index=7223|total=1|smooth=1|singular=0
RECORD|index=7224|total=2|smooth=2|singular=0
RECORD|index=7225|total=0|smooth=0|singular=0
RECORD|index=7226|total=0|smooth=0|singular=0
RECORD|index=7227|total=0|smooth=0|singular=0
RECORD|index=7228|total=1|smooth=1|singular=0
RECORD|index=7229|total=0|smooth=0|singular=0
RECORD|index=7230|total=4|smooth=4|singular=0
RECORD|index=7231|total=1|smooth=1|singular=0
RECORD|index=7232|total=2|smooth=2|singular=0
RECORD|index=7233|total=2|smooth=2|singular=0
RECORD|index=7234|total=0|smooth=0|singular=0
RECORD|index=7235|total=3|smooth=3|singular=0
RECORD|index=7236|total=1|smooth=1|singular=0
RECORD|index=7237|total=1|smooth=0|singular=1
RECORD|index=7238|total=1|smooth=1|singular=0
RECORD|index=7239|total=2|smooth=2|singular=0
RECORD|index=7240|total=1|smooth=1|singular=0
RECORD|index=7241|total=0|smooth=0|singular=0
RECORD|index=7242|total=2|smooth=2|singular=0
RECORD|index=7243|total=2|smooth=2|singular=0
RECORD|index=7244|total=3|smooth=3|singular=0
RECORD|index=7245|total=4|smooth=4|singular=0
RECORD|index=7246|total=2|smooth=2|singular=0
RECORD|index=7247|total=3|smooth=3|singular=0
RECORD|index=7248|total=1|smooth=1|singular=0
RECORD|index=7249|total=3|smooth=3|singular=0
RECORD|index=7250|total=1|smooth=1|singular=0
RECORD|index=7251|total=1|smooth=1|singular=0
RECORD|index=7252|total=1|smooth=1|singular=0
RECORD|index=7253|total=3|smooth=3|singular=0
RECORD|index=7254|total=0|smooth=0|singular=0
RECORD|index=7255|total=0|smooth=0|singular=0
RECORD|index=7256|total=2|smooth=2|singular=0
RECORD|index=7257|total=0|smooth=0|singular=0
RECORD|index=7258|total=2|smooth=2|singular=0
RECORD|index=7259|total=0|smooth=0|singular=0
RECORD|index=7260|total=2|smooth=2|singular=0
RECORD|index=7261|total=3|smooth=3|singular=0
RECORD|index=7262|total=1|smooth=1|singular=0
RECORD|index=7263|total=0|smooth=0|singular=0
RECORD|index=7264|total=0|smooth=0|singular=0
RECORD|index=7265|total=1|smooth=1|singular=0
RECORD|index=7266|total=0|smooth=0|singular=0
RECORD|index=7267|total=3|smooth=3|singular=0
RECORD|index=7268|total=0|smooth=0|singular=0
RECORD|index=7269|total=2|smooth=2|singular=0
RECORD|index=7270|total=0|smooth=0|singular=0
RECORD|index=7271|total=0|smooth=0|singular=0
RECORD|index=7272|total=1|smooth=1|singular=0
RECORD|index=7273|total=3|smooth=3|singular=0
RECORD|index=7274|total=1|smooth=1|singular=0
RECORD|index=7275|total=1|smooth=1|singular=0
RECORD|index=7276|total=2|smooth=2|singular=0
RECORD|index=7277|total=0|smooth=0|singular=0
RECORD|index=7278|total=0|smooth=0|singular=0
RECORD|index=7279|total=2|smooth=2|singular=0
RECORD|index=7280|total=1|smooth=1|singular=0
RECORD|index=7281|total=0|smooth=0|singular=0
RECORD|index=7282|total=0|smooth=0|singular=0
RECORD|index=7283|total=0|smooth=0|singular=0
RECORD|index=7284|total=1|smooth=1|singular=0
RECORD|index=7285|total=2|smooth=2|singular=0
RECORD|index=7286|total=1|smooth=1|singular=0
RECORD|index=7287|total=0|smooth=0|singular=0
RECORD|index=7288|total=0|smooth=0|singular=0
RECORD|index=7289|total=0|smooth=0|singular=0
RECORD|index=7290|total=1|smooth=1|singular=0
RECORD|index=7291|total=0|smooth=0|singular=0
RECORD|index=7292|total=0|smooth=0|singular=0
RECORD|index=7293|total=0|smooth=0|singular=0
RECORD|index=7294|total=0|smooth=0|singular=0
RECORD|index=7295|total=3|smooth=3|singular=0
RECORD|index=7296|total=1|smooth=1|singular=0
RECORD|index=7297|total=2|smooth=2|singular=0
RECORD|index=7298|total=0|smooth=0|singular=0
RECORD|index=7299|total=1|smooth=1|singular=0
RECORD|index=7300|total=1|smooth=1|singular=0
RECORD|index=7301|total=1|smooth=1|singular=0
RECORD|index=7302|total=0|smooth=0|singular=0
RECORD|index=7303|total=1|smooth=1|singular=0
RECORD|index=7304|total=0|smooth=0|singular=0
RECORD|index=7305|total=0|smooth=0|singular=0
RECORD|index=7306|total=1|smooth=1|singular=0
RECORD|index=7307|total=0|smooth=0|singular=0
RECORD|index=7308|total=1|smooth=1|singular=0
RECORD|index=7309|total=1|smooth=1|singular=0
RECORD|index=7310|total=1|smooth=1|singular=0
RECORD|index=7311|total=0|smooth=0|singular=0
RECORD|index=7312|total=0|smooth=0|singular=0
RECORD|index=7313|total=0|smooth=0|singular=0
RECORD|index=7314|total=1|smooth=1|singular=0
RECORD|index=7315|total=1|smooth=1|singular=0
RECORD|index=7316|total=1|smooth=1|singular=0
RECORD|index=7317|total=2|smooth=2|singular=0
RECORD|index=7318|total=1|smooth=1|singular=0
RECORD|index=7319|total=1|smooth=1|singular=0
RECORD|index=7320|total=1|smooth=1|singular=0
RECORD|index=7321|total=1|smooth=1|singular=0
RECORD|index=7322|total=1|smooth=1|singular=0
RECORD|index=7323|total=1|smooth=1|singular=0
RECORD|index=7324|total=2|smooth=2|singular=0
RECORD|index=7325|total=0|smooth=0|singular=0
RECORD|index=7326|total=1|smooth=1|singular=0
RECORD|index=7327|total=0|smooth=0|singular=0
RECORD|index=7328|total=0|smooth=0|singular=0
RECORD|index=7329|total=1|smooth=1|singular=0
RECORD|index=7330|total=2|smooth=2|singular=0
RECORD|index=7331|total=2|smooth=2|singular=0
RECORD|index=7332|total=0|smooth=0|singular=0
RECORD|index=7333|total=1|smooth=1|singular=0
RECORD|index=7334|total=1|smooth=1|singular=0
RECORD|index=7335|total=1|smooth=1|singular=0
RECORD|index=7336|total=1|smooth=1|singular=0
RECORD|index=7337|total=3|smooth=3|singular=0
RECORD|index=7338|total=1|smooth=1|singular=0
RECORD|index=7339|total=0|smooth=0|singular=0
RECORD|index=7340|total=2|smooth=2|singular=0
RECORD|index=7341|total=2|smooth=2|singular=0
RECORD|index=7342|total=0|smooth=0|singular=0
RECORD|index=7343|total=0|smooth=0|singular=0
RECORD|index=7344|total=1|smooth=1|singular=0
RECORD|index=7345|total=3|smooth=3|singular=0
RECORD|index=7346|total=0|smooth=0|singular=0
RECORD|index=7347|total=1|smooth=1|singular=0
RECORD|index=7348|total=1|smooth=1|singular=0
RECORD|index=7349|total=0|smooth=0|singular=0
RECORD|index=7350|total=1|smooth=1|singular=0
RECORD|index=7351|total=0|smooth=0|singular=0
RECORD|index=7352|total=2|smooth=2|singular=0
RECORD|index=7353|total=1|smooth=1|singular=0
RECORD|index=7354|total=2|smooth=2|singular=0
RECORD|index=7355|total=0|smooth=0|singular=0
RECORD|index=7356|total=0|smooth=0|singular=0
RECORD|index=7357|total=1|smooth=1|singular=0
RECORD|index=7358|total=0|smooth=0|singular=0
RECORD|index=7359|total=1|smooth=1|singular=0
RECORD|index=7360|total=0|smooth=0|singular=0
RECORD|index=7361|total=2|smooth=2|singular=0
RECORD|index=7362|total=3|smooth=3|singular=0
RECORD|index=7363|total=2|smooth=2|singular=0
RECORD|index=7364|total=3|smooth=3|singular=0
RECORD|index=7365|total=2|smooth=2|singular=0
RECORD|index=7366|total=1|smooth=1|singular=0
RECORD|index=7367|total=3|smooth=3|singular=0
RECORD|index=7368|total=3|smooth=3|singular=0
RECORD|index=7369|total=1|smooth=1|singular=0
RECORD|index=7370|total=1|smooth=1|singular=0
RECORD|index=7371|total=1|smooth=1|singular=0
RECORD|index=7372|total=0|smooth=0|singular=0
RECORD|index=7373|total=0|smooth=0|singular=0
RECORD|index=7374|total=0|smooth=0|singular=0
RECORD|index=7375|total=0|smooth=0|singular=0
RECORD|index=7376|total=0|smooth=0|singular=0
RECORD|index=7377|total=0|smooth=0|singular=0
RECORD|index=7378|total=0|smooth=0|singular=0
RECORD|index=7379|total=1|smooth=1|singular=0
RECORD|index=7380|total=0|smooth=0|singular=0
RECORD|index=7381|total=0|smooth=0|singular=0
RECORD|index=7382|total=2|smooth=2|singular=0
RECORD|index=7383|total=0|smooth=0|singular=0
RECORD|index=7384|total=2|smooth=2|singular=0
RECORD|index=7385|total=0|smooth=0|singular=0
RECORD|index=7386|total=1|smooth=1|singular=0
RECORD|index=7387|total=0|smooth=0|singular=0
RECORD|index=7388|total=0|smooth=0|singular=0
RECORD|index=7389|total=0|smooth=0|singular=0
RECORD|index=7390|total=2|smooth=2|singular=0
RECORD|index=7391|total=3|smooth=3|singular=0
RECORD|index=7392|total=1|smooth=1|singular=0
RECORD|index=7393|total=0|smooth=0|singular=0
RECORD|index=7394|total=2|smooth=2|singular=0
RECORD|index=7395|total=2|smooth=2|singular=0
RECORD|index=7396|total=1|smooth=1|singular=0
RECORD|index=7397|total=2|smooth=2|singular=0
RECORD|index=7398|total=2|smooth=2|singular=0
RECORD|index=7399|total=2|smooth=2|singular=0
RECORD|index=7400|total=1|smooth=1|singular=0
RECORD|index=7401|total=0|smooth=0|singular=0
RECORD|index=7402|total=1|smooth=1|singular=0
RECORD|index=7403|total=0|smooth=0|singular=0
RECORD|index=7404|total=1|smooth=1|singular=0
RECORD|index=7405|total=0|smooth=0|singular=0
RECORD|index=7406|total=1|smooth=1|singular=0
RECORD|index=7407|total=0|smooth=0|singular=0
RECORD|index=7408|total=1|smooth=1|singular=0
RECORD|index=7409|total=4|smooth=4|singular=0
RECORD|index=7410|total=0|smooth=0|singular=0
RECORD|index=7411|total=0|smooth=0|singular=0
RECORD|index=7412|total=2|smooth=2|singular=0
RECORD|index=7413|total=0|smooth=0|singular=0
RECORD|index=7414|total=1|smooth=1|singular=0
RECORD|index=7415|total=2|smooth=2|singular=0
RECORD|index=7416|total=1|smooth=1|singular=0
RECORD|index=7417|total=1|smooth=1|singular=0
RECORD|index=7418|total=1|smooth=1|singular=0
RECORD|index=7419|total=2|smooth=2|singular=0
RECORD|index=7420|total=0|smooth=0|singular=0
RECORD|index=7421|total=2|smooth=2|singular=0
RECORD|index=7422|total=0|smooth=0|singular=0
RECORD|index=7423|total=0|smooth=0|singular=0
RECORD|index=7424|total=4|smooth=4|singular=0
RECORD|index=7425|total=1|smooth=1|singular=0
RECORD|index=7426|total=2|smooth=2|singular=0
RECORD|index=7427|total=0|smooth=0|singular=0
RECORD|index=7428|total=3|smooth=3|singular=0
RECORD|index=7429|total=1|smooth=1|singular=0
RECORD|index=7430|total=1|smooth=1|singular=0
RECORD|index=7431|total=2|smooth=2|singular=0
RECORD|index=7432|total=0|smooth=0|singular=0
RECORD|index=7433|total=1|smooth=1|singular=0
RECORD|index=7434|total=1|smooth=1|singular=0
RECORD|index=7435|total=1|smooth=1|singular=0
RECORD|index=7436|total=1|smooth=1|singular=0
RECORD|index=7437|total=1|smooth=1|singular=0
RECORD|index=7438|total=0|smooth=0|singular=0
RECORD|index=7439|total=1|smooth=1|singular=0
RECORD|index=7440|total=0|smooth=0|singular=0
RECORD|index=7441|total=0|smooth=0|singular=0
RECORD|index=7442|total=0|smooth=0|singular=0
RECORD|index=7443|total=2|smooth=2|singular=0
RECORD|index=7444|total=0|smooth=0|singular=0
RECORD|index=7445|total=2|smooth=2|singular=0
RECORD|index=7446|total=2|smooth=2|singular=0
RECORD|index=7447|total=2|smooth=2|singular=0
RECORD|index=7448|total=0|smooth=0|singular=0
RECORD|index=7449|total=1|smooth=1|singular=0
RECORD|index=7450|total=2|smooth=2|singular=0
RECORD|index=7451|total=0|smooth=0|singular=0
RECORD|index=7452|total=0|smooth=0|singular=0
RECORD|index=7453|total=1|smooth=1|singular=0
RECORD|index=7454|total=1|smooth=1|singular=0
RECORD|index=7455|total=3|smooth=3|singular=0
RECORD|index=7456|total=1|smooth=1|singular=0
RECORD|index=7457|total=3|smooth=3|singular=0
RECORD|index=7458|total=1|smooth=1|singular=0
RECORD|index=7459|total=0|smooth=0|singular=0
RECORD|index=7460|total=0|smooth=0|singular=0
RECORD|index=7461|total=1|smooth=1|singular=0
RECORD|index=7462|total=3|smooth=3|singular=0
RECORD|index=7463|total=0|smooth=0|singular=0
RECORD|index=7464|total=2|smooth=2|singular=0
RECORD|index=7465|total=0|smooth=0|singular=0
RECORD|index=7466|total=0|smooth=0|singular=0
RECORD|index=7467|total=1|smooth=1|singular=0
RECORD|index=7468|total=1|smooth=1|singular=0
RECORD|index=7469|total=1|smooth=1|singular=0
RECORD|index=7470|total=0|smooth=0|singular=0
RECORD|index=7471|total=2|smooth=2|singular=0
RECORD|index=7472|total=1|smooth=1|singular=0
RECORD|index=7473|total=0|smooth=0|singular=0
RECORD|index=7474|total=1|smooth=1|singular=0
RECORD|index=7475|total=1|smooth=1|singular=0
RECORD|index=7476|total=1|smooth=1|singular=0
RECORD|index=7477|total=1|smooth=1|singular=0
RECORD|index=7478|total=2|smooth=2|singular=0
RECORD|index=7479|total=0|smooth=0|singular=0
RECORD|index=7480|total=2|smooth=2|singular=0
RECORD|index=7481|total=0|smooth=0|singular=0
RECORD|index=7482|total=1|smooth=1|singular=0
RECORD|index=7483|total=0|smooth=0|singular=0
RECORD|index=7484|total=0|smooth=0|singular=0
RECORD|index=7485|total=1|smooth=1|singular=0
RECORD|index=7486|total=1|smooth=1|singular=0
RECORD|index=7487|total=0|smooth=0|singular=0
RECORD|index=7488|total=0|smooth=0|singular=0
RECORD|index=7489|total=2|smooth=2|singular=0
RECORD|index=7490|total=0|smooth=0|singular=0
RECORD|index=7491|total=1|smooth=1|singular=0
RECORD|index=7492|total=1|smooth=1|singular=0
RECORD|index=7493|total=0|smooth=0|singular=0
RECORD|index=7494|total=3|smooth=3|singular=0
RECORD|index=7495|total=0|smooth=0|singular=0
RECORD|index=7496|total=1|smooth=1|singular=0
RECORD|index=7497|total=1|smooth=1|singular=0
RECORD|index=7498|total=2|smooth=2|singular=0
RECORD|index=7499|total=1|smooth=1|singular=0
RECORD|index=7500|total=2|smooth=2|singular=0
RECORD|index=7501|total=1|smooth=1|singular=0
RECORD|index=7502|total=0|smooth=0|singular=0
RECORD|index=7503|total=1|smooth=1|singular=0
RECORD|index=7504|total=0|smooth=0|singular=0
RECORD|index=7505|total=2|smooth=2|singular=0
RECORD|index=7506|total=2|smooth=2|singular=0
RECORD|index=7507|total=2|smooth=2|singular=0
RECORD|index=7508|total=2|smooth=2|singular=0
RECORD|index=7509|total=1|smooth=1|singular=0
RECORD|index=7510|total=1|smooth=1|singular=0
RECORD|index=7511|total=0|smooth=0|singular=0
RECORD|index=7512|total=2|smooth=2|singular=0
RECORD|index=7513|total=4|smooth=4|singular=0
RECORD|index=7514|total=0|smooth=0|singular=0
RECORD|index=7515|total=0|smooth=0|singular=0
RECORD|index=7516|total=3|smooth=3|singular=0
RECORD|index=7517|total=0|smooth=0|singular=0
RECORD|index=7518|total=0|smooth=0|singular=0
RECORD|index=7519|total=1|smooth=1|singular=0
RECORD|index=7520|total=4|smooth=4|singular=0
RECORD|index=7521|total=0|smooth=0|singular=0
RECORD|index=7522|total=0|smooth=0|singular=0
RECORD|index=7523|total=0|smooth=0|singular=0
RECORD|index=7524|total=2|smooth=2|singular=0
RECORD|index=7525|total=1|smooth=1|singular=0
RECORD|index=7526|total=0|smooth=0|singular=0
RECORD|index=7527|total=1|smooth=1|singular=0
RECORD|index=7528|total=1|smooth=1|singular=0
RECORD|index=7529|total=1|smooth=1|singular=0
RECORD|index=7530|total=0|smooth=0|singular=0
RECORD|index=7531|total=2|smooth=2|singular=0
RECORD|index=7532|total=0|smooth=0|singular=0
RECORD|index=7533|total=1|smooth=1|singular=0
RECORD|index=7534|total=1|smooth=1|singular=0
RECORD|index=7535|total=0|smooth=0|singular=0
RECORD|index=7536|total=1|smooth=1|singular=0
RECORD|index=7537|total=0|smooth=0|singular=0
RECORD|index=7538|total=0|smooth=0|singular=0
RECORD|index=7539|total=1|smooth=1|singular=0
RECORD|index=7540|total=0|smooth=0|singular=0
RECORD|index=7541|total=1|smooth=1|singular=0
RECORD|index=7542|total=0|smooth=0|singular=0
RECORD|index=7543|total=3|smooth=3|singular=0
RECORD|index=7544|total=0|smooth=0|singular=0
RECORD|index=7545|total=1|smooth=1|singular=0
RECORD|index=7546|total=1|smooth=1|singular=0
RECORD|index=7547|total=2|smooth=2|singular=0
RECORD|index=7548|total=0|smooth=0|singular=0
RECORD|index=7549|total=0|smooth=0|singular=0
RECORD|index=7550|total=0|smooth=0|singular=0
RECORD|index=7551|total=1|smooth=1|singular=0
RECORD|index=7552|total=1|smooth=1|singular=0
RECORD|index=7553|total=2|smooth=2|singular=0
RECORD|index=7554|total=0|smooth=0|singular=0
RECORD|index=7555|total=3|smooth=3|singular=0
RECORD|index=7556|total=1|smooth=1|singular=0
RECORD|index=7557|total=1|smooth=1|singular=0
RECORD|index=7558|total=2|smooth=2|singular=0
RECORD|index=7559|total=1|smooth=1|singular=0
RECORD|index=7560|total=2|smooth=2|singular=0
RECORD|index=7561|total=0|smooth=0|singular=0
RECORD|index=7562|total=0|smooth=0|singular=0
RECORD|index=7563|total=1|smooth=1|singular=0
RECORD|index=7564|total=0|smooth=0|singular=0
RECORD|index=7565|total=0|smooth=0|singular=0
RECORD|index=7566|total=2|smooth=2|singular=0
RECORD|index=7567|total=0|smooth=0|singular=0
RECORD|index=7568|total=0|smooth=0|singular=0
RECORD|index=7569|total=1|smooth=1|singular=0
RECORD|index=7570|total=3|smooth=3|singular=0
RECORD|index=7571|total=0|smooth=0|singular=0
RECORD|index=7572|total=1|smooth=1|singular=0
RECORD|index=7573|total=2|smooth=2|singular=0
RECORD|index=7574|total=2|smooth=2|singular=0
RECORD|index=7575|total=2|smooth=2|singular=0
RECORD|index=7576|total=3|smooth=3|singular=0
RECORD|index=7577|total=1|smooth=1|singular=0
RECORD|index=7578|total=1|smooth=1|singular=0
RECORD|index=7579|total=2|smooth=2|singular=0
RECORD|index=7580|total=1|smooth=1|singular=0
RECORD|index=7581|total=1|smooth=1|singular=0
RECORD|index=7582|total=0|smooth=0|singular=0
RECORD|index=7583|total=0|smooth=0|singular=0
RECORD|index=7584|total=1|smooth=1|singular=0
RECORD|index=7585|total=2|smooth=2|singular=0
RECORD|index=7586|total=0|smooth=0|singular=0
RECORD|index=7587|total=0|smooth=0|singular=0
RECORD|index=7588|total=0|smooth=0|singular=0
RECORD|index=7589|total=2|smooth=2|singular=0
RECORD|index=7590|total=1|smooth=1|singular=0
RECORD|index=7591|total=2|smooth=2|singular=0
RECORD|index=7592|total=1|smooth=1|singular=0
RECORD|index=7593|total=0|smooth=0|singular=0
RECORD|index=7594|total=0|smooth=0|singular=0
RECORD|index=7595|total=1|smooth=1|singular=0
RECORD|index=7596|total=0|smooth=0|singular=0
RECORD|index=7597|total=1|smooth=1|singular=0
RECORD|index=7598|total=1|smooth=1|singular=0
RECORD|index=7599|total=1|smooth=1|singular=0
RECORD|index=7600|total=1|smooth=1|singular=0
RECORD|index=7601|total=2|smooth=2|singular=0
RECORD|index=7602|total=1|smooth=1|singular=0
RECORD|index=7603|total=0|smooth=0|singular=0
RECORD|index=7604|total=1|smooth=1|singular=0
RECORD|index=7605|total=0|smooth=0|singular=0
RECORD|index=7606|total=0|smooth=0|singular=0
RECORD|index=7607|total=1|smooth=1|singular=0
RECORD|index=7608|total=1|smooth=1|singular=0
RECORD|index=7609|total=1|smooth=1|singular=0
RECORD|index=7610|total=0|smooth=0|singular=0
RECORD|index=7611|total=1|smooth=1|singular=0
RECORD|index=7612|total=0|smooth=0|singular=0
RECORD|index=7613|total=0|smooth=0|singular=0
RECORD|index=7614|total=0|smooth=0|singular=0
RECORD|index=7615|total=0|smooth=0|singular=0
RECORD|index=7616|total=0|smooth=0|singular=0
RECORD|index=7617|total=1|smooth=1|singular=0
RECORD|index=7618|total=0|smooth=0|singular=0
RECORD|index=7619|total=0|smooth=0|singular=0
RECORD|index=7620|total=0|smooth=0|singular=0
RECORD|index=7621|total=1|smooth=1|singular=0
RECORD|index=7622|total=1|smooth=1|singular=0
RECORD|index=7623|total=0|smooth=0|singular=0
RECORD|index=7624|total=0|smooth=0|singular=0
RECORD|index=7625|total=1|smooth=1|singular=0
RECORD|index=7626|total=2|smooth=2|singular=0
RECORD|index=7627|total=0|smooth=0|singular=0
RECORD|index=7628|total=0|smooth=0|singular=0
RECORD|index=7629|total=0|smooth=0|singular=0
RECORD|index=7630|total=2|smooth=2|singular=0
RECORD|index=7631|total=0|smooth=0|singular=0
RECORD|index=7632|total=1|smooth=1|singular=0
RECORD|index=7633|total=1|smooth=1|singular=0
RECORD|index=7634|total=0|smooth=0|singular=0
RECORD|index=7635|total=0|smooth=0|singular=0
RECORD|index=7636|total=0|smooth=0|singular=0
RECORD|index=7637|total=2|smooth=2|singular=0
RECORD|index=7638|total=2|smooth=2|singular=0
RECORD|index=7639|total=1|smooth=1|singular=0
RECORD|index=7640|total=1|smooth=1|singular=0
RECORD|index=7641|total=3|smooth=3|singular=0
RECORD|index=7642|total=1|smooth=1|singular=0
RECORD|index=7643|total=1|smooth=1|singular=0
RECORD|index=7644|total=2|smooth=2|singular=0
RECORD|index=7645|total=4|smooth=4|singular=0
RECORD|index=7646|total=0|smooth=0|singular=0
RECORD|index=7647|total=0|smooth=0|singular=0
RECORD|index=7648|total=0|smooth=0|singular=0
RECORD|index=7649|total=3|smooth=3|singular=0
RECORD|index=7650|total=2|smooth=2|singular=0
RECORD|index=7651|total=1|smooth=1|singular=0
RECORD|index=7652|total=0|smooth=0|singular=0
RECORD|index=7653|total=1|smooth=1|singular=0
RECORD|index=7654|total=0|smooth=0|singular=0
RECORD|index=7655|total=0|smooth=0|singular=0
RECORD|index=7656|total=1|smooth=1|singular=0
RECORD|index=7657|total=1|smooth=1|singular=0
RECORD|index=7658|total=1|smooth=1|singular=0
RECORD|index=7659|total=1|smooth=1|singular=0
RECORD|index=7660|total=0|smooth=0|singular=0
RECORD|index=7661|total=1|smooth=1|singular=0
RECORD|index=7662|total=1|smooth=1|singular=0
RECORD|index=7663|total=1|smooth=1|singular=0
RECORD|index=7664|total=1|smooth=1|singular=0
RECORD|index=7665|total=0|smooth=0|singular=0
RECORD|index=7666|total=0|smooth=0|singular=0
RECORD|index=7667|total=2|smooth=2|singular=0
RECORD|index=7668|total=1|smooth=1|singular=0
RECORD|index=7669|total=0|smooth=0|singular=0
RECORD|index=7670|total=0|smooth=0|singular=0
RECORD|index=7671|total=0|smooth=0|singular=0
RECORD|index=7672|total=2|smooth=2|singular=0
RECORD|index=7673|total=0|smooth=0|singular=0
RECORD|index=7674|total=1|smooth=1|singular=0
RECORD|index=7675|total=0|smooth=0|singular=0
RECORD|index=7676|total=0|smooth=0|singular=0
RECORD|index=7677|total=2|smooth=2|singular=0
RECORD|index=7678|total=0|smooth=0|singular=0
RECORD|index=7679|total=1|smooth=1|singular=0
RECORD|index=7680|total=1|smooth=1|singular=0
RECORD|index=7681|total=1|smooth=1|singular=0
RECORD|index=7682|total=0|smooth=0|singular=0
RECORD|index=7683|total=1|smooth=1|singular=0
RECORD|index=7684|total=0|smooth=0|singular=0
RECORD|index=7685|total=0|smooth=0|singular=0
RECORD|index=7686|total=1|smooth=1|singular=0
RECORD|index=7687|total=2|smooth=2|singular=0
RECORD|index=7688|total=1|smooth=1|singular=0
RECORD|index=7689|total=1|smooth=1|singular=0
RECORD|index=7690|total=0|smooth=0|singular=0
RECORD|index=7691|total=0|smooth=0|singular=0
RECORD|index=7692|total=2|smooth=2|singular=0
RECORD|index=7693|total=1|smooth=1|singular=0
RECORD|index=7694|total=1|smooth=1|singular=0
RECORD|index=7695|total=2|smooth=2|singular=0
RECORD|index=7696|total=1|smooth=1|singular=0
RECORD|index=7697|total=1|smooth=1|singular=0
RECORD|index=7698|total=0|smooth=0|singular=0
RECORD|index=7699|total=4|smooth=4|singular=0
RECORD|index=7700|total=3|smooth=3|singular=0
RECORD|index=7701|total=1|smooth=1|singular=0
RECORD|index=7702|total=0|smooth=0|singular=0
RECORD|index=7703|total=0|smooth=0|singular=0
RECORD|index=7704|total=3|smooth=3|singular=0
RECORD|index=7705|total=1|smooth=1|singular=0
RECORD|index=7706|total=2|smooth=2|singular=0
RECORD|index=7707|total=0|smooth=0|singular=0
RECORD|index=7708|total=0|smooth=0|singular=0
RECORD|index=7709|total=0|smooth=0|singular=0
RECORD|index=7710|total=4|smooth=4|singular=0
RECORD|index=7711|total=0|smooth=0|singular=0
RECORD|index=7712|total=0|smooth=0|singular=0
RECORD|index=7713|total=0|smooth=0|singular=0
RECORD|index=7714|total=0|smooth=0|singular=0
RECORD|index=7715|total=0|smooth=0|singular=0
RECORD|index=7716|total=0|smooth=0|singular=0
RECORD|index=7717|total=0|smooth=0|singular=0
RECORD|index=7718|total=3|smooth=3|singular=0
RECORD|index=7719|total=2|smooth=2|singular=0
RECORD|index=7720|total=5|smooth=5|singular=0
RECORD|index=7721|total=0|smooth=0|singular=0
RECORD|index=7722|total=0|smooth=0|singular=0
RECORD|index=7723|total=1|smooth=1|singular=0
RECORD|index=7724|total=1|smooth=1|singular=0
RECORD|index=7725|total=1|smooth=1|singular=0
RECORD|index=7726|total=3|smooth=3|singular=0
RECORD|index=7727|total=3|smooth=3|singular=0
RECORD|index=7728|total=2|smooth=2|singular=0
RECORD|index=7729|total=1|smooth=1|singular=0
RECORD|index=7730|total=1|smooth=1|singular=0
RECORD|index=7731|total=0|smooth=0|singular=0
RECORD|index=7732|total=0|smooth=0|singular=0
RECORD|index=7733|total=0|smooth=0|singular=0
RECORD|index=7734|total=2|smooth=2|singular=0
RECORD|index=7735|total=1|smooth=1|singular=0
RECORD|index=7736|total=3|smooth=3|singular=0
RECORD|index=7737|total=4|smooth=4|singular=0
RECORD|index=7738|total=1|smooth=1|singular=0
RECORD|index=7739|total=1|smooth=1|singular=0
RECORD|index=7740|total=0|smooth=0|singular=0
RECORD|index=7741|total=1|smooth=1|singular=0
RECORD|index=7742|total=1|smooth=1|singular=0
RECORD|index=7743|total=0|smooth=0|singular=0
RECORD|index=7744|total=2|smooth=2|singular=0
RECORD|index=7745|total=0|smooth=0|singular=0
RECORD|index=7746|total=1|smooth=1|singular=0
RECORD|index=7747|total=1|smooth=1|singular=0
RECORD|index=7748|total=0|smooth=0|singular=0
RECORD|index=7749|total=1|smooth=1|singular=0
RECORD|index=7750|total=1|smooth=1|singular=0
RECORD|index=7751|total=4|smooth=4|singular=0
RECORD|index=7752|total=0|smooth=0|singular=0
RECORD|index=7753|total=2|smooth=2|singular=0
RECORD|index=7754|total=0|smooth=0|singular=0
RECORD|index=7755|total=1|smooth=1|singular=0
RECORD|index=7756|total=0|smooth=0|singular=0
RECORD|index=7757|total=2|smooth=2|singular=0
RECORD|index=7758|total=0|smooth=0|singular=0
RECORD|index=7759|total=0|smooth=0|singular=0
RECORD|index=7760|total=0|smooth=0|singular=0
RECORD|index=7761|total=0|smooth=0|singular=0
RECORD|index=7762|total=0|smooth=0|singular=0
RECORD|index=7763|total=3|smooth=3|singular=0
RECORD|index=7764|total=5|smooth=5|singular=0
RECORD|index=7765|total=0|smooth=0|singular=0
RECORD|index=7766|total=3|smooth=3|singular=0
RECORD|index=7767|total=1|smooth=1|singular=0
RECORD|index=7768|total=0|smooth=0|singular=0
RECORD|index=7769|total=0|smooth=0|singular=0
RECORD|index=7770|total=0|smooth=0|singular=0
RECORD|index=7771|total=0|smooth=0|singular=0
RECORD|index=7772|total=2|smooth=2|singular=0
RECORD|index=7773|total=0|smooth=0|singular=0
RECORD|index=7774|total=0|smooth=0|singular=0
RECORD|index=7775|total=0|smooth=0|singular=0
RECORD|index=7776|total=0|smooth=0|singular=0
RECORD|index=7777|total=1|smooth=1|singular=0
RECORD|index=7778|total=2|smooth=2|singular=0
RECORD|index=7779|total=2|smooth=2|singular=0
RECORD|index=7780|total=0|smooth=0|singular=0
RECORD|index=7781|total=0|smooth=0|singular=0
RECORD|index=7782|total=1|smooth=1|singular=0
RECORD|index=7783|total=0|smooth=0|singular=0
RECORD|index=7784|total=1|smooth=1|singular=0
RECORD|index=7785|total=1|smooth=1|singular=0
RECORD|index=7786|total=1|smooth=1|singular=0
RECORD|index=7787|total=1|smooth=1|singular=0
RECORD|index=7788|total=2|smooth=2|singular=0
RECORD|index=7789|total=3|smooth=3|singular=0
RECORD|index=7790|total=1|smooth=1|singular=0
RECORD|index=7791|total=1|smooth=1|singular=0
RECORD|index=7792|total=0|smooth=0|singular=0
RECORD|index=7793|total=0|smooth=0|singular=0
RECORD|index=7794|total=2|smooth=2|singular=0
RECORD|index=7795|total=0|smooth=0|singular=0
RECORD|index=7796|total=1|smooth=1|singular=0
RECORD|index=7797|total=2|smooth=2|singular=0
RECORD|index=7798|total=0|smooth=0|singular=0
RECORD|index=7799|total=0|smooth=0|singular=0
RECORD|index=7800|total=1|smooth=1|singular=0
RECORD|index=7801|total=0|smooth=0|singular=0
RECORD|index=7802|total=1|smooth=1|singular=0
RECORD|index=7803|total=0|smooth=0|singular=0
RECORD|index=7804|total=0|smooth=0|singular=0
RECORD|index=7805|total=0|smooth=0|singular=0
RECORD|index=7806|total=1|smooth=1|singular=0
RECORD|index=7807|total=0|smooth=0|singular=0
RECORD|index=7808|total=0|smooth=0|singular=0
RECORD|index=7809|total=1|smooth=1|singular=0
RECORD|index=7810|total=1|smooth=1|singular=0
RECORD|index=7811|total=2|smooth=2|singular=0
RECORD|index=7812|total=0|smooth=0|singular=0
RECORD|index=7813|total=0|smooth=0|singular=0
RECORD|index=7814|total=0|smooth=0|singular=0
RECORD|index=7815|total=0|smooth=0|singular=0
RECORD|index=7816|total=0|smooth=0|singular=0
RECORD|index=7817|total=0|smooth=0|singular=0
RECORD|index=7818|total=1|smooth=1|singular=0
RECORD|index=7819|total=1|smooth=1|singular=0
RECORD|index=7820|total=2|smooth=2|singular=0
RECORD|index=7821|total=2|smooth=2|singular=0
RECORD|index=7822|total=1|smooth=1|singular=0
RECORD|index=7823|total=1|smooth=1|singular=0
RECORD|index=7824|total=1|smooth=1|singular=0
RECORD|index=7825|total=2|smooth=2|singular=0
RECORD|index=7826|total=1|smooth=1|singular=0
RECORD|index=7827|total=1|smooth=1|singular=0
RECORD|index=7828|total=0|smooth=0|singular=0
RECORD|index=7829|total=2|smooth=2|singular=0
RECORD|index=7830|total=4|smooth=4|singular=0
RECORD|index=7831|total=1|smooth=1|singular=0
RECORD|index=7832|total=1|smooth=1|singular=0
RECORD|index=7833|total=1|smooth=1|singular=0
RECORD|index=7834|total=1|smooth=1|singular=0
RECORD|index=7835|total=0|smooth=0|singular=0
RECORD|index=7836|total=1|smooth=1|singular=0
RECORD|index=7837|total=0|smooth=0|singular=0
RECORD|index=7838|total=0|smooth=0|singular=0
RECORD|index=7839|total=1|smooth=1|singular=0
RECORD|index=7840|total=2|smooth=2|singular=0
RECORD|index=7841|total=0|smooth=0|singular=0
RECORD|index=7842|total=0|smooth=0|singular=0
RECORD|index=7843|total=1|smooth=1|singular=0
RECORD|index=7844|total=1|smooth=1|singular=0
RECORD|index=7845|total=2|smooth=2|singular=0
RECORD|index=7846|total=1|smooth=1|singular=0
RECORD|index=7847|total=0|smooth=0|singular=0
RECORD|index=7848|total=0|smooth=0|singular=0
RECORD|index=7849|total=2|smooth=2|singular=0
RECORD|index=7850|total=1|smooth=1|singular=0
RECORD|index=7851|total=1|smooth=1|singular=0
RECORD|index=7852|total=1|smooth=1|singular=0
RECORD|index=7853|total=1|smooth=1|singular=0
RECORD|index=7854|total=4|smooth=4|singular=0
RECORD|index=7855|total=1|smooth=1|singular=0
RECORD|index=7856|total=1|smooth=1|singular=0
RECORD|index=7857|total=0|smooth=0|singular=0
RECORD|index=7858|total=0|smooth=0|singular=0
RECORD|index=7859|total=2|smooth=2|singular=0
RECORD|index=7860|total=1|smooth=1|singular=0
RECORD|index=7861|total=3|smooth=3|singular=0
RECORD|index=7862|total=5|smooth=5|singular=0
RECORD|index=7863|total=1|smooth=1|singular=0
RECORD|index=7864|total=0|smooth=0|singular=0
RECORD|index=7865|total=1|smooth=1|singular=0
RECORD|index=7866|total=1|smooth=1|singular=0
RECORD|index=7867|total=1|smooth=1|singular=0
RECORD|index=7868|total=0|smooth=0|singular=0
RECORD|index=7869|total=1|smooth=1|singular=0
RECORD|index=7870|total=1|smooth=1|singular=0
RECORD|index=7871|total=1|smooth=1|singular=0
RECORD|index=7872|total=0|smooth=0|singular=0
RECORD|index=7873|total=1|smooth=1|singular=0
RECORD|index=7874|total=1|smooth=1|singular=0
RECORD|index=7875|total=2|smooth=2|singular=0
RECORD|index=7876|total=0|smooth=0|singular=0
RECORD|index=7877|total=0|smooth=0|singular=0
RECORD|index=7878|total=1|smooth=1|singular=0
RECORD|index=7879|total=0|smooth=0|singular=0
RECORD|index=7880|total=3|smooth=3|singular=0
RECORD|index=7881|total=0|smooth=0|singular=0
RECORD|index=7882|total=0|smooth=0|singular=0
RECORD|index=7883|total=2|smooth=2|singular=0
RECORD|index=7884|total=0|smooth=0|singular=0
RECORD|index=7885|total=0|smooth=0|singular=0
RECORD|index=7886|total=0|smooth=0|singular=0
RECORD|index=7887|total=0|smooth=0|singular=0
RECORD|index=7888|total=1|smooth=1|singular=0
RECORD|index=7889|total=0|smooth=0|singular=0
RECORD|index=7890|total=2|smooth=2|singular=0
RECORD|index=7891|total=1|smooth=1|singular=0
RECORD|index=7892|total=0|smooth=0|singular=0
RECORD|index=7893|total=0|smooth=0|singular=0
RECORD|index=7894|total=0|smooth=0|singular=0
RECORD|index=7895|total=0|smooth=0|singular=0
RECORD|index=7896|total=0|smooth=0|singular=0
RECORD|index=7897|total=1|smooth=1|singular=0
RECORD|index=7898|total=0|smooth=0|singular=0
RECORD|index=7899|total=3|smooth=3|singular=0
RECORD|index=7900|total=1|smooth=1|singular=0
RECORD|index=7901|total=0|smooth=0|singular=0
RECORD|index=7902|total=1|smooth=1|singular=0
RECORD|index=7903|total=1|smooth=1|singular=0
RECORD|index=7904|total=0|smooth=0|singular=0
RECORD|index=7905|total=2|smooth=2|singular=0
RECORD|index=7906|total=1|smooth=1|singular=0
RECORD|index=7907|total=0|smooth=0|singular=0
RECORD|index=7908|total=1|smooth=1|singular=0
RECORD|index=7909|total=2|smooth=2|singular=0
RECORD|index=7910|total=0|smooth=0|singular=0
RECORD|index=7911|total=0|smooth=0|singular=0
RECORD|index=7912|total=1|smooth=1|singular=0
RECORD|index=7913|total=0|smooth=0|singular=0
RECORD|index=7914|total=1|smooth=1|singular=0
RECORD|index=7915|total=1|smooth=1|singular=0
RECORD|index=7916|total=1|smooth=1|singular=0
RECORD|index=7917|total=1|smooth=1|singular=0
RECORD|index=7918|total=1|smooth=1|singular=0
RECORD|index=7919|total=0|smooth=0|singular=0
RECORD|index=7920|total=1|smooth=1|singular=0
RECORD|index=7921|total=1|smooth=1|singular=0
RECORD|index=7922|total=3|smooth=3|singular=0
RECORD|index=7923|total=1|smooth=1|singular=0
RECORD|index=7924|total=1|smooth=1|singular=0
RECORD|index=7925|total=1|smooth=1|singular=0
RECORD|index=7926|total=0|smooth=0|singular=0
RECORD|index=7927|total=1|smooth=1|singular=0
RECORD|index=7928|total=3|smooth=3|singular=0
RECORD|index=7929|total=3|smooth=3|singular=0
RECORD|index=7930|total=1|smooth=1|singular=0
RECORD|index=7931|total=0|smooth=0|singular=0
RECORD|index=7932|total=1|smooth=1|singular=0
RECORD|index=7933|total=0|smooth=0|singular=0
RECORD|index=7934|total=2|smooth=2|singular=0
RECORD|index=7935|total=2|smooth=2|singular=0
RECORD|index=7936|total=1|smooth=1|singular=0
RECORD|index=7937|total=2|smooth=2|singular=0
RECORD|index=7938|total=1|smooth=1|singular=0
RECORD|index=7939|total=3|smooth=3|singular=0
RECORD|index=7940|total=1|smooth=1|singular=0
RECORD|index=7941|total=2|smooth=2|singular=0
RECORD|index=7942|total=2|smooth=2|singular=0
RECORD|index=7943|total=1|smooth=1|singular=0
RECORD|index=7944|total=0|smooth=0|singular=0
RECORD|index=7945|total=0|smooth=0|singular=0
RECORD|index=7946|total=2|smooth=2|singular=0
RECORD|index=7947|total=0|smooth=0|singular=0
RECORD|index=7948|total=1|smooth=1|singular=0
RECORD|index=7949|total=1|smooth=1|singular=0
RECORD|index=7950|total=4|smooth=4|singular=0
RECORD|index=7951|total=0|smooth=0|singular=0
RECORD|index=7952|total=4|smooth=4|singular=0
RECORD|index=7953|total=2|smooth=2|singular=0
RECORD|index=7954|total=3|smooth=3|singular=0
RECORD|index=7955|total=3|smooth=3|singular=0
RECORD|index=7956|total=0|smooth=0|singular=0
RECORD|index=7957|total=0|smooth=0|singular=0
RECORD|index=7958|total=2|smooth=2|singular=0
RECORD|index=7959|total=2|smooth=2|singular=0
RECORD|index=7960|total=0|smooth=0|singular=0
RECORD|index=7961|total=2|smooth=2|singular=0
RECORD|index=7962|total=0|smooth=0|singular=0
RECORD|index=7963|total=0|smooth=0|singular=0
RECORD|index=7964|total=2|smooth=2|singular=0
RECORD|index=7965|total=0|smooth=0|singular=0
RECORD|index=7966|total=0|smooth=0|singular=0
RECORD|index=7967|total=1|smooth=1|singular=0
RECORD|index=7968|total=1|smooth=1|singular=0
RECORD|index=7969|total=3|smooth=3|singular=0
RECORD|index=7970|total=1|smooth=1|singular=0
RECORD|index=7971|total=1|smooth=1|singular=0
RECORD|index=7972|total=3|smooth=3|singular=0
RECORD|index=7973|total=2|smooth=2|singular=0
RECORD|index=7974|total=2|smooth=2|singular=0
RECORD|index=7975|total=0|smooth=0|singular=0
RECORD|index=7976|total=0|smooth=0|singular=0
RECORD|index=7977|total=2|smooth=2|singular=0
RECORD|index=7978|total=4|smooth=4|singular=0
RECORD|index=7979|total=2|smooth=2|singular=0
RECORD|index=7980|total=0|smooth=0|singular=0
RECORD|index=7981|total=1|smooth=1|singular=0
RECORD|index=7982|total=2|smooth=2|singular=0
RECORD|index=7983|total=0|smooth=0|singular=0
RECORD|index=7984|total=0|smooth=0|singular=0
RECORD|index=7985|total=0|smooth=0|singular=0
RECORD|index=7986|total=1|smooth=1|singular=0
RECORD|index=7987|total=0|smooth=0|singular=0
RECORD|index=7988|total=0|smooth=0|singular=0
RECORD|index=7989|total=2|smooth=2|singular=0
RECORD|index=7990|total=2|smooth=2|singular=0
RECORD|index=7991|total=0|smooth=0|singular=0
RECORD|index=7992|total=3|smooth=3|singular=0
RECORD|index=7993|total=0|smooth=0|singular=0
RECORD|index=7994|total=1|smooth=1|singular=0
RECORD|index=7995|total=2|smooth=2|singular=0
RECORD|index=7996|total=0|smooth=0|singular=0
RECORD|index=7997|total=2|smooth=2|singular=0
RECORD|index=7998|total=1|smooth=1|singular=0
RECORD|index=7999|total=1|smooth=1|singular=0
RECORD|index=8000|total=1|smooth=1|singular=0
RECORD|index=8001|total=1|smooth=1|singular=0
RECORD|index=8002|total=0|smooth=0|singular=0
RECORD|index=8003|total=1|smooth=1|singular=0
RECORD|index=8004|total=0|smooth=0|singular=0
RECORD|index=8005|total=1|smooth=1|singular=0
RECORD|index=8006|total=0|smooth=0|singular=0
RECORD|index=8007|total=1|smooth=1|singular=0
RECORD|index=8008|total=0|smooth=0|singular=0
RECORD|index=8009|total=0|smooth=0|singular=0
RECORD|index=8010|total=0|smooth=0|singular=0
RECORD|index=8011|total=0|smooth=0|singular=0
RECORD|index=8012|total=0|smooth=0|singular=0
RECORD|index=8013|total=1|smooth=1|singular=0
RECORD|index=8014|total=2|smooth=2|singular=0
RECORD|index=8015|total=0|smooth=0|singular=0
RECORD|index=8016|total=2|smooth=2|singular=0
RECORD|index=8017|total=1|smooth=1|singular=0
RECORD|index=8018|total=0|smooth=0|singular=0
RECORD|index=8019|total=0|smooth=0|singular=0
RECORD|index=8020|total=0|smooth=0|singular=0
RECORD|index=8021|total=1|smooth=1|singular=0
RECORD|index=8022|total=2|smooth=2|singular=0
RECORD|index=8023|total=0|smooth=0|singular=0
RECORD|index=8024|total=1|smooth=1|singular=0
RECORD|index=8025|total=3|smooth=3|singular=0
RECORD|index=8026|total=1|smooth=1|singular=0
RECORD|index=8027|total=2|smooth=2|singular=0
RECORD|index=8028|total=0|smooth=0|singular=0
RECORD|index=8029|total=0|smooth=0|singular=0
RECORD|index=8030|total=0|smooth=0|singular=0
RECORD|index=8031|total=0|smooth=0|singular=0
RECORD|index=8032|total=2|smooth=2|singular=0
RECORD|index=8033|total=0|smooth=0|singular=0
RECORD|index=8034|total=0|smooth=0|singular=0
RECORD|index=8035|total=1|smooth=1|singular=0
RECORD|index=8036|total=1|smooth=1|singular=0
RECORD|index=8037|total=2|smooth=2|singular=0
RECORD|index=8038|total=1|smooth=1|singular=0
RECORD|index=8039|total=0|smooth=0|singular=0
RECORD|index=8040|total=1|smooth=1|singular=0
RECORD|index=8041|total=2|smooth=2|singular=0
RECORD|index=8042|total=1|smooth=1|singular=0
RECORD|index=8043|total=1|smooth=1|singular=0
RECORD|index=8044|total=1|smooth=1|singular=0
RECORD|index=8045|total=2|smooth=2|singular=0
RECORD|index=8046|total=0|smooth=0|singular=0
RECORD|index=8047|total=2|smooth=2|singular=0
RECORD|index=8048|total=1|smooth=1|singular=0
RECORD|index=8049|total=0|smooth=0|singular=0
RECORD|index=8050|total=2|smooth=2|singular=0
RECORD|index=8051|total=0|smooth=0|singular=0
RECORD|index=8052|total=1|smooth=1|singular=0
RECORD|index=8053|total=0|smooth=0|singular=0
RECORD|index=8054|total=2|smooth=2|singular=0
RECORD|index=8055|total=1|smooth=1|singular=0
RECORD|index=8056|total=0|smooth=0|singular=0
RECORD|index=8057|total=0|smooth=0|singular=0
RECORD|index=8058|total=0|smooth=0|singular=0
RECORD|index=8059|total=2|smooth=2|singular=0
RECORD|index=8060|total=4|smooth=4|singular=0
RECORD|index=8061|total=1|smooth=1|singular=0
RECORD|index=8062|total=1|smooth=1|singular=0
RECORD|index=8063|total=2|smooth=2|singular=0
SINGULAR_FQ2_SHARD_PASS
