                     SINGULAR                                 /  Development
 A Computer Algebra System for Polynomial Computations       /   version 4.3.2
                                                           0<
 by: W. Decker, G.-M. Greuel, G. Pfister, H. Schoenemann     \   Feb 2023
FB Mathematik der Universitaet, D-67653 Kaiserslautern        \  Debian 1:4.3.2-p10+ds-1.1build1
STRATUM squarefree
INPUT_GENERATORS 7
GB_GENERATORS 8
DIMENSION 6
GROEBNER_BEGIN
s9^2,
s8*s9,
s2*s3+2*s3^2+s1*s4+4*s2*s4+10*s3*s4+10*s4^2+3*s1*s5+9*s2*s5+19*s3*s5+34*s4*s5+27*s5^2+6*s1*s6+16*s2*s6+31*s3*s6+52*s4*s6+79*s5*s6+56*s6^2+10*s1*s7+25*s2*s7+46*s3*s7+74*s4*s7+109*s5*s7+151*s6*s7+100*s7^2+15*s1*s8+36*s2*s8+64*s3*s8+100*s4*s8+144*s5*s8+196*s6*s8+256*s7*s8+162*s8^2+21*s1*s9+49*s2*s9+85*s3*s9+130*s4*s9+184*s5*s9+247*s6*s9+319*s7*s9,
s2^2+2*s1*s3-6*s3^2-2*s1*s4-14*s2*s4-42*s3*s4-47*s4^2-12*s1*s5-40*s2*s5-90*s3*s5-170*s4*s5-140*s5^2-28*s1*s6-78*s2*s6-156*s3*s6-270*s4*s6-420*s5*s6-303*s6^2-50*s1*s7-128*s2*s7-240*s3*s7-394*s4*s7-590*s5*s7-828*s6*s7-554*s7^2-78*s1*s8-190*s2*s8-342*s3*s8-542*s4*s8-790*s5*s8-1086*s6*s8-1430*s7*s8-911*s8^2-112*s1*s9-264*s2*s9-462*s3*s9-714*s4*s9-1020*s5*s9-1380*s6*s9-1794*s7*s9,
s1*s2-s1*s3+3*s3^2+s1*s4+8*s2*s4+24*s3*s4+28*s4^2+7*s1*s5+24*s2*s5+54*s3*s5+104*s4*s5+87*s5^2+17*s1*s6+48*s2*s6+96*s3*s6+168*s4*s6+264*s5*s6+192*s6^2+31*s1*s7+80*s2*s7+150*s3*s7+248*s4*s7+374*s5*s7+528*s6*s7+355*s7^2+49*s1*s8+120*s2*s8+216*s3*s8+344*s4*s8+504*s5*s8+696*s6*s8+920*s7*s8+588*s8^2+71*s1*s9+168*s2*s9+294*s3*s9+456*s4*s9+654*s5*s9+888*s6*s9+1158*s7*s9,
s1^2+2*s1*s3-3*s3^2-8*s2*s4-24*s3*s4-28*s4^2-6*s1*s5-24*s2*s5-54*s3*s5-104*s4*s5-87*s5^2-16*s1*s6-48*s2*s6-96*s3*s6-168*s4*s6-264*s5*s6-192*s6^2-30*s1*s7-80*s2*s7-150*s3*s7-248*s4*s7-374*s5*s7-528*s6*s7-355*s7^2-48*s1*s8-120*s2*s8-216*s3*s8-344*s4*s8-504*s5*s8-696*s6*s8-920*s7*s8-588*s8^2-70*s1*s9-168*s2*s9-294*s3*s9-456*s4*s9-654*s5*s9-888*s6*s9-1158*s7*s9,
s1*s3*s4-s3^2*s4+s1*s4^2-2*s2*s4^2-7*s3*s4^2-8*s4^3+3*s1*s3*s5-3*s3^2*s5+3*s1*s4*s5-12*s2*s4*s5-36*s3*s4*s5-53*s4^2*s5-18*s2*s5^2-45*s3*s5^2-111*s4*s5^2-72*s5^3+6*s1*s3*s6-6*s3^2*s6+4*s1*s4*s6-24*s2*s4*s6-68*s3*s4*s6-94*s4^2*s6-6*s1*s5*s6-72*s2*s5*s6-168*s3*s5*s6-384*s4*s5*s6-360*s5^2*s6-12*s1*s6^2-72*s2*s6^2-156*s3*s6^2-328*s4*s6^2-588*s5*s6^2-312*s6^3+10*s1*s3*s7-10*s3^2*s7+5*s1*s4*s7-40*s2*s4*s7-110*s3*s4*s7-147*s4^2*s7-15*s1*s5*s7-120*s2*s5*s7-270*s3*s5*s7-592*s4*s5*s7-543*s5^2*s7-50*s1*s6*s7-240*s2*s6*s7-500*s3*s6*s7-1004*s4*s6*s7-1752*s5*s6*s7-1372*s6^2*s7-50*s1*s7^2-200*s2*s7^2-400*s3*s7^2-765*s4*s7^2-1295*s5*s7^2-1990*s6*s7^2-950*s7^3+15*s1*s3*s8-15*s3^2*s8+6*s1*s4*s8-60*s2*s4*s8-162*s3*s4*s8-212*s4^2*s8-27*s1*s5*s8-180*s2*s5*s8-396*s3*s5*s8-846*s4*s5*s8-765*s5^2*s8-84*s1*s6*s8-360*s2*s6*s8-732*s3*s6*s8-1428*s4*s6*s8-2448*s5*s6*s8-1896*s6^2*s8-165*s1*s7*s8-600*s2*s7*s8-1170*s3*s7*s8-2170*s4*s7*s8-3600*s5*s7*s8-5460*s6*s7*s8-3875*s7^2*s8-135*s1*s8^2-450*s2*s8^2-855*s3*s8^2-1536*s4*s8^2-2493*s5*s8^2-3726*s6*s8^2-5235*s7*s8^2-2340*s8^3+21*s1*s3*s9-21*s3^2*s9+7*s1*s4*s9-84*s2*s4*s9-224*s3*s4*s9-289*s4^2*s9-42*s1*s5*s9-252*s2*s5*s9-546*s3*s5*s9-1146*s4*s5*s9-1026*s5^2*s9-126*s1*s6*s9-504*s2*s6*s9-1008*s3*s6*s9-1928*s4*s6*s9-3264*s5*s6*s9-2508*s6^2*s9-245*s1*s7*s9-840*s2*s7*s9-1610*s3*s7*s9-2924*s4*s7*s9-4782*s5*s7*s9-7184*s6*s7*s9-5065*s7^2*s9,
s1*s3^2-s3^3-2*s3^2*s4+s1*s4^2+10*s2*s4^2+19*s3*s4^2+28*s4^3-6*s1*s3*s5+3*s3^2*s5+6*s1*s4*s5+60*s2*s4*s5+126*s3*s4*s5+205*s4^2*s5+18*s1*s5^2+90*s2*s5^2+180*s3*s5^2+456*s4*s5^2+306*s5^3-16*s1*s3*s6+12*s3^2*s6+12*s1*s4*s6+120*s2*s4*s6+260*s3*s4*s6+382*s4^2*s6+84*s1*s5*s6+360*s2*s5*s6+708*s3*s5*s6+1632*s4*s5*s6+1566*s5^2*s6+100*s1*s6^2+360*s2*s6^2+684*s3*s6^2+1432*s4*s6^2+2604*s5*s6^2+1400*s6^3-30*s1*s3*s7+25*s3^2*s7+20*s1*s4*s7+200*s2*s4*s7+440*s3*s4*s7+615*s4^2*s7+150*s1*s5*s7+600*s2*s5*s7+1170*s3*s5*s7+2570*s4*s5*s7+2400*s5^2*s7+360*s1*s6*s7+1200*s2*s6*s7+2240*s3*s6*s7+4460*s4*s6*s7+7860*s5*s6*s7+6220*s6^2*s7+325*s1*s7^2+1000*s2*s7^2+1825*s3*s7^2+3450*s4*s7^2+5875*s5*s7^2+9100*s6*s7^2+4375*s7^3-48*s1*s3*s8+42*s3^2*s8+30*s1*s4*s8+300*s2*s4*s8+666*s3*s4*s8+904*s4^2*s8+234*s1*s5*s8+900*s2*s5*s8+1746*s3*s5*s8+3726*s4*s5*s8+3420*s5^2*s8+564*s1*s6*s8+1800*s2*s6*s8+3324*s3*s6*s8+6420*s4*s6*s8+11088*s5*s6*s8+8664*s6^2*s8+1020*s1*s7*s8+3000*s2*s7*s8+5400*s3*s7*s8+9890*s4*s7*s8+16470*s5*s7*s8+25140*s6*s7*s8+17950*s7^2*s8+801*s1*s8^2+2250*s2*s8^2+3987*s3*s8^2+7068*s4*s8^2+11493*s5*s8^2+17262*s6*s8^2+24375*s7*s8^2+10944*s8^3-70*s1*s3*s9+63*s3^2*s9+42*s1*s4*s9+420*s2*s4*s9+938*s3*s4*s9+1249*s4^2*s9+336*s1*s5*s9+1260*s2*s5*s9+2436*s3*s5*s9+5100*s4*s5*s9+4626*s5^2*s9+812*s1*s6*s9+2520*s2*s6*s9+4620*s3*s6*s9+8744*s4*s6*s9+14892*s5*s6*s9+11532*s6^2*s9+1470*s1*s7*s9+4200*s2*s7*s9+7490*s3*s7*s9+13430*s4*s7*s9+22020*s5*s7*s9+33260*s6*s7*s9+23575*s7^2*s9
GROEBNER_END
PASS
Auf Wiedersehen.
