[btorsmt2] WARNING 'set-logic' command missing in '/home/ubuntu/jobs/as_q5_q4_cartier_79base_fanout_20260825T1145Z/base_0000_0000000/pinned_formula.smt2'
[btorsmt2] WARNING no 'exit' command at end of '/home/ubuntu/jobs/as_q5_q4_cartier_79base_fanout_20260825T1145Z/base_0000_0000000/pinned_formula.smt2'
sat
pred_Pp 0
pred_Qq 0
pred_Rr 0
pred_Tt 0
pred_s 0
pred_w 0
pred_h 0
pred_fua 0
pred_fa 0
pred_fb 0
pred_fc 0
pred_fd 0
pred_fvb 2
pred_d7_1 0
pred_d7_4 0
pred_d7_7 0
pred_d6_1 0
pred_d6_4 0
pred_c5_0 0
pred_c5_1 0
pred_c5_2 0
pred_c5_3 0
pred_c5_4 0
pred_c5_5 0
pred_d5_0 0
pred_d5_1 0
pred_d5_2 0
pred_d5_3 0
pred_d5_4 1
pred_d5_5 0
q9_0 2
q9_1 2
q9_2 1
q9_3 2
q9_4 1
q9_5 1
q9_6 0
q9_7 2
q9_8 0
q9_9 2
q9_10 0
q9_11 1
q9_12 2
q9_13 0
q9_14 0
q9_15 0
q9_16 0
q9_17 0
q9_18 0
q9_19 0
q9_20 0
q9_21 0
q9_22 0
q9_23 0
q9_24 0
q9_25 0
q9_26 0
q9_27 0
q9_28 1
q9_29 0
q9_30 1
q9_31 1
q8_0 2
q8_1 0
q8_2 0
q8_3 2
q8_4 2
q8_5 0
q8_6 0
q8_7 2
q8_8 1
q8_9 2
q8_10 0
q8_11 1
q8_12 0
q8_13 2
q8_14 2
q8_15 2
q8_16 2
q8_17 0
q8_18 1
q8_19 0
q8_20 0
q8_21 1
q8_22 0
q8_23 0
q8_24 2
q8_25 0
q8_26 0
q8_27 2
q8_28 1
q8_29 2
q8_30 0
q8_31 2
q7_0 0
q7_1 0
q7_2 0
q7_3 0
q7_4 0
q7_5 0
q7_6 0
q7_7 0
q7_8 1
q7_9 0
q7_10 1
q7_11 1
q7_12 0
q7_13 1
q7_14 2
q7_15 1
q7_16 1
q7_17 2
q6_0 0
q6_1 0
q6_2 0
q6_3 0
q6_4 1
q6_5 1
q6_6 1
q6_7 0
q6_8 1
q6_9 0
q6_10 0
q6_11 2
q6_12 0
q6_13 2
q6_14 1
q6_15 1
q5_0 1
q5_1 0
q5_2 2
q5_3 1
q5_4 2
q5_5 1
q5_6 2
q5_7 0
q5_8 2
q5_9 1
q5_10 1
q5_11 1
q5_12 2
q5_13 2
