	Command being timed: "timeout 600 /home/ubuntu/jobs/as_fullfibre_qfbv_20260825T0602Z_v2/z3_4_16/bin/z3 smt.random_seed=2 sat.random_seed=2 /home/ubuntu/jobs/as_p2_depth3_pilot_20260825T1140Z_v2/d2/emitter/formula.smt2"
	User time (seconds): 0.03
	System time (seconds): 0.00
	Percent of CPU this job got: 97%
	Elapsed (wall clock) time (h:mm:ss or m:ss): 0:00.04
	Average shared text size (kbytes): 0
	Average unshared data size (kbytes): 0
	Average stack size (kbytes): 0
	Average total size (kbytes): 0
	Maximum resident set size (kbytes): 31880
	Average resident set size (kbytes): 0
	Major (requiring I/O) page faults: 0
	Minor (reclaiming a frame) page faults: 5321
	Voluntary context switches: 3
	Involuntary context switches: 0
	Swaps: 0
	File system inputs: 0
	File system outputs: 8
	Socket messages sent: 0
	Socket messages received: 0
	Signals delivered: 0
	Page size (bytes): 4096
	Exit status: 0
