{
  "parity_sample_odd_G11_G15_and_q5_to_q15": "zero",
  "pins": {
    "cases/ggv_8_28_raw_to_global_m_cokernel_interface_d3_20260827/RAW_INPUT.json": "28b9b05c02224aadec30d52b66ed22db80aabe416ffdc0186f6931f1978f1876",
    "cases/ggv_8_28_upper_endpoint_active_c2_d11_d13_extension_20260828/verify_active_c2_extension.py": "112650dc27b0e13d76979d5adca9315919ee65cb8d9eaf717c1685f99d96de26",
    "cases/ggv_8_28_upper_endpoint_active_c2_literal_d16_d22_probe_20260828/probe_literal_tail.py": "f3371687df3584bd1dbeac9e9ad05aca8212a6dd35b63c17209916ab9d11fb45",
    "cases/ggv_8_28_upper_endpoint_branch_p_20260827/compile_endpoint.py": "7f840af57695eb0f4e124885a39eabdd0059dad984c917b826d077c77d396be1",
    "cases/ggv_8_28_upper_endpoint_deep_q1_composition_r1_20260828/verify_deep_q1_composition_r1.py": "a5e6479f20cd7fcd50b317e174fd192512e5295de9c2126e717c005cb22acf69",
    "cases/ggv_8_28_upper_endpoint_q1_fixed_a_full_raw_20260828/compile_fixed_q1_raw.py": "82284effbd507693cb8deb00e33b108d0f62d3d3861ce487e75d2e3f98b8fbea",
    "cases/ggv_8_28_upper_endpoint_q1_fixed_a_full_raw_20260828/compile_q_gates.py": "b487d8b532d303421386c66638a6d7953aa5a4dcf74208cd07c6db885c511201"
  },
  "raw_origin_census": {
    "identity": "D22[X0]=F11[X1]*G11[X0]-F7[X0]*G15[X1]",
    "origin_contributions": [
      [
        7,
        15,
        "F_Gprime",
        -1,
        "F7[X0]*G15[X1]"
      ],
      [
        11,
        11,
        "Fprime_G",
        1,
        "F11[X1]*G11[X0]"
      ]
    ],
    "slot_count": 442,
    "weight_parity_equals_raw_total_degree_parity": true
  },
  "status": "DESK_CHECK_PASS",
  "ten_mode_characteristic_matches_frozen_tail_through_weight": 15
}
