beta_parameter_name=beta
target_compatibility=X0_t13
ring=E(C,V,U)[beta]
q_beta=t+beta*t^2+t^25
direct_qprime_retained=true
raw_center_stratum=h-zero
raw_fraction_field_not_complete_stratum=true
source_center=C=3U^2 over Q(V,U)
trivariate_transport rows=0;pivots=1;events=0
trivariate_transport rows=250;pivots=251;events=0
trivariate_transport rows=1500;pivots=684;events=0
trivariate_transport rows=1750;pivots=934;events=0
trivariate_transport rows=2000;pivots=1184;events=0
trivariate_transport rows=2250;pivots=1434;events=0
trivariate_transport rows=4750;pivots=1716;events=0
trivariate_transport rows=5000;pivots=1966;events=1
trivariate_transport rows=5250;pivots=2215;events=1
trivariate_transport rows=5500;pivots=2465;events=2
trivariate_transport rows=5750;pivots=2715;events=2
trivariate_transport rows=6000;pivots=2965;events=2
trivariate_transport rows=6250;pivots=3215;events=2
trivariate_transport rows=6500;pivots=3465;events=2
transport_rank=3470/3602
transport_event_count=2
transport_matrix_beta_independent=true
transport_rhs_beta_affine_exact=true
transport_free_count=132
transport_x_and_pole_sections_exact=true
first_rank=38/132
first_dependent_count=0
first_all_pivots_beta_independent=true
first_pivot_digest=8e3d1faa7ba12b512931629f5dde592bbd9024b2234e4728139c6fe8c1bb3b50
first_original_row_replay=true
first_affine_parameterization_replay=true
previous_pole_rank=38/94
previous_pole_dependent_count=1
previous_pole_all_pivots_beta_independent=true
previous_pole_pivot_digest=ff3748d2c0db019b8bc7ef3ff4e0d9b0c9c4867a098cccff5c1acb4155274ce8
previous_pole_original_row_replay=true
previous_pole_affine_parameterization_replay=true
current_rank=25/56
current_dependent_count=11
current_all_pivots_beta_independent=true
current_pivot_digest=9ffa4dae8a0684d226cf298bb0ed42865bd48ea83ac7dafaa4fd6ebe45249a50
current_original_row_replay=true
current_compatibility_count=11
current_compatibility_original_row_replay=true
compatibility[0]_row_index=0
compatibility[0]_key=('X0', 0)
compatibility[0]_degree=0
compatibility[0]_support=1
compatibility[0]_weight_degree=0
compatibility[0]_sha256=35da6de27491d69fadc91e3d75a9c453510b0f2813d9574a3a853ec897fc9891
compatibility[0]_left_null_sha256=c6a2352c564fe0a3b23d1b8f9965041a3cadf9fc8c209c9357fabf9987663f14
compatibility[1]_row_index=4
compatibility[1]_key=('X0', 4)
compatibility[1]_degree=4
compatibility[1]_support=4
compatibility[1]_weight_degree=3
compatibility[1]_sha256=0fae949b9c80bab275d63c3324db13cd51dc4d45ec2c36b5e7dc5c4e40a88e01
compatibility[1]_left_null_sha256=a8b3b46a0708eacb8382129c60e0aa1d7b71cb6e374b634d76733797541623db
compatibility[2]_row_index=5
compatibility[2]_key=('X0', 5)
compatibility[2]_degree=4
compatibility[2]_support=4
compatibility[2]_weight_degree=3
compatibility[2]_sha256=0950010e26807daf52ba0953c6d66bdc5f33d6782717f696c66620339b7cd19e
compatibility[2]_left_null_sha256=9d2acc13193167a828fca313050d675ffa10f0b994bbbeca41de87fd8c745eda
compatibility[3]_row_index=6
compatibility[3]_key=('X0', 6)
compatibility[3]_degree=4
compatibility[3]_support=4
compatibility[3]_weight_degree=3
compatibility[3]_sha256=4f26bc47c4a473055de419dc0729530fda3b617514fd5eec7be1e4d4568cd515
compatibility[3]_left_null_sha256=c61285f713e9d7278e8d1a34444a724a3ae356e9e735cbccf056caeaac4fbb44
compatibility[4]_row_index=7
compatibility[4]_key=('X0', 7)
compatibility[4]_degree=4
compatibility[4]_support=4
compatibility[4]_weight_degree=3
compatibility[4]_sha256=4977c45ed4a4b59d9e4b5ff11c0bffa400048f075a6399df9ed7f3c1a2100b19
compatibility[4]_left_null_sha256=4299527909c696550370a7b0c458ad94659f2f13d6e537b3d825e7b1eafc3685
compatibility[5]_row_index=8
compatibility[5]_key=('X0', 8)
compatibility[5]_degree=4
compatibility[5]_support=4
compatibility[5]_weight_degree=3
compatibility[5]_sha256=b12f019fdeeeb20a43603be3b7123b14050bdb02523e61d4a72baa82adca2922
compatibility[5]_left_null_sha256=579c22245695eeca6bd957024ecabb711685598408c45b068c4c881236fc5178
compatibility[6]_row_index=9
compatibility[6]_key=('X0', 9)
compatibility[6]_degree=4
compatibility[6]_support=4
compatibility[6]_weight_degree=3
compatibility[6]_sha256=a9769c493744e568be65d0dc6381d1d3b5a0bd1edbf62f202d79a6fea974488a
compatibility[6]_left_null_sha256=e8ee64b8c6c7f2eed2ae2329abeb33335cf8908fb01f280827ffa8f27b75f238
compatibility[7]_row_index=10
compatibility[7]_key=('X0', 10)
compatibility[7]_degree=4
compatibility[7]_support=4
compatibility[7]_weight_degree=3
compatibility[7]_sha256=f491bec69d29b5766ded287f06fba7a81c2f607f98aacd4cfe1ffa93ab35720e
compatibility[7]_left_null_sha256=7e7d9ead930145d0a1e4421e3c1773bb41b511ec2205ed76204859f1fa35493b
compatibility[8]_row_index=11
compatibility[8]_key=('X0', 11)
compatibility[8]_degree=4
compatibility[8]_support=4
compatibility[8]_weight_degree=3
compatibility[8]_sha256=9c556147104296e0c5bdc1f4080b0975eec4c90b01c33b209d392fb038c95278
compatibility[8]_left_null_sha256=a817c43d884ffd5f4e9d387080a3feb98e5a62a41089ca9ff4749f8976ae2c62
compatibility[9]_row_index=12
compatibility[9]_key=('X0', 12)
compatibility[9]_degree=4
compatibility[9]_support=4
compatibility[9]_weight_degree=3
compatibility[9]_sha256=4ad0d3938b455cb51746105bbac4d8e2ce139c26e22985495b7d3ac71746e9ca
compatibility[9]_left_null_sha256=ba3f3ad6d1907236421ebeb3e9e049446b0550fba2b792e3e2596574a36ae24e
compatibility[10]_row_index=13
compatibility[10]_key=('X0', 13)
compatibility[10]_degree=1
compatibility[10]_support=1
compatibility[10]_weight_degree=0
compatibility[10]_sha256=243a674e80f3dbc3f96bdb18e187453a31ffd88002be35a6b539a57f59926e58
compatibility[10]_left_null_sha256=fb17fadc3cb89eff969709b16271dff840b7f371273a9bbda922bb84c2ec8fa4
current_all_compatibilities_emitted=true
N13_record_count=1
N13_degree=1
N13_sha256=243a674e80f3dbc3f96bdb18e187453a31ffd88002be35a6b539a57f59926e58
N13_expected_sha256=2891f3295f80419ae3b6cb1093b96e75b4755ebdd3e3f90bb43ce6d81e874569
N13_equals_reviewed_k_beta_over_25=true
N13_equals_negative_reviewed_value=false
N13_constant_zero=true
N13_beta_coefficient_sha256=4fbafd85968f9c24943927b744d9d928675f31b4801549efc007fa461662808a
N13_beta_coefficient_coordinate_degrees=[(0, 0), (0, 0), (0, 0), (0, 0), (-1, 0), (-1, 0), (-1, 0), (-1, 0), (-1, 0), (-1, 0), (-1, 0), (-1, 0), (-1, 0), (-1, 0), (-1, 0), (-1, 0), (-1, 0), (-1, 0)]
N13_left_null_beta_weight_count=0
current_incompatibility[0]_row_index=0
current_incompatibility[0]_key=('X0', 0)
current_incompatibility[0]_degree=0
current_incompatibility[0]_residual_sha256=35da6de27491d69fadc91e3d75a9c453510b0f2813d9574a3a853ec897fc9891
current_incompatibility[0]_source_row_count=1
current_incompatibility[0]_source_certificate_sha256=c6a2352c564fe0a3b23d1b8f9965041a3cadf9fc8c209c9357fabf9987663f14
current_incompatibility[0]_bezout_sha256=4d059277ccccf3ac6ca405fba18efc7f767720a172fc0f463807bd6af94bf844
current_incompatibility[1]_row_index=4
current_incompatibility[1]_key=('X0', 4)
current_incompatibility[1]_degree=4
current_incompatibility[1]_residual_sha256=0fae949b9c80bab275d63c3324db13cd51dc4d45ec2c36b5e7dc5c4e40a88e01
current_incompatibility[1]_source_row_count=4
current_incompatibility[1]_source_certificate_sha256=a8b3b46a0708eacb8382129c60e0aa1d7b71cb6e374b634d76733797541623db
current_incompatibility[1]_bezout_sha256=ff6318c0804baed89873193020afb73af302ba1772cbeb085f2a95e3cb6b4574
current_incompatibility[2]_row_index=5
current_incompatibility[2]_key=('X0', 5)
current_incompatibility[2]_degree=4
current_incompatibility[2]_residual_sha256=0950010e26807daf52ba0953c6d66bdc5f33d6782717f696c66620339b7cd19e
current_incompatibility[2]_source_row_count=4
current_incompatibility[2]_source_certificate_sha256=9d2acc13193167a828fca313050d675ffa10f0b994bbbeca41de87fd8c745eda
current_incompatibility[2]_bezout_sha256=ff6318c0804baed89873193020afb73af302ba1772cbeb085f2a95e3cb6b4574
current_incompatibility[3]_row_index=6
current_incompatibility[3]_key=('X0', 6)
current_incompatibility[3]_degree=4
current_incompatibility[3]_residual_sha256=4f26bc47c4a473055de419dc0729530fda3b617514fd5eec7be1e4d4568cd515
current_incompatibility[3]_source_row_count=4
current_incompatibility[3]_source_certificate_sha256=c61285f713e9d7278e8d1a34444a724a3ae356e9e735cbccf056caeaac4fbb44
current_incompatibility[3]_bezout_sha256=ff6318c0804baed89873193020afb73af302ba1772cbeb085f2a95e3cb6b4574
current_incompatibility[4]_row_index=7
current_incompatibility[4]_key=('X0', 7)
current_incompatibility[4]_degree=4
current_incompatibility[4]_residual_sha256=4977c45ed4a4b59d9e4b5ff11c0bffa400048f075a6399df9ed7f3c1a2100b19
current_incompatibility[4]_source_row_count=4
current_incompatibility[4]_source_certificate_sha256=4299527909c696550370a7b0c458ad94659f2f13d6e537b3d825e7b1eafc3685
current_incompatibility[4]_bezout_sha256=ff6318c0804baed89873193020afb73af302ba1772cbeb085f2a95e3cb6b4574
current_incompatibility[5]_row_index=8
current_incompatibility[5]_key=('X0', 8)
current_incompatibility[5]_degree=4
current_incompatibility[5]_residual_sha256=b12f019fdeeeb20a43603be3b7123b14050bdb02523e61d4a72baa82adca2922
current_incompatibility[5]_source_row_count=4
current_incompatibility[5]_source_certificate_sha256=579c22245695eeca6bd957024ecabb711685598408c45b068c4c881236fc5178
current_incompatibility[5]_bezout_sha256=ff6318c0804baed89873193020afb73af302ba1772cbeb085f2a95e3cb6b4574
current_incompatibility[6]_row_index=9
current_incompatibility[6]_key=('X0', 9)
current_incompatibility[6]_degree=4
current_incompatibility[6]_residual_sha256=a9769c493744e568be65d0dc6381d1d3b5a0bd1edbf62f202d79a6fea974488a
current_incompatibility[6]_source_row_count=4
current_incompatibility[6]_source_certificate_sha256=e8ee64b8c6c7f2eed2ae2329abeb33335cf8908fb01f280827ffa8f27b75f238
current_incompatibility[6]_bezout_sha256=ff6318c0804baed89873193020afb73af302ba1772cbeb085f2a95e3cb6b4574
current_incompatibility[7]_row_index=10
current_incompatibility[7]_key=('X0', 10)
current_incompatibility[7]_degree=4
current_incompatibility[7]_residual_sha256=f491bec69d29b5766ded287f06fba7a81c2f607f98aacd4cfe1ffa93ab35720e
current_incompatibility[7]_source_row_count=4
current_incompatibility[7]_source_certificate_sha256=7e7d9ead930145d0a1e4421e3c1773bb41b511ec2205ed76204859f1fa35493b
current_incompatibility[7]_bezout_sha256=ff6318c0804baed89873193020afb73af302ba1772cbeb085f2a95e3cb6b4574
current_incompatibility[8]_row_index=11
current_incompatibility[8]_key=('X0', 11)
current_incompatibility[8]_degree=4
current_incompatibility[8]_residual_sha256=9c556147104296e0c5bdc1f4080b0975eec4c90b01c33b209d392fb038c95278
current_incompatibility[8]_source_row_count=4
current_incompatibility[8]_source_certificate_sha256=a817c43d884ffd5f4e9d387080a3feb98e5a62a41089ca9ff4749f8976ae2c62
current_incompatibility[8]_bezout_sha256=ff6318c0804baed89873193020afb73af302ba1772cbeb085f2a95e3cb6b4574
current_incompatibility[9]_row_index=12
current_incompatibility[9]_key=('X0', 12)
current_incompatibility[9]_degree=4
current_incompatibility[9]_residual_sha256=4ad0d3938b455cb51746105bbac4d8e2ce139c26e22985495b7d3ac71746e9ca
current_incompatibility[9]_source_row_count=4
current_incompatibility[9]_source_certificate_sha256=ba3f3ad6d1907236421ebeb3e9e049446b0550fba2b792e3e2596574a36ae24e
current_incompatibility[9]_bezout_sha256=ff6318c0804baed89873193020afb73af302ba1772cbeb085f2a95e3cb6b4574
current_incompatibility[10]_row_index=13
current_incompatibility[10]_key=('X0', 13)
current_incompatibility[10]_degree=1
current_incompatibility[10]_residual_sha256=243a674e80f3dbc3f96bdb18e187453a31ffd88002be35a6b539a57f59926e58
current_incompatibility[10]_source_row_count=1
current_incompatibility[10]_source_certificate_sha256=fb17fadc3cb89eff969709b16271dff840b7f371273a9bbda922bb84c2ec8fa4
current_incompatibility[10]_bezout_sha256=ff6318c0804baed89873193020afb73af302ba1772cbeb085f2a95e3cb6b4574
current_compatibility_gcd_degree=0
current_compatibility_gcd_sha256=22b5bb5334514fb287b52eac8e3323222ca3f7e5881cc684f437ad577e0c30b5
current_compatibility_bezout_sha256=dcb02439dd80470a2e7124d8516855bb7c1887e2d8f4ca3bb38a3bcb96d6a880
current_compatibility_certificate_denominator=(V^19*U^11 - V^19*U^5 + 388/5*V^17*U^14 - 388/5*V^17*U^8 - 10784/5*V^15*U^17 + 10784/5*V^15*U^11 + 23552*V^13*U^20 - 23552*V^13*U^14 - 709632/5*V^11*U^23 + 709632/5*V^11*U^17 + 2588672/5*V^9*U^26 - 2588672/5*V^9*U^20 - 5767168/5*V^7*U^29 + 5767168/5*V^7*U^23 + 7340032/5*V^5*U^32 - 7340032/5*V^5*U^26 - 4194304/5*V^3*U^35 + 4194304/5*V^3*U^29)
current_compatibility_certificate_denominator_factor=(1/5, [(U - 1, 1), (U + 1, 1), (U^2 - U + 1, 1), (U^2 + U + 1, 1), (V^2 - 4*U^3, 1), (5*V^4 - 32*V^2*U^3 + 64*U^6, 1), (V^10 + 88*V^8*U^3 - 1280*V^6*U^6 + 6912*V^4*U^9 - 16384*V^2*U^12 + 16384*U^15, 1), (V, 3), (U, 5)])
current_compatibility_original_row_replay=true
current_generic_raw_stratum_empty=true
current_beta_root_stratum_required=false
N13_full_stage_denominator=(V^380*U^4 - 2279/924*V^378*U^7 - 59787567093/215600*V^376*U^10 + 1871362695266543/16632000*V^374*U^13 - 10441699215843157433/498960000*V^372*U^16 + 66076440909873498548387/34927200000*V^370*U^19 - 36251022783298249712789/23284800000*V^368*U^22 - 3172919798255477204420328617/149688000000*V^366*U^25 + 8265655812134700661858376002559/3143448000000*V^364*U^28 - 432681924269623451244393601187/3274425000*V^362*U^31 - 1021339014461610722473451316770717/285768000000*V^360*U^34 + 218168849822163508365886822403194963/196465500000*V^358*U^37 - 4081160857579510853619015961283716109/47628000000*V^356*U^40 + 9624478207395818913704162442429129053/3592512000*V^354*U^43 + 358125862732023622142229655940534606118437/3143448000000*V^352*U^46 - 20139108662207859415490740246545237798532091/1047816000000*V^350*U^49 + 3707090119296614409669139107821899630735507199/3143448000000*V^348*U^52 - 5497973196961390236612239254166530846159423003/157172400000*V^346*U^55 - 86670134553668710761947359300733475775150666837/149688000000*V^344*U^58 + 15009154086484854591477661380248824270440003203309/112266000000*V^342*U^61 - 840459532119251525037997904824829207975974205512223/98232750000*V^340*U^64 + 1033275571398180423200463935965350790951112582809400159/3143448000000*V^338*U^67 - 1329294486338765111493341013684261927111025002924835499/224532000000*V^336*U^70 - 344617002141635229727030365354303392718403594762167170219/1571724000000*V^334*U^73 + 312482244804783889246767245175607189732469523763975216057/11907000000*V^332*U^76 - 35436231842074649208982702954077855429333530950440144383633/24558187500*V^330*U^79 + 11043123540071693857866479209889121387668519527575535707625813/196465500000*V^328*U^82 - 10385535664668467093318676410194828132805786552163177712357069/6548850000*V^326*U^85 + 2686257819206886561936314521991823484907343895598046480142847/111628125*V^324*U^88 + 502085014929914161368401971797111147627194118735590096466046091/818606250*V^322*U^91 - 126930904776828797793260028560653120726735808640442798040189705467/1754156250*V^320*U^94 + 3450000632578641924678395056523014701558425399484896960806156765519/877078125*V^318*U^97 - 1017330595617615778340068056667296806007418197739951871646972865977092/6139546875*V^316*U^100 + 36841024271582177737631909081861321311387298095893005781638941105153504/6139546875*V^314*U^103 - 132648826236394575312343192121520657587109645428242562870732534388899432/682171875*V^312*U^106 + 458554248127386880343289143503548795144320534348985691143666689390603888/79734375*V^310*U^109 - 137642651163881922766784423624359612943166944839669243586403004660023140992/877078125*V^308*U^112 + 24407166127067774588460210240041781610102468889050315936497344698523009897216/6139546875*V^306*U^115 - 575803741179350197595942587607292859002277688402834651546279678922303857707136/6139546875*V^304*U^118 + 101318242847849526212780140910243549544906153913396017302350842816821492935168/49116375*V^302*U^121 - 9611492298496455354700621653566607926293867622110646157959310265798112119826432/227390625*V^300*U^124 + 4939958867684516159890888830674983112030695110821647505808765798149330315799138304/6139546875*V^298*U^127 - 1772809368556131451644754839314411637513490878256829444101670071234150159068971008/125296875*V^296*U^130 + 465534188789862040299676472419557526443443675335593445711960146106091976480332939264/2046515625*V^294*U^133 - 20128851832673745595480377939916483968530856886580564329829290471779475303369603678208/6139546875*V^292*U^136 + 83069992236403592647543319614074168331832182708758310018389419706909906312877692157952/2046515625*V^290*U^139 - 782042749770674537156247647437277655880580706205873139030035000082049538062362657947648/2046515625*V^288*U^142 + 671489227035065866468013603053255870499599117102462675763015916086049441610224954769408/558140625*V^286*U^145 + 351633912834090136874679181671645159981716820108974700529369676287476828238674458872643584/6139546875*V^284*U^148 - 11782090191001413967858012881013032929708131880381033130740142110655520653252145416830451712/6139546875*V^282*U^151 + 671286964488361094248726342292454793231705962082882862463547760694596077528870814467751936/16372125*V^280*U^154 - 4385996312558466443871206108472546735570247292182680428939135558636333175019886023048140161024/6139546875*V^278*U^157 + 66208438622334346189126152815591155384024066640612268786493601173744055925335669730045023223808/6139546875*V^276*U^160 - 41914047160894983863799132977574026236205646474353925556526050980990699040215955674250382147584/292359375*V^274*U^163 + 44263243109398483327957079362342936507409598151207241100947582972824450852203434494880034848768/26578125*V^272*U^166 - 19918522227799110776462985764076833340975948720349665192918180269979599500431161442564613716574208/1227909375*V^270*U^169 + 701668961936853023939710494570118471080683860884438732617416083394819892594883208395611921918722048/6139546875*V^268*U^172 - 611518380477863251716311507669479487845553799336233239206192546711151193443317907832761615753674752/6139546875*V^266*U^175 - 95400130466928967256799147655874810756581522513549030644694242986101432408002751404112100951695818752/6139546875*V^264*U^178 + 765802985389893844121566821079339041546797710754569832404046784825724813418081013533654581603978969088/2046515625*V^262*U^181 - 38382272475549990779595357144097619336615821947209015934467220223893952635662346451655384523986270420992/6139546875*V^260*U^184 + 8528111021536755071321945205493601742087394435696965253137235083054136231039722267086553470236520087552/97453125*V^258*U^187 - 6657172464411585650211842907222003891725773164135846644989656104651984850654330960082736540774844556378112/6139546875*V^256*U^190 + 2259190787656303227197619754486958169829892691993016621879296722954498482350351926222651905820870494388224/186046875*V^254*U^193 - 68979299908679039471483843242503635726479644835141836333611348817777401014819976967619775212167641566281728/558140625*V^252*U^196 + 1393963201811287259506032771137704714228035215187666623329804549945318163732450439306767638426196433937891328/1227909375*V^250*U^199 - 6254238203107947451647168688392971419916313491443153283116171956143755436025482963499038435417765247526633472/682171875*V^248*U^202 + 369593828505393832884108621118694951200553729025387102335023773089337991186138092448614666422273892588814598144/6139546875*V^246*U^205 - 1378068548620188096465675632230404799060093141234956074411089346093918713172949492786033931645852400356106960896/6139546875*V^244*U^208 - 3607344467228088775930449724446791819185573033612789753647342700649462239390461966776180512081249376825671417856/2046515625*V^242*U^211 + 344752995286719881470922930493679322596080546546608430089979946242808278913994510170086814074661906992399103557632/6139546875*V^240*U^214 - 5519012775506686504777031940731406200160092153353820511042652372893550502935358291984073350484695779271476208730112/6139546875*V^238*U^217 + 71567595357486253589729403876546611375635987518261246268076852286157951443620829964029554963987570833603983459745792/6139546875*V^236*U^220 - 276233693947488237495451299822370429435569467301307786490139915855478645284656125747827326830831597275710249265790976/2046515625*V^234*U^223 + 808917462013522756619853620060302213220744208766107282821457066744040977276351909249980931996268943155730739141541888/558140625*V^232*U^226 - 90289025244699120972351024823976663585231813756295576951922897622974529863572637049707081767964789964080036805424971776/6139546875*V^230*U^229 + 17864786901017325135048146369775910993214457979549590555623788867084539937285444466728409008432714358983472665877020672/125296875*V^228*U^232 - 907401118184799461160947628219041024451005562104123543082623039230794130430641123545241635868758262274234565485255458816/682171875*V^226*U^235 + 956762116117291328977496287467922547480933100187732440763672463891467525439417662269220590270860404749353361385698885632/79734375*V^224*U^238 - 644908296981607968509123297786459423851729159362696814397974693054818952462635607527855595853451321785687910242973000925184/6139546875*V^222*U^241 + 166463694809189977567683826705370021323840358622161185657056124568170263453869359000664876135070285997721939014773498707968/186046875*V^220*U^244 - 45628551806385360963249561738364047371185825103321989595000721485213371117542497897065610506895165677513483621289499270578176/6139546875*V^218*U^247 + 370223194917568553431482888132002790854105839832032799777493877797407442065393143362858583469722294367041146656738102573268992/6139546875*V^216*U^250 - 2938519327225280663135790068615934693561249612147238015697262696360662635568147701134168324535459488983782041488131579860484096/6139546875*V^214*U^253 + 7613840829180555265517695153147057001357089714818791547557522319528276792694521787202270335051817860762804486856538319254192128/2046515625*V^212*U^256 - 174035715814835904830255771616357374458998801691762961978718266098519283391254637675641030913483649308813067929560787809392918528/6139546875*V^210*U^259 + 1300630809214371129489812505028744483515255473337143518064188500447186073643344768676370903983098814982163209048738368490567630848/6139546875*V^208*U^262 - 127175543318819517620818906482038360173747686648722320171465151105757328304448973630640369293776603954407914796022504006858309632/81860625*V^206*U^265 + 68655868299326741926927552549701910040666708984055699626492091599652241206717793663648912289878869628915845410409221497778666995712/6139546875*V^204*U^268 - 485086083856900769741149369378746657210187230454697103516822755255083050413700301251641140928064924917167080810296652113780068581376/6139546875*V^202*U^271 + 3363863520547223170656999961086532853332464283590647908504156859703858467062051935501117016956944141486646359912868212156049777491968/6139546875*V^200*U^274 - 2080748008224060105860521022607386316749540266268071223621137394737074829734488562801188363340671530266747031461046815418559510872064/558140625*V^198*U^277 + 152736313682685805125619332300464140727461814745951559914277094717918163085302462827114636379941430442713659697450269003520167907426304/6139546875*V^196*U^280 - 998979321245458383258699855560438480132604923629673048299498551303372693610279350619039427335777804829517265394095120295579927304994816/6139546875*V^194*U^283 + 6398934316923176803002680768709289531600104372750249218950061076716143128151403315238414299658111806956280520897943622357486250726785024/6139546875*V^192*U^286 - 40102755327431274049210212147177950003501435108156325714119099217106632779106700523599018543281534394393112707972547393039476312835620864/6139546875*V^190*U^289 + 1002525944184776930933659230432447539152488037389147446632467892607212441056936114516644548577495324390285074158020388324104379226390528/25059375*V^188*U^292 - 1468266397329860640186314564922921340240637123415330899873236875841138684374768312960089742243419620057693636381010820393137803855453487104/6139546875*V^186*U^295 + 155527163247046299550383450939878321454881861866244803904766239624131801359436681834790689894875296858403233146666904328470058349084278784/111628125*V^184*U^298 - 989582536332123407542734993207732342406905116678912790237983545271446928956188701808456850517089670535035726518581200471772978895497723904/125296875*V^182*U^301 + 266967182410035881346003873282168362010135556327811418645536651152485923830101603347419098327741342365579576279069637774224499429373732978688/6139546875*V^180*U^304 - 43172179413866704372010459127018119229842512204279090272796846549292408563232697638717321192647479743650632071576965920632632416896420937728/186046875*V^178*U^307 + 6001825144912052033263367507195446200091269112370831820031900349282361306340582090995968737703498434568478943718677124107094017890649636864/5011875*V^176*U^310 - 1742405308179267617635290587379153176399925166124831756769023055823705172100755189106453298704745414504630187437208827459710652120650248880128/292359375*V^174*U^313 + 58340187163503831557170275395638743386951930404921244941846866095857471975495969395473443912758980220558956205418075656496930889332247184277504/2046515625*V^172*U^316 - 160208183466470325310622897171546063585350853310982052430206947095785150728877440015257646149151026202231821908839274918734298873982257006116864/1227909375*V^170*U^319 + 1162143777492925104419068516065101305188664300475611473674907983940170906143613650673270795602247758914389314781153555743296423308256887412097024/2046515625*V^168*U^322 - 14296215098600583839867226088978060928597735206961579051340514312229116293708562012607128371397566853620005189676327233098013386067215047454621696/6139546875*V^166*U^325 + 10875798457573533794841717219345468391686032143210677627913724847977994744533489662778873272415751168588472773313574764014873564856176400251486208/1227909375*V^164*U^328 - 62085615957260613472055585811991096120218720786481058617307713641332990287702293782270607017574837502405803944051289942468351458242722491917139968/2046515625*V^162*U^331 + 535207860877287161527576455925892788780415835242120217900411340081563522119660038234164561307416479231309555190708359209986774236518086182485098496/6139546875*V^160*U^334 - 329124886792995820455515482648488787194578314319379651825425652610219204635443701003669851337571499820804126969761954179865791612634937596326182912/2046515625*V^158*U^337 - 543302162047554939473611260549230967845223962417854626384001892510085649435862748232004829615641810977568651769287986324196826386744486641371447296/2046515625*V^156*U^340 + 30841649983346048475699684441894423430163202226785704247939956380574183556868038316039413914981568357826065397851053724032072598720267631927295475712/6139546875*V^154*U^343 - 219347450815732030922130217564031809003683310159185056786392586736598549440418582099160828915221867676596644853678040382808552899815171894995287277568/6139546875*V^152*U^346 + 1216623260782771453135422560366819847481837986209695066358978629137229638599733613180410114045335991112121103428717765643753114973510964331073446608896/6139546875*V^150*U^349 - 1967770139018626220847054952707250896478982172879455738650131045535881822480806894381458796158587544606044763531362771378206023258341285424194903867392/2046515625*V^148*U^352 + 8691268984565567430048665096491964501305483841617196229493872467446087829775019235640627956340122345747227920681821681010166849419568554925061929172992/2046515625*V^146*U^355 - 106663608402961679208492269524293450305660424286545082032313406247570233590814067061286956926087047643604405600221916837144278734131577911600852492091392/6139546875*V^144*U^358 + 407282767090083241592660630310478861598524304272472414369516186463836776540864426655863004879079282704512268169739421860780976378156569004924601167249408/6139546875*V^142*U^361 - 207827588786075774481733331384833213120567677967610796645907442052810586624760173100586428391412480344724515871757084245875390586029696824507757863370752/877078125*V^140*U^364 + 440885529080461273143955268033493734598844880498353118651640873806238468076794451600785830077233143135215100899097337338015442529558795055591427802136576/558140625*V^138*U^367 - 2138668485427135323112194885416398646760715682425250741269785105212628130851471493344616467488935088199094302715828833221335026139358354748225820873981952/877078125*V^136*U^370 + 78028505414950640178415657798946883860103160824973859912421125190583222154328949877923642704251918903996663323112260190765039216971806785667471700393984/11390625*V^134*U^373 - 103379704544321692599117777217428957143923455795627296256321387043176773133314361164195495782316983924162524575329399749179761763764539394020451510881615872/6139546875*V^132*U^376 + 198666133273443773916315816148921014005974763721437019600108476349563945570236033981848268769189132519668287796933112930927579031354731444123882290809929728/6139546875*V^130*U^379 - 149326972150387745186436052198746887950827491384383796372160405950301920237983342961634093008897939821961957332033447227514058550023117960487757459044171776/6139546875*V^128*U^382 - 374981045650444495969107264046700437010448290928480534355824659222951688818687232226678544998152880204011880466949763020308127262796748493995780043058446336/2046515625*V^126*U^385 + 8360731849892569852622772767420227744884082474181908505331709974151900382497506181156458345787400582073641280749838735323885615935616561673911309148375482368/6139546875*V^124*U^388 - 5625502077565644040808980822092693195274453154501848488685413775209528068609033025324678601496842809942583742677191703038079214487760981632037537472296517632/877078125*V^122*U^391 + 22120110222779664112809070300918879386555963433712045701971077269152090630903144995381516132985381337775009268630217630781500134677639798462029400734965956608/877078125*V^120*U^394 - 546034094320284337808136100705258163334250946640525695046739060231424156485255976519255539338483223809902277713725905607756453663285681329404249446355088441344/6139546875*V^118*U^397 + 1778680873343427487327426786257429029942818397532260651420864072906473907045217789621970484184810668548326602867367994238821011590274467795620191785759096700928/6139546875*V^116*U^400 - 23521122212267677672752069980283796855917121422705354924274170212963758142944714030246813325447940971588472049780582481504525620313498933335551052360311635968/26578125*V^114*U^403 + 5233597667422397690157638858852665991354190603593109636091778255155910595941170377808991014280002567792151390508631057960924694088039614587317372686315672305664/2046515625*V^112*U^406 - 43154447148937980597731084101737065626505647644129817443133184786191417939112612433192604077035947372120695414582274015687044987591250569177293446897967118155776/6139546875*V^110*U^409 + 113227778854639007252715049353756674892540471868046299321037691062816100374377538026973831139173632856184141497810879238426038600748712236222701343965440506855424/6139546875*V^108*U^412 - 284304242486661688603166013951192694351969218864367735846212099234787333399290755425329238199032336310708294182838991039692180733475070621704342531983567436644352/6139546875*V^106*U^415 + 684345929564609738813133536416533143271536729058432995809921076933924342517841899081627722720411189295825274851144810230560361612827093287627321633920535574347776/6139546875*V^104*U^418 - 316227452858285148707778053600115468308792740197396183979487044191671974438058151651368582416294868914446799301704004442519105516422106010323020475670107005124608/1227909375*V^102*U^421 + 3509518516759800649738372751807536768073892927922669845025646569380386056353247428059545183913271205292963067988821344041251354671927136259254940622300670205100032/6139546875*V^100*U^424 - 226914145561441130399245058542037798665484226116933797098176862214369557104619004399623653133058883012529890985346509619667023887860101652792175302644171500683264/186046875*V^98*U^427 + 15364901247214312030156833690242924758836360127284884557008944263335695265675808971600405854879549675776206703730727649638759031522830454849958844442690693686624256/6139546875*V^96*U^430 - 918970352595975737178170028431632831931628518694914871289469539076307450032701910294614784799195749229171506318505742235810562911095466210869293116892674214854656/186046875*V^94*U^433 + 11516204259111080754590560821510949425946616031306820671132310871214860520816753397771218945097904604643188125196440456680976201976138215048140679276583926980673536/1227909375*V^92*U^436 - 21035327224445617859708300064589698099989696720843504598661653590009648965524271018094572968314125045142931479809242681363663517679001819117663555725184386547580928/1227909375*V^90*U^439 + 16799548990189971351738238854357415282367469267263334855725536145427834942198160951961320354603067302087814020458384315378840689123688627571607681649414794173743104/558140625*V^88*U^442 - 104085047699306924938826339482958072049648905240187590507329331503863367785891073273884550247708289522048262570271602109673139150623811198542119166837881744669016064/2046515625*V^86*U^445 + 507293776098809478424169929657753571448725931156290182244623642236078196748683538376960333311120941457871140909588585056749977098383649521930434602498737837254377472/6139546875*V^84*U^448 - 264039329939600274276515895077296800677221038231845876192404702797434715884672701581637504962624404874023366816427652867786621135037028784706297475505168674442969088/2046515625*V^82*U^451 + 237656164916090814716962770321970799256533991703428860970619119604084090514723269595008307921808947415859318940494553403371753337508740105940341562971897882952597504/1227909375*V^80*U^454 - 1711728709910079140096999298634201516119455704472779064103844945712759910034752546620009882199228585043471938270142439158174416816464371227391791243220070034845990912/6139546875*V^78*U^457 + 2366434543871571747841031464831878267258524583703152912380368393938982932312813697616985939825556190889678497620508978727467940894682255843784290442098492619597283328/6139546875*V^76*U^460 - 285253489670333522410718472396830486646729985376033564732428158975605757362117314279472428450249293389171122140637164294899617641613675011564551311980530794728783872/558140625*V^74*U^463 + 1329213658116334795461526839216350909635566620346020627070589541084275347341514444895663878829066062499943446210100933672389310594681575724164852323788511945762537472/2046515625*V^72*U^466 - 4853238023010944849255305389095956975123302189394079520168208834632098365195133718828494932684287630095684942094528082710530271954662419453649155048296437046675767296/6139546875*V^70*U^469 + 5651898943630066152078343486765131071722283562533314989621859914469541089585168529868261955452789145582047935183284343986748002693454522523986198187745509960568537088/6139546875*V^68*U^472 - 299620055735495351979310714671421067295353994674775268353147551681346744460448579764826548441667706007142702377507943887790083245886049907880390863166835530278109184/292359375*V^66*U^475 + 6689029446757929128289103941957279326246604431281930640192439230101843330152321107979779554001117132849855091848110845391489913721102961511883666824996780804830920704/6139546875*V^64*U^478 - 2260948113061536670161931841657235548361879814427536428345710548273452650316215533414716497175055459874463870414650612278262333704818955066542692970895823020803227648/2046515625*V^62*U^481 + 37440943970218117274231892158915481428668947717713580026210199695422465029813199456334196229679485912684036445354805295288216084550182731139117546688678214076727296/35083125*V^60*U^484 - 286718190327502930821361338716605467165219022813443311026537485369132288712415321723377247023826821569192669209459891685071840132588404316151931940749635480360845312/292359375*V^58*U^487 + 5255457220795621448699054312274643570761135644220084607827495201773378537905633887911363584501265211144203740864117414164674597301023813593793143017929903412843905024/6139546875*V^56*U^490 - 1449871816077658247255955652578974419553594766606460102211640168447169926777401755295575301340977367262621240528062240152689640271569246450393367721243211129964986368/2046515625*V^54*U^493 + 3406998160201291273015622095296694141636111261544028842306667199469127440235464585155235031508577039327075102596630350375829212086351877317744253309081270399822462976/6139546875*V^52*U^496 - 360045222149241711480781816919323901484321545552973910334248138284868961708880099956870583009155881664898368520047238810546206661794132805182871664447563055946006528/877078125*V^50*U^499 + 1756591584869611722235534112618253472508817765595339043638652234038017132852289595173410173554440918610030391277993774809537489826924722890581738814970880211296452608/6139546875*V^48*U^502 - 230084515677982484997315815899038241464728627624216471455325916625335157949185877222961609840886038541786835680986214222219576020332312593539014648379889310714822656/1227909375*V^46*U^505 + 8713830349177934550865970941670273886753018162238753929866375456588403341192116619047788846470163713829317795011161231865424359056289687307562729184017052082372608/75796875*V^44*U^508 - 134754589774745008870813514806164873068290902339084887657655276427919735828574225565457674657083441069738267658519160333850322636638435394354885015928453328705421312/2046515625*V^42*U^511 + 6523706365797378570752761123826711409982014458719396757163038709586219317895467904243655659167537862623550475494875665965650616045764399925591706459692454591332352/186046875*V^40*U^514 - 3929021849412734300855855553815648606170168652564870059981713163155192459459480455267819055713530967669486022378885172222149035412234091852185494207997828594139136/227390625*V^38*U^517 + 5343752885220818969239456289107375442958867155964484122853560165005184097589480276730018877382056374840219939081687475829465169724281599002580157877820051513409536/682171875*V^36*U^520 - 2213157829582930430781867731499503097354427389889796105051574965235423674856508880873647560688845330159244812611729503695631785423972986532148140806358130812256256/682171875*V^34*U^523 + 276605958462066578992533513300218540497141989674233790307745037877044006075438580785166124528952222078475768148629176618886767974150274758528214836180441410568192/227390625*V^32*U^526 - 18553457376808655159700583900280938063516629494583186039949018477173754220189366510839641886835526393908652876361783390071140731928909348151321574882696077770752/45478125*V^30*U^529 + 9117269618175413975176672220867701070397645220476741279509266451492817106513794037901574322818694830861526748519170673902461951979341851282659760357065143353344/75796875*V^28*U^532 - 255470569473315041386800873352969290456768628902063757740175859645762879788864605764842634698443512597387043557472407949807146929498427371039642100852427063296/8421875*V^26*U^535 + 52324241456815624003126798086874657356557577668702176572997168046481049418309107768801453533841465248186437876756594384683889017965337726844666554937207947264/8421875*V^24*U^538 - 1522940206561757198415927315412415535683502494480061104170095681804042379985435006099739170901067672094571699122692709585065218370387953668491146652626714624/1684375*V^22*U^541 + 66644840578203909223367036582711530025715427969449144370868047972020231360284131512461969850643620035158101071760521023407830968126539833749619800321032192/1684375*V^20*U^544 + 218157958692332522217192731239397186037527075411479828274150297338488243459062576694155950764377793474861660102743914711970797211909239425032190879181307904/8421875*V^18*U^547 - 1539922836742157108101840469485844582098129655109225683781354716448155292776639956765178249873005695157094287474402861993595113651122974043318513850908672/153125*V^16*U^550 + 18324795723659945277676036499298214276173160803030299663128067200555926707863249784466250476970985751556000457706193717697848708704767971632498821465899008/8421875*V^14*U^553 - 77413836146405899510461372993901005988252930372003911600753040789482246213946408899378110891988838991600792842824332121811309080507624127039630718533632/240625*V^12*U^556 + 7824790700600538658991807661366321094262534103080171713251962681788124784200871940032224120363780935390537504233312956328915837102646214615557044436992/240625*V^10*U^559 - 98573379516426830741225572498942958338209557053277498272331370200701843874099089953520420358265368778780260025564465088229121148211716715880181137408/48125*V^8*U^562 + 83772589225199521373367940011666484786334147150909542107478347334316353871199834889852339953536131956848455826351353290959077665500345724271853568/1375*V^6*U^565)
N13_full_stage_denominator_factor=(1/3143448000000, [(V^2 - 6*U^3, 1), (V^2 - 4*U^3, 1), (V^2 - 2*U^3, 1), (5*V^2 - 24*U^3, 1), (7*V^2 - 32*U^3, 1), (V^4 - 32*V^2*U^3 + 128*U^6, 1), (V^4 - 7*V^2*U^3 + 16*U^6, 1), (V^4 + 8*V^2*U^3 - 64*U^6, 1), (3*V^4 - 24*V^2*U^3 + 64*U^6, 1), (5*V^4 - 32*V^2*U^3 + 64*U^6, 1), (V^6 - 27*V^4*U^3 + 204*V^2*U^6 - 320*U^9, 1), (10*V^6 - 105*V^4*U^3 + 416*V^2*U^6 - 640*U^9, 1), (V^8 - 21*V^6*U^3 + 94*V^4*U^6 - 144*V^2*U^9 + 128*U^12, 1), (V^8 - 16*V^6*U^3 + 320*V^4*U^6 - 2560*V^2*U^9 + 6144*U^12, 1), (V^8 - 10*V^6*U^3 + 624*V^4*U^6 - 6080*V^2*U^9 + 15360*U^12, 1), (3*V^8 - 76*V^6*U^3 + 612*V^4*U^6 - 2208*V^2*U^9 + 3072*U^12, 1), (3*V^8 + 17*V^6*U^3 - 98*V^4*U^6 - 640*V^2*U^9 + 2048*U^12, 1), (5*V^8 - 128*V^6*U^3 + 816*V^4*U^6 - 2304*V^2*U^9 + 2048*U^12, 1), (5*V^8 - 102*V^6*U^3 + 656*V^4*U^6 - 1792*V^2*U^9 + 2048*U^12, 1), (V^10 - 80*V^8*U^3 + 704*V^6*U^6 - 512*V^4*U^9 - 12288*V^2*U^12 + 32768*U^15, 1), (V^10 - 33*V^8*U^3 + 700*V^6*U^6 - 5824*V^4*U^9 + 20736*V^2*U^12 - 26624*U^15, 1), (V^12 - 148*V^10*U^3 + 1872*V^8*U^6 - 6912*V^6*U^9 - 7168*V^4*U^12 + 90112*V^2*U^15 - 131072*U^18, 1), (V^12 + 64*V^10*U^3 - 1152*V^8*U^6 + 8704*V^6*U^9 - 40960*V^4*U^12 + 114688*V^2*U^15 - 131072*U^18, 1), (V^14 + 13*V^12*U^3 + 181*V^10*U^6 - 7850*V^8*U^9 + 66432*V^6*U^12 - 227200*V^4*U^15 + 296960*V^2*U^18 - 49152*U^21, 1), (6*V^16 - 425*V^14*U^3 + 8928*V^12*U^6 - 110080*V^10*U^9 + 902656*V^8*U^12 - 4771840*V^6*U^15 + 15220736*V^4*U^18 - 26345472*V^2*U^21 + 18874368*U^24, 1), (35*V^18 - 968*V^16*U^3 + 15212*V^14*U^6 - 155712*V^12*U^9 + 1050368*V^10*U^12 - 4663296*V^8*U^15 + 13389824*V^6*U^18 - 23756800*V^4*U^21 + 23068672*V^2*U^24 - 8388608*U^27, 1), (4*V^20 + 115*V^18*U^3 - 5694*V^16*U^6 + 87196*V^14*U^9 - 732544*V^12*U^12 + 3899136*V^10*U^15 - 13864960*V^8*U^18 + 33337344*V^6*U^21 - 53182464*V^4*U^24 + 52428800*V^2*U^27 - 25165824*U^30, 1), (4*V^24 + 165*V^22*U^3 - 5592*V^20*U^6 + 33049*V^18*U^9 + 558440*V^16*U^12 - 11424352*V^14*U^15 + 98652992*V^12*U^18 - 519820288*V^10*U^21 + 1824456704*V^8*U^24 - 4353392640*V^6*U^27 + 6911164416*V^4*U^30 - 6719275008*V^2*U^33 + 3087007744*U^36, 1), (33*V^24 + 1239*V^22*U^3 - 47936*V^20*U^6 + 626688*V^18*U^9 - 4968352*V^16*U^12 + 32573696*V^14*U^15 - 202530048*V^12*U^18 + 1067098112*V^10*U^21 - 4144332800*V^8*U^24 + 11077681152*V^6*U^27 - 19375587328*V^4*U^30 + 20031995904*V^2*U^33 - 9126805504*U^36, 1), (V^26 + 8*V^24*U^3 - 1878*V^22*U^6 + 42828*V^20*U^9 - 807760*V^18*U^12 + 14027136*V^16*U^15 - 165438464*V^14*U^18 + 1246836736*V^12*U^21 - 6140805120*V^10*U^24 + 19962396672*V^8*U^27 - 41504735232*V^6*U^30 + 49174020096*V^4*U^33 - 21877489664*V^2*U^36 - 6442450944*U^39, 1), (V^26 + 643*V^24*U^3 - 36676*V^22*U^6 + 584851*V^20*U^9 - 3126092*V^18*U^12 - 2250080*V^16*U^15 - 6136320*V^14*U^18 + 1496637440*V^12*U^21 - 14842019840*V^10*U^24 + 69648384000*V^8*U^27 - 185860096000*V^6*U^30 + 288903659520*V^4*U^33 - 245618442240*V^2*U^36 + 90194313216*U^39, 1), (6*V^28 - 977*V^26*U^3 + 42914*V^24*U^6 - 749256*V^22*U^9 + 5072896*V^20*U^12 + 20001792*V^18*U^15 - 704081920*V^16*U^18 + 7064797184*V^14*U^21 - 44177817600*V^12*U^24 + 195998777344*V^10*U^27 - 634170376192*V^8*U^30 + 1464583847936*V^6*U^33 - 2277943279616*V^4*U^36 + 2138893713408*V^2*U^39 - 927712935936*U^42, 1), (4*V^32 - 331*V^30*U^3 - 695*V^28*U^6 + 576301*V^26*U^9 - 16565480*V^24*U^12 + 209085568*V^22*U^15 - 1349122048*V^20*U^18 + 4895868928*V^18*U^21 - 32375783424*V^16*U^24 + 462852521984*V^14*U^27 - 4134709755904*V^12*U^30 + 21992933687296*V^10*U^33 - 73967054356480*V^8*U^36 + 159453345218560*V^6*U^39 - 213264453599232*V^4*U^42 + 160545877524480*V^2*U^45 - 51951924412416*U^48, 1), (V^2 - 8*U^3, 2), (U, 4), (V, 6)])
N13_full_stage_denominator_summary=(571, 188, '30b247608451864186df64c4bbb7a3721bf82935227208d874b89b3fcc75352e')
fixed_center_reviewed_positive_control=N13=(k/25)*beta
direct_qprime_omission_control=false
raw_stratum=h-zero
raw_substrata_from_emitted_denominators_still_charged=true
full_A3_beta_family_killed=false
whole_TD6_killed=false
SP2_killed=false
JC2_resolved=false
TD6-A3-Q2-N13-RAW PASS
