Q8-W0-FIBRE-STRATUM
prime=0
mode=q8
engine=std
order=block
original_remainder_zero=1
dim=0
size=9
vdim=8
v_elimination_size=1
v_eliminant_degree=8
v_eliminant_squarefree_gcd_degree=0
v_eliminant_q8_gcd_degree=8
rational_factor_entries=1
[1]:
   _[1]=999*v^8+1539*v^7-1782*v^6-6498*v^5-7320*v^4-4428*v^3-1548*v^2-296*v-24
REDUCED_BASIS_BEGIN
G[1]=999*v^8+1539*v^7-1782*v^6-6498*v^5-7320*v^4-4428*v^3-1548*v^2-296*v-24
G[2]=960740352*inu+183191183366076*v^7+187115506481331*v^6-441731900883339*v^5-977671564742682*v^4-790024325558826*v^3-314017089407352*v^2-56009828982456*v-2423905875104
G[3]=1259712*inv-345687966*v^7-539472393*v^6+550677042*v^5+2257334037*v^4+2741039952*v^3+1734553368*v^2+587680344*v+85945588
G[4]=100*x5-116883*v^7-84159*v^6+278316*v^5+533088*v^4+418176*v^3+174348*v^2+38412*v+3456
G[5]=50*x3-68931*v^7-49248*v^6+164727*v^5+313956*v^4+246312*v^3+102996*v^2+22824*v+2052
G[6]=25*x1+86913*v^7+43983*v^6-211626*v^5-371466*v^4-278046*v^3-111456*v^2-23472*v-2052
G[7]=440*d4+3096900*v^7+3599073*v^6-7029747*v^5-17593812*v^4-15667464*v^3-7128888*v^2-1633092*v-144928
G[8]=440*d2+2449548*v^7+2893509*v^6-5521527*v^5-14031216*v^4-12619668*v^3-5809704*v^2-1353348*v-124344
G[9]=71280*c-79623297*v^7-116084502*v^6+167198013*v^5+514769076*v^4+500265582*v^3+242471268*v^2+58020912*v+5046760
REDUCED_BASIS_END
Q8_W0_FIBRE_STRATUM_PASS
