component=b3tq
q_beta=t+beta*t^2+t^25
direct_qprime_retained=true
source_p_boundary=t^15_fixed
source_dead_stretch=0_fixed
source_F1_orbit=frozen
source_pole_scale_and_data=frozen
weighted_scaling_used=false
scope=function_field_of_exact_printed_component
p3_transport rows=0;pivots=1;events=0;chart_degree=0
p3_transport rows=250;pivots=251;events=0;chart_degree=0
p3_transport rows=1500;pivots=684;events=0;chart_degree=0
p3_transport rows=1750;pivots=934;events=0;chart_degree=0
p3_transport rows=2000;pivots=1184;events=0;chart_degree=0
p3_transport rows=2250;pivots=1434;events=0;chart_degree=0
p3_transport rows=4750;pivots=1716;events=0;chart_degree=0
p3_transport rows=5000;pivots=1966;events=1;chart_degree=12
p3_transport rows=5250;pivots=2215;events=1;chart_degree=12
p3_transport rows=5500;pivots=2465;events=2;chart_degree=12
p3_transport rows=5750;pivots=2715;events=2;chart_degree=12
p3_transport rows=6000;pivots=2965;events=2;chart_degree=12
p3_transport rows=6250;pivots=3215;events=2;chart_degree=12
p3_transport rows=6500;pivots=3465;events=2;chart_degree=12
transport_rank=3470/3602
transport_event_count=2
transport_chart_summary=(12, 1, '175ca62ae5ae0fedfb0d62881e85fa99a48f7c839001a96c178077631f6cd8c5')
transport_beta_original_row_propagation=true
transport_x_and_pole_sections_exact=true
first_rank=38/132
first_dependent_count=0
first_pivot_digest=33a26bbef276fdbdf0312d81729fcc389cac709e5a3fb9622b7284565b019e0f
first_original_row_replay=true
first_affine_parameterization_replay=true
previous_pole_rank=38/94
previous_pole_dependent_count=1
previous_pole_pivot_digest=f79ea98cb4ec441a76840fcee9703b0a30a32f6175df68951cacce305ebdd8fc
previous_pole_original_row_replay=true
previous_pole_affine_parameterization_replay=true
current_rank=25/56
current_dependent_count=11
current_pivot_digest=f15e8a47642866971d8727a54b95a68b4d50e87c6e0a4b5425c65bb24bb84f31
current_original_row_replay=true
current_compatibility_count=11
N13_record_count=1
compatibility[0]_key=('X0', 0)
compatibility[0]_degree=0
compatibility[0]_sha256=05ef56c9fc6bf1eaa714c7043e14afd9d6e72e5582d63427898044827d74bdfb
compatibility[0]_left_null_sha256=2f4e45331c8fef23bd33f4876cf8356d8d0b3d5f9fa66ba3d3459cc049729380
compatibility[1]_key=('X0', 4)
compatibility[1]_degree=4
compatibility[1]_sha256=70510e568aceaa701a1ab890bc82e74e108e0e2f8c900f3b2b3626fe17fa5288
compatibility[1]_left_null_sha256=30f8955d7a1f569ba0cea8788daa66d79c393a9352dd91be083bd8ee84b20c98
compatibility[2]_key=('X0', 5)
compatibility[2]_degree=4
compatibility[2]_sha256=8656a44d9f646769eceadd4f5fbb54bcb049ab7bab4c6b18f37a7643e62662f7
compatibility[2]_left_null_sha256=4790f6c70be56ded04af920c5d13003260b5a819f1197f202b970d6052338f45
compatibility[3]_key=('X0', 6)
compatibility[3]_degree=4
compatibility[3]_sha256=752f23e23e8466fef56574ce8f961f18e62ad1a6a8afdbc557fe208f2dce8df6
compatibility[3]_left_null_sha256=3eceaae57520fa9505defb0dcad7d630f5a53e065ff99e7ef3a5f48e6196d169
compatibility[4]_key=('X0', 7)
compatibility[4]_degree=4
compatibility[4]_sha256=d93887b4b9a00183cf93998fbd9ff7bb939114c65996f64d5678ab8929d2dd39
compatibility[4]_left_null_sha256=a4589b237a880b48fe1172013d0cd41f51a75aab180df798d8d79898990eb682
compatibility[5]_key=('X0', 8)
compatibility[5]_degree=4
compatibility[5]_sha256=002989851877fe367a6ec125de7c76822b04f27f2d288f5d4fc318a143317481
compatibility[5]_left_null_sha256=c8c07947277657c5dfd5f01c18a80f14d1e95ebf0654a461dca927ca1f4b2df8
compatibility[6]_key=('X0', 9)
compatibility[6]_degree=4
compatibility[6]_sha256=1d9b3f12e35ee18abee919ac287757a276ec4301ef9ab7aea87b3c654424066a
compatibility[6]_left_null_sha256=b8d7e1eb1bbe8b73fb734d2ff3d3d0937c35db5cf69216988c4d43a099ebf307
compatibility[7]_key=('X0', 10)
compatibility[7]_degree=4
compatibility[7]_sha256=7735d80b56adbdcdfa65bf60e0bcca1431c18c652ed943584a2dca4510949194
compatibility[7]_left_null_sha256=148533500945da852007245d033f0d9ca72ccda6b2278c607a45bcfeff0cbe1b
compatibility[8]_key=('X0', 11)
compatibility[8]_degree=4
compatibility[8]_sha256=35e3bd0b8610f34b7d8ab1a8ac3219461d54d71d2ca0e7f81562c5bd38959dfc
compatibility[8]_left_null_sha256=dfe14077289c2d54d10eb7b27fa1dea7b41a7c2fa68daddec4aeced457a6bcb6
compatibility[9]_key=('X0', 12)
compatibility[9]_degree=4
compatibility[9]_sha256=87dfadb142d6b3aad88401f9a6c8fdde315c5ab65d6a18a1159ac4637ae43048
compatibility[9]_left_null_sha256=58cb01a430cde1fdabc0b5b80bb948b1f721fb47f4d8ec41d7cbbc7edf91cbcc
compatibility[10]_key=('X0', 13)
compatibility[10]_degree=1
compatibility[10]_sha256=3ec7708f32ee5817a81c6ad8f29a1c1030d8f558b29c9f0342e7029e3653eda9
compatibility[10]_left_null_sha256=9d7a330af2b61b3408af4a5d4d27abd8091452593ec3648780d3d4edab54a7a9
current_compatibility_original_row_replay=true
N13_equals_k_beta_over_25=true
N13_sha256=3ec7708f32ee5817a81c6ad8f29a1c1030d8f558b29c9f0342e7029e3653eda9
N13_left_null_sha256=9d7a330af2b61b3408af4a5d4d27abd8091452593ec3648780d3d4edab54a7a9
stage_denominator_summary=(11, 1, '14c8d2ccacc5b001e9f2d5a31a8dfb3dcc67dd2bbaa31dcab7938702f2d93b77')
stage_denominator_factor=(1, [(x, 11)])
certificate_chart_summary=(23, 1, '1612f11ad5dc5c89fef259b7e8d4414647c7b3371c4353dc42978a5da8d050e1')
certificate_chart_factor=(1, [(x, 23)])
only_parameter_zero_exception=true
every_denominator_norm_factor_still_charged=true
fixed_beta_curve_P12_dependency_separate=true
component_all_beta_killed=false
fixed_A3_all_beta_killed=false
whole_TD6_killed=false
SP2_killed=false
JC2_resolved=false
TD6-A3-Q2-N13-CURVE PASS
