TAIL_TO_COEF=1
COEF_TO_TAIL=1
LEAD_RELATION=1
SOURCE_EQUIVALENCE=PASS
EXACT_SOURCE_SAT_UNIT=0
EXACT_SOURCE_SAT_DIM=1
EXACT_CANDIDATE_MEMBER=1
EXACT_PLANE_FACTOR_COUNT=1
EXACT_RESIDUAL_FACTOR_COUNT=1
EXACT_TORUS_SING_DIM=0
EXACT_TORUS_SING_VDIM=4
EXACT_HESSIAN_UNIT=1
EXACT_LEFT_FACE_SQUAREFREE=0
EXACT_TOP_FACE_SQUAREFREE=0
EXACT_LEFT_FACE_BEGIN
5184v2-419904/11v+8503056/121
EXACT_LEFT_FACE_END
EXACT_TOP_H_BEGIN
-3587901148629/1982464q7-750433487193/495616q6-63407820033/123904q5-2681119845/30976q4-53636175/7744q3-177147/1936q2+10341/484q+1
EXACT_TOP_H_END
EXACT_NODE_BOUNDARY_CERTIFICATE=FAIL
EXACT_CANDIDATE=PASS_RELATION_AND_GEOMETRY
