	Command being timed: "timeout 7200 bash /home/ubuntu/jobs/max12_812_order4_mu4_nonzero_plane_multiprime_v2_20260826T011500Z_box03/src/cases/max12_812_order4_mu4_nonzero_quotient_passport_20260826/run_multiprime_exact_reconstruct_aws.sh /home/ubuntu/jobs/max12_812_order4_mu4_nonzero_plane_multiprime_v2_20260826T011500Z_box03/src /home/ubuntu/jobs/max12_812_order4_mu4_nonzero_plane_multiprime_v2_20260826T011500Z_box03/run max12_812_order4_mu4_nonzero_plane_multiprime_v2_20260826T011500Z_box03 /home/ubuntu/jobs/max12_812_order4_mu4_nonzero_plane_multiprime_v2_20260826T011500Z_box03/src/cases/max12_812_order4_mu4_nonzero_curve_20260825/aws_compile_v2_box02_20260826T002224Z/compiled/coefficient_curve.sing"
	User time (seconds): 60.72
	System time (seconds): 3.82
	Percent of CPU this job got: 479%
	Elapsed (wall clock) time (h:mm:ss or m:ss): 0:13.46
	Average shared text size (kbytes): 0
	Average unshared data size (kbytes): 0
	Average stack size (kbytes): 0
	Average total size (kbytes): 0
	Maximum resident set size (kbytes): 115428
	Average resident set size (kbytes): 0
	Major (requiring I/O) page faults: 62
	Minor (reclaiming a frame) page faults: 731518
	Voluntary context switches: 6350
	Involuntary context switches: 581
	Swaps: 0
	File system inputs: 744
	File system outputs: 2192
	Socket messages sent: 0
	Socket messages received: 0
	Signals delivered: 0
	Page size (bytes): 4096
	Exit status: 0
