{
  "class_id": "C_n36m24_Mm18_m4_5_ell1_s4_V5_18_6",
  "kind": "unsplit",
  "chart_kind": "order_source_complete",
  "n_unknowns": 98,
  "class_verdict": "TIMEOUT",
  "stems": [],
  "union": null,
  "extract_union": {
    "ok": false,
    "stem": "C_n36m24_Mm18_m4_5_ell1_s4_V5_18_6_union",
    "timed_out": true,
    "returncode": 1,
    "declared_equations": null,
    "rows": 0,
    "wall_seconds": 300.166,
    "log": "/home/ubuntu/jc2/box/operative-sweep-20260905/classes/C_n36m24_Mm18_m4_5_ell1_s4_V5_18_6/jobs/C_n36m24_Mm18_m4_5_ell1_s4_V5_18_6_union_extract.log",
    "lead_h_gate": true,
    "log_tail": "NATIVE_GATE lead_h_is_yK=1\n\nhalt 1\n"
  },
  "msolve_screen": null,
  "fibre_size": 1,
  "exact_q": false,
  "wall_seconds": 300.166,
  "note": "NON_EMPTY is not a counterexample unless a point with J=const lifts. TIMEOUT at this size is the compute-bound threshold. msolve modular [1] is a screen only.",
  "tier": "ctop_killed",
  "nunk_sort": 98,
  "engine": "order_source_complete",
  "split_survivor_count": 0,
  "split_leaves": [],
  "window": [
    "2"
  ],
  "schema": "census-sweep-class-certificate-v1",
  "fallacy_v2": "A class kill needs the FULL necessary chart (h-support included; for u_s>=2 split rows the joint chart: order + minor-incidence + pole + Jacobian) AND every stem UNIT AND exact-Q confirm. Modular [1] is not a kill. A surviving point is not a counterexample unless J is a nonzero constant and the point lifts.",
  "certificate_path": "/home/ubuntu/jc2/box/operative-sweep-20260905/classes/C_n36m24_Mm18_m4_5_ell1_s4_V5_18_6/certificate.json",
  "certificate_sha256": "d3f5e2d758b9b958c7d9ccde0f7c070e723de5a67a383075807b8493c341fa6b"
}
