info: mathlib: cloning https://github.com/leanprover-community/mathlib4
info: mathlib: checking out revision '20bc12820422504f9e52ee6caebf8182a9015336'
info: plausible: cloning https://github.com/leanprover-community/plausible
info: plausible: checking out revision '38e9c3ce15cbb63c92e90bb9a92e4eb82131f669'
info: LeanSearchClient: cloning https://github.com/leanprover-community/LeanSearchClient
info: LeanSearchClient: checking out revision '2bc7cf064315b26bc38dac2e9612fb581be9b75f'
info: importGraph: cloning https://github.com/leanprover-community/import-graph
info: importGraph: checking out revision '978b7ec9fbbf9a535114f1de8fe5b3778b358870'
info: proofwidgets: cloning https://github.com/leanprover-community/ProofWidgets4
info: proofwidgets: checking out revision 'ebeca04ecd5ee2ba9740e13576d80d4ab6b5779c'
info: aesop: cloning https://github.com/leanprover-community/aesop
info: aesop: checking out revision 'c1c4362a130f12e632d252180a6c2a31d8fd4726'
info: Qq: cloning https://github.com/leanprover-community/quote4
info: Qq: checking out revision '3b55e9d00c6b0018e5d984eb011b6f93c09bd163'
info: batteries: cloning https://github.com/leanprover-community/batteries
info: batteries: checking out revision '36cc05ca2d0e469bfbeea9437f460e19238e885e'
info: Cli: cloning https://github.com/leanprover/lean4-cli
info: Cli: checking out revision 'af8bc067a4cc6c6df472a68909a3f40b1c76c43e'
✔ [1/5] Built Cache.Cli (499ms)
✔ [2/5] Built Cache.Lean (595ms)
✔ [8/26] Built Cache.Cli:c.o (201ms)
✔ [9/26] Built Cache.Lean:c.o (227ms)
✔ [10/26] Built Cache.Infra (609ms)
✔ [11/26] Built Cache.Infra:c.o (315ms)
✔ [12/26] Built Cache.IO (2.2s)
✔ [13/26] Built Cache.Hashing (1.3s)
✔ [14/26] Built Cache.Hashing:c.o (690ms)
✔ [15/26] Built Cache.IO:c.o (2.7s)
✔ [16/26] Built Cache.Requests (3.2s)
✔ [17/26] Built Cache.Marker (873ms)
✔ [18/26] Built Cache.Marker:c.o (178ms)
✔ [19/26] Built Cache.Query (1.1s)
✔ [20/26] Built Cache.Query:c.o (480ms)
✔ [21/26] Built Cache.Warning (1.0s)
✔ [22/26] Built Cache.Warning:c.o (422ms)
✔ [23/26] Built Cache.Main (1.9s)
✔ [24/26] Built Cache.Requests:c.o (4.8s)
✔ [25/26] Built Cache.Main:c.o (1.6s)
✔ [26/26] Built cache:exe (961ms)
info: mathlib: cloning https://github.com/leanprover-community/mathlib4
info: mathlib: checking out revision '20bc12820422504f9e52ee6caebf8182a9015336'
info: plausible: cloning https://github.com/leanprover-community/plausible
info: plausible: checking out revision '38e9c3ce15cbb63c92e90bb9a92e4eb82131f669'
info: LeanSearchClient: cloning https://github.com/leanprover-community/LeanSearchClient
info: LeanSearchClient: checking out revision '2bc7cf064315b26bc38dac2e9612fb581be9b75f'
info: importGraph: cloning https://github.com/leanprover-community/import-graph
info: importGraph: checking out revision '978b7ec9fbbf9a535114f1de8fe5b3778b358870'
info: proofwidgets: cloning https://github.com/leanprover-community/ProofWidgets4
info: proofwidgets: checking out revision 'ebeca04ecd5ee2ba9740e13576d80d4ab6b5779c'
info: aesop: cloning https://github.com/leanprover-community/aesop
info: aesop: checking out revision 'c1c4362a130f12e632d252180a6c2a31d8fd4726'
info: Qq: cloning https://github.com/leanprover-community/quote4
info: Qq: checking out revision '3b55e9d00c6b0018e5d984eb011b6f93c09bd163'
info: batteries: cloning https://github.com/leanprover-community/batteries
info: batteries: checking out revision '36cc05ca2d0e469bfbeea9437f460e19238e885e'
info: Cli: cloning https://github.com/leanprover/lean4-cli
info: Cli: checking out revision 'af8bc067a4cc6c6df472a68909a3f40b1c76c43e'
✔ [1/5] Built Cache.Cli (519ms)
✔ [2/5] Built Cache.Lean (626ms)
✔ [8/26] Built Cache.Cli:c.o (213ms)
✔ [9/26] Built Cache.Lean:c.o (229ms)
✔ [10/26] Built Cache.Infra (647ms)
✔ [11/26] Built Cache.Infra:c.o (335ms)
✔ [12/26] Built Cache.IO (2.3s)
✔ [13/26] Built Cache.Hashing (1.4s)
✔ [14/26] Built Cache.Hashing:c.o (743ms)
✔ [15/26] Built Cache.IO:c.o (2.7s)
✔ [16/26] Built Cache.Requests (3.5s)
✔ [17/26] Built Cache.Marker (994ms)
✔ [18/26] Built Cache.Marker:c.o (194ms)
✔ [19/26] Built Cache.Query (1.2s)
✔ [20/26] Built Cache.Query:c.o (532ms)
✔ [21/26] Built Cache.Warning (1.2s)
✔ [22/26] Built Cache.Warning:c.o (451ms)
✔ [23/26] Built Cache.Requests:c.o (5.4s)
✔ [24/26] Built Cache.Main (2.2s)
✔ [25/26] Built Cache.Main:c.o (2.0s)
✔ [26/26] Built cache:exe (1.2s)
