Running as unit: run-r44561f0aa3cf4087aea64999863f1fe6.scope; invocation ID: fdb18cb87173476094d60bc1d67830cb
	Command being timed: "timeout 7200 /home/ubuntu/venvs/td6/bin/python jc2/cases/td6_c1_c2_c3_q2_source_row_shards_v55_v56_20260825/replay.py"
	User time (seconds): 2079.71
	System time (seconds): 0.41
	Percent of CPU this job got: 99%
	Elapsed (wall clock) time (h:mm:ss or m:ss): 34:40.18
	Average shared text size (kbytes): 0
	Average unshared data size (kbytes): 0
	Average stack size (kbytes): 0
	Average total size (kbytes): 0
	Maximum resident set size (kbytes): 403240
	Average resident set size (kbytes): 0
	Major (requiring I/O) page faults: 0
	Minor (reclaiming a frame) page faults: 134358
	Voluntary context switches: 3
	Involuntary context switches: 2659
	Swaps: 0
	File system inputs: 0
	File system outputs: 1184
	Socket messages sent: 0
	Socket messages received: 0
	Signals delivered: 0
	Page size (bytes): 4096
	Exit status: 0
