RUNBOOK.md: OK
V19_RUNBOOK.md: OK
V24_ERRATUM.md: OK
V27_ERRATUM.md: OK
run_v27.sh: OK
jc2/cases/td6_c1_c3_first_ideal_eps2_20260824/c1_c3_thickening.py: OK
jc2/cases/td6_c1_c3_first_ideal_eps2_20260824/c1_pencil.py: OK
jc2/cases/td6_c1_c3_first_ideal_eps2_20260824/c1_rational_transport.py: OK
jc2/cases/td6_c1_c3_first_ideal_eps2_20260824/fast_efield.py: OK
jc2/cases/td6_c1_c3_first_ideal_eps2_20260824/fast_evec.py: OK
jc2/cases/td6_c1_c3_first_ideal_eps2_20260824/replay.py: OK
jc2/cases/td6_c1_c3_two_center_cover_20260824/c1_pencil.py: OK
jc2/cases/td6_c1_c3_two_center_cover_20260824/c1_c2_c3_trivariate.py: OK
jc2/cases/td6_c1_c3_two_center_cover_20260824/c1_c2_c3_p3_quotient.py: OK
jc2/cases/td6_c1_c3_two_center_cover_20260824/c1_rational_transport.py: OK
jc2/cases/td6_c1_c3_two_center_cover_20260824/fast_efield.py: OK
jc2/cases/td6_c1_c3_two_center_cover_20260824/fast_evec.py: OK
jc2/cases/td6_c1_c3_two_center_cover_20260824/h_b_raw_quotient.py: OK
jc2/cases/td6_c1_c3_two_center_cover_20260824/first_c1_c3_mpoly.py: OK
jc2/cases/td6_c1_c3_two_center_cover_20260824/replay.py: OK
jc2/cases/td6_c1_c3_two_center_cover_20260824/transport_c1_c3_mpoly.py: OK
jc2/cases/td6_jet_orbit_adjoint_20260824/replay.py: OK
jc2/cases/td6_two_chart_first_band_20260824/replay.py: OK
jc2/cases/td6_two_chart_next_row_20260824/replay.py: OK
jc2/cases/td6_boundary_q2_deformation_20260824/replay.py: OK
jc2/cases/td6_moduli_uniformity_20260824/replay.py: OK
jc2/cases/td6_moduli_uniform_third_band_20260824/replay.py: OK
V28_RUNBOOK.md: OK
jc2/cases/td6_c1_c2_c3_q2_beta_dual_20260825/replay.py: OK
run_v28.sh: OK
V29_ERRATUM.md: OK
V32_SENTINEL_ERRATUM.md: OK
