beta_parameter_name=beta
target_compatibility=X0_t13
ring=E(C,V,U)[beta]
q_beta=t+beta*t^2+t^25
direct_qprime_retained=true
raw_center_stratum=generic
raw_fraction_field_not_complete_stratum=true
source_center=C,V,U independent
trivariate_transport rows=0;pivots=1;events=0
trivariate_transport rows=250;pivots=251;events=0
trivariate_transport rows=1500;pivots=684;events=0
trivariate_transport rows=1750;pivots=934;events=0
trivariate_transport rows=2000;pivots=1184;events=0
trivariate_transport rows=2250;pivots=1434;events=0
trivariate_transport rows=4750;pivots=1716;events=0
trivariate_transport rows=5000;pivots=1966;events=1
trivariate_transport rows=5250;pivots=2215;events=1
trivariate_transport rows=5500;pivots=2465;events=2
trivariate_transport rows=5750;pivots=2715;events=2
trivariate_transport rows=6000;pivots=2965;events=2
trivariate_transport rows=6250;pivots=3215;events=2
trivariate_transport rows=6500;pivots=3465;events=2
transport_rank=3470/3602
transport_event_count=2
transport_matrix_beta_independent=true
transport_rhs_beta_affine_exact=true
transport_free_count=132
transport_x_and_pole_sections_exact=true
first_rank=38/132
first_dependent_count=0
first_all_pivots_beta_independent=true
first_pivot_digest=23b69bd98758a7b7c85d67470fb43c926cb158c6a4946b91f1e1f3992cf0bdc3
first_original_row_replay=true
first_affine_parameterization_replay=true
previous_pole_rank=38/94
previous_pole_dependent_count=1
previous_pole_all_pivots_beta_independent=true
previous_pole_pivot_digest=2c1730347fef20df486d2e78153397bd0679ff7302a350747aed669f063ede90
previous_pole_original_row_replay=true
previous_pole_affine_parameterization_replay=true
current_rank=25/56
current_dependent_count=11
current_all_pivots_beta_independent=true
current_pivot_digest=a4e0588a4d9b8b1966a13a213c8b3a4c1144d50d411e7e7294040380a668b8a0
current_original_row_replay=true
current_compatibility_count=11
current_compatibility_original_row_replay=true
compatibility[0]_row_index=0
compatibility[0]_key=('X0', 0)
compatibility[0]_degree=0
compatibility[0]_support=1
compatibility[0]_weight_degree=0
compatibility[0]_sha256=374eb72503ecef8af50f95b1cf21f61edf68ce2964215f928698129b84baa528
compatibility[0]_left_null_sha256=0f88117e27a832202321e4002a91dda4b4f8f82a6055730afbf1955e280591a0
compatibility[1]_row_index=4
compatibility[1]_key=('X0', 4)
compatibility[1]_degree=4
compatibility[1]_support=4
compatibility[1]_weight_degree=3
compatibility[1]_sha256=0e144029bcabd9dd15f3d8b1fad09e3ddfe21d800a9cdbda16f13304f99bc41d
compatibility[1]_left_null_sha256=0b657e5cb34c41e4de76243bd515017016a617bcf077ae348a58369f6cf2723d
compatibility[2]_row_index=5
compatibility[2]_key=('X0', 5)
compatibility[2]_degree=4
compatibility[2]_support=4
compatibility[2]_weight_degree=3
compatibility[2]_sha256=26dffb73cd847df5931bbbc264e62ab9c9907152d4896c8c377d85d2eb886149
compatibility[2]_left_null_sha256=e0c42b6b221a81cd98b293b46e9d2aa587098d13a3abf048a933e0654b03654e
compatibility[3]_row_index=6
compatibility[3]_key=('X0', 6)
compatibility[3]_degree=4
compatibility[3]_support=4
compatibility[3]_weight_degree=3
compatibility[3]_sha256=828dafd314384bec90bf2f0a84d4ed8104fe0be7c29b1facc0a73356a45747f6
compatibility[3]_left_null_sha256=0bd10e7bb820398927c7947d301163c6a950804bb1dc260c0968fd3c07d08031
compatibility[4]_row_index=7
compatibility[4]_key=('X0', 7)
compatibility[4]_degree=4
compatibility[4]_support=4
compatibility[4]_weight_degree=3
compatibility[4]_sha256=589c9c6ea265bb809f937e49135a5e25311ab0b82d745393d09c02bc69b8a9e5
compatibility[4]_left_null_sha256=924e6f2e502cd27974dcff108a120b4b7712df6ff63c24cfe6a285049215876b
compatibility[5]_row_index=8
compatibility[5]_key=('X0', 8)
compatibility[5]_degree=4
compatibility[5]_support=4
compatibility[5]_weight_degree=3
compatibility[5]_sha256=a1947c512daa40db09b7ffe5c078655bce3e87017fd0dfe4a50e786e9448fd3b
compatibility[5]_left_null_sha256=2d27a44d3d675f10f36a10ebb01149e9446506f37ab814f3493ff54a5773ee73
compatibility[6]_row_index=9
compatibility[6]_key=('X0', 9)
compatibility[6]_degree=4
compatibility[6]_support=4
compatibility[6]_weight_degree=3
compatibility[6]_sha256=8c58165ada00819a337bc19e18bc16d0be7af5f4d1dcf8709400dd1087f37623
compatibility[6]_left_null_sha256=1d60e11fa0d4866d63ddec9da7d4ad2811dba0950963e9afa058d8b410655399
compatibility[7]_row_index=10
compatibility[7]_key=('X0', 10)
compatibility[7]_degree=4
compatibility[7]_support=4
compatibility[7]_weight_degree=3
compatibility[7]_sha256=81670c1098f76e13416693f381d73a942ca1000eb8e2bad216587e89ecfb8781
compatibility[7]_left_null_sha256=8a73d13eeae81cb8f7f7db136f54e63af664091533834f66d1aa006f720ba639
compatibility[8]_row_index=11
compatibility[8]_key=('X0', 11)
compatibility[8]_degree=4
compatibility[8]_support=4
compatibility[8]_weight_degree=3
compatibility[8]_sha256=f7bffc59c716dfbc7c9a785b17704cfc7e2301dd78dbb2a3601843bcb368d56f
compatibility[8]_left_null_sha256=921fef78e878a19a1f36ced97ac93bf0f47e062d4065880005535d17c28fc45e
compatibility[9]_row_index=12
compatibility[9]_key=('X0', 12)
compatibility[9]_degree=4
compatibility[9]_support=4
compatibility[9]_weight_degree=3
compatibility[9]_sha256=14106a19a3d833459ca8601ea1c36916ff5daa1fe09c84cc982c32d5a9d0da7f
compatibility[9]_left_null_sha256=251ba4f3727b3ec0eb1ee5411c95dcdbc49d4b0751035d8964b5f632e48f7f57
compatibility[10]_row_index=13
compatibility[10]_key=('X0', 13)
compatibility[10]_degree=1
compatibility[10]_support=1
compatibility[10]_weight_degree=0
compatibility[10]_sha256=8e22c89f25043f9b89d6691e13badac1399b0d8edf240e1259c0b8921edf70bd
compatibility[10]_left_null_sha256=70fc7dea6786cfb4933098e671b7e6c1817ca59ba568b07e738aabae90d6de2d
current_all_compatibilities_emitted=true
N13_record_count=1
N13_degree=1
N13_sha256=8e22c89f25043f9b89d6691e13badac1399b0d8edf240e1259c0b8921edf70bd
N13_expected_sha256=d3a4ad80558754584205f2dd4d620dc5f0082271c9e7d90e7978e6ac548aba6e
N13_equals_reviewed_k_beta_over_25=true
N13_equals_negative_reviewed_value=false
N13_constant_zero=true
N13_beta_coefficient_sha256=cc2eafc7f74a8e5c2395a0a53fe01bd3f6d3b53151b71a96dfbff1958e81f37e
N13_beta_coefficient_coordinate_degrees=[(0, 0), (0, 0), (0, 0), (0, 0), (-1, 0), (-1, 0), (-1, 0), (-1, 0), (-1, 0), (-1, 0), (-1, 0), (-1, 0), (-1, 0), (-1, 0), (-1, 0), (-1, 0), (-1, 0), (-1, 0)]
N13_left_null_beta_weight_count=0
current_incompatibility[0]_row_index=0
current_incompatibility[0]_key=('X0', 0)
current_incompatibility[0]_degree=0
current_incompatibility[0]_residual_sha256=374eb72503ecef8af50f95b1cf21f61edf68ce2964215f928698129b84baa528
current_incompatibility[0]_source_row_count=1
current_incompatibility[0]_source_certificate_sha256=0f88117e27a832202321e4002a91dda4b4f8f82a6055730afbf1955e280591a0
current_incompatibility[0]_bezout_sha256=355abd165202f55a4e4aa9f60afddd5c5a5dd2851cfed8e5d8bacdfc54e0ec84
current_incompatibility[1]_row_index=4
current_incompatibility[1]_key=('X0', 4)
current_incompatibility[1]_degree=4
current_incompatibility[1]_residual_sha256=0e144029bcabd9dd15f3d8b1fad09e3ddfe21d800a9cdbda16f13304f99bc41d
current_incompatibility[1]_source_row_count=4
current_incompatibility[1]_source_certificate_sha256=0b657e5cb34c41e4de76243bd515017016a617bcf077ae348a58369f6cf2723d
current_incompatibility[1]_bezout_sha256=ff6318c0804baed89873193020afb73af302ba1772cbeb085f2a95e3cb6b4574
current_incompatibility[2]_row_index=5
current_incompatibility[2]_key=('X0', 5)
current_incompatibility[2]_degree=4
current_incompatibility[2]_residual_sha256=26dffb73cd847df5931bbbc264e62ab9c9907152d4896c8c377d85d2eb886149
current_incompatibility[2]_source_row_count=4
current_incompatibility[2]_source_certificate_sha256=e0c42b6b221a81cd98b293b46e9d2aa587098d13a3abf048a933e0654b03654e
current_incompatibility[2]_bezout_sha256=ff6318c0804baed89873193020afb73af302ba1772cbeb085f2a95e3cb6b4574
current_incompatibility[3]_row_index=6
current_incompatibility[3]_key=('X0', 6)
current_incompatibility[3]_degree=4
current_incompatibility[3]_residual_sha256=828dafd314384bec90bf2f0a84d4ed8104fe0be7c29b1facc0a73356a45747f6
current_incompatibility[3]_source_row_count=4
current_incompatibility[3]_source_certificate_sha256=0bd10e7bb820398927c7947d301163c6a950804bb1dc260c0968fd3c07d08031
current_incompatibility[3]_bezout_sha256=ff6318c0804baed89873193020afb73af302ba1772cbeb085f2a95e3cb6b4574
current_incompatibility[4]_row_index=7
current_incompatibility[4]_key=('X0', 7)
current_incompatibility[4]_degree=4
current_incompatibility[4]_residual_sha256=589c9c6ea265bb809f937e49135a5e25311ab0b82d745393d09c02bc69b8a9e5
current_incompatibility[4]_source_row_count=4
current_incompatibility[4]_source_certificate_sha256=924e6f2e502cd27974dcff108a120b4b7712df6ff63c24cfe6a285049215876b
current_incompatibility[4]_bezout_sha256=ff6318c0804baed89873193020afb73af302ba1772cbeb085f2a95e3cb6b4574
current_incompatibility[5]_row_index=8
current_incompatibility[5]_key=('X0', 8)
current_incompatibility[5]_degree=4
current_incompatibility[5]_residual_sha256=a1947c512daa40db09b7ffe5c078655bce3e87017fd0dfe4a50e786e9448fd3b
current_incompatibility[5]_source_row_count=4
current_incompatibility[5]_source_certificate_sha256=2d27a44d3d675f10f36a10ebb01149e9446506f37ab814f3493ff54a5773ee73
current_incompatibility[5]_bezout_sha256=ff6318c0804baed89873193020afb73af302ba1772cbeb085f2a95e3cb6b4574
current_incompatibility[6]_row_index=9
current_incompatibility[6]_key=('X0', 9)
current_incompatibility[6]_degree=4
current_incompatibility[6]_residual_sha256=8c58165ada00819a337bc19e18bc16d0be7af5f4d1dcf8709400dd1087f37623
current_incompatibility[6]_source_row_count=4
current_incompatibility[6]_source_certificate_sha256=1d60e11fa0d4866d63ddec9da7d4ad2811dba0950963e9afa058d8b410655399
current_incompatibility[6]_bezout_sha256=ff6318c0804baed89873193020afb73af302ba1772cbeb085f2a95e3cb6b4574
current_incompatibility[7]_row_index=10
current_incompatibility[7]_key=('X0', 10)
current_incompatibility[7]_degree=4
current_incompatibility[7]_residual_sha256=81670c1098f76e13416693f381d73a942ca1000eb8e2bad216587e89ecfb8781
current_incompatibility[7]_source_row_count=4
current_incompatibility[7]_source_certificate_sha256=8a73d13eeae81cb8f7f7db136f54e63af664091533834f66d1aa006f720ba639
current_incompatibility[7]_bezout_sha256=ff6318c0804baed89873193020afb73af302ba1772cbeb085f2a95e3cb6b4574
current_incompatibility[8]_row_index=11
current_incompatibility[8]_key=('X0', 11)
current_incompatibility[8]_degree=4
current_incompatibility[8]_residual_sha256=f7bffc59c716dfbc7c9a785b17704cfc7e2301dd78dbb2a3601843bcb368d56f
current_incompatibility[8]_source_row_count=4
current_incompatibility[8]_source_certificate_sha256=921fef78e878a19a1f36ced97ac93bf0f47e062d4065880005535d17c28fc45e
current_incompatibility[8]_bezout_sha256=ff6318c0804baed89873193020afb73af302ba1772cbeb085f2a95e3cb6b4574
current_incompatibility[9]_row_index=12
current_incompatibility[9]_key=('X0', 12)
current_incompatibility[9]_degree=4
current_incompatibility[9]_residual_sha256=14106a19a3d833459ca8601ea1c36916ff5daa1fe09c84cc982c32d5a9d0da7f
current_incompatibility[9]_source_row_count=4
current_incompatibility[9]_source_certificate_sha256=251ba4f3727b3ec0eb1ee5411c95dcdbc49d4b0751035d8964b5f632e48f7f57
current_incompatibility[9]_bezout_sha256=ff6318c0804baed89873193020afb73af302ba1772cbeb085f2a95e3cb6b4574
current_incompatibility[10]_row_index=13
current_incompatibility[10]_key=('X0', 13)
current_incompatibility[10]_degree=1
current_incompatibility[10]_residual_sha256=8e22c89f25043f9b89d6691e13badac1399b0d8edf240e1259c0b8921edf70bd
current_incompatibility[10]_source_row_count=1
current_incompatibility[10]_source_certificate_sha256=70fc7dea6786cfb4933098e671b7e6c1817ca59ba568b07e738aabae90d6de2d
current_incompatibility[10]_bezout_sha256=ff6318c0804baed89873193020afb73af302ba1772cbeb085f2a95e3cb6b4574
current_compatibility_gcd_degree=0
current_compatibility_gcd_sha256=260db0fd2810514d40a31af95aa8c3cc4e39e03c862845549d43cfd1b2d9f842
current_compatibility_bezout_sha256=2780cb35893fe3e2d498e5b25e4caf5062b23d29cb02b874e9ec29d1ece42174
current_compatibility_certificate_denominator_summary=(38, 84, 'ab4645b31511c353e3da5b4ad509640bb3f7231b372ec72813bb4057e4bae693')
current_compatibility_certificate_denominator_nonzero=true
current_compatibility_original_row_replay=true
current_generic_raw_stratum_empty=true
current_beta_root_stratum_required=false
N13_full_stage_denominator_summary=(731, 29782, '4fa9cae7e7a22cc35b49901e3c267bcfc507b1fafc98ada4ade4de755ab0810d')
N13_full_stage_denominator_nonzero=true
fixed_center_reviewed_positive_control=N13=(k/25)*beta
direct_qprime_omission_control=false
raw_stratum=generic
raw_substrata_from_emitted_denominators_still_charged=true
full_A3_beta_family_killed=false
whole_TD6_killed=false
SP2_killed=false
JC2_resolved=false
N13_compact_reporter=true
TD6-A3-Q2-N13-RAW PASS
