archive.sha256: OK
boolector/full_q9.rc: OK
boolector/full_q9.stderr: OK
boolector/full_q9.stdout: OK
clean_emit/full_q9.json: OK
clean_emit/full_q9.rc: OK
clean_emit/full_q9.smt2: OK
clean_emit/full_q9.stderr: OK
clean_emit/full_q9.stdout: OK
full_custody_v1/embedded_control/controls_source.tar.gz: OK
full_custody_v1/embedded_control/generator.rc: OK
full_custody_v1/embedded_control/generator.stderr: OK
full_custody_v1/embedded_control/generator.stdout: OK
full_custody_v1/embedded_control/model.rc: OK
full_custody_v1/embedded_control/model.stderr: OK
full_custody_v1/embedded_control/model.stdout: OK
full_custody_v1/embedded_control/model_replay.json: OK
full_custody_v1/embedded_control/preterminal.smt2: OK
full_custody_v1/embedded_control/preterminal_generator.json: OK
full_custody_v1/embedded_control/replay.rc: OK
full_custody_v1/embedded_control/replay.stderr: OK
full_custody_v1/embedded_control/replay.stdout: OK
full_custody_v1/source_delta.tar.gz: OK
full_custody_v1/tools/TOOLS.sha256: OK
full_custody_v1/tools/debian-solvers.tsv: OK
full_custody_v1/tools/drat-trim: OK
full_custody_v1/tools/drat-trim-source-2e3b2dc0.tar.gz: OK
full_custody_v1/tools/drat-trim.commit: OK
full_custody_v1/tools/z3-python-version.txt: OK
full_custody_v1/tools/z3_solver-4.16.0.0-py3-none-manylinux_2_27_x86_64.whl: OK
full_custody_v1/upstream_source.tar.gz: OK
proof/bitblast.json: OK
proof/bitblast.pid: OK
proof/bitblast.stderr: OK
proof/bitblast.stdout: OK
proof/bitblast_dimacs.py: OK
proof/cadical.launcher.stderr: OK
proof/cadical.launcher.stdout: OK
proof/cadical.pid: OK
proof/cadical.stderr: OK
proof/cadical.stdout: OK
proof/drat_trim.pid: OK
proof/drat_trim.stderr: OK
proof/drat_trim.stdout: OK
proof/full_q9.cnf: OK
proof/full_q9.drat: OK
proof/run_cadical_drat.sh: OK
smoke/full_q9.pid: OK
smoke/full_q9.smt2: OK
smoke/full_q9.stderr: OK
smoke/full_q9.stdout: OK
source_delta.tar.gz: OK
source_delta_archive_check.stdout: OK
sourcecheck.stdout: OK
upstream_sourcecheck.stdout: OK
