	Command being timed: "timeout --signal=TERM --kill-after=30s 3600 env JC2_ROOT=/home/ubuntu/jobs/as_q5_sat_q3_full_kernel_20260825T121434Z/source MODEL_OUTPUT=/home/ubuntu/jobs/as_q5_q4_cartier_79base_fanout_20260825T1145Z/base_0270_0101000/solver.stdout PARENT_OUTPUT_JSON=/home/ubuntu/jobs/as_q5_sat_q3_full_kernel_20260825T121434Z/base_0270_0101000/full68_parent.json OUTPUT_JSON=/home/ubuntu/jobs/as_q5_sat_q3_full_kernel_20260825T121434Z/base_0270_0101000/q3.json python3 /home/ubuntu/jobs/as_q5_sat_q3_full_kernel_20260825T121434Z/source/cases/as_fonly_d7_q5_sat_q3_full_kernel_20260825/solve_q3.py"
	User time (seconds): 18.89
	System time (seconds): 0.01
	Percent of CPU this job got: 99%
	Elapsed (wall clock) time (h:mm:ss or m:ss): 0:18.90
	Average shared text size (kbytes): 0
	Average unshared data size (kbytes): 0
	Average stack size (kbytes): 0
	Average total size (kbytes): 0
	Maximum resident set size (kbytes): 21736
	Average resident set size (kbytes): 0
	Major (requiring I/O) page faults: 0
	Minor (reclaiming a frame) page faults: 3581
	Voluntary context switches: 3
	Involuntary context switches: 26
	Swaps: 0
	File system inputs: 0
	File system outputs: 48
	Socket messages sent: 0
	Socket messages received: 0
	Signals delivered: 0
	Page size (bytes): 4096
	Exit status: 0
