Initial seed for pseudo-random number generator is 1788635290

--------------- INPUT DATA ---------------
#variables                       4
#equations                      10
#invalid equations               0
field characteristic         32003
homogeneous input?               0
signature-based computation      0
monomial order                 DRL
basis hash table resetting     OFF
linear algebra option            2
initial hash table size     131072 (2^17)
max pair selection             ALL
reduce gb                        1
#threads                         4
info level                       2
generate pbm files               0
------------------------------------------

Legend for f4 information
--------------------------------------------------------
deg       current degree of pairs selected in this round
sel       number of pairs selected in this round
pairs     total number of pairs in pair list
mat       matrix dimensions (# rows x # columns)
density   density of the matrix
new data  # new elements for basis in this round
          # zero reductions during linear algebra
time(rd)  time of the current f4 round in seconds given
          for real and cpu time
--------------------------------------------------------

deg     sel   pairs        mat          density            new data         time(rd) in sec (real|cpu)
------------------------------------------------------------------------------------------------------
 12       1       9       2 x 377        94.16%        1 new       0 zero         0.00 | 0.00         
 13       5       9      10 x 524        77.71%        5 new       0 zero         0.00 | 0.01         
 13       9      13      24 x 729        58.68%        9 new       0 zero         0.00 | 0.00         
 13      15      19      58 x 965        57.18%       10 new       5 zero         0.00 | 0.01         
 13      16      23      72 x 1103       57.19%       13 new       3 zero         0.00 | 0.01         
 13      16      35      97 x 1274       56.75%       12 new       4 zero         0.00 | 0.01         
 13      10      46     107 x 1441       54.42%       10 new       0 zero         0.01 | 0.02         
 13       2      62     107 x 1439       56.10%        2 new       0 zero         0.01 | 0.02         
 14      64      65     301 x 1981       43.08%       38 new      26 zero         0.07 | 0.21         
 13      15     101     162 x 1541       58.78%       13 new       2 zero         0.00 | 0.02         
 13      48     134     177 x 1439       58.00%       30 new      18 zero         0.01 | 0.03         
 13      99     120     277 x 1528       60.44%       51 new      48 zero         0.01 | 0.05         
 13     106     141     359 x 1681       58.02%       51 new      55 zero         0.02 | 0.06         
 13     107     164     387 x 1822       60.70%       57 new      50 zero         0.02 | 0.07         
 13      77     209     401 x 1948       60.69%       53 new      25 zero         0.03 | 0.08         
 13      39     279     400 x 2005       60.77%       37 new       2 zero         0.03 | 0.08         
 13      25     343     416 x 2055       60.58%       25 new       0 zero         0.06 | 0.15         
 14     392     393    1172 x 2546       51.82%       85 new     307 zero         0.11 | 0.33         
 13      72     257     557 x 2127       62.85%       47 new      27 zero         0.05 | 0.14         
 13     112     345     622 x 2105       65.09%       34 new      80 zero         0.07 | 0.18         
 13     136     369     643 x 2069       67.02%        0 new     137 zero         0.05 | 0.13         
 14     232     233     906 x 2276       63.25%       31 new     201 zero         0.10 | 0.27         
 14      87      88     639 x 2115       66.15%       14 new      73 zero         0.04 | 0.11         
 14      36      37     573 x 2093       65.99%        8 new      28 zero         0.03 | 0.07         
 14       4      23     528 x 2074       65.92%        2 new       2 zero         0.02 | 0.04         
 15      25      25     924 x 2447       53.94%        0 new      25 zero         0.04 | 0.08         
------------------------------------------------------------------------------------------------------
reduce final basis      455 x 2003       66.92%      455 new       0 zero         0.05 | 0.08         
------------------------------------------------------------------------------------------------------

---------------- TIMINGS ----------------
overall(elapsed)        0.84 sec
overall(cpu)            2.26 sec
select                  0.10 sec  11.5%
symbolic prep.          0.25 sec  29.4%
update                  0.11 sec  13.4%
convert                 0.07 sec   8.8%
linear algebra          0.29 sec  34.9%
reduce gb               0.00 sec   0.0%
-----------------------------------------

---------- COMPUTATIONAL DATA -----------
size of basis                   455
#terms in basis              646660
#pairs reduced                 1750
#GM criterion                207878
#redundant elements             198
#rows reduced                  3967
#zero reductions               1118
max. matrix data               1172 x 2546 (51.820%)
max. symbolic hash table size  2^13
max. basis hash table size     2^16
-----------------------------------------



------------------------------------------------------------------------------------
msolve overall time           1.19 sec (elapsed) /  2.63 sec (cpu)
------------------------------------------------------------------------------------
