autoreconf: export WARNINGS=
autoreconf: Entering directory '.'
autoreconf: configure.ac: not using Gettext
autoreconf: running: aclocal --force 
autoreconf: configure.ac: tracing
autoreconf: running: libtoolize --copy --force
autoreconf: configure.ac: not using Intltool
autoreconf: configure.ac: not using Gtkdoc
autoreconf: running: aclocal --force 
autoreconf: running: /usr/bin/autoconf --force
autoreconf: running: /usr/bin/autoheader --force
autoreconf: running: automake --add-missing --copy --force-missing
configure.ac:17: installing './ar-lib'
configure.ac:14: installing './compile'
configure.ac:18: installing './config.guess'
configure.ac:18: installing './config.sub'
configure.ac:7: installing './install-sh'
configure.ac:7: installing './missing'
Makefile.am: installing './depcomp'
parallel-tests: installing './test-driver'
autoreconf: Leaving directory '.'
