SINGULAR_FQ2_POINT_COUNT_BEGIN
mode=shard
candidate_sha256=9061726295086f58f74f3751b2f7c2d59c5cb86de5e53ecd636687fd54daa7ce
field_modulus=a2-a+3
RECORD|index=0|total=8|smooth=7|singular=1
RECORD|index=1|total=4|smooth=4|singular=0
RECORD|index=2|total=2|smooth=2|singular=0
RECORD|index=3|total=2|smooth=2|singular=0
RECORD|index=4|total=1|smooth=1|singular=0
RECORD|index=5|total=0|smooth=0|singular=0
RECORD|index=6|total=2|smooth=2|singular=0
RECORD|index=7|total=2|smooth=2|singular=0
RECORD|index=8|total=1|smooth=1|singular=0
RECORD|index=9|total=3|smooth=3|singular=0
RECORD|index=10|total=2|smooth=2|singular=0
RECORD|index=11|total=3|smooth=3|singular=0
RECORD|index=12|total=4|smooth=4|singular=0
RECORD|index=13|total=1|smooth=1|singular=0
RECORD|index=14|total=1|smooth=1|singular=0
RECORD|index=15|total=0|smooth=0|singular=0
RECORD|index=16|total=1|smooth=1|singular=0
RECORD|index=17|total=3|smooth=3|singular=0
RECORD|index=18|total=2|smooth=2|singular=0
RECORD|index=19|total=1|smooth=1|singular=0
RECORD|index=20|total=2|smooth=2|singular=0
RECORD|index=21|total=3|smooth=3|singular=0
RECORD|index=22|total=6|smooth=6|singular=0
RECORD|index=23|total=2|smooth=2|singular=0
RECORD|index=24|total=3|smooth=3|singular=0
RECORD|index=25|total=2|smooth=2|singular=0
RECORD|index=26|total=2|smooth=2|singular=0
RECORD|index=27|total=2|smooth=2|singular=0
RECORD|index=28|total=3|smooth=3|singular=0
RECORD|index=29|total=0|smooth=0|singular=0
RECORD|index=30|total=2|smooth=2|singular=0
RECORD|index=31|total=5|smooth=5|singular=0
RECORD|index=32|total=2|smooth=2|singular=0
RECORD|index=33|total=0|smooth=0|singular=0
RECORD|index=34|total=1|smooth=1|singular=0
RECORD|index=35|total=2|smooth=2|singular=0
RECORD|index=36|total=5|smooth=5|singular=0
RECORD|index=37|total=0|smooth=0|singular=0
RECORD|index=38|total=2|smooth=2|singular=0
RECORD|index=39|total=4|smooth=3|singular=1
RECORD|index=40|total=4|smooth=4|singular=0
RECORD|index=41|total=2|smooth=2|singular=0
RECORD|index=42|total=0|smooth=0|singular=0
RECORD|index=43|total=3|smooth=3|singular=0
RECORD|index=44|total=2|smooth=2|singular=0
RECORD|index=45|total=3|smooth=3|singular=0
RECORD|index=46|total=0|smooth=0|singular=0
RECORD|index=47|total=1|smooth=1|singular=0
RECORD|index=48|total=0|smooth=0|singular=0
RECORD|index=49|total=2|smooth=2|singular=0
RECORD|index=50|total=1|smooth=1|singular=0
RECORD|index=51|total=3|smooth=3|singular=0
RECORD|index=52|total=3|smooth=3|singular=0
RECORD|index=53|total=1|smooth=1|singular=0
RECORD|index=54|total=3|smooth=3|singular=0
RECORD|index=55|total=3|smooth=3|singular=0
RECORD|index=56|total=1|smooth=1|singular=0
RECORD|index=57|total=0|smooth=0|singular=0
RECORD|index=58|total=0|smooth=0|singular=0
RECORD|index=59|total=2|smooth=2|singular=0
RECORD|index=60|total=2|smooth=2|singular=0
RECORD|index=61|total=2|smooth=2|singular=0
RECORD|index=62|total=2|smooth=2|singular=0
RECORD|index=63|total=1|smooth=1|singular=0
RECORD|index=64|total=5|smooth=5|singular=0
RECORD|index=65|total=0|smooth=0|singular=0
RECORD|index=66|total=4|smooth=4|singular=0
RECORD|index=67|total=2|smooth=2|singular=0
RECORD|index=68|total=0|smooth=0|singular=0
RECORD|index=69|total=2|smooth=2|singular=0
RECORD|index=70|total=4|smooth=4|singular=0
RECORD|index=71|total=3|smooth=3|singular=0
RECORD|index=72|total=4|smooth=4|singular=0
RECORD|index=73|total=1|smooth=1|singular=0
RECORD|index=74|total=4|smooth=4|singular=0
RECORD|index=75|total=1|smooth=1|singular=0
RECORD|index=76|total=0|smooth=0|singular=0
RECORD|index=77|total=1|smooth=1|singular=0
RECORD|index=78|total=2|smooth=2|singular=0
RECORD|index=79|total=1|smooth=1|singular=0
RECORD|index=80|total=0|smooth=0|singular=0
RECORD|index=81|total=2|smooth=2|singular=0
RECORD|index=82|total=1|smooth=1|singular=0
RECORD|index=83|total=1|smooth=1|singular=0
RECORD|index=84|total=1|smooth=1|singular=0
RECORD|index=85|total=3|smooth=3|singular=0
RECORD|index=86|total=0|smooth=0|singular=0
RECORD|index=87|total=2|smooth=2|singular=0
RECORD|index=88|total=4|smooth=4|singular=0
RECORD|index=89|total=2|smooth=2|singular=0
RECORD|index=90|total=2|smooth=2|singular=0
RECORD|index=91|total=2|smooth=2|singular=0
RECORD|index=92|total=3|smooth=3|singular=0
RECORD|index=93|total=0|smooth=0|singular=0
RECORD|index=94|total=4|smooth=4|singular=0
RECORD|index=95|total=0|smooth=0|singular=0
RECORD|index=96|total=5|smooth=5|singular=0
RECORD|index=97|total=2|smooth=2|singular=0
RECORD|index=98|total=6|smooth=6|singular=0
RECORD|index=99|total=1|smooth=1|singular=0
RECORD|index=100|total=0|smooth=0|singular=0
RECORD|index=101|total=4|smooth=4|singular=0
RECORD|index=102|total=0|smooth=0|singular=0
RECORD|index=103|total=0|smooth=0|singular=0
RECORD|index=104|total=1|smooth=1|singular=0
RECORD|index=105|total=0|smooth=0|singular=0
RECORD|index=106|total=10|smooth=10|singular=0
RECORD|index=107|total=5|smooth=5|singular=0
RECORD|index=108|total=0|smooth=0|singular=0
RECORD|index=109|total=2|smooth=2|singular=0
RECORD|index=110|total=3|smooth=3|singular=0
RECORD|index=111|total=2|smooth=2|singular=0
RECORD|index=112|total=1|smooth=1|singular=0
RECORD|index=113|total=3|smooth=3|singular=0
RECORD|index=114|total=3|smooth=3|singular=0
RECORD|index=115|total=5|smooth=5|singular=0
RECORD|index=116|total=1|smooth=1|singular=0
RECORD|index=117|total=0|smooth=0|singular=0
RECORD|index=118|total=0|smooth=0|singular=0
RECORD|index=119|total=1|smooth=1|singular=0
RECORD|index=120|total=1|smooth=1|singular=0
RECORD|index=121|total=5|smooth=5|singular=0
RECORD|index=122|total=4|smooth=4|singular=0
RECORD|index=123|total=2|smooth=2|singular=0
RECORD|index=124|total=5|smooth=5|singular=0
RECORD|index=125|total=5|smooth=5|singular=0
RECORD|index=126|total=0|smooth=0|singular=0
RECORD|index=127|total=0|smooth=0|singular=0
RECORD|index=128|total=2|smooth=2|singular=0
RECORD|index=129|total=2|smooth=2|singular=0
RECORD|index=130|total=0|smooth=0|singular=0
RECORD|index=131|total=1|smooth=1|singular=0
RECORD|index=132|total=1|smooth=1|singular=0
RECORD|index=133|total=0|smooth=0|singular=0
RECORD|index=134|total=0|smooth=0|singular=0
RECORD|index=135|total=2|smooth=2|singular=0
RECORD|index=136|total=1|smooth=1|singular=0
RECORD|index=137|total=1|smooth=1|singular=0
RECORD|index=138|total=0|smooth=0|singular=0
RECORD|index=139|total=0|smooth=0|singular=0
RECORD|index=140|total=0|smooth=0|singular=0
RECORD|index=141|total=2|smooth=2|singular=0
RECORD|index=142|total=1|smooth=1|singular=0
RECORD|index=143|total=0|smooth=0|singular=0
RECORD|index=144|total=0|smooth=0|singular=0
RECORD|index=145|total=2|smooth=2|singular=0
RECORD|index=146|total=2|smooth=2|singular=0
RECORD|index=147|total=1|smooth=1|singular=0
RECORD|index=148|total=0|smooth=0|singular=0
RECORD|index=149|total=2|smooth=2|singular=0
RECORD|index=150|total=2|smooth=2|singular=0
RECORD|index=151|total=1|smooth=1|singular=0
RECORD|index=152|total=1|smooth=1|singular=0
RECORD|index=153|total=0|smooth=0|singular=0
RECORD|index=154|total=1|smooth=1|singular=0
RECORD|index=155|total=3|smooth=3|singular=0
RECORD|index=156|total=0|smooth=0|singular=0
RECORD|index=157|total=3|smooth=3|singular=0
RECORD|index=158|total=0|smooth=0|singular=0
RECORD|index=159|total=1|smooth=1|singular=0
RECORD|index=160|total=0|smooth=0|singular=0
RECORD|index=161|total=1|smooth=1|singular=0
RECORD|index=162|total=0|smooth=0|singular=0
RECORD|index=163|total=0|smooth=0|singular=0
RECORD|index=164|total=0|smooth=0|singular=0
RECORD|index=165|total=0|smooth=0|singular=0
RECORD|index=166|total=1|smooth=1|singular=0
RECORD|index=167|total=1|smooth=1|singular=0
RECORD|index=168|total=1|smooth=1|singular=0
RECORD|index=169|total=0|smooth=0|singular=0
RECORD|index=170|total=0|smooth=0|singular=0
RECORD|index=171|total=1|smooth=1|singular=0
RECORD|index=172|total=2|smooth=2|singular=0
RECORD|index=173|total=1|smooth=1|singular=0
RECORD|index=174|total=1|smooth=1|singular=0
RECORD|index=175|total=2|smooth=2|singular=0
RECORD|index=176|total=0|smooth=0|singular=0
RECORD|index=177|total=1|smooth=1|singular=0
RECORD|index=178|total=1|smooth=1|singular=0
RECORD|index=179|total=1|smooth=1|singular=0
RECORD|index=180|total=1|smooth=1|singular=0
RECORD|index=181|total=0|smooth=0|singular=0
RECORD|index=182|total=1|smooth=1|singular=0
RECORD|index=183|total=0|smooth=0|singular=0
RECORD|index=184|total=0|smooth=0|singular=0
RECORD|index=185|total=0|smooth=0|singular=0
RECORD|index=186|total=2|smooth=2|singular=0
RECORD|index=187|total=1|smooth=1|singular=0
RECORD|index=188|total=3|smooth=3|singular=0
RECORD|index=189|total=1|smooth=1|singular=0
RECORD|index=190|total=0|smooth=0|singular=0
RECORD|index=191|total=1|smooth=1|singular=0
RECORD|index=192|total=2|smooth=2|singular=0
RECORD|index=193|total=1|smooth=1|singular=0
RECORD|index=194|total=0|smooth=0|singular=0
RECORD|index=195|total=1|smooth=1|singular=0
RECORD|index=196|total=0|smooth=0|singular=0
RECORD|index=197|total=1|smooth=1|singular=0
RECORD|index=198|total=0|smooth=0|singular=0
RECORD|index=199|total=1|smooth=1|singular=0
RECORD|index=200|total=3|smooth=3|singular=0
RECORD|index=201|total=2|smooth=2|singular=0
RECORD|index=202|total=0|smooth=0|singular=0
RECORD|index=203|total=2|smooth=2|singular=0
RECORD|index=204|total=0|smooth=0|singular=0
RECORD|index=205|total=2|smooth=2|singular=0
RECORD|index=206|total=4|smooth=4|singular=0
RECORD|index=207|total=0|smooth=0|singular=0
RECORD|index=208|total=1|smooth=1|singular=0
RECORD|index=209|total=1|smooth=1|singular=0
RECORD|index=210|total=1|smooth=1|singular=0
RECORD|index=211|total=0|smooth=0|singular=0
RECORD|index=212|total=2|smooth=2|singular=0
RECORD|index=213|total=1|smooth=1|singular=0
RECORD|index=214|total=2|smooth=2|singular=0
RECORD|index=215|total=0|smooth=0|singular=0
RECORD|index=216|total=1|smooth=1|singular=0
RECORD|index=217|total=1|smooth=1|singular=0
RECORD|index=218|total=0|smooth=0|singular=0
RECORD|index=219|total=0|smooth=0|singular=0
RECORD|index=220|total=0|smooth=0|singular=0
RECORD|index=221|total=0|smooth=0|singular=0
RECORD|index=222|total=1|smooth=1|singular=0
RECORD|index=223|total=1|smooth=1|singular=0
RECORD|index=224|total=0|smooth=0|singular=0
RECORD|index=225|total=1|smooth=1|singular=0
RECORD|index=226|total=3|smooth=3|singular=0
RECORD|index=227|total=0|smooth=0|singular=0
RECORD|index=228|total=1|smooth=1|singular=0
RECORD|index=229|total=0|smooth=0|singular=0
RECORD|index=230|total=2|smooth=2|singular=0
RECORD|index=231|total=0|smooth=0|singular=0
RECORD|index=232|total=1|smooth=1|singular=0
RECORD|index=233|total=1|smooth=1|singular=0
RECORD|index=234|total=0|smooth=0|singular=0
RECORD|index=235|total=0|smooth=0|singular=0
RECORD|index=236|total=0|smooth=0|singular=0
RECORD|index=237|total=2|smooth=2|singular=0
RECORD|index=238|total=1|smooth=1|singular=0
RECORD|index=239|total=0|smooth=0|singular=0
RECORD|index=240|total=1|smooth=1|singular=0
RECORD|index=241|total=1|smooth=1|singular=0
RECORD|index=242|total=3|smooth=3|singular=0
RECORD|index=243|total=0|smooth=0|singular=0
RECORD|index=244|total=0|smooth=0|singular=0
RECORD|index=245|total=0|smooth=0|singular=0
RECORD|index=246|total=0|smooth=0|singular=0
RECORD|index=247|total=1|smooth=1|singular=0
RECORD|index=248|total=1|smooth=1|singular=0
RECORD|index=249|total=0|smooth=0|singular=0
RECORD|index=250|total=1|smooth=1|singular=0
RECORD|index=251|total=0|smooth=0|singular=0
RECORD|index=252|total=2|smooth=2|singular=0
RECORD|index=253|total=0|smooth=0|singular=0
RECORD|index=254|total=1|smooth=1|singular=0
RECORD|index=255|total=2|smooth=2|singular=0
RECORD|index=256|total=0|smooth=0|singular=0
RECORD|index=257|total=0|smooth=0|singular=0
RECORD|index=258|total=2|smooth=2|singular=0
RECORD|index=259|total=2|smooth=2|singular=0
RECORD|index=260|total=0|smooth=0|singular=0
RECORD|index=261|total=3|smooth=3|singular=0
RECORD|index=262|total=1|smooth=1|singular=0
RECORD|index=263|total=2|smooth=2|singular=0
RECORD|index=264|total=0|smooth=0|singular=0
RECORD|index=265|total=1|smooth=1|singular=0
RECORD|index=266|total=1|smooth=1|singular=0
RECORD|index=267|total=2|smooth=2|singular=0
RECORD|index=268|total=1|smooth=1|singular=0
RECORD|index=269|total=0|smooth=0|singular=0
RECORD|index=270|total=3|smooth=3|singular=0
RECORD|index=271|total=1|smooth=1|singular=0
RECORD|index=272|total=1|smooth=1|singular=0
RECORD|index=273|total=1|smooth=1|singular=0
RECORD|index=274|total=0|smooth=0|singular=0
RECORD|index=275|total=1|smooth=1|singular=0
RECORD|index=276|total=1|smooth=1|singular=0
RECORD|index=277|total=2|smooth=2|singular=0
RECORD|index=278|total=0|smooth=0|singular=0
RECORD|index=279|total=1|smooth=1|singular=0
RECORD|index=280|total=1|smooth=1|singular=0
RECORD|index=281|total=1|smooth=1|singular=0
RECORD|index=282|total=0|smooth=0|singular=0
RECORD|index=283|total=0|smooth=0|singular=0
RECORD|index=284|total=0|smooth=0|singular=0
RECORD|index=285|total=2|smooth=2|singular=0
RECORD|index=286|total=1|smooth=1|singular=0
RECORD|index=287|total=1|smooth=1|singular=0
RECORD|index=288|total=0|smooth=0|singular=0
RECORD|index=289|total=1|smooth=1|singular=0
RECORD|index=290|total=0|smooth=0|singular=0
RECORD|index=291|total=0|smooth=0|singular=0
RECORD|index=292|total=2|smooth=2|singular=0
RECORD|index=293|total=0|smooth=0|singular=0
RECORD|index=294|total=3|smooth=3|singular=0
RECORD|index=295|total=0|smooth=0|singular=0
RECORD|index=296|total=1|smooth=1|singular=0
RECORD|index=297|total=1|smooth=1|singular=0
RECORD|index=298|total=1|smooth=1|singular=0
RECORD|index=299|total=1|smooth=1|singular=0
RECORD|index=300|total=1|smooth=1|singular=0
RECORD|index=301|total=2|smooth=2|singular=0
RECORD|index=302|total=1|smooth=1|singular=0
RECORD|index=303|total=1|smooth=1|singular=0
RECORD|index=304|total=1|smooth=1|singular=0
RECORD|index=305|total=0|smooth=0|singular=0
RECORD|index=306|total=1|smooth=1|singular=0
RECORD|index=307|total=1|smooth=1|singular=0
RECORD|index=308|total=0|smooth=0|singular=0
RECORD|index=309|total=0|smooth=0|singular=0
RECORD|index=310|total=0|smooth=0|singular=0
RECORD|index=311|total=2|smooth=2|singular=0
RECORD|index=312|total=1|smooth=1|singular=0
RECORD|index=313|total=1|smooth=1|singular=0
RECORD|index=314|total=3|smooth=3|singular=0
RECORD|index=315|total=1|smooth=1|singular=0
RECORD|index=316|total=2|smooth=2|singular=0
RECORD|index=317|total=0|smooth=0|singular=0
RECORD|index=318|total=4|smooth=4|singular=0
RECORD|index=319|total=0|smooth=0|singular=0
RECORD|index=320|total=1|smooth=1|singular=0
RECORD|index=321|total=1|smooth=1|singular=0
RECORD|index=322|total=0|smooth=0|singular=0
RECORD|index=323|total=0|smooth=0|singular=0
RECORD|index=324|total=0|smooth=0|singular=0
RECORD|index=325|total=1|smooth=1|singular=0
RECORD|index=326|total=1|smooth=1|singular=0
RECORD|index=327|total=0|smooth=0|singular=0
RECORD|index=328|total=2|smooth=2|singular=0
RECORD|index=329|total=0|smooth=0|singular=0
RECORD|index=330|total=2|smooth=2|singular=0
RECORD|index=331|total=1|smooth=1|singular=0
RECORD|index=332|total=2|smooth=2|singular=0
RECORD|index=333|total=1|smooth=1|singular=0
RECORD|index=334|total=1|smooth=1|singular=0
RECORD|index=335|total=0|smooth=0|singular=0
RECORD|index=336|total=1|smooth=1|singular=0
RECORD|index=337|total=2|smooth=2|singular=0
RECORD|index=338|total=1|smooth=1|singular=0
RECORD|index=339|total=1|smooth=1|singular=0
RECORD|index=340|total=0|smooth=0|singular=0
RECORD|index=341|total=2|smooth=2|singular=0
RECORD|index=342|total=1|smooth=1|singular=0
RECORD|index=343|total=0|smooth=0|singular=0
RECORD|index=344|total=2|smooth=2|singular=0
RECORD|index=345|total=0|smooth=0|singular=0
RECORD|index=346|total=1|smooth=1|singular=0
RECORD|index=347|total=0|smooth=0|singular=0
RECORD|index=348|total=1|smooth=1|singular=0
RECORD|index=349|total=1|smooth=1|singular=0
RECORD|index=350|total=0|smooth=0|singular=0
RECORD|index=351|total=0|smooth=0|singular=0
RECORD|index=352|total=2|smooth=2|singular=0
RECORD|index=353|total=0|smooth=0|singular=0
RECORD|index=354|total=1|smooth=1|singular=0
RECORD|index=355|total=0|smooth=0|singular=0
RECORD|index=356|total=2|smooth=2|singular=0
RECORD|index=357|total=0|smooth=0|singular=0
RECORD|index=358|total=2|smooth=2|singular=0
RECORD|index=359|total=0|smooth=0|singular=0
RECORD|index=360|total=1|smooth=1|singular=0
RECORD|index=361|total=1|smooth=1|singular=0
RECORD|index=362|total=2|smooth=2|singular=0
RECORD|index=363|total=1|smooth=1|singular=0
RECORD|index=364|total=0|smooth=0|singular=0
RECORD|index=365|total=0|smooth=0|singular=0
RECORD|index=366|total=2|smooth=2|singular=0
RECORD|index=367|total=1|smooth=1|singular=0
RECORD|index=368|total=1|smooth=1|singular=0
RECORD|index=369|total=2|smooth=2|singular=0
RECORD|index=370|total=0|smooth=0|singular=0
RECORD|index=371|total=0|smooth=0|singular=0
RECORD|index=372|total=0|smooth=0|singular=0
RECORD|index=373|total=1|smooth=1|singular=0
RECORD|index=374|total=0|smooth=0|singular=0
RECORD|index=375|total=1|smooth=1|singular=0
RECORD|index=376|total=0|smooth=0|singular=0
RECORD|index=377|total=1|smooth=1|singular=0
RECORD|index=378|total=0|smooth=0|singular=0
RECORD|index=379|total=1|smooth=1|singular=0
RECORD|index=380|total=4|smooth=4|singular=0
RECORD|index=381|total=0|smooth=0|singular=0
RECORD|index=382|total=1|smooth=1|singular=0
RECORD|index=383|total=1|smooth=1|singular=0
RECORD|index=384|total=0|smooth=0|singular=0
RECORD|index=385|total=1|smooth=1|singular=0
RECORD|index=386|total=0|smooth=0|singular=0
RECORD|index=387|total=1|smooth=1|singular=0
RECORD|index=388|total=0|smooth=0|singular=0
RECORD|index=389|total=0|smooth=0|singular=0
RECORD|index=390|total=0|smooth=0|singular=0
RECORD|index=391|total=0|smooth=0|singular=0
RECORD|index=392|total=0|smooth=0|singular=0
RECORD|index=393|total=1|smooth=1|singular=0
RECORD|index=394|total=0|smooth=0|singular=0
RECORD|index=395|total=0|smooth=0|singular=0
RECORD|index=396|total=0|smooth=0|singular=0
RECORD|index=397|total=4|smooth=4|singular=0
RECORD|index=398|total=2|smooth=2|singular=0
RECORD|index=399|total=1|smooth=1|singular=0
RECORD|index=400|total=0|smooth=0|singular=0
RECORD|index=401|total=1|smooth=1|singular=0
RECORD|index=402|total=0|smooth=0|singular=0
RECORD|index=403|total=0|smooth=0|singular=0
RECORD|index=404|total=2|smooth=2|singular=0
RECORD|index=405|total=1|smooth=1|singular=0
RECORD|index=406|total=0|smooth=0|singular=0
RECORD|index=407|total=1|smooth=1|singular=0
RECORD|index=408|total=4|smooth=4|singular=0
RECORD|index=409|total=0|smooth=0|singular=0
RECORD|index=410|total=0|smooth=0|singular=0
RECORD|index=411|total=0|smooth=0|singular=0
RECORD|index=412|total=0|smooth=0|singular=0
RECORD|index=413|total=0|smooth=0|singular=0
RECORD|index=414|total=2|smooth=2|singular=0
RECORD|index=415|total=1|smooth=1|singular=0
RECORD|index=416|total=0|smooth=0|singular=0
RECORD|index=417|total=0|smooth=0|singular=0
RECORD|index=418|total=3|smooth=3|singular=0
RECORD|index=419|total=2|smooth=2|singular=0
RECORD|index=420|total=1|smooth=1|singular=0
RECORD|index=421|total=2|smooth=2|singular=0
RECORD|index=422|total=3|smooth=3|singular=0
RECORD|index=423|total=0|smooth=0|singular=0
RECORD|index=424|total=1|smooth=1|singular=0
RECORD|index=425|total=2|smooth=2|singular=0
RECORD|index=426|total=1|smooth=1|singular=0
RECORD|index=427|total=3|smooth=3|singular=0
RECORD|index=428|total=0|smooth=0|singular=0
RECORD|index=429|total=2|smooth=2|singular=0
RECORD|index=430|total=2|smooth=2|singular=0
RECORD|index=431|total=1|smooth=1|singular=0
RECORD|index=432|total=0|smooth=0|singular=0
RECORD|index=433|total=2|smooth=2|singular=0
RECORD|index=434|total=2|smooth=2|singular=0
RECORD|index=435|total=1|smooth=1|singular=0
RECORD|index=436|total=0|smooth=0|singular=0
RECORD|index=437|total=1|smooth=1|singular=0
RECORD|index=438|total=2|smooth=2|singular=0
RECORD|index=439|total=0|smooth=0|singular=0
RECORD|index=440|total=1|smooth=1|singular=0
RECORD|index=441|total=2|smooth=2|singular=0
RECORD|index=442|total=2|smooth=2|singular=0
RECORD|index=443|total=0|smooth=0|singular=0
RECORD|index=444|total=1|smooth=1|singular=0
RECORD|index=445|total=1|smooth=1|singular=0
RECORD|index=446|total=0|smooth=0|singular=0
RECORD|index=447|total=0|smooth=0|singular=0
RECORD|index=448|total=0|smooth=0|singular=0
RECORD|index=449|total=1|smooth=1|singular=0
RECORD|index=450|total=1|smooth=1|singular=0
RECORD|index=451|total=1|smooth=1|singular=0
RECORD|index=452|total=1|smooth=1|singular=0
RECORD|index=453|total=0|smooth=0|singular=0
RECORD|index=454|total=1|smooth=1|singular=0
RECORD|index=455|total=1|smooth=1|singular=0
RECORD|index=456|total=3|smooth=3|singular=0
RECORD|index=457|total=0|smooth=0|singular=0
RECORD|index=458|total=1|smooth=1|singular=0
RECORD|index=459|total=2|smooth=2|singular=0
RECORD|index=460|total=0|smooth=0|singular=0
RECORD|index=461|total=4|smooth=4|singular=0
RECORD|index=462|total=1|smooth=1|singular=0
RECORD|index=463|total=0|smooth=0|singular=0
RECORD|index=464|total=0|smooth=0|singular=0
RECORD|index=465|total=2|smooth=2|singular=0
RECORD|index=466|total=1|smooth=1|singular=0
RECORD|index=467|total=2|smooth=2|singular=0
RECORD|index=468|total=1|smooth=1|singular=0
RECORD|index=469|total=0|smooth=0|singular=0
RECORD|index=470|total=1|smooth=1|singular=0
RECORD|index=471|total=0|smooth=0|singular=0
RECORD|index=472|total=2|smooth=2|singular=0
RECORD|index=473|total=0|smooth=0|singular=0
RECORD|index=474|total=0|smooth=0|singular=0
RECORD|index=475|total=3|smooth=3|singular=0
RECORD|index=476|total=1|smooth=1|singular=0
RECORD|index=477|total=0|smooth=0|singular=0
RECORD|index=478|total=0|smooth=0|singular=0
RECORD|index=479|total=1|smooth=1|singular=0
RECORD|index=480|total=1|smooth=1|singular=0
RECORD|index=481|total=0|smooth=0|singular=0
RECORD|index=482|total=0|smooth=0|singular=0
RECORD|index=483|total=0|smooth=0|singular=0
RECORD|index=484|total=1|smooth=1|singular=0
RECORD|index=485|total=1|smooth=1|singular=0
RECORD|index=486|total=0|smooth=0|singular=0
RECORD|index=487|total=1|smooth=1|singular=0
RECORD|index=488|total=0|smooth=0|singular=0
RECORD|index=489|total=0|smooth=0|singular=0
RECORD|index=490|total=0|smooth=0|singular=0
RECORD|index=491|total=1|smooth=1|singular=0
RECORD|index=492|total=1|smooth=1|singular=0
RECORD|index=493|total=0|smooth=0|singular=0
RECORD|index=494|total=0|smooth=0|singular=0
RECORD|index=495|total=0|smooth=0|singular=0
RECORD|index=496|total=2|smooth=2|singular=0
RECORD|index=497|total=0|smooth=0|singular=0
RECORD|index=498|total=3|smooth=3|singular=0
RECORD|index=499|total=1|smooth=1|singular=0
RECORD|index=500|total=2|smooth=2|singular=0
RECORD|index=501|total=0|smooth=0|singular=0
RECORD|index=502|total=1|smooth=1|singular=0
RECORD|index=503|total=3|smooth=3|singular=0
RECORD|index=504|total=2|smooth=2|singular=0
RECORD|index=505|total=0|smooth=0|singular=0
RECORD|index=506|total=1|smooth=1|singular=0
RECORD|index=507|total=1|smooth=1|singular=0
RECORD|index=508|total=1|smooth=1|singular=0
RECORD|index=509|total=2|smooth=2|singular=0
RECORD|index=510|total=1|smooth=1|singular=0
RECORD|index=511|total=1|smooth=1|singular=0
RECORD|index=512|total=0|smooth=0|singular=0
RECORD|index=513|total=2|smooth=2|singular=0
RECORD|index=514|total=0|smooth=0|singular=0
RECORD|index=515|total=1|smooth=1|singular=0
RECORD|index=516|total=1|smooth=1|singular=0
RECORD|index=517|total=1|smooth=1|singular=0
RECORD|index=518|total=1|smooth=1|singular=0
RECORD|index=519|total=0|smooth=0|singular=0
RECORD|index=520|total=1|smooth=1|singular=0
RECORD|index=521|total=1|smooth=1|singular=0
RECORD|index=522|total=1|smooth=1|singular=0
RECORD|index=523|total=2|smooth=2|singular=0
RECORD|index=524|total=2|smooth=2|singular=0
RECORD|index=525|total=1|smooth=1|singular=0
RECORD|index=526|total=0|smooth=0|singular=0
RECORD|index=527|total=2|smooth=2|singular=0
RECORD|index=528|total=3|smooth=3|singular=0
RECORD|index=529|total=3|smooth=3|singular=0
RECORD|index=530|total=1|smooth=1|singular=0
RECORD|index=531|total=0|smooth=0|singular=0
RECORD|index=532|total=2|smooth=2|singular=0
RECORD|index=533|total=1|smooth=1|singular=0
RECORD|index=534|total=0|smooth=0|singular=0
RECORD|index=535|total=0|smooth=0|singular=0
RECORD|index=536|total=2|smooth=2|singular=0
RECORD|index=537|total=2|smooth=2|singular=0
RECORD|index=538|total=2|smooth=2|singular=0
RECORD|index=539|total=1|smooth=1|singular=0
RECORD|index=540|total=1|smooth=1|singular=0
RECORD|index=541|total=0|smooth=0|singular=0
RECORD|index=542|total=0|smooth=0|singular=0
RECORD|index=543|total=1|smooth=1|singular=0
RECORD|index=544|total=1|smooth=1|singular=0
RECORD|index=545|total=0|smooth=0|singular=0
RECORD|index=546|total=1|smooth=1|singular=0
RECORD|index=547|total=2|smooth=2|singular=0
RECORD|index=548|total=0|smooth=0|singular=0
RECORD|index=549|total=1|smooth=1|singular=0
RECORD|index=550|total=1|smooth=1|singular=0
RECORD|index=551|total=0|smooth=0|singular=0
RECORD|index=552|total=3|smooth=3|singular=0
RECORD|index=553|total=0|smooth=0|singular=0
RECORD|index=554|total=0|smooth=0|singular=0
RECORD|index=555|total=0|smooth=0|singular=0
RECORD|index=556|total=3|smooth=3|singular=0
RECORD|index=557|total=0|smooth=0|singular=0
RECORD|index=558|total=1|smooth=1|singular=0
RECORD|index=559|total=2|smooth=2|singular=0
RECORD|index=560|total=2|smooth=2|singular=0
RECORD|index=561|total=0|smooth=0|singular=0
RECORD|index=562|total=0|smooth=0|singular=0
RECORD|index=563|total=2|smooth=2|singular=0
RECORD|index=564|total=2|smooth=2|singular=0
RECORD|index=565|total=3|smooth=3|singular=0
RECORD|index=566|total=2|smooth=2|singular=0
RECORD|index=567|total=3|smooth=3|singular=0
RECORD|index=568|total=1|smooth=1|singular=0
RECORD|index=569|total=0|smooth=0|singular=0
RECORD|index=570|total=0|smooth=0|singular=0
RECORD|index=571|total=1|smooth=1|singular=0
RECORD|index=572|total=1|smooth=1|singular=0
RECORD|index=573|total=3|smooth=3|singular=0
RECORD|index=574|total=3|smooth=3|singular=0
RECORD|index=575|total=1|smooth=1|singular=0
RECORD|index=576|total=3|smooth=3|singular=0
RECORD|index=577|total=2|smooth=2|singular=0
RECORD|index=578|total=3|smooth=3|singular=0
RECORD|index=579|total=0|smooth=0|singular=0
RECORD|index=580|total=0|smooth=0|singular=0
RECORD|index=581|total=0|smooth=0|singular=0
RECORD|index=582|total=0|smooth=0|singular=0
RECORD|index=583|total=0|smooth=0|singular=0
RECORD|index=584|total=1|smooth=1|singular=0
RECORD|index=585|total=0|smooth=0|singular=0
RECORD|index=586|total=0|smooth=0|singular=0
RECORD|index=587|total=0|smooth=0|singular=0
RECORD|index=588|total=4|smooth=4|singular=0
RECORD|index=589|total=1|smooth=1|singular=0
RECORD|index=590|total=0|smooth=0|singular=0
RECORD|index=591|total=1|smooth=1|singular=0
RECORD|index=592|total=1|smooth=1|singular=0
RECORD|index=593|total=2|smooth=2|singular=0
RECORD|index=594|total=2|smooth=2|singular=0
RECORD|index=595|total=0|smooth=0|singular=0
RECORD|index=596|total=1|smooth=1|singular=0
RECORD|index=597|total=1|smooth=1|singular=0
RECORD|index=598|total=0|smooth=0|singular=0
RECORD|index=599|total=1|smooth=1|singular=0
RECORD|index=600|total=2|smooth=2|singular=0
RECORD|index=601|total=0|smooth=0|singular=0
RECORD|index=602|total=1|smooth=1|singular=0
RECORD|index=603|total=1|smooth=1|singular=0
RECORD|index=604|total=0|smooth=0|singular=0
RECORD|index=605|total=3|smooth=3|singular=0
RECORD|index=606|total=2|smooth=2|singular=0
RECORD|index=607|total=1|smooth=1|singular=0
RECORD|index=608|total=2|smooth=2|singular=0
RECORD|index=609|total=1|smooth=1|singular=0
RECORD|index=610|total=2|smooth=2|singular=0
RECORD|index=611|total=0|smooth=0|singular=0
RECORD|index=612|total=1|smooth=1|singular=0
RECORD|index=613|total=0|smooth=0|singular=0
RECORD|index=614|total=0|smooth=0|singular=0
RECORD|index=615|total=1|smooth=1|singular=0
RECORD|index=616|total=3|smooth=3|singular=0
RECORD|index=617|total=1|smooth=1|singular=0
RECORD|index=618|total=0|smooth=0|singular=0
RECORD|index=619|total=0|smooth=0|singular=0
RECORD|index=620|total=0|smooth=0|singular=0
RECORD|index=621|total=0|smooth=0|singular=0
RECORD|index=622|total=2|smooth=2|singular=0
RECORD|index=623|total=1|smooth=1|singular=0
RECORD|index=624|total=1|smooth=1|singular=0
RECORD|index=625|total=0|smooth=0|singular=0
RECORD|index=626|total=0|smooth=0|singular=0
RECORD|index=627|total=2|smooth=2|singular=0
RECORD|index=628|total=0|smooth=0|singular=0
RECORD|index=629|total=1|smooth=1|singular=0
RECORD|index=630|total=1|smooth=1|singular=0
RECORD|index=631|total=0|smooth=0|singular=0
RECORD|index=632|total=1|smooth=1|singular=0
RECORD|index=633|total=2|smooth=2|singular=0
RECORD|index=634|total=0|smooth=0|singular=0
RECORD|index=635|total=1|smooth=1|singular=0
RECORD|index=636|total=1|smooth=1|singular=0
RECORD|index=637|total=1|smooth=1|singular=0
RECORD|index=638|total=1|smooth=1|singular=0
RECORD|index=639|total=1|smooth=1|singular=0
RECORD|index=640|total=1|smooth=1|singular=0
RECORD|index=641|total=0|smooth=0|singular=0
RECORD|index=642|total=1|smooth=1|singular=0
RECORD|index=643|total=3|smooth=3|singular=0
RECORD|index=644|total=0|smooth=0|singular=0
RECORD|index=645|total=3|smooth=3|singular=0
RECORD|index=646|total=3|smooth=3|singular=0
RECORD|index=647|total=0|smooth=0|singular=0
RECORD|index=648|total=1|smooth=1|singular=0
RECORD|index=649|total=3|smooth=3|singular=0
RECORD|index=650|total=1|smooth=1|singular=0
RECORD|index=651|total=0|smooth=0|singular=0
RECORD|index=652|total=0|smooth=0|singular=0
RECORD|index=653|total=0|smooth=0|singular=0
RECORD|index=654|total=0|smooth=0|singular=0
RECORD|index=655|total=3|smooth=3|singular=0
RECORD|index=656|total=0|smooth=0|singular=0
RECORD|index=657|total=1|smooth=1|singular=0
RECORD|index=658|total=2|smooth=2|singular=0
RECORD|index=659|total=0|smooth=0|singular=0
RECORD|index=660|total=0|smooth=0|singular=0
RECORD|index=661|total=0|smooth=0|singular=0
RECORD|index=662|total=3|smooth=3|singular=0
RECORD|index=663|total=0|smooth=0|singular=0
RECORD|index=664|total=0|smooth=0|singular=0
RECORD|index=665|total=2|smooth=2|singular=0
RECORD|index=666|total=3|smooth=3|singular=0
RECORD|index=667|total=1|smooth=1|singular=0
RECORD|index=668|total=2|smooth=2|singular=0
RECORD|index=669|total=1|smooth=1|singular=0
RECORD|index=670|total=0|smooth=0|singular=0
RECORD|index=671|total=0|smooth=0|singular=0
RECORD|index=672|total=0|smooth=0|singular=0
RECORD|index=673|total=0|smooth=0|singular=0
RECORD|index=674|total=1|smooth=1|singular=0
RECORD|index=675|total=2|smooth=2|singular=0
RECORD|index=676|total=0|smooth=0|singular=0
RECORD|index=677|total=4|smooth=4|singular=0
RECORD|index=678|total=1|smooth=1|singular=0
RECORD|index=679|total=0|smooth=0|singular=0
RECORD|index=680|total=0|smooth=0|singular=0
RECORD|index=681|total=0|smooth=0|singular=0
RECORD|index=682|total=0|smooth=0|singular=0
RECORD|index=683|total=1|smooth=1|singular=0
RECORD|index=684|total=4|smooth=4|singular=0
RECORD|index=685|total=0|smooth=0|singular=0
RECORD|index=686|total=5|smooth=5|singular=0
RECORD|index=687|total=1|smooth=1|singular=0
RECORD|index=688|total=2|smooth=2|singular=0
RECORD|index=689|total=1|smooth=1|singular=0
RECORD|index=690|total=3|smooth=3|singular=0
RECORD|index=691|total=2|smooth=2|singular=0
RECORD|index=692|total=1|smooth=1|singular=0
RECORD|index=693|total=1|smooth=1|singular=0
RECORD|index=694|total=0|smooth=0|singular=0
RECORD|index=695|total=0|smooth=0|singular=0
RECORD|index=696|total=0|smooth=0|singular=0
RECORD|index=697|total=2|smooth=2|singular=0
RECORD|index=698|total=0|smooth=0|singular=0
RECORD|index=699|total=0|smooth=0|singular=0
RECORD|index=700|total=1|smooth=1|singular=0
RECORD|index=701|total=0|smooth=0|singular=0
RECORD|index=702|total=0|smooth=0|singular=0
RECORD|index=703|total=1|smooth=1|singular=0
RECORD|index=704|total=2|smooth=2|singular=0
RECORD|index=705|total=0|smooth=0|singular=0
RECORD|index=706|total=2|smooth=2|singular=0
RECORD|index=707|total=1|smooth=1|singular=0
RECORD|index=708|total=0|smooth=0|singular=0
RECORD|index=709|total=0|smooth=0|singular=0
RECORD|index=710|total=0|smooth=0|singular=0
RECORD|index=711|total=1|smooth=1|singular=0
RECORD|index=712|total=1|smooth=1|singular=0
RECORD|index=713|total=0|smooth=0|singular=0
RECORD|index=714|total=0|smooth=0|singular=0
RECORD|index=715|total=1|smooth=1|singular=0
RECORD|index=716|total=2|smooth=2|singular=0
RECORD|index=717|total=3|smooth=3|singular=0
RECORD|index=718|total=0|smooth=0|singular=0
RECORD|index=719|total=0|smooth=0|singular=0
RECORD|index=720|total=2|smooth=2|singular=0
RECORD|index=721|total=0|smooth=0|singular=0
RECORD|index=722|total=1|smooth=1|singular=0
RECORD|index=723|total=2|smooth=2|singular=0
RECORD|index=724|total=0|smooth=0|singular=0
RECORD|index=725|total=2|smooth=2|singular=0
RECORD|index=726|total=1|smooth=1|singular=0
RECORD|index=727|total=0|smooth=0|singular=0
RECORD|index=728|total=2|smooth=2|singular=0
RECORD|index=729|total=1|smooth=1|singular=0
RECORD|index=730|total=0|smooth=0|singular=0
RECORD|index=731|total=0|smooth=0|singular=0
RECORD|index=732|total=1|smooth=1|singular=0
RECORD|index=733|total=0|smooth=0|singular=0
RECORD|index=734|total=0|smooth=0|singular=0
RECORD|index=735|total=0|smooth=0|singular=0
RECORD|index=736|total=0|smooth=0|singular=0
RECORD|index=737|total=1|smooth=1|singular=0
RECORD|index=738|total=1|smooth=1|singular=0
RECORD|index=739|total=0|smooth=0|singular=0
RECORD|index=740|total=0|smooth=0|singular=0
RECORD|index=741|total=3|smooth=3|singular=0
RECORD|index=742|total=1|smooth=1|singular=0
RECORD|index=743|total=1|smooth=1|singular=0
RECORD|index=744|total=0|smooth=0|singular=0
RECORD|index=745|total=1|smooth=1|singular=0
RECORD|index=746|total=1|smooth=1|singular=0
RECORD|index=747|total=1|smooth=1|singular=0
RECORD|index=748|total=0|smooth=0|singular=0
RECORD|index=749|total=0|smooth=0|singular=0
RECORD|index=750|total=2|smooth=2|singular=0
RECORD|index=751|total=2|smooth=2|singular=0
RECORD|index=752|total=2|smooth=2|singular=0
RECORD|index=753|total=0|smooth=0|singular=0
RECORD|index=754|total=2|smooth=2|singular=0
RECORD|index=755|total=1|smooth=1|singular=0
RECORD|index=756|total=1|smooth=1|singular=0
RECORD|index=757|total=1|smooth=1|singular=0
RECORD|index=758|total=1|smooth=1|singular=0
RECORD|index=759|total=3|smooth=3|singular=0
RECORD|index=760|total=1|smooth=1|singular=0
RECORD|index=761|total=0|smooth=0|singular=0
RECORD|index=762|total=2|smooth=2|singular=0
RECORD|index=763|total=0|smooth=0|singular=0
RECORD|index=764|total=0|smooth=0|singular=0
RECORD|index=765|total=1|smooth=1|singular=0
RECORD|index=766|total=2|smooth=2|singular=0
RECORD|index=767|total=0|smooth=0|singular=0
RECORD|index=768|total=1|smooth=1|singular=0
RECORD|index=769|total=1|smooth=1|singular=0
RECORD|index=770|total=2|smooth=2|singular=0
RECORD|index=771|total=1|smooth=1|singular=0
RECORD|index=772|total=1|smooth=1|singular=0
RECORD|index=773|total=1|smooth=1|singular=0
RECORD|index=774|total=2|smooth=2|singular=0
RECORD|index=775|total=2|smooth=2|singular=0
RECORD|index=776|total=0|smooth=0|singular=0
RECORD|index=777|total=2|smooth=2|singular=0
RECORD|index=778|total=2|smooth=2|singular=0
RECORD|index=779|total=0|smooth=0|singular=0
RECORD|index=780|total=0|smooth=0|singular=0
RECORD|index=781|total=1|smooth=1|singular=0
RECORD|index=782|total=0|smooth=0|singular=0
RECORD|index=783|total=1|smooth=1|singular=0
RECORD|index=784|total=0|smooth=0|singular=0
RECORD|index=785|total=0|smooth=0|singular=0
RECORD|index=786|total=0|smooth=0|singular=0
RECORD|index=787|total=0|smooth=0|singular=0
RECORD|index=788|total=1|smooth=1|singular=0
RECORD|index=789|total=1|smooth=1|singular=0
RECORD|index=790|total=0|smooth=0|singular=0
RECORD|index=791|total=0|smooth=0|singular=0
RECORD|index=792|total=1|smooth=1|singular=0
RECORD|index=793|total=1|smooth=1|singular=0
RECORD|index=794|total=3|smooth=3|singular=0
RECORD|index=795|total=0|smooth=0|singular=0
RECORD|index=796|total=2|smooth=2|singular=0
RECORD|index=797|total=0|smooth=0|singular=0
RECORD|index=798|total=0|smooth=0|singular=0
RECORD|index=799|total=2|smooth=2|singular=0
RECORD|index=800|total=1|smooth=1|singular=0
RECORD|index=801|total=2|smooth=2|singular=0
RECORD|index=802|total=2|smooth=2|singular=0
RECORD|index=803|total=0|smooth=0|singular=0
RECORD|index=804|total=1|smooth=1|singular=0
RECORD|index=805|total=0|smooth=0|singular=0
RECORD|index=806|total=0|smooth=0|singular=0
RECORD|index=807|total=3|smooth=3|singular=0
RECORD|index=808|total=1|smooth=1|singular=0
RECORD|index=809|total=2|smooth=2|singular=0
RECORD|index=810|total=0|smooth=0|singular=0
RECORD|index=811|total=0|smooth=0|singular=0
RECORD|index=812|total=1|smooth=1|singular=0
RECORD|index=813|total=1|smooth=1|singular=0
RECORD|index=814|total=0|smooth=0|singular=0
RECORD|index=815|total=0|smooth=0|singular=0
RECORD|index=816|total=3|smooth=3|singular=0
RECORD|index=817|total=0|smooth=0|singular=0
RECORD|index=818|total=1|smooth=1|singular=0
RECORD|index=819|total=1|smooth=1|singular=0
RECORD|index=820|total=1|smooth=1|singular=0
RECORD|index=821|total=0|smooth=0|singular=0
RECORD|index=822|total=2|smooth=2|singular=0
RECORD|index=823|total=0|smooth=0|singular=0
RECORD|index=824|total=1|smooth=1|singular=0
RECORD|index=825|total=1|smooth=1|singular=0
RECORD|index=826|total=1|smooth=1|singular=0
RECORD|index=827|total=1|smooth=1|singular=0
RECORD|index=828|total=1|smooth=1|singular=0
RECORD|index=829|total=4|smooth=4|singular=0
RECORD|index=830|total=1|smooth=1|singular=0
RECORD|index=831|total=2|smooth=2|singular=0
RECORD|index=832|total=0|smooth=0|singular=0
RECORD|index=833|total=0|smooth=0|singular=0
RECORD|index=834|total=3|smooth=3|singular=0
RECORD|index=835|total=0|smooth=0|singular=0
RECORD|index=836|total=1|smooth=1|singular=0
RECORD|index=837|total=0|smooth=0|singular=0
RECORD|index=838|total=1|smooth=1|singular=0
RECORD|index=839|total=0|smooth=0|singular=0
RECORD|index=840|total=1|smooth=1|singular=0
RECORD|index=841|total=1|smooth=1|singular=0
RECORD|index=842|total=2|smooth=2|singular=0
RECORD|index=843|total=2|smooth=2|singular=0
RECORD|index=844|total=2|smooth=2|singular=0
RECORD|index=845|total=3|smooth=3|singular=0
RECORD|index=846|total=2|smooth=2|singular=0
RECORD|index=847|total=1|smooth=1|singular=0
RECORD|index=848|total=1|smooth=1|singular=0
RECORD|index=849|total=0|smooth=0|singular=0
RECORD|index=850|total=1|smooth=1|singular=0
RECORD|index=851|total=0|smooth=0|singular=0
RECORD|index=852|total=0|smooth=0|singular=0
RECORD|index=853|total=0|smooth=0|singular=0
RECORD|index=854|total=1|smooth=1|singular=0
RECORD|index=855|total=1|smooth=1|singular=0
RECORD|index=856|total=1|smooth=1|singular=0
RECORD|index=857|total=0|smooth=0|singular=0
RECORD|index=858|total=1|smooth=1|singular=0
RECORD|index=859|total=0|smooth=0|singular=0
RECORD|index=860|total=1|smooth=1|singular=0
RECORD|index=861|total=3|smooth=3|singular=0
RECORD|index=862|total=0|smooth=0|singular=0
RECORD|index=863|total=2|smooth=2|singular=0
RECORD|index=864|total=1|smooth=1|singular=0
RECORD|index=865|total=0|smooth=0|singular=0
RECORD|index=866|total=0|smooth=0|singular=0
RECORD|index=867|total=1|smooth=1|singular=0
RECORD|index=868|total=0|smooth=0|singular=0
RECORD|index=869|total=0|smooth=0|singular=0
RECORD|index=870|total=0|smooth=0|singular=0
RECORD|index=871|total=6|smooth=6|singular=0
RECORD|index=872|total=1|smooth=1|singular=0
RECORD|index=873|total=1|smooth=1|singular=0
RECORD|index=874|total=2|smooth=2|singular=0
RECORD|index=875|total=0|smooth=0|singular=0
RECORD|index=876|total=2|smooth=2|singular=0
RECORD|index=877|total=1|smooth=1|singular=0
RECORD|index=878|total=1|smooth=1|singular=0
RECORD|index=879|total=0|smooth=0|singular=0
RECORD|index=880|total=1|smooth=1|singular=0
RECORD|index=881|total=1|smooth=1|singular=0
RECORD|index=882|total=0|smooth=0|singular=0
RECORD|index=883|total=1|smooth=1|singular=0
RECORD|index=884|total=1|smooth=1|singular=0
RECORD|index=885|total=1|smooth=1|singular=0
RECORD|index=886|total=0|smooth=0|singular=0
RECORD|index=887|total=0|smooth=0|singular=0
RECORD|index=888|total=1|smooth=1|singular=0
RECORD|index=889|total=0|smooth=0|singular=0
RECORD|index=890|total=1|smooth=1|singular=0
RECORD|index=891|total=0|smooth=0|singular=0
RECORD|index=892|total=1|smooth=1|singular=0
RECORD|index=893|total=3|smooth=3|singular=0
RECORD|index=894|total=1|smooth=1|singular=0
RECORD|index=895|total=2|smooth=2|singular=0
RECORD|index=896|total=3|smooth=3|singular=0
RECORD|index=897|total=2|smooth=2|singular=0
RECORD|index=898|total=2|smooth=2|singular=0
RECORD|index=899|total=0|smooth=0|singular=0
RECORD|index=900|total=0|smooth=0|singular=0
RECORD|index=901|total=0|smooth=0|singular=0
RECORD|index=902|total=4|smooth=4|singular=0
RECORD|index=903|total=0|smooth=0|singular=0
RECORD|index=904|total=3|smooth=3|singular=0
RECORD|index=905|total=0|smooth=0|singular=0
RECORD|index=906|total=0|smooth=0|singular=0
RECORD|index=907|total=0|smooth=0|singular=0
RECORD|index=908|total=1|smooth=1|singular=0
RECORD|index=909|total=1|smooth=1|singular=0
RECORD|index=910|total=0|smooth=0|singular=0
RECORD|index=911|total=1|smooth=1|singular=0
RECORD|index=912|total=0|smooth=0|singular=0
RECORD|index=913|total=0|smooth=0|singular=0
RECORD|index=914|total=0|smooth=0|singular=0
RECORD|index=915|total=1|smooth=1|singular=0
RECORD|index=916|total=0|smooth=0|singular=0
RECORD|index=917|total=0|smooth=0|singular=0
RECORD|index=918|total=0|smooth=0|singular=0
RECORD|index=919|total=1|smooth=1|singular=0
RECORD|index=920|total=2|smooth=2|singular=0
RECORD|index=921|total=2|smooth=2|singular=0
RECORD|index=922|total=2|smooth=2|singular=0
RECORD|index=923|total=0|smooth=0|singular=0
RECORD|index=924|total=1|smooth=1|singular=0
RECORD|index=925|total=1|smooth=1|singular=0
RECORD|index=926|total=0|smooth=0|singular=0
RECORD|index=927|total=0|smooth=0|singular=0
RECORD|index=928|total=0|smooth=0|singular=0
RECORD|index=929|total=0|smooth=0|singular=0
RECORD|index=930|total=2|smooth=2|singular=0
RECORD|index=931|total=1|smooth=1|singular=0
RECORD|index=932|total=2|smooth=2|singular=0
RECORD|index=933|total=3|smooth=3|singular=0
RECORD|index=934|total=3|smooth=3|singular=0
RECORD|index=935|total=1|smooth=1|singular=0
RECORD|index=936|total=0|smooth=0|singular=0
RECORD|index=937|total=1|smooth=1|singular=0
RECORD|index=938|total=2|smooth=2|singular=0
RECORD|index=939|total=2|smooth=2|singular=0
RECORD|index=940|total=2|smooth=2|singular=0
RECORD|index=941|total=0|smooth=0|singular=0
RECORD|index=942|total=2|smooth=2|singular=0
RECORD|index=943|total=1|smooth=1|singular=0
RECORD|index=944|total=1|smooth=1|singular=0
RECORD|index=945|total=2|smooth=2|singular=0
RECORD|index=946|total=2|smooth=2|singular=0
RECORD|index=947|total=1|smooth=1|singular=0
RECORD|index=948|total=0|smooth=0|singular=0
RECORD|index=949|total=1|smooth=1|singular=0
RECORD|index=950|total=0|smooth=0|singular=0
RECORD|index=951|total=1|smooth=1|singular=0
RECORD|index=952|total=1|smooth=1|singular=0
RECORD|index=953|total=1|smooth=1|singular=0
RECORD|index=954|total=0|smooth=0|singular=0
RECORD|index=955|total=0|smooth=0|singular=0
RECORD|index=956|total=1|smooth=1|singular=0
RECORD|index=957|total=1|smooth=1|singular=0
RECORD|index=958|total=0|smooth=0|singular=0
RECORD|index=959|total=1|smooth=1|singular=0
RECORD|index=960|total=2|smooth=2|singular=0
RECORD|index=961|total=2|smooth=2|singular=0
RECORD|index=962|total=1|smooth=1|singular=0
RECORD|index=963|total=1|smooth=1|singular=0
RECORD|index=964|total=0|smooth=0|singular=0
RECORD|index=965|total=0|smooth=0|singular=0
RECORD|index=966|total=1|smooth=1|singular=0
RECORD|index=967|total=2|smooth=2|singular=0
RECORD|index=968|total=1|smooth=1|singular=0
RECORD|index=969|total=0|smooth=0|singular=0
RECORD|index=970|total=1|smooth=1|singular=0
RECORD|index=971|total=2|smooth=2|singular=0
RECORD|index=972|total=1|smooth=1|singular=0
RECORD|index=973|total=1|smooth=1|singular=0
RECORD|index=974|total=3|smooth=3|singular=0
RECORD|index=975|total=0|smooth=0|singular=0
RECORD|index=976|total=1|smooth=1|singular=0
RECORD|index=977|total=3|smooth=3|singular=0
RECORD|index=978|total=1|smooth=1|singular=0
RECORD|index=979|total=1|smooth=1|singular=0
RECORD|index=980|total=0|smooth=0|singular=0
RECORD|index=981|total=1|smooth=1|singular=0
RECORD|index=982|total=1|smooth=1|singular=0
RECORD|index=983|total=0|smooth=0|singular=0
RECORD|index=984|total=1|smooth=1|singular=0
RECORD|index=985|total=1|smooth=1|singular=0
RECORD|index=986|total=3|smooth=3|singular=0
RECORD|index=987|total=2|smooth=2|singular=0
RECORD|index=988|total=2|smooth=2|singular=0
RECORD|index=989|total=0|smooth=0|singular=0
RECORD|index=990|total=1|smooth=1|singular=0
RECORD|index=991|total=1|smooth=1|singular=0
RECORD|index=992|total=0|smooth=0|singular=0
RECORD|index=993|total=0|smooth=0|singular=0
RECORD|index=994|total=0|smooth=0|singular=0
RECORD|index=995|total=1|smooth=1|singular=0
RECORD|index=996|total=0|smooth=0|singular=0
RECORD|index=997|total=2|smooth=2|singular=0
RECORD|index=998|total=2|smooth=2|singular=0
RECORD|index=999|total=2|smooth=2|singular=0
RECORD|index=1000|total=2|smooth=2|singular=0
RECORD|index=1001|total=2|smooth=2|singular=0
RECORD|index=1002|total=0|smooth=0|singular=0
RECORD|index=1003|total=0|smooth=0|singular=0
RECORD|index=1004|total=2|smooth=2|singular=0
RECORD|index=1005|total=0|smooth=0|singular=0
RECORD|index=1006|total=1|smooth=1|singular=0
RECORD|index=1007|total=1|smooth=1|singular=0
SINGULAR_FQ2_SHARD_PASS
