   ? MP0(<name>) expected
   ? error occurred in or before /home/ubuntu/jc2/box/g9966n1b3-20260903/reduced/S1_n18_m12_Mm4_V1_k6_part_5_full/reduce_capB.sing line 39: `map MP0 = R, IMG; gg = MP0(T*(c)-1); kill MP0;`
ROW|0|0|0|0
   ? MP1(<name>) expected
   ? error occurred in or before /home/ubuntu/jc2/box/g9966n1b3-20260903/reduced/S1_n18_m12_Mm4_V1_k6_part_5_full/reduce_capB.sing line 67: `map MP1 = R, IMG; gg = MP1(((-12*A1_1_5))); kill MP1;`
ROW|1|0|0|0
   ? MP2(<name>) expected
   ? error occurred in or before /home/ubuntu/jc2/box/g9966n1b3-20260903/reduced/S1_n18_m12_Mm4_V1_k6_part_5_full/reduce_capB.sing line 95: `map MP2 = R, IMG; gg = MP2(((45*A2_4_5*B2_4_5))); kill MP2;`
ROW|2|0|0|0
   ? MP3(<name>) expected
   ? error occurred in or before /home/ubuntu/jc2/box/g9966n1b3-20260903/reduced/S1_n18_m12_Mm4_V1_k6_part_5_full/reduce_capB.sing line 123: `map MP3 = R, IMG; gg = MP3(((45*A2_4_5*B2_4_5))); kill MP3;`
ROW|3|0|0|0
   ? MP4(<name>) expected
   ? error occurred in or before /home/ubuntu/jc2/box/g9966n1b3-20260903/reduced/S1_n18_m12_Mm4_V1_k6_part_5_full/reduce_capB.sing line 151: `map MP4 = R, IMG; gg = MP4(((45*A2_4_5*B2_4_5))); kill MP4;`
ROW|4|0|0|0
   ? MP5(<name>) expected
   ? error occurred in or before /home/ubuntu/jc2/box/g9966n1b3-20260903/reduced/S1_n18_m12_Mm4_V1_k6_part_5_full/reduce_capB.sing line 179: `map MP5 = R, IMG; gg = MP5(((270*A2_4_5*B2_4_5))); kill MP5;`
ROW|5|0|0|0
   ? MP6(<name>) expected
   ? error occurred in or before /home/ubuntu/jc2/box/g9966n1b3-20260903/reduced/S1_n18_m12_Mm4_V1_k6_part_5_full/reduce_capB.sing line 207: `map MP6 = R, IMG; gg = MP6(((-180*A2_4_5*B2_4_5))); kill MP6;`
ROW|6|0|0|0
   ? MP7(<name>) expected
   ? error occurred in or before /home/ubuntu/jc2/box/g9966n1b3-20260903/reduced/S1_n18_m12_Mm4_V1_k6_part_5_full/reduce_capB.sing line 235: `map MP7 = R, IMG; gg = MP7(((-180*A2_4_5*B2_4_5))); kill MP7;`
ROW|7|0|0|0
   ? MP8(<name>) expected
   ? error occurred in or before /home/ubuntu/jc2/box/g9966n1b3-20260903/reduced/S1_n18_m12_Mm4_V1_k6_part_5_full/reduce_capB.sing line 263: `map MP8 = R, IMG; gg = MP8(((-60*A1_1_5-60*A1_2_4))); kill MP8;`
ROW|8|0|0|0
   ? MP9(<name>) expected
   ? error occurred in or before /home/ubuntu/jc2/box/g9966n1b3-20260903/reduced/S1_n18_m12_Mm4_V1_k6_part_5_full/reduce_capB.sing line 291: `map MP9 = R, IMG; gg = MP9(((-60*A1_1_5-60*A1_2_4))); kill MP9;`
ROW|9|0|0|0
   ? MP10(<name>) expected
   ? error occurred in or before /home/ubuntu/jc2/box/g9966n1b3-20260903/reduced/S1_n18_m12_Mm4_V1_k6_part_5_full/reduce_capB.sing line 319: `map MP10 = R, IMG; gg = MP10(((-60*A1_1_5-60*A1_2_4))); kill MP10;`
ROW|10|0|0|0
   ? MP11(<name>) expected
   ? error occurred in or before /home/ubuntu/jc2/box/g9966n1b3-20260903/reduced/S1_n18_m12_Mm4_V1_k6_part_5_full/reduce_capB.sing line 347: `map MP11 = R, IMG; gg = MP11(((-60*A1_1_5-24*A1_2_4))); kill MP11;`
ROW|11|0|0|0
   ? MP12(<name>) expected
   ? error occurred in or before /home/ubuntu/jc2/box/g9966n1b3-20260903/reduced/S1_n18_m12_Mm4_V1_k6_part_5_full/reduce_capB.sing line 375: `map MP12 = R, IMG; gg = MP12(((-60*A1_1_5-60*A1_2_4))); kill MP12;`
ROW|12|0|0|0
   ? MP13(<name>) expected
   ? error occurred in or before /home/ubuntu/jc2/box/g9966n1b3-20260903/reduced/S1_n18_m12_Mm4_V1_k6_part_5_full/reduce_capB.sing line 403: `map MP13 = R, IMG; gg = MP13(((-60*A1_1_5-60*A1_2_4))); kill MP13;`
ROW|13|0|0|0
   ? MP14(<name>) expected
   ? error occurred in or before /home/ubuntu/jc2/box/g9966n1b3-20260903/reduced/S1_n18_m12_Mm4_V1_k6_part_5_full/reduce_capB.sing line 431: `map MP14 = R, IMG; gg = MP14(((240*A1_1_5+240*A1_2_4))); kill MP14;`
ROW|14|0|0|0
   ? MP15(<name>) expected
   ? error occurred in or before /home/ubuntu/jc2/box/g9966n1b3-20260903/reduced/S1_n18_m12_Mm4_V1_k6_part_5_full/reduce_capB.sing line 459: `map MP15 = R, IMG; gg = MP15(((240*A1_1_5+240*A1_2_4))); kill MP15;`
ROW|15|0|0|0
   ? MP16(<name>) expected
   ? error occurred in or before /home/ubuntu/jc2/box/g9966n1b3-20260903/reduced/S1_n18_m12_Mm4_V1_k6_part_5_full/reduce_capB.sing line 487: `map MP16 = R, IMG; gg = MP16(((-360*A1_1_5-360*A1_2_4))); kill MP16;`
ROW|16|0|0|0
   ? MP17(<name>) expected
   ? error occurred in or before /home/ubuntu/jc2/box/g9966n1b3-20260903/reduced/S1_n18_m12_Mm4_V1_k6_part_5_full/reduce_capB.sing line 515: `map MP17 = R, IMG; gg = MP17(((-45*h_1_0*A2_4_5*B2_4_5))); kill MP17;`
ROW|17|0|0|0
   ? MP18(<name>) expected
   ? error occurred in or before /home/ubuntu/jc2/box/g9966n1b3-20260903/reduced/S1_n18_m12_Mm4_V1_k6_part_5_full/reduce_capB.sing line 543: `ap MP18 = R, IMG; gg = MP18(((90*A1_1_5*B2_4_5+90*A1_2_4*B2_4_5))); kill MP18;`
ROW|18|0|0|0
   ? MP19(<name>) expected
   ? error occurred in or before /home/ubuntu/jc2/box/g9966n1b3-20260903/reduced/S1_n18_m12_Mm4_V1_k6_part_5_full/reduce_capB.sing line 571: `ap MP19 = R, IMG; gg = MP19(((90*A1_1_5*B2_4_5+90*A1_2_4*B2_4_5))); kill MP19;`
ROW|19|0|0|0
   ? MP20(<name>) expected
   ? error occurred in or before /home/ubuntu/jc2/box/g9966n1b3-20260903/reduced/S1_n18_m12_Mm4_V1_k6_part_5_full/reduce_capB.sing line 599: `ap MP20 = R, IMG; gg = MP20(((90*A1_1_5*B2_4_5+90*A1_2_4*B2_4_5))); kill MP20;`
ROW|20|0|0|0
   ? MP21(<name>) expected
   ? error occurred in or before /home/ubuntu/jc2/box/g9966n1b3-20260903/reduced/S1_n18_m12_Mm4_V1_k6_part_5_full/reduce_capB.sing line 627: `p MP21 = R, IMG; gg = MP21(((2*h_0_5*A1_1_5-50*A1_0_5-12*A1_1_4))); kill MP21;`
ROW|21|0|0|0
   ? MP22(<name>) expected
   ? error occurred in or before /home/ubuntu/jc2/box/g9966n1b3-20260903/reduced/S1_n18_m12_Mm4_V1_k6_part_5_full/reduce_capB.sing line 655: ` MP22 = R, IMG; gg = MP22(((540*A1_1_5*B2_4_5+540*A1_2_4*B2_4_5))); kill MP22;`
ROW|22|0|0|0
   ? MP23(<name>) expected
   ? error occurred in or before /home/ubuntu/jc2/box/g9966n1b3-20260903/reduced/S1_n18_m12_Mm4_V1_k6_part_5_full/reduce_capB.sing line 683: `MP23 = R, IMG; gg = MP23(((-360*A1_1_5*B2_4_5-360*A1_2_4*B2_4_5))); kill MP23;`
ROW|23|0|0|0
   ? MP24(<name>) expected
   ? error occurred in or before /home/ubuntu/jc2/box/g9966n1b3-20260903/reduced/S1_n18_m12_Mm4_V1_k6_part_5_full/reduce_capB.sing line 711: `MP24 = R, IMG; gg = MP24(((-360*A1_1_5*B2_4_5-360*A1_2_4*B2_4_5))); kill MP24;`
ROW|24|0|0|0
   ? MP25(<name>) expected
   ? error occurred in or before /home/ubuntu/jc2/box/g9966n1b3-20260903/reduced/S1_n18_m12_Mm4_V1_k6_part_5_full/reduce_capB.sing line 739: `25(((4095*A1_1_5*B2_4_5+1350*A1_2_4*B2_4_5-90*A2_4_5+135*B2_4_5))); kill MP25;`
ROW|25|0|0|0
   ? MP26(<name>) expected
   ? error occurred in or before /home/ubuntu/jc2/box/g9966n1b3-20260903/reduced/S1_n18_m12_Mm4_V1_k6_part_5_full/reduce_capB.sing line 767: `26(((4185*A1_1_5*B2_4_5+1440*A1_2_4*B2_4_5-90*A2_4_5+135*B2_4_5))); kill MP26;`
ROW|26|0|0|0
   ? MP27(<name>) expected
   ? error occurred in or before /home/ubuntu/jc2/box/g9966n1b3-20260903/reduced/S1_n18_m12_Mm4_V1_k6_part_5_full/reduce_capB.sing line 795: `27(((9450*A1_1_5*B2_4_5+3780*A1_2_4*B2_4_5-90*A2_4_5+135*B2_4_5))); kill MP27;`
ROW|27|0|0|0
   ? MP28(<name>) expected
   ? error occurred in or before /home/ubuntu/jc2/box/g9966n1b3-20260903/reduced/S1_n18_m12_Mm4_V1_k6_part_5_full/reduce_capB.sing line 823: `((-18900*A1_1_5*B2_4_5-6300*A1_2_4*B2_4_5+360*A2_4_5-540*B2_4_5))); kill MP28;`
ROW|28|0|0|0
   ? MP29(<name>) expected
   ? error occurred in or before /home/ubuntu/jc2/box/g9966n1b3-20260903/reduced/S1_n18_m12_Mm4_V1_k6_part_5_full/reduce_capB.sing line 851: `((34020*A1_1_5*B2_4_5+11844*A1_2_4*B2_4_5-540*A2_4_5+810*B2_4_5))); kill MP29;`
ROW|29|0|0|0
   ? MP30(<name>) expected
   ? error occurred in or before /home/ubuntu/jc2/box/g9966n1b3-20260903/reduced/S1_n18_m12_Mm4_V1_k6_part_5_full/reduce_capB.sing line 879: `(-27972*A1_1_5*B2_4_5-10080*A1_2_4*B2_4_5+360*A2_4_5-540*B2_4_5))); kill MP30;`
ROW|30|0|0|0
   ? MP31(<name>) expected
   ? error occurred in or before /home/ubuntu/jc2/box/g9966n1b3-20260903/reduced/S1_n18_m12_Mm4_V1_k6_part_5_full/reduce_capB.sing line 907: `_5+4*h_0_5*A1_2_4+14*h_1_4*A1_1_5-50*A1_0_5-50*A1_1_4-24*A1_2_3))); kill MP31;`
ROW|31|0|0|0
   ? MP32(<name>) expected
   ? error occurred in or before /home/ubuntu/jc2/box/g9966n1b3-20260903/reduced/S1_n18_m12_Mm4_V1_k6_part_5_full/reduce_capB.sing line 935: `h_0_5*A1_1_4+4*h_0_4*A1_1_5+10*h_1_4*A1_0_5-40*A1_0_4-12*A1_1_3))); kill MP32;`
ROW|32|0|0|0
   ? MP33(<name>) expected
   ? error occurred in or before /home/ubuntu/jc2/box/g9966n1b3-20260903/reduced/S1_n18_m12_Mm4_V1_k6_part_5_full/reduce_capB.sing line 963: `5+16*h_1_4*A1_2_4+26*h_2_3*A1_1_5-50*A1_0_5-50*A1_1_4-50*A1_2_3))); kill MP33;`
ROW|33|0|0|0
   ? MP34(<name>) expected
   ? error occurred in or before /home/ubuntu/jc2/box/g9966n1b3-20260903/reduced/S1_n18_m12_Mm4_V1_k6_part_5_full/reduce_capB.sing line 991: `+190*h_2_3*A1_1_5+28*h_2_3*A1_2_4-50*A1_0_5-50*A1_1_4-50*A1_2_3))); kill MP34;`
ROW|34|0|0|0
   ? MP35(<name>) expected
   ? error occurred in or before /home/ubuntu/jc2/box/g9966n1b3-20260903/reduced/S1_n18_m12_Mm4_V1_k6_part_5_full/reduce_capB.sing line 1019: `+190*h_2_3*A1_1_5+28*h_2_3*A1_2_4-50*A1_0_5-50*A1_1_4-50*A1_2_3))); kill MP35;`
ROW|35|0|0|0
   ? MP36(<name>) expected
   ? error occurred in or before /home/ubuntu/jc2/box/g9966n1b3-20260903/reduced/S1_n18_m12_Mm4_V1_k6_part_5_full/reduce_capB.sing line 1047: `750*h_2_3*A1_1_5+200*h_2_3*A1_2_4-50*A1_0_5-50*A1_1_4-50*A1_2_3))); kill MP36;`
ROW|36|0|0|0
   ? MP37(<name>) expected
   ? error occurred in or before /home/ubuntu/jc2/box/g9966n1b3-20260903/reduced/S1_n18_m12_Mm4_V1_k6_part_5_full/reduce_capB.sing line 1075: `*h_2_3*A1_1_5-140*h_2_3*A1_2_4+200*A1_0_5+200*A1_1_4+200*A1_2_3))); kill MP37;`
ROW|37|0|0|0
   ? MP38(<name>) expected
   ? error occurred in or before /home/ubuntu/jc2/box/g9966n1b3-20260903/reduced/S1_n18_m12_Mm4_V1_k6_part_5_full/reduce_capB.sing line 1103: `*h_2_3*A1_1_5+340*h_2_3*A1_2_4-300*A1_0_5-300*A1_1_4-300*A1_2_3))); kill MP38;`
ROW|38|0|0|0
   ? MP39(<name>) expected
   ? error occurred in or before /home/ubuntu/jc2/box/g9966n1b3-20260903/reduced/S1_n18_m12_Mm4_V1_k6_part_5_full/reduce_capB.sing line 1131: `*h_2_3*A1_1_5-220*h_2_3*A1_2_4+200*A1_0_5+200*A1_1_4+200*A1_2_3))); kill MP39;`
ROW|39|0|0|0
   ? MP40(<name>) expected
   ? error occurred in or before /home/ubuntu/jc2/box/g9966n1b3-20260903/reduced/S1_n18_m12_Mm4_V1_k6_part_5_full/reduce_capB.sing line 1159: `2_3_5*B2_4_5+40*A2_4_5*B2_3_5+40*A2_4_5*B2_4_4+45*A2_4_4*B2_4_5))); kill MP40;`
ROW|40|0|0|0
   ? MP41(<name>) expected
   ? error occurred in or before /home/ubuntu/jc2/box/g9966n1b3-20260903/reduced/S1_n18_m12_Mm4_V1_k6_part_5_full/reduce_capB.sing line 1187: `2_3_5*B2_4_5+40*A2_4_5*B2_3_5+40*A2_4_5*B2_4_4+45*A2_4_4*B2_4_5))); kill MP41;`
ROW|41|0|0|0
   ? MP42(<name>) expected
   ? error occurred in or before /home/ubuntu/jc2/box/g9966n1b3-20260903/reduced/S1_n18_m12_Mm4_V1_k6_part_5_full/reduce_capB.sing line 1215: `2_3_5*B2_4_5+40*A2_4_5*B2_3_5+40*A2_4_5*B2_4_4+45*A2_4_4*B2_4_5))); kill MP42;`
ROW|42|0|0|0
   ? MP43(<name>) expected
   ? error occurred in or before /home/ubuntu/jc2/box/g9966n1b3-20260903/reduced/S1_n18_m12_Mm4_V1_k6_part_5_full/reduce_capB.sing line 1243: `_5*B2_4_5-160*A2_4_5*B2_3_5-160*A2_4_5*B2_4_4-180*A2_4_4*B2_4_5))); kill MP43;`
ROW|43|0|0|0
   ? MP44(<name>) expected
   ? error occurred in or before /home/ubuntu/jc2/box/g9966n1b3-20260903/reduced/S1_n18_m12_Mm4_V1_k6_part_5_full/reduce_capB.sing line 1271: `_5*B2_4_5-160*A2_4_5*B2_3_5-160*A2_4_5*B2_4_4-180*A2_4_4*B2_4_5))); kill MP44;`
ROW|44|0|0|0
   ? MP45(<name>) expected
   ? error occurred in or before /home/ubuntu/jc2/box/g9966n1b3-20260903/reduced/S1_n18_m12_Mm4_V1_k6_part_5_full/reduce_capB.sing line 1299: `_5*B2_4_5+240*A2_4_5*B2_3_5+240*A2_4_5*B2_4_4+270*A2_4_4*B2_4_5))); kill MP45;`
ROW|45|0|0|0
   ? MP46(<name>) expected
   ? error occurred in or before /home/ubuntu/jc2/box/g9966n1b3-20260903/reduced/S1_n18_m12_Mm4_V1_k6_part_5_full/reduce_capB.sing line 1327: `1_0*A2_4_5*B2_3_5-40*h_1_0*A2_4_5*B2_4_4-45*h_1_0*A2_4_4*B2_4_5))); kill MP46;`
ROW|46|0|0|0
   ? MP47(<name>) expected
   ? error occurred in or before /home/ubuntu/jc2/box/g9966n1b3-20260903/reduced/S1_n18_m12_Mm4_V1_k6_part_5_full/reduce_capB.sing line 1355: `h_1_4*A1_0_4+6*h_0_3*A1_1_5+10*h_1_3*A1_0_5-30*A1_0_3-12*A1_1_2))); kill MP47;`
ROW|47|0|0|0
   ? MP48(<name>) expected
   ? error occurred in or before /home/ubuntu/jc2/box/g9966n1b3-20260903/reduced/S1_n18_m12_Mm4_V1_k6_part_5_full/reduce_capB.sing line 1383: `4+16*h_1_3*A1_1_5+20*h_2_3*A1_0_5-40*A1_0_4-40*A1_1_3-24*A1_2_2))); kill MP48;`
ROW|48|0|0|0
   ? MP49(<name>) expected
   ? error occurred in or before /home/ubuntu/jc2/box/g9966n1b3-20260903/reduced/S1_n18_m12_Mm4_V1_k6_part_5_full/reduce_capB.sing line 1411: `1_1_4*B2_4_5+80*A1_2_4*B2_3_5+80*A1_2_4*B2_4_4+90*A1_2_3*B2_4_5))); kill MP49;`
ROW|49|0|0|0
   ? MP50(<name>) expected
   ? error occurred in or before /home/ubuntu/jc2/box/g9966n1b3-20260903/reduced/S1_n18_m12_Mm4_V1_k6_part_5_full/reduce_capB.sing line 1439: `1_1_4*B2_4_5+80*A1_2_4*B2_3_5+80*A1_2_4*B2_4_4+90*A1_2_3*B2_4_5))); kill MP50;`
ROW|50|0|0|0
   ? MP51(<name>) expected
   ? error occurred in or before /home/ubuntu/jc2/box/g9966n1b3-20260903/reduced/S1_n18_m12_Mm4_V1_k6_part_5_full/reduce_capB.sing line 1467: `1_1_4*B2_4_5+80*A1_2_4*B2_3_5+80*A1_2_4*B2_4_4+90*A1_2_3*B2_4_5))); kill MP51;`
ROW|51|0|0|0
   ? MP52(<name>) expected
   ? error occurred in or before /home/ubuntu/jc2/box/g9966n1b3-20260903/reduced/S1_n18_m12_Mm4_V1_k6_part_5_full/reduce_capB.sing line 1495: `_4*B2_4_5-320*A1_2_4*B2_3_5-320*A1_2_4*B2_4_4-360*A1_2_3*B2_4_5))); kill MP52;`
ROW|52|0|0|0
   ? MP53(<name>) expected
   ? error occurred in or before /home/ubuntu/jc2/box/g9966n1b3-20260903/reduced/S1_n18_m12_Mm4_V1_k6_part_5_full/reduce_capB.sing line 1523: `_4*B2_4_5-320*A1_2_4*B2_3_5-320*A1_2_4*B2_4_4-360*A1_2_3*B2_4_5))); kill MP53;`
ROW|53|0|0|0
   ? MP54(<name>) expected
   ? error occurred in or before /home/ubuntu/jc2/box/g9966n1b3-20260903/reduced/S1_n18_m12_Mm4_V1_k6_part_5_full/reduce_capB.sing line 1551: `_4*B2_4_5+480*A1_2_4*B2_3_5+480*A1_2_4*B2_4_4+540*A1_2_3*B2_4_5))); kill MP54;`
ROW|54|0|0|0
   ? MP55(<name>) expected
   ? error occurred in or before /home/ubuntu/jc2/box/g9966n1b3-20260903/reduced/S1_n18_m12_Mm4_V1_k6_part_5_full/reduce_capB.sing line 1579: `5+22*h_2_3*A1_1_4+28*h_2_2*A1_1_5-40*A1_0_4-40*A1_1_3-40*A1_2_2))); kill MP55;`
ROW|55|0|0|0
   ? MP56(<name>) expected
   ? error occurred in or before /home/ubuntu/jc2/box/g9966n1b3-20260903/reduced/S1_n18_m12_Mm4_V1_k6_part_5_full/reduce_capB.sing line 1607: `5+22*h_2_3*A1_1_4+28*h_2_2*A1_1_5-40*A1_0_4-40*A1_1_3-40*A1_2_2))); kill MP56;`
ROW|56|0|0|0
   ? MP57(<name>) expected
   ? error occurred in or before /home/ubuntu/jc2/box/g9966n1b3-20260903/reduced/S1_n18_m12_Mm4_V1_k6_part_5_full/reduce_capB.sing line 1635: `0*h_2_2*A1_1_5+60*h_2_2*A1_2_4+160*A1_0_4+160*A1_1_3+160*A1_2_2))); kill MP57;`
ROW|57|0|0|0
   ? MP58(<name>) expected
   ? error occurred in or before /home/ubuntu/jc2/box/g9966n1b3-20260903/reduced/S1_n18_m12_Mm4_V1_k6_part_5_full/reduce_capB.sing line 1663: `4_4+340*A1_2_3*B2_4_5-80*A2_3_5-80*A2_4_4+120*B2_3_5+120*B2_4_4))); kill MP58;`
ROW|58|0|0|0
   ? MP59(<name>) expected
   ? error occurred in or before /home/ubuntu/jc2/box/g9966n1b3-20260903/reduced/S1_n18_m12_Mm4_V1_k6_part_5_full/reduce_capB.sing line 1691: `_4+1290*A1_2_3*B2_4_5-80*A2_3_5-80*A2_4_4+120*B2_3_5+120*B2_4_4))); kill MP59;`
ROW|59|0|0|0
   ? MP60(<name>) expected
   ? error occurred in or before /home/ubuntu/jc2/box/g9966n1b3-20260903/reduced/S1_n18_m12_Mm4_V1_k6_part_5_full/reduce_capB.sing line 1719: `4_4+430*A1_2_3*B2_4_5-80*A2_3_5-80*A2_4_4+120*B2_3_5+120*B2_4_4))); kill MP60;`
ROW|60|0|0|0
   ? MP61(<name>) expected
   ? error occurred in or before /home/ubuntu/jc2/box/g9966n1b3-20260903/reduced/S1_n18_m12_Mm4_V1_k6_part_5_full/reduce_capB.sing line 1747: `-1560*A1_2_3*B2_4_5+320*A2_3_5+320*A2_4_4-480*B2_3_5-480*B2_4_4))); kill MP61;`
ROW|61|0|0|0
   ? MP62(<name>) expected
   ? error occurred in or before /home/ubuntu/jc2/box/g9966n1b3-20260903/reduced/S1_n18_m12_Mm4_V1_k6_part_5_full/reduce_capB.sing line 1775: `-2810*A1_2_3*B2_4_5+320*A2_3_5+320*A2_4_4-480*B2_3_5-480*B2_4_4))); kill MP62;`
ROW|62|0|0|0
   ? MP63(<name>) expected
   ? error occurred in or before /home/ubuntu/jc2/box/g9966n1b3-20260903/reduced/S1_n18_m12_Mm4_V1_k6_part_5_full/reduce_capB.sing line 1803: `+3240*A1_2_3*B2_4_5-480*A2_3_5-480*A2_4_4+720*B2_3_5+720*B2_4_4))); kill MP63;`
ROW|63|0|0|0
   ? MP64(<name>) expected
   ? error occurred in or before /home/ubuntu/jc2/box/g9966n1b3-20260903/reduced/S1_n18_m12_Mm4_V1_k6_part_5_full/reduce_capB.sing line 1831: `h_1_3*A1_0_4+8*h_0_2*A1_1_5+10*h_1_2*A1_0_5-20*A1_0_2-12*A1_1_1))); kill MP64;`
ROW|64|0|0|0
   ? MP65(<name>) expected
   ? error occurred in or before /home/ubuntu/jc2/box/g9966n1b3-20260903/reduced/S1_n18_m12_Mm4_V1_k6_part_5_full/reduce_capB.sing line 1859: `+200*h_2_2*A1_1_5+32*h_2_2*A1_2_4-40*A1_0_4-40*A1_1_3-40*A1_2_2))); kill MP65;`
ROW|65|0|0|0
   ? MP66(<name>) expected
   ? error occurred in or before /home/ubuntu/jc2/box/g9966n1b3-20260903/reduced/S1_n18_m12_Mm4_V1_k6_part_5_full/reduce_capB.sing line 1887: `0*h_2_2*A1_1_5+60*h_2_2*A1_2_4+160*A1_0_4+160*A1_1_3+160*A1_2_2))); kill MP66;`
ROW|66|0|0|0
   ? MP67(<name>) expected
   ? error occurred in or before /home/ubuntu/jc2/box/g9966n1b3-20260903/reduced/S1_n18_m12_Mm4_V1_k6_part_5_full/reduce_capB.sing line 1915: `0*h_2_2*A1_1_5+60*h_2_2*A1_2_4-240*A1_0_4-240*A1_1_3-240*A1_2_2))); kill MP67;`
ROW|67|0|0|0
   ? MP68(<name>) expected
   ? error occurred in or before /home/ubuntu/jc2/box/g9966n1b3-20260903/reduced/S1_n18_m12_Mm4_V1_k6_part_5_full/reduce_capB.sing line 1943: `_2_3*A1_0_4+18*h_1_2*A1_1_5+20*h_2_2*A1_0_5-30*A1_0_3-30*A1_1_2))); kill MP68;`
ROW|68|0|0|0
   ? MP69(<name>) expected
   ? error occurred in or before /home/ubuntu/jc2/box/g9966n1b3-20260903/reduced/S1_n18_m12_Mm4_V1_k6_part_5_full/reduce_capB.sing line 1971: `_4_5+360*A1_2_4*B2_4_5-30*A1_0_3-30*A1_1_2-90*A2_4_5+135*B2_4_5))); kill MP69;`
ROW|69|0|0|0
   ? MP70(<name>) expected
   ? error occurred in or before /home/ubuntu/jc2/box/g9966n1b3-20260903/reduced/S1_n18_m12_Mm4_V1_k6_part_5_full/reduce_capB.sing line 1999: `2_4_5*B2_3_4+45*A2_3_4*B2_4_5+40*A2_4_4*B2_3_5+40*A2_4_4*B2_4_4))); kill MP70;`
ROW|70|0|0|0
   ? MP71(<name>) expected
   ? error occurred in or before /home/ubuntu/jc2/box/g9966n1b3-20260903/reduced/S1_n18_m12_Mm4_V1_k6_part_5_full/reduce_capB.sing line 2027: `2_4_5*B2_3_4+45*A2_3_4*B2_4_5+40*A2_4_4*B2_3_5+40*A2_4_4*B2_4_4))); kill MP71;`
ROW|71|0|0|0
   ? MP72(<name>) expected
   ? error occurred in or before /home/ubuntu/jc2/box/g9966n1b3-20260903/reduced/S1_n18_m12_Mm4_V1_k6_part_5_full/reduce_capB.sing line 2055: `_5*B2_3_4-180*A2_3_4*B2_4_5-160*A2_4_4*B2_3_5-160*A2_4_4*B2_4_4))); kill MP72;`
ROW|72|0|0|0
   ? MP73(<name>) expected
   ? error occurred in or before /home/ubuntu/jc2/box/g9966n1b3-20260903/reduced/S1_n18_m12_Mm4_V1_k6_part_5_full/reduce_capB.sing line 2083: `_5*B2_3_4-180*A2_3_4*B2_4_5-160*A2_4_4*B2_3_5-160*A2_4_4*B2_4_4))); kill MP73;`
ROW|73|0|0|0
   ? MP74(<name>) expected
   ? error occurred in or before /home/ubuntu/jc2/box/g9966n1b3-20260903/reduced/S1_n18_m12_Mm4_V1_k6_part_5_full/reduce_capB.sing line 2111: `_5*B2_3_4+270*A2_3_4*B2_4_5+240*A2_4_4*B2_3_5+240*A2_4_4*B2_4_4))); kill MP74;`
ROW|74|0|0|0
   ? MP75(<name>) expected
   ? error occurred in or before /home/ubuntu/jc2/box/g9966n1b3-20260903/reduced/S1_n18_m12_Mm4_V1_k6_part_5_full/reduce_capB.sing line 2139: `2_4_5*B2_3_4+45*A2_3_4*B2_4_5+40*A2_4_4*B2_3_5+40*A2_4_4*B2_4_4))); kill MP75;`
ROW|75|0|0|0
   ? MP76(<name>) expected
   ? error occurred in or before /home/ubuntu/jc2/box/g9966n1b3-20260903/reduced/S1_n18_m12_Mm4_V1_k6_part_5_full/reduce_capB.sing line 2167: `4_5+54*A1_2_4*B2_4_5+120*A1_0_3+120*A1_1_2-90*A2_4_5+135*B2_4_5))); kill MP76;`
ROW|76|0|0|0
   ? MP77(<name>) expected
   ? error occurred in or before /home/ubuntu/jc2/box/g9966n1b3-20260903/reduced/S1_n18_m12_Mm4_V1_k6_part_5_full/reduce_capB.sing line 2195: `5-20*A1_0_2-20*A1_1_1-80*A2_3_5-80*A2_4_4+120*B2_3_5+120*B2_4_4))); kill MP77;`
ROW|77|0|0|0
   ? MP78(<name>) expected
   ? error occurred in or before /home/ubuntu/jc2/box/g9966n1b3-20260903/reduced/S1_n18_m12_Mm4_V1_k6_part_5_full/reduce_capB.sing line 2223: `_1_2*A1_0_4+10*h_0_1*A1_1_5+10*h_1_1*A1_0_5-10*A1_0_1-12*A1_1_0))); kill MP78;`
ROW|78|0|0|0
   ? MP79(<name>) expected
   ? error occurred in or before /home/ubuntu/jc2/box/g9966n1b3-20260903/reduced/S1_n18_m12_Mm4_V1_k6_part_5_full/reduce_capB.sing line 2251: `1_2*A1_2_4+150*h_2_2*A1_0_5+24*h_2_2*A1_1_4-30*A1_0_3-30*A1_1_2))); kill MP79;`
ROW|79|0|0|0
   ? MP80(<name>) expected
   ? error occurred in or before /home/ubuntu/jc2/box/g9966n1b3-20260903/reduced/S1_n18_m12_Mm4_V1_k6_part_5_full/reduce_capB.sing line 2279: `5-10*A1_0_1-20*A1_1_0-70*A2_2_5-70*A2_3_4+105*B2_2_5+105*B2_3_4))); kill MP80;`
ROW|80|0|0|0
   ? MP81(<name>) expected
   ? error occurred in or before /home/ubuntu/jc2/box/g9966n1b3-20260903/reduced/S1_n18_m12_Mm4_V1_k6_part_5_full/reduce_capB.sing line 2307: `1_0*A2_3_4*B2_4_5-40*h_1_0*A2_4_4*B2_3_5-40*h_1_0*A2_4_4*B2_4_4))); kill MP81;`
ROW|81|0|0|0
   ? MP82(<name>) expected
   ? error occurred in or before /home/ubuntu/jc2/box/g9966n1b3-20260903/reduced/S1_n18_m12_Mm4_V1_k6_part_5_full/reduce_capB.sing line 2335: `_1_1*A1_0_4+12*h_0_0*A1_1_5+10*h_1_0*A1_0_5-12*A2_1_5+18*B2_1_5))); kill MP82;`
ROW|82|0|0|0
   ? MP83(<name>) expected
   ? error occurred in or before /home/ubuntu/jc2/box/g9966n1b3-20260903/reduced/S1_n18_m12_Mm4_V1_k6_part_5_full/reduce_capB.sing line 2363: `_1_2*A1_1_4+16*h_2_2*A1_0_4+20*h_1_1*A1_1_5-20*A1_0_2-20*A1_1_1))); kill MP83;`
ROW|83|0|0|0
   ? MP84(<name>) expected
   ? error occurred in or before /home/ubuntu/jc2/box/g9966n1b3-20260903/reduced/S1_n18_m12_Mm4_V1_k6_part_5_full/reduce_capB.sing line 2391: `*B2_1_5-5*A1_1_5*B2_0_5-50*A2_0_5-12*A2_1_4+75*B2_0_5+18*B2_1_4))); kill MP84;`
ROW|84|0|0|0
   ? MP85(<name>) expected
   ? error occurred in or before /home/ubuntu/jc2/box/g9966n1b3-20260903/reduced/S1_n18_m12_Mm4_V1_k6_part_5_full/reduce_capB.sing line 2419: `1_1_4+28*h_2_2*A1_2_3+120*A1_0_3+120*A1_1_2-48*A2_4_5+72*B2_4_5))); kill MP85;`
ROW|85|0|0|0
   ? MP86(<name>) expected
   ? error occurred in or before /home/ubuntu/jc2/box/g9966n1b3-20260903/reduced/S1_n18_m12_Mm4_V1_k6_part_5_full/reduce_capB.sing line 2447: `1_2_2*B2_4_5+2*A1_1_0-70*A2_2_5-70*A2_3_4+105*B2_2_5+105*B2_3_4))); kill MP86;`
ROW|86|0|0|0
   ? MP87(<name>) expected
   ? error occurred in or before /home/ubuntu/jc2/box/g9966n1b3-20260903/reduced/S1_n18_m12_Mm4_V1_k6_part_5_full/reduce_capB.sing line 2475: `1_1_3*B2_4_5+80*A1_2_3*B2_3_5+80*A1_2_3*B2_4_4+90*A1_2_2*B2_4_5))); kill MP87;`
ROW|87|0|0|0
   ? MP88(<name>) expected
   ? error occurred in or before /home/ubuntu/jc2/box/g9966n1b3-20260903/reduced/S1_n18_m12_Mm4_V1_k6_part_5_full/reduce_capB.sing line 2503: `1_1_3*B2_4_5+80*A1_2_3*B2_3_5+80*A1_2_3*B2_4_4+90*A1_2_2*B2_4_5))); kill MP88;`
ROW|88|0|0|0
   ? MP89(<name>) expected
   ? error occurred in or before /home/ubuntu/jc2/box/g9966n1b3-20260903/reduced/S1_n18_m12_Mm4_V1_k6_part_5_full/reduce_capB.sing line 2531: `2_3+63*A1_1_5*B2_4_5-180*A1_0_3-180*A1_1_2-90*A2_4_5+135*B2_4_5))); kill MP89;`
ROW|89|0|0|0
   ? MP90(<name>) expected
   ? error occurred in or before /home/ubuntu/jc2/box/g9966n1b3-20260903/reduced/S1_n18_m12_Mm4_V1_k6_part_5_full/reduce_capB.sing line 2559: `1_1_3*B2_4_5+80*A1_2_3*B2_3_5+80*A1_2_3*B2_4_4+90*A1_2_2*B2_4_5))); kill MP90;`
ROW|90|0|0|0
   ? MP91(<name>) expected
   ? error occurred in or before /home/ubuntu/jc2/box/g9966n1b3-20260903/reduced/S1_n18_m12_Mm4_V1_k6_part_5_full/reduce_capB.sing line 2587: `_3*B2_4_5-320*A1_2_3*B2_3_5-320*A1_2_3*B2_4_4-360*A1_2_2*B2_4_5))); kill MP91;`
ROW|91|0|0|0
   ? MP92(<name>) expected
   ? error occurred in or before /home/ubuntu/jc2/box/g9966n1b3-20260903/reduced/S1_n18_m12_Mm4_V1_k6_part_5_full/reduce_capB.sing line 2615: `_3*B2_4_5-320*A1_2_3*B2_3_5-320*A1_2_3*B2_4_4-360*A1_2_2*B2_4_5))); kill MP92;`
ROW|92|0|0|0
   ? MP93(<name>) expected
   ? error occurred in or before /home/ubuntu/jc2/box/g9966n1b3-20260903/reduced/S1_n18_m12_Mm4_V1_k6_part_5_full/reduce_capB.sing line 2643: `_3*B2_4_5+480*A1_2_3*B2_3_5+480*A1_2_3*B2_4_4+540*A1_2_2*B2_4_5))); kill MP93;`
ROW|93|0|0|0
   ? MP94(<name>) expected
   ? error occurred in or before /home/ubuntu/jc2/box/g9966n1b3-20260903/reduced/S1_n18_m12_Mm4_V1_k6_part_5_full/reduce_capB.sing line 2671: `5+80*A1_0_2+80*A1_1_1-80*A2_3_5-80*A2_4_4+120*B2_3_5+120*B2_4_4))); kill MP94;`
ROW|94|0|0|0
   ? MP95(<name>) expected
   ? error occurred in or before /home/ubuntu/jc2/box/g9966n1b3-20260903/reduced/S1_n18_m12_Mm4_V1_k6_part_5_full/reduce_capB.sing line 2699: `*B2_1_5-5*A1_1_4*B2_0_5-40*A2_0_4-12*A2_1_3+60*B2_0_4+18*B2_1_3))); kill MP95;`
ROW|95|0|0|0
   ? MP96(<name>) expected
   ? error occurred in or before /home/ubuntu/jc2/box/g9966n1b3-20260903/reduced/S1_n18_m12_Mm4_V1_k6_part_5_full/reduce_capB.sing line 2727: `4_4+320*A1_2_2*B2_4_5-70*A2_2_5-70*A2_3_4+105*B2_2_5+105*B2_3_4))); kill MP96;`
ROW|96|0|0|0
   ? MP97(<name>) expected
   ? error occurred in or before /home/ubuntu/jc2/box/g9966n1b3-20260903/reduced/S1_n18_m12_Mm4_V1_k6_part_5_full/reduce_capB.sing line 2755: `*B2_1_5-5*A1_1_3*B2_0_5-30*A2_0_3-12*A2_1_2+45*B2_0_3+18*B2_1_2))); kill MP97;`
ROW|97|0|0|0
   ? MP98(<name>) expected
   ? error occurred in or before /home/ubuntu/jc2/box/g9966n1b3-20260903/reduced/S1_n18_m12_Mm4_V1_k6_part_5_full/reduce_capB.sing line 2783: `4-370*A1_2_2*B2_4_5+280*A2_2_5+280*A2_3_4-420*B2_2_5-420*B2_3_4))); kill MP98;`
ROW|98|0|0|0
   ? MP99(<name>) expected
   ? error occurred in or before /home/ubuntu/jc2/box/g9966n1b3-20260903/reduced/S1_n18_m12_Mm4_V1_k6_part_5_full/reduce_capB.sing line 2811: `4_4+136*A1_2_2*B2_4_5-70*A2_2_5-70*A2_3_4+105*B2_2_5+105*B2_3_4))); kill MP99;`
ROW|99|0|0|0
   ? MP100(<name>) expected
   ? error occurred in or before /home/ubuntu/jc2/box/g9966n1b3-20260903/reduced/S1_n18_m12_Mm4_V1_k6_part_5_full/reduce_capB.sing line 2839: `-140*A1_2_2*B2_4_5+280*A2_2_5+280*A2_3_4-420*B2_2_5-420*B2_3_4))); kill MP100;`
ROW|100|0|0|0
   ? MP101(<name>) expected
   ? error occurred in or before /home/ubuntu/jc2/box/g9966n1b3-20260903/reduced/S1_n18_m12_Mm4_V1_k6_part_5_full/reduce_capB.sing line 2867: `A1_1_4+22*h_1_0*A1_1_5+40*A1_0_1+50*A1_1_0-24*A2_2_5+36*B2_2_5))); kill MP101;`
ROW|101|0|0|0
   ? MP102(<name>) expected
   ? error occurred in or before /home/ubuntu/jc2/box/g9966n1b3-20260903/reduced/S1_n18_m12_Mm4_V1_k6_part_5_full/reduce_capB.sing line 2895: `+550*A1_2_2*B2_4_5-420*A2_2_5-420*A2_3_4+630*B2_2_5+630*B2_3_4))); kill MP102;`
ROW|102|0|0|0
   ? MP103(<name>) expected
   ? error occurred in or before /home/ubuntu/jc2/box/g9966n1b3-20260903/reduced/S1_n18_m12_Mm4_V1_k6_part_5_full/reduce_capB.sing line 2923: `A1_1_5+28*h_1_1*A1_2_4+80*A1_0_2+80*A1_1_1-36*A2_3_5+54*B2_3_5))); kill MP103;`
ROW|103|0|0|0
   ? MP104(<name>) expected
   ? error occurred in or before /home/ubuntu/jc2/box/g9966n1b3-20260903/reduced/S1_n18_m12_Mm4_V1_k6_part_5_full/reduce_capB.sing line 2951: `_5-60*A2_1_5-60*A2_2_4-60*A2_3_3+90*B2_1_5+90*B2_2_4+90*B2_3_3))); kill MP104;`
ROW|104|0|0|0
   ? MP105(<name>) expected
   ? error occurred in or before /home/ubuntu/jc2/box/g9966n1b3-20260903/reduced/S1_n18_m12_Mm4_V1_k6_part_5_full/reduce_capB.sing line 2979: `+40*A1_0_1+60*A1_1_0-70*A2_2_5-70*A2_3_4+105*B2_2_5+105*B2_3_4))); kill MP105;`
ROW|105|0|0|0
   ? MP106(<name>) expected
   ? error occurred in or before /home/ubuntu/jc2/box/g9966n1b3-20260903/reduced/S1_n18_m12_Mm4_V1_k6_part_5_full/reduce_capB.sing line 3007: `120*A1_0_2-120*A1_1_1-80*A2_3_5-48*A2_4_4+120*B2_3_5+72*B2_4_4))); kill MP106;`
ROW|106|0|0|0
   ? MP107(<name>) expected
   ? error occurred in or before /home/ubuntu/jc2/box/g9966n1b3-20260903/reduced/S1_n18_m12_Mm4_V1_k6_part_5_full/reduce_capB.sing line 3035: `2_2_5+12*A1_1_5*B2_1_5-60*A2_1_5-24*A2_2_4+90*B2_1_5+36*B2_2_4))); kill MP107;`
ROW|107|0|0|0
   ? MP108(<name>) expected
   ? error occurred in or before /home/ubuntu/jc2/box/g9966n1b3-20260903/reduced/S1_n18_m12_Mm4_V1_k6_part_5_full/reduce_capB.sing line 3063: `B2_1_5-5*A1_1_2*B2_0_5-20*A2_0_2-12*A2_1_1+30*B2_0_2+18*B2_1_1))); kill MP108;`
ROW|108|0|0|0
   ? MP109(<name>) expected
   ? error occurred in or before /home/ubuntu/jc2/box/g9966n1b3-20260903/reduced/S1_n18_m12_Mm4_V1_k6_part_5_full/reduce_capB.sing line 3091: `_5-60*A2_1_5-60*A2_2_4-60*A2_3_3+90*B2_1_5+90*B2_2_4+90*B2_3_3))); kill MP109;`
ROW|109|0|0|0
   ? MP110(<name>) expected
   ? error occurred in or before /home/ubuntu/jc2/box/g9966n1b3-20260903/reduced/S1_n18_m12_Mm4_V1_k6_part_5_full/reduce_capB.sing line 3119: `_3_4*B2_4_4+35*A2_4_4*B2_2_5+35*A2_4_4*B2_3_4+45*A2_3_3*B2_4_5))); kill MP110;`
ROW|110|0|0|0
   ? MP111(<name>) expected
   ? error occurred in or before /home/ubuntu/jc2/box/g9966n1b3-20260903/reduced/S1_n18_m12_Mm4_V1_k6_part_5_full/reduce_capB.sing line 3147: `_3_4*B2_4_4+35*A2_4_4*B2_2_5+35*A2_4_4*B2_3_4+45*A2_3_3*B2_4_5))); kill MP111;`
ROW|111|0|0|0
   ? MP112(<name>) expected
   ? error occurred in or before /home/ubuntu/jc2/box/g9966n1b3-20260903/reduced/S1_n18_m12_Mm4_V1_k6_part_5_full/reduce_capB.sing line 3175: `4*B2_4_4-140*A2_4_4*B2_2_5-140*A2_4_4*B2_3_4-180*A2_3_3*B2_4_5))); kill MP112;`
ROW|112|0|0|0
   ? MP113(<name>) expected
   ? error occurred in or before /home/ubuntu/jc2/box/g9966n1b3-20260903/reduced/S1_n18_m12_Mm4_V1_k6_part_5_full/reduce_capB.sing line 3203: `_5-50*A2_0_5-50*A2_1_4-24*A2_2_3+75*B2_0_5+75*B2_1_4+36*B2_2_3))); kill MP113;`
ROW|113|0|0|0
   ? MP114(<name>) expected
   ? error occurred in or before /home/ubuntu/jc2/box/g9966n1b3-20260903/reduced/S1_n18_m12_Mm4_V1_k6_part_5_full/reduce_capB.sing line 3231: `4*B2_4_4-140*A2_4_4*B2_2_5-140*A2_4_4*B2_3_4-180*A2_3_3*B2_4_5))); kill MP114;`
ROW|114|0|0|0
   ? MP115(<name>) expected
   ? error occurred in or before /home/ubuntu/jc2/box/g9966n1b3-20260903/reduced/S1_n18_m12_Mm4_V1_k6_part_5_full/reduce_capB.sing line 3259: `4*B2_4_4+210*A2_4_4*B2_2_5+210*A2_4_4*B2_3_4+270*A2_3_3*B2_4_5))); kill MP115;`
ROW|115|0|0|0
   ? MP116(<name>) expected
   ? error occurred in or before /home/ubuntu/jc2/box/g9966n1b3-20260903/reduced/S1_n18_m12_Mm4_V1_k6_part_5_full/reduce_capB.sing line 3287: `5-60*A1_0_1-80*A1_1_0-70*A2_2_5-36*A2_3_4+105*B2_2_5+54*B2_3_4))); kill MP116;`
ROW|116|0|0|0
   ? MP117(<name>) expected
   ? error occurred in or before /home/ubuntu/jc2/box/g9966n1b3-20260903/reduced/S1_n18_m12_Mm4_V1_k6_part_5_full/reduce_capB.sing line 3315: `_5-60*A2_1_5-60*A2_2_4-36*A2_3_3+90*B2_1_5+90*B2_2_4+54*B2_3_3))); kill MP117;`
ROW|117|0|0|0
   ? MP118(<name>) expected
   ? error occurred in or before /home/ubuntu/jc2/box/g9966n1b3-20260903/reduced/S1_n18_m12_Mm4_V1_k6_part_5_full/reduce_capB.sing line 3343: `_4-50*A2_2_3-36*A2_3_2+75*B2_0_5+75*B2_1_4+75*B2_2_3+54*B2_3_2))); kill MP118;`
ROW|118|0|0|0
   ? MP119(<name>) expected
   ? error occurred in or before /home/ubuntu/jc2/box/g9966n1b3-20260903/reduced/S1_n18_m12_Mm4_V1_k6_part_5_full/reduce_capB.sing line 3371: `_3_4*B2_4_4+35*A2_4_4*B2_2_5+35*A2_4_4*B2_3_4+45*A2_3_3*B2_4_5))); kill MP119;`
ROW|119|0|0|0
   ? MP120(<name>) expected
   ? error occurred in or before /home/ubuntu/jc2/box/g9966n1b3-20260903/reduced/S1_n18_m12_Mm4_V1_k6_part_5_full/reduce_capB.sing line 3399: `_5-40*A2_0_4-40*A2_1_3-24*A2_2_2+60*B2_0_4+60*B2_1_3+36*B2_2_2))); kill MP120;`
ROW|120|0|0|0
   ? MP121(<name>) expected
   ? error occurred in or before /home/ubuntu/jc2/box/g9966n1b3-20260903/reduced/S1_n18_m12_Mm4_V1_k6_part_5_full/reduce_capB.sing line 3427: `B2_1_5-5*A1_1_1*B2_0_5-10*A2_0_1-12*A2_1_0+15*B2_0_1+18*B2_1_0))); kill MP121;`
ROW|121|0|0|0
   ? MP122(<name>) expected
   ? error occurred in or before /home/ubuntu/jc2/box/g9966n1b3-20260903/reduced/S1_n18_m12_Mm4_V1_k6_part_5_full/reduce_capB.sing line 3455: `_4-60*A2_1_5-60*A2_2_4-60*A2_3_3+90*B2_1_5+90*B2_2_4+90*B2_3_3))); kill MP122;`
ROW|122|0|0|0
   ? MP123(<name>) expected
   ? error occurred in or before /home/ubuntu/jc2/box/g9966n1b3-20260903/reduced/S1_n18_m12_Mm4_V1_k6_part_5_full/reduce_capB.sing line 3483: `_4-50*A2_2_3-50*A2_3_2+75*B2_0_5+75*B2_1_4+75*B2_2_3+75*B2_3_2))); kill MP123;`
ROW|123|0|0|0
   ? MP124(<name>) expected
   ? error occurred in or before /home/ubuntu/jc2/box/g9966n1b3-20260903/reduced/S1_n18_m12_Mm4_V1_k6_part_5_full/reduce_capB.sing line 3511: `_0*A2_4_4*B2_2_5-35*h_1_0*A2_4_4*B2_3_4-45*h_1_0*A2_3_3*B2_4_5))); kill MP124;`
ROW|124|0|0|0
   ? MP125(<name>) expected
   ? error occurred in or before /home/ubuntu/jc2/box/g9966n1b3-20260903/reduced/S1_n18_m12_Mm4_V1_k6_part_5_full/reduce_capB.sing line 3539: `_5-30*A2_0_3-30*A2_1_2-24*A2_2_1+45*B2_0_3+45*B2_1_2+36*B2_2_1))); kill MP125;`
ROW|125|0|0|0
   ? MP126(<name>) expected
   ? error occurred in or before /home/ubuntu/jc2/box/g9966n1b3-20260903/reduced/S1_n18_m12_Mm4_V1_k6_part_5_full/reduce_capB.sing line 3567: `_3-40*A2_2_2-36*A2_3_1+60*B2_0_4+60*B2_1_3+60*B2_2_2+54*B2_3_1))); kill MP126;`
ROW|126|0|0|0
   ? MP127(<name>) expected
   ? error occurred in or before /home/ubuntu/jc2/box/g9966n1b3-20260903/reduced/S1_n18_m12_Mm4_V1_k6_part_5_full/reduce_capB.sing line 3595: `_2*B2_4_5+80*A1_2_2*B2_3_5+80*A1_2_2*B2_4_4+1785*A2_4_5*B2_4_5))); kill MP127;`
ROW|127|0|0|0
   ? MP128(<name>) expected
   ? error occurred in or before /home/ubuntu/jc2/box/g9966n1b3-20260903/reduced/S1_n18_m12_Mm4_V1_k6_part_5_full/reduce_capB.sing line 3623: `_2*B2_4_5+80*A1_2_2*B2_3_5+80*A1_2_2*B2_4_4+1830*A2_4_5*B2_4_5))); kill MP128;`
ROW|128|0|0|0
   ? MP129(<name>) expected
   ? error occurred in or before /home/ubuntu/jc2/box/g9966n1b3-20260903/reduced/S1_n18_m12_Mm4_V1_k6_part_5_full/reduce_capB.sing line 3651: `_2*B2_4_5+80*A1_2_2*B2_3_5+80*A1_2_2*B2_4_4+4200*A2_4_5*B2_4_5))); kill MP129;`
ROW|129|0|0|0
   ? MP130(<name>) expected
   ? error occurred in or before /home/ubuntu/jc2/box/g9966n1b3-20260903/reduced/S1_n18_m12_Mm4_V1_k6_part_5_full/reduce_capB.sing line 3679: `*B2_4_5-320*A1_2_2*B2_3_5-320*A1_2_2*B2_4_4-8250*A2_4_5*B2_4_5))); kill MP130;`
ROW|130|0|0|0
   ? MP131(<name>) expected
   ? error occurred in or before /home/ubuntu/jc2/box/g9966n1b3-20260903/reduced/S1_n18_m12_Mm4_V1_k6_part_5_full/reduce_capB.sing line 3707: `B2_4_5-320*A1_2_2*B2_3_5-320*A1_2_2*B2_4_4-12306*A2_4_5*B2_4_5))); kill MP131;`
ROW|131|0|0|0
   ? MP132(<name>) expected
   ? error occurred in or before /home/ubuntu/jc2/box/g9966n1b3-20260903/reduced/S1_n18_m12_Mm4_V1_k6_part_5_full/reduce_capB.sing line 3735: `B2_4_5+480*A1_2_2*B2_3_5+480*A1_2_2*B2_4_4+14910*A2_4_5*B2_4_5))); kill MP132;`
ROW|132|0|0|0
   ? MP133(<name>) expected
   ? error occurred in or before /home/ubuntu/jc2/box/g9966n1b3-20260903/reduced/S1_n18_m12_Mm4_V1_k6_part_5_full/reduce_capB.sing line 3763: `*A2_1_5+240*A2_2_4+240*A2_3_3-360*B2_1_5-360*B2_2_4-360*B2_3_3))); kill MP133;`
ROW|133|0|0|0
   ? MP134(<name>) expected
   ? error occurred in or before /home/ubuntu/jc2/box/g9966n1b3-20260903/reduced/S1_n18_m12_Mm4_V1_k6_part_5_full/reduce_capB.sing line 3791: `1_4-4*A1_1_1*B2_0_4+12*A1_0_0*B2_1_5-5*A1_1_0*B2_0_5-12*A3_1_5))); kill MP134;`
ROW|134|0|0|0
   ? MP135(<name>) expected
   ? error occurred in or before /home/ubuntu/jc2/box/g9966n1b3-20260903/reduced/S1_n18_m12_Mm4_V1_k6_part_5_full/reduce_capB.sing line 3819: `*B2_4_5+240*A2_2_4+240*A2_3_3-360*B2_1_5-360*B2_2_4-360*B2_3_3))); kill MP135;`
ROW|135|0|0|0
   ? MP136(<name>) expected
   ? error occurred in or before /home/ubuntu/jc2/box/g9966n1b3-20260903/reduced/S1_n18_m12_Mm4_V1_k6_part_5_full/reduce_capB.sing line 3847: `2_4_5*B2_4_5-60*A2_2_4-60*A2_3_3+90*B2_1_5+90*B2_2_4+90*B2_3_3))); kill MP136;`
ROW|136|0|0|0
   ? MP137(<name>) expected
   ? error occurred in or before /home/ubuntu/jc2/box/g9966n1b3-20260903/reduced/S1_n18_m12_Mm4_V1_k6_part_5_full/reduce_capB.sing line 3875: `*B2_4_5-360*A2_2_4-360*A2_3_3+540*B2_1_5+540*B2_2_4+540*B2_3_3))); kill MP137;`
ROW|137|0|0|0
   ? MP138(<name>) expected
   ? error occurred in or before /home/ubuntu/jc2/box/g9966n1b3-20260903/reduced/S1_n18_m12_Mm4_V1_k6_part_5_full/reduce_capB.sing line 3903: `_4-50*A2_2_3-50*A2_3_2+75*B2_0_5+75*B2_1_4+75*B2_2_3+75*B2_3_2))); kill MP138;`
ROW|138|0|0|0
   ? MP139(<name>) expected
   ? error occurred in or before /home/ubuntu/jc2/box/g9966n1b3-20260903/reduced/S1_n18_m12_Mm4_V1_k6_part_5_full/reduce_capB.sing line 3931: `_5-20*A2_0_2-20*A2_1_1-24*A2_2_0+30*B2_0_2+30*B2_1_1+36*B2_2_0))); kill MP139;`
ROW|139|0|0|0
   ? MP140(<name>) expected
   ? error occurred in or before /home/ubuntu/jc2/box/g9966n1b3-20260903/reduced/S1_n18_m12_Mm4_V1_k6_part_5_full/reduce_capB.sing line 3959: `_5-30*A2_0_3-30*A2_1_2-30*A2_2_1+45*B2_0_3+45*B2_1_2+45*B2_2_1))); kill MP140;`
ROW|140|0|0|0
   ? MP141(<name>) expected
   ? error occurred in or before /home/ubuntu/jc2/box/g9966n1b3-20260903/reduced/S1_n18_m12_Mm4_V1_k6_part_5_full/reduce_capB.sing line 3987: `_3-40*A2_2_2-40*A2_3_1+60*B2_0_4+60*B2_1_3+60*B2_2_2+60*B2_3_1))); kill MP141;`
ROW|141|0|0|0
   ? MP142(<name>) expected
   ? error occurred in or before /home/ubuntu/jc2/box/g9966n1b3-20260903/reduced/S1_n18_m12_Mm4_V1_k6_part_5_full/reduce_capB.sing line 4015: `_0*B2_0_4+11*A2_0_5*B2_1_5-5*A2_1_5*B2_0_5-50*A3_0_5-12*A3_1_4))); kill MP142;`
ROW|142|0|0|0
   ? MP143(<name>) expected
   ? error occurred in or before /home/ubuntu/jc2/box/g9966n1b3-20260903/reduced/S1_n18_m12_Mm4_V1_k6_part_5_full/reduce_capB.sing line 4043: `_2_3*B2_4_5+40*A2_3_3*B2_3_5+40*A2_3_3*B2_4_4+45*A2_3_2*B2_4_5))); kill MP143;`
ROW|143|0|0|0
   ? MP144(<name>) expected
   ? error occurred in or before /home/ubuntu/jc2/box/g9966n1b3-20260903/reduced/S1_n18_m12_Mm4_V1_k6_part_5_full/reduce_capB.sing line 4071: `3*B2_4_5-160*A2_3_3*B2_3_5-160*A2_3_3*B2_4_4-180*A2_3_2*B2_4_5))); kill MP144;`
ROW|144|0|0|0
   ? MP145(<name>) expected
   ? error occurred in or before /home/ubuntu/jc2/box/g9966n1b3-20260903/reduced/S1_n18_m12_Mm4_V1_k6_part_5_full/reduce_capB.sing line 4099: `_2_3*B2_4_5+40*A2_3_3*B2_3_5+40*A2_3_3*B2_4_4+45*A2_3_2*B2_4_5))); kill MP145;`
ROW|145|0|0|0
   ? MP146(<name>) expected
   ? error occurred in or before /home/ubuntu/jc2/box/g9966n1b3-20260903/reduced/S1_n18_m12_Mm4_V1_k6_part_5_full/reduce_capB.sing line 4127: `3*B2_4_5-160*A2_3_3*B2_3_5-160*A2_3_3*B2_4_4-180*A2_3_2*B2_4_5))); kill MP146;`
ROW|146|0|0|0
   ? MP147(<name>) expected
   ? error occurred in or before /home/ubuntu/jc2/box/g9966n1b3-20260903/reduced/S1_n18_m12_Mm4_V1_k6_part_5_full/reduce_capB.sing line 4155: `3*B2_4_5+240*A2_3_3*B2_3_5+240*A2_3_3*B2_4_4+270*A2_3_2*B2_4_5))); kill MP147;`
ROW|147|0|0|0
   ? MP148(<name>) expected
   ? error occurred in or before /home/ubuntu/jc2/box/g9966n1b3-20260903/reduced/S1_n18_m12_Mm4_V1_k6_part_5_full/reduce_capB.sing line 4183: `*A2_2_3+200*A2_3_2-300*B2_0_5-300*B2_1_4-300*B2_2_3-300*B2_3_2))); kill MP148;`
ROW|148|0|0|0
   ? MP149(<name>) expected
   ? error occurred in or before /home/ubuntu/jc2/box/g9966n1b3-20260903/reduced/S1_n18_m12_Mm4_V1_k6_part_5_full/reduce_capB.sing line 4211: `_2_3*B2_4_5+40*A2_3_3*B2_3_5+40*A2_3_3*B2_4_4+45*A2_3_2*B2_4_5))); kill MP149;`
ROW|149|0|0|0
   ? MP150(<name>) expected
   ? error occurred in or before /home/ubuntu/jc2/box/g9966n1b3-20260903/reduced/S1_n18_m12_Mm4_V1_k6_part_5_full/reduce_capB.sing line 4239: `1_1_0*B2_1_5+40*A2_0_1+50*A2_1_0-24*A3_2_5-60*B2_0_1-75*B2_1_0))); kill MP150;`
ROW|150|0|0|0
   ? MP151(<name>) expected
   ? error occurred in or before /home/ubuntu/jc2/box/g9966n1b3-20260903/reduced/S1_n18_m12_Mm4_V1_k6_part_5_full/reduce_capB.sing line 4267: `_5*B2_0_4+10*A2_0_4*B2_1_5-5*A2_1_4*B2_0_5-40*A3_0_4-12*A3_1_3))); kill MP151;`
ROW|151|0|0|0
   ? MP152(<name>) expected
   ? error occurred in or before /home/ubuntu/jc2/box/g9966n1b3-20260903/reduced/S1_n18_m12_Mm4_V1_k6_part_5_full/reduce_capB.sing line 4295: `*A2_2_3-300*A2_3_2+450*B2_0_5+450*B2_1_4+450*B2_2_3+450*B2_3_2))); kill MP152;`
ROW|152|0|0|0
   ? MP153(<name>) expected
   ? error occurred in or before /home/ubuntu/jc2/box/g9966n1b3-20260903/reduced/S1_n18_m12_Mm4_V1_k6_part_5_full/reduce_capB.sing line 4323: `_0*A2_3_3*B2_3_5-40*h_1_0*A2_3_3*B2_4_4-45*h_1_0*A2_3_2*B2_4_5))); kill MP153;`
ROW|153|0|0|0
   ? MP154(<name>) expected
   ? error occurred in or before /home/ubuntu/jc2/box/g9966n1b3-20260903/reduced/S1_n18_m12_Mm4_V1_k6_part_5_full/reduce_capB.sing line 4351: `*A2_2_3+200*A2_3_2-300*B2_0_5-300*B2_1_4-300*B2_2_3-300*B2_3_2))); kill MP154;`
ROW|154|0|0|0
   ? MP155(<name>) expected
   ? error occurred in or before /home/ubuntu/jc2/box/g9966n1b3-20260903/reduced/S1_n18_m12_Mm4_V1_k6_part_5_full/reduce_capB.sing line 4379: `*B2_4_5+1295*A2_4_5*B2_3_5+660*A2_4_5*B2_4_4+570*A2_4_4*B2_4_5))); kill MP155;`
ROW|155|0|0|0
   ? MP156(<name>) expected
   ? error occurred in or before /home/ubuntu/jc2/box/g9966n1b3-20260903/reduced/S1_n18_m12_Mm4_V1_k6_part_5_full/reduce_capB.sing line 4407: `*B2_4_5+1335*A2_4_5*B2_3_5+700*A2_4_5*B2_4_4+615*A2_4_4*B2_4_5))); kill MP156;`
ROW|156|0|0|0
   ? MP157(<name>) expected
   ? error occurred in or before /home/ubuntu/jc2/box/g9966n1b3-20260903/reduced/S1_n18_m12_Mm4_V1_k6_part_5_full/reduce_capB.sing line 4435: `0*A2_3_1-60*A3_5_5-240*B2_0_4-240*B2_1_3-240*B2_2_2-240*B2_3_1))); kill MP157;`
ROW|157|0|0|0
   ? MP158(<name>) expected
   ? error occurred in or before /home/ubuntu/jc2/box/g9966n1b3-20260903/reduced/S1_n18_m12_Mm4_V1_k6_part_5_full/reduce_capB.sing line 4463: `_5-50*A2_2_3-50*A2_3_2+75*B2_0_5+75*B2_1_4+75*B2_2_3+75*B2_3_2))); kill MP158;`
ROW|158|0|0|0
   ? MP159(<name>) expected
   ? error occurred in or before /home/ubuntu/jc2/box/g9966n1b3-20260903/reduced/S1_n18_m12_Mm4_V1_k6_part_5_full/reduce_capB.sing line 4491: `2_4_5-6000*A2_4_5*B2_3_5-3080*A2_4_5*B2_4_4-2660*A2_4_4*B2_4_5))); kill MP159;`
ROW|159|0|0|0
   ? MP160(<name>) expected
   ? error occurred in or before /home/ubuntu/jc2/box/g9966n1b3-20260903/reduced/S1_n18_m12_Mm4_V1_k6_part_5_full/reduce_capB.sing line 4519: `2_4_5+3150*A2_4_5*B2_3_5+1820*A2_4_5*B2_4_4+1645*A2_4_4*B2_4_5))); kill MP160;`
ROW|160|0|0|0
   ? MP161(<name>) expected
   ? error occurred in or before /home/ubuntu/jc2/box/g9966n1b3-20260903/reduced/S1_n18_m12_Mm4_V1_k6_part_5_full/reduce_capB.sing line 4547: `2_4_5-9072*A2_4_5*B2_3_5-4900*A2_4_5*B2_4_4-4305*A2_4_4*B2_4_5))); kill MP161;`
ROW|161|0|0|0
   ? MP162(<name>) expected
   ? error occurred in or before /home/ubuntu/jc2/box/g9966n1b3-20260903/reduced/S1_n18_m12_Mm4_V1_k6_part_5_full/reduce_capB.sing line 4575: `0*A2_1_1+100*A2_2_0-36*A3_3_5-120*B2_0_2-120*B2_1_1-150*B2_2_0))); kill MP162;`
ROW|162|0|0|0
   ? MP163(<name>) expected
   ? error occurred in or before /home/ubuntu/jc2/box/g9966n1b3-20260903/reduced/S1_n18_m12_Mm4_V1_k6_part_5_full/reduce_capB.sing line 4603: `_4_5+10920*A2_4_5*B2_3_5+5768*A2_4_5*B2_4_4+5040*A2_4_4*B2_4_5))); kill MP163;`
ROW|163|0|0|0
   ? MP164(<name>) expected
   ? error occurred in or before /home/ubuntu/jc2/box/g9966n1b3-20260903/reduced/S1_n18_m12_Mm4_V1_k6_part_5_full/reduce_capB.sing line 4631: `0*A2_1_2+120*A2_2_1-48*A3_4_5-180*B2_0_3-180*B2_1_2-180*B2_2_1))); kill MP164;`
ROW|164|0|0|0
   ? MP165(<name>) expected
   ? error occurred in or before /home/ubuntu/jc2/box/g9966n1b3-20260903/reduced/S1_n18_m12_Mm4_V1_k6_part_5_full/reduce_capB.sing line 4659: `1_4*B2_0_4+9*A2_0_3*B2_1_5-5*A2_1_3*B2_0_5-30*A3_0_3-12*A3_1_2))); kill MP165;`
ROW|165|0|0|0
   ? MP166(<name>) expected
   ? error occurred in or before /home/ubuntu/jc2/box/g9966n1b3-20260903/reduced/S1_n18_m12_Mm4_V1_k6_part_5_full/reduce_capB.sing line 4688: `_5*B2_2_5+6*A2_1_5*B2_1_5-10*A2_2_5*B2_0_5-60*A3_1_5-24*A3_2_4))); kill MP166;`
ROW|166|0|0|0
   ? MP167(<name>) expected
   ? error occurred in or before /home/ubuntu/jc2/box/g9966n1b3-20260903/reduced/S1_n18_m12_Mm4_V1_k6_part_5_full/reduce_capB.sing line 4717: `3_2*B2_3_5+40*A2_3_2*B2_4_4+45*A2_3_1*B2_4_5-175*A3_5_5*B2_4_5))); kill MP167;`
ROW|167|0|0|0
   ? MP168(<name>) expected
   ? error occurred in or before /home/ubuntu/jc2/box/g9966n1b3-20260903/reduced/S1_n18_m12_Mm4_V1_k6_part_5_full/reduce_capB.sing line 4746: `*A2_3_1-100*A3_5_5+360*B2_0_4+360*B2_1_3+360*B2_2_2+360*B2_3_1))); kill MP168;`
ROW|168|0|0|0
   ? MP169(<name>) expected
   ? error occurred in or before /home/ubuntu/jc2/box/g9966n1b3-20260903/reduced/S1_n18_m12_Mm4_V1_k6_part_5_full/reduce_capB.sing line 4775: `2*B2_3_5-160*A2_3_2*B2_4_4-180*A2_3_1*B2_4_5+800*A3_5_5*B2_4_5))); kill MP169;`
ROW|169|0|0|0
   ? MP170(<name>) expected
   ? error occurred in or before /home/ubuntu/jc2/box/g9966n1b3-20260903/reduced/S1_n18_m12_Mm4_V1_k6_part_5_full/reduce_capB.sing line 4804: `3_2*B2_3_5+40*A2_3_2*B2_4_4+45*A2_3_1*B2_4_5-350*A3_5_5*B2_4_5))); kill MP170;`
ROW|170|0|0|0
   ? MP171(<name>) expected
   ? error occurred in or before /home/ubuntu/jc2/box/g9966n1b3-20260903/reduced/S1_n18_m12_Mm4_V1_k6_part_5_full/reduce_capB.sing line 4833: `*B2_3_5-160*A2_3_2*B2_4_4-180*A2_3_1*B2_4_5+1120*A3_5_5*B2_4_5))); kill MP171;`
ROW|171|0|0|0
   ? MP172(<name>) expected
   ? error occurred in or before /home/ubuntu/jc2/box/g9966n1b3-20260903/reduced/S1_n18_m12_Mm4_V1_k6_part_5_full/reduce_capB.sing line 4862: `*B2_3_5+240*A2_3_2*B2_4_4+270*A2_3_1*B2_4_5-1400*A3_5_5*B2_4_5))); kill MP172;`
ROW|172|0|0|0
   ? MP173(<name>) expected
   ? error occurred in or before /home/ubuntu/jc2/box/g9966n1b3-20260903/reduced/S1_n18_m12_Mm4_V1_k6_part_5_full/reduce_capB.sing line 4891: `*A2_3_1-100*A3_5_5-240*B2_0_4-240*B2_1_3-240*B2_2_2-240*B2_3_1))); kill MP173;`
ROW|173|0|0|0
   ? MP174(<name>) expected
   ? error occurred in or before /home/ubuntu/jc2/box/g9966n1b3-20260903/reduced/S1_n18_m12_Mm4_V1_k6_part_5_full/reduce_capB.sing line 4920: `1_3*B2_0_4+8*A2_0_2*B2_1_5-5*A2_1_2*B2_0_5-20*A3_0_2-12*A3_1_1))); kill MP174;`
ROW|174|0|0|0
   ? MP175(<name>) expected
   ? error occurred in or before /home/ubuntu/jc2/box/g9966n1b3-20260903/reduced/S1_n18_m12_Mm4_V1_k6_part_5_full/reduce_capB.sing line 4949: `5-60*A2_0_1-80*A2_1_0-70*A3_2_5-36*A3_3_4+90*B2_0_1+120*B2_1_0))); kill MP175;`
ROW|175|0|0|0
   ? MP176(<name>) expected
   ? error occurred in or before /home/ubuntu/jc2/box/g9966n1b3-20260903/reduced/S1_n18_m12_Mm4_V1_k6_part_5_full/reduce_capB.sing line 4978: `*A3_1_2*B2_0_5-h_1_0*A2_0_0*B2_0_1+A3_0_1*B2_1_0-A3_1_0*B2_0_1))); kill MP176;`
ROW|176|0|0|0
   ? MP177(<name>) expected
   ? error occurred in or before /home/ubuntu/jc2/box/g9966n1b3-20260903/reduced/S1_n18_m12_Mm4_V1_k6_part_5_full/reduce_capB.sing line 5007: `80*A2_2_1-90*A3_4_5-60*A3_5_4+270*B2_0_3+270*B2_1_2+270*B2_2_1))); kill MP177;`
ROW|177|0|0|0
   ? MP178(<name>) expected
   ? error occurred in or before /home/ubuntu/jc2/box/g9966n1b3-20260903/reduced/S1_n18_m12_Mm4_V1_k6_part_5_full/reduce_capB.sing line 5036: `5*A2_1_4*B2_1_5-10*A2_2_4*B2_0_5-50*A3_0_5-50*A3_1_4-24*A3_2_3))); kill MP178;`
ROW|178|0|0|0
   ? MP179(<name>) expected
   ? error occurred in or before /home/ubuntu/jc2/box/g9966n1b3-20260903/reduced/S1_n18_m12_Mm4_V1_k6_part_5_full/reduce_capB.sing line 5065: `3_2*B2_3_5+40*A2_3_2*B2_4_4+45*A2_3_1*B2_4_5-175*A3_5_5*B2_4_5))); kill MP179;`
ROW|179|0|0|0
   ? MP180(<name>) expected
   ? error occurred in or before /home/ubuntu/jc2/box/g9966n1b3-20260903/reduced/S1_n18_m12_Mm4_V1_k6_part_5_full/reduce_capB.sing line 5094: `2-40*A2_3_1-100*A3_5_5+60*B2_0_4+60*B2_1_3+60*B2_2_2+60*B2_3_1))); kill MP180;`
ROW|180|0|0|0
   ? MP181(<name>) expected
   ? error occurred in or before /home/ubuntu/jc2/box/g9966n1b3-20260903/reduced/S1_n18_m12_Mm4_V1_k6_part_5_full/reduce_capB.sing line 5123: `60*A2_2_0-80*A3_3_5-48*A3_4_4+180*B2_0_2+180*B2_1_1+240*B2_2_0))); kill MP181;`
ROW|181|0|0|0
   ? MP182(<name>) expected
   ? error occurred in or before /home/ubuntu/jc2/box/g9966n1b3-20260903/reduced/S1_n18_m12_Mm4_V1_k6_part_5_full/reduce_capB.sing line 5152: `5*A2_3_4*B2_4_5+390*A2_4_4*B2_3_5+160*A2_4_4*B2_4_4-100*A3_5_5))); kill MP182;`
ROW|182|0|0|0
   ? MP183(<name>) expected
   ? error occurred in or before /home/ubuntu/jc2/box/g9966n1b3-20260903/reduced/S1_n18_m12_Mm4_V1_k6_part_5_full/reduce_capB.sing line 5181: `0*A2_3_4*B2_4_5+430*A2_4_4*B2_3_5+200*A2_4_4*B2_4_4-100*A3_5_5))); kill MP183;`
ROW|183|0|0|0
PIVOTS=0
RESIDUAL_ROWS=0
RES_UNIT=0
RES_DIM=111
RES_SIZE=0
REDUCE_DONE
