ROW|0|0|1|0
   ? PSI(<name>) expected
   ? error occurred in or before ::record line 6: ` IMG[a] = PSI(IMG[a]); `
   ? leaving ::record (5)
   skipping text from `;` error at token `)`
ROW|1|0|2|0
ROW|2|0|3|0
ROW|3|0|4|0
ROW|4|0|5|0
ROW|5|0|6|0
ROW|6|0|7|0
ROW|7|0|8|0
   ? PSI(<name>) expected
   ? error occurred in or before ::record line 6: ` IMG[a] = PSI(IMG[a]); `
   ? leaving ::record (5)
   skipping text from `;` error at token `)`
ROW|8|0|9|0
ROW|9|0|9|0
ROW|10|0|9|0
ROW|11|0|9|0
ROW|12|0|9|0
ROW|13|0|9|0
ROW|14|0|9|0
ROW|15|0|9|0
ROW|16|0|9|0
ROW|17|0|10|0
ROW|18|0|10|0
ROW|19|0|10|0
ROW|20|0|10|0
   ? PSI(<name>) expected
   ? error occurred in or before ::record line 6: ` IMG[a] = PSI(IMG[a]); `
   ? leaving ::record (5)
   skipping text from `;` error at token `)`
   ? PSI(<name>) expected
   ? error occurred in or before ::record line 6: ` IMG[a] = PSI(IMG[a]); `
   ? leaving ::record (5)
   skipping text from `;` error at token `)`
ROW|21|0|11|0
ROW|22|0|11|0
ROW|23|0|11|0
ROW|24|0|11|0
   ? PSI(<name>) expected
   ? error occurred in or before ::record line 6: ` IMG[a] = PSI(IMG[a]); `
   ? leaving ::record (5)
   skipping text from `;` error at token `)`
   ? PSI(<name>) expected
   ? error occurred in or before ::record line 6: ` IMG[a] = PSI(IMG[a]); `
   ? leaving ::record (5)
   skipping text from `;` error at token `)`
ROW|25|0|12|0
   ? PSI(<name>) expected
   ? error occurred in or before ::record line 6: ` IMG[a] = PSI(IMG[a]); `
   ? leaving ::record (5)
   skipping text from `;` error at token `)`
   ? PSI(<name>) expected
   ? error occurred in or before ::record line 6: ` IMG[a] = PSI(IMG[a]); `
   ? leaving ::record (5)
   skipping text from `;` error at token `)`
ROW|26|0|13|0
   ? PSI(<name>) expected
   ? error occurred in or before ::record line 6: ` IMG[a] = PSI(IMG[a]); `
   ? leaving ::record (5)
   skipping text from `;` error at token `)`
   ? PSI(<name>) expected
   ? error occurred in or before ::record line 6: ` IMG[a] = PSI(IMG[a]); `
   ? leaving ::record (5)
   skipping text from `;` error at token `)`
ROW|27|0|14|0
   ? PSI(<name>) expected
   ? error occurred in or before ::record line 6: ` IMG[a] = PSI(IMG[a]); `
   ? leaving ::record (5)
   skipping text from `;` error at token `)`
   ? PSI(<name>) expected
   ? error occurred in or before ::record line 6: ` IMG[a] = PSI(IMG[a]); `
   ? leaving ::record (5)
   skipping text from `;` error at token `)`
ROW|28|0|15|0
   ? PSI(<name>) expected
   ? error occurred in or before ::record line 6: ` IMG[a] = PSI(IMG[a]); `
   ? leaving ::record (5)
   skipping text from `;` error at token `)`
   ? PSI(<name>) expected
   ? error occurred in or before ::record line 6: ` IMG[a] = PSI(IMG[a]); `
   ? leaving ::record (5)
   skipping text from `;` error at token `)`
ROW|29|0|16|0
   ? PSI(<name>) expected
   ? error occurred in or before ::record line 6: ` IMG[a] = PSI(IMG[a]); `
   ? leaving ::record (5)
   skipping text from `;` error at token `)`
   ? PSI(<name>) expected
   ? error occurred in or before ::record line 6: ` IMG[a] = PSI(IMG[a]); `
   ? leaving ::record (5)
   skipping text from `;` error at token `)`
ROW|30|0|17|0
   ? PSI(<name>) expected
   ? error occurred in or before ::record line 6: ` IMG[a] = PSI(IMG[a]); `
   ? leaving ::record (5)
   skipping text from `;` error at token `)`
   ? PSI(<name>) expected
   ? error occurred in or before ::record line 6: ` IMG[a] = PSI(IMG[a]); `
   ? leaving ::record (5)
   skipping text from `;` error at token `)`
   ? PSI(<name>) expected
   ? error occurred in or before ::record line 6: ` IMG[a] = PSI(IMG[a]); `
   ? leaving ::record (5)
   skipping text from `;` error at token `)`
ROW|31|0|18|0
   ? PSI(<name>) expected
   ? error occurred in or before ::record line 6: ` IMG[a] = PSI(IMG[a]); `
   ? leaving ::record (5)
   skipping text from `;` error at token `)`
   ? PSI(<name>) expected
   ? error occurred in or before ::record line 6: ` IMG[a] = PSI(IMG[a]); `
   ? leaving ::record (5)
   skipping text from `;` error at token `)`
ROW|32|0|19|0
   ? PSI(<name>) expected
   ? error occurred in or before ::record line 6: ` IMG[a] = PSI(IMG[a]); `
   ? leaving ::record (5)
   skipping text from `;` error at token `)`
   ? PSI(<name>) expected
   ? error occurred in or before ::record line 6: ` IMG[a] = PSI(IMG[a]); `
   ? leaving ::record (5)
   skipping text from `;` error at token `)`
   ? PSI(<name>) expected
   ? error occurred in or before ::record line 6: ` IMG[a] = PSI(IMG[a]); `
   ? leaving ::record (5)
   skipping text from `;` error at token `)`
ROW|33|0|20|0
   ? PSI(<name>) expected
   ? error occurred in or before ::record line 6: ` IMG[a] = PSI(IMG[a]); `
   ? leaving ::record (5)
   skipping text from `;` error at token `)`
   ? PSI(<name>) expected
   ? error occurred in or before ::record line 6: ` IMG[a] = PSI(IMG[a]); `
   ? leaving ::record (5)
   skipping text from `;` error at token `)`
   ? PSI(<name>) expected
   ? error occurred in or before ::record line 6: ` IMG[a] = PSI(IMG[a]); `
   ? leaving ::record (5)
   skipping text from `;` error at token `)`
ROW|34|0|21|0
   ? PSI(<name>) expected
   ? error occurred in or before ::record line 6: ` IMG[a] = PSI(IMG[a]); `
   ? leaving ::record (5)
   skipping text from `;` error at token `)`
   ? PSI(<name>) expected
   ? error occurred in or before ::record line 6: ` IMG[a] = PSI(IMG[a]); `
   ? leaving ::record (5)
   skipping text from `;` error at token `)`
   ? PSI(<name>) expected
   ? error occurred in or before ::record line 6: ` IMG[a] = PSI(IMG[a]); `
   ? leaving ::record (5)
   skipping text from `;` error at token `)`
ROW|35|0|22|0
   ? PSI(<name>) expected
   ? error occurred in or before ::record line 6: ` IMG[a] = PSI(IMG[a]); `
   ? leaving ::record (5)
   skipping text from `;` error at token `)`
   ? PSI(<name>) expected
   ? error occurred in or before ::record line 6: ` IMG[a] = PSI(IMG[a]); `
   ? leaving ::record (5)
   skipping text from `;` error at token `)`
   ? PSI(<name>) expected
   ? error occurred in or before ::record line 6: ` IMG[a] = PSI(IMG[a]); `
   ? leaving ::record (5)
   skipping text from `;` error at token `)`
ROW|36|0|23|0
   ? PSI(<name>) expected
   ? error occurred in or before ::record line 6: ` IMG[a] = PSI(IMG[a]); `
   ? leaving ::record (5)
   skipping text from `;` error at token `)`
   ? PSI(<name>) expected
   ? error occurred in or before ::record line 6: ` IMG[a] = PSI(IMG[a]); `
   ? leaving ::record (5)
   skipping text from `;` error at token `)`
   ? PSI(<name>) expected
   ? error occurred in or before ::record line 6: ` IMG[a] = PSI(IMG[a]); `
   ? leaving ::record (5)
   skipping text from `;` error at token `)`
ROW|37|0|24|0
   ? PSI(<name>) expected
   ? error occurred in or before ::record line 6: ` IMG[a] = PSI(IMG[a]); `
   ? leaving ::record (5)
   skipping text from `;` error at token `)`
   ? PSI(<name>) expected
   ? error occurred in or before ::record line 6: ` IMG[a] = PSI(IMG[a]); `
   ? leaving ::record (5)
   skipping text from `;` error at token `)`
   ? PSI(<name>) expected
   ? error occurred in or before ::record line 6: ` IMG[a] = PSI(IMG[a]); `
   ? leaving ::record (5)
   skipping text from `;` error at token `)`
ROW|38|0|25|0
   ? PSI(<name>) expected
   ? error occurred in or before ::record line 6: ` IMG[a] = PSI(IMG[a]); `
   ? leaving ::record (5)
   skipping text from `;` error at token `)`
   ? PSI(<name>) expected
   ? error occurred in or before ::record line 6: ` IMG[a] = PSI(IMG[a]); `
   ? leaving ::record (5)
   skipping text from `;` error at token `)`
   ? PSI(<name>) expected
   ? error occurred in or before ::record line 6: ` IMG[a] = PSI(IMG[a]); `
   ? leaving ::record (5)
   skipping text from `;` error at token `)`
ROW|39|0|26|0
ROW|40|0|27|0
ROW|41|0|28|0
ROW|42|0|29|0
ROW|43|0|30|0
ROW|44|0|31|0
ROW|45|0|32|0
ROW|46|0|33|0
   ? PSI(<name>) expected
   ? error occurred in or before ::record line 6: ` IMG[a] = PSI(IMG[a]); `
   ? leaving ::record (5)
   skipping text from `;` error at token `)`
   ? PSI(<name>) expected
   ? error occurred in or before ::record line 6: ` IMG[a] = PSI(IMG[a]); `
   ? leaving ::record (5)
   skipping text from `;` error at token `)`
ROW|47|0|34|0
   ? PSI(<name>) expected
   ? error occurred in or before ::record line 6: ` IMG[a] = PSI(IMG[a]); `
   ? leaving ::record (5)
   skipping text from `;` error at token `)`
   ? PSI(<name>) expected
   ? error occurred in or before ::record line 6: ` IMG[a] = PSI(IMG[a]); `
   ? leaving ::record (5)
   skipping text from `;` error at token `)`
   ? PSI(<name>) expected
   ? error occurred in or before ::record line 6: ` IMG[a] = PSI(IMG[a]); `
   ? leaving ::record (5)
   skipping text from `;` error at token `)`
ROW|48|0|35|0
ROW|49|0|36|0
ROW|50|0|37|0
ROW|51|0|38|0
ROW|52|0|39|0
ROW|53|0|40|0
ROW|54|0|41|0
   ? PSI(<name>) expected
   ? error occurred in or before ::record line 6: ` IMG[a] = PSI(IMG[a]); `
   ? leaving ::record (5)
   skipping text from `;` error at token `)`
   ? PSI(<name>) expected
   ? error occurred in or before ::record line 6: ` IMG[a] = PSI(IMG[a]); `
   ? leaving ::record (5)
   skipping text from `;` error at token `)`
   ? PSI(<name>) expected
   ? error occurred in or before ::record line 6: ` IMG[a] = PSI(IMG[a]); `
   ? leaving ::record (5)
   skipping text from `;` error at token `)`
ROW|55|0|42|0
   ? PSI(<name>) expected
   ? error occurred in or before ::record line 6: ` IMG[a] = PSI(IMG[a]); `
   ? leaving ::record (5)
   skipping text from `;` error at token `)`
   ? PSI(<name>) expected
   ? error occurred in or before ::record line 6: ` IMG[a] = PSI(IMG[a]); `
   ? leaving ::record (5)
   skipping text from `;` error at token `)`
   ? PSI(<name>) expected
   ? error occurred in or before ::record line 6: ` IMG[a] = PSI(IMG[a]); `
   ? leaving ::record (5)
   skipping text from `;` error at token `)`
ROW|56|0|43|0
   ? PSI(<name>) expected
   ? error occurred in or before ::record line 6: ` IMG[a] = PSI(IMG[a]); `
   ? leaving ::record (5)
   skipping text from `;` error at token `)`
   ? PSI(<name>) expected
   ? error occurred in or before ::record line 6: ` IMG[a] = PSI(IMG[a]); `
   ? leaving ::record (5)
   skipping text from `;` error at token `)`
   ? PSI(<name>) expected
   ? error occurred in or before ::record line 6: ` IMG[a] = PSI(IMG[a]); `
   ? leaving ::record (5)
   skipping text from `;` error at token `)`
ROW|57|0|44|0
   ? PSI(<name>) expected
   ? error occurred in or before ::record line 6: ` IMG[a] = PSI(IMG[a]); `
   ? leaving ::record (5)
   skipping text from `;` error at token `)`
   ? PSI(<name>) expected
   ? error occurred in or before ::record line 6: ` IMG[a] = PSI(IMG[a]); `
   ? leaving ::record (5)
   skipping text from `;` error at token `)`
   ? PSI(<name>) expected
   ? error occurred in or before ::record line 6: ` IMG[a] = PSI(IMG[a]); `
   ? leaving ::record (5)
   skipping text from `;` error at token `)`
   ? PSI(<name>) expected
   ? error occurred in or before ::record line 6: ` IMG[a] = PSI(IMG[a]); `
   ? leaving ::record (5)
   skipping text from `;` error at token `)`
ROW|58|0|45|0
   ? PSI(<name>) expected
   ? error occurred in or before ::record line 6: ` IMG[a] = PSI(IMG[a]); `
   ? leaving ::record (5)
   skipping text from `;` error at token `)`
   ? PSI(<name>) expected
   ? error occurred in or before ::record line 6: ` IMG[a] = PSI(IMG[a]); `
   ? leaving ::record (5)
   skipping text from `;` error at token `)`
   ? PSI(<name>) expected
   ? error occurred in or before ::record line 6: ` IMG[a] = PSI(IMG[a]); `
   ? leaving ::record (5)
   skipping text from `;` error at token `)`
   ? PSI(<name>) expected
   ? error occurred in or before ::record line 6: ` IMG[a] = PSI(IMG[a]); `
   ? leaving ::record (5)
   skipping text from `;` error at token `)`
ROW|59|0|46|0
   ? PSI(<name>) expected
   ? error occurred in or before ::record line 6: ` IMG[a] = PSI(IMG[a]); `
   ? leaving ::record (5)
   skipping text from `;` error at token `)`
   ? PSI(<name>) expected
   ? error occurred in or before ::record line 6: ` IMG[a] = PSI(IMG[a]); `
   ? leaving ::record (5)
   skipping text from `;` error at token `)`
   ? PSI(<name>) expected
   ? error occurred in or before ::record line 6: ` IMG[a] = PSI(IMG[a]); `
   ? leaving ::record (5)
   skipping text from `;` error at token `)`
   ? PSI(<name>) expected
   ? error occurred in or before ::record line 6: ` IMG[a] = PSI(IMG[a]); `
   ? leaving ::record (5)
   skipping text from `;` error at token `)`
ROW|60|0|47|0
   ? PSI(<name>) expected
   ? error occurred in or before ::record line 6: ` IMG[a] = PSI(IMG[a]); `
   ? leaving ::record (5)
   skipping text from `;` error at token `)`
   ? PSI(<name>) expected
   ? error occurred in or before ::record line 6: ` IMG[a] = PSI(IMG[a]); `
   ? leaving ::record (5)
   skipping text from `;` error at token `)`
   ? PSI(<name>) expected
   ? error occurred in or before ::record line 6: ` IMG[a] = PSI(IMG[a]); `
   ? leaving ::record (5)
   skipping text from `;` error at token `)`
   ? PSI(<name>) expected
   ? error occurred in or before ::record line 6: ` IMG[a] = PSI(IMG[a]); `
   ? leaving ::record (5)
   skipping text from `;` error at token `)`
ROW|61|0|48|0
   ? PSI(<name>) expected
   ? error occurred in or before ::record line 6: ` IMG[a] = PSI(IMG[a]); `
   ? leaving ::record (5)
   skipping text from `;` error at token `)`
   ? PSI(<name>) expected
   ? error occurred in or before ::record line 6: ` IMG[a] = PSI(IMG[a]); `
   ? leaving ::record (5)
   skipping text from `;` error at token `)`
   ? PSI(<name>) expected
   ? error occurred in or before ::record line 6: ` IMG[a] = PSI(IMG[a]); `
   ? leaving ::record (5)
   skipping text from `;` error at token `)`
   ? PSI(<name>) expected
   ? error occurred in or before ::record line 6: ` IMG[a] = PSI(IMG[a]); `
   ? leaving ::record (5)
   skipping text from `;` error at token `)`
ROW|62|0|49|0
   ? PSI(<name>) expected
   ? error occurred in or before ::record line 6: ` IMG[a] = PSI(IMG[a]); `
   ? leaving ::record (5)
   skipping text from `;` error at token `)`
   ? PSI(<name>) expected
   ? error occurred in or before ::record line 6: ` IMG[a] = PSI(IMG[a]); `
   ? leaving ::record (5)
   skipping text from `;` error at token `)`
   ? PSI(<name>) expected
   ? error occurred in or before ::record line 6: ` IMG[a] = PSI(IMG[a]); `
   ? leaving ::record (5)
   skipping text from `;` error at token `)`
   ? PSI(<name>) expected
   ? error occurred in or before ::record line 6: ` IMG[a] = PSI(IMG[a]); `
   ? leaving ::record (5)
   skipping text from `;` error at token `)`
ROW|63|0|50|0
   ? PSI(<name>) expected
   ? error occurred in or before ::record line 6: ` IMG[a] = PSI(IMG[a]); `
   ? leaving ::record (5)
   skipping text from `;` error at token `)`
   ? PSI(<name>) expected
   ? error occurred in or before ::record line 6: ` IMG[a] = PSI(IMG[a]); `
   ? leaving ::record (5)
   skipping text from `;` error at token `)`
ROW|64|0|51|0
   ? PSI(<name>) expected
   ? error occurred in or before ::record line 6: ` IMG[a] = PSI(IMG[a]); `
   ? leaving ::record (5)
   skipping text from `;` error at token `)`
   ? PSI(<name>) expected
   ? error occurred in or before ::record line 6: ` IMG[a] = PSI(IMG[a]); `
   ? leaving ::record (5)
   skipping text from `;` error at token `)`
   ? PSI(<name>) expected
   ? error occurred in or before ::record line 6: ` IMG[a] = PSI(IMG[a]); `
   ? leaving ::record (5)
   skipping text from `;` error at token `)`
ROW|65|0|52|0
   ? PSI(<name>) expected
   ? error occurred in or before ::record line 6: ` IMG[a] = PSI(IMG[a]); `
   ? leaving ::record (5)
   skipping text from `;` error at token `)`
   ? PSI(<name>) expected
   ? error occurred in or before ::record line 6: ` IMG[a] = PSI(IMG[a]); `
   ? leaving ::record (5)
   skipping text from `;` error at token `)`
   ? PSI(<name>) expected
   ? error occurred in or before ::record line 6: ` IMG[a] = PSI(IMG[a]); `
   ? leaving ::record (5)
   skipping text from `;` error at token `)`
ROW|66|0|53|0
   ? PSI(<name>) expected
   ? error occurred in or before ::record line 6: ` IMG[a] = PSI(IMG[a]); `
   ? leaving ::record (5)
   skipping text from `;` error at token `)`
   ? PSI(<name>) expected
   ? error occurred in or before ::record line 6: ` IMG[a] = PSI(IMG[a]); `
   ? leaving ::record (5)
   skipping text from `;` error at token `)`
   ? PSI(<name>) expected
   ? error occurred in or before ::record line 6: ` IMG[a] = PSI(IMG[a]); `
   ? leaving ::record (5)
   skipping text from `;` error at token `)`
ROW|67|0|54|0
   ? PSI(<name>) expected
   ? error occurred in or before ::record line 6: ` IMG[a] = PSI(IMG[a]); `
   ? leaving ::record (5)
   skipping text from `;` error at token `)`
   ? PSI(<name>) expected
   ? error occurred in or before ::record line 6: ` IMG[a] = PSI(IMG[a]); `
   ? leaving ::record (5)
   skipping text from `;` error at token `)`
ROW|68|0|55|0
   ? PSI(<name>) expected
   ? error occurred in or before ::record line 6: ` IMG[a] = PSI(IMG[a]); `
   ? leaving ::record (5)
   skipping text from `;` error at token `)`
   ? PSI(<name>) expected
   ? error occurred in or before ::record line 6: ` IMG[a] = PSI(IMG[a]); `
   ? leaving ::record (5)
   skipping text from `;` error at token `)`
   ? PSI(<name>) expected
   ? error occurred in or before ::record line 6: ` IMG[a] = PSI(IMG[a]); `
   ? leaving ::record (5)
   skipping text from `;` error at token `)`
   ? PSI(<name>) expected
   ? error occurred in or before ::record line 6: ` IMG[a] = PSI(IMG[a]); `
   ? leaving ::record (5)
   skipping text from `;` error at token `)`
ROW|69|0|56|0
ROW|70|0|57|0
ROW|71|0|58|0
ROW|72|0|59|0
ROW|73|0|60|0
ROW|74|0|61|0
ROW|75|0|62|0
   ? PSI(<name>) expected
   ? error occurred in or before ::record line 6: ` IMG[a] = PSI(IMG[a]); `
   ? leaving ::record (5)
   skipping text from `;` error at token `)`
   ? PSI(<name>) expected
   ? error occurred in or before ::record line 6: ` IMG[a] = PSI(IMG[a]); `
   ? leaving ::record (5)
   skipping text from `;` error at token `)`
   ? PSI(<name>) expected
   ? error occurred in or before ::record line 6: ` IMG[a] = PSI(IMG[a]); `
   ? leaving ::record (5)
   skipping text from `;` error at token `)`
   ? PSI(<name>) expected
   ? error occurred in or before ::record line 6: ` IMG[a] = PSI(IMG[a]); `
   ? leaving ::record (5)
   skipping text from `;` error at token `)`
ROW|76|0|63|0
   ? PSI(<name>) expected
   ? error occurred in or before ::record line 6: ` IMG[a] = PSI(IMG[a]); `
   ? leaving ::record (5)
   skipping text from `;` error at token `)`
   ? PSI(<name>) expected
   ? error occurred in or before ::record line 6: ` IMG[a] = PSI(IMG[a]); `
   ? leaving ::record (5)
   skipping text from `;` error at token `)`
   ? PSI(<name>) expected
   ? error occurred in or before ::record line 6: ` IMG[a] = PSI(IMG[a]); `
   ? leaving ::record (5)
   skipping text from `;` error at token `)`
   ? PSI(<name>) expected
   ? error occurred in or before ::record line 6: ` IMG[a] = PSI(IMG[a]); `
   ? leaving ::record (5)
   skipping text from `;` error at token `)`
   ? PSI(<name>) expected
   ? error occurred in or before ::record line 6: ` IMG[a] = PSI(IMG[a]); `
   ? leaving ::record (5)
   skipping text from `;` error at token `)`
   ? PSI(<name>) expected
   ? error occurred in or before ::record line 6: ` IMG[a] = PSI(IMG[a]); `
   ? leaving ::record (5)
   skipping text from `;` error at token `)`
ROW|77|0|64|0
   ? PSI(<name>) expected
   ? error occurred in or before ::record line 6: ` IMG[a] = PSI(IMG[a]); `
   ? leaving ::record (5)
   skipping text from `;` error at token `)`
   ? PSI(<name>) expected
   ? error occurred in or before ::record line 6: ` IMG[a] = PSI(IMG[a]); `
   ? leaving ::record (5)
   skipping text from `;` error at token `)`
ROW|78|0|65|0
   ? PSI(<name>) expected
   ? error occurred in or before ::record line 6: ` IMG[a] = PSI(IMG[a]); `
   ? leaving ::record (5)
   skipping text from `;` error at token `)`
   ? PSI(<name>) expected
   ? error occurred in or before ::record line 6: ` IMG[a] = PSI(IMG[a]); `
   ? leaving ::record (5)
   skipping text from `;` error at token `)`
   ? PSI(<name>) expected
   ? error occurred in or before ::record line 6: ` IMG[a] = PSI(IMG[a]); `
   ? leaving ::record (5)
   skipping text from `;` error at token `)`
   ? PSI(<name>) expected
   ? error occurred in or before ::record line 6: ` IMG[a] = PSI(IMG[a]); `
   ? leaving ::record (5)
   skipping text from `;` error at token `)`
ROW|79|0|66|0
   ? PSI(<name>) expected
   ? error occurred in or before ::record line 6: ` IMG[a] = PSI(IMG[a]); `
   ? leaving ::record (5)
   skipping text from `;` error at token `)`
   ? PSI(<name>) expected
   ? error occurred in or before ::record line 6: ` IMG[a] = PSI(IMG[a]); `
   ? leaving ::record (5)
   skipping text from `;` error at token `)`
   ? PSI(<name>) expected
   ? error occurred in or before ::record line 6: ` IMG[a] = PSI(IMG[a]); `
   ? leaving ::record (5)
   skipping text from `;` error at token `)`
   ? PSI(<name>) expected
   ? error occurred in or before ::record line 6: ` IMG[a] = PSI(IMG[a]); `
   ? leaving ::record (5)
   skipping text from `;` error at token `)`
   ? PSI(<name>) expected
   ? error occurred in or before ::record line 6: ` IMG[a] = PSI(IMG[a]); `
   ? leaving ::record (5)
   skipping text from `;` error at token `)`
   ? PSI(<name>) expected
   ? error occurred in or before ::record line 6: ` IMG[a] = PSI(IMG[a]); `
   ? leaving ::record (5)
   skipping text from `;` error at token `)`
ROW|80|0|67|0
ROW|81|0|68|0
   ? PSI(<name>) expected
   ? error occurred in or before ::record line 6: ` IMG[a] = PSI(IMG[a]); `
   ? leaving ::record (5)
   skipping text from `;` error at token `)`
   ? PSI(<name>) expected
   ? error occurred in or before ::record line 6: ` IMG[a] = PSI(IMG[a]); `
   ? leaving ::record (5)
   skipping text from `;` error at token `)`
ROW|82|0|69|0
   ? PSI(<name>) expected
   ? error occurred in or before ::record line 6: ` IMG[a] = PSI(IMG[a]); `
   ? leaving ::record (5)
   skipping text from `;` error at token `)`
   ? PSI(<name>) expected
   ? error occurred in or before ::record line 6: ` IMG[a] = PSI(IMG[a]); `
   ? leaving ::record (5)
   skipping text from `;` error at token `)`
   ? PSI(<name>) expected
   ? error occurred in or before ::record line 6: ` IMG[a] = PSI(IMG[a]); `
   ? leaving ::record (5)
   skipping text from `;` error at token `)`
   ? PSI(<name>) expected
   ? error occurred in or before ::record line 6: ` IMG[a] = PSI(IMG[a]); `
   ? leaving ::record (5)
   skipping text from `;` error at token `)`
   ? PSI(<name>) expected
   ? error occurred in or before ::record line 6: ` IMG[a] = PSI(IMG[a]); `
   ? leaving ::record (5)
   skipping text from `;` error at token `)`
   ? PSI(<name>) expected
   ? error occurred in or before ::record line 6: ` IMG[a] = PSI(IMG[a]); `
   ? leaving ::record (5)
   skipping text from `;` error at token `)`
ROW|83|0|70|0
   ? PSI(<name>) expected
   ? error occurred in or before ::record line 6: ` IMG[a] = PSI(IMG[a]); `
   ? leaving ::record (5)
   skipping text from `;` error at token `)`
   ? PSI(<name>) expected
   ? error occurred in or before ::record line 6: ` IMG[a] = PSI(IMG[a]); `
   ? leaving ::record (5)
   skipping text from `;` error at token `)`
   ? PSI(<name>) expected
   ? error occurred in or before ::record line 6: ` IMG[a] = PSI(IMG[a]); `
   ? leaving ::record (5)
   skipping text from `;` error at token `)`
   ? PSI(<name>) expected
   ? error occurred in or before ::record line 6: ` IMG[a] = PSI(IMG[a]); `
   ? leaving ::record (5)
   skipping text from `;` error at token `)`
ROW|84|0|71|0
   ? PSI(<name>) expected
   ? error occurred in or before ::record line 6: ` IMG[a] = PSI(IMG[a]); `
   ? leaving ::record (5)
   skipping text from `;` error at token `)`
   ? PSI(<name>) expected
   ? error occurred in or before ::record line 6: ` IMG[a] = PSI(IMG[a]); `
   ? leaving ::record (5)
   skipping text from `;` error at token `)`
   ? PSI(<name>) expected
   ? error occurred in or before ::record line 6: ` IMG[a] = PSI(IMG[a]); `
   ? leaving ::record (5)
   skipping text from `;` error at token `)`
   ? PSI(<name>) expected
   ? error occurred in or before ::record line 6: ` IMG[a] = PSI(IMG[a]); `
   ? leaving ::record (5)
   skipping text from `;` error at token `)`
ROW|85|0|72|0
   ? PSI(<name>) expected
   ? error occurred in or before ::record line 6: ` IMG[a] = PSI(IMG[a]); `
   ? leaving ::record (5)
   skipping text from `;` error at token `)`
   ? PSI(<name>) expected
   ? error occurred in or before ::record line 6: ` IMG[a] = PSI(IMG[a]); `
   ? leaving ::record (5)
   skipping text from `;` error at token `)`
   ? PSI(<name>) expected
   ? error occurred in or before ::record line 6: ` IMG[a] = PSI(IMG[a]); `
   ? leaving ::record (5)
   skipping text from `;` error at token `)`
   ? PSI(<name>) expected
   ? error occurred in or before ::record line 6: ` IMG[a] = PSI(IMG[a]); `
   ? leaving ::record (5)
   skipping text from `;` error at token `)`
   ? PSI(<name>) expected
   ? error occurred in or before ::record line 6: ` IMG[a] = PSI(IMG[a]); `
   ? leaving ::record (5)
   skipping text from `;` error at token `)`
   ? PSI(<name>) expected
   ? error occurred in or before ::record line 6: ` IMG[a] = PSI(IMG[a]); `
   ? leaving ::record (5)
   skipping text from `;` error at token `)`
ROW|86|0|73|0
ROW|87|0|74|0
ROW|88|0|75|0
   ? PSI(<name>) expected
   ? error occurred in or before ::record line 6: ` IMG[a] = PSI(IMG[a]); `
   ? leaving ::record (5)
   skipping text from `;` error at token `)`
   ? PSI(<name>) expected
   ? error occurred in or before ::record line 6: ` IMG[a] = PSI(IMG[a]); `
   ? leaving ::record (5)
   skipping text from `;` error at token `)`
   ? PSI(<name>) expected
   ? error occurred in or before ::record line 6: ` IMG[a] = PSI(IMG[a]); `
   ? leaving ::record (5)
   skipping text from `;` error at token `)`
   ? PSI(<name>) expected
   ? error occurred in or before ::record line 6: ` IMG[a] = PSI(IMG[a]); `
   ? leaving ::record (5)
   skipping text from `;` error at token `)`
ROW|89|0|76|0
ROW|90|0|77|0
ROW|91|0|78|0
ROW|92|0|79|0
ROW|93|0|80|0
   ? PSI(<name>) expected
   ? error occurred in or before ::record line 6: ` IMG[a] = PSI(IMG[a]); `
   ? leaving ::record (5)
   skipping text from `;` error at token `)`
   ? PSI(<name>) expected
   ? error occurred in or before ::record line 6: ` IMG[a] = PSI(IMG[a]); `
   ? leaving ::record (5)
   skipping text from `;` error at token `)`
   ? PSI(<name>) expected
   ? error occurred in or before ::record line 6: ` IMG[a] = PSI(IMG[a]); `
   ? leaving ::record (5)
   skipping text from `;` error at token `)`
   ? PSI(<name>) expected
   ? error occurred in or before ::record line 6: ` IMG[a] = PSI(IMG[a]); `
   ? leaving ::record (5)
   skipping text from `;` error at token `)`
   ? PSI(<name>) expected
   ? error occurred in or before ::record line 6: ` IMG[a] = PSI(IMG[a]); `
   ? leaving ::record (5)
   skipping text from `;` error at token `)`
   ? PSI(<name>) expected
   ? error occurred in or before ::record line 6: ` IMG[a] = PSI(IMG[a]); `
   ? leaving ::record (5)
   skipping text from `;` error at token `)`
ROW|94|0|81|0
   ? PSI(<name>) expected
   ? error occurred in or before ::record line 6: ` IMG[a] = PSI(IMG[a]); `
   ? leaving ::record (5)
   skipping text from `;` error at token `)`
   ? PSI(<name>) expected
   ? error occurred in or before ::record line 6: ` IMG[a] = PSI(IMG[a]); `
   ? leaving ::record (5)
   skipping text from `;` error at token `)`
   ? PSI(<name>) expected
   ? error occurred in or before ::record line 6: ` IMG[a] = PSI(IMG[a]); `
   ? leaving ::record (5)
   skipping text from `;` error at token `)`
   ? PSI(<name>) expected
   ? error occurred in or before ::record line 6: ` IMG[a] = PSI(IMG[a]); `
   ? leaving ::record (5)
   skipping text from `;` error at token `)`
ROW|95|0|82|1
   ? PSI(<name>) expected
   ? error occurred in or before ::record line 6: ` IMG[a] = PSI(IMG[a]); `
   ? leaving ::record (5)
   skipping text from `;` error at token `)`
   ? PSI(<name>) expected
   ? error occurred in or before ::record line 6: ` IMG[a] = PSI(IMG[a]); `
   ? leaving ::record (5)
   skipping text from `;` error at token `)`
   ? PSI(<name>) expected
   ? error occurred in or before ::record line 6: ` IMG[a] = PSI(IMG[a]); `
   ? leaving ::record (5)
   skipping text from `;` error at token `)`
   ? PSI(<name>) expected
   ? error occurred in or before ::record line 6: ` IMG[a] = PSI(IMG[a]); `
   ? leaving ::record (5)
   skipping text from `;` error at token `)`
   ? PSI(<name>) expected
   ? error occurred in or before ::record line 6: ` IMG[a] = PSI(IMG[a]); `
   ? leaving ::record (5)
   skipping text from `;` error at token `)`
   ? PSI(<name>) expected
   ? error occurred in or before ::record line 6: ` IMG[a] = PSI(IMG[a]); `
   ? leaving ::record (5)
   skipping text from `;` error at token `)`
ROW|96|0|83|1
   ? PSI(<name>) expected
   ? error occurred in or before ::record line 6: ` IMG[a] = PSI(IMG[a]); `
   ? leaving ::record (5)
   skipping text from `;` error at token `)`
   ? PSI(<name>) expected
   ? error occurred in or before ::record line 6: ` IMG[a] = PSI(IMG[a]); `
   ? leaving ::record (5)
   skipping text from `;` error at token `)`
   ? PSI(<name>) expected
   ? error occurred in or before ::record line 6: ` IMG[a] = PSI(IMG[a]); `
   ? leaving ::record (5)
   skipping text from `;` error at token `)`
   ? PSI(<name>) expected
   ? error occurred in or before ::record line 6: ` IMG[a] = PSI(IMG[a]); `
   ? leaving ::record (5)
   skipping text from `;` error at token `)`
ROW|97|0|84|1
   ? PSI(<name>) expected
   ? error occurred in or before ::record line 6: ` IMG[a] = PSI(IMG[a]); `
   ? leaving ::record (5)
   skipping text from `;` error at token `)`
   ? PSI(<name>) expected
   ? error occurred in or before ::record line 6: ` IMG[a] = PSI(IMG[a]); `
   ? leaving ::record (5)
   skipping text from `;` error at token `)`
   ? PSI(<name>) expected
   ? error occurred in or before ::record line 6: ` IMG[a] = PSI(IMG[a]); `
   ? leaving ::record (5)
   skipping text from `;` error at token `)`
   ? PSI(<name>) expected
   ? error occurred in or before ::record line 6: ` IMG[a] = PSI(IMG[a]); `
   ? leaving ::record (5)
   skipping text from `;` error at token `)`
   ? PSI(<name>) expected
   ? error occurred in or before ::record line 6: ` IMG[a] = PSI(IMG[a]); `
   ? leaving ::record (5)
   skipping text from `;` error at token `)`
   ? PSI(<name>) expected
   ? error occurred in or before ::record line 6: ` IMG[a] = PSI(IMG[a]); `
   ? leaving ::record (5)
   skipping text from `;` error at token `)`
ROW|98|0|85|1
   ? PSI(<name>) expected
   ? error occurred in or before ::record line 6: ` IMG[a] = PSI(IMG[a]); `
   ? leaving ::record (5)
   skipping text from `;` error at token `)`
   ? PSI(<name>) expected
   ? error occurred in or before ::record line 6: ` IMG[a] = PSI(IMG[a]); `
   ? leaving ::record (5)
   skipping text from `;` error at token `)`
   ? PSI(<name>) expected
   ? error occurred in or before ::record line 6: ` IMG[a] = PSI(IMG[a]); `
   ? leaving ::record (5)
   skipping text from `;` error at token `)`
   ? PSI(<name>) expected
   ? error occurred in or before ::record line 6: ` IMG[a] = PSI(IMG[a]); `
   ? leaving ::record (5)
   skipping text from `;` error at token `)`
   ? PSI(<name>) expected
   ? error occurred in or before ::record line 6: ` IMG[a] = PSI(IMG[a]); `
   ? leaving ::record (5)
   skipping text from `;` error at token `)`
   ? PSI(<name>) expected
   ? error occurred in or before ::record line 6: ` IMG[a] = PSI(IMG[a]); `
   ? leaving ::record (5)
   skipping text from `;` error at token `)`
ROW|99|0|86|2
   ? PSI(<name>) expected
   ? error occurred in or before ::record line 6: ` IMG[a] = PSI(IMG[a]); `
   ? leaving ::record (5)
   skipping text from `;` error at token `)`
   ? PSI(<name>) expected
   ? error occurred in or before ::record line 6: ` IMG[a] = PSI(IMG[a]); `
   ? leaving ::record (5)
   skipping text from `;` error at token `)`
   ? PSI(<name>) expected
   ? error occurred in or before ::record line 6: ` IMG[a] = PSI(IMG[a]); `
   ? leaving ::record (5)
   skipping text from `;` error at token `)`
   ? PSI(<name>) expected
   ? error occurred in or before ::record line 6: ` IMG[a] = PSI(IMG[a]); `
   ? leaving ::record (5)
   skipping text from `;` error at token `)`
   ? PSI(<name>) expected
   ? error occurred in or before ::record line 6: ` IMG[a] = PSI(IMG[a]); `
   ? leaving ::record (5)
   skipping text from `;` error at token `)`
   ? PSI(<name>) expected
   ? error occurred in or before ::record line 6: ` IMG[a] = PSI(IMG[a]); `
   ? leaving ::record (5)
   skipping text from `;` error at token `)`
ROW|100|0|87|2
   ? PSI(<name>) expected
   ? error occurred in or before ::record line 6: ` IMG[a] = PSI(IMG[a]); `
   ? leaving ::record (5)
   skipping text from `;` error at token `)`
   ? PSI(<name>) expected
   ? error occurred in or before ::record line 6: ` IMG[a] = PSI(IMG[a]); `
   ? leaving ::record (5)
   skipping text from `;` error at token `)`
   ? PSI(<name>) expected
   ? error occurred in or before ::record line 6: ` IMG[a] = PSI(IMG[a]); `
   ? leaving ::record (5)
   skipping text from `;` error at token `)`
   ? PSI(<name>) expected
   ? error occurred in or before ::record line 6: ` IMG[a] = PSI(IMG[a]); `
   ? leaving ::record (5)
   skipping text from `;` error at token `)`
   ? PSI(<name>) expected
   ? error occurred in or before ::record line 6: ` IMG[a] = PSI(IMG[a]); `
   ? leaving ::record (5)
   skipping text from `;` error at token `)`
   ? PSI(<name>) expected
   ? error occurred in or before ::record line 6: ` IMG[a] = PSI(IMG[a]); `
   ? leaving ::record (5)
   skipping text from `;` error at token `)`
ROW|101|0|88|2
   ? PSI(<name>) expected
   ? error occurred in or before ::record line 6: ` IMG[a] = PSI(IMG[a]); `
   ? leaving ::record (5)
   skipping text from `;` error at token `)`
   ? PSI(<name>) expected
   ? error occurred in or before ::record line 6: ` IMG[a] = PSI(IMG[a]); `
   ? leaving ::record (5)
   skipping text from `;` error at token `)`
   ? PSI(<name>) expected
   ? error occurred in or before ::record line 6: ` IMG[a] = PSI(IMG[a]); `
   ? leaving ::record (5)
   skipping text from `;` error at token `)`
   ? PSI(<name>) expected
   ? error occurred in or before ::record line 6: ` IMG[a] = PSI(IMG[a]); `
   ? leaving ::record (5)
   skipping text from `;` error at token `)`
   ? PSI(<name>) expected
   ? error occurred in or before ::record line 6: ` IMG[a] = PSI(IMG[a]); `
   ? leaving ::record (5)
   skipping text from `;` error at token `)`
   ? PSI(<name>) expected
   ? error occurred in or before ::record line 6: ` IMG[a] = PSI(IMG[a]); `
   ? leaving ::record (5)
   skipping text from `;` error at token `)`
ROW|102|0|89|3
   ? PSI(<name>) expected
   ? error occurred in or before ::record line 6: ` IMG[a] = PSI(IMG[a]); `
   ? leaving ::record (5)
   skipping text from `;` error at token `)`
   ? PSI(<name>) expected
   ? error occurred in or before ::record line 6: ` IMG[a] = PSI(IMG[a]); `
   ? leaving ::record (5)
   skipping text from `;` error at token `)`
   ? PSI(<name>) expected
   ? error occurred in or before ::record line 6: ` IMG[a] = PSI(IMG[a]); `
   ? leaving ::record (5)
   skipping text from `;` error at token `)`
   ? PSI(<name>) expected
   ? error occurred in or before ::record line 6: ` IMG[a] = PSI(IMG[a]); `
   ? leaving ::record (5)
   skipping text from `;` error at token `)`
   ? PSI(<name>) expected
   ? error occurred in or before ::record line 6: ` IMG[a] = PSI(IMG[a]); `
   ? leaving ::record (5)
   skipping text from `;` error at token `)`
   ? PSI(<name>) expected
   ? error occurred in or before ::record line 6: ` IMG[a] = PSI(IMG[a]); `
   ? leaving ::record (5)
   skipping text from `;` error at token `)`
ROW|103|0|90|3
   ? PSI(<name>) expected
   ? error occurred in or before ::record line 6: ` IMG[a] = PSI(IMG[a]); `
   ? leaving ::record (5)
   skipping text from `;` error at token `)`
   ? PSI(<name>) expected
   ? error occurred in or before ::record line 6: ` IMG[a] = PSI(IMG[a]); `
   ? leaving ::record (5)
   skipping text from `;` error at token `)`
   ? PSI(<name>) expected
   ? error occurred in or before ::record line 6: ` IMG[a] = PSI(IMG[a]); `
   ? leaving ::record (5)
   skipping text from `;` error at token `)`
   ? PSI(<name>) expected
   ? error occurred in or before ::record line 6: ` IMG[a] = PSI(IMG[a]); `
   ? leaving ::record (5)
   skipping text from `;` error at token `)`
   ? PSI(<name>) expected
   ? error occurred in or before ::record line 6: ` IMG[a] = PSI(IMG[a]); `
   ? leaving ::record (5)
   skipping text from `;` error at token `)`
   ? PSI(<name>) expected
   ? error occurred in or before ::record line 6: ` IMG[a] = PSI(IMG[a]); `
   ? leaving ::record (5)
   skipping text from `;` error at token `)`
ROW|104|0|91|3
   ? PSI(<name>) expected
   ? error occurred in or before ::record line 6: ` IMG[a] = PSI(IMG[a]); `
   ? leaving ::record (5)
   skipping text from `;` error at token `)`
   ? PSI(<name>) expected
   ? error occurred in or before ::record line 6: ` IMG[a] = PSI(IMG[a]); `
   ? leaving ::record (5)
   skipping text from `;` error at token `)`
   ? PSI(<name>) expected
   ? error occurred in or before ::record line 6: ` IMG[a] = PSI(IMG[a]); `
   ? leaving ::record (5)
   skipping text from `;` error at token `)`
   ? PSI(<name>) expected
   ? error occurred in or before ::record line 6: ` IMG[a] = PSI(IMG[a]); `
   ? leaving ::record (5)
   skipping text from `;` error at token `)`
   ? PSI(<name>) expected
   ? error occurred in or before ::record line 6: ` IMG[a] = PSI(IMG[a]); `
   ? leaving ::record (5)
   skipping text from `;` error at token `)`
   ? PSI(<name>) expected
   ? error occurred in or before ::record line 6: ` IMG[a] = PSI(IMG[a]); `
   ? leaving ::record (5)
   skipping text from `;` error at token `)`
ROW|105|0|92|4
   ? PSI(<name>) expected
   ? error occurred in or before ::record line 6: ` IMG[a] = PSI(IMG[a]); `
   ? leaving ::record (5)
   skipping text from `;` error at token `)`
   ? PSI(<name>) expected
   ? error occurred in or before ::record line 6: ` IMG[a] = PSI(IMG[a]); `
   ? leaving ::record (5)
   skipping text from `;` error at token `)`
   ? PSI(<name>) expected
   ? error occurred in or before ::record line 6: ` IMG[a] = PSI(IMG[a]); `
   ? leaving ::record (5)
   skipping text from `;` error at token `)`
   ? PSI(<name>) expected
   ? error occurred in or before ::record line 6: ` IMG[a] = PSI(IMG[a]); `
   ? leaving ::record (5)
   skipping text from `;` error at token `)`
   ? PSI(<name>) expected
   ? error occurred in or before ::record line 6: ` IMG[a] = PSI(IMG[a]); `
   ? leaving ::record (5)
   skipping text from `;` error at token `)`
   ? PSI(<name>) expected
   ? error occurred in or before ::record line 6: ` IMG[a] = PSI(IMG[a]); `
   ? leaving ::record (5)
   skipping text from `;` error at token `)`
ROW|106|0|93|4
   ? PSI(<name>) expected
   ? error occurred in or before ::record line 6: ` IMG[a] = PSI(IMG[a]); `
   ? leaving ::record (5)
   skipping text from `;` error at token `)`
   ? PSI(<name>) expected
   ? error occurred in or before ::record line 6: ` IMG[a] = PSI(IMG[a]); `
   ? leaving ::record (5)
   skipping text from `;` error at token `)`
   ? PSI(<name>) expected
   ? error occurred in or before ::record line 6: ` IMG[a] = PSI(IMG[a]); `
   ? leaving ::record (5)
   skipping text from `;` error at token `)`
   ? PSI(<name>) expected
   ? error occurred in or before ::record line 6: ` IMG[a] = PSI(IMG[a]); `
   ? leaving ::record (5)
   skipping text from `;` error at token `)`
   ? PSI(<name>) expected
   ? error occurred in or before ::record line 6: ` IMG[a] = PSI(IMG[a]); `
   ? leaving ::record (5)
   skipping text from `;` error at token `)`
   ? PSI(<name>) expected
   ? error occurred in or before ::record line 6: ` IMG[a] = PSI(IMG[a]); `
   ? leaving ::record (5)
   skipping text from `;` error at token `)`
ROW|107|0|94|4
   ? PSI(<name>) expected
   ? error occurred in or before ::record line 6: ` IMG[a] = PSI(IMG[a]); `
   ? leaving ::record (5)
   skipping text from `;` error at token `)`
   ? PSI(<name>) expected
   ? error occurred in or before ::record line 6: ` IMG[a] = PSI(IMG[a]); `
   ? leaving ::record (5)
   skipping text from `;` error at token `)`
   ? PSI(<name>) expected
   ? error occurred in or before ::record line 6: ` IMG[a] = PSI(IMG[a]); `
   ? leaving ::record (5)
   skipping text from `;` error at token `)`
   ? PSI(<name>) expected
   ? error occurred in or before ::record line 6: ` IMG[a] = PSI(IMG[a]); `
   ? leaving ::record (5)
   skipping text from `;` error at token `)`
ROW|108|0|95|6
   ? PSI(<name>) expected
   ? error occurred in or before ::record line 6: ` IMG[a] = PSI(IMG[a]); `
   ? leaving ::record (5)
   skipping text from `;` error at token `)`
   ? PSI(<name>) expected
   ? error occurred in or before ::record line 6: ` IMG[a] = PSI(IMG[a]); `
   ? leaving ::record (5)
   skipping text from `;` error at token `)`
   ? PSI(<name>) expected
   ? error occurred in or before ::record line 6: ` IMG[a] = PSI(IMG[a]); `
   ? leaving ::record (5)
   skipping text from `;` error at token `)`
   ? PSI(<name>) expected
   ? error occurred in or before ::record line 6: ` IMG[a] = PSI(IMG[a]); `
   ? leaving ::record (5)
   skipping text from `;` error at token `)`
   ? PSI(<name>) expected
   ? error occurred in or before ::record line 6: ` IMG[a] = PSI(IMG[a]); `
   ? leaving ::record (5)
   skipping text from `;` error at token `)`
   ? PSI(<name>) expected
   ? error occurred in or before ::record line 6: ` IMG[a] = PSI(IMG[a]); `
   ? leaving ::record (5)
   skipping text from `;` error at token `)`
ROW|109|0|96|7
ROW|110|0|97|8
ROW|111|0|98|9
ROW|112|0|99|9
   ? PSI(<name>) expected
   ? error occurred in or before ::record line 6: ` IMG[a] = PSI(IMG[a]); `
   ? leaving ::record (5)
   skipping text from `;` error at token `)`
   ? PSI(<name>) expected
   ? error occurred in or before ::record line 6: ` IMG[a] = PSI(IMG[a]); `
   ? leaving ::record (5)
   skipping text from `;` error at token `)`
   ? PSI(<name>) expected
   ? error occurred in or before ::record line 6: ` IMG[a] = PSI(IMG[a]); `
   ? leaving ::record (5)
   skipping text from `;` error at token `)`
   ? PSI(<name>) expected
   ? error occurred in or before ::record line 6: ` IMG[a] = PSI(IMG[a]); `
   ? leaving ::record (5)
   skipping text from `;` error at token `)`
   ? PSI(<name>) expected
   ? error occurred in or before ::record line 6: ` IMG[a] = PSI(IMG[a]); `
   ? leaving ::record (5)
   skipping text from `;` error at token `)`
   ? PSI(<name>) expected
   ? error occurred in or before ::record line 6: ` IMG[a] = PSI(IMG[a]); `
   ? leaving ::record (5)
   skipping text from `;` error at token `)`
ROW|113|0|100|10
ROW|114|0|101|11
ROW|115|0|102|11
   ? PSI(<name>) expected
   ? error occurred in or before ::record line 6: ` IMG[a] = PSI(IMG[a]); `
   ? leaving ::record (5)
   skipping text from `;` error at token `)`
   ? PSI(<name>) expected
   ? error occurred in or before ::record line 6: ` IMG[a] = PSI(IMG[a]); `
   ? leaving ::record (5)
   skipping text from `;` error at token `)`
   ? PSI(<name>) expected
   ? error occurred in or before ::record line 6: ` IMG[a] = PSI(IMG[a]); `
   ? leaving ::record (5)
   skipping text from `;` error at token `)`
   ? PSI(<name>) expected
   ? error occurred in or before ::record line 6: ` IMG[a] = PSI(IMG[a]); `
   ? leaving ::record (5)
   skipping text from `;` error at token `)`
   ? PSI(<name>) expected
   ? error occurred in or before ::record line 6: ` IMG[a] = PSI(IMG[a]); `
   ? leaving ::record (5)
   skipping text from `;` error at token `)`
   ? PSI(<name>) expected
   ? error occurred in or before ::record line 6: ` IMG[a] = PSI(IMG[a]); `
   ? leaving ::record (5)
   skipping text from `;` error at token `)`
ROW|116|0|103|12
   ? PSI(<name>) expected
   ? error occurred in or before ::record line 6: ` IMG[a] = PSI(IMG[a]); `
   ? leaving ::record (5)
   skipping text from `;` error at token `)`
   ? PSI(<name>) expected
   ? error occurred in or before ::record line 6: ` IMG[a] = PSI(IMG[a]); `
   ? leaving ::record (5)
   skipping text from `;` error at token `)`
   ? PSI(<name>) expected
   ? error occurred in or before ::record line 6: ` IMG[a] = PSI(IMG[a]); `
   ? leaving ::record (5)
   skipping text from `;` error at token `)`
   ? PSI(<name>) expected
   ? error occurred in or before ::record line 6: ` IMG[a] = PSI(IMG[a]); `
   ? leaving ::record (5)
   skipping text from `;` error at token `)`
   ? PSI(<name>) expected
   ? error occurred in or before ::record line 6: ` IMG[a] = PSI(IMG[a]); `
   ? leaving ::record (5)
   skipping text from `;` error at token `)`
   ? PSI(<name>) expected
   ? error occurred in or before ::record line 6: ` IMG[a] = PSI(IMG[a]); `
   ? leaving ::record (5)
   skipping text from `;` error at token `)`
ROW|117|0|104|13
   ? PSI(<name>) expected
   ? error occurred in or before ::record line 6: ` IMG[a] = PSI(IMG[a]); `
   ? leaving ::record (5)
   skipping text from `;` error at token `)`
   ? PSI(<name>) expected
   ? error occurred in or before ::record line 6: ` IMG[a] = PSI(IMG[a]); `
   ? leaving ::record (5)
   skipping text from `;` error at token `)`
   ? PSI(<name>) expected
   ? error occurred in or before ::record line 6: ` IMG[a] = PSI(IMG[a]); `
   ? leaving ::record (5)
   skipping text from `;` error at token `)`
   ? PSI(<name>) expected
   ? error occurred in or before ::record line 6: ` IMG[a] = PSI(IMG[a]); `
   ? leaving ::record (5)
   skipping text from `;` error at token `)`
   ? PSI(<name>) expected
   ? error occurred in or before ::record line 6: ` IMG[a] = PSI(IMG[a]); `
   ? leaving ::record (5)
   skipping text from `;` error at token `)`
   ? PSI(<name>) expected
   ? error occurred in or before ::record line 6: ` IMG[a] = PSI(IMG[a]); `
   ? leaving ::record (5)
   skipping text from `;` error at token `)`
   ? PSI(<name>) expected
   ? error occurred in or before ::record line 6: ` IMG[a] = PSI(IMG[a]); `
   ? leaving ::record (5)
   skipping text from `;` error at token `)`
   ? PSI(<name>) expected
   ? error occurred in or before ::record line 6: ` IMG[a] = PSI(IMG[a]); `
   ? leaving ::record (5)
   skipping text from `;` error at token `)`
ROW|118|0|105|14
ROW|119|0|106|15
   ? PSI(<name>) expected
   ? error occurred in or before ::record line 6: ` IMG[a] = PSI(IMG[a]); `
   ? leaving ::record (5)
   skipping text from `;` error at token `)`
   ? PSI(<name>) expected
   ? error occurred in or before ::record line 6: ` IMG[a] = PSI(IMG[a]); `
   ? leaving ::record (5)
   skipping text from `;` error at token `)`
   ? PSI(<name>) expected
   ? error occurred in or before ::record line 6: ` IMG[a] = PSI(IMG[a]); `
   ? leaving ::record (5)
   skipping text from `;` error at token `)`
   ? PSI(<name>) expected
   ? error occurred in or before ::record line 6: ` IMG[a] = PSI(IMG[a]); `
   ? leaving ::record (5)
   skipping text from `;` error at token `)`
   ? PSI(<name>) expected
   ? error occurred in or before ::record line 6: ` IMG[a] = PSI(IMG[a]); `
   ? leaving ::record (5)
   skipping text from `;` error at token `)`
   ? PSI(<name>) expected
   ? error occurred in or before ::record line 6: ` IMG[a] = PSI(IMG[a]); `
   ? leaving ::record (5)
   skipping text from `;` error at token `)`
ROW|120|0|107|15
   ? PSI(<name>) expected
   ? error occurred in or before ::record line 6: ` IMG[a] = PSI(IMG[a]); `
   ? leaving ::record (5)
   skipping text from `;` error at token `)`
   ? PSI(<name>) expected
   ? error occurred in or before ::record line 6: ` IMG[a] = PSI(IMG[a]); `
   ? leaving ::record (5)
   skipping text from `;` error at token `)`
   ? PSI(<name>) expected
   ? error occurred in or before ::record line 6: ` IMG[a] = PSI(IMG[a]); `
   ? leaving ::record (5)
   skipping text from `;` error at token `)`
   ? PSI(<name>) expected
   ? error occurred in or before ::record line 6: ` IMG[a] = PSI(IMG[a]); `
   ? leaving ::record (5)
   skipping text from `;` error at token `)`
ROW|121|0|108|21
   ? PSI(<name>) expected
   ? error occurred in or before ::record line 6: ` IMG[a] = PSI(IMG[a]); `
   ? leaving ::record (5)
   skipping text from `;` error at token `)`
   ? PSI(<name>) expected
   ? error occurred in or before ::record line 6: ` IMG[a] = PSI(IMG[a]); `
   ? leaving ::record (5)
   skipping text from `;` error at token `)`
   ? PSI(<name>) expected
   ? error occurred in or before ::record line 6: ` IMG[a] = PSI(IMG[a]); `
   ? leaving ::record (5)
   skipping text from `;` error at token `)`
   ? PSI(<name>) expected
   ? error occurred in or before ::record line 6: ` IMG[a] = PSI(IMG[a]); `
   ? leaving ::record (5)
   skipping text from `;` error at token `)`
   ? PSI(<name>) expected
   ? error occurred in or before ::record line 6: ` IMG[a] = PSI(IMG[a]); `
   ? leaving ::record (5)
   skipping text from `;` error at token `)`
   ? PSI(<name>) expected
   ? error occurred in or before ::record line 6: ` IMG[a] = PSI(IMG[a]); `
   ? leaving ::record (5)
   skipping text from `;` error at token `)`
ROW|122|0|109|23
   ? PSI(<name>) expected
   ? error occurred in or before ::record line 6: ` IMG[a] = PSI(IMG[a]); `
   ? leaving ::record (5)
   skipping text from `;` error at token `)`
   ? PSI(<name>) expected
   ? error occurred in or before ::record line 6: ` IMG[a] = PSI(IMG[a]); `
   ? leaving ::record (5)
   skipping text from `;` error at token `)`
   ? PSI(<name>) expected
   ? error occurred in or before ::record line 6: ` IMG[a] = PSI(IMG[a]); `
   ? leaving ::record (5)
   skipping text from `;` error at token `)`
   ? PSI(<name>) expected
   ? error occurred in or before ::record line 6: ` IMG[a] = PSI(IMG[a]); `
   ? leaving ::record (5)
   skipping text from `;` error at token `)`
   ? PSI(<name>) expected
   ? error occurred in or before ::record line 6: ` IMG[a] = PSI(IMG[a]); `
   ? leaving ::record (5)
   skipping text from `;` error at token `)`
   ? PSI(<name>) expected
   ? error occurred in or before ::record line 6: ` IMG[a] = PSI(IMG[a]); `
   ? leaving ::record (5)

halt 1
