	Command being timed: "/home/ubuntu/venvs/td6/bin/python /home/ubuntu/jc2q8-box02/repo/cases/max12_912_order3_nu_q8_p127_extension_point_count_aws_20260825/aggregate.py /home/ubuntu/jc2q8-box02/out/q8_p127_fq2_points_box02_v1_i00/result.json /home/ubuntu/jc2q8-box02/out/q8_p127_fq2_points_box02_v1_i01/result.json /home/ubuntu/jc2q8-box02/out/q8_p127_fq2_points_box02_v1_i02/result.json /home/ubuntu/jc2q8-box02/out/q8_p127_fq2_points_box02_v1_i03/result.json /home/ubuntu/jc2q8-box02/out/q8_p127_fq2_points_box02_v1_i04/result.json /home/ubuntu/jc2q8-box02/out/q8_p127_fq2_points_box02_v1_i05/result.json /home/ubuntu/jc2q8-box02/out/q8_p127_fq2_points_box02_v1_i06/result.json /home/ubuntu/jc2q8-box02/out/q8_p127_fq2_points_box02_v1_i07/result.json /home/ubuntu/jc2q8-box02/out/q8_p127_fq2_points_box02_v1_i08/result.json /home/ubuntu/jc2q8-box02/out/q8_p127_fq2_points_box02_v1_i09/result.json /home/ubuntu/jc2q8-box02/out/q8_p127_fq2_points_box02_v1_i10/result.json /home/ubuntu/jc2q8-box02/out/q8_p127_fq2_points_box02_v1_i11/result.json /home/ubuntu/jc2q8-box02/out/q8_p127_fq2_points_box02_v1_i12/result.json /home/ubuntu/jc2q8-box02/out/q8_p127_fq2_points_box02_v1_i13/result.json /home/ubuntu/jc2q8-box02/out/q8_p127_fq2_points_box02_v1_i14/result.json /home/ubuntu/jc2q8-box02/out/q8_p127_fq2_points_box02_v1_i15/result.json"
	User time (seconds): 0.03
	System time (seconds): 0.00
	Percent of CPU this job got: 97%
	Elapsed (wall clock) time (h:mm:ss or m:ss): 0:00.04
	Average shared text size (kbytes): 0
	Average unshared data size (kbytes): 0
	Average stack size (kbytes): 0
	Average total size (kbytes): 0
	Maximum resident set size (kbytes): 14524
	Average resident set size (kbytes): 0
	Major (requiring I/O) page faults: 0
	Minor (reclaiming a frame) page faults: 2230
	Voluntary context switches: 1
	Involuntary context switches: 0
	Swaps: 0
	File system inputs: 0
	File system outputs: 8
	Socket messages sent: 0
	Socket messages received: 0
	Signals delivered: 0
	Page size (bytes): 4096
	Exit status: 0
