{
  "clean_unit": false,
  "command": [
    "/usr/bin/time",
    "-v",
    "-o",
    "/home/ubuntu/jc2/box/s56-recert-20260905/triangular-runs/S6_part1_Q_direct_slimgb.time",
    "Singular",
    "--cpus=1",
    "--threads=1",
    "--flint-threads=1",
    "--no-rc",
    "-q",
    "/home/ubuntu/jc2/box/s56-recert-20260905/reducer-analysis/direct-slimgb/S6_part1_Q_direct_slimgb.sing"
  ],
  "elapsed_seconds": 1800.123254,
  "finished_utc": "2026-09-05T16:07:03.604462Z",
  "host": "ip-172-30-0-62",
  "last_observed_process_group": [
    17531,
    17533
  ],
  "markers": {
    "pivot_ok_count": 0,
    "substitution_ok_count": 0
  },
  "maximum_process_group_rss_kb": 6593384,
  "requested_cpu": 17,
  "returncode": -15,
  "sample_count": 14078,
  "schema": "jc2.s56-recert.triangular-run/v1",
  "script": "/home/ubuntu/jc2/box/s56-recert-20260905/reducer-analysis/direct-slimgb/S6_part1_Q_direct_slimgb.sing",
  "script_sha256": "54a06bd4738496987733452feb60ae04c702d3a573875838b52856b0c4587a84",
  "started_utc": "2026-09-05T15:37:03.481112Z",
  "stderr": "/home/ubuntu/jc2/box/s56-recert-20260905/triangular-runs/S6_part1_Q_direct_slimgb.err",
  "stderr_sha256": "e3b0c44298fc1c149afbf4c8996fb92427ae41e4649b934ca495991b7852b855",
  "stdout": "/home/ubuntu/jc2/box/s56-recert-20260905/triangular-runs/S6_part1_Q_direct_slimgb.out",
  "stdout_sha256": "cf14d1bdf6390d64a572995764e4c52e1fe935891f00827d2bc0e6057b929534",
  "time": "/home/ubuntu/jc2/box/s56-recert-20260905/triangular-runs/S6_part1_Q_direct_slimgb.time",
  "time_sha256": "e3b0c44298fc1c149afbf4c8996fb92427ae41e4649b934ca495991b7852b855",
  "timed_out": true
}
