POLL_UTC=2026-09-05T17:01:52Z
               total        used        free      shared  buff/cache   available
Mem:     532326555648  7982059520 526839197696     3391488  1345056768 524344496128
Swap:              0           0           0
    PID    PPID    PGID ELAPSED   RSS    VSZ %MEM COMMAND         COMMAND
   3822    3815    3822      59  2196   6148  0.0 timeout         timeout --signal=TERM --kill-after=60s 10200s /usr/bin/time -v -o /home/ubuntu/jc2/box/gi70-longsolve-20260905/results/a_exact_std/time-v.txt stdbuf -oL Singular --no-rc -q /home/ubuntu/jc2/box/gi70-longsolve-20260905/inputs/a_exact_std.sing
   3826    3822    3822      59  1648   2720  0.0 time            /usr/bin/time -v -o /home/ubuntu/jc2/box/gi70-longsolve-20260905/results/a_exact_std/time-v.txt stdbuf -oL Singular --no-rc -q /home/ubuntu/jc2/box/gi70-longsolve-20260905/inputs/a_exact_std.sing
   3830    3826    3822      59 2252536 2273348  0.4 Singular     Singular --no-rc -q /home/ubuntu/jc2/box/gi70-longsolve-20260905/inputs/a_exact_std.sing
   3957    3950    3957       5  2196   6148  0.0 timeout         timeout --signal=TERM --kill-after=60s 10200s /usr/bin/time -v -o /home/ubuntu/jc2/box/gi70-longsolve-20260905/results/b_guided_hilbert/time-v.txt stdbuf -oL python3 /home/ubuntu/jc2/box/gi70-longsolve-20260905/run_guided.py
   3961    3957    3957       5  1652   2720  0.0 time            /usr/bin/time -v -o /home/ubuntu/jc2/box/gi70-longsolve-20260905/results/b_guided_hilbert/time-v.txt stdbuf -oL python3 /home/ubuntu/jc2/box/gi70-longsolve-20260905/run_guided.py
   3962    3961    3957       5 19944  29176  0.0 python3         python3 /home/ubuntu/jc2/box/gi70-longsolve-20260905/run_guided.py
   3966    3962    3957       5 931972 952500  0.1 Singular       Singular --no-rc -q /home/ubuntu/jc2/box/gi70-longsolve-20260905/inputs/b_hilbert_seed_p32003.sing
   4016       1    4015       0  2100   7748  0.0 bash            bash -c cd /home/ubuntu/jc2/box/moh14-charts-20260905 && setsid bash -c 'timeout 10320 stdbuf -oL bash classes/../../gi70-longsolve-20260905/jobs/gi70_c_c1_msolve_fleet.sh > $HOME/gi70_c_c1_msolve.log 2>&1' </dev/null >/dev/null 2>&1 & echo LAUNCHED gi70_c_c1_msolve pid=$!
   4017    4016    4017       0  3544   7748  0.0 bash            bash -c timeout 10320 stdbuf -oL bash classes/../../gi70-longsolve-20260905/jobs/gi70_c_c1_msolve_fleet.sh > $HOME/gi70_c_c1_msolve.log 2>&1
   4018    4017    4018       0  2164   6128  0.0 timeout         timeout 10320 stdbuf -oL bash classes/../../gi70-longsolve-20260905/jobs/gi70_c_c1_msolve_fleet.sh
   4019    4018    4018       0  3612   7896  0.0 bash            bash classes/../../gi70-longsolve-20260905/jobs/gi70_c_c1_msolve_fleet.sh
   4030    4019    4018       0  2256   7764  0.0 bash            bash classes/../../gi70-longsolve-20260905/jobs/gi70_c_c1_msolve_fleet.sh
   4033    4019    4033       0  2188   6148  0.0 timeout         timeout --signal=TERM --kill-after=60s 10200s /usr/bin/time -v -o /home/ubuntu/jc2/box/gi70-longsolve-20260905/results/c_c1_msolve/time-v.txt stdbuf -oL msolve -g 2 -t 32 -v 2 -l 44 -m 2000 -f /home/ubuntu/jc2/box/gi70-longsolve-20260905/inputs/c_c1_p1073741827.ms -o /home/ubuntu/jc2/box/gi70-longsolve-20260905/results/c_c1_msolve/msolve.out
   4035    4033    4018       0  2004   6148  0.0 tee             tee /home/ubuntu/jc2/box/gi70-longsolve-20260905/results/c_c1_msolve/stdout.log
   4036    4033    4018       0  2004   6148  0.0 tee             tee /home/ubuntu/jc2/box/gi70-longsolve-20260905/results/c_c1_msolve/stderr.log
   4037    4033    4033       0  1652   2720  0.0 time            /usr/bin/time -v -o /home/ubuntu/jc2/box/gi70-longsolve-20260905/results/c_c1_msolve/time-v.txt stdbuf -oL msolve -g 2 -t 32 -v 2 -l 44 -m 2000 -f /home/ubuntu/jc2/box/gi70-longsolve-20260905/inputs/c_c1_p1073741827.ms -o /home/ubuntu/jc2/box/gi70-longsolve-20260905/results/c_c1_msolve/msolve.out
   4039    4030    4018       0  3956   9748  0.0 awk             awk NR==1 || /Singular|msolve|run_guided.py|guided_gb.py/
   4040    4037    4033       0  6612 1081300  0.0 msolve         msolve -g 2 -t 32 -v 2 -l 44 -m 2000 -f /home/ubuntu/jc2/box/gi70-longsolve-20260905/inputs/c_c1_p1073741827.ms -o /home/ubuntu/jc2/box/gi70-longsolve-20260905/results/c_c1_msolve/msolve.out
POLL_UTC=2026-09-05T17:16:52Z
               total        used        free      shared  buff/cache   available
Mem:     532326555648 51931508736 482437951488     3432448  1839493120 480395046912
Swap:              0           0           0
    PID    PPID    PGID ELAPSED   RSS    VSZ %MEM COMMAND         COMMAND
   3822    3815    3822     959  2196   6148  0.0 timeout         timeout --signal=TERM --kill-after=60s 10200s /usr/bin/time -v -o /home/ubuntu/jc2/box/gi70-longsolve-20260905/results/a_exact_std/time-v.txt stdbuf -oL Singular --no-rc -q /home/ubuntu/jc2/box/gi70-longsolve-20260905/inputs/a_exact_std.sing
   3826    3822    3822     959  1648   2720  0.0 time            /usr/bin/time -v -o /home/ubuntu/jc2/box/gi70-longsolve-20260905/results/a_exact_std/time-v.txt stdbuf -oL Singular --no-rc -q /home/ubuntu/jc2/box/gi70-longsolve-20260905/inputs/a_exact_std.sing
   3830    3826    3822     959 4890660 4912148  0.9 Singular     Singular --no-rc -q /home/ubuntu/jc2/box/gi70-longsolve-20260905/inputs/a_exact_std.sing
   3957    3950    3957     905  2196   6148  0.0 timeout         timeout --signal=TERM --kill-after=60s 10200s /usr/bin/time -v -o /home/ubuntu/jc2/box/gi70-longsolve-20260905/results/b_guided_hilbert/time-v.txt stdbuf -oL python3 /home/ubuntu/jc2/box/gi70-longsolve-20260905/run_guided.py
   3961    3957    3957     905  1652   2720  0.0 time            /usr/bin/time -v -o /home/ubuntu/jc2/box/gi70-longsolve-20260905/results/b_guided_hilbert/time-v.txt stdbuf -oL python3 /home/ubuntu/jc2/box/gi70-longsolve-20260905/run_guided.py
   3962    3961    3957     905 19944  29176  0.0 python3         python3 /home/ubuntu/jc2/box/gi70-longsolve-20260905/run_guided.py
   3966    3962    3957     905 25035988 25058000  4.8 Singular   Singular --no-rc -q /home/ubuntu/jc2/box/gi70-longsolve-20260905/inputs/b_hilbert_seed_p32003.sing
   4016       1    4015     900  2100   7748  0.0 bash            bash -c cd /home/ubuntu/jc2/box/moh14-charts-20260905 && setsid bash -c 'timeout 10320 stdbuf -oL bash classes/../../gi70-longsolve-20260905/jobs/gi70_c_c1_msolve_fleet.sh > $HOME/gi70_c_c1_msolve.log 2>&1' </dev/null >/dev/null 2>&1 & echo LAUNCHED gi70_c_c1_msolve pid=$!
   4017    4016    4017     900  3544   7748  0.0 bash            bash -c timeout 10320 stdbuf -oL bash classes/../../gi70-longsolve-20260905/jobs/gi70_c_c1_msolve_fleet.sh > $HOME/gi70_c_c1_msolve.log 2>&1
   4018    4017    4018     900  2164   6128  0.0 timeout         timeout 10320 stdbuf -oL bash classes/../../gi70-longsolve-20260905/jobs/gi70_c_c1_msolve_fleet.sh
   4019    4018    4018     900  3612   7896  0.0 bash            bash classes/../../gi70-longsolve-20260905/jobs/gi70_c_c1_msolve_fleet.sh
   4030    4019    4018     900  2256   7764  0.0 bash            bash classes/../../gi70-longsolve-20260905/jobs/gi70_c_c1_msolve_fleet.sh
   4033    4019    4033     900  2188   6148  0.0 timeout         timeout --signal=TERM --kill-after=60s 10200s /usr/bin/time -v -o /home/ubuntu/jc2/box/gi70-longsolve-20260905/results/c_c1_msolve/time-v.txt stdbuf -oL msolve -g 2 -t 32 -v 2 -l 44 -m 2000 -f /home/ubuntu/jc2/box/gi70-longsolve-20260905/inputs/c_c1_p1073741827.ms -o /home/ubuntu/jc2/box/gi70-longsolve-20260905/results/c_c1_msolve/msolve.out
   4035    4033    4018     900  2004   6148  0.0 tee             tee /home/ubuntu/jc2/box/gi70-longsolve-20260905/results/c_c1_msolve/stdout.log
   4036    4033    4018     900  2004   6148  0.0 tee             tee /home/ubuntu/jc2/box/gi70-longsolve-20260905/results/c_c1_msolve/stderr.log
   4037    4033    4033     900  1652   2720  0.0 time            /usr/bin/time -v -o /home/ubuntu/jc2/box/gi70-longsolve-20260905/results/c_c1_msolve/time-v.txt stdbuf -oL msolve -g 2 -t 32 -v 2 -l 44 -m 2000 -f /home/ubuntu/jc2/box/gi70-longsolve-20260905/inputs/c_c1_p1073741827.ms -o /home/ubuntu/jc2/box/gi70-longsolve-20260905/results/c_c1_msolve/msolve.out
   4040    4037    4033     900 15052340 26007492  2.8 msolve     msolve -g 2 -t 32 -v 2 -l 44 -m 2000 -f /home/ubuntu/jc2/box/gi70-longsolve-20260905/inputs/c_c1_p1073741827.ms -o /home/ubuntu/jc2/box/gi70-longsolve-20260905/results/c_c1_msolve/msolve.out
   4132    4125    4132     895  2192   6148  0.0 timeout         timeout --signal=TERM --kill-after=60s 10200s /usr/bin/time -v -o /home/ubuntu/jc2/box/gi70-longsolve-20260905/results/d_c1_slimgb/time-v.txt stdbuf -oL Singular --no-rc -q /home/ubuntu/jc2/box/gi70-longsolve-20260905/inputs/d_c1_slimgb.sing
   4136    4132    4132     895  1648   2720  0.0 time            /usr/bin/time -v -o /home/ubuntu/jc2/box/gi70-longsolve-20260905/results/d_c1_slimgb/time-v.txt stdbuf -oL Singular --no-rc -q /home/ubuntu/jc2/box/gi70-longsolve-20260905/inputs/d_c1_slimgb.sing
   4137    4136    4132     895 776748 796708  0.1 Singular       Singular --no-rc -q /home/ubuntu/jc2/box/gi70-longsolve-20260905/inputs/d_c1_slimgb.sing
   4519    4518    4519     783  3588   7832  0.0 bash            bash -c while true; do date -u +TICK=%Y-%m-%dT%H:%M:%SZ; ps -C Singular -C msolve -C python3 -o pid=,etimes=,rss=,comm=,args= | grep -E "a_exact_std|b_hilbert|c_c1|d_c1|run_guided" || true; for f in /home/ubuntu/jc2/box/gi70-longsolve-20260905/results/*/returncode.txt; do test -e "$f" && echo "DONE $f $(cat "$f")"; done; pgrep -f "[g]i70_(a_exact_std|b_guided_hilbert|c_c1_msolve|d_c1_slimgb)_fleet.sh" >/dev/null || break; sleep 55; done
   9943    4030    4018       0  3940   9748  0.0 awk             awk NR==1 || /Singular|msolve|run_guided.py|guided_gb.py/
POLL_UTC=2026-09-05T17:31:52Z
               total        used        free      shared  buff/cache   available
Mem:     532326555648 70755647488 463612530688     3428352  1840742400 461570908160
Swap:              0           0           0
    PID    PPID    PGID ELAPSED   RSS    VSZ %MEM COMMAND         COMMAND
   3822    3815    3822    1859  2196   6148  0.0 timeout         timeout --signal=TERM --kill-after=60s 10200s /usr/bin/time -v -o /home/ubuntu/jc2/box/gi70-longsolve-20260905/results/a_exact_std/time-v.txt stdbuf -oL Singular --no-rc -q /home/ubuntu/jc2/box/gi70-longsolve-20260905/inputs/a_exact_std.sing
   3826    3822    3822    1859  1648   2720  0.0 time            /usr/bin/time -v -o /home/ubuntu/jc2/box/gi70-longsolve-20260905/results/a_exact_std/time-v.txt stdbuf -oL Singular --no-rc -q /home/ubuntu/jc2/box/gi70-longsolve-20260905/inputs/a_exact_std.sing
   3830    3826    3822    1859 7178028 7198352  1.3 Singular     Singular --no-rc -q /home/ubuntu/jc2/box/gi70-longsolve-20260905/inputs/a_exact_std.sing
   3957    3950    3957    1805  2196   6148  0.0 timeout         timeout --signal=TERM --kill-after=60s 10200s /usr/bin/time -v -o /home/ubuntu/jc2/box/gi70-longsolve-20260905/results/b_guided_hilbert/time-v.txt stdbuf -oL python3 /home/ubuntu/jc2/box/gi70-longsolve-20260905/run_guided.py
   3961    3957    3957    1805  1652   2720  0.0 time            /usr/bin/time -v -o /home/ubuntu/jc2/box/gi70-longsolve-20260905/results/b_guided_hilbert/time-v.txt stdbuf -oL python3 /home/ubuntu/jc2/box/gi70-longsolve-20260905/run_guided.py
   3962    3961    3957    1805 19944  29176  0.0 python3         python3 /home/ubuntu/jc2/box/gi70-longsolve-20260905/run_guided.py
   3966    3962    3957    1805 36580972 36603480  7.0 Singular   Singular --no-rc -q /home/ubuntu/jc2/box/gi70-longsolve-20260905/inputs/b_hilbert_seed_p32003.sing
   4016       1    4015    1800  2100   7748  0.0 bash            bash -c cd /home/ubuntu/jc2/box/moh14-charts-20260905 && setsid bash -c 'timeout 10320 stdbuf -oL bash classes/../../gi70-longsolve-20260905/jobs/gi70_c_c1_msolve_fleet.sh > $HOME/gi70_c_c1_msolve.log 2>&1' </dev/null >/dev/null 2>&1 & echo LAUNCHED gi70_c_c1_msolve pid=$!
   4017    4016    4017    1800  3544   7748  0.0 bash            bash -c timeout 10320 stdbuf -oL bash classes/../../gi70-longsolve-20260905/jobs/gi70_c_c1_msolve_fleet.sh > $HOME/gi70_c_c1_msolve.log 2>&1
   4018    4017    4018    1800  2164   6128  0.0 timeout         timeout 10320 stdbuf -oL bash classes/../../gi70-longsolve-20260905/jobs/gi70_c_c1_msolve_fleet.sh
   4019    4018    4018    1800  3612   7896  0.0 bash            bash classes/../../gi70-longsolve-20260905/jobs/gi70_c_c1_msolve_fleet.sh
   4030    4019    4018    1800  2260   7764  0.0 bash            bash classes/../../gi70-longsolve-20260905/jobs/gi70_c_c1_msolve_fleet.sh
   4033    4019    4033    1800  2188   6148  0.0 timeout         timeout --signal=TERM --kill-after=60s 10200s /usr/bin/time -v -o /home/ubuntu/jc2/box/gi70-longsolve-20260905/results/c_c1_msolve/time-v.txt stdbuf -oL msolve -g 2 -t 32 -v 2 -l 44 -m 2000 -f /home/ubuntu/jc2/box/gi70-longsolve-20260905/inputs/c_c1_p1073741827.ms -o /home/ubuntu/jc2/box/gi70-longsolve-20260905/results/c_c1_msolve/msolve.out
   4035    4033    4018    1800  2004   6148  0.0 tee             tee /home/ubuntu/jc2/box/gi70-longsolve-20260905/results/c_c1_msolve/stdout.log
   4036    4033    4018    1800  2004   6148  0.0 tee             tee /home/ubuntu/jc2/box/gi70-longsolve-20260905/results/c_c1_msolve/stderr.log
   4037    4033    4033    1800  1652   2720  0.0 time            /usr/bin/time -v -o /home/ubuntu/jc2/box/gi70-longsolve-20260905/results/c_c1_msolve/time-v.txt stdbuf -oL msolve -g 2 -t 32 -v 2 -l 44 -m 2000 -f /home/ubuntu/jc2/box/gi70-longsolve-20260905/inputs/c_c1_p1073741827.ms -o /home/ubuntu/jc2/box/gi70-longsolve-20260905/results/c_c1_msolve/msolve.out
   4040    4037    4033    1800 19277112 26480924  3.7 msolve     msolve -g 2 -t 32 -v 2 -l 44 -m 2000 -f /home/ubuntu/jc2/box/gi70-longsolve-20260905/inputs/c_c1_p1073741827.ms -o /home/ubuntu/jc2/box/gi70-longsolve-20260905/results/c_c1_msolve/msolve.out
   4132    4125    4132    1795  2192   6148  0.0 timeout         timeout --signal=TERM --kill-after=60s 10200s /usr/bin/time -v -o /home/ubuntu/jc2/box/gi70-longsolve-20260905/results/d_c1_slimgb/time-v.txt stdbuf -oL Singular --no-rc -q /home/ubuntu/jc2/box/gi70-longsolve-20260905/inputs/d_c1_slimgb.sing
   4136    4132    4132    1795  1648   2720  0.0 time            /usr/bin/time -v -o /home/ubuntu/jc2/box/gi70-longsolve-20260905/results/d_c1_slimgb/time-v.txt stdbuf -oL Singular --no-rc -q /home/ubuntu/jc2/box/gi70-longsolve-20260905/inputs/d_c1_slimgb.sing
   4137    4136    4132    1795 1204316 1224276  0.2 Singular     Singular --no-rc -q /home/ubuntu/jc2/box/gi70-longsolve-20260905/inputs/d_c1_slimgb.sing
   4519    4518    4519    1683  3588   7832  0.0 bash            bash -c while true; do date -u +TICK=%Y-%m-%dT%H:%M:%SZ; ps -C Singular -C msolve -C python3 -o pid=,etimes=,rss=,comm=,args= | grep -E "a_exact_std|b_hilbert|c_c1|d_c1|run_guided" || true; for f in /home/ubuntu/jc2/box/gi70-longsolve-20260905/results/*/returncode.txt; do test -e "$f" && echo "DONE $f $(cat "$f")"; done; pgrep -f "[g]i70_(a_exact_std|b_guided_hilbert|c_c1_msolve|d_c1_slimgb)_fleet.sh" >/dev/null || break; sleep 55; done
  10690    4030    4018       0  3968   9748  0.0 awk             awk NR==1 || /Singular|msolve|run_guided.py|guided_gb.py/
POLL_UTC=2026-09-05T17:46:52Z
               total        used        free      shared  buff/cache   available
Mem:     532326555648 78624735232 455742898176     3428352  1841328128 453701820416
Swap:              0           0           0
    PID    PPID    PGID ELAPSED   RSS    VSZ %MEM COMMAND         COMMAND
   3822    3815    3822    2759  2196   6148  0.0 timeout         timeout --signal=TERM --kill-after=60s 10200s /usr/bin/time -v -o /home/ubuntu/jc2/box/gi70-longsolve-20260905/results/a_exact_std/time-v.txt stdbuf -oL Singular --no-rc -q /home/ubuntu/jc2/box/gi70-longsolve-20260905/inputs/a_exact_std.sing
   3826    3822    3822    2759  1648   2720  0.0 time            /usr/bin/time -v -o /home/ubuntu/jc2/box/gi70-longsolve-20260905/results/a_exact_std/time-v.txt stdbuf -oL Singular --no-rc -q /home/ubuntu/jc2/box/gi70-longsolve-20260905/inputs/a_exact_std.sing
   3830    3826    3822    2759 7257912 7278224  1.3 Singular     Singular --no-rc -q /home/ubuntu/jc2/box/gi70-longsolve-20260905/inputs/a_exact_std.sing
   3957    3950    3957    2705  2196   6148  0.0 timeout         timeout --signal=TERM --kill-after=60s 10200s /usr/bin/time -v -o /home/ubuntu/jc2/box/gi70-longsolve-20260905/results/b_guided_hilbert/time-v.txt stdbuf -oL python3 /home/ubuntu/jc2/box/gi70-longsolve-20260905/run_guided.py
   3961    3957    3957    2705  1652   2720  0.0 time            /usr/bin/time -v -o /home/ubuntu/jc2/box/gi70-longsolve-20260905/results/b_guided_hilbert/time-v.txt stdbuf -oL python3 /home/ubuntu/jc2/box/gi70-longsolve-20260905/run_guided.py
   3962    3961    3957    2705 19944  29176  0.0 python3         python3 /home/ubuntu/jc2/box/gi70-longsolve-20260905/run_guided.py
   3966    3962    3957    2705 41604988 41625504  8.0 Singular   Singular --no-rc -q /home/ubuntu/jc2/box/gi70-longsolve-20260905/inputs/b_hilbert_seed_p32003.sing
   4016       1    4015    2700  2100   7748  0.0 bash            bash -c cd /home/ubuntu/jc2/box/moh14-charts-20260905 && setsid bash -c 'timeout 10320 stdbuf -oL bash classes/../../gi70-longsolve-20260905/jobs/gi70_c_c1_msolve_fleet.sh > $HOME/gi70_c_c1_msolve.log 2>&1' </dev/null >/dev/null 2>&1 & echo LAUNCHED gi70_c_c1_msolve pid=$!
   4017    4016    4017    2700  3544   7748  0.0 bash            bash -c timeout 10320 stdbuf -oL bash classes/../../gi70-longsolve-20260905/jobs/gi70_c_c1_msolve_fleet.sh > $HOME/gi70_c_c1_msolve.log 2>&1
   4018    4017    4018    2700  2164   6128  0.0 timeout         timeout 10320 stdbuf -oL bash classes/../../gi70-longsolve-20260905/jobs/gi70_c_c1_msolve_fleet.sh
   4019    4018    4018    2700  3612   7896  0.0 bash            bash classes/../../gi70-longsolve-20260905/jobs/gi70_c_c1_msolve_fleet.sh
   4030    4019    4018    2700  2260   7764  0.0 bash            bash classes/../../gi70-longsolve-20260905/jobs/gi70_c_c1_msolve_fleet.sh
   4033    4019    4033    2700  2188   6148  0.0 timeout         timeout --signal=TERM --kill-after=60s 10200s /usr/bin/time -v -o /home/ubuntu/jc2/box/gi70-longsolve-20260905/results/c_c1_msolve/time-v.txt stdbuf -oL msolve -g 2 -t 32 -v 2 -l 44 -m 2000 -f /home/ubuntu/jc2/box/gi70-longsolve-20260905/inputs/c_c1_p1073741827.ms -o /home/ubuntu/jc2/box/gi70-longsolve-20260905/results/c_c1_msolve/msolve.out
   4035    4033    4018    2700  2004   6148  0.0 tee             tee /home/ubuntu/jc2/box/gi70-longsolve-20260905/results/c_c1_msolve/stdout.log
   4036    4033    4018    2700  2004   6148  0.0 tee             tee /home/ubuntu/jc2/box/gi70-longsolve-20260905/results/c_c1_msolve/stderr.log
   4037    4033    4033    2700  1652   2720  0.0 time            /usr/bin/time -v -o /home/ubuntu/jc2/box/gi70-longsolve-20260905/results/c_c1_msolve/time-v.txt stdbuf -oL msolve -g 2 -t 32 -v 2 -l 44 -m 2000 -f /home/ubuntu/jc2/box/gi70-longsolve-20260905/inputs/c_c1_p1073741827.ms -o /home/ubuntu/jc2/box/gi70-longsolve-20260905/results/c_c1_msolve/msolve.out
   4040    4037    4033    2700 21527208 27194600  4.1 msolve     msolve -g 2 -t 32 -v 2 -l 44 -m 2000 -f /home/ubuntu/jc2/box/gi70-longsolve-20260905/inputs/c_c1_p1073741827.ms -o /home/ubuntu/jc2/box/gi70-longsolve-20260905/results/c_c1_msolve/msolve.out
   4132    4125    4132    2695  2192   6148  0.0 timeout         timeout --signal=TERM --kill-after=60s 10200s /usr/bin/time -v -o /home/ubuntu/jc2/box/gi70-longsolve-20260905/results/d_c1_slimgb/time-v.txt stdbuf -oL Singular --no-rc -q /home/ubuntu/jc2/box/gi70-longsolve-20260905/inputs/d_c1_slimgb.sing
   4136    4132    4132    2695  1648   2720  0.0 time            /usr/bin/time -v -o /home/ubuntu/jc2/box/gi70-longsolve-20260905/results/d_c1_slimgb/time-v.txt stdbuf -oL Singular --no-rc -q /home/ubuntu/jc2/box/gi70-longsolve-20260905/inputs/d_c1_slimgb.sing
   4137    4136    4132    2695 1470500 1490456  0.2 Singular     Singular --no-rc -q /home/ubuntu/jc2/box/gi70-longsolve-20260905/inputs/d_c1_slimgb.sing
   4519    4518    4519    2583  3588   7832  0.0 bash            bash -c while true; do date -u +TICK=%Y-%m-%dT%H:%M:%SZ; ps -C Singular -C msolve -C python3 -o pid=,etimes=,rss=,comm=,args= | grep -E "a_exact_std|b_hilbert|c_c1|d_c1|run_guided" || true; for f in /home/ubuntu/jc2/box/gi70-longsolve-20260905/results/*/returncode.txt; do test -e "$f" && echo "DONE $f $(cat "$f")"; done; pgrep -f "[g]i70_(a_exact_std|b_guided_hilbert|c_c1_msolve|d_c1_slimgb)_fleet.sh" >/dev/null || break; sleep 55; done
  10870    4030    4018       0  3936   9748  0.0 awk             awk NR==1 || /Singular|msolve|run_guided.py|guided_gb.py/
POLL_UTC=2026-09-05T18:01:52Z
               total        used        free      shared  buff/cache   available
Mem:     532326555648 91194568704 443172839424     3428352  1841577984 441131986944
Swap:              0           0           0
    PID    PPID    PGID ELAPSED   RSS    VSZ %MEM COMMAND         COMMAND
   3822    3815    3822    3659  2196   6148  0.0 timeout         timeout --signal=TERM --kill-after=60s 10200s /usr/bin/time -v -o /home/ubuntu/jc2/box/gi70-longsolve-20260905/results/a_exact_std/time-v.txt stdbuf -oL Singular --no-rc -q /home/ubuntu/jc2/box/gi70-longsolve-20260905/inputs/a_exact_std.sing
   3826    3822    3822    3659  1648   2720  0.0 time            /usr/bin/time -v -o /home/ubuntu/jc2/box/gi70-longsolve-20260905/results/a_exact_std/time-v.txt stdbuf -oL Singular --no-rc -q /home/ubuntu/jc2/box/gi70-longsolve-20260905/inputs/a_exact_std.sing
   3830    3826    3822    3659 7943372 7964352  1.5 Singular     Singular --no-rc -q /home/ubuntu/jc2/box/gi70-longsolve-20260905/inputs/a_exact_std.sing
   3957    3950    3957    3605  2196   6148  0.0 timeout         timeout --signal=TERM --kill-after=60s 10200s /usr/bin/time -v -o /home/ubuntu/jc2/box/gi70-longsolve-20260905/results/b_guided_hilbert/time-v.txt stdbuf -oL python3 /home/ubuntu/jc2/box/gi70-longsolve-20260905/run_guided.py
   3961    3957    3957    3605  1652   2720  0.0 time            /usr/bin/time -v -o /home/ubuntu/jc2/box/gi70-longsolve-20260905/results/b_guided_hilbert/time-v.txt stdbuf -oL python3 /home/ubuntu/jc2/box/gi70-longsolve-20260905/run_guided.py
   3962    3961    3957    3605 19944  29176  0.0 python3         python3 /home/ubuntu/jc2/box/gi70-longsolve-20260905/run_guided.py
   3966    3962    3957    3605 51164400 51186520  9.8 Singular   Singular --no-rc -q /home/ubuntu/jc2/box/gi70-longsolve-20260905/inputs/b_hilbert_seed_p32003.sing
   4016       1    4015    3600  2100   7748  0.0 bash            bash -c cd /home/ubuntu/jc2/box/moh14-charts-20260905 && setsid bash -c 'timeout 10320 stdbuf -oL bash classes/../../gi70-longsolve-20260905/jobs/gi70_c_c1_msolve_fleet.sh > $HOME/gi70_c_c1_msolve.log 2>&1' </dev/null >/dev/null 2>&1 & echo LAUNCHED gi70_c_c1_msolve pid=$!
   4017    4016    4017    3600  3544   7748  0.0 bash            bash -c timeout 10320 stdbuf -oL bash classes/../../gi70-longsolve-20260905/jobs/gi70_c_c1_msolve_fleet.sh > $HOME/gi70_c_c1_msolve.log 2>&1
   4018    4017    4018    3600  2164   6128  0.0 timeout         timeout 10320 stdbuf -oL bash classes/../../gi70-longsolve-20260905/jobs/gi70_c_c1_msolve_fleet.sh
   4019    4018    4018    3600  3612   7896  0.0 bash            bash classes/../../gi70-longsolve-20260905/jobs/gi70_c_c1_msolve_fleet.sh
   4030    4019    4018    3600  2260   7764  0.0 bash            bash classes/../../gi70-longsolve-20260905/jobs/gi70_c_c1_msolve_fleet.sh
   4033    4019    4033    3600  2188   6148  0.0 timeout         timeout --signal=TERM --kill-after=60s 10200s /usr/bin/time -v -o /home/ubuntu/jc2/box/gi70-longsolve-20260905/results/c_c1_msolve/time-v.txt stdbuf -oL msolve -g 2 -t 32 -v 2 -l 44 -m 2000 -f /home/ubuntu/jc2/box/gi70-longsolve-20260905/inputs/c_c1_p1073741827.ms -o /home/ubuntu/jc2/box/gi70-longsolve-20260905/results/c_c1_msolve/msolve.out
   4035    4033    4018    3600  2004   6148  0.0 tee             tee /home/ubuntu/jc2/box/gi70-longsolve-20260905/results/c_c1_msolve/stdout.log
   4036    4033    4018    3600  2004   6148  0.0 tee             tee /home/ubuntu/jc2/box/gi70-longsolve-20260905/results/c_c1_msolve/stderr.log
   4037    4033    4033    3600  1652   2720  0.0 time            /usr/bin/time -v -o /home/ubuntu/jc2/box/gi70-longsolve-20260905/results/c_c1_msolve/time-v.txt stdbuf -oL msolve -g 2 -t 32 -v 2 -l 44 -m 2000 -f /home/ubuntu/jc2/box/gi70-longsolve-20260905/inputs/c_c1_p1073741827.ms -o /home/ubuntu/jc2/box/gi70-longsolve-20260905/results/c_c1_msolve/msolve.out
   4040    4037    4033    3600 23780276 27602936  4.5 msolve     msolve -g 2 -t 32 -v 2 -l 44 -m 2000 -f /home/ubuntu/jc2/box/gi70-longsolve-20260905/inputs/c_c1_p1073741827.ms -o /home/ubuntu/jc2/box/gi70-longsolve-20260905/results/c_c1_msolve/msolve.out
   4132    4125    4132    3595  2192   6148  0.0 timeout         timeout --signal=TERM --kill-after=60s 10200s /usr/bin/time -v -o /home/ubuntu/jc2/box/gi70-longsolve-20260905/results/d_c1_slimgb/time-v.txt stdbuf -oL Singular --no-rc -q /home/ubuntu/jc2/box/gi70-longsolve-20260905/inputs/d_c1_slimgb.sing
   4136    4132    4132    3595  1648   2720  0.0 time            /usr/bin/time -v -o /home/ubuntu/jc2/box/gi70-longsolve-20260905/results/d_c1_slimgb/time-v.txt stdbuf -oL Singular --no-rc -q /home/ubuntu/jc2/box/gi70-longsolve-20260905/inputs/d_c1_slimgb.sing
   4137    4136    4132    3595 1321092 1341048  0.2 Singular     Singular --no-rc -q /home/ubuntu/jc2/box/gi70-longsolve-20260905/inputs/d_c1_slimgb.sing
   4519    4518    4519    3483  3588   7832  0.0 bash            bash -c while true; do date -u +TICK=%Y-%m-%dT%H:%M:%SZ; ps -C Singular -C msolve -C python3 -o pid=,etimes=,rss=,comm=,args= | grep -E "a_exact_std|b_hilbert|c_c1|d_c1|run_guided" || true; for f in /home/ubuntu/jc2/box/gi70-longsolve-20260905/results/*/returncode.txt; do test -e "$f" && echo "DONE $f $(cat "$f")"; done; pgrep -f "[g]i70_(a_exact_std|b_guided_hilbert|c_c1_msolve|d_c1_slimgb)_fleet.sh" >/dev/null || break; sleep 55; done
  11095    4030    4018       0  3928   9748  0.0 awk             awk NR==1 || /Singular|msolve|run_guided.py|guided_gb.py/
POLL_UTC=2026-09-05T18:16:52Z
               total        used        free      shared  buff/cache   available
Mem:     532326555648 112187666432 422179139584     3428352  1842184192 420138889216
Swap:              0           0           0
    PID    PPID    PGID ELAPSED   RSS    VSZ %MEM COMMAND         COMMAND
   3822    3815    3822    4559  2196   6148  0.0 timeout         timeout --signal=TERM --kill-after=60s 10200s /usr/bin/time -v -o /home/ubuntu/jc2/box/gi70-longsolve-20260905/results/a_exact_std/time-v.txt stdbuf -oL Singular --no-rc -q /home/ubuntu/jc2/box/gi70-longsolve-20260905/inputs/a_exact_std.sing
   3826    3822    3822    4559  1648   2720  0.0 time            /usr/bin/time -v -o /home/ubuntu/jc2/box/gi70-longsolve-20260905/results/a_exact_std/time-v.txt stdbuf -oL Singular --no-rc -q /home/ubuntu/jc2/box/gi70-longsolve-20260905/inputs/a_exact_std.sing
   3830    3826    3822    4559 11434344 11454748  2.1 Singular   Singular --no-rc -q /home/ubuntu/jc2/box/gi70-longsolve-20260905/inputs/a_exact_std.sing
   3957    3950    3957    4505  2196   6148  0.0 timeout         timeout --signal=TERM --kill-after=60s 10200s /usr/bin/time -v -o /home/ubuntu/jc2/box/gi70-longsolve-20260905/results/b_guided_hilbert/time-v.txt stdbuf -oL python3 /home/ubuntu/jc2/box/gi70-longsolve-20260905/run_guided.py
   3961    3957    3957    4505  1652   2720  0.0 time            /usr/bin/time -v -o /home/ubuntu/jc2/box/gi70-longsolve-20260905/results/b_guided_hilbert/time-v.txt stdbuf -oL python3 /home/ubuntu/jc2/box/gi70-longsolve-20260905/run_guided.py
   3962    3961    3957    4505 19944  29176  0.0 python3         python3 /home/ubuntu/jc2/box/gi70-longsolve-20260905/run_guided.py
   3966    3962    3957    4505 59192596 59213120 11.3 Singular   Singular --no-rc -q /home/ubuntu/jc2/box/gi70-longsolve-20260905/inputs/b_hilbert_seed_p32003.sing
   4016       1    4015    4500  2100   7748  0.0 bash            bash -c cd /home/ubuntu/jc2/box/moh14-charts-20260905 && setsid bash -c 'timeout 10320 stdbuf -oL bash classes/../../gi70-longsolve-20260905/jobs/gi70_c_c1_msolve_fleet.sh > $HOME/gi70_c_c1_msolve.log 2>&1' </dev/null >/dev/null 2>&1 & echo LAUNCHED gi70_c_c1_msolve pid=$!
   4017    4016    4017    4500  3544   7748  0.0 bash            bash -c timeout 10320 stdbuf -oL bash classes/../../gi70-longsolve-20260905/jobs/gi70_c_c1_msolve_fleet.sh > $HOME/gi70_c_c1_msolve.log 2>&1
   4018    4017    4018    4500  2164   6128  0.0 timeout         timeout 10320 stdbuf -oL bash classes/../../gi70-longsolve-20260905/jobs/gi70_c_c1_msolve_fleet.sh
   4019    4018    4018    4500  3612   7896  0.0 bash            bash classes/../../gi70-longsolve-20260905/jobs/gi70_c_c1_msolve_fleet.sh
   4030    4019    4018    4500  2260   7764  0.0 bash            bash classes/../../gi70-longsolve-20260905/jobs/gi70_c_c1_msolve_fleet.sh
   4033    4019    4033    4500  2188   6148  0.0 timeout         timeout --signal=TERM --kill-after=60s 10200s /usr/bin/time -v -o /home/ubuntu/jc2/box/gi70-longsolve-20260905/results/c_c1_msolve/time-v.txt stdbuf -oL msolve -g 2 -t 32 -v 2 -l 44 -m 2000 -f /home/ubuntu/jc2/box/gi70-longsolve-20260905/inputs/c_c1_p1073741827.ms -o /home/ubuntu/jc2/box/gi70-longsolve-20260905/results/c_c1_msolve/msolve.out
   4035    4033    4018    4500  2004   6148  0.0 tee             tee /home/ubuntu/jc2/box/gi70-longsolve-20260905/results/c_c1_msolve/stdout.log
   4036    4033    4018    4500  2004   6148  0.0 tee             tee /home/ubuntu/jc2/box/gi70-longsolve-20260905/results/c_c1_msolve/stderr.log
   4037    4033    4033    4500  1652   2720  0.0 time            /usr/bin/time -v -o /home/ubuntu/jc2/box/gi70-longsolve-20260905/results/c_c1_msolve/time-v.txt stdbuf -oL msolve -g 2 -t 32 -v 2 -l 44 -m 2000 -f /home/ubuntu/jc2/box/gi70-longsolve-20260905/inputs/c_c1_p1073741827.ms -o /home/ubuntu/jc2/box/gi70-longsolve-20260905/results/c_c1_msolve/msolve.out
   4040    4037    4033    4500 32673296 50362776  6.2 msolve     msolve -g 2 -t 32 -v 2 -l 44 -m 2000 -f /home/ubuntu/jc2/box/gi70-longsolve-20260905/inputs/c_c1_p1073741827.ms -o /home/ubuntu/jc2/box/gi70-longsolve-20260905/results/c_c1_msolve/msolve.out
   4132    4125    4132    4495  2192   6148  0.0 timeout         timeout --signal=TERM --kill-after=60s 10200s /usr/bin/time -v -o /home/ubuntu/jc2/box/gi70-longsolve-20260905/results/d_c1_slimgb/time-v.txt stdbuf -oL Singular --no-rc -q /home/ubuntu/jc2/box/gi70-longsolve-20260905/inputs/d_c1_slimgb.sing
   4136    4132    4132    4495  1648   2720  0.0 time            /usr/bin/time -v -o /home/ubuntu/jc2/box/gi70-longsolve-20260905/results/d_c1_slimgb/time-v.txt stdbuf -oL Singular --no-rc -q /home/ubuntu/jc2/box/gi70-longsolve-20260905/inputs/d_c1_slimgb.sing
   4137    4136    4132    4495 1374340 1394296  0.2 Singular     Singular --no-rc -q /home/ubuntu/jc2/box/gi70-longsolve-20260905/inputs/d_c1_slimgb.sing
   4519    4518    4519    4383  3588   7832  0.0 bash            bash -c while true; do date -u +TICK=%Y-%m-%dT%H:%M:%SZ; ps -C Singular -C msolve -C python3 -o pid=,etimes=,rss=,comm=,args= | grep -E "a_exact_std|b_hilbert|c_c1|d_c1|run_guided" || true; for f in /home/ubuntu/jc2/box/gi70-longsolve-20260905/results/*/returncode.txt; do test -e "$f" && echo "DONE $f $(cat "$f")"; done; pgrep -f "[g]i70_(a_exact_std|b_guided_hilbert|c_c1_msolve|d_c1_slimgb)_fleet.sh" >/dev/null || break; sleep 55; done
  11562    4030    4018       0  3912   9748  0.0 awk             awk NR==1 || /Singular|msolve|run_guided.py|guided_gb.py/
POLL_UTC=2026-09-05T18:31:52Z
               total        used        free      shared  buff/cache   available
Mem:     532326555648 117187805184 417178664960     3428352  1842524160 415138750464
Swap:              0           0           0
    PID    PPID    PGID ELAPSED   RSS    VSZ %MEM COMMAND         COMMAND
   3822    3815    3822    5459  2196   6148  0.0 timeout         timeout --signal=TERM --kill-after=60s 10200s /usr/bin/time -v -o /home/ubuntu/jc2/box/gi70-longsolve-20260905/results/a_exact_std/time-v.txt stdbuf -oL Singular --no-rc -q /home/ubuntu/jc2/box/gi70-longsolve-20260905/inputs/a_exact_std.sing
   3826    3822    3822    5459  1648   2720  0.0 time            /usr/bin/time -v -o /home/ubuntu/jc2/box/gi70-longsolve-20260905/results/a_exact_std/time-v.txt stdbuf -oL Singular --no-rc -q /home/ubuntu/jc2/box/gi70-longsolve-20260905/inputs/a_exact_std.sing
   3830    3826    3822    5459 10957044 10977364  2.1 Singular   Singular --no-rc -q /home/ubuntu/jc2/box/gi70-longsolve-20260905/inputs/a_exact_std.sing
   3957    3950    3957    5405  2196   6148  0.0 timeout         timeout --signal=TERM --kill-after=60s 10200s /usr/bin/time -v -o /home/ubuntu/jc2/box/gi70-longsolve-20260905/results/b_guided_hilbert/time-v.txt stdbuf -oL python3 /home/ubuntu/jc2/box/gi70-longsolve-20260905/run_guided.py
   3961    3957    3957    5405  1652   2720  0.0 time            /usr/bin/time -v -o /home/ubuntu/jc2/box/gi70-longsolve-20260905/results/b_guided_hilbert/time-v.txt stdbuf -oL python3 /home/ubuntu/jc2/box/gi70-longsolve-20260905/run_guided.py
   3962    3961    3957    5405 19944  29176  0.0 python3         python3 /home/ubuntu/jc2/box/gi70-longsolve-20260905/run_guided.py
   3966    3962    3957    5405 63067712 63088340 12.1 Singular   Singular --no-rc -q /home/ubuntu/jc2/box/gi70-longsolve-20260905/inputs/b_hilbert_seed_p32003.sing
   4016       1    4015    5400  2100   7748  0.0 bash            bash -c cd /home/ubuntu/jc2/box/moh14-charts-20260905 && setsid bash -c 'timeout 10320 stdbuf -oL bash classes/../../gi70-longsolve-20260905/jobs/gi70_c_c1_msolve_fleet.sh > $HOME/gi70_c_c1_msolve.log 2>&1' </dev/null >/dev/null 2>&1 & echo LAUNCHED gi70_c_c1_msolve pid=$!
   4017    4016    4017    5400  3544   7748  0.0 bash            bash -c timeout 10320 stdbuf -oL bash classes/../../gi70-longsolve-20260905/jobs/gi70_c_c1_msolve_fleet.sh > $HOME/gi70_c_c1_msolve.log 2>&1
   4018    4017    4018    5400  2164   6128  0.0 timeout         timeout 10320 stdbuf -oL bash classes/../../gi70-longsolve-20260905/jobs/gi70_c_c1_msolve_fleet.sh
   4019    4018    4018    5400  3612   7896  0.0 bash            bash classes/../../gi70-longsolve-20260905/jobs/gi70_c_c1_msolve_fleet.sh
   4030    4019    4018    5400  2260   7764  0.0 bash            bash classes/../../gi70-longsolve-20260905/jobs/gi70_c_c1_msolve_fleet.sh
   4033    4019    4033    5400  2188   6148  0.0 timeout         timeout --signal=TERM --kill-after=60s 10200s /usr/bin/time -v -o /home/ubuntu/jc2/box/gi70-longsolve-20260905/results/c_c1_msolve/time-v.txt stdbuf -oL msolve -g 2 -t 32 -v 2 -l 44 -m 2000 -f /home/ubuntu/jc2/box/gi70-longsolve-20260905/inputs/c_c1_p1073741827.ms -o /home/ubuntu/jc2/box/gi70-longsolve-20260905/results/c_c1_msolve/msolve.out
   4035    4033    4018    5400  2004   6148  0.0 tee             tee /home/ubuntu/jc2/box/gi70-longsolve-20260905/results/c_c1_msolve/stdout.log
   4036    4033    4018    5400  2004   6148  0.0 tee             tee /home/ubuntu/jc2/box/gi70-longsolve-20260905/results/c_c1_msolve/stderr.log
   4037    4033    4033    5400  1652   2720  0.0 time            /usr/bin/time -v -o /home/ubuntu/jc2/box/gi70-longsolve-20260905/results/c_c1_msolve/time-v.txt stdbuf -oL msolve -g 2 -t 32 -v 2 -l 44 -m 2000 -f /home/ubuntu/jc2/box/gi70-longsolve-20260905/inputs/c_c1_p1073741827.ms -o /home/ubuntu/jc2/box/gi70-longsolve-20260905/results/c_c1_msolve/msolve.out
   4040    4037    4033    5400 33965000 50623232  6.5 msolve     msolve -g 2 -t 32 -v 2 -l 44 -m 2000 -f /home/ubuntu/jc2/box/gi70-longsolve-20260905/inputs/c_c1_p1073741827.ms -o /home/ubuntu/jc2/box/gi70-longsolve-20260905/results/c_c1_msolve/msolve.out
   4132    4125    4132    5395  2192   6148  0.0 timeout         timeout --signal=TERM --kill-after=60s 10200s /usr/bin/time -v -o /home/ubuntu/jc2/box/gi70-longsolve-20260905/results/d_c1_slimgb/time-v.txt stdbuf -oL Singular --no-rc -q /home/ubuntu/jc2/box/gi70-longsolve-20260905/inputs/d_c1_slimgb.sing
   4136    4132    4132    5395  1648   2720  0.0 time            /usr/bin/time -v -o /home/ubuntu/jc2/box/gi70-longsolve-20260905/results/d_c1_slimgb/time-v.txt stdbuf -oL Singular --no-rc -q /home/ubuntu/jc2/box/gi70-longsolve-20260905/inputs/d_c1_slimgb.sing
   4137    4136    4132    5395 1512712 1532640  0.2 Singular     Singular --no-rc -q /home/ubuntu/jc2/box/gi70-longsolve-20260905/inputs/d_c1_slimgb.sing
   4519    4518    4519    5283  3588   7832  0.0 bash            bash -c while true; do date -u +TICK=%Y-%m-%dT%H:%M:%SZ; ps -C Singular -C msolve -C python3 -o pid=,etimes=,rss=,comm=,args= | grep -E "a_exact_std|b_hilbert|c_c1|d_c1|run_guided" || true; for f in /home/ubuntu/jc2/box/gi70-longsolve-20260905/results/*/returncode.txt; do test -e "$f" && echo "DONE $f $(cat "$f")"; done; pgrep -f "[g]i70_(a_exact_std|b_guided_hilbert|c_c1_msolve|d_c1_slimgb)_fleet.sh" >/dev/null || break; sleep 55; done
  11690    4030    4018       0  3980   9748  0.0 awk             awk NR==1 || /Singular|msolve|run_guided.py|guided_gb.py/
POLL_UTC=2026-09-05T18:46:52Z
               total        used        free      shared  buff/cache   available
Mem:     532326555648 120425988096 413939953664     3428352  1843093504 411900567552
Swap:              0           0           0
    PID    PPID    PGID ELAPSED   RSS    VSZ %MEM COMMAND         COMMAND
   3822    3815    3822    6359  2196   6148  0.0 timeout         timeout --signal=TERM --kill-after=60s 10200s /usr/bin/time -v -o /home/ubuntu/jc2/box/gi70-longsolve-20260905/results/a_exact_std/time-v.txt stdbuf -oL Singular --no-rc -q /home/ubuntu/jc2/box/gi70-longsolve-20260905/inputs/a_exact_std.sing
   3826    3822    3822    6359  1648   2720  0.0 time            /usr/bin/time -v -o /home/ubuntu/jc2/box/gi70-longsolve-20260905/results/a_exact_std/time-v.txt stdbuf -oL Singular --no-rc -q /home/ubuntu/jc2/box/gi70-longsolve-20260905/inputs/a_exact_std.sing
   3830    3826    3822    6359 11105656 11126028  2.1 Singular   Singular --no-rc -q /home/ubuntu/jc2/box/gi70-longsolve-20260905/inputs/a_exact_std.sing
   3957    3950    3957    6305  2196   6148  0.0 timeout         timeout --signal=TERM --kill-after=60s 10200s /usr/bin/time -v -o /home/ubuntu/jc2/box/gi70-longsolve-20260905/results/b_guided_hilbert/time-v.txt stdbuf -oL python3 /home/ubuntu/jc2/box/gi70-longsolve-20260905/run_guided.py
   3961    3957    3957    6305  1652   2720  0.0 time            /usr/bin/time -v -o /home/ubuntu/jc2/box/gi70-longsolve-20260905/results/b_guided_hilbert/time-v.txt stdbuf -oL python3 /home/ubuntu/jc2/box/gi70-longsolve-20260905/run_guided.py
   3962    3961    3957    6305 19944  29176  0.0 python3         python3 /home/ubuntu/jc2/box/gi70-longsolve-20260905/run_guided.py
   3966    3962    3957    6305 63428172 63448804 12.2 Singular   Singular --no-rc -q /home/ubuntu/jc2/box/gi70-longsolve-20260905/inputs/b_hilbert_seed_p32003.sing
   4016       1    4015    6300  2100   7748  0.0 bash            bash -c cd /home/ubuntu/jc2/box/moh14-charts-20260905 && setsid bash -c 'timeout 10320 stdbuf -oL bash classes/../../gi70-longsolve-20260905/jobs/gi70_c_c1_msolve_fleet.sh > $HOME/gi70_c_c1_msolve.log 2>&1' </dev/null >/dev/null 2>&1 & echo LAUNCHED gi70_c_c1_msolve pid=$!
   4017    4016    4017    6300  3544   7748  0.0 bash            bash -c timeout 10320 stdbuf -oL bash classes/../../gi70-longsolve-20260905/jobs/gi70_c_c1_msolve_fleet.sh > $HOME/gi70_c_c1_msolve.log 2>&1
   4018    4017    4018    6300  2164   6128  0.0 timeout         timeout 10320 stdbuf -oL bash classes/../../gi70-longsolve-20260905/jobs/gi70_c_c1_msolve_fleet.sh
   4019    4018    4018    6300  3612   7896  0.0 bash            bash classes/../../gi70-longsolve-20260905/jobs/gi70_c_c1_msolve_fleet.sh
   4030    4019    4018    6300  2260   7764  0.0 bash            bash classes/../../gi70-longsolve-20260905/jobs/gi70_c_c1_msolve_fleet.sh
   4033    4019    4033    6300  2188   6148  0.0 timeout         timeout --signal=TERM --kill-after=60s 10200s /usr/bin/time -v -o /home/ubuntu/jc2/box/gi70-longsolve-20260905/results/c_c1_msolve/time-v.txt stdbuf -oL msolve -g 2 -t 32 -v 2 -l 44 -m 2000 -f /home/ubuntu/jc2/box/gi70-longsolve-20260905/inputs/c_c1_p1073741827.ms -o /home/ubuntu/jc2/box/gi70-longsolve-20260905/results/c_c1_msolve/msolve.out
   4035    4033    4018    6300  2004   6148  0.0 tee             tee /home/ubuntu/jc2/box/gi70-longsolve-20260905/results/c_c1_msolve/stdout.log
   4036    4033    4018    6300  2004   6148  0.0 tee             tee /home/ubuntu/jc2/box/gi70-longsolve-20260905/results/c_c1_msolve/stderr.log
   4037    4033    4033    6300  1652   2720  0.0 time            /usr/bin/time -v -o /home/ubuntu/jc2/box/gi70-longsolve-20260905/results/c_c1_msolve/time-v.txt stdbuf -oL msolve -g 2 -t 32 -v 2 -l 44 -m 2000 -f /home/ubuntu/jc2/box/gi70-longsolve-20260905/inputs/c_c1_p1073741827.ms -o /home/ubuntu/jc2/box/gi70-longsolve-20260905/results/c_c1_msolve/msolve.out
   4040    4037    4033    6300 36347400 52639068  6.9 msolve     msolve -g 2 -t 32 -v 2 -l 44 -m 2000 -f /home/ubuntu/jc2/box/gi70-longsolve-20260905/inputs/c_c1_p1073741827.ms -o /home/ubuntu/jc2/box/gi70-longsolve-20260905/results/c_c1_msolve/msolve.out
   4132    4125    4132    6295  2192   6148  0.0 timeout         timeout --signal=TERM --kill-after=60s 10200s /usr/bin/time -v -o /home/ubuntu/jc2/box/gi70-longsolve-20260905/results/d_c1_slimgb/time-v.txt stdbuf -oL Singular --no-rc -q /home/ubuntu/jc2/box/gi70-longsolve-20260905/inputs/d_c1_slimgb.sing
   4136    4132    4132    6295  1648   2720  0.0 time            /usr/bin/time -v -o /home/ubuntu/jc2/box/gi70-longsolve-20260905/results/d_c1_slimgb/time-v.txt stdbuf -oL Singular --no-rc -q /home/ubuntu/jc2/box/gi70-longsolve-20260905/inputs/d_c1_slimgb.sing
   4137    4136    4132    6295 1774648 1794576  0.3 Singular     Singular --no-rc -q /home/ubuntu/jc2/box/gi70-longsolve-20260905/inputs/d_c1_slimgb.sing
   4519    4518    4519    6183  3588   7832  0.0 bash            bash -c while true; do date -u +TICK=%Y-%m-%dT%H:%M:%SZ; ps -C Singular -C msolve -C python3 -o pid=,etimes=,rss=,comm=,args= | grep -E "a_exact_std|b_hilbert|c_c1|d_c1|run_guided" || true; for f in /home/ubuntu/jc2/box/gi70-longsolve-20260905/results/*/returncode.txt; do test -e "$f" && echo "DONE $f $(cat "$f")"; done; pgrep -f "[g]i70_(a_exact_std|b_guided_hilbert|c_c1_msolve|d_c1_slimgb)_fleet.sh" >/dev/null || break; sleep 55; done
  12146    4030    4018       0  3936   9748  0.0 awk             awk NR==1 || /Singular|msolve|run_guided.py|guided_gb.py/
POLL_UTC=2026-09-05T19:01:52Z
               total        used        free      shared  buff/cache   available
Mem:     532326555648 127267926016 407097831424     3428352  1843343360 405058629632
Swap:              0           0           0
    PID    PPID    PGID ELAPSED   RSS    VSZ %MEM COMMAND         COMMAND
   3822    3815    3822    7259  2196   6148  0.0 timeout         timeout --signal=TERM --kill-after=60s 10200s /usr/bin/time -v -o /home/ubuntu/jc2/box/gi70-longsolve-20260905/results/a_exact_std/time-v.txt stdbuf -oL Singular --no-rc -q /home/ubuntu/jc2/box/gi70-longsolve-20260905/inputs/a_exact_std.sing
   3826    3822    3822    7259  1648   2720  0.0 time            /usr/bin/time -v -o /home/ubuntu/jc2/box/gi70-longsolve-20260905/results/a_exact_std/time-v.txt stdbuf -oL Singular --no-rc -q /home/ubuntu/jc2/box/gi70-longsolve-20260905/inputs/a_exact_std.sing
   3830    3826    3822    7259 10949244 10969544  2.1 Singular   Singular --no-rc -q /home/ubuntu/jc2/box/gi70-longsolve-20260905/inputs/a_exact_std.sing
   3957    3950    3957    7205  2196   6148  0.0 timeout         timeout --signal=TERM --kill-after=60s 10200s /usr/bin/time -v -o /home/ubuntu/jc2/box/gi70-longsolve-20260905/results/b_guided_hilbert/time-v.txt stdbuf -oL python3 /home/ubuntu/jc2/box/gi70-longsolve-20260905/run_guided.py
   3961    3957    3957    7205  1652   2720  0.0 time            /usr/bin/time -v -o /home/ubuntu/jc2/box/gi70-longsolve-20260905/results/b_guided_hilbert/time-v.txt stdbuf -oL python3 /home/ubuntu/jc2/box/gi70-longsolve-20260905/run_guided.py
   3962    3961    3957    7205 19944  29176  0.0 python3         python3 /home/ubuntu/jc2/box/gi70-longsolve-20260905/run_guided.py
   3966    3962    3957    7205 68135128 68157560 13.1 Singular   Singular --no-rc -q /home/ubuntu/jc2/box/gi70-longsolve-20260905/inputs/b_hilbert_seed_p32003.sing
   4016       1    4015    7200  2100   7748  0.0 bash            bash -c cd /home/ubuntu/jc2/box/moh14-charts-20260905 && setsid bash -c 'timeout 10320 stdbuf -oL bash classes/../../gi70-longsolve-20260905/jobs/gi70_c_c1_msolve_fleet.sh > $HOME/gi70_c_c1_msolve.log 2>&1' </dev/null >/dev/null 2>&1 & echo LAUNCHED gi70_c_c1_msolve pid=$!
   4017    4016    4017    7200  3544   7748  0.0 bash            bash -c timeout 10320 stdbuf -oL bash classes/../../gi70-longsolve-20260905/jobs/gi70_c_c1_msolve_fleet.sh > $HOME/gi70_c_c1_msolve.log 2>&1
   4018    4017    4018    7200  2164   6128  0.0 timeout         timeout 10320 stdbuf -oL bash classes/../../gi70-longsolve-20260905/jobs/gi70_c_c1_msolve_fleet.sh
   4019    4018    4018    7200  3612   7896  0.0 bash            bash classes/../../gi70-longsolve-20260905/jobs/gi70_c_c1_msolve_fleet.sh
   4030    4019    4018    7200  2260   7764  0.0 bash            bash classes/../../gi70-longsolve-20260905/jobs/gi70_c_c1_msolve_fleet.sh
   4033    4019    4033    7200  2188   6148  0.0 timeout         timeout --signal=TERM --kill-after=60s 10200s /usr/bin/time -v -o /home/ubuntu/jc2/box/gi70-longsolve-20260905/results/c_c1_msolve/time-v.txt stdbuf -oL msolve -g 2 -t 32 -v 2 -l 44 -m 2000 -f /home/ubuntu/jc2/box/gi70-longsolve-20260905/inputs/c_c1_p1073741827.ms -o /home/ubuntu/jc2/box/gi70-longsolve-20260905/results/c_c1_msolve/msolve.out
   4035    4033    4018    7200  2004   6148  0.0 tee             tee /home/ubuntu/jc2/box/gi70-longsolve-20260905/results/c_c1_msolve/stdout.log
   4036    4033    4018    7200  2004   6148  0.0 tee             tee /home/ubuntu/jc2/box/gi70-longsolve-20260905/results/c_c1_msolve/stderr.log
   4037    4033    4033    7200  1652   2720  0.0 time            /usr/bin/time -v -o /home/ubuntu/jc2/box/gi70-longsolve-20260905/results/c_c1_msolve/time-v.txt stdbuf -oL msolve -g 2 -t 32 -v 2 -l 44 -m 2000 -f /home/ubuntu/jc2/box/gi70-longsolve-20260905/inputs/c_c1_p1073741827.ms -o /home/ubuntu/jc2/box/gi70-longsolve-20260905/results/c_c1_msolve/msolve.out
   4040    4037    4033    7200 38478124 52218016  7.4 msolve     msolve -g 2 -t 32 -v 2 -l 44 -m 2000 -f /home/ubuntu/jc2/box/gi70-longsolve-20260905/inputs/c_c1_p1073741827.ms -o /home/ubuntu/jc2/box/gi70-longsolve-20260905/results/c_c1_msolve/msolve.out
   4132    4125    4132    7195  2192   6148  0.0 timeout         timeout --signal=TERM --kill-after=60s 10200s /usr/bin/time -v -o /home/ubuntu/jc2/box/gi70-longsolve-20260905/results/d_c1_slimgb/time-v.txt stdbuf -oL Singular --no-rc -q /home/ubuntu/jc2/box/gi70-longsolve-20260905/inputs/d_c1_slimgb.sing
   4136    4132    4132    7195  1648   2720  0.0 time            /usr/bin/time -v -o /home/ubuntu/jc2/box/gi70-longsolve-20260905/results/d_c1_slimgb/time-v.txt stdbuf -oL Singular --no-rc -q /home/ubuntu/jc2/box/gi70-longsolve-20260905/inputs/d_c1_slimgb.sing
   4137    4136    4132    7195 1758708 1778644  0.3 Singular     Singular --no-rc -q /home/ubuntu/jc2/box/gi70-longsolve-20260905/inputs/d_c1_slimgb.sing
   4519    4518    4519    7083  3588   7832  0.0 bash            bash -c while true; do date -u +TICK=%Y-%m-%dT%H:%M:%SZ; ps -C Singular -C msolve -C python3 -o pid=,etimes=,rss=,comm=,args= | grep -E "a_exact_std|b_hilbert|c_c1|d_c1|run_guided" || true; for f in /home/ubuntu/jc2/box/gi70-longsolve-20260905/results/*/returncode.txt; do test -e "$f" && echo "DONE $f $(cat "$f")"; done; pgrep -f "[g]i70_(a_exact_std|b_guided_hilbert|c_c1_msolve|d_c1_slimgb)_fleet.sh" >/dev/null || break; sleep 55; done
  12269    4030    4018       0  3924   9748  0.0 awk             awk NR==1 || /Singular|msolve|run_guided.py|guided_gb.py/
POLL_UTC=2026-09-05T19:16:52Z
               total        used        free      shared  buff/cache   available
Mem:     532326555648 141305954304 393059606528     3428352  1843531776 391020601344
Swap:              0           0           0
    PID    PPID    PGID ELAPSED   RSS    VSZ %MEM COMMAND         COMMAND
   3822    3815    3822    8159  2196   6148  0.0 timeout         timeout --signal=TERM --kill-after=60s 10200s /usr/bin/time -v -o /home/ubuntu/jc2/box/gi70-longsolve-20260905/results/a_exact_std/time-v.txt stdbuf -oL Singular --no-rc -q /home/ubuntu/jc2/box/gi70-longsolve-20260905/inputs/a_exact_std.sing
   3826    3822    3822    8159  1648   2720  0.0 time            /usr/bin/time -v -o /home/ubuntu/jc2/box/gi70-longsolve-20260905/results/a_exact_std/time-v.txt stdbuf -oL Singular --no-rc -q /home/ubuntu/jc2/box/gi70-longsolve-20260905/inputs/a_exact_std.sing
   3830    3826    3822    8159 11421392 11442700  2.1 Singular   Singular --no-rc -q /home/ubuntu/jc2/box/gi70-longsolve-20260905/inputs/a_exact_std.sing
   3957    3950    3957    8105  2196   6148  0.0 timeout         timeout --signal=TERM --kill-after=60s 10200s /usr/bin/time -v -o /home/ubuntu/jc2/box/gi70-longsolve-20260905/results/b_guided_hilbert/time-v.txt stdbuf -oL python3 /home/ubuntu/jc2/box/gi70-longsolve-20260905/run_guided.py
   3961    3957    3957    8105  1652   2720  0.0 time            /usr/bin/time -v -o /home/ubuntu/jc2/box/gi70-longsolve-20260905/results/b_guided_hilbert/time-v.txt stdbuf -oL python3 /home/ubuntu/jc2/box/gi70-longsolve-20260905/run_guided.py
   3962    3961    3957    8105 19944  29176  0.0 python3         python3 /home/ubuntu/jc2/box/gi70-longsolve-20260905/run_guided.py
   3966    3962    3957    8105 79217800 79240124 15.2 Singular   Singular --no-rc -q /home/ubuntu/jc2/box/gi70-longsolve-20260905/inputs/b_hilbert_seed_p32003.sing
   4016       1    4015    8100  2100   7748  0.0 bash            bash -c cd /home/ubuntu/jc2/box/moh14-charts-20260905 && setsid bash -c 'timeout 10320 stdbuf -oL bash classes/../../gi70-longsolve-20260905/jobs/gi70_c_c1_msolve_fleet.sh > $HOME/gi70_c_c1_msolve.log 2>&1' </dev/null >/dev/null 2>&1 & echo LAUNCHED gi70_c_c1_msolve pid=$!
   4017    4016    4017    8100  3544   7748  0.0 bash            bash -c timeout 10320 stdbuf -oL bash classes/../../gi70-longsolve-20260905/jobs/gi70_c_c1_msolve_fleet.sh > $HOME/gi70_c_c1_msolve.log 2>&1
   4018    4017    4018    8100  2164   6128  0.0 timeout         timeout 10320 stdbuf -oL bash classes/../../gi70-longsolve-20260905/jobs/gi70_c_c1_msolve_fleet.sh
   4019    4018    4018    8100  3612   7896  0.0 bash            bash classes/../../gi70-longsolve-20260905/jobs/gi70_c_c1_msolve_fleet.sh
   4030    4019    4018    8100  2260   7764  0.0 bash            bash classes/../../gi70-longsolve-20260905/jobs/gi70_c_c1_msolve_fleet.sh
   4033    4019    4033    8100  2188   6148  0.0 timeout         timeout --signal=TERM --kill-after=60s 10200s /usr/bin/time -v -o /home/ubuntu/jc2/box/gi70-longsolve-20260905/results/c_c1_msolve/time-v.txt stdbuf -oL msolve -g 2 -t 32 -v 2 -l 44 -m 2000 -f /home/ubuntu/jc2/box/gi70-longsolve-20260905/inputs/c_c1_p1073741827.ms -o /home/ubuntu/jc2/box/gi70-longsolve-20260905/results/c_c1_msolve/msolve.out
   4035    4033    4018    8100  2004   6148  0.0 tee             tee /home/ubuntu/jc2/box/gi70-longsolve-20260905/results/c_c1_msolve/stdout.log
   4036    4033    4018    8100  2004   6148  0.0 tee             tee /home/ubuntu/jc2/box/gi70-longsolve-20260905/results/c_c1_msolve/stderr.log
   4037    4033    4033    8100  1652   2720  0.0 time            /usr/bin/time -v -o /home/ubuntu/jc2/box/gi70-longsolve-20260905/results/c_c1_msolve/time-v.txt stdbuf -oL msolve -g 2 -t 32 -v 2 -l 44 -m 2000 -f /home/ubuntu/jc2/box/gi70-longsolve-20260905/inputs/c_c1_p1073741827.ms -o /home/ubuntu/jc2/box/gi70-longsolve-20260905/results/c_c1_msolve/msolve.out
   4040    4037    4033    8100 39734892 52235868  7.6 msolve     msolve -g 2 -t 32 -v 2 -l 44 -m 2000 -f /home/ubuntu/jc2/box/gi70-longsolve-20260905/inputs/c_c1_p1073741827.ms -o /home/ubuntu/jc2/box/gi70-longsolve-20260905/results/c_c1_msolve/msolve.out
   4132    4125    4132    8095  2192   6148  0.0 timeout         timeout --signal=TERM --kill-after=60s 10200s /usr/bin/time -v -o /home/ubuntu/jc2/box/gi70-longsolve-20260905/results/d_c1_slimgb/time-v.txt stdbuf -oL Singular --no-rc -q /home/ubuntu/jc2/box/gi70-longsolve-20260905/inputs/d_c1_slimgb.sing
   4136    4132    4132    8095  1648   2720  0.0 time            /usr/bin/time -v -o /home/ubuntu/jc2/box/gi70-longsolve-20260905/results/d_c1_slimgb/time-v.txt stdbuf -oL Singular --no-rc -q /home/ubuntu/jc2/box/gi70-longsolve-20260905/inputs/d_c1_slimgb.sing
   4137    4136    4132    8095 2532352 2552280  0.4 Singular     Singular --no-rc -q /home/ubuntu/jc2/box/gi70-longsolve-20260905/inputs/d_c1_slimgb.sing
   4519    4518    4519    7983  3588   7832  0.0 bash            bash -c while true; do date -u +TICK=%Y-%m-%dT%H:%M:%SZ; ps -C Singular -C msolve -C python3 -o pid=,etimes=,rss=,comm=,args= | grep -E "a_exact_std|b_hilbert|c_c1|d_c1|run_guided" || true; for f in /home/ubuntu/jc2/box/gi70-longsolve-20260905/results/*/returncode.txt; do test -e "$f" && echo "DONE $f $(cat "$f")"; done; pgrep -f "[g]i70_(a_exact_std|b_guided_hilbert|c_c1_msolve|d_c1_slimgb)_fleet.sh" >/dev/null || break; sleep 55; done
  12391    4030    4018       0  3936   9748  0.0 awk             awk NR==1 || /Singular|msolve|run_guided.py|guided_gb.py/
POLL_UTC=2026-09-05T19:31:52Z
               total        used        free      shared  buff/cache   available
Mem:     532326555648 150841548800 383523799040     3428352  1843765248 381485006848
Swap:              0           0           0
    PID    PPID    PGID ELAPSED   RSS    VSZ %MEM COMMAND         COMMAND
   3822    3815    3822    9059  2196   6148  0.0 timeout         timeout --signal=TERM --kill-after=60s 10200s /usr/bin/time -v -o /home/ubuntu/jc2/box/gi70-longsolve-20260905/results/a_exact_std/time-v.txt stdbuf -oL Singular --no-rc -q /home/ubuntu/jc2/box/gi70-longsolve-20260905/inputs/a_exact_std.sing
   3826    3822    3822    9059  1648   2720  0.0 time            /usr/bin/time -v -o /home/ubuntu/jc2/box/gi70-longsolve-20260905/results/a_exact_std/time-v.txt stdbuf -oL Singular --no-rc -q /home/ubuntu/jc2/box/gi70-longsolve-20260905/inputs/a_exact_std.sing
   3830    3826    3822    9059 11342240 11362660  2.1 Singular   Singular --no-rc -q /home/ubuntu/jc2/box/gi70-longsolve-20260905/inputs/a_exact_std.sing
   3957    3950    3957    9005  2196   6148  0.0 timeout         timeout --signal=TERM --kill-after=60s 10200s /usr/bin/time -v -o /home/ubuntu/jc2/box/gi70-longsolve-20260905/results/b_guided_hilbert/time-v.txt stdbuf -oL python3 /home/ubuntu/jc2/box/gi70-longsolve-20260905/run_guided.py
   3961    3957    3957    9005  1652   2720  0.0 time            /usr/bin/time -v -o /home/ubuntu/jc2/box/gi70-longsolve-20260905/results/b_guided_hilbert/time-v.txt stdbuf -oL python3 /home/ubuntu/jc2/box/gi70-longsolve-20260905/run_guided.py
   3962    3961    3957    9005 19944  29176  0.0 python3         python3 /home/ubuntu/jc2/box/gi70-longsolve-20260905/run_guided.py
   3966    3962    3957    9005 87786220 87807428 16.8 Singular   Singular --no-rc -q /home/ubuntu/jc2/box/gi70-longsolve-20260905/inputs/b_hilbert_seed_p32003.sing
   4016       1    4015    9000  2100   7748  0.0 bash            bash -c cd /home/ubuntu/jc2/box/moh14-charts-20260905 && setsid bash -c 'timeout 10320 stdbuf -oL bash classes/../../gi70-longsolve-20260905/jobs/gi70_c_c1_msolve_fleet.sh > $HOME/gi70_c_c1_msolve.log 2>&1' </dev/null >/dev/null 2>&1 & echo LAUNCHED gi70_c_c1_msolve pid=$!
   4017    4016    4017    9000  3544   7748  0.0 bash            bash -c timeout 10320 stdbuf -oL bash classes/../../gi70-longsolve-20260905/jobs/gi70_c_c1_msolve_fleet.sh > $HOME/gi70_c_c1_msolve.log 2>&1
   4018    4017    4018    9000  2164   6128  0.0 timeout         timeout 10320 stdbuf -oL bash classes/../../gi70-longsolve-20260905/jobs/gi70_c_c1_msolve_fleet.sh
   4019    4018    4018    9000  3612   7896  0.0 bash            bash classes/../../gi70-longsolve-20260905/jobs/gi70_c_c1_msolve_fleet.sh
   4030    4019    4018    9000  2260   7764  0.0 bash            bash classes/../../gi70-longsolve-20260905/jobs/gi70_c_c1_msolve_fleet.sh
   4033    4019    4033    9000  2188   6148  0.0 timeout         timeout --signal=TERM --kill-after=60s 10200s /usr/bin/time -v -o /home/ubuntu/jc2/box/gi70-longsolve-20260905/results/c_c1_msolve/time-v.txt stdbuf -oL msolve -g 2 -t 32 -v 2 -l 44 -m 2000 -f /home/ubuntu/jc2/box/gi70-longsolve-20260905/inputs/c_c1_p1073741827.ms -o /home/ubuntu/jc2/box/gi70-longsolve-20260905/results/c_c1_msolve/msolve.out
   4035    4033    4018    9000  2004   6148  0.0 tee             tee /home/ubuntu/jc2/box/gi70-longsolve-20260905/results/c_c1_msolve/stdout.log
   4036    4033    4018    9000  2004   6148  0.0 tee             tee /home/ubuntu/jc2/box/gi70-longsolve-20260905/results/c_c1_msolve/stderr.log
   4037    4033    4033    9000  1652   2720  0.0 time            /usr/bin/time -v -o /home/ubuntu/jc2/box/gi70-longsolve-20260905/results/c_c1_msolve/time-v.txt stdbuf -oL msolve -g 2 -t 32 -v 2 -l 44 -m 2000 -f /home/ubuntu/jc2/box/gi70-longsolve-20260905/inputs/c_c1_p1073741827.ms -o /home/ubuntu/jc2/box/gi70-longsolve-20260905/results/c_c1_msolve/msolve.out
   4040    4037    4033    9000 40926352 52218436  7.8 msolve     msolve -g 2 -t 32 -v 2 -l 44 -m 2000 -f /home/ubuntu/jc2/box/gi70-longsolve-20260905/inputs/c_c1_p1073741827.ms -o /home/ubuntu/jc2/box/gi70-longsolve-20260905/results/c_c1_msolve/msolve.out
   4132    4125    4132    8995  2192   6148  0.0 timeout         timeout --signal=TERM --kill-after=60s 10200s /usr/bin/time -v -o /home/ubuntu/jc2/box/gi70-longsolve-20260905/results/d_c1_slimgb/time-v.txt stdbuf -oL Singular --no-rc -q /home/ubuntu/jc2/box/gi70-longsolve-20260905/inputs/d_c1_slimgb.sing
   4136    4132    4132    8995  1648   2720  0.0 time            /usr/bin/time -v -o /home/ubuntu/jc2/box/gi70-longsolve-20260905/results/d_c1_slimgb/time-v.txt stdbuf -oL Singular --no-rc -q /home/ubuntu/jc2/box/gi70-longsolve-20260905/inputs/d_c1_slimgb.sing
   4137    4136    4132    8995 2272256 2292312  0.4 Singular     Singular --no-rc -q /home/ubuntu/jc2/box/gi70-longsolve-20260905/inputs/d_c1_slimgb.sing
   4519    4518    4519    8883  3588   7832  0.0 bash            bash -c while true; do date -u +TICK=%Y-%m-%dT%H:%M:%SZ; ps -C Singular -C msolve -C python3 -o pid=,etimes=,rss=,comm=,args= | grep -E "a_exact_std|b_hilbert|c_c1|d_c1|run_guided" || true; for f in /home/ubuntu/jc2/box/gi70-longsolve-20260905/results/*/returncode.txt; do test -e "$f" && echo "DONE $f $(cat "$f")"; done; pgrep -f "[g]i70_(a_exact_std|b_guided_hilbert|c_c1_msolve|d_c1_slimgb)_fleet.sh" >/dev/null || break; sleep 55; done
  12510    4030    4018       0  3956   9748  0.0 awk             awk NR==1 || /Singular|msolve|run_guided.py|guided_gb.py/
POLL_UTC=2026-09-05T19:46:52Z
               total        used        free      shared  buff/cache   available
Mem:     532326555648 61643083776 472721907712     3428352  1844162560 470683471872
Swap:              0           0           0
    PID    PPID    PGID ELAPSED   RSS    VSZ %MEM COMMAND         COMMAND
   3822    3815    3822    9959  2196   6148  0.0 timeout         timeout --signal=TERM --kill-after=60s 10200s /usr/bin/time -v -o /home/ubuntu/jc2/box/gi70-longsolve-20260905/results/a_exact_std/time-v.txt stdbuf -oL Singular --no-rc -q /home/ubuntu/jc2/box/gi70-longsolve-20260905/inputs/a_exact_std.sing
   3826    3822    3822    9959  1648   2720  0.0 time            /usr/bin/time -v -o /home/ubuntu/jc2/box/gi70-longsolve-20260905/results/a_exact_std/time-v.txt stdbuf -oL Singular --no-rc -q /home/ubuntu/jc2/box/gi70-longsolve-20260905/inputs/a_exact_std.sing
   3830    3826    3822    9959 11325752 11346164  2.1 Singular   Singular --no-rc -q /home/ubuntu/jc2/box/gi70-longsolve-20260905/inputs/a_exact_std.sing
   4016       1    4015    9900  2100   7748  0.0 bash            bash -c cd /home/ubuntu/jc2/box/moh14-charts-20260905 && setsid bash -c 'timeout 10320 stdbuf -oL bash classes/../../gi70-longsolve-20260905/jobs/gi70_c_c1_msolve_fleet.sh > $HOME/gi70_c_c1_msolve.log 2>&1' </dev/null >/dev/null 2>&1 & echo LAUNCHED gi70_c_c1_msolve pid=$!
   4017    4016    4017    9900  3544   7748  0.0 bash            bash -c timeout 10320 stdbuf -oL bash classes/../../gi70-longsolve-20260905/jobs/gi70_c_c1_msolve_fleet.sh > $HOME/gi70_c_c1_msolve.log 2>&1
   4018    4017    4018    9900  2164   6128  0.0 timeout         timeout 10320 stdbuf -oL bash classes/../../gi70-longsolve-20260905/jobs/gi70_c_c1_msolve_fleet.sh
   4019    4018    4018    9900  3612   7896  0.0 bash            bash classes/../../gi70-longsolve-20260905/jobs/gi70_c_c1_msolve_fleet.sh
   4030    4019    4018    9900  2260   7764  0.0 bash            bash classes/../../gi70-longsolve-20260905/jobs/gi70_c_c1_msolve_fleet.sh
   4033    4019    4033    9900  2188   6148  0.0 timeout         timeout --signal=TERM --kill-after=60s 10200s /usr/bin/time -v -o /home/ubuntu/jc2/box/gi70-longsolve-20260905/results/c_c1_msolve/time-v.txt stdbuf -oL msolve -g 2 -t 32 -v 2 -l 44 -m 2000 -f /home/ubuntu/jc2/box/gi70-longsolve-20260905/inputs/c_c1_p1073741827.ms -o /home/ubuntu/jc2/box/gi70-longsolve-20260905/results/c_c1_msolve/msolve.out
   4035    4033    4018    9900  2004   6148  0.0 tee             tee /home/ubuntu/jc2/box/gi70-longsolve-20260905/results/c_c1_msolve/stdout.log
   4036    4033    4018    9900  2004   6148  0.0 tee             tee /home/ubuntu/jc2/box/gi70-longsolve-20260905/results/c_c1_msolve/stderr.log
   4037    4033    4033    9900  1652   2720  0.0 time            /usr/bin/time -v -o /home/ubuntu/jc2/box/gi70-longsolve-20260905/results/c_c1_msolve/time-v.txt stdbuf -oL msolve -g 2 -t 32 -v 2 -l 44 -m 2000 -f /home/ubuntu/jc2/box/gi70-longsolve-20260905/inputs/c_c1_p1073741827.ms -o /home/ubuntu/jc2/box/gi70-longsolve-20260905/results/c_c1_msolve/msolve.out
   4040    4037    4033    9900 41736680 52561392  8.0 msolve     msolve -g 2 -t 32 -v 2 -l 44 -m 2000 -f /home/ubuntu/jc2/box/gi70-longsolve-20260905/inputs/c_c1_p1073741827.ms -o /home/ubuntu/jc2/box/gi70-longsolve-20260905/results/c_c1_msolve/msolve.out
   4132    4125    4132    9895  2192   6148  0.0 timeout         timeout --signal=TERM --kill-after=60s 10200s /usr/bin/time -v -o /home/ubuntu/jc2/box/gi70-longsolve-20260905/results/d_c1_slimgb/time-v.txt stdbuf -oL Singular --no-rc -q /home/ubuntu/jc2/box/gi70-longsolve-20260905/inputs/d_c1_slimgb.sing
   4136    4132    4132    9895  1648   2720  0.0 time            /usr/bin/time -v -o /home/ubuntu/jc2/box/gi70-longsolve-20260905/results/d_c1_slimgb/time-v.txt stdbuf -oL Singular --no-rc -q /home/ubuntu/jc2/box/gi70-longsolve-20260905/inputs/d_c1_slimgb.sing
   4137    4136    4132    9895 2129656 2149584  0.4 Singular     Singular --no-rc -q /home/ubuntu/jc2/box/gi70-longsolve-20260905/inputs/d_c1_slimgb.sing
   4519    4518    4519    9783  3588   7832  0.0 bash            bash -c while true; do date -u +TICK=%Y-%m-%dT%H:%M:%SZ; ps -C Singular -C msolve -C python3 -o pid=,etimes=,rss=,comm=,args= | grep -E "a_exact_std|b_hilbert|c_c1|d_c1|run_guided" || true; for f in /home/ubuntu/jc2/box/gi70-longsolve-20260905/results/*/returncode.txt; do test -e "$f" && echo "DONE $f $(cat "$f")"; done; pgrep -f "[g]i70_(a_exact_std|b_guided_hilbert|c_c1_msolve|d_c1_slimgb)_fleet.sh" >/dev/null || break; sleep 55; done
  12942    4030    4018       0  3964   9748  0.0 awk             awk NR==1 || /Singular|msolve|run_guided.py|guided_gb.py/
POLL_UTC=2026-09-05T19:53:35Z
               total        used        free      shared  buff/cache   available
Mem:     532326555648  5216124928 529148669952     3448832  1844314112 527110430720
Swap:              0           0           0
    PID    PPID    PGID ELAPSED   RSS    VSZ %MEM COMMAND         COMMAND
   4519    4518    4519   10187  3600   7832  0.0 bash            bash -c while true; do date -u +TICK=%Y-%m-%dT%H:%M:%SZ; ps -C Singular -C msolve -C python3 -o pid=,etimes=,rss=,comm=,args= | grep -E "a_exact_std|b_hilbert|c_c1|d_c1|run_guided" || true; for f in /home/ubuntu/jc2/box/gi70-longsolve-20260905/results/*/returncode.txt; do test -e "$f" && echo "DONE $f $(cat "$f")"; done; pgrep -f "[g]i70_(a_exact_std|b_guided_hilbert|c_c1_msolve|d_c1_slimgb)_fleet.sh" >/dev/null || break; sleep 55; done
  13324       1   13323       0  2100   7748  0.0 bash            bash -c cd /home/ubuntu/jc2/box/moh14-charts-20260905 && setsid bash -c 'timeout 10320 stdbuf -oL bash classes/../../gi70-longsolve-20260905/jobs/gi70_c_c1_msolve_fleet.sh > $HOME/gi70_c_c1_msolve.log 2>&1' </dev/null >/dev/null 2>&1 & echo LAUNCHED gi70_c_c1_msolve pid=$!
  13325   13324   13325       0  3576   7748  0.0 bash            bash -c timeout 10320 stdbuf -oL bash classes/../../gi70-longsolve-20260905/jobs/gi70_c_c1_msolve_fleet.sh > $HOME/gi70_c_c1_msolve.log 2>&1
  13326   13325   13326       0  2164   6128  0.0 timeout         timeout 10320 stdbuf -oL bash classes/../../gi70-longsolve-20260905/jobs/gi70_c_c1_msolve_fleet.sh
  13327   13326   13326       0  3612   7896  0.0 bash            bash classes/../../gi70-longsolve-20260905/jobs/gi70_c_c1_msolve_fleet.sh
  13338   13327   13326       0  2252   7764  0.0 bash            bash classes/../../gi70-longsolve-20260905/jobs/gi70_c_c1_msolve_fleet.sh
  13342   13327   13342       0  2192   6148  0.0 timeout         timeout --signal=TERM --kill-after=60s 10200s /usr/bin/time -v -o /home/ubuntu/jc2/box/gi70-longsolve-20260905/results/c_c1_msolve/time-v.txt stdbuf -oL msolve -g 2 -t 32 -v 2 -l 44 -m 2000 -f /home/ubuntu/jc2/box/gi70-longsolve-20260905/inputs/c_c1_p1073741827.ms -o /home/ubuntu/jc2/box/gi70-longsolve-20260905/results/c_c1_msolve/msolve.out
  13343   13342   13326       0  2004   6148  0.0 tee             tee /home/ubuntu/jc2/box/gi70-longsolve-20260905/results/c_c1_msolve/stdout.log
  13344   13342   13326       0  2004   6148  0.0 tee             tee /home/ubuntu/jc2/box/gi70-longsolve-20260905/results/c_c1_msolve/stderr.log
  13345   13342   13342       0  1652   2720  0.0 time            /usr/bin/time -v -o /home/ubuntu/jc2/box/gi70-longsolve-20260905/results/c_c1_msolve/time-v.txt stdbuf -oL msolve -g 2 -t 32 -v 2 -l 44 -m 2000 -f /home/ubuntu/jc2/box/gi70-longsolve-20260905/inputs/c_c1_p1073741827.ms -o /home/ubuntu/jc2/box/gi70-longsolve-20260905/results/c_c1_msolve/msolve.out
  13347   13338   13326       0  3884   9748  0.0 awk             awk NR==1 || /Singular|msolve|run_guided.py|guided_gb.py/
  13348   13345   13342       0  6532 1081300  0.0 msolve         msolve -g 2 -t 32 -v 2 -l 44 -m 2000 -f /home/ubuntu/jc2/box/gi70-longsolve-20260905/inputs/c_c1_p1073741827.ms -o /home/ubuntu/jc2/box/gi70-longsolve-20260905/results/c_c1_msolve/msolve.out
