Initial seed for pseudo-random number generator is 1788613191

--------------- INPUT DATA ---------------
#variables                     130
#equations                     178
#invalid equations               0
field characteristic    1073741827
homogeneous input?               0
signature-based computation      0
monomial order                 DRL
basis hash table resetting     OFF
linear algebra option           44
initial hash table size     131072 (2^17)
max pair selection            1000
reduce gb                        1
#threads                        12
info level                       2
generate pbm files               0
------------------------------------------

Legend for f4 information
--------------------------------------------------------
deg       current degree of pairs selected in this round
sel       number of pairs selected in this round
pairs     total number of pairs in pair list
mat       matrix dimensions (# rows x # columns)
density   density of the matrix
new data  # new elements for basis in this round
          # zero reductions during linear algebra
time(rd)  time of the current f4 round in seconds given
          for real and cpu time
--------------------------------------------------------

deg     sel   pairs        mat          density            new data         time(rd) in sec (real|cpu)
------------------------------------------------------------------------------------------------------
  2       5     522      16 x 26         10.10%        5 new       0 zero         0.00 | 0.01         
  3      18     522      75 x 132         2.31%       17 new       1 zero         0.00 | 0.04         
  3      53     721     187 x 295         1.02%       25 new      28 zero         0.01 | 0.06         
  3      82    1059     255 x 309         1.03%       15 new      67 zero         0.00 | 0.05         
  3      10    1186      24 x 27          8.33%        1 new       9 zero         0.00 | 0.00         
  4     312    1196    1909 x 3354        0.16%      103 new     209 zero         0.04 | 0.43         
  3      11    2090      32 x 42          5.21%        9 new       2 zero         0.00 | 0.04         
  3       7    2104      20 x 19          9.74%        2 new       5 zero         0.00 | 0.01         
  4     308    2117    2555 x 4405        0.13%      116 new     192 zero         0.06 | 0.59         
  3      17    3020      60 x 87          3.28%        6 new      11 zero         0.00 | 0.05         
  4     742    3078    4062 x 6167        0.14%      251 new     494 zero         0.17 | 1.83         
  4    1000    5979    5389 x 7320        0.15%      214 new     789 zero         0.23 | 2.33         
  4     383    8705    4531 x 8540        0.19%      119 new     264 zero         0.20 | 1.65         
  5    1002   10472    8462 x 11640       0.12%      169 new     833 zero         0.30 | 2.64         
  5    1000   12597    9887 x 13410       0.11%       69 new     934 zero         0.21 | 1.38         
  5    1000   12949   12686 x 18443       0.09%       73 new     927 zero         0.29 | 1.63         
  5    1000   13350   18587 x 29717       0.06%      160 new     840 zero         0.60 | 3.67         
  5    1000   15255   20101 x 30793       0.07%       96 new     905 zero         0.56 | 2.65         
  5    1001   16155   23461 x 35868       0.06%       93 new     908 zero         0.63 | 2.86         
  5    1000   16804   26294 x 40195       0.06%       71 new     930 zero         0.66 | 2.48         
  5    1000   17352   32859 x 51918       0.05%      130 new     870 zero         1.00 | 4.45         
  5    1000   18915   37721 x 60301       0.05%       95 new     905 zero         1.07 | 3.82         
  3      22   19702     110 x 255         2.65%       14 new       8 zero         0.05 | 0.54         
  4     301   19405    3054 x 5356        0.40%       78 new     223 zero         0.28 | 2.71         
  4     288   17534    3235 x 5805        0.42%       82 new     206 zero         0.31 | 2.85         
  4      38   17173     370 x 684         1.79%        5 new      33 zero         0.03 | 0.24         
  5    1000   17243   13141 x 19438       0.12%      133 new     867 zero         0.63 | 4.82         
  5    1000   18637   23080 x 36009       0.08%      130 new     870 zero         0.93 | 5.38         
  5    1000   20276   40167 x 63877       0.05%       88 new     912 zero         1.32 | 4.54         
  5    1001   21214   43441 x 66294       0.05%       66 new     935 zero         1.29 | 3.85         
  5    1001   21561   49867 x 81223       0.04%      115 new     886 zero         1.82 | 6.42         
  5    1001   23029   56704 x 93720       0.04%      114 new     887 zero         2.04 | 6.66         
  4      51   24003    1547 x 3138        0.49%       47 new       4 zero         0.26 | 2.47         
  3      16   22957      89 x 166         3.58%        9 new       7 zero         0.06 | 0.52         
  4     662   22565    6555 x 12181       0.21%      301 new     363 zero         1.50 | 15.43        
  4    1000   17776    5273 x 6559        0.29%      202 new     798 zero         1.01 | 10.52        
  4     346   19162    5789 x 9904        0.29%       81 new     265 zero         0.55 | 4.50         
  4      21   20284    1185 x 1737        0.98%        9 new      12 zero         0.09 | 0.56         
  5    1000   20363    8447 x 10801       0.17%      172 new     828 zero         1.02 | 9.28         
  5    1000   22684    9553 x 11894       0.15%      140 new     860 zero         0.94 | 7.73         
  5    1000   24539   13383 x 17005       0.12%       82 new     918 zero         0.74 | 4.79         
  5    1001   25380   17375 x 23999       0.10%       76 new     928 zero         0.99 | 4.75         
  5    1000   25906   21533 x 30583       0.08%      118 new     882 zero         1.28 | 7.02         
  5    1000   27212   16853 x 22751       0.12%      103 new     897 zero         1.07 | 6.15         
  5    1000   27872   21583 x 30747       0.09%      129 new     875 zero         1.43 | 7.85         
  5    1000   29434   25331 x 36455       0.08%      129 new     871 zero         1.61 | 8.03         
  5    1001   31077   24406 x 33844       0.10%      128 new     875 zero         1.65 | 7.93         
  5    1000   32582   33285 x 46334       0.07%      125 new     877 zero         1.98 | 8.26         
  5    1000   34270   36540 x 49819       0.07%      134 new     867 zero         2.14 | 9.05         
  5    1000   36352   39381 x 56859       0.07%      107 new     894 zero         2.28 | 7.74         
  5    1000   37291   43073 x 60392       0.06%       80 new     921 zero         2.20 | 6.36         
  5    1000   37863   50440 x 72325       0.05%      107 new     893 zero         2.72 | 8.36         
  5    1000   39100   51959 x 72807       0.05%      116 new     884 zero         2.82 | 8.88         
  5    1001   40470   53449 x 82445       0.06%      168 new     833 zero         3.97 | 12.68        
  5    1001   42498   62861 x 93614       0.05%      141 new     860 zero         4.15 | 11.66        
  5    1000   44209   63538 x 89609       0.05%       88 new     914 zero         3.60 | 8.35         
  5    1000   45212   70358 x 105441      0.05%      138 new     863 zero         5.03 | 12.63        
  5    1000   47030   80513 x 128458      0.04%      164 new     837 zero         6.07 | 15.04        
  5    1000   48352   81029 x 130304      0.04%       99 new     908 zero         5.85 | 11.04        
  5    1000   49657   70786 x 101116      0.06%       73 new     930 zero         4.44 | 8.39         
  5    1000   50370   90771 x 134972      0.04%      112 new     888 zero         6.03 | 12.18        
  5    1000   51697   86625 x 137691      0.05%       98 new     903 zero         6.48 | 11.82        
  5    1000   52703   86624 x 129604      0.05%      109 new     893 zero         6.36 | 12.80        
  5     886   54124   90121 x 151672      0.05%      177 new     710 zero         8.22 | 17.79        
  4      40   56858    2090 x 6357        0.69%       40 new       0 zero         0.69 | 2.71         
  4     183   54525    6097 x 12461       0.35%      123 new      60 zero         1.84 | 8.03         
  4     247   49238    5038 x 8147        0.43%       90 new     157 zero         1.22 | 5.95         
  4      76   48556     363 x 403         1.11%        8 new      68 zero         0.13 | 0.60         
  5    1000   48707   12792 x 17755       0.15%      222 new     778 zero         2.96 | 14.41        
  4      26   49869     119 x 167         2.68%        4 new      22 zero         0.10 | 0.37         
  5    1000   49947   20491 x 30498       0.10%      156 new     844 zero         2.81 | 10.61        
  5    1000   49241   26867 x 42359       0.08%      209 new     792 zero         3.96 | 14.40        
  5    1000   51056   31019 x 47194       0.09%      187 new     813 zero         4.06 | 13.54        
  5    1000   53621   36437 x 54174       0.09%      319 new     681 zero         6.48 | 23.23        
  5    1000   59801   40114 x 61994       0.09%      190 new     811 zero         5.55 | 15.60        
  5    1000   63168   50238 x 74364       0.07%      186 new     814 zero         6.62 | 16.74        
  5    1000   66078   51321 x 76171       0.08%      167 new     833 zero         6.17 | 15.43        
  5    1000   68454   53316 x 78507       0.08%      119 new     881 zero         5.70 | 12.10        
  5    1000   70205   67884 x 103359      0.06%      235 new     766 zero         8.73 | 21.80        
  5    1000   74208   75059 x 116764      0.06%      212 new     788 zero         9.85 | 22.28        
  5    1000   78051   66680 x 101857      0.08%      270 new     731 zero        10.90 | 28.94        
  5    1000   83402   83418 x 137419      0.06%      242 new     758 zero        13.97 | 29.23        
  5    1001   87656   90622 x 136618      0.06%      120 new     881 zero        11.27 | 18.54        
  5    1001   89449   98414 x 161665      0.06%      237 new     764 zero        16.12 | 30.41        
  5    1000   93996  115219 x 184887      0.05%      161 new     840 zero        16.25 | 25.92        
  5    1000   96818   90531 x 158329      0.06%      163 new     837 zero        16.15 | 25.97        
  5    1000   99951  109852 x 179378      0.05%      178 new     822 zero        17.68 | 28.35        
  5    1000  103047  119772 x 190953      0.05%      160 new     840 zero        19.10 | 29.09        
  5    1000  105928  127542 x 211281      0.05%      204 new     796 zero        23.42 | 37.18        
  5     306  109702   68045 x 140041      0.11%      153 new     153 zero        17.57 | 26.17        
  5      15  112511   13398 x 28376       0.29%        5 new      10 zero         2.12 | 2.50         
  6    1000  112601   85565 x 124536      0.07%      105 new     895 zero        12.03 | 18.16        
  6    1000  114262  125472 x 199005      0.05%       93 new     907 zero        21.08 | 26.81        
  6    1000  115452  124605 x 198597      0.06%       93 new     907 zero        21.82 | 28.10        
  6    1000  116877  109393 x 174776      0.07%      181 new     819 zero        23.44 | 35.38        
  6    1000  120343   87936 x 110341      0.07%       16 new     986 zero         7.90 | 9.32         
  6    1000  119731  129149 x 170318      0.06%       42 new     960 zero        14.93 | 17.77        
  6    1000  119684  144416 x 212137      0.05%       44 new     958 zero        21.57 | 24.69        
  6    1000  119754  168496 x 244019      0.04%      125 new     875 zero        25.72 | 34.37        
  6    1001  121761  170514 x 256681      0.04%       76 new     925 zero        28.03 | 33.24        
  6    1000  122673  172285 x 240373      0.04%       59 new     944 zero        23.89 | 28.11        
  6    1000  123166  169061 x 227095      0.04%       35 new     965 zero        18.91 | 21.21        
  6    1000  123016  166711 x 242321      0.05%       80 new     922 zero        27.52 | 33.68        
  6    1000  123988  177530 x 272932      0.04%      131 new     870 zero        31.88 | 41.61        
  6    1001  126055  180739 x 276216      0.04%      176 new     825 zero        34.57 | 46.91        
  6    1000  129263  185226 x 270223      0.04%       36 new     964 zero        28.14 | 30.95        
  6    1002  129177  206997 x 290445      0.04%      122 new     885 zero        32.09 | 40.51        
  6    1000  131031  227509 x 354010      0.03%      167 new     834 zero        44.82 | 57.44        
  6    1001  134198  238166 x 374503      0.03%      153 new     848 zero        46.96 | 58.45        
  6    1000  137220  235613 x 374391      0.03%      210 new     790 zero        49.96 | 65.36        
  6    1000  141499  228007 x 332418      0.03%       71 new     930 zero        38.57 | 43.46        
  6    1000  142348