Command exited with non-zero status 1
	Command being timed: "timeout 14400 Singular /home/ubuntu/jobs/max12_812_order2_u2_62_strict_rees_sat_v1_20260825T225834Z_box03/repo/cases/max12_812_order2_u2_62_strict_rees_20260825/aws_compile_v1/run/output/compiled/strict_rees.sing"
	User time (seconds): 356.91
	System time (seconds): 3.10
	Percent of CPU this job got: 99%
	Elapsed (wall clock) time (h:mm:ss or m:ss): 6:00.02
	Average shared text size (kbytes): 0
	Average unshared data size (kbytes): 0
	Average stack size (kbytes): 0
	Average total size (kbytes): 0
	Maximum resident set size (kbytes): 5435432
	Average resident set size (kbytes): 0
	Major (requiring I/O) page faults: 0
	Minor (reclaiming a frame) page faults: 2152419
	Voluntary context switches: 3
	Involuntary context switches: 481
	Swaps: 0
	File system inputs: 0
	File system outputs: 16
	Socket messages sent: 0
	Socket messages received: 0
	Signals delivered: 0
	Page size (bytes): 4096
	Exit status: 1
