/home/ubuntu/jc2-r2-native-20260910T1230/native-metadata.sh: OK
NATIVE_START 2026-09-10 12:31:13.009112999 UTC
ip-172-30-0-72
pid:[4026531836]
7ed95cce-3312-4f55-bc76-4e7f37c4cf7e
libpython3.12-stdlib 3.12.3-1ubuntu0.16
procps 2:4.0.4-4ubuntu3.3
python3.12 3.12.3-1ubuntu0.16
python3.12-minimal 3.12.3-1ubuntu0.16
util-linux 2.39.3-9ubuntu6.6
PYTHON_PATH /usr/lib/python312.zip
PYTHON_PATH /usr/lib/python3.12
PYTHON_PATH /usr/lib/python3.12/lib-dynload
ALIAS /usr/bin/python3 /usr/bin/python3.12
a92f0f95e883390c7256b2e441484aac06b1002dbe1d924141a77c8d82f96223  /usr/bin/python3.12
FILE 8025024 0 0 755 /usr/bin/python3.12
ALIAS /lib/x86_64-linux-gnu/libm.so.6 /usr/lib/x86_64-linux-gnu/libm.so.6
e9c4b28d340e415b8137480ec442662f981e1399386c5931dae0e886e3639e91  /usr/lib/x86_64-linux-gnu/libm.so.6
FILE 952616 0 0 644 /usr/lib/x86_64-linux-gnu/libm.so.6
ALIAS /lib/x86_64-linux-gnu/libc.so.6 /usr/lib/x86_64-linux-gnu/libc.so.6
8db37cf3f2169f59a0f07ef1fea308c35656668c64c8ff294e1860f4121eb161  /usr/lib/x86_64-linux-gnu/libc.so.6
FILE 2125328 0 0 755 /usr/lib/x86_64-linux-gnu/libc.so.6
ALIAS /lib64/ld-linux-x86-64.so.2 /usr/lib/x86_64-linux-gnu/ld-linux-x86-64.so.2
cd4df4f3c7b83673d61189bf2eaebd33ca4f2853ab9772b8a25e025ef99b1e81  /usr/lib/x86_64-linux-gnu/ld-linux-x86-64.so.2
FILE 236616 0 0 755 /usr/lib/x86_64-linux-gnu/ld-linux-x86-64.so.2
ALIAS /lib/x86_64-linux-gnu/libz.so.1 /usr/lib/x86_64-linux-gnu/libz.so.1.3
86200da370f20476a2507e9097a789b5ef97269b4ca8d5e164ad82dab9d99892  /usr/lib/x86_64-linux-gnu/libz.so.1.3
FILE 113000 0 0 644 /usr/lib/x86_64-linux-gnu/libz.so.1.3
ALIAS /lib/x86_64-linux-gnu/libexpat.so.1 /usr/lib/x86_64-linux-gnu/libexpat.so.1.9.1
c42ff317838b4b4639e2ea801905f0317177c6df7e31b2f0d0240e3c3ac0cfde  /usr/lib/x86_64-linux-gnu/libexpat.so.1.9.1
FILE 174336 0 0 644 /usr/lib/x86_64-linux-gnu/libexpat.so.1.9.1
62ec0120791f3afcfb689fed52384ec2b0accc6e118a6b9a1d6fcfa7450aaf37  /usr/bin/setpriv
FILE 39304 0 0 755 /usr/bin/setpriv
ALIAS /lib/x86_64-linux-gnu/libcap-ng.so.0 /usr/lib/x86_64-linux-gnu/libcap-ng.so.0.0.0
25349c22956c7af94f46e728d7e4c1eba57d0e4a0517f72781fb495d541eeef3  /usr/lib/x86_64-linux-gnu/libcap-ng.so.0.0.0
FILE 26848 0 0 644 /usr/lib/x86_64-linux-gnu/libcap-ng.so.0.0.0
ALIAS /bin/ps /usr/bin/ps
26a77f641ef5d6799195675dc4d23fc8de4a0ca04e3955637faf0d84f87554fd  /usr/bin/ps
FILE 146424 0 0 755 /usr/bin/ps
ALIAS /lib/x86_64-linux-gnu/libproc2.so.0 /usr/lib/x86_64-linux-gnu/libproc2.so.0.0.2
fe22f6fa9fcdc2aef0f8213e9f7d49cc7e2c377c68c803684fa7811a6d104a42  /usr/lib/x86_64-linux-gnu/libproc2.so.0.0.2
FILE 203400 0 0 644 /usr/lib/x86_64-linux-gnu/libproc2.so.0.0.2
ALIAS /lib/x86_64-linux-gnu/libsystemd.so.0 /usr/lib/x86_64-linux-gnu/libsystemd.so.0.38.0
bdf59c828b547bcdbe7b3576c0810d9d9d2e982d8b61b365812542da6a4c4a99  /usr/lib/x86_64-linux-gnu/libsystemd.so.0.38.0
FILE 910592 0 0 644 /usr/lib/x86_64-linux-gnu/libsystemd.so.0.38.0
ALIAS /lib/x86_64-linux-gnu/libcap.so.2 /usr/lib/x86_64-linux-gnu/libcap.so.2.66
6ac6abc86ac891c6e13486470e26f1d939f47fda9e6b5d5508a7f5ec881adc84  /usr/lib/x86_64-linux-gnu/libcap.so.2.66
FILE 51536 0 0 644 /usr/lib/x86_64-linux-gnu/libcap.so.2.66
ALIAS /lib/x86_64-linux-gnu/libgcrypt.so.20 /usr/lib/x86_64-linux-gnu/libgcrypt.so.20.4.3
6ad6d7007ee1ad8319eb18ba9a512cf09dda49396a303774c68b47477020bad4  /usr/lib/x86_64-linux-gnu/libgcrypt.so.20.4.3
FILE 1345072 0 0 644 /usr/lib/x86_64-linux-gnu/libgcrypt.so.20.4.3
ALIAS /lib/x86_64-linux-gnu/libgpg-error.so.0 /usr/lib/x86_64-linux-gnu/libgpg-error.so.0.34.0
6cb18a007bfcb623029f4528a36b46578fea7dc34c2b505b8e6e0d99e6348cd1  /usr/lib/x86_64-linux-gnu/libgpg-error.so.0.34.0
FILE 149760 0 0 644 /usr/lib/x86_64-linux-gnu/libgpg-error.so.0.34.0
ALIAS /lib/x86_64-linux-gnu/liblz4.so.1 /usr/lib/x86_64-linux-gnu/liblz4.so.1.9.4
40bffd0a098387368b16b992abd5f7cf43c0fa2f05cabe5a6d483719554adfda  /usr/lib/x86_64-linux-gnu/liblz4.so.1.9.4
FILE 137440 0 0 644 /usr/lib/x86_64-linux-gnu/liblz4.so.1.9.4
ALIAS /lib/x86_64-linux-gnu/liblzma.so.5 /usr/lib/x86_64-linux-gnu/liblzma.so.5.4.5
696e868dd0700a19a6d65fc01608ec2d70d3cb91f65710e89180cd2e688f30cb  /usr/lib/x86_64-linux-gnu/liblzma.so.5.4.5
FILE 202904 0 0 644 /usr/lib/x86_64-linux-gnu/liblzma.so.5.4.5
ALIAS /lib/x86_64-linux-gnu/libzstd.so.1 /usr/lib/x86_64-linux-gnu/libzstd.so.1.5.5
0a2128bc10841fb29e76d08d945864dfb0b6a66da5df6df5d8299197439e54bb  /usr/lib/x86_64-linux-gnu/libzstd.so.1.5.5
FILE 755864 0 0 644 /usr/lib/x86_64-linux-gnu/libzstd.so.1.5.5
DIRECTORY 0 0 755 /usr/lib/python3.12
ENTRY /usr/lib/python3.12 EXTERNALLY-MANAGED
c47645f5a8e6a4254b1210073215c66f050f06e898a281b513cce232aaf2b77c  /usr/lib/python3.12/EXTERNALLY-MANAGED
FILE 645 0 0 644 /usr/lib/python3.12/EXTERNALLY-MANAGED
ENTRY /usr/lib/python3.12 LICENSE.txt
3b2f81fe21d181c499c59a256c8e1968455d6689d269aa85373bfb6af41da3bf  /usr/lib/python3.12/LICENSE.txt
FILE 13936 0 0 644 /usr/lib/python3.12/LICENSE.txt
ENTRY /usr/lib/python3.12 __future__.py
981d4c398849f9ebcab72300d9c1fe288fd6d7f28957b3b3fa3a493a5836d95c  /usr/lib/python3.12/__future__.py
FILE 5218 0 0 644 /usr/lib/python3.12/__future__.py
ENTRY /usr/lib/python3.12 __hello__.py
a8ce70b199497950f0f06def93115a6814daf1f961934457f59046909901487f  /usr/lib/python3.12/__hello__.py
FILE 227 0 0 644 /usr/lib/python3.12/__hello__.py
ENTRY /usr/lib/python3.12 __phello__
DIRECTORY 0 0 755 /usr/lib/python3.12/__phello__
ENTRY /usr/lib/python3.12/__phello__ __init__.py
56f7ed595e767c558ded05def14b682893105daf504500c3443b458ca2431bc6  /usr/lib/python3.12/__phello__/__init__.py
FILE 97 0 0 644 /usr/lib/python3.12/__phello__/__init__.py
ENTRY /usr/lib/python3.12/__phello__ __pycache__
DIRECTORY 0 0 755 /usr/lib/python3.12/__phello__/__pycache__
ENTRY /usr/lib/python3.12/__phello__/__pycache__ __init__.cpython-312.pyc
5076f14ca202e8bc28cc22e2411b646b17f00b457c07c2621c2e0ccf02223498  /usr/lib/python3.12/__phello__/__pycache__/__init__.cpython-312.pyc
FILE 369 0 0 644 /usr/lib/python3.12/__phello__/__pycache__/__init__.cpython-312.pyc
ENTRY /usr/lib/python3.12/__phello__/__pycache__ spam.cpython-312.pyc
724c07ab13b7e5dc0b7eaa73a5522ee9a54c6bff8dd05ed42ae78479d9548b57  /usr/lib/python3.12/__phello__/__pycache__/spam.cpython-312.pyc
FILE 365 0 0 644 /usr/lib/python3.12/__phello__/__pycache__/spam.cpython-312.pyc
ENTRY /usr/lib/python3.12/__phello__ spam.py
56f7ed595e767c558ded05def14b682893105daf504500c3443b458ca2431bc6  /usr/lib/python3.12/__phello__/spam.py
FILE 97 0 0 644 /usr/lib/python3.12/__phello__/spam.py
ENTRY /usr/lib/python3.12 __pycache__
DIRECTORY 0 0 755 /usr/lib/python3.12/__pycache__
ENTRY /usr/lib/python3.12/__pycache__ __future__.cpython-312.pyc
5715730bb154883f6b0c25422e347c848c5a13534b7bc8066ea2d588c8c2cbf3  /usr/lib/python3.12/__pycache__/__future__.cpython-312.pyc
FILE 4704 0 0 644 /usr/lib/python3.12/__pycache__/__future__.cpython-312.pyc
ENTRY /usr/lib/python3.12/__pycache__ __hello__.cpython-312.pyc
5094f709b7d12601a4cefb77d83818dd6ad83f39a53fac6d5ea0a179cdde966c  /usr/lib/python3.12/__pycache__/__hello__.cpython-312.pyc
FILE 870 0 0 644 /usr/lib/python3.12/__pycache__/__hello__.cpython-312.pyc
ENTRY /usr/lib/python3.12/__pycache__ _aix_support.cpython-312.pyc
1da9e69b5b054dd9ebe193da95ab5528be378c576164f77ba19cf7be828ba6d5  /usr/lib/python3.12/__pycache__/_aix_support.cpython-312.pyc
FILE 4759 0 0 644 /usr/lib/python3.12/__pycache__/_aix_support.cpython-312.pyc
ENTRY /usr/lib/python3.12/__pycache__ _collections_abc.cpython-312.pyc
2742506e1eb0e4171798dd4feadbc51f78b4af206dd049b0de8e08b7ca316eb9  /usr/lib/python3.12/__pycache__/_collections_abc.cpython-312.pyc
FILE 45912 0 0 644 /usr/lib/python3.12/__pycache__/_collections_abc.cpython-312.pyc
ENTRY /usr/lib/python3.12/__pycache__ _compat_pickle.cpython-312.pyc
601d44ae231a0a1a5ad08e4ade58e1cd3f20c88ef093f1ccbcf78c729a6e31a9  /usr/lib/python3.12/__pycache__/_compat_pickle.cpython-312.pyc
FILE 7221 0 0 644 /usr/lib/python3.12/__pycache__/_compat_pickle.cpython-312.pyc
ENTRY /usr/lib/python3.12/__pycache__ _compression.cpython-312.pyc
de32acf54798551245cf7c1ad2f5bee186e6b1e5b5ebceaa84a2bffae4004dfb  /usr/lib/python3.12/__pycache__/_compression.cpython-312.pyc
FILE 7497 0 0 644 /usr/lib/python3.12/__pycache__/_compression.cpython-312.pyc
ENTRY /usr/lib/python3.12/__pycache__ _distutils_system_mod.cpython-312.pyc
c0a0412c19a45b8066316ac3be48dad3977cede3eb55a9f10f5b0bb07c9cfc95  /usr/lib/python3.12/__pycache__/_distutils_system_mod.cpython-312.pyc
FILE 7818 0 0 644 /usr/lib/python3.12/__pycache__/_distutils_system_mod.cpython-312.pyc
ENTRY /usr/lib/python3.12/__pycache__ _markupbase.cpython-312.pyc
f0c8425a8a79d449f542356a3e6921cf6f73dc422239c7cebc7b9a541d004c32  /usr/lib/python3.12/__pycache__/_markupbase.cpython-312.pyc
FILE 12279 0 0 644 /usr/lib/python3.12/__pycache__/_markupbase.cpython-312.pyc
ENTRY /usr/lib/python3.12/__pycache__ _osx_support.cpython-312.pyc
9e51fe9976b8e092ada88edcbe5407b9285951b346f64593d79656038ac5231a  /usr/lib/python3.12/__pycache__/_osx_support.cpython-312.pyc
FILE 17731 0 0 644 /usr/lib/python3.12/__pycache__/_osx_support.cpython-312.pyc
ENTRY /usr/lib/python3.12/__pycache__ _py_abc.cpython-312.pyc
56ef3da53314e41dab88b293f6c1983a3fe6be2ff502f07bbf0948896c095b99  /usr/lib/python3.12/__pycache__/_py_abc.cpython-312.pyc
FILE 7054 0 0 644 /usr/lib/python3.12/__pycache__/_py_abc.cpython-312.pyc
ENTRY /usr/lib/python3.12/__pycache__ _pydatetime.cpython-312.pyc
773f47924623ad3d9c2da55db2d17bc42b7014aeddb460bc3beb12564758a3b8  /usr/lib/python3.12/__pycache__/_pydatetime.cpython-312.pyc
FILE 94193 0 0 644 /usr/lib/python3.12/__pycache__/_pydatetime.cpython-312.pyc
ENTRY /usr/lib/python3.12/__pycache__ _pydecimal.cpython-312.pyc
1ac6080bcddbe9b52361d79022850f8e43d48b772c2afc3a719ac03c577700cd  /usr/lib/python3.12/__pycache__/_pydecimal.cpython-312.pyc
FILE 227807 0 0 644 /usr/lib/python3.12/__pycache__/_pydecimal.cpython-312.pyc
ENTRY /usr/lib/python3.12/__pycache__ _pyio.cpython-312.pyc
d533db3dc8cada53471e7455254347bdf517886e6bf974eaa8415d054ef68969  /usr/lib/python3.12/__pycache__/_pyio.cpython-312.pyc
FILE 110269 0 0 644 /usr/lib/python3.12/__pycache__/_pyio.cpython-312.pyc
ENTRY /usr/lib/python3.12/__pycache__ _pylong.cpython-312.pyc
989a5a0b29f61500c74b0fbaa711d59a9b4bc910a5c9f8d7e0e90ed9314005ad  /usr/lib/python3.12/__pycache__/_pylong.cpython-312.pyc
FILE 9983 0 0 644 /usr/lib/python3.12/__pycache__/_pylong.cpython-312.pyc
ENTRY /usr/lib/python3.12/__pycache__ _sitebuiltins.cpython-312.pyc
9ee112f3268a363c8ff50bb97ad8c7dd3d05406920ec29df7db668a69583df35  /usr/lib/python3.12/__pycache__/_sitebuiltins.cpython-312.pyc
FILE 4760 0 0 644 /usr/lib/python3.12/__pycache__/_sitebuiltins.cpython-312.pyc
ENTRY /usr/lib/python3.12/__pycache__ _strptime.cpython-312.pyc
e49f8ac9df5aa5cbc55f18894ee97109252eebf608807f03e3ed325e897e7e71  /usr/lib/python3.12/__pycache__/_strptime.cpython-312.pyc
FILE 24116 0 0 644 /usr/lib/python3.12/__pycache__/_strptime.cpython-312.pyc
ENTRY /usr/lib/python3.12/__pycache__ _sysconfigdata__linux_x86_64-linux-gnu.cpython-312.pyc
037037441133941ac1edbce532cdcaa80382b3ddc9f719055d4d8b81f4ff741a  /usr/lib/python3.12/__pycache__/_sysconfigdata__linux_x86_64-linux-gnu.cpython-312.pyc
FILE 58651 0 0 644 /usr/lib/python3.12/__pycache__/_sysconfigdata__linux_x86_64-linux-gnu.cpython-312.pyc
ENTRY /usr/lib/python3.12/__pycache__ _sysconfigdata__x86_64-linux-gnu.cpython-312.pyc
e26227ac9bcb02ace8f585c4399f6972ab81bc984800fa968902171b58470fcc  /usr/lib/python3.12/__pycache__/_sysconfigdata__x86_64-linux-gnu.cpython-312.pyc
FILE 58645 0 0 644 /usr/lib/python3.12/__pycache__/_sysconfigdata__x86_64-linux-gnu.cpython-312.pyc
ENTRY /usr/lib/python3.12/__pycache__ _threading_local.cpython-312.pyc
654569c0c4253f00da1c3ebe6dcb444f6e3b8f16ec2bc03df56fe1a9d795aa20  /usr/lib/python3.12/__pycache__/_threading_local.cpython-312.pyc
FILE 8295 0 0 644 /usr/lib/python3.12/__pycache__/_threading_local.cpython-312.pyc
ENTRY /usr/lib/python3.12/__pycache__ _weakrefset.cpython-312.pyc
6da80d5993470d02c0a94dd0f53eee6628469a701a15a3958fbbf0236681e2f1  /usr/lib/python3.12/__pycache__/_weakrefset.cpython-312.pyc
FILE 11751 0 0 644 /usr/lib/python3.12/__pycache__/_weakrefset.cpython-312.pyc
ENTRY /usr/lib/python3.12/__pycache__ abc.cpython-312.pyc
f3cf65621db2580010c769013c066f4cfef38e1538f21507f30fa7da11c4346f  /usr/lib/python3.12/__pycache__/abc.cpython-312.pyc
FILE 8055 0 0 644 /usr/lib/python3.12/__pycache__/abc.cpython-312.pyc
ENTRY /usr/lib/python3.12/__pycache__ aifc.cpython-312.pyc
b61bd555dd70d2e6ffe31bc5232babbfc44752ced2c3c61cbb42856e9230aecd  /usr/lib/python3.12/__pycache__/aifc.cpython-312.pyc
FILE 42863 0 0 644 /usr/lib/python3.12/__pycache__/aifc.cpython-312.pyc
ENTRY /usr/lib/python3.12/__pycache__ antigravity.cpython-312.pyc
16471b95a02fd57948dadffba690102e8413c681378b91000e21e9e1d391f2ce  /usr/lib/python3.12/__pycache__/antigravity.cpython-312.pyc
FILE 1003 0 0 644 /usr/lib/python3.12/__pycache__/antigravity.cpython-312.pyc
ENTRY /usr/lib/python3.12/__pycache__ argparse.cpython-312.pyc
fe71e4fc83efc5c6955723997d6b913faab7eebb598f7ad1558c87a859b9b2e0  /usr/lib/python3.12/__pycache__/argparse.cpython-312.pyc
FILE 101682 0 0 644 /usr/lib/python3.12/__pycache__/argparse.cpython-312.pyc
ENTRY /usr/lib/python3.12/__pycache__ ast.cpython-312.pyc
6205611d2842f59792da4ccd6bd4dfb061224190c21a5f411c858567e217a375  /usr/lib/python3.12/__pycache__/ast.cpython-312.pyc
FILE 100279 0 0 644 /usr/lib/python3.12/__pycache__/ast.cpython-312.pyc
ENTRY /usr/lib/python3.12/__pycache__ base64.cpython-312.pyc
77ae5a0c879f705def1c8ec8fa615a46b50a86534b9824d7eb6fb1ba89ffb9a4  /usr/lib/python3.12/__pycache__/base64.cpython-312.pyc
FILE 24408 0 0 644 /usr/lib/python3.12/__pycache__/base64.cpython-312.pyc
ENTRY /usr/lib/python3.12/__pycache__ bdb.cpython-312.pyc
b3974e38d3cd04cad92d0c1af6ff05e5f0a3740fb4e5cdbba535c7d931c9f932  /usr/lib/python3.12/__pycache__/bdb.cpython-312.pyc
FILE 37359 0 0 644 /usr/lib/python3.12/__pycache__/bdb.cpython-312.pyc
ENTRY /usr/lib/python3.12/__pycache__ bisect.cpython-312.pyc
7ebbe07b1db1c1fff9ea10ec5b1f773f2ed0794787b221aff1bf282715c484b0  /usr/lib/python3.12/__pycache__/bisect.cpython-312.pyc
FILE 3641 0 0 644 /usr/lib/python3.12/__pycache__/bisect.cpython-312.pyc
ENTRY /usr/lib/python3.12/__pycache__ bz2.cpython-312.pyc
6d9bff449bf3c0dd67c19d3c00efb4ee8ba2f4db5d7bc38c4b7ccdb7d9039509  /usr/lib/python3.12/__pycache__/bz2.cpython-312.pyc
FILE 15133 0 0 644 /usr/lib/python3.12/__pycache__/bz2.cpython-312.pyc
ENTRY /usr/lib/python3.12/__pycache__ cProfile.cpython-312.pyc
905ae8b6dd2199bad163cfa0423ab0702eeeb0edad8fb0058d1fe656eae30bad  /usr/lib/python3.12/__pycache__/cProfile.cpython-312.pyc
FILE 8593 0 0 644 /usr/lib/python3.12/__pycache__/cProfile.cpython-312.pyc
ENTRY /usr/lib/python3.12/__pycache__ calendar.cpython-312.pyc
c7d758ebf68afa80cd8678ef64641625beb6ea78b49a2a75b4d642bd43621e9c  /usr/lib/python3.12/__pycache__/calendar.cpython-312.pyc
FILE 39621 0 0 644 /usr/lib/python3.12/__pycache__/calendar.cpython-312.pyc
ENTRY /usr/lib/python3.12/__pycache__ cgi.cpython-312.pyc
9c96053c5a66789a70b695206d69f98f4aec4476e23fc23ef23c39d6d957a29b  /usr/lib/python3.12/__pycache__/cgi.cpython-312.pyc
FILE 40228 0 0 644 /usr/lib/python3.12/__pycache__/cgi.cpython-312.pyc
ENTRY /usr/lib/python3.12/__pycache__ cgitb.cpython-312.pyc
6752f086682e35abdca9b294a04f9f01213a05438a7a41d0509d74067ce48ceb  /usr/lib/python3.12/__pycache__/cgitb.cpython-312.pyc
FILE 17332 0 0 644 /usr/lib/python3.12/__pycache__/cgitb.cpython-312.pyc
ENTRY /usr/lib/python3.12/__pycache__ chunk.cpython-312.pyc
fca450956b1f797bd4b36e738be2caf1892c3e6196e1d4bef60db4d77b0efb76  /usr/lib/python3.12/__pycache__/chunk.cpython-312.pyc
FILE 7310 0 0 644 /usr/lib/python3.12/__pycache__/chunk.cpython-312.pyc
ENTRY /usr/lib/python3.12/__pycache__ cmd.cpython-312.pyc
2da94912e07699f85dbb51d18b558d308669dfca8cb751d2f4d32727fc8456f0  /usr/lib/python3.12/__pycache__/cmd.cpython-312.pyc
FILE 18619 0 0 644 /usr/lib/python3.12/__pycache__/cmd.cpython-312.pyc
ENTRY /usr/lib/python3.12/__pycache__ code.cpython-312.pyc
19f92b2dd093d1cf00a0b935940813a1239be2b13b6e922dd29ae4cbf05a83b1  /usr/lib/python3.12/__pycache__/code.cpython-312.pyc
FILE 13051 0 0 644 /usr/lib/python3.12/__pycache__/code.cpython-312.pyc
ENTRY /usr/lib/python3.12/__pycache__ codecs.cpython-312.pyc
8451a3aaa17cbe8b0022140f8607b9c018a50dcc7d1050689ae2efe69246f89f  /usr/lib/python3.12/__pycache__/codecs.cpython-312.pyc
FILE 42274 0 0 644 /usr/lib/python3.12/__pycache__/codecs.cpython-312.pyc
ENTRY /usr/lib/python3.12/__pycache__ codeop.cpython-312.pyc
bbdf44c175475d5ca553ea492e1e1639436cd9fd1362a80f4f46b148cb275364  /usr/lib/python3.12/__pycache__/codeop.cpython-312.pyc
FILE 6916 0 0 644 /usr/lib/python3.12/__pycache__/codeop.cpython-312.pyc
ENTRY /usr/lib/python3.12/__pycache__ colorsys.cpython-312.pyc
ef7df647f3d43d0f738111ba01847488ba33be533b0cf018739f2012f402d968  /usr/lib/python3.12/__pycache__/colorsys.cpython-312.pyc
FILE 4642 0 0 644 /usr/lib/python3.12/__pycache__/colorsys.cpython-312.pyc
ENTRY /usr/lib/python3.12/__pycache__ compileall.cpython-312.pyc
6373425a3641960bf817e29e6745e2b7350cc3a079ccf450732b6228c27cbb86  /usr/lib/python3.12/__pycache__/compileall.cpython-312.pyc
FILE 20497 0 0 644 /usr/lib/python3.12/__pycache__/compileall.cpython-312.pyc
ENTRY /usr/lib/python3.12/__pycache__ configparser.cpython-312.pyc
63fa1f06d45c1700ad93eca660be97d316012375fd228392ea8156b89857f3f9  /usr/lib/python3.12/__pycache__/configparser.cpython-312.pyc
FILE 63582 0 0 644 /usr/lib/python3.12/__pycache__/configparser.cpython-312.pyc
ENTRY /usr/lib/python3.12/__pycache__ contextlib.cpython-312.pyc
1df07a112176b35f438a63455229bc8fc3a2a08ee4fb7ffc0c61c6ceb1fdd2ce  /usr/lib/python3.12/__pycache__/contextlib.cpython-312.pyc
FILE 30376 0 0 644 /usr/lib/python3.12/__pycache__/contextlib.cpython-312.pyc
ENTRY /usr/lib/python3.12/__pycache__ contextvars.cpython-312.pyc
a90074673ce193628c2468086113d8cf05c5452872e71c2151e89ddfaea0acbf  /usr/lib/python3.12/__pycache__/contextvars.cpython-312.pyc
FILE 261 0 0 644 /usr/lib/python3.12/__pycache__/contextvars.cpython-312.pyc
ENTRY /usr/lib/python3.12/__pycache__ copy.cpython-312.pyc
83f3ed48240038039e6a52bf5a01d7f397088b596193e35c4eb7032a6f156fc1  /usr/lib/python3.12/__pycache__/copy.cpython-312.pyc
FILE 9800 0 0 644 /usr/lib/python3.12/__pycache__/copy.cpython-312.pyc
ENTRY /usr/lib/python3.12/__pycache__ copyreg.cpython-312.pyc
505f4ef5088c1245989aaf8b15c0b9adfa54aaa4e79389ca601a42cdad13ffb3  /usr/lib/python3.12/__pycache__/copyreg.cpython-312.pyc
FILE 7414 0 0 644 /usr/lib/python3.12/__pycache__/copyreg.cpython-312.pyc
ENTRY /usr/lib/python3.12/__pycache__ crypt.cpython-312.pyc
4e7ed7139a7f20583a7714c35768663dfc6e91abb76ce418c8df05bd652d0197  /usr/lib/python3.12/__pycache__/crypt.cpython-312.pyc
FILE 5361 0 0 644 /usr/lib/python3.12/__pycache__/crypt.cpython-312.pyc
ENTRY /usr/lib/python3.12/__pycache__ csv.cpython-312.pyc
8737bd3017cb96e4b0eae590b65df389d987c706ac6d812da6fe421162ca0e4c  /usr/lib/python3.12/__pycache__/csv.cpython-312.pyc
FILE 17788 0 0 644 /usr/lib/python3.12/__pycache__/csv.cpython-312.pyc
ENTRY /usr/lib/python3.12/__pycache__ dataclasses.cpython-312.pyc
7f7eee80cf34c21eab0ecb918ef7f0eedc33fb3879948fed717cedc28a0bb394  /usr/lib/python3.12/__pycache__/dataclasses.cpython-312.pyc
FILE 44678 0 0 644 /usr/lib/python3.12/__pycache__/dataclasses.cpython-312.pyc
ENTRY /usr/lib/python3.12/__pycache__ datetime.cpython-312.pyc
c54309e06157c151e4788bb47cccff359bab05d583964918450ba6573f7bbf6d  /usr/lib/python3.12/__pycache__/datetime.cpython-312.pyc
FILE 409 0 0 644 /usr/lib/python3.12/__pycache__/datetime.cpython-312.pyc
ENTRY /usr/lib/python3.12/__pycache__ decimal.cpython-312.pyc
cd2314e1fbfdc32d990ae336893747e1d56e9356fd86f1703e6c4c938af6c221  /usr/lib/python3.12/__pycache__/decimal.cpython-312.pyc
FILE 406 0 0 644 /usr/lib/python3.12/__pycache__/decimal.cpython-312.pyc
ENTRY /usr/lib/python3.12/__pycache__ difflib.cpython-312.pyc
203a0aaf831de71dd9a444428d954d4e8d753ef81581597f6fb80ee71a84f8d7  /usr/lib/python3.12/__pycache__/difflib.cpython-312.pyc
FILE 75499 0 0 644 /usr/lib/python3.12/__pycache__/difflib.cpython-312.pyc
ENTRY /usr/lib/python3.12/__pycache__ dis.cpython-312.pyc
5206c76dde8007b7a508276b9708d0b6c934e14444a1edeaf114c51149021aae  /usr/lib/python3.12/__pycache__/dis.cpython-312.pyc
FILE 34560 0 0 644 /usr/lib/python3.12/__pycache__/dis.cpython-312.pyc
ENTRY /usr/lib/python3.12/__pycache__ doctest.cpython-312.pyc
aed1b2223d2fe2ce1dcd5edc35e8a92787346e84afc64777039b0233f4241002  /usr/lib/python3.12/__pycache__/doctest.cpython-312.pyc
FILE 105686 0 0 644 /usr/lib/python3.12/__pycache__/doctest.cpython-312.pyc
ENTRY /usr/lib/python3.12/__pycache__ enum.cpython-312.pyc
40b1491833db0f78baf59ce8ea07f8595138ce574fe5fe568cb60b54c60b698d  /usr/lib/python3.12/__pycache__/enum.cpython-312.pyc
FILE 80708 0 0 644 /usr/lib/python3.12/__pycache__/enum.cpython-312.pyc
ENTRY /usr/lib/python3.12/__pycache__ filecmp.cpython-312.pyc
8fafa315f3385b31c158af21aaaca777d82cd6e71c0ab669c6e42ac1b26a9191  /usr/lib/python3.12/__pycache__/filecmp.cpython-312.pyc
FILE 14661 0 0 644 /usr/lib/python3.12/__pycache__/filecmp.cpython-312.pyc
ENTRY /usr/lib/python3.12/__pycache__ fileinput.cpython-312.pyc
5549031694fa6e14b2d35ffb307f59870f61cc1d2fe11411fc75036f26b7c1fc  /usr/lib/python3.12/__pycache__/fileinput.cpython-312.pyc
FILE 20280 0 0 644 /usr/lib/python3.12/__pycache__/fileinput.cpython-312.pyc
ENTRY /usr/lib/python3.12/__pycache__ fnmatch.cpython-312.pyc
2c5edb69c67211f0f48501738bb1cd1976a61dc30fadb403c612d65eb19f02e4  /usr/lib/python3.12/__pycache__/fnmatch.cpython-312.pyc
FILE 6495 0 0 644 /usr/lib/python3.12/__pycache__/fnmatch.cpython-312.pyc
ENTRY /usr/lib/python3.12/__pycache__ fractions.cpython-312.pyc
8c830400f81fa10dc66e47ae2f39717f59394de559d03a2a8596a167f97afcd6  /usr/lib/python3.12/__pycache__/fractions.cpython-312.pyc
FILE 36667 0 0 644 /usr/lib/python3.12/__pycache__/fractions.cpython-312.pyc
ENTRY /usr/lib/python3.12/__pycache__ ftplib.cpython-312.pyc
7f88e516b4003573ff72d11e779aae9313ff646f24de70b74e3faccac7ff5732  /usr/lib/python3.12/__pycache__/ftplib.cpython-312.pyc
FILE 42789 0 0 644 /usr/lib/python3.12/__pycache__/ftplib.cpython-312.pyc
ENTRY /usr/lib/python3.12/__pycache__ functools.cpython-312.pyc
1085aeec36da50a8c3eb4aaaf16c236418f622ff8898e6a78905e43237546f26  /usr/lib/python3.12/__pycache__/functools.cpython-312.pyc
FILE 40506 0 0 644 /usr/lib/python3.12/__pycache__/functools.cpython-312.pyc
ENTRY /usr/lib/python3.12/__pycache__ genericpath.cpython-312.pyc
9667384c73afa880de1cd6162c63aa87bfebf4c3e4a9dde7706703f443350334  /usr/lib/python3.12/__pycache__/genericpath.cpython-312.pyc
FILE 6822 0 0 644 /usr/lib/python3.12/__pycache__/genericpath.cpython-312.pyc
ENTRY /usr/lib/python3.12/__pycache__ getopt.cpython-312.pyc
7411d9b98b9d680b3d777d22619a8795da3a7d7e2a7b70f0a2a7712c0a7dcf93  /usr/lib/python3.12/__pycache__/getopt.cpython-312.pyc
FILE 8363 0 0 644 /usr/lib/python3.12/__pycache__/getopt.cpython-312.pyc
ENTRY /usr/lib/python3.12/__pycache__ getpass.cpython-312.pyc
b536111082a164d2b58fb74024074c2e5d34c52f858e921b1898558b6294d644  /usr/lib/python3.12/__pycache__/getpass.cpython-312.pyc
FILE 6850 0 0 644 /usr/lib/python3.12/__pycache__/getpass.cpython-312.pyc
ENTRY /usr/lib/python3.12/__pycache__ gettext.cpython-312.pyc
4d3bef867993f59e813105d2624df364b64daea3f665046d07dd14b508891111  /usr/lib/python3.12/__pycache__/gettext.cpython-312.pyc
FILE 22151 0 0 644 /usr/lib/python3.12/__pycache__/gettext.cpython-312.pyc
ENTRY /usr/lib/python3.12/__pycache__ glob.cpython-312.pyc
ceb5b78256c35f5f9a81d0a9c075331532061e392feeb6aeddd36debc36cb768  /usr/lib/python3.12/__pycache__/glob.cpython-312.pyc
FILE 9841 0 0 644 /usr/lib/python3.12/__pycache__/glob.cpython-312.pyc
ENTRY /usr/lib/python3.12/__pycache__ graphlib.cpython-312.pyc
c9e01e7c37435be982fdec8cd4b1c93e461cf174ad75f8faf510edb227382274  /usr/lib/python3.12/__pycache__/graphlib.cpython-312.pyc
FILE 10327 0 0 644 /usr/lib/python3.12/__pycache__/graphlib.cpython-312.pyc
ENTRY /usr/lib/python3.12/__pycache__ gzip.cpython-312.pyc
af8d7b8f6174b5d555c386a58157095e4de0c56a2a76af6323833180808d85ac  /usr/lib/python3.12/__pycache__/gzip.cpython-312.pyc
FILE 32015 0 0 644 /usr/lib/python3.12/__pycache__/gzip.cpython-312.pyc
ENTRY /usr/lib/python3.12/__pycache__ hashlib.cpython-312.pyc
04619f013db463c710a70fcde844fb4c8a88588260bbcc11ebab5d086e1be632  /usr/lib/python3.12/__pycache__/hashlib.cpython-312.pyc
FILE 8087 0 0 644 /usr/lib/python3.12/__pycache__/hashlib.cpython-312.pyc
ENTRY /usr/lib/python3.12/__pycache__ heapq.cpython-312.pyc
0739174c85e2525c25f4a95e7c4321c6306bba92060bc5e7afc586cfca2b6a33  /usr/lib/python3.12/__pycache__/heapq.cpython-312.pyc
FILE 17956 0 0 644 /usr/lib/python3.12/__pycache__/heapq.cpython-312.pyc
ENTRY /usr/lib/python3.12/__pycache__ hmac.cpython-312.pyc
1b2b868304a2825709f2c38b5dac041a8b28e062149f9123498098207ac759b2  /usr/lib/python3.12/__pycache__/hmac.cpython-312.pyc
FILE 10698 0 0 644 /usr/lib/python3.12/__pycache__/hmac.cpython-312.pyc
ENTRY /usr/lib/python3.12/__pycache__ imaplib.cpython-312.pyc
89ac77a3450d75a460848ec268a2cd6975b5a803744e5ddcc2223655c2b30bf5  /usr/lib/python3.12/__pycache__/imaplib.cpython-312.pyc
FILE 62889 0 0 644 /usr/lib/python3.12/__pycache__/imaplib.cpython-312.pyc
ENTRY /usr/lib/python3.12/__pycache__ imghdr.cpython-312.pyc
80a205d86844f7b7ddbb0e6746ff77a3e5d548ed3cafb3df30c356339acbf6dc  /usr/lib/python3.12/__pycache__/imghdr.cpython-312.pyc
FILE 6944 0 0 644 /usr/lib/python3.12/__pycache__/imghdr.cpython-312.pyc
ENTRY /usr/lib/python3.12/__pycache__ inspect.cpython-312.pyc
3a4433a4da4a6091fb367c032a618c9c4d231124958ae36637f5d39372031750  /usr/lib/python3.12/__pycache__/inspect.cpython-312.pyc
FILE 133446 0 0 644 /usr/lib/python3.12/__pycache__/inspect.cpython-312.pyc
ENTRY /usr/lib/python3.12/__pycache__ io.cpython-312.pyc
dc4ad018c06abdff2f8f36e88403bf321f90d85e8b3c596293c685a0420826f1  /usr/lib/python3.12/__pycache__/io.cpython-312.pyc
FILE 4139 0 0 644 /usr/lib/python3.12/__pycache__/io.cpython-312.pyc
ENTRY /usr/lib/python3.12/__pycache__ ipaddress.cpython-312.pyc
b3429582e829cffbdfdb1bafc9f528822e467d078fce7cc783346e7221001fc6  /usr/lib/python3.12/__pycache__/ipaddress.cpython-312.pyc
FILE 90762 0 0 644 /usr/lib/python3.12/__pycache__/ipaddress.cpython-312.pyc
ENTRY /usr/lib/python3.12/__pycache__ keyword.cpython-312.pyc
eadafe204a002ecf7b0a7ada057be01727c46fc6281ae18af569af0b48a76d60  /usr/lib/python3.12/__pycache__/keyword.cpython-312.pyc
FILE 1041 0 0 644 /usr/lib/python3.12/__pycache__/keyword.cpython-312.pyc
ENTRY /usr/lib/python3.12/__pycache__ linecache.cpython-312.pyc
4ca39c06266e8f2760b7ba11dd58459787e787fdf03841c58cd875e869c55976  /usr/lib/python3.12/__pycache__/linecache.cpython-312.pyc
FILE 6401 0 0 644 /usr/lib/python3.12/__pycache__/linecache.cpython-312.pyc
ENTRY /usr/lib/python3.12/__pycache__ locale.cpython-312.pyc
d5aed33aebc7b88a98b4be21ff203b70568c074a1630e2121f946ae4d52a278c  /usr/lib/python3.12/__pycache__/locale.cpython-312.pyc
FILE 59536 0 0 644 /usr/lib/python3.12/__pycache__/locale.cpython-312.pyc
ENTRY /usr/lib/python3.12/__pycache__ lzma.cpython-312.pyc
29d7b93d94fe567887cbba526d4c41ac6058ee00f0e188952691c3f2577437bb  /usr/lib/python3.12/__pycache__/lzma.cpython-312.pyc
FILE 15855 0 0 644 /usr/lib/python3.12/__pycache__/lzma.cpython-312.pyc
ENTRY /usr/lib/python3.12/__pycache__ mailbox.cpython-312.pyc
c5c2cd6e19ecfbe8ea3027c1bb46becd7233c03f7859d5875acc894b6f9d23f5  /usr/lib/python3.12/__pycache__/mailbox.cpython-312.pyc
FILE 111618 0 0 644 /usr/lib/python3.12/__pycache__/mailbox.cpython-312.pyc
ENTRY /usr/lib/python3.12/__pycache__ mailcap.cpython-312.pyc
718c24cc1d1b7bd66dc758290bea681e6a6d108dc55268305aa6e21e298dacab  /usr/lib/python3.12/__pycache__/mailcap.cpython-312.pyc
FILE 11155 0 0 644 /usr/lib/python3.12/__pycache__/mailcap.cpython-312.pyc
ENTRY /usr/lib/python3.12/__pycache__ mimetypes.cpython-312.pyc
edcfd33120e974260edff3700466a37191910067c686332c2d13dd54d7242198  /usr/lib/python3.12/__pycache__/mimetypes.cpython-312.pyc
FILE 24185 0 0 644 /usr/lib/python3.12/__pycache__/mimetypes.cpython-312.pyc
ENTRY /usr/lib/python3.12/__pycache__ modulefinder.cpython-312.pyc
1c273e416936c2668f9eb8128f80644a0c153f743c3a86ed077134d95d35a72b  /usr/lib/python3.12/__pycache__/modulefinder.cpython-312.pyc
FILE 27944 0 0 644 /usr/lib/python3.12/__pycache__/modulefinder.cpython-312.pyc
ENTRY /usr/lib/python3.12/__pycache__ netrc.cpython-312.pyc
bdf6b1108576110436ec811a37ea9e494181e0efcdda97f45fd50b08c8289d34  /usr/lib/python3.12/__pycache__/netrc.cpython-312.pyc
FILE 8903 0 0 644 /usr/lib/python3.12/__pycache__/netrc.cpython-312.pyc
ENTRY /usr/lib/python3.12/__pycache__ nntplib.cpython-312.pyc
8897e42279db5be80d880b4e834a4a3fad9e90c27d4a192fab619d0993ef0ff0  /usr/lib/python3.12/__pycache__/nntplib.cpython-312.pyc
FILE 44939 0 0 644 /usr/lib/python3.12/__pycache__/nntplib.cpython-312.pyc
ENTRY /usr/lib/python3.12/__pycache__ ntpath.cpython-312.pyc
76e402d0b8a3964674c4912b903b69c9b4040a541b3ec0942d3fc7abf6ac4e42  /usr/lib/python3.12/__pycache__/ntpath.cpython-312.pyc
FILE 26033 0 0 644 /usr/lib/python3.12/__pycache__/ntpath.cpython-312.pyc
ENTRY /usr/lib/python3.12/__pycache__ nturl2path.cpython-312.pyc
8c61e520080fef710f2d5324f226949e3f3028a7805490cc6fb7f1464afc3714  /usr/lib/python3.12/__pycache__/nturl2path.cpython-312.pyc
FILE 3034 0 0 644 /usr/lib/python3.12/__pycache__/nturl2path.cpython-312.pyc
ENTRY /usr/lib/python3.12/__pycache__ numbers.cpython-312.pyc
4bbe461f66a3fe1d2546f32c4e97d0f9b0d3099a6a5efecdd71b8482ee6547e6  /usr/lib/python3.12/__pycache__/numbers.cpython-312.pyc
FILE 13967 0 0 644 /usr/lib/python3.12/__pycache__/numbers.cpython-312.pyc
ENTRY /usr/lib/python3.12/__pycache__ opcode.cpython-312.pyc
bd8bbbfc0835ab1bc4722c8f4a2e5a4c9733b13795c2f5a5e6db4934a565bd86  /usr/lib/python3.12/__pycache__/opcode.cpython-312.pyc
FILE 14716 0 0 644 /usr/lib/python3.12/__pycache__/opcode.cpython-312.pyc
ENTRY /usr/lib/python3.12/__pycache__ operator.cpython-312.pyc
def868a9adeb4e225a3734bcc3dbf0f1275d44fe98003578fef1a4766410f85a  /usr/lib/python3.12/__pycache__/operator.cpython-312.pyc
FILE 17364 0 0 644 /usr/lib/python3.12/__pycache__/operator.cpython-312.pyc
ENTRY /usr/lib/python3.12/__pycache__ optparse.cpython-312.pyc
62f649a984e5ef4d1f1a78b07112b6eeaf65ae4cbcfde086390ff4362a7cd89f  /usr/lib/python3.12/__pycache__/optparse.cpython-312.pyc
FILE 67546 0 0 644 /usr/lib/python3.12/__pycache__/optparse.cpython-312.pyc
ENTRY /usr/lib/python3.12/__pycache__ os.cpython-312.pyc
27f1f6b56dd7c86b6ae4fe02546c56862280ecfa2abe928e4b6d1acd22f29067  /usr/lib/python3.12/__pycache__/os.cpython-312.pyc
FILE 43474 0 0 644 /usr/lib/python3.12/__pycache__/os.cpython-312.pyc
ENTRY /usr/lib/python3.12/__pycache__ pathlib.cpython-312.pyc
2fa904df4f5a4c89b7bf8540c5385c368fdfb563377dd995df84484050c12805  /usr/lib/python3.12/__pycache__/pathlib.cpython-312.pyc
FILE 62098 0 0 644 /usr/lib/python3.12/__pycache__/pathlib.cpython-312.pyc
ENTRY /usr/lib/python3.12/__pycache__ pdb.cpython-312.pyc
9c663417acd13f6f6b91ff6f1f14a235fb342051e7ab2e32cdde56640a203691  /usr/lib/python3.12/__pycache__/pdb.cpython-312.pyc
FILE 84919 0 0 644 /usr/lib/python3.12/__pycache__/pdb.cpython-312.pyc
ENTRY /usr/lib/python3.12/__pycache__ pickle.cpython-312.pyc
ccf5c8e419a5b482ae30e6ba611c490727c871e70eb8e1499373816f2549e4b4  /usr/lib/python3.12/__pycache__/pickle.cpython-312.pyc
FILE 76176 0 0 644 /usr/lib/python3.12/__pycache__/pickle.cpython-312.pyc
ENTRY /usr/lib/python3.12/__pycache__ pickletools.cpython-312.pyc
ff24c84d09987ef9cb6602d97e67575dcd82d786b87d83cc735d79c1b77574df  /usr/lib/python3.12/__pycache__/pickletools.cpython-312.pyc
FILE 81128 0 0 644 /usr/lib/python3.12/__pycache__/pickletools.cpython-312.pyc
ENTRY /usr/lib/python3.12/__pycache__ pipes.cpython-312.pyc
3036d920904b39d00c734c106c3e239b2872cf11433e24860d10ab4ef5f39a52  /usr/lib/python3.12/__pycache__/pipes.cpython-312.pyc
FILE 10914 0 0 644 /usr/lib/python3.12/__pycache__/pipes.cpython-312.pyc
ENTRY /usr/lib/python3.12/__pycache__ pkgutil.cpython-312.pyc
a83d7106278e6058a653f1ea714278b00c7afd7c7c57df0a3b5f99e09d0675cf  /usr/lib/python3.12/__pycache__/pkgutil.cpython-312.pyc
FILE 19959 0 0 644 /usr/lib/python3.12/__pycache__/pkgutil.cpython-312.pyc
ENTRY /usr/lib/python3.12/__pycache__ platform.cpython-312.pyc
3cf3fb41528c586c8549277318846b66a1a422ed0b6fc2b28579c9220c8ba687  /usr/lib/python3.12/__pycache__/platform.cpython-312.pyc
FILE 41600 0 0 644 /usr/lib/python3.12/__pycache__/platform.cpython-312.pyc
ENTRY /usr/lib/python3.12/__pycache__ plistlib.cpython-312.pyc
3e01b5d6ca0400a208a6c6be0cc7f206d4d2a64acb3443016417cbb2f1476a69  /usr/lib/python3.12/__pycache__/plistlib.cpython-312.pyc
FILE 41286 0 0 644 /usr/lib/python3.12/__pycache__/plistlib.cpython-312.pyc
ENTRY /usr/lib/python3.12/__pycache__ poplib.cpython-312.pyc
6b2d13d420bb04e1fb09460edaf51e6de957c7f2260982595c2b2c9e49148f44  /usr/lib/python3.12/__pycache__/poplib.cpython-312.pyc
FILE 18446 0 0 644 /usr/lib/python3.12/__pycache__/poplib.cpython-312.pyc
ENTRY /usr/lib/python3.12/__pycache__ posixpath.cpython-312.pyc
6164a248f74dcd4a8a6873c1d34c390590bfe5616c7e75fee91c0b4ef65a75bd  /usr/lib/python3.12/__pycache__/posixpath.cpython-312.pyc
FILE 18236 0 0 644 /usr/lib/python3.12/__pycache__/posixpath.cpython-312.pyc
ENTRY /usr/lib/python3.12/__pycache__ pprint.cpython-312.pyc
c7406eb05fe43ac06ebfba3e4ac878391978167c897c797c44320ff08a08d51b  /usr/lib/python3.12/__pycache__/pprint.cpython-312.pyc
FILE 29474 0 0 644 /usr/lib/python3.12/__pycache__/pprint.cpython-312.pyc
ENTRY /usr/lib/python3.12/__pycache__ profile.cpython-312.pyc
eec6050e43b7f371d2964c11d8d45d09e98867a35ef8f868b077b1ad2eb4faeb  /usr/lib/python3.12/__pycache__/profile.cpython-312.pyc
FILE 22540 0 0 644 /usr/lib/python3.12/__pycache__/profile.cpython-312.pyc
ENTRY /usr/lib/python3.12/__pycache__ pstats.cpython-312.pyc
18c93d780919a500b258745e3e6b6fc15c2b37361d10a1ec96cabf0e8e5729bc  /usr/lib/python3.12/__pycache__/pstats.cpython-312.pyc
FILE 37922 0 0 644 /usr/lib/python3.12/__pycache__/pstats.cpython-312.pyc
ENTRY /usr/lib/python3.12/__pycache__ pty.cpython-312.pyc
49ff946bff2bddc88ee5811c5d8e6ba785f71c1b8bceba220bfb34f7af37058b  /usr/lib/python3.12/__pycache__/pty.cpython-312.pyc
FILE 7363 0 0 644 /usr/lib/python3.12/__pycache__/pty.cpython-312.pyc
ENTRY /usr/lib/python3.12/__pycache__ py_compile.cpython-312.pyc
2a30e2c007deaba3e6b417f4304f217e435a3e0c700e608fae15bb8313a64b07  /usr/lib/python3.12/__pycache__/py_compile.cpython-312.pyc
FILE 10078 0 0 644 /usr/lib/python3.12/__pycache__/py_compile.cpython-312.pyc
ENTRY /usr/lib/python3.12/__pycache__ pyclbr.cpython-312.pyc
52bc3535ea0ef4a1bdc15d72273cc20ab3aa8725d026e3ac8faa2f773b379411  /usr/lib/python3.12/__pycache__/pyclbr.cpython-312.pyc
FILE 14887 0 0 644 /usr/lib/python3.12/__pycache__/pyclbr.cpython-312.pyc
ENTRY /usr/lib/python3.12/__pycache__ pydoc.cpython-312.pyc
88485dff827deee1950489e9793a15d6068b880d6c0020ca68da5076ac2f8927  /usr/lib/python3.12/__pycache__/pydoc.cpython-312.pyc
FILE 142955 0 0 644 /usr/lib/python3.12/__pycache__/pydoc.cpython-312.pyc
ENTRY /usr/lib/python3.12/__pycache__ queue.cpython-312.pyc
551f0edb2f22f939c2454b0f7a3a074f48fc607764651072a9e78415e21e6a7d  /usr/lib/python3.12/__pycache__/queue.cpython-312.pyc
FILE 14732 0 0 644 /usr/lib/python3.12/__pycache__/queue.cpython-312.pyc
ENTRY /usr/lib/python3.12/__pycache__ quopri.cpython-312.pyc
18d0121afeb86850d7380d7e81f80d64c2d809c8fe4903926c1b6e9159fbb0e5  /usr/lib/python3.12/__pycache__/quopri.cpython-312.pyc
FILE 9323 0 0 644 /usr/lib/python3.12/__pycache__/quopri.cpython-312.pyc
ENTRY /usr/lib/python3.12/__pycache__ random.cpython-312.pyc
f34a048fe1dbb3162da8cf78bff81614a6c373356f08f936ad1fe5707696daa3  /usr/lib/python3.12/__pycache__/random.cpython-312.pyc
FILE 33153 0 0 644 /usr/lib/python3.12/__pycache__/random.cpython-312.pyc
ENTRY /usr/lib/python3.12/__pycache__ reprlib.cpython-312.pyc
b31fab6a01696e93d0dc567bdd717ab35f571155b0e848475e2935fdd2ca90ba  /usr/lib/python3.12/__pycache__/reprlib.cpython-312.pyc
FILE 9909 0 0 644 /usr/lib/python3.12/__pycache__/reprlib.cpython-312.pyc
ENTRY /usr/lib/python3.12/__pycache__ rlcompleter.cpython-312.pyc
99dbfb8e37fa9ea87f8d2518949d3f05f4dae2b16fe9d614cae19315828994b5  /usr/lib/python3.12/__pycache__/rlcompleter.cpython-312.pyc
FILE 8282 0 0 644 /usr/lib/python3.12/__pycache__/rlcompleter.cpython-312.pyc
ENTRY /usr/lib/python3.12/__pycache__ runpy.cpython-312.pyc
13194b081a568f26644063143f87f9a5881503b6d0fb4b423d9ba82a0f95c3a3  /usr/lib/python3.12/__pycache__/runpy.cpython-312.pyc
FILE 14385 0 0 644 /usr/lib/python3.12/__pycache__/runpy.cpython-312.pyc
ENTRY /usr/lib/python3.12/__pycache__ sched.cpython-312.pyc
24f22b4b81063f4749d18486d7dfa508b12c4c5e5e2c6e8ccdcefb46fc42459d  /usr/lib/python3.12/__pycache__/sched.cpython-312.pyc
FILE 7735 0 0 644 /usr/lib/python3.12/__pycache__/sched.cpython-312.pyc
ENTRY /usr/lib/python3.12/__pycache__ secrets.cpython-312.pyc
5e13b1525fbde14cdf50ac4a7e7cdd138d6d6a593d49b00a1e98b9c01852c3f0  /usr/lib/python3.12/__pycache__/secrets.cpython-312.pyc
FILE 2556 0 0 644 /usr/lib/python3.12/__pycache__/secrets.cpython-312.pyc
ENTRY /usr/lib/python3.12/__pycache__ selectors.cpython-312.pyc
23965f375d55a2f75e7b116ae876c2d4cc24f318985eb36dd837f6bda560f6d4  /usr/lib/python3.12/__pycache__/selectors.cpython-312.pyc
FILE 26128 0 0 644 /usr/lib/python3.12/__pycache__/selectors.cpython-312.pyc
ENTRY /usr/lib/python3.12/__pycache__ shelve.cpython-312.pyc
8929e4b629edd75df5964805ae7bfe0a82c21a0b494e548b0a35dae067318c9b  /usr/lib/python3.12/__pycache__/shelve.cpython-312.pyc
FILE 12913 0 0 644 /usr/lib/python3.12/__pycache__/shelve.cpython-312.pyc
ENTRY /usr/lib/python3.12/__pycache__ shlex.cpython-312.pyc
ced07d637a225e91e2e728eb2bf6a479da53b82c4d4e4f0355060398a9f4eb8d  /usr/lib/python3.12/__pycache__/shlex.cpython-312.pyc
FILE 14162 0 0 644 /usr/lib/python3.12/__pycache__/shlex.cpython-312.pyc
ENTRY /usr/lib/python3.12/__pycache__ shutil.cpython-312.pyc
871728bb0f2f8afe267abb77dd1bef1218f774fb29206b0b3346610d7a86a36a  /usr/lib/python3.12/__pycache__/shutil.cpython-312.pyc
FILE 68113 0 0 644 /usr/lib/python3.12/__pycache__/shutil.cpython-312.pyc
ENTRY /usr/lib/python3.12/__pycache__ signal.cpython-312.pyc
3f5c4d8939523812d820551e166c05e07789f36f247038adabc809ab4490f06b  /usr/lib/python3.12/__pycache__/signal.cpython-312.pyc
FILE 4448 0 0 644 /usr/lib/python3.12/__pycache__/signal.cpython-312.pyc
ENTRY /usr/lib/python3.12/__pycache__ site.cpython-312.pyc
9fe98c81265967fc5c195c4b154c64fdabd5fb8273499c8329ffd4af048d3c21  /usr/lib/python3.12/__pycache__/site.cpython-312.pyc
FILE 29063 0 0 644 /usr/lib/python3.12/__pycache__/site.cpython-312.pyc
ENTRY /usr/lib/python3.12/__pycache__ sitecustomize.cpython-312.pyc
5c10f62cbe458aa3b9b4184697435108070e9eaf514d27104c7692a03f4b8012  /usr/lib/python3.12/__pycache__/sitecustomize.cpython-312.pyc
FILE 300 0 0 644 /usr/lib/python3.12/__pycache__/sitecustomize.cpython-312.pyc
ENTRY /usr/lib/python3.12/__pycache__ smtplib.cpython-312.pyc
c8dd03255455dbc8400496e380ab6d2d81194a053784b5b219b7bc510323e78f  /usr/lib/python3.12/__pycache__/smtplib.cpython-312.pyc
FILE 48221 0 0 644 /usr/lib/python3.12/__pycache__/smtplib.cpython-312.pyc
ENTRY /usr/lib/python3.12/__pycache__ sndhdr.cpython-312.pyc
d5414e8c23a2a3ee374217a6c1d8e8fd25dbf4c1fda5db13a181f9812a321da7  /usr/lib/python3.12/__pycache__/sndhdr.cpython-312.pyc
FILE 10712 0 0 644 /usr/lib/python3.12/__pycache__/sndhdr.cpython-312.pyc
ENTRY /usr/lib/python3.12/__pycache__ socket.cpython-312.pyc
f7d14f0c1f16ddf3f64fad88967f8cb653721bc6bc18f9e31bf0defd6168ce34  /usr/lib/python3.12/__pycache__/socket.cpython-312.pyc
FILE 41817 0 0 644 /usr/lib/python3.12/__pycache__/socket.cpython-312.pyc
ENTRY /usr/lib/python3.12/__pycache__ socketserver.cpython-312.pyc
fdc5a96383f4635ee7702e1d5839c71e005d788e0f74447b7b77c46a4daa71d7  /usr/lib/python3.12/__pycache__/socketserver.cpython-312.pyc
FILE 34258 0 0 644 /usr/lib/python3.12/__pycache__/socketserver.cpython-312.pyc
ENTRY /usr/lib/python3.12/__pycache__ sre_compile.cpython-312.pyc
2842d8d71ddc5742366b5c287bc7d95415dbd6b33ec43374a210781b9913818c  /usr/lib/python3.12/__pycache__/sre_compile.cpython-312.pyc
FILE 625 0 0 644 /usr/lib/python3.12/__pycache__/sre_compile.cpython-312.pyc
ENTRY /usr/lib/python3.12/__pycache__ sre_constants.cpython-312.pyc
261b1d820dae23a61335cd3a11623bc870f4d9ab42898a31ab0328c3b0c18860  /usr/lib/python3.12/__pycache__/sre_constants.cpython-312.pyc
FILE 628 0 0 644 /usr/lib/python3.12/__pycache__/sre_constants.cpython-312.pyc
ENTRY /usr/lib/python3.12/__pycache__ sre_parse.cpython-312.pyc
28cb4d0c308e22ce0d5cc5312761b2fa429f4cf259cc1766f0107ab58fde856a  /usr/lib/python3.12/__pycache__/sre_parse.cpython-312.pyc
FILE 621 0 0 644 /usr/lib/python3.12/__pycache__/sre_parse.cpython-312.pyc
ENTRY /usr/lib/python3.12/__pycache__ ssl.cpython-312.pyc
61a65d1a192ed07f9063466d6e233261dbff54fd7dfd5b42ecc512f3ba5c0504  /usr/lib/python3.12/__pycache__/ssl.cpython-312.pyc
FILE 63011 0 0 644 /usr/lib/python3.12/__pycache__/ssl.cpython-312.pyc
ENTRY /usr/lib/python3.12/__pycache__ stat.cpython-312.pyc
084e77fea527d129f2d4e4718b814c32923222a30bf75b8eebfdccadc2f8bc7e  /usr/lib/python3.12/__pycache__/stat.cpython-312.pyc
FILE 5231 0 0 644 /usr/lib/python3.12/__pycache__/stat.cpython-312.pyc
ENTRY /usr/lib/python3.12/__pycache__ statistics.cpython-312.pyc
56aed88db187bd6fe61c9c7be3a67e3ac0bb0a04cd4eadd5ca8cfbbf72543129  /usr/lib/python3.12/__pycache__/statistics.cpython-312.pyc
FILE 55423 0 0 644 /usr/lib/python3.12/__pycache__/statistics.cpython-312.pyc
ENTRY /usr/lib/python3.12/__pycache__ string.cpython-312.pyc
74ac2a7996f86e037fa7f14b1716537f86019f1882ea8612e8af930c94579116  /usr/lib/python3.12/__pycache__/string.cpython-312.pyc
FILE 11482 0 0 644 /usr/lib/python3.12/__pycache__/string.cpython-312.pyc
ENTRY /usr/lib/python3.12/__pycache__ stringprep.cpython-312.pyc
75f961ecb3e0454558e3384c06d2e8e8ff35736a4d5606b8b2d73d941a93f4fd  /usr/lib/python3.12/__pycache__/stringprep.cpython-312.pyc
FILE 25160 0 0 644 /usr/lib/python3.12/__pycache__/stringprep.cpython-312.pyc
ENTRY /usr/lib/python3.12/__pycache__ struct.cpython-312.pyc
2ba3d4d41c89cc958943a2ee534157a1557283e209f7fc2b4d4a1a9bed348090  /usr/lib/python3.12/__pycache__/struct.cpython-312.pyc
FILE 325 0 0 644 /usr/lib/python3.12/__pycache__/struct.cpython-312.pyc
ENTRY /usr/lib/python3.12/__pycache__ subprocess.cpython-312.pyc
5c0a57ad01fdbad456abae332ac3210fa80880ceeb5f5dfeb12179514400c60b  /usr/lib/python3.12/__pycache__/subprocess.cpython-312.pyc
FILE 79187 0 0 644 /usr/lib/python3.12/__pycache__/subprocess.cpython-312.pyc
ENTRY /usr/lib/python3.12/__pycache__ sunau.cpython-312.pyc
346a20d7289055162a2d3a8ef89616732c8be4286046afe973ccf5f74a20faa9  /usr/lib/python3.12/__pycache__/sunau.cpython-312.pyc
FILE 25423 0 0 644 /usr/lib/python3.12/__pycache__/sunau.cpython-312.pyc
ENTRY /usr/lib/python3.12/__pycache__ symtable.cpython-312.pyc
d775d90d68898ae1bf3f86093008a90ae94ea556b5fa42bbc0e40876e2a0b846  /usr/lib/python3.12/__pycache__/symtable.cpython-312.pyc
FILE 18781 0 0 644 /usr/lib/python3.12/__pycache__/symtable.cpython-312.pyc
ENTRY /usr/lib/python3.12/__pycache__ sysconfig.cpython-312.pyc
fda574de942cb779a3081c5565371a1c29a19d09b3724d789700e75659153012  /usr/lib/python3.12/__pycache__/sysconfig.cpython-312.pyc
FILE 30001 0 0 644 /usr/lib/python3.12/__pycache__/sysconfig.cpython-312.pyc
ENTRY /usr/lib/python3.12/__pycache__ tabnanny.cpython-312.pyc
24c487227be5a68602c020df7273c9483fc1cabdbc600e69a1a94f03b3b817d4  /usr/lib/python3.12/__pycache__/tabnanny.cpython-312.pyc
FILE 12156 0 0 644 /usr/lib/python3.12/__pycache__/tabnanny.cpython-312.pyc
ENTRY /usr/lib/python3.12/__pycache__ tarfile.cpython-312.pyc
b6ce37cded3d71096f5fdac542d11c2a8deb14fd8d8d7e8f7c757f676af5be2d  /usr/lib/python3.12/__pycache__/tarfile.cpython-312.pyc
FILE 124556 0 0 644 /usr/lib/python3.12/__pycache__/tarfile.cpython-312.pyc
ENTRY /usr/lib/python3.12/__pycache__ telnetlib.cpython-312.pyc
7efac874ad5a8ba7504914317c03861432c12228a2b4a6595ddd033c754613d2  /usr/lib/python3.12/__pycache__/telnetlib.cpython-312.pyc
FILE 28423 0 0 644 /usr/lib/python3.12/__pycache__/telnetlib.cpython-312.pyc
ENTRY /usr/lib/python3.12/__pycache__ tempfile.cpython-312.pyc
5b02d3216ac6a9c35e3ae427fb77801b9b71c59592d96d2b4c36fd3ad1d0da84  /usr/lib/python3.12/__pycache__/tempfile.cpython-312.pyc
FILE 47339 0 0 644 /usr/lib/python3.12/__pycache__/tempfile.cpython-312.pyc
ENTRY /usr/lib/python3.12/__pycache__ textwrap.cpython-312.pyc
6da3efc5b4274bab060c1750898f86014f7c80bdbab3275cff30719156d4be5a  /usr/lib/python3.12/__pycache__/textwrap.cpython-312.pyc
FILE 18293 0 0 644 /usr/lib/python3.12/__pycache__/textwrap.cpython-312.pyc
ENTRY /usr/lib/python3.12/__pycache__ this.cpython-312.pyc
2ed79137c3a6cfcc8bc102db2c42af57be8f397fcc0e88e855918200ad24d626  /usr/lib/python3.12/__pycache__/this.cpython-312.pyc
FILE 1408 0 0 644 /usr/lib/python3.12/__pycache__/this.cpython-312.pyc
ENTRY /usr/lib/python3.12/__pycache__ threading.cpython-312.pyc
4af9500cd174ae5311f9e9f7ccc65fd9522c7013dfcbbc933bdc9cccb21a903f  /usr/lib/python3.12/__pycache__/threading.cpython-312.pyc
FILE 65346 0 0 644 /usr/lib/python3.12/__pycache__/threading.cpython-312.pyc
ENTRY /usr/lib/python3.12/__pycache__ timeit.cpython-312.pyc
af44d391307c2f6d5457fcf1514ad7eac337ac8a399165ec68828bf04f0a8b51  /usr/lib/python3.12/__pycache__/timeit.cpython-312.pyc
FILE 14864 0 0 644 /usr/lib/python3.12/__pycache__/timeit.cpython-312.pyc
ENTRY /usr/lib/python3.12/__pycache__ token.cpython-312.pyc
1e4cf42335c5175d36c8490e3b5b3ea4ba43e704edb6967384c3af379c03e9d6  /usr/lib/python3.12/__pycache__/token.cpython-312.pyc
FILE 3557 0 0 644 /usr/lib/python3.12/__pycache__/token.cpython-312.pyc
ENTRY /usr/lib/python3.12/__pycache__ tokenize.cpython-312.pyc
e6d066c8edd37fcd3036bcda6e5c3ef805aa1e6635886c6807e0e53456259bb4  /usr/lib/python3.12/__pycache__/tokenize.cpython-312.pyc
FILE 24775 0 0 644 /usr/lib/python3.12/__pycache__/tokenize.cpython-312.pyc
ENTRY /usr/lib/python3.12/__pycache__ trace.cpython-312.pyc
d82937eb2deefd05d74bd93ff2cb3df686e0fcb7fb3ed8395ee5e4fb141b2feb  /usr/lib/python3.12/__pycache__/trace.cpython-312.pyc
FILE 33024 0 0 644 /usr/lib/python3.12/__pycache__/trace.cpython-312.pyc
ENTRY /usr/lib/python3.12/__pycache__ traceback.cpython-312.pyc
03ffcd1fd708a9b36ae46b11ea5b4fed0a9eed9bed81c8efa68ce35aeaf5598c  /usr/lib/python3.12/__pycache__/traceback.cpython-312.pyc
FILE 51523 0 0 644 /usr/lib/python3.12/__pycache__/traceback.cpython-312.pyc
ENTRY /usr/lib/python3.12/__pycache__ tracemalloc.cpython-312.pyc
06f2422502a2a5581015c26909ab7026d33d68d506782f27f81a251d2b8dd68c  /usr/lib/python3.12/__pycache__/tracemalloc.cpython-312.pyc
FILE 26907 0 0 644 /usr/lib/python3.12/__pycache__/tracemalloc.cpython-312.pyc
ENTRY /usr/lib/python3.12/__pycache__ tty.cpython-312.pyc
bf6e120361047b92e868c3bafe731832c1ebad9d5c2e45347af7f19ac1a307f2  /usr/lib/python3.12/__pycache__/tty.cpython-312.pyc
FILE 2668 0 0 644 /usr/lib/python3.12/__pycache__/tty.cpython-312.pyc
ENTRY /usr/lib/python3.12/__pycache__ turtle.cpython-312.pyc
0d26fe8bdd618ba46372e440e07e6af302257cec68a070914d02c7ded23e9c15  /usr/lib/python3.12/__pycache__/turtle.cpython-312.pyc
FILE 184632 0 0 644 /usr/lib/python3.12/__pycache__/turtle.cpython-312.pyc
ENTRY /usr/lib/python3.12/__pycache__ types.cpython-312.pyc
2a245f48cfd5ff95220e17773ae21fe1e69bab9fd79f5d64c3a9635af9481e24  /usr/lib/python3.12/__pycache__/types.cpython-312.pyc
FILE 14939 0 0 644 /usr/lib/python3.12/__pycache__/types.cpython-312.pyc
ENTRY /usr/lib/python3.12/__pycache__ typing.cpython-312.pyc
a7a6b86f33102e173a3b27acc02fe58e272e4c5552c8959066edeaf072a8159b  /usr/lib/python3.12/__pycache__/typing.cpython-312.pyc
FILE 141860 0 0 644 /usr/lib/python3.12/__pycache__/typing.cpython-312.pyc
ENTRY /usr/lib/python3.12/__pycache__ uu.cpython-312.pyc
5c87fa9945331709ef3758bf2c8bae074afa04c35956d9c4b4a7a0964601bbc9  /usr/lib/python3.12/__pycache__/uu.cpython-312.pyc
FILE 7816 0 0 644 /usr/lib/python3.12/__pycache__/uu.cpython-312.pyc
ENTRY /usr/lib/python3.12/__pycache__ uuid.cpython-312.pyc
b76ce0020619693fd86c7100d03586daae8fa357463bdb013a00301e1a278b0f  /usr/lib/python3.12/__pycache__/uuid.cpython-312.pyc
FILE 33007 0 0 644 /usr/lib/python3.12/__pycache__/uuid.cpython-312.pyc
ENTRY /usr/lib/python3.12/__pycache__ warnings.cpython-312.pyc
7754377e0664f09a1ca1dfa027c020283e96e54a189f9e79f2a6a3fedb750aba  /usr/lib/python3.12/__pycache__/warnings.cpython-312.pyc
FILE 23792 0 0 644 /usr/lib/python3.12/__pycache__/warnings.cpython-312.pyc
ENTRY /usr/lib/python3.12/__pycache__ wave.cpython-312.pyc
9fb6734ab0d5948ae496f5b9e0f0912d0de8fe4922890708523be0b7e0c8306c  /usr/lib/python3.12/__pycache__/wave.cpython-312.pyc
FILE 32084 0 0 644 /usr/lib/python3.12/__pycache__/wave.cpython-312.pyc
ENTRY /usr/lib/python3.12/__pycache__ weakref.cpython-312.pyc
71728f5174101086183a4bf8c2183e8f1bac3cbbd15f91b16efebc1ba9689b89  /usr/lib/python3.12/__pycache__/weakref.cpython-312.pyc
FILE 31348 0 0 644 /usr/lib/python3.12/__pycache__/weakref.cpython-312.pyc
ENTRY /usr/lib/python3.12/__pycache__ webbrowser.cpython-312.pyc
7fb89f27721a1873506be91a80c9d36b1277c1d6fd31f2d6e80de24baee10780  /usr/lib/python3.12/__pycache__/webbrowser.cpython-312.pyc
FILE 27213 0 0 644 /usr/lib/python3.12/__pycache__/webbrowser.cpython-312.pyc
ENTRY /usr/lib/python3.12/__pycache__ xdrlib.cpython-312.pyc
553adf1e1fb336333f15d8d9c6f9cc651ac656b5ff182e82a6f92450240075f2  /usr/lib/python3.12/__pycache__/xdrlib.cpython-312.pyc
FILE 11841 0 0 644 /usr/lib/python3.12/__pycache__/xdrlib.cpython-312.pyc
ENTRY /usr/lib/python3.12/__pycache__ zipapp.cpython-312.pyc
8ddf4967dd3e75fbc19e8332a8df1b7bb981f2cc80fc593cb14afc842e4dfb7b  /usr/lib/python3.12/__pycache__/zipapp.cpython-312.pyc
FILE 9977 0 0 644 /usr/lib/python3.12/__pycache__/zipapp.cpython-312.pyc
ENTRY /usr/lib/python3.12/__pycache__ zipimport.cpython-312.pyc
8b5deaf2e483527e414e7802e0ae4aea0831aace6edb107052fe0f840c54609b  /usr/lib/python3.12/__pycache__/zipimport.cpython-312.pyc
FILE 24475 0 0 644 /usr/lib/python3.12/__pycache__/zipimport.cpython-312.pyc
ENTRY /usr/lib/python3.12 _aix_support.py
0982f187c62fbfc1e8d368c8eb4104b56df71009a6b2823565a699e7b4cd945c  /usr/lib/python3.12/_aix_support.py
FILE 4021 0 0 644 /usr/lib/python3.12/_aix_support.py
ENTRY /usr/lib/python3.12 _collections_abc.py
90324ee3e1c4ca5319f7242d4b7c1e90eb8418b3f999d07c853aa488356282e6  /usr/lib/python3.12/_collections_abc.py
FILE 32082 0 0 644 /usr/lib/python3.12/_collections_abc.py
ENTRY /usr/lib/python3.12 _compat_pickle.py
12c8356a3d40bd0a336f13d7c6e2bed50d5c1a876563766a3175a6b328b5855e  /usr/lib/python3.12/_compat_pickle.py
FILE 8761 0 0 644 /usr/lib/python3.12/_compat_pickle.py
ENTRY /usr/lib/python3.12 _compression.py
3ad5d60627477a60939ee44fc1bb3a05dbe8fb52f0f75039b8f5d8f1a278b981  /usr/lib/python3.12/_compression.py
FILE 5681 0 0 644 /usr/lib/python3.12/_compression.py
ENTRY /usr/lib/python3.12 _distutils_system_mod.py
c0ed16ad26297815a3a9e5748697d33a58994a6fe411be2e269d61636744e87a  /usr/lib/python3.12/_distutils_system_mod.py
FILE 5716 0 0 644 /usr/lib/python3.12/_distutils_system_mod.py
ENTRY /usr/lib/python3.12 _markupbase.py
cb14dd6f2e2439eb70b806cd49d19911363d424c2b6b9f4b73c9c08022d47030  /usr/lib/python3.12/_markupbase.py
FILE 14653 0 0 644 /usr/lib/python3.12/_markupbase.py
ENTRY /usr/lib/python3.12 _osx_support.py
363d3240acbba18a270bd3161f1ddb478f8492dc14fc451b2dc314db5c5ee09c  /usr/lib/python3.12/_osx_support.py
FILE 22023 0 0 644 /usr/lib/python3.12/_osx_support.py
ENTRY /usr/lib/python3.12 _py_abc.py
f9c6fe3dd9b51bd7d93f867356e9d362600c924febfd903ee1c6e298860dca92  /usr/lib/python3.12/_py_abc.py
FILE 6189 0 0 644 /usr/lib/python3.12/_py_abc.py
ENTRY /usr/lib/python3.12 _pydatetime.py
8d5c6bb703d9b47f87bc20cb8003aaeee2dae7562a381e1623735f1ff8abccd3  /usr/lib/python3.12/_pydatetime.py
FILE 92097 0 0 644 /usr/lib/python3.12/_pydatetime.py
ENTRY /usr/lib/python3.12 _pydecimal.py
c7108f0dc0beedb245daede78c9be602a64d47d3fb988e166e0474aa5bf317ea  /usr/lib/python3.12/_pydecimal.py
FILE 229220 0 0 644 /usr/lib/python3.12/_pydecimal.py
ENTRY /usr/lib/python3.12 _pyio.py
22a2730be3230802593c75c930387e635809c6d82420e5234ef8d9cd1166ac8d  /usr/lib/python3.12/_pyio.py
FILE 93593 0 0 644 /usr/lib/python3.12/_pyio.py
ENTRY /usr/lib/python3.12 _pylong.py
79e219a7d1cab0b3d954fab7937c58ef965a3a132bdb885dda17bbb9fdfab16c  /usr/lib/python3.12/_pylong.py
FILE 9047 0 0 644 /usr/lib/python3.12/_pylong.py
ENTRY /usr/lib/python3.12 _sitebuiltins.py
b9388bc1d6d12ed6be12da420ab1feca40f99c0e33ec315d92b1e01cb69b25bc  /usr/lib/python3.12/_sitebuiltins.py
FILE 3128 0 0 644 /usr/lib/python3.12/_sitebuiltins.py
ENTRY /usr/lib/python3.12 _strptime.py
302a4b9cf8fa7511c9142b110601f069fe195fec8217a49de46b340df2eafc32  /usr/lib/python3.12/_strptime.py
FILE 24615 0 0 644 /usr/lib/python3.12/_strptime.py
ENTRY /usr/lib/python3.12 _sysconfigdata__linux_x86_64-linux-gnu.py
ALIAS /usr/lib/python3.12/_sysconfigdata__linux_x86_64-linux-gnu.py /usr/lib/python3.12/_sysconfigdata__x86_64-linux-gnu.py
0ff9cca346181ea377005e068b90390017b34191307c3d9c51e42a6fd2b66240  /usr/lib/python3.12/_sysconfigdata__x86_64-linux-gnu.py
FILE 49505 0 0 644 /usr/lib/python3.12/_sysconfigdata__x86_64-linux-gnu.py
ENTRY /usr/lib/python3.12 _sysconfigdata__x86_64-linux-gnu.py
ENTRY /usr/lib/python3.12 _threading_local.py
e1bf3dae66d0bfa63c8bb8a1d10c611203c35c636f7f5191fd56105788ef29cb  /usr/lib/python3.12/_threading_local.py
FILE 7220 0 0 644 /usr/lib/python3.12/_threading_local.py
ENTRY /usr/lib/python3.12 _weakrefset.py
91895a451d06e9f521a1171b31b9b19bc9740f35af00d4fa106338ab7167c9ac  /usr/lib/python3.12/_weakrefset.py
FILE 5893 0 0 644 /usr/lib/python3.12/_weakrefset.py
ENTRY /usr/lib/python3.12 abc.py
e558702a95cdce3febd289da021715d2b92bc43995b8a1bc58dfa1c3d8010287  /usr/lib/python3.12/abc.py
FILE 6538 0 0 644 /usr/lib/python3.12/abc.py
ENTRY /usr/lib/python3.12 aifc.py
e027e8a33567890ad7f84fea3be423cc0f6e49a33a31bbf279c2d0f64b6f8345  /usr/lib/python3.12/aifc.py
FILE 34211 0 0 644 /usr/lib/python3.12/aifc.py
ENTRY /usr/lib/python3.12 antigravity.py
8a5ee63e1b79ba2733e7ff4290b6eefea60e7f3a1ccb6bb519535aaf92b44967  /usr/lib/python3.12/antigravity.py
FILE 500 0 0 644 /usr/lib/python3.12/antigravity.py
ENTRY /usr/lib/python3.12 argparse.py
29395feb61bc376ca4ff9d44069af8d914ec2a1f25a4bd7978f6e2afef5bc07f  /usr/lib/python3.12/argparse.py
FILE 101750 0 0 644 /usr/lib/python3.12/argparse.py
ENTRY /usr/lib/python3.12 ast.py
d16626aa5c054bcc45221e56f84e55051b046caf0f8be1fe4902ea71534fb735  /usr/lib/python3.12/ast.py
FILE 64260 0 0 644 /usr/lib/python3.12/ast.py
ENTRY /usr/lib/python3.12 asyncio
DIRECTORY 0 0 755 /usr/lib/python3.12/asyncio
ENTRY /usr/lib/python3.12/asyncio __init__.py
61102f2b5f8fb832f0558cb66391f227970b3dd34ea2a621455587b4295e89a1  /usr/lib/python3.12/asyncio/__init__.py
FILE 1220 0 0 644 /usr/lib/python3.12/asyncio/__init__.py
ENTRY /usr/lib/python3.12/asyncio __main__.py
eb22d0fa0c480025270feb1e7f962510666287fe2ccaeb7f309d32637507d061  /usr/lib/python3.12/asyncio/__main__.py
FILE 3343 0 0 644 /usr/lib/python3.12/asyncio/__main__.py
ENTRY /usr/lib/python3.12/asyncio __pycache__
DIRECTORY 0 0 755 /usr/lib/python3.12/asyncio/__pycache__
ENTRY /usr/lib/python3.12/asyncio/__pycache__ __init__.cpython-312.pyc
81b176e896a578f78f4d7bf03e3776a72541b3c6ab35d22a274df31192c0dbbe  /usr/lib/python3.12/asyncio/__pycache__/__init__.cpython-312.pyc
FILE 1457 0 0 644 /usr/lib/python3.12/asyncio/__pycache__/__init__.cpython-312.pyc
ENTRY /usr/lib/python3.12/asyncio/__pycache__ __main__.cpython-312.pyc
f8cf3360dc80e9654fcaabf803893477ce0cb40e75def758e26dd07e102cee00  /usr/lib/python3.12/asyncio/__pycache__/__main__.cpython-312.pyc
FILE 5175 0 0 644 /usr/lib/python3.12/asyncio/__pycache__/__main__.cpython-312.pyc
ENTRY /usr/lib/python3.12/asyncio/__pycache__ base_events.cpython-312.pyc
69aa09a7b36155ae09c0d732ac75919b417a2c614656ce313d64e85a501a20a8  /usr/lib/python3.12/asyncio/__pycache__/base_events.cpython-312.pyc
FILE 86610 0 0 644 /usr/lib/python3.12/asyncio/__pycache__/base_events.cpython-312.pyc
ENTRY /usr/lib/python3.12/asyncio/__pycache__ base_futures.cpython-312.pyc
87d380ae96e6c684f297f156b4a447c9310a061e8a18aa56101a6db3796857db  /usr/lib/python3.12/asyncio/__pycache__/base_futures.cpython-312.pyc
FILE 3086 0 0 644 /usr/lib/python3.12/asyncio/__pycache__/base_futures.cpython-312.pyc
ENTRY /usr/lib/python3.12/asyncio/__pycache__ base_subprocess.cpython-312.pyc
c1b98e4fb960a8392b457628abf8274188dcab5b5761b98c93f54db0683f922e  /usr/lib/python3.12/asyncio/__pycache__/base_subprocess.cpython-312.pyc
FILE 16102 0 0 644 /usr/lib/python3.12/asyncio/__pycache__/base_subprocess.cpython-312.pyc
ENTRY /usr/lib/python3.12/asyncio/__pycache__ base_tasks.cpython-312.pyc
4d7de86b06db3527941102f3c92dd8155ab8028759a2a867ac2f46b61cb33388  /usr/lib/python3.12/asyncio/__pycache__/base_tasks.cpython-312.pyc
FILE 4087 0 0 644 /usr/lib/python3.12/asyncio/__pycache__/base_tasks.cpython-312.pyc
ENTRY /usr/lib/python3.12/asyncio/__pycache__ constants.cpython-312.pyc
93f12f127755947c1111119b117346403e2ba1aca3532d74635fe574dcba4077  /usr/lib/python3.12/asyncio/__pycache__/constants.cpython-312.pyc
FILE 955 0 0 644 /usr/lib/python3.12/asyncio/__pycache__/constants.cpython-312.pyc
ENTRY /usr/lib/python3.12/asyncio/__pycache__ coroutines.cpython-312.pyc
e12d971b17032689023a5421c65233744fd685ccb6f9009f27d29a06bba42c92  /usr/lib/python3.12/asyncio/__pycache__/coroutines.cpython-312.pyc
FILE 3769 0 0 644 /usr/lib/python3.12/asyncio/__pycache__/coroutines.cpython-312.pyc
ENTRY /usr/lib/python3.12/asyncio/__pycache__ events.cpython-312.pyc
72ca0554476773801ab48b143aa8fad54238443112deab469f7597fed9c7c562  /usr/lib/python3.12/asyncio/__pycache__/events.cpython-312.pyc
FILE 36753 0 0 644 /usr/lib/python3.12/asyncio/__pycache__/events.cpython-312.pyc
ENTRY /usr/lib/python3.12/asyncio/__pycache__ exceptions.cpython-312.pyc
2da4bdb9ef095ea3429a285f73db5ac4eb974dc2320cd76fcde1fba8497e7f46  /usr/lib/python3.12/asyncio/__pycache__/exceptions.cpython-312.pyc
FILE 3081 0 0 644 /usr/lib/python3.12/asyncio/__pycache__/exceptions.cpython-312.pyc
ENTRY /usr/lib/python3.12/asyncio/__pycache__ format_helpers.cpython-312.pyc
62cb1a4d383dc31f016ebc56c801e37fdb0af8c25d8fae6f94893baf5ac22785  /usr/lib/python3.12/asyncio/__pycache__/format_helpers.cpython-312.pyc
FILE 3865 0 0 644 /usr/lib/python3.12/asyncio/__pycache__/format_helpers.cpython-312.pyc
ENTRY /usr/lib/python3.12/asyncio/__pycache__ futures.cpython-312.pyc
f98579d91b8b9d5a6796b1ed203dddd3608fc0e667ab7ba8707c349d557a9e0c  /usr/lib/python3.12/asyncio/__pycache__/futures.cpython-312.pyc
FILE 17256 0 0 644 /usr/lib/python3.12/asyncio/__pycache__/futures.cpython-312.pyc
ENTRY /usr/lib/python3.12/asyncio/__pycache__ locks.cpython-312.pyc
30462fba9eca442d21aaccb9928b689593636ac6543bf1402cdf56f6aa7ff992  /usr/lib/python3.12/asyncio/__pycache__/locks.cpython-312.pyc
FILE 27502 0 0 644 /usr/lib/python3.12/asyncio/__pycache__/locks.cpython-312.pyc
ENTRY /usr/lib/python3.12/asyncio/__pycache__ log.cpython-312.pyc
5c6496133322b6c069ca15bf810814d9a5f5c07a0d473891823932b08536c146  /usr/lib/python3.12/asyncio/__pycache__/log.cpython-312.pyc
FILE 281 0 0 644 /usr/lib/python3.12/asyncio/__pycache__/log.cpython-312.pyc
ENTRY /usr/lib/python3.12/asyncio/__pycache__ mixins.cpython-312.pyc
9d112ca5de4f7186527c20582eff081976c00392a7abec2a81751374150cc8c7  /usr/lib/python3.12/asyncio/__pycache__/mixins.cpython-312.pyc
FILE 1036 0 0 644 /usr/lib/python3.12/asyncio/__pycache__/mixins.cpython-312.pyc
ENTRY /usr/lib/python3.12/asyncio/__pycache__ proactor_events.cpython-312.pyc
d67bbd2b0a18c6fb9d7d62e9f3cc1837ebdf6db8959364acedc4bfcc6244801e  /usr/lib/python3.12/asyncio/__pycache__/proactor_events.cpython-312.pyc
FILE 44558 0 0 644 /usr/lib/python3.12/asyncio/__pycache__/proactor_events.cpython-312.pyc
ENTRY /usr/lib/python3.12/asyncio/__pycache__ protocols.cpython-312.pyc
dbeb35367884970732cd7246be35577ecfb7135ede45551ebb75afdc2b89219d  /usr/lib/python3.12/asyncio/__pycache__/protocols.cpython-312.pyc
FILE 8782 0 0 644 /usr/lib/python3.12/asyncio/__pycache__/protocols.cpython-312.pyc
ENTRY /usr/lib/python3.12/asyncio/__pycache__ queues.cpython-312.pyc
53f904e72c62b8499f1f728fab48bf645124a1b0a53fc0729f2367a946847bf1  /usr/lib/python3.12/asyncio/__pycache__/queues.cpython-312.pyc
FILE 11941 0 0 644 /usr/lib/python3.12/asyncio/__pycache__/queues.cpython-312.pyc
ENTRY /usr/lib/python3.12/asyncio/__pycache__ runners.cpython-312.pyc
c0e686a1eef2c0f287b74e713fa58acff439770e4fb01e0d27460aa3bb4e40f4  /usr/lib/python3.12/asyncio/__pycache__/runners.cpython-312.pyc
FILE 9936 0 0 644 /usr/lib/python3.12/asyncio/__pycache__/runners.cpython-312.pyc
ENTRY /usr/lib/python3.12/asyncio/__pycache__ selector_events.cpython-312.pyc
770aa9ad07e793f306f13f53a860bf9ef08b48131a5404b16c98c8c42f632000  /usr/lib/python3.12/asyncio/__pycache__/selector_events.cpython-312.pyc
FILE 63124 0 0 644 /usr/lib/python3.12/asyncio/__pycache__/selector_events.cpython-312.pyc
ENTRY /usr/lib/python3.12/asyncio/__pycache__ sslproto.cpython-312.pyc
a744af4f926f8c81166ef13e99f31529ec265770e14d3629c3106f02f3cc676e  /usr/lib/python3.12/asyncio/__pycache__/sslproto.cpython-312.pyc
FILE 41547 0 0 644 /usr/lib/python3.12/asyncio/__pycache__/sslproto.cpython-312.pyc
ENTRY /usr/lib/python3.12/asyncio/__pycache__ staggered.cpython-312.pyc
4c09a3a962585cf75a3600377f7129a0529825489a446569e43479c640c94291  /usr/lib/python3.12/asyncio/__pycache__/staggered.cpython-312.pyc
FILE 6240 0 0 644 /usr/lib/python3.12/asyncio/__pycache__/staggered.cpython-312.pyc
ENTRY /usr/lib/python3.12/asyncio/__pycache__ streams.cpython-312.pyc
9d3548e6645277e5db04e050c30306926f792bd41883e33d67427e35be868bc3  /usr/lib/python3.12/asyncio/__pycache__/streams.cpython-312.pyc
FILE 33380 0 0 644 /usr/lib/python3.12/asyncio/__pycache__/streams.cpython-312.pyc
ENTRY /usr/lib/python3.12/asyncio/__pycache__ subprocess.cpython-312.pyc
d7f680c9205dd5949d7ca1f05d67bd1cada576902d337231136974ebfd895bda  /usr/lib/python3.12/asyncio/__pycache__/subprocess.cpython-312.pyc
FILE 12096 0 0 644 /usr/lib/python3.12/asyncio/__pycache__/subprocess.cpython-312.pyc
ENTRY /usr/lib/python3.12/asyncio/__pycache__ taskgroups.cpython-312.pyc
d45efddaa9d1187b574b82a9e88b300b4718931fdd54c5df3a5761565502bbf4  /usr/lib/python3.12/asyncio/__pycache__/taskgroups.cpython-312.pyc
FILE 7927 0 0 644 /usr/lib/python3.12/asyncio/__pycache__/taskgroups.cpython-312.pyc
ENTRY /usr/lib/python3.12/asyncio/__pycache__ tasks.cpython-312.pyc
45e2bdd797ca16a4af70492a1e9691b39429643f26d119f56fadaf3f5fc5ddc1  /usr/lib/python3.12/asyncio/__pycache__/tasks.cpython-312.pyc
FILE 40371 0 0 644 /usr/lib/python3.12/asyncio/__pycache__/tasks.cpython-312.pyc
ENTRY /usr/lib/python3.12/asyncio/__pycache__ threads.cpython-312.pyc
b757835a299e5ce53e7035e0507c5e2d522f52bc04f0f58debed86b982515922  /usr/lib/python3.12/asyncio/__pycache__/threads.cpython-312.pyc
FILE 1258 0 0 644 /usr/lib/python3.12/asyncio/__pycache__/threads.cpython-312.pyc
ENTRY /usr/lib/python3.12/asyncio/__pycache__ timeouts.cpython-312.pyc
e1fb3f134e523f73a6c5c7db30f18832197d12030f25fa88d917a7947483faf9  /usr/lib/python3.12/asyncio/__pycache__/timeouts.cpython-312.pyc
FILE 7797 0 0 644 /usr/lib/python3.12/asyncio/__pycache__/timeouts.cpython-312.pyc
ENTRY /usr/lib/python3.12/asyncio/__pycache__ transports.cpython-312.pyc
db188c91f2b0052fd26e52c482151b1505f2437524cfc0449cfd664f5594a6e9  /usr/lib/python3.12/asyncio/__pycache__/transports.cpython-312.pyc
FILE 14004 0 0 644 /usr/lib/python3.12/asyncio/__pycache__/transports.cpython-312.pyc
ENTRY /usr/lib/python3.12/asyncio/__pycache__ trsock.cpython-312.pyc
7026ff68859a9aaf4ab7429798b7560c6699dde72bef05316867f3e22ef9f525  /usr/lib/python3.12/asyncio/__pycache__/trsock.cpython-312.pyc
FILE 5079 0 0 644 /usr/lib/python3.12/asyncio/__pycache__/trsock.cpython-312.pyc
ENTRY /usr/lib/python3.12/asyncio/__pycache__ unix_events.cpython-312.pyc
145cc35ea99e610d1c63f3379076fd8c34ffec4d73cc5393e50460ace3cebacc  /usr/lib/python3.12/asyncio/__pycache__/unix_events.cpython-312.pyc
FILE 67814 0 0 644 /usr/lib/python3.12/asyncio/__pycache__/unix_events.cpython-312.pyc
ENTRY /usr/lib/python3.12/asyncio/__pycache__ windows_events.cpython-312.pyc
7a93de5ba55237fa4120e228eea22565040b4414d361a07a743d9e5883fcf989  /usr/lib/python3.12/asyncio/__pycache__/windows_events.cpython-312.pyc
FILE 41539 0 0 644 /usr/lib/python3.12/asyncio/__pycache__/windows_events.cpython-312.pyc
ENTRY /usr/lib/python3.12/asyncio/__pycache__ windows_utils.cpython-312.pyc
fc25055a5627f3784585705c0bb32655c76f66a55dff00f4b3b3c4e0287f1c5c  /usr/lib/python3.12/asyncio/__pycache__/windows_utils.cpython-312.pyc
FILE 7338 0 0 644 /usr/lib/python3.12/asyncio/__pycache__/windows_utils.cpython-312.pyc
ENTRY /usr/lib/python3.12/asyncio base_events.py
4bf27730499a68f6a5b726204670590cb3425c9331941dd2036a0ad101af39cb  /usr/lib/python3.12/asyncio/base_events.py
FILE 77971 0 0 644 /usr/lib/python3.12/asyncio/base_events.py
ENTRY /usr/lib/python3.12/asyncio base_futures.py
2f3798c4b82f5ac77647908b157c924f734f36871d98970e72849ea9a9a07856  /usr/lib/python3.12/asyncio/base_futures.py
FILE 1974 0 0 644 /usr/lib/python3.12/asyncio/base_futures.py
ENTRY /usr/lib/python3.12/asyncio base_subprocess.py
d69ba8f97bf8c89564cadce49427574ddb98103a5db6f04b98798240332e7adf  /usr/lib/python3.12/asyncio/base_subprocess.py
FILE 8869 0 0 644 /usr/lib/python3.12/asyncio/base_subprocess.py
ENTRY /usr/lib/python3.12/asyncio base_tasks.py
56efac65b63db927af336fa55eb5bda93c97a2defa4734ea8d695ed20fd6712a  /usr/lib/python3.12/asyncio/base_tasks.py
FILE 2672 0 0 644 /usr/lib/python3.12/asyncio/base_tasks.py
ENTRY /usr/lib/python3.12/asyncio constants.py
873fc2f9e66313c3c19c337269e704f204b59f9e91d6ecbec59f68335484d338  /usr/lib/python3.12/asyncio/constants.py
FILE 1413 0 0 644 /usr/lib/python3.12/asyncio/constants.py
ENTRY /usr/lib/python3.12/asyncio coroutines.py
2feec17557c230a80cc2a6391bbb1c44b9f3341820b05667e36a4eb12b749436  /usr/lib/python3.12/asyncio/coroutines.py
FILE 3342 0 0 644 /usr/lib/python3.12/asyncio/coroutines.py
ENTRY /usr/lib/python3.12/asyncio events.py
6a18b7eee5926622c146e61a7eb39726b4656e07ca41d36b06936ffb2354f0ed  /usr/lib/python3.12/asyncio/events.py
FILE 29339 0 0 644 /usr/lib/python3.12/asyncio/events.py
ENTRY /usr/lib/python3.12/asyncio exceptions.py
a5971f88be14cd1417d59adf539ae48c5d818f95362a4e0eb00017e3690ab37b  /usr/lib/python3.12/asyncio/exceptions.py
FILE 1752 0 0 644 /usr/lib/python3.12/asyncio/exceptions.py
ENTRY /usr/lib/python3.12/asyncio format_helpers.py
6377b672b3f4ba8b6f0f7a5f0ea00cde24c8cddc0ca764e3329f302763477f59  /usr/lib/python3.12/asyncio/format_helpers.py
FILE 2404 0 0 644 /usr/lib/python3.12/asyncio/format_helpers.py
ENTRY /usr/lib/python3.12/asyncio futures.py
7308533f98987fd96acb2cef27d16e2b05ff3efad406db4b0d4d39a2a8f6971d  /usr/lib/python3.12/asyncio/futures.py
FILE 14210 0 0 644 /usr/lib/python3.12/asyncio/futures.py
ENTRY /usr/lib/python3.12/asyncio locks.py
808bece72e0a4c6ab34299ffe555c927a8db475066ce8dc4ba614588fff720db  /usr/lib/python3.12/asyncio/locks.py
FILE 18994 0 0 644 /usr/lib/python3.12/asyncio/locks.py
ENTRY /usr/lib/python3.12/asyncio log.py
80e4cc3ded4b138baba486519e7444801a23d6ac35f229d336a407a96af7e8d2  /usr/lib/python3.12/asyncio/log.py
FILE 124 0 0 644 /usr/lib/python3.12/asyncio/log.py
ENTRY /usr/lib/python3.12/asyncio mixins.py
8f4a3e16eca845ebfba422550cbcee7340ec8166d2bff6b750a8ed0de6b9ae3c  /usr/lib/python3.12/asyncio/mixins.py
FILE 481 0 0 644 /usr/lib/python3.12/asyncio/mixins.py
ENTRY /usr/lib/python3.12/asyncio proactor_events.py
199d554fda7ec1a7e6a53e78f3f00f6e84dff27f0ed74107846d63106c895955  /usr/lib/python3.12/asyncio/proactor_events.py
FILE 33385 0 0 644 /usr/lib/python3.12/asyncio/proactor_events.py
ENTRY /usr/lib/python3.12/asyncio protocols.py
1d1b49988c338b4ef06e30f9e92d9db2e00080c341f0a3f573bb8312deb8aff6  /usr/lib/python3.12/asyncio/protocols.py
FILE 6957 0 0 644 /usr/lib/python3.12/asyncio/protocols.py
ENTRY /usr/lib/python3.12/asyncio queues.py
8f020744ebd1f557dcb051a1530b504447660df906c2127a94bbcc8450ea7ef9  /usr/lib/python3.12/asyncio/queues.py
FILE 7974 0 0 644 /usr/lib/python3.12/asyncio/queues.py
ENTRY /usr/lib/python3.12/asyncio runners.py
005535b70acf976133dda890b7c7f9076401fd7b532afeb27a1a68e863219072  /usr/lib/python3.12/asyncio/runners.py
FILE 7159 0 0 644 /usr/lib/python3.12/asyncio/runners.py
ENTRY /usr/lib/python3.12/asyncio selector_events.py
245aa4847860755514fbf3de9494da4156b9cc57ca1e17f046744db37be6214d  /usr/lib/python3.12/asyncio/selector_events.py
FILE 48282 0 0 644 /usr/lib/python3.12/asyncio/selector_events.py
ENTRY /usr/lib/python3.12/asyncio sslproto.py
c747273038c3d27d0447f84eace19faf6c0e2730a0aa89639f9a40af41b5d180  /usr/lib/python3.12/asyncio/sslproto.py
FILE 31739 0 0 644 /usr/lib/python3.12/asyncio/sslproto.py
ENTRY /usr/lib/python3.12/asyncio staggered.py
ff289bdc20a50ad9620393479d785bc653e71c2e3298f53ab27907cd136498e9  /usr/lib/python3.12/asyncio/staggered.py
FILE 5992 0 0 644 /usr/lib/python3.12/asyncio/staggered.py
ENTRY /usr/lib/python3.12/asyncio streams.py
6ec5c70fd95b0d51cc1e81cd21e8abe8c1b69650148d6bb75ab4aa4797319bd4  /usr/lib/python3.12/asyncio/streams.py
FILE 27619 0 0 644 /usr/lib/python3.12/asyncio/streams.py
ENTRY /usr/lib/python3.12/asyncio subprocess.py
7b70605716334f63cc482123b2aaa3b7c5bb7138eeab63a037bd8068d43307c1  /usr/lib/python3.12/asyncio/subprocess.py
FILE 7737 0 0 644 /usr/lib/python3.12/asyncio/subprocess.py
ENTRY /usr/lib/python3.12/asyncio taskgroups.py
04895039b4870219ba5b94d42f3dccf996b4bf26108a54c47f30326eae4af0cc  /usr/lib/python3.12/asyncio/taskgroups.py
FILE 8747 0 0 644 /usr/lib/python3.12/asyncio/taskgroups.py
ENTRY /usr/lib/python3.12/asyncio tasks.py
6f6aad82d597fea1800004075b9a2481604da0035f1143af1eb267823ec460e3  /usr/lib/python3.12/asyncio/tasks.py
FILE 37362 0 0 644 /usr/lib/python3.12/asyncio/tasks.py
ENTRY /usr/lib/python3.12/asyncio threads.py
39d37295383641565f0c08bd992e2f661dc8051eb17e890b834fce96bde0910e  /usr/lib/python3.12/asyncio/threads.py
FILE 790 0 0 644 /usr/lib/python3.12/asyncio/threads.py
ENTRY /usr/lib/python3.12/asyncio timeouts.py
3e40ca0dca3e54776579797837cd4936d73d04aae09fe0cf83ce1e5449d00163  /usr/lib/python3.12/asyncio/timeouts.py
FILE 5321 0 0 644 /usr/lib/python3.12/asyncio/timeouts.py
ENTRY /usr/lib/python3.12/asyncio transports.py
940108bc133de399f38928cad3274f463096168d8a3ee5148f2478d3cb636f1c  /usr/lib/python3.12/asyncio/transports.py
FILE 10722 0 0 644 /usr/lib/python3.12/asyncio/transports.py
ENTRY /usr/lib/python3.12/asyncio trsock.py
c0eac37debcc51b702b808f6b7ed3e417343f5ff5f57125dad600a27eb082328  /usr/lib/python3.12/asyncio/trsock.py
FILE 2475 0 0 644 /usr/lib/python3.12/asyncio/trsock.py
ENTRY /usr/lib/python3.12/asyncio unix_events.py
1fff06cce78763800f05f4d2bebfcdbc07ebf9564ca7e7222e0d91e39dee08c9  /usr/lib/python3.12/asyncio/unix_events.py
FILE 53124 0 0 644 /usr/lib/python3.12/asyncio/unix_events.py
ENTRY /usr/lib/python3.12/asyncio windows_events.py
163927e5834c10c6c106d81cf3cfd568fd1ced7fa34d857836447d3c4cc7a9d3  /usr/lib/python3.12/asyncio/windows_events.py
FILE 32587 0 0 644 /usr/lib/python3.12/asyncio/windows_events.py
ENTRY /usr/lib/python3.12/asyncio windows_utils.py
e6fcffefa2521666bc2aed0f5caf8e862c1c1014ad12d2ab5fbce09c2df9c6f0  /usr/lib/python3.12/asyncio/windows_utils.py
FILE 5060 0 0 644 /usr/lib/python3.12/asyncio/windows_utils.py
ENTRY /usr/lib/python3.12 base64.py
65c70b5b6361c6f7a71ecc2df0f55315474b669221dd8d81d7c1ae8d56748ada  /usr/lib/python3.12/base64.py
FILE 20602 0 0 755 /usr/lib/python3.12/base64.py
ENTRY /usr/lib/python3.12 bdb.py
314d8bf11b4824d47471ad25dab64bda895e39673fb744e88e7f622a3dd374f2  /usr/lib/python3.12/bdb.py
FILE 32463 0 0 644 /usr/lib/python3.12/bdb.py
ENTRY /usr/lib/python3.12 bisect.py
f1cf7b85fc36b5da249813fc5ab97d9464f8cc1bc817f7146206fa2713e35999  /usr/lib/python3.12/bisect.py
FILE 3423 0 0 644 /usr/lib/python3.12/bisect.py
ENTRY /usr/lib/python3.12 bz2.py
76ab3252924e71e859d7d90e8d3db13b6554975cfcac0fdadced4de7f8779330  /usr/lib/python3.12/bz2.py
FILE 11847 0 0 644 /usr/lib/python3.12/bz2.py
ENTRY /usr/lib/python3.12 cProfile.py
c31a2a34cf2f1861274b7316d07c44cfa4e4e834b5cfc12f19bcdf5a522cfd5e  /usr/lib/python3.12/cProfile.py
FILE 6555 0 0 755 /usr/lib/python3.12/cProfile.py
ENTRY /usr/lib/python3.12 calendar.py
fb3fbcc0a0c8f33941153c425e5c39aedae687c86fcb001bf3a9526a9584459c  /usr/lib/python3.12/calendar.py
FILE 25418 0 0 644 /usr/lib/python3.12/calendar.py
ENTRY /usr/lib/python3.12 cgi.py
72bf4351a6048f0716141378ab0e343e9458b18a95b0ad9bca5d6ac1c0767df8  /usr/lib/python3.12/cgi.py
FILE 34418 0 0 755 /usr/lib/python3.12/cgi.py
ENTRY /usr/lib/python3.12 cgitb.py
08bbcca13a431551da73a2144c13f21e68cb79ac82223fbe5e60fcf89ce10f9c  /usr/lib/python3.12/cgitb.py
FILE 12421 0 0 644 /usr/lib/python3.12/cgitb.py
ENTRY /usr/lib/python3.12 chunk.py
4817eb94eeb8835c3325433f68f17e0ebbf7c96065ecf6aba3af7852f9a5314b  /usr/lib/python3.12/chunk.py
FILE 5500 0 0 644 /usr/lib/python3.12/chunk.py
ENTRY /usr/lib/python3.12 cmd.py
fb82a8c4e44e5b559c88d516d79051534cec69a463df97defe05ac8a261f0a0d  /usr/lib/python3.12/cmd.py
FILE 14873 0 0 644 /usr/lib/python3.12/cmd.py
ENTRY /usr/lib/python3.12 code.py
b191c6d6190382bcbb2826d7faf5521479abd733deb25d3cf3fba879b65b6953  /usr/lib/python3.12/code.py
FILE 10695 0 0 644 /usr/lib/python3.12/code.py
ENTRY /usr/lib/python3.12 codecs.py
7b7839e53a77961153240aecfe11edc8054d05b1dedd83894450dae21ec05785  /usr/lib/python3.12/codecs.py
FILE 36870 0 0 644 /usr/lib/python3.12/codecs.py
ENTRY /usr/lib/python3.12 codeop.py
3fb545862a1f9030c0d8f1ae6c72457d14a26d67a9b45de455e49900ff84a3a9  /usr/lib/python3.12/codeop.py
FILE 5908 0 0 644 /usr/lib/python3.12/codeop.py
ENTRY /usr/lib/python3.12 collections
DIRECTORY 0 0 755 /usr/lib/python3.12/collections
ENTRY /usr/lib/python3.12/collections __init__.py
0af967cd58036507b3d0fbc33b7a996c61dbb52a94b0b738c8bef12cd4cc7dd4  /usr/lib/python3.12/collections/__init__.py
FILE 52378 0 0 644 /usr/lib/python3.12/collections/__init__.py
ENTRY /usr/lib/python3.12/collections __pycache__
DIRECTORY 0 0 755 /usr/lib/python3.12/collections/__pycache__
ENTRY /usr/lib/python3.12/collections/__pycache__ __init__.cpython-312.pyc
f2a40535103afef02f93cef3498ddf491574ba1ac6fbf8c6d26cb78758e5319b  /usr/lib/python3.12/collections/__pycache__/__init__.cpython-312.pyc
FILE 73089 0 0 644 /usr/lib/python3.12/collections/__pycache__/__init__.cpython-312.pyc
ENTRY /usr/lib/python3.12/collections/__pycache__ abc.cpython-312.pyc
507bfc4422366fb4da05fa90788af0d7f3bb4118469e240ae586612bd156c5b5  /usr/lib/python3.12/collections/__pycache__/abc.cpython-312.pyc
FILE 249 0 0 644 /usr/lib/python3.12/collections/__pycache__/abc.cpython-312.pyc
ENTRY /usr/lib/python3.12/collections abc.py
9cb4208f99128a0489b6c8e6c61637617dd7d4250c59e065491957eda084dd10  /usr/lib/python3.12/collections/abc.py
FILE 119 0 0 644 /usr/lib/python3.12/collections/abc.py
ENTRY /usr/lib/python3.12 colorsys.py
d9800f8e81d46e63ca6f2e7d6ac5f344d85afb92c3cf6d103b5f977f1ad66ac2  /usr/lib/python3.12/colorsys.py
FILE 4062 0 0 644 /usr/lib/python3.12/colorsys.py
ENTRY /usr/lib/python3.12 compileall.py
1ae5b1213eae8943ef23c9e7201f2237487a37d045f0432792b49754bdefe37d  /usr/lib/python3.12/compileall.py
FILE 20598 0 0 644 /usr/lib/python3.12/compileall.py
ENTRY /usr/lib/python3.12 concurrent
DIRECTORY 0 0 755 /usr/lib/python3.12/concurrent
ENTRY /usr/lib/python3.12/concurrent __init__.py
87ad5c8954dd56fbbca04517bf87477ff4dce575170c7dd1281d7ef1f4214ac8  /usr/lib/python3.12/concurrent/__init__.py
FILE 38 0 0 644 /usr/lib/python3.12/concurrent/__init__.py
ENTRY /usr/lib/python3.12/concurrent __pycache__
DIRECTORY 0 0 755 /usr/lib/python3.12/concurrent/__pycache__
ENTRY /usr/lib/python3.12/concurrent/__pycache__ __init__.cpython-312.pyc
f13a716b49983319f9d23257243664d6540980f9b438669c11540006f43cf089  /usr/lib/python3.12/concurrent/__pycache__/__init__.cpython-312.pyc
FILE 139 0 0 644 /usr/lib/python3.12/concurrent/__pycache__/__init__.cpython-312.pyc
ENTRY /usr/lib/python3.12/concurrent futures
DIRECTORY 0 0 755 /usr/lib/python3.12/concurrent/futures
ENTRY /usr/lib/python3.12/concurrent/futures __init__.py
9bcec785db3eddc6d462883957ba6d3ff4370501fece505101444bae542883e8  /usr/lib/python3.12/concurrent/futures/__init__.py
FILE 1558 0 0 644 /usr/lib/python3.12/concurrent/futures/__init__.py
ENTRY /usr/lib/python3.12/concurrent/futures __pycache__
DIRECTORY 0 0 755 /usr/lib/python3.12/concurrent/futures/__pycache__
ENTRY /usr/lib/python3.12/concurrent/futures/__pycache__ __init__.cpython-312.pyc
3c00cdf049e5cc465feccbe7c80135bb5d55fb2273873933d57e36630bf194f1  /usr/lib/python3.12/concurrent/futures/__pycache__/__init__.cpython-312.pyc
FILE 1250 0 0 644 /usr/lib/python3.12/concurrent/futures/__pycache__/__init__.cpython-312.pyc
ENTRY /usr/lib/python3.12/concurrent/futures/__pycache__ _base.cpython-312.pyc
a026f34b5a939397c7bd6bd87f1bf382dc3db95a0e7cca4751f568c75a7081b5  /usr/lib/python3.12/concurrent/futures/__pycache__/_base.cpython-312.pyc
FILE 32188 0 0 644 /usr/lib/python3.12/concurrent/futures/__pycache__/_base.cpython-312.pyc
ENTRY /usr/lib/python3.12/concurrent/futures/__pycache__ process.cpython-312.pyc
30aedc273e4ecf0a0ce1ce15d306262d78a47d80330610cc93a1dc127fccde01  /usr/lib/python3.12/concurrent/futures/__pycache__/process.cpython-312.pyc
FILE 35737 0 0 644 /usr/lib/python3.12/concurrent/futures/__pycache__/process.cpython-312.pyc
ENTRY /usr/lib/python3.12/concurrent/futures/__pycache__ thread.cpython-312.pyc
d2d9ceb7e0769a2b9b2fe6c4d02098e253dc579ddf498962887ac8c8bb5b6700  /usr/lib/python3.12/concurrent/futures/__pycache__/thread.cpython-312.pyc
FILE 10201 0 0 644 /usr/lib/python3.12/concurrent/futures/__pycache__/thread.cpython-312.pyc
ENTRY /usr/lib/python3.12/concurrent/futures _base.py
8c6d5f09f7c535d40fa1c30ebfcb35e0601c2abf32286a82cf151af7ddf72473  /usr/lib/python3.12/concurrent/futures/_base.py
FILE 22833 0 0 644 /usr/lib/python3.12/concurrent/futures/_base.py
ENTRY /usr/lib/python3.12/concurrent/futures process.py
d902a4365e8380d839b2dda00419e286b6d292ca17a00a56bee7b7dac8ad5aa7  /usr/lib/python3.12/concurrent/futures/process.py
FILE 36351 0 0 644 /usr/lib/python3.12/concurrent/futures/process.py
ENTRY /usr/lib/python3.12/concurrent/futures thread.py
33f69dd18c908992bce91ad3aa6bd809a42684e2b66caaa09ad4934ca0a29f58  /usr/lib/python3.12/concurrent/futures/thread.py
FILE 8884 0 0 644 /usr/lib/python3.12/concurrent/futures/thread.py
ENTRY /usr/lib/python3.12 config-3.12-x86_64-linux-gnu
DIRECTORY 0 0 755 /usr/lib/python3.12/config-3.12-x86_64-linux-gnu
ENTRY /usr/lib/python3.12/config-3.12-x86_64-linux-gnu Makefile
334f3d9cb756d22f02e3637b631cc8ad8267b6dc061e0931912245dd3f2d0b6b  /usr/lib/python3.12/config-3.12-x86_64-linux-gnu/Makefile
FILE 178567 0 0 644 /usr/lib/python3.12/config-3.12-x86_64-linux-gnu/Makefile
ENTRY /usr/lib/python3.12/config-3.12-x86_64-linux-gnu Setup
095fca1a74ee6eff3601b8d9c92ca9f9bf32869228e2b852400de6c425197328  /usr/lib/python3.12/config-3.12-x86_64-linux-gnu/Setup
FILE 11197 0 0 644 /usr/lib/python3.12/config-3.12-x86_64-linux-gnu/Setup
ENTRY /usr/lib/python3.12/config-3.12-x86_64-linux-gnu Setup.bootstrap
2917936af36bd7d641c737f72f68599fd13c26a28faebba7c07799879b1b9b31  /usr/lib/python3.12/config-3.12-x86_64-linux-gnu/Setup.bootstrap
FILE 902 0 0 644 /usr/lib/python3.12/config-3.12-x86_64-linux-gnu/Setup.bootstrap
ENTRY /usr/lib/python3.12/config-3.12-x86_64-linux-gnu Setup.local
b5a40b9aeb32765319b6579da8dddd9dff628a26f736c97f5cc041140e006379  /usr/lib/python3.12/config-3.12-x86_64-linux-gnu/Setup.local
FILE 1068 0 0 644 /usr/lib/python3.12/config-3.12-x86_64-linux-gnu/Setup.local
ENTRY /usr/lib/python3.12/config-3.12-x86_64-linux-gnu Setup.stdlib
38c68f6adb163c8123483b4ba0b738858fa392c69e352d2a2bfdbd0516f15d57  /usr/lib/python3.12/config-3.12-x86_64-linux-gnu/Setup.stdlib
FILE 6268 0 0 644 /usr/lib/python3.12/config-3.12-x86_64-linux-gnu/Setup.stdlib
ENTRY /usr/lib/python3.12/config-3.12-x86_64-linux-gnu config.c
af12a9a892f0bfed75bb53877dbe6353150dc276c5b20a97d01e4bdf665058be  /usr/lib/python3.12/config-3.12-x86_64-linux-gnu/config.c
FILE 5474 0 0 644 /usr/lib/python3.12/config-3.12-x86_64-linux-gnu/config.c
ENTRY /usr/lib/python3.12/config-3.12-x86_64-linux-gnu config.c.in
5c76ef60a799f420b09b047dc1087728e5ed08ba82f6c7664c4d4f1d1d715b21  /usr/lib/python3.12/config-3.12-x86_64-linux-gnu/config.c.in
FILE 1752 0 0 644 /usr/lib/python3.12/config-3.12-x86_64-linux-gnu/config.c.in
ENTRY /usr/lib/python3.12/config-3.12-x86_64-linux-gnu install-sh
3d7488bebd0cfc9b5c440c55d5b44f1c6e2e3d3e19894821bae4a27f9307f1d2  /usr/lib/python3.12/config-3.12-x86_64-linux-gnu/install-sh
FILE 15358 0 0 755 /usr/lib/python3.12/config-3.12-x86_64-linux-gnu/install-sh
ENTRY /usr/lib/python3.12/config-3.12-x86_64-linux-gnu libpython3.12-pic.a
5bd193aba2cdc54535b0b2f2d461ef31a7ce323ef4d619874ac0337d269f2ac6  /usr/lib/python3.12/config-3.12-x86_64-linux-gnu/libpython3.12-pic.a
FILE 13336338 0 0 644 /usr/lib/python3.12/config-3.12-x86_64-linux-gnu/libpython3.12-pic.a
ENTRY /usr/lib/python3.12/config-3.12-x86_64-linux-gnu libpython3.12.a
83fdb65bf5113ad14cb5ef43fb0448ac2808cf85f4d49961f19ebda62c2c948c  /usr/lib/python3.12/config-3.12-x86_64-linux-gnu/libpython3.12.a
FILE 14682194 0 0 644 /usr/lib/python3.12/config-3.12-x86_64-linux-gnu/libpython3.12.a
ENTRY /usr/lib/python3.12/config-3.12-x86_64-linux-gnu libpython3.12.so
ALIAS /usr/lib/python3.12/config-3.12-x86_64-linux-gnu/libpython3.12.so /usr/lib/x86_64-linux-gnu/libpython3.12.so.1.0
d616b2b803aa516af3f6be16d2eb56c449f4cc699e936dd2c83d611e7c2ff476  /usr/lib/x86_64-linux-gnu/libpython3.12.so.1.0
FILE 9061000 0 0 644 /usr/lib/x86_64-linux-gnu/libpython3.12.so.1.0
ENTRY /usr/lib/python3.12/config-3.12-x86_64-linux-gnu makesetup
0615264cbe9f3a4fce27de0054839ea814f2fe6f6091a0e17b18b5b15c665cfa  /usr/lib/python3.12/config-3.12-x86_64-linux-gnu/makesetup
FILE 9312 0 0 755 /usr/lib/python3.12/config-3.12-x86_64-linux-gnu/makesetup
ENTRY /usr/lib/python3.12/config-3.12-x86_64-linux-gnu python-config.py
90e8f7436830460b3ce33644c73701591b3d89018d06c06bc38928aee04be61d  /usr/lib/python3.12/config-3.12-x86_64-linux-gnu/python-config.py
FILE 2039 0 0 755 /usr/lib/python3.12/config-3.12-x86_64-linux-gnu/python-config.py
ENTRY /usr/lib/python3.12/config-3.12-x86_64-linux-gnu python.o
7e81733a2170e51292b6b855c34cd57bcb97ebbea4ded1577a1a3541026ab7fc  /usr/lib/python3.12/config-3.12-x86_64-linux-gnu/python.o
FILE 4912 0 0 644 /usr/lib/python3.12/config-3.12-x86_64-linux-gnu/python.o
