SINGULAR_FQ2_POINT_COUNT_BEGIN
mode=shard
candidate_sha256=9061726295086f58f74f3751b2f7c2d59c5cb86de5e53ecd636687fd54daa7ce
field_modulus=a2-a+3
RECORD|index=10080|total=1|smooth=1|singular=0
RECORD|index=10081|total=3|smooth=3|singular=0
RECORD|index=10082|total=0|smooth=0|singular=0
RECORD|index=10083|total=1|smooth=1|singular=0
RECORD|index=10084|total=0|smooth=0|singular=0
RECORD|index=10085|total=2|smooth=2|singular=0
RECORD|index=10086|total=0|smooth=0|singular=0
RECORD|index=10087|total=1|smooth=1|singular=0
RECORD|index=10088|total=0|smooth=0|singular=0
RECORD|index=10089|total=2|smooth=2|singular=0
RECORD|index=10090|total=0|smooth=0|singular=0
RECORD|index=10091|total=3|smooth=3|singular=0
RECORD|index=10092|total=0|smooth=0|singular=0
RECORD|index=10093|total=0|smooth=0|singular=0
RECORD|index=10094|total=1|smooth=1|singular=0
RECORD|index=10095|total=2|smooth=2|singular=0
RECORD|index=10096|total=0|smooth=0|singular=0
RECORD|index=10097|total=1|smooth=1|singular=0
RECORD|index=10098|total=1|smooth=1|singular=0
RECORD|index=10099|total=0|smooth=0|singular=0
RECORD|index=10100|total=1|smooth=1|singular=0
RECORD|index=10101|total=2|smooth=2|singular=0
RECORD|index=10102|total=0|smooth=0|singular=0
RECORD|index=10103|total=0|smooth=0|singular=0
RECORD|index=10104|total=1|smooth=1|singular=0
RECORD|index=10105|total=1|smooth=1|singular=0
RECORD|index=10106|total=0|smooth=0|singular=0
RECORD|index=10107|total=1|smooth=1|singular=0
RECORD|index=10108|total=0|smooth=0|singular=0
RECORD|index=10109|total=1|smooth=1|singular=0
RECORD|index=10110|total=1|smooth=1|singular=0
RECORD|index=10111|total=0|smooth=0|singular=0
RECORD|index=10112|total=1|smooth=1|singular=0
RECORD|index=10113|total=2|smooth=2|singular=0
RECORD|index=10114|total=0|smooth=0|singular=0
RECORD|index=10115|total=0|smooth=0|singular=0
RECORD|index=10116|total=0|smooth=0|singular=0
RECORD|index=10117|total=1|smooth=1|singular=0
RECORD|index=10118|total=1|smooth=1|singular=0
RECORD|index=10119|total=0|smooth=0|singular=0
RECORD|index=10120|total=1|smooth=1|singular=0
RECORD|index=10121|total=0|smooth=0|singular=0
RECORD|index=10122|total=2|smooth=2|singular=0
RECORD|index=10123|total=0|smooth=0|singular=0
RECORD|index=10124|total=1|smooth=1|singular=0
RECORD|index=10125|total=1|smooth=1|singular=0
RECORD|index=10126|total=2|smooth=2|singular=0
RECORD|index=10127|total=0|smooth=0|singular=0
RECORD|index=10128|total=1|smooth=1|singular=0
RECORD|index=10129|total=1|smooth=1|singular=0
RECORD|index=10130|total=1|smooth=1|singular=0
RECORD|index=10131|total=0|smooth=0|singular=0
RECORD|index=10132|total=3|smooth=3|singular=0
RECORD|index=10133|total=1|smooth=1|singular=0
RECORD|index=10134|total=0|smooth=0|singular=0
RECORD|index=10135|total=0|smooth=0|singular=0
RECORD|index=10136|total=1|smooth=1|singular=0
RECORD|index=10137|total=1|smooth=1|singular=0
RECORD|index=10138|total=0|smooth=0|singular=0
RECORD|index=10139|total=1|smooth=1|singular=0
RECORD|index=10140|total=1|smooth=1|singular=0
RECORD|index=10141|total=0|smooth=0|singular=0
RECORD|index=10142|total=0|smooth=0|singular=0
RECORD|index=10143|total=1|smooth=1|singular=0
RECORD|index=10144|total=1|smooth=1|singular=0
RECORD|index=10145|total=0|smooth=0|singular=0
RECORD|index=10146|total=1|smooth=1|singular=0
RECORD|index=10147|total=0|smooth=0|singular=0
RECORD|index=10148|total=2|smooth=2|singular=0
RECORD|index=10149|total=1|smooth=1|singular=0
RECORD|index=10150|total=1|smooth=1|singular=0
RECORD|index=10151|total=1|smooth=1|singular=0
RECORD|index=10152|total=0|smooth=0|singular=0
RECORD|index=10153|total=0|smooth=0|singular=0
RECORD|index=10154|total=1|smooth=1|singular=0
RECORD|index=10155|total=0|smooth=0|singular=0
RECORD|index=10156|total=1|smooth=1|singular=0
RECORD|index=10157|total=0|smooth=0|singular=0
RECORD|index=10158|total=3|smooth=3|singular=0
RECORD|index=10159|total=1|smooth=1|singular=0
RECORD|index=10160|total=1|smooth=1|singular=0
RECORD|index=10161|total=2|smooth=2|singular=0
RECORD|index=10162|total=0|smooth=0|singular=0
RECORD|index=10163|total=1|smooth=1|singular=0
RECORD|index=10164|total=1|smooth=1|singular=0
RECORD|index=10165|total=0|smooth=0|singular=0
RECORD|index=10166|total=0|smooth=0|singular=0
RECORD|index=10167|total=0|smooth=0|singular=0
RECORD|index=10168|total=0|smooth=0|singular=0
RECORD|index=10169|total=0|smooth=0|singular=0
RECORD|index=10170|total=0|smooth=0|singular=0
RECORD|index=10171|total=0|smooth=0|singular=0
RECORD|index=10172|total=0|smooth=0|singular=0
RECORD|index=10173|total=1|smooth=1|singular=0
RECORD|index=10174|total=2|smooth=2|singular=0
RECORD|index=10175|total=3|smooth=3|singular=0
RECORD|index=10176|total=2|smooth=2|singular=0
RECORD|index=10177|total=2|smooth=2|singular=0
RECORD|index=10178|total=0|smooth=0|singular=0
RECORD|index=10179|total=2|smooth=2|singular=0
RECORD|index=10180|total=0|smooth=0|singular=0
RECORD|index=10181|total=1|smooth=1|singular=0
RECORD|index=10182|total=1|smooth=1|singular=0
RECORD|index=10183|total=0|smooth=0|singular=0
RECORD|index=10184|total=1|smooth=1|singular=0
RECORD|index=10185|total=0|smooth=0|singular=0
RECORD|index=10186|total=1|smooth=1|singular=0
RECORD|index=10187|total=2|smooth=2|singular=0
RECORD|index=10188|total=1|smooth=1|singular=0
RECORD|index=10189|total=2|smooth=2|singular=0
RECORD|index=10190|total=0|smooth=0|singular=0
RECORD|index=10191|total=0|smooth=0|singular=0
RECORD|index=10192|total=0|smooth=0|singular=0
RECORD|index=10193|total=1|smooth=1|singular=0
RECORD|index=10194|total=1|smooth=1|singular=0
RECORD|index=10195|total=0|smooth=0|singular=0
RECORD|index=10196|total=1|smooth=1|singular=0
RECORD|index=10197|total=1|smooth=1|singular=0
RECORD|index=10198|total=1|smooth=1|singular=0
RECORD|index=10199|total=1|smooth=1|singular=0
RECORD|index=10200|total=1|smooth=1|singular=0
RECORD|index=10201|total=1|smooth=1|singular=0
RECORD|index=10202|total=2|smooth=2|singular=0
RECORD|index=10203|total=0|smooth=0|singular=0
RECORD|index=10204|total=0|smooth=0|singular=0
RECORD|index=10205|total=1|smooth=1|singular=0
RECORD|index=10206|total=2|smooth=2|singular=0
RECORD|index=10207|total=3|smooth=3|singular=0
RECORD|index=10208|total=0|smooth=0|singular=0
RECORD|index=10209|total=1|smooth=1|singular=0
RECORD|index=10210|total=0|smooth=0|singular=0
RECORD|index=10211|total=1|smooth=1|singular=0
RECORD|index=10212|total=3|smooth=3|singular=0
RECORD|index=10213|total=0|smooth=0|singular=0
RECORD|index=10214|total=1|smooth=1|singular=0
RECORD|index=10215|total=1|smooth=1|singular=0
RECORD|index=10216|total=1|smooth=1|singular=0
RECORD|index=10217|total=1|smooth=1|singular=0
RECORD|index=10218|total=1|smooth=1|singular=0
RECORD|index=10219|total=0|smooth=0|singular=0
RECORD|index=10220|total=0|smooth=0|singular=0
RECORD|index=10221|total=4|smooth=4|singular=0
RECORD|index=10222|total=3|smooth=3|singular=0
RECORD|index=10223|total=0|smooth=0|singular=0
RECORD|index=10224|total=2|smooth=2|singular=0
RECORD|index=10225|total=1|smooth=1|singular=0
RECORD|index=10226|total=0|smooth=0|singular=0
RECORD|index=10227|total=2|smooth=2|singular=0
RECORD|index=10228|total=0|smooth=0|singular=0
RECORD|index=10229|total=0|smooth=0|singular=0
RECORD|index=10230|total=1|smooth=1|singular=0
RECORD|index=10231|total=0|smooth=0|singular=0
RECORD|index=10232|total=0|smooth=0|singular=0
RECORD|index=10233|total=2|smooth=2|singular=0
RECORD|index=10234|total=1|smooth=1|singular=0
RECORD|index=10235|total=1|smooth=1|singular=0
RECORD|index=10236|total=1|smooth=1|singular=0
RECORD|index=10237|total=3|smooth=3|singular=0
RECORD|index=10238|total=1|smooth=1|singular=0
RECORD|index=10239|total=1|smooth=1|singular=0
RECORD|index=10240|total=2|smooth=2|singular=0
RECORD|index=10241|total=1|smooth=1|singular=0
RECORD|index=10242|total=0|smooth=0|singular=0
RECORD|index=10243|total=0|smooth=0|singular=0
RECORD|index=10244|total=2|smooth=2|singular=0
RECORD|index=10245|total=3|smooth=3|singular=0
RECORD|index=10246|total=2|smooth=2|singular=0
RECORD|index=10247|total=2|smooth=2|singular=0
RECORD|index=10248|total=0|smooth=0|singular=0
RECORD|index=10249|total=1|smooth=1|singular=0
RECORD|index=10250|total=1|smooth=1|singular=0
RECORD|index=10251|total=1|smooth=1|singular=0
RECORD|index=10252|total=0|smooth=0|singular=0
RECORD|index=10253|total=3|smooth=3|singular=0
RECORD|index=10254|total=0|smooth=0|singular=0
RECORD|index=10255|total=1|smooth=1|singular=0
RECORD|index=10256|total=0|smooth=0|singular=0
RECORD|index=10257|total=1|smooth=1|singular=0
RECORD|index=10258|total=1|smooth=1|singular=0
RECORD|index=10259|total=1|smooth=1|singular=0
RECORD|index=10260|total=1|smooth=1|singular=0
RECORD|index=10261|total=1|smooth=1|singular=0
RECORD|index=10262|total=2|smooth=2|singular=0
RECORD|index=10263|total=0|smooth=0|singular=0
RECORD|index=10264|total=0|smooth=0|singular=0
RECORD|index=10265|total=1|smooth=1|singular=0
RECORD|index=10266|total=0|smooth=0|singular=0
RECORD|index=10267|total=1|smooth=1|singular=0
RECORD|index=10268|total=1|smooth=1|singular=0
RECORD|index=10269|total=0|smooth=0|singular=0
RECORD|index=10270|total=1|smooth=1|singular=0
RECORD|index=10271|total=1|smooth=1|singular=0
RECORD|index=10272|total=0|smooth=0|singular=0
RECORD|index=10273|total=2|smooth=2|singular=0
RECORD|index=10274|total=0|smooth=0|singular=0
RECORD|index=10275|total=1|smooth=1|singular=0
RECORD|index=10276|total=1|smooth=1|singular=0
RECORD|index=10277|total=0|smooth=0|singular=0
RECORD|index=10278|total=1|smooth=1|singular=0
RECORD|index=10279|total=0|smooth=0|singular=0
RECORD|index=10280|total=2|smooth=2|singular=0
RECORD|index=10281|total=1|smooth=1|singular=0
RECORD|index=10282|total=0|smooth=0|singular=0
RECORD|index=10283|total=0|smooth=0|singular=0
RECORD|index=10284|total=2|smooth=2|singular=0
RECORD|index=10285|total=0|smooth=0|singular=0
RECORD|index=10286|total=0|smooth=0|singular=0
RECORD|index=10287|total=2|smooth=2|singular=0
RECORD|index=10288|total=2|smooth=2|singular=0
RECORD|index=10289|total=2|smooth=2|singular=0
RECORD|index=10290|total=1|smooth=1|singular=0
RECORD|index=10291|total=1|smooth=1|singular=0
RECORD|index=10292|total=0|smooth=0|singular=0
RECORD|index=10293|total=2|smooth=2|singular=0
RECORD|index=10294|total=1|smooth=1|singular=0
RECORD|index=10295|total=0|smooth=0|singular=0
RECORD|index=10296|total=1|smooth=1|singular=0
RECORD|index=10297|total=3|smooth=3|singular=0
RECORD|index=10298|total=6|smooth=6|singular=0
RECORD|index=10299|total=1|smooth=1|singular=0
RECORD|index=10300|total=2|smooth=2|singular=0
RECORD|index=10301|total=1|smooth=1|singular=0
RECORD|index=10302|total=0|smooth=0|singular=0
RECORD|index=10303|total=0|smooth=0|singular=0
RECORD|index=10304|total=3|smooth=3|singular=0
RECORD|index=10305|total=0|smooth=0|singular=0
RECORD|index=10306|total=1|smooth=1|singular=0
RECORD|index=10307|total=1|smooth=1|singular=0
RECORD|index=10308|total=0|smooth=0|singular=0
RECORD|index=10309|total=0|smooth=0|singular=0
RECORD|index=10310|total=3|smooth=3|singular=0
RECORD|index=10311|total=1|smooth=1|singular=0
RECORD|index=10312|total=2|smooth=2|singular=0
RECORD|index=10313|total=1|smooth=1|singular=0
RECORD|index=10314|total=0|smooth=0|singular=0
RECORD|index=10315|total=0|smooth=0|singular=0
RECORD|index=10316|total=1|smooth=1|singular=0
RECORD|index=10317|total=1|smooth=1|singular=0
RECORD|index=10318|total=1|smooth=1|singular=0
RECORD|index=10319|total=0|smooth=0|singular=0
RECORD|index=10320|total=0|smooth=0|singular=0
RECORD|index=10321|total=0|smooth=0|singular=0
RECORD|index=10322|total=0|smooth=0|singular=0
RECORD|index=10323|total=3|smooth=3|singular=0
RECORD|index=10324|total=1|smooth=1|singular=0
RECORD|index=10325|total=2|smooth=2|singular=0
RECORD|index=10326|total=1|smooth=1|singular=0
RECORD|index=10327|total=2|smooth=2|singular=0
RECORD|index=10328|total=1|smooth=1|singular=0
RECORD|index=10329|total=1|smooth=1|singular=0
RECORD|index=10330|total=1|smooth=1|singular=0
RECORD|index=10331|total=1|smooth=1|singular=0
RECORD|index=10332|total=3|smooth=3|singular=0
RECORD|index=10333|total=4|smooth=4|singular=0
RECORD|index=10334|total=0|smooth=0|singular=0
RECORD|index=10335|total=2|smooth=2|singular=0
RECORD|index=10336|total=0|smooth=0|singular=0
RECORD|index=10337|total=2|smooth=2|singular=0
RECORD|index=10338|total=4|smooth=4|singular=0
RECORD|index=10339|total=1|smooth=1|singular=0
RECORD|index=10340|total=0|smooth=0|singular=0
RECORD|index=10341|total=0|smooth=0|singular=0
RECORD|index=10342|total=4|smooth=4|singular=0
RECORD|index=10343|total=0|smooth=0|singular=0
RECORD|index=10344|total=0|smooth=0|singular=0
RECORD|index=10345|total=1|smooth=1|singular=0
RECORD|index=10346|total=0|smooth=0|singular=0
RECORD|index=10347|total=0|smooth=0|singular=0
RECORD|index=10348|total=0|smooth=0|singular=0
RECORD|index=10349|total=1|smooth=1|singular=0
RECORD|index=10350|total=4|smooth=4|singular=0
RECORD|index=10351|total=2|smooth=2|singular=0
RECORD|index=10352|total=1|smooth=1|singular=0
RECORD|index=10353|total=0|smooth=0|singular=0
RECORD|index=10354|total=0|smooth=0|singular=0
RECORD|index=10355|total=2|smooth=2|singular=0
RECORD|index=10356|total=2|smooth=2|singular=0
RECORD|index=10357|total=2|smooth=2|singular=0
RECORD|index=10358|total=0|smooth=0|singular=0
RECORD|index=10359|total=2|smooth=2|singular=0
RECORD|index=10360|total=0|smooth=0|singular=0
RECORD|index=10361|total=1|smooth=1|singular=0
RECORD|index=10362|total=0|smooth=0|singular=0
RECORD|index=10363|total=0|smooth=0|singular=0
RECORD|index=10364|total=0|smooth=0|singular=0
RECORD|index=10365|total=1|smooth=1|singular=0
RECORD|index=10366|total=1|smooth=1|singular=0
RECORD|index=10367|total=0|smooth=0|singular=0
RECORD|index=10368|total=2|smooth=2|singular=0
RECORD|index=10369|total=1|smooth=1|singular=0
RECORD|index=10370|total=1|smooth=1|singular=0
RECORD|index=10371|total=1|smooth=1|singular=0
RECORD|index=10372|total=1|smooth=1|singular=0
RECORD|index=10373|total=2|smooth=2|singular=0
RECORD|index=10374|total=0|smooth=0|singular=0
RECORD|index=10375|total=3|smooth=3|singular=0
RECORD|index=10376|total=0|smooth=0|singular=0
RECORD|index=10377|total=1|smooth=1|singular=0
RECORD|index=10378|total=2|smooth=2|singular=0
RECORD|index=10379|total=2|smooth=2|singular=0
RECORD|index=10380|total=1|smooth=1|singular=0
RECORD|index=10381|total=0|smooth=0|singular=0
RECORD|index=10382|total=1|smooth=1|singular=0
RECORD|index=10383|total=2|smooth=2|singular=0
RECORD|index=10384|total=0|smooth=0|singular=0
RECORD|index=10385|total=1|smooth=1|singular=0
RECORD|index=10386|total=1|smooth=1|singular=0
RECORD|index=10387|total=3|smooth=3|singular=0
RECORD|index=10388|total=3|smooth=3|singular=0
RECORD|index=10389|total=0|smooth=0|singular=0
RECORD|index=10390|total=1|smooth=1|singular=0
RECORD|index=10391|total=0|smooth=0|singular=0
RECORD|index=10392|total=0|smooth=0|singular=0
RECORD|index=10393|total=0|smooth=0|singular=0
RECORD|index=10394|total=3|smooth=3|singular=0
RECORD|index=10395|total=2|smooth=2|singular=0
RECORD|index=10396|total=1|smooth=1|singular=0
RECORD|index=10397|total=1|smooth=1|singular=0
RECORD|index=10398|total=3|smooth=3|singular=0
RECORD|index=10399|total=0|smooth=0|singular=0
RECORD|index=10400|total=1|smooth=1|singular=0
RECORD|index=10401|total=1|smooth=1|singular=0
RECORD|index=10402|total=1|smooth=1|singular=0
RECORD|index=10403|total=1|smooth=1|singular=0
RECORD|index=10404|total=1|smooth=1|singular=0
RECORD|index=10405|total=1|smooth=1|singular=0
RECORD|index=10406|total=0|smooth=0|singular=0
RECORD|index=10407|total=1|smooth=1|singular=0
RECORD|index=10408|total=4|smooth=4|singular=0
RECORD|index=10409|total=1|smooth=1|singular=0
RECORD|index=10410|total=1|smooth=1|singular=0
RECORD|index=10411|total=0|smooth=0|singular=0
RECORD|index=10412|total=2|smooth=2|singular=0
RECORD|index=10413|total=0|smooth=0|singular=0
RECORD|index=10414|total=0|smooth=0|singular=0
RECORD|index=10415|total=1|smooth=1|singular=0
RECORD|index=10416|total=1|smooth=1|singular=0
RECORD|index=10417|total=1|smooth=1|singular=0
RECORD|index=10418|total=1|smooth=1|singular=0
RECORD|index=10419|total=3|smooth=3|singular=0
RECORD|index=10420|total=0|smooth=0|singular=0
RECORD|index=10421|total=2|smooth=2|singular=0
RECORD|index=10422|total=4|smooth=4|singular=0
RECORD|index=10423|total=0|smooth=0|singular=0
RECORD|index=10424|total=1|smooth=1|singular=0
RECORD|index=10425|total=1|smooth=1|singular=0
RECORD|index=10426|total=0|smooth=0|singular=0
RECORD|index=10427|total=1|smooth=1|singular=0
RECORD|index=10428|total=1|smooth=1|singular=0
RECORD|index=10429|total=0|smooth=0|singular=0
RECORD|index=10430|total=0|smooth=0|singular=0
RECORD|index=10431|total=2|smooth=2|singular=0
RECORD|index=10432|total=1|smooth=1|singular=0
RECORD|index=10433|total=2|smooth=2|singular=0
RECORD|index=10434|total=2|smooth=2|singular=0
RECORD|index=10435|total=0|smooth=0|singular=0
RECORD|index=10436|total=3|smooth=3|singular=0
RECORD|index=10437|total=0|smooth=0|singular=0
RECORD|index=10438|total=1|smooth=1|singular=0
RECORD|index=10439|total=1|smooth=1|singular=0
RECORD|index=10440|total=3|smooth=3|singular=0
RECORD|index=10441|total=1|smooth=1|singular=0
RECORD|index=10442|total=2|smooth=2|singular=0
RECORD|index=10443|total=1|smooth=1|singular=0
RECORD|index=10444|total=0|smooth=0|singular=0
RECORD|index=10445|total=0|smooth=0|singular=0
RECORD|index=10446|total=0|smooth=0|singular=0
RECORD|index=10447|total=1|smooth=1|singular=0
RECORD|index=10448|total=0|smooth=0|singular=0
RECORD|index=10449|total=0|smooth=0|singular=0
RECORD|index=10450|total=3|smooth=3|singular=0
RECORD|index=10451|total=0|smooth=0|singular=0
RECORD|index=10452|total=0|smooth=0|singular=0
RECORD|index=10453|total=3|smooth=3|singular=0
RECORD|index=10454|total=0|smooth=0|singular=0
RECORD|index=10455|total=0|smooth=0|singular=0
RECORD|index=10456|total=2|smooth=2|singular=0
RECORD|index=10457|total=1|smooth=1|singular=0
RECORD|index=10458|total=1|smooth=1|singular=0
RECORD|index=10459|total=2|smooth=2|singular=0
RECORD|index=10460|total=1|smooth=1|singular=0
RECORD|index=10461|total=2|smooth=2|singular=0
RECORD|index=10462|total=2|smooth=2|singular=0
RECORD|index=10463|total=0|smooth=0|singular=0
RECORD|index=10464|total=3|smooth=3|singular=0
RECORD|index=10465|total=0|smooth=0|singular=0
RECORD|index=10466|total=3|smooth=3|singular=0
RECORD|index=10467|total=0|smooth=0|singular=0
RECORD|index=10468|total=1|smooth=1|singular=0
RECORD|index=10469|total=1|smooth=1|singular=0
RECORD|index=10470|total=3|smooth=3|singular=0
RECORD|index=10471|total=0|smooth=0|singular=0
RECORD|index=10472|total=1|smooth=1|singular=0
RECORD|index=10473|total=0|smooth=0|singular=0
RECORD|index=10474|total=0|smooth=0|singular=0
RECORD|index=10475|total=5|smooth=5|singular=0
RECORD|index=10476|total=0|smooth=0|singular=0
RECORD|index=10477|total=3|smooth=3|singular=0
RECORD|index=10478|total=0|smooth=0|singular=0
RECORD|index=10479|total=0|smooth=0|singular=0
RECORD|index=10480|total=3|smooth=3|singular=0
RECORD|index=10481|total=1|smooth=1|singular=0
RECORD|index=10482|total=2|smooth=2|singular=0
RECORD|index=10483|total=1|smooth=1|singular=0
RECORD|index=10484|total=0|smooth=0|singular=0
RECORD|index=10485|total=0|smooth=0|singular=0
RECORD|index=10486|total=1|smooth=1|singular=0
RECORD|index=10487|total=1|smooth=1|singular=0
RECORD|index=10488|total=3|smooth=3|singular=0
RECORD|index=10489|total=2|smooth=2|singular=0
RECORD|index=10490|total=0|smooth=0|singular=0
RECORD|index=10491|total=0|smooth=0|singular=0
RECORD|index=10492|total=1|smooth=1|singular=0
RECORD|index=10493|total=1|smooth=1|singular=0
RECORD|index=10494|total=1|smooth=1|singular=0
RECORD|index=10495|total=1|smooth=1|singular=0
RECORD|index=10496|total=0|smooth=0|singular=0
RECORD|index=10497|total=0|smooth=0|singular=0
RECORD|index=10498|total=1|smooth=1|singular=0
RECORD|index=10499|total=0|smooth=0|singular=0
RECORD|index=10500|total=1|smooth=1|singular=0
RECORD|index=10501|total=3|smooth=3|singular=0
RECORD|index=10502|total=1|smooth=1|singular=0
RECORD|index=10503|total=1|smooth=1|singular=0
RECORD|index=10504|total=1|smooth=1|singular=0
RECORD|index=10505|total=0|smooth=0|singular=0
RECORD|index=10506|total=1|smooth=1|singular=0
RECORD|index=10507|total=2|smooth=2|singular=0
RECORD|index=10508|total=2|smooth=2|singular=0
RECORD|index=10509|total=2|smooth=2|singular=0
RECORD|index=10510|total=2|smooth=2|singular=0
RECORD|index=10511|total=1|smooth=1|singular=0
RECORD|index=10512|total=0|smooth=0|singular=0
RECORD|index=10513|total=0|smooth=0|singular=0
RECORD|index=10514|total=0|smooth=0|singular=0
RECORD|index=10515|total=0|smooth=0|singular=0
RECORD|index=10516|total=0|smooth=0|singular=0
RECORD|index=10517|total=0|smooth=0|singular=0
RECORD|index=10518|total=1|smooth=1|singular=0
RECORD|index=10519|total=0|smooth=0|singular=0
RECORD|index=10520|total=1|smooth=1|singular=0
RECORD|index=10521|total=0|smooth=0|singular=0
RECORD|index=10522|total=0|smooth=0|singular=0
RECORD|index=10523|total=2|smooth=2|singular=0
RECORD|index=10524|total=1|smooth=1|singular=0
RECORD|index=10525|total=0|smooth=0|singular=0
RECORD|index=10526|total=0|smooth=0|singular=0
RECORD|index=10527|total=2|smooth=2|singular=0
RECORD|index=10528|total=1|smooth=1|singular=0
RECORD|index=10529|total=1|smooth=1|singular=0
RECORD|index=10530|total=2|smooth=2|singular=0
RECORD|index=10531|total=3|smooth=3|singular=0
RECORD|index=10532|total=0|smooth=0|singular=0
RECORD|index=10533|total=0|smooth=0|singular=0
RECORD|index=10534|total=3|smooth=3|singular=0
RECORD|index=10535|total=2|smooth=2|singular=0
RECORD|index=10536|total=2|smooth=2|singular=0
RECORD|index=10537|total=1|smooth=1|singular=0
RECORD|index=10538|total=1|smooth=1|singular=0
RECORD|index=10539|total=2|smooth=2|singular=0
RECORD|index=10540|total=1|smooth=1|singular=0
RECORD|index=10541|total=0|smooth=0|singular=0
RECORD|index=10542|total=1|smooth=1|singular=0
RECORD|index=10543|total=1|smooth=1|singular=0
RECORD|index=10544|total=0|smooth=0|singular=0
RECORD|index=10545|total=0|smooth=0|singular=0
RECORD|index=10546|total=3|smooth=3|singular=0
RECORD|index=10547|total=0|smooth=0|singular=0
RECORD|index=10548|total=1|smooth=1|singular=0
RECORD|index=10549|total=0|smooth=0|singular=0
RECORD|index=10550|total=0|smooth=0|singular=0
RECORD|index=10551|total=1|smooth=1|singular=0
RECORD|index=10552|total=0|smooth=0|singular=0
RECORD|index=10553|total=0|smooth=0|singular=0
RECORD|index=10554|total=1|smooth=1|singular=0
RECORD|index=10555|total=1|smooth=1|singular=0
RECORD|index=10556|total=1|smooth=1|singular=0
RECORD|index=10557|total=1|smooth=1|singular=0
RECORD|index=10558|total=1|smooth=1|singular=0
RECORD|index=10559|total=0|smooth=0|singular=0
RECORD|index=10560|total=1|smooth=1|singular=0
RECORD|index=10561|total=3|smooth=3|singular=0
RECORD|index=10562|total=2|smooth=2|singular=0
RECORD|index=10563|total=0|smooth=0|singular=0
RECORD|index=10564|total=1|smooth=1|singular=0
RECORD|index=10565|total=0|smooth=0|singular=0
RECORD|index=10566|total=1|smooth=1|singular=0
RECORD|index=10567|total=2|smooth=2|singular=0
RECORD|index=10568|total=1|smooth=1|singular=0
RECORD|index=10569|total=0|smooth=0|singular=0
RECORD|index=10570|total=0|smooth=0|singular=0
RECORD|index=10571|total=1|smooth=1|singular=0
RECORD|index=10572|total=2|smooth=2|singular=0
RECORD|index=10573|total=0|smooth=0|singular=0
RECORD|index=10574|total=0|smooth=0|singular=0
RECORD|index=10575|total=3|smooth=3|singular=0
RECORD|index=10576|total=1|smooth=1|singular=0
RECORD|index=10577|total=1|smooth=1|singular=0
RECORD|index=10578|total=1|smooth=1|singular=0
RECORD|index=10579|total=1|smooth=1|singular=0
RECORD|index=10580|total=2|smooth=2|singular=0
RECORD|index=10581|total=0|smooth=0|singular=0
RECORD|index=10582|total=0|smooth=0|singular=0
RECORD|index=10583|total=0|smooth=0|singular=0
RECORD|index=10584|total=1|smooth=1|singular=0
RECORD|index=10585|total=0|smooth=0|singular=0
RECORD|index=10586|total=0|smooth=0|singular=0
RECORD|index=10587|total=1|smooth=1|singular=0
RECORD|index=10588|total=0|smooth=0|singular=0
RECORD|index=10589|total=1|smooth=1|singular=0
RECORD|index=10590|total=2|smooth=2|singular=0
RECORD|index=10591|total=0|smooth=0|singular=0
RECORD|index=10592|total=0|smooth=0|singular=0
RECORD|index=10593|total=0|smooth=0|singular=0
RECORD|index=10594|total=1|smooth=1|singular=0
RECORD|index=10595|total=1|smooth=1|singular=0
RECORD|index=10596|total=0|smooth=0|singular=0
RECORD|index=10597|total=0|smooth=0|singular=0
RECORD|index=10598|total=1|smooth=1|singular=0
RECORD|index=10599|total=4|smooth=4|singular=0
RECORD|index=10600|total=1|smooth=1|singular=0
RECORD|index=10601|total=0|smooth=0|singular=0
RECORD|index=10602|total=0|smooth=0|singular=0
RECORD|index=10603|total=1|smooth=1|singular=0
RECORD|index=10604|total=2|smooth=2|singular=0
RECORD|index=10605|total=1|smooth=1|singular=0
RECORD|index=10606|total=1|smooth=1|singular=0
RECORD|index=10607|total=2|smooth=2|singular=0
RECORD|index=10608|total=1|smooth=1|singular=0
RECORD|index=10609|total=0|smooth=0|singular=0
RECORD|index=10610|total=1|smooth=1|singular=0
RECORD|index=10611|total=0|smooth=0|singular=0
RECORD|index=10612|total=2|smooth=2|singular=0
RECORD|index=10613|total=4|smooth=4|singular=0
RECORD|index=10614|total=2|smooth=2|singular=0
RECORD|index=10615|total=1|smooth=1|singular=0
RECORD|index=10616|total=0|smooth=0|singular=0
RECORD|index=10617|total=2|smooth=2|singular=0
RECORD|index=10618|total=0|smooth=0|singular=0
RECORD|index=10619|total=1|smooth=1|singular=0
RECORD|index=10620|total=0|smooth=0|singular=0
RECORD|index=10621|total=1|smooth=1|singular=0
RECORD|index=10622|total=0|smooth=0|singular=0
RECORD|index=10623|total=1|smooth=1|singular=0
RECORD|index=10624|total=0|smooth=0|singular=0
RECORD|index=10625|total=1|smooth=1|singular=0
RECORD|index=10626|total=2|smooth=2|singular=0
RECORD|index=10627|total=1|smooth=1|singular=0
RECORD|index=10628|total=1|smooth=1|singular=0
RECORD|index=10629|total=0|smooth=0|singular=0
RECORD|index=10630|total=4|smooth=4|singular=0
RECORD|index=10631|total=1|smooth=1|singular=0
RECORD|index=10632|total=1|smooth=1|singular=0
RECORD|index=10633|total=0|smooth=0|singular=0
RECORD|index=10634|total=0|smooth=0|singular=0
RECORD|index=10635|total=2|smooth=2|singular=0
RECORD|index=10636|total=2|smooth=2|singular=0
RECORD|index=10637|total=1|smooth=1|singular=0
RECORD|index=10638|total=1|smooth=1|singular=0
RECORD|index=10639|total=3|smooth=3|singular=0
RECORD|index=10640|total=1|smooth=1|singular=0
RECORD|index=10641|total=0|smooth=0|singular=0
RECORD|index=10642|total=0|smooth=0|singular=0
RECORD|index=10643|total=0|smooth=0|singular=0
RECORD|index=10644|total=0|smooth=0|singular=0
RECORD|index=10645|total=1|smooth=1|singular=0
RECORD|index=10646|total=0|smooth=0|singular=0
RECORD|index=10647|total=0|smooth=0|singular=0
RECORD|index=10648|total=2|smooth=2|singular=0
RECORD|index=10649|total=1|smooth=1|singular=0
RECORD|index=10650|total=0|smooth=0|singular=0
RECORD|index=10651|total=2|smooth=2|singular=0
RECORD|index=10652|total=0|smooth=0|singular=0
RECORD|index=10653|total=3|smooth=3|singular=0
RECORD|index=10654|total=0|smooth=0|singular=0
RECORD|index=10655|total=1|smooth=1|singular=0
RECORD|index=10656|total=1|smooth=1|singular=0
RECORD|index=10657|total=1|smooth=1|singular=0
RECORD|index=10658|total=0|smooth=0|singular=0
RECORD|index=10659|total=0|smooth=0|singular=0
RECORD|index=10660|total=1|smooth=1|singular=0
RECORD|index=10661|total=1|smooth=1|singular=0
RECORD|index=10662|total=1|smooth=1|singular=0
RECORD|index=10663|total=1|smooth=1|singular=0
RECORD|index=10664|total=1|smooth=1|singular=0
RECORD|index=10665|total=0|smooth=0|singular=0
RECORD|index=10666|total=0|smooth=0|singular=0
RECORD|index=10667|total=1|smooth=1|singular=0
RECORD|index=10668|total=0|smooth=0|singular=0
RECORD|index=10669|total=1|smooth=1|singular=0
RECORD|index=10670|total=1|smooth=1|singular=0
RECORD|index=10671|total=0|smooth=0|singular=0
RECORD|index=10672|total=2|smooth=2|singular=0
RECORD|index=10673|total=0|smooth=0|singular=0
RECORD|index=10674|total=3|smooth=3|singular=0
RECORD|index=10675|total=2|smooth=2|singular=0
RECORD|index=10676|total=1|smooth=1|singular=0
RECORD|index=10677|total=1|smooth=1|singular=0
RECORD|index=10678|total=0|smooth=0|singular=0
RECORD|index=10679|total=0|smooth=0|singular=0
RECORD|index=10680|total=1|smooth=1|singular=0
RECORD|index=10681|total=1|smooth=1|singular=0
RECORD|index=10682|total=0|smooth=0|singular=0
RECORD|index=10683|total=1|smooth=1|singular=0
RECORD|index=10684|total=0|smooth=0|singular=0
RECORD|index=10685|total=1|smooth=1|singular=0
RECORD|index=10686|total=1|smooth=1|singular=0
RECORD|index=10687|total=2|smooth=2|singular=0
RECORD|index=10688|total=0|smooth=0|singular=0
RECORD|index=10689|total=1|smooth=1|singular=0
RECORD|index=10690|total=0|smooth=0|singular=0
RECORD|index=10691|total=1|smooth=1|singular=0
RECORD|index=10692|total=1|smooth=1|singular=0
RECORD|index=10693|total=0|smooth=0|singular=0
RECORD|index=10694|total=0|smooth=0|singular=0
RECORD|index=10695|total=2|smooth=2|singular=0
RECORD|index=10696|total=0|smooth=0|singular=0
RECORD|index=10697|total=3|smooth=3|singular=0
RECORD|index=10698|total=1|smooth=1|singular=0
RECORD|index=10699|total=1|smooth=1|singular=0
RECORD|index=10700|total=1|smooth=1|singular=0
RECORD|index=10701|total=3|smooth=3|singular=0
RECORD|index=10702|total=0|smooth=0|singular=0
RECORD|index=10703|total=1|smooth=1|singular=0
RECORD|index=10704|total=1|smooth=1|singular=0
RECORD|index=10705|total=2|smooth=2|singular=0
RECORD|index=10706|total=1|smooth=1|singular=0
RECORD|index=10707|total=1|smooth=1|singular=0
RECORD|index=10708|total=3|smooth=3|singular=0
RECORD|index=10709|total=0|smooth=0|singular=0
RECORD|index=10710|total=0|smooth=0|singular=0
RECORD|index=10711|total=0|smooth=0|singular=0
RECORD|index=10712|total=1|smooth=1|singular=0
RECORD|index=10713|total=4|smooth=4|singular=0
RECORD|index=10714|total=2|smooth=2|singular=0
RECORD|index=10715|total=0|smooth=0|singular=0
RECORD|index=10716|total=1|smooth=1|singular=0
RECORD|index=10717|total=3|smooth=3|singular=0
RECORD|index=10718|total=1|smooth=1|singular=0
RECORD|index=10719|total=0|smooth=0|singular=0
RECORD|index=10720|total=0|smooth=0|singular=0
RECORD|index=10721|total=1|smooth=1|singular=0
RECORD|index=10722|total=0|smooth=0|singular=0
RECORD|index=10723|total=1|smooth=1|singular=0
RECORD|index=10724|total=0|smooth=0|singular=0
RECORD|index=10725|total=0|smooth=0|singular=0
RECORD|index=10726|total=1|smooth=1|singular=0
RECORD|index=10727|total=1|smooth=1|singular=0
RECORD|index=10728|total=0|smooth=0|singular=0
RECORD|index=10729|total=0|smooth=0|singular=0
RECORD|index=10730|total=1|smooth=1|singular=0
RECORD|index=10731|total=1|smooth=1|singular=0
RECORD|index=10732|total=1|smooth=1|singular=0
RECORD|index=10733|total=1|smooth=1|singular=0
RECORD|index=10734|total=0|smooth=0|singular=0
RECORD|index=10735|total=1|smooth=1|singular=0
RECORD|index=10736|total=1|smooth=1|singular=0
RECORD|index=10737|total=1|smooth=1|singular=0
RECORD|index=10738|total=0|smooth=0|singular=0
RECORD|index=10739|total=1|smooth=1|singular=0
RECORD|index=10740|total=1|smooth=1|singular=0
RECORD|index=10741|total=1|smooth=1|singular=0
RECORD|index=10742|total=1|smooth=1|singular=0
RECORD|index=10743|total=0|smooth=0|singular=0
RECORD|index=10744|total=0|smooth=0|singular=0
RECORD|index=10745|total=2|smooth=2|singular=0
RECORD|index=10746|total=1|smooth=1|singular=0
RECORD|index=10747|total=1|smooth=1|singular=0
RECORD|index=10748|total=1|smooth=1|singular=0
RECORD|index=10749|total=1|smooth=1|singular=0
RECORD|index=10750|total=0|smooth=0|singular=0
RECORD|index=10751|total=1|smooth=1|singular=0
RECORD|index=10752|total=2|smooth=2|singular=0
RECORD|index=10753|total=0|smooth=0|singular=0
RECORD|index=10754|total=4|smooth=4|singular=0
RECORD|index=10755|total=2|smooth=2|singular=0
RECORD|index=10756|total=0|smooth=0|singular=0
RECORD|index=10757|total=0|smooth=0|singular=0
RECORD|index=10758|total=0|smooth=0|singular=0
RECORD|index=10759|total=2|smooth=2|singular=0
RECORD|index=10760|total=2|smooth=2|singular=0
RECORD|index=10761|total=0|smooth=0|singular=0
RECORD|index=10762|total=0|smooth=0|singular=0
RECORD|index=10763|total=0|smooth=0|singular=0
RECORD|index=10764|total=0|smooth=0|singular=0
RECORD|index=10765|total=2|smooth=2|singular=0
RECORD|index=10766|total=0|smooth=0|singular=0
RECORD|index=10767|total=0|smooth=0|singular=0
RECORD|index=10768|total=0|smooth=0|singular=0
RECORD|index=10769|total=0|smooth=0|singular=0
RECORD|index=10770|total=1|smooth=1|singular=0
RECORD|index=10771|total=0|smooth=0|singular=0
RECORD|index=10772|total=1|smooth=1|singular=0
RECORD|index=10773|total=1|smooth=1|singular=0
RECORD|index=10774|total=2|smooth=2|singular=0
RECORD|index=10775|total=0|smooth=0|singular=0
RECORD|index=10776|total=0|smooth=0|singular=0
RECORD|index=10777|total=0|smooth=0|singular=0
RECORD|index=10778|total=0|smooth=0|singular=0
RECORD|index=10779|total=0|smooth=0|singular=0
RECORD|index=10780|total=2|smooth=2|singular=0
RECORD|index=10781|total=2|smooth=2|singular=0
RECORD|index=10782|total=1|smooth=1|singular=0
RECORD|index=10783|total=1|smooth=1|singular=0
RECORD|index=10784|total=1|smooth=1|singular=0
RECORD|index=10785|total=0|smooth=0|singular=0
RECORD|index=10786|total=2|smooth=2|singular=0
RECORD|index=10787|total=1|smooth=1|singular=0
RECORD|index=10788|total=0|smooth=0|singular=0
RECORD|index=10789|total=2|smooth=2|singular=0
RECORD|index=10790|total=0|smooth=0|singular=0
RECORD|index=10791|total=2|smooth=2|singular=0
RECORD|index=10792|total=0|smooth=0|singular=0
RECORD|index=10793|total=1|smooth=1|singular=0
RECORD|index=10794|total=1|smooth=1|singular=0
RECORD|index=10795|total=1|smooth=1|singular=0
RECORD|index=10796|total=2|smooth=2|singular=0
RECORD|index=10797|total=1|smooth=1|singular=0
RECORD|index=10798|total=0|smooth=0|singular=0
RECORD|index=10799|total=1|smooth=1|singular=0
RECORD|index=10800|total=1|smooth=1|singular=0
RECORD|index=10801|total=2|smooth=2|singular=0
RECORD|index=10802|total=0|smooth=0|singular=0
RECORD|index=10803|total=2|smooth=2|singular=0
RECORD|index=10804|total=3|smooth=3|singular=0
RECORD|index=10805|total=0|smooth=0|singular=0
RECORD|index=10806|total=2|smooth=2|singular=0
RECORD|index=10807|total=2|smooth=2|singular=0
RECORD|index=10808|total=0|smooth=0|singular=0
RECORD|index=10809|total=1|smooth=1|singular=0
RECORD|index=10810|total=3|smooth=3|singular=0
RECORD|index=10811|total=2|smooth=2|singular=0
RECORD|index=10812|total=1|smooth=1|singular=0
RECORD|index=10813|total=1|smooth=1|singular=0
RECORD|index=10814|total=2|smooth=2|singular=0
RECORD|index=10815|total=1|smooth=1|singular=0
RECORD|index=10816|total=1|smooth=1|singular=0
RECORD|index=10817|total=0|smooth=0|singular=0
RECORD|index=10818|total=3|smooth=3|singular=0
RECORD|index=10819|total=0|smooth=0|singular=0
RECORD|index=10820|total=1|smooth=1|singular=0
RECORD|index=10821|total=1|smooth=1|singular=0
RECORD|index=10822|total=1|smooth=1|singular=0
RECORD|index=10823|total=1|smooth=1|singular=0
RECORD|index=10824|total=0|smooth=0|singular=0
RECORD|index=10825|total=3|smooth=3|singular=0
RECORD|index=10826|total=0|smooth=0|singular=0
RECORD|index=10827|total=1|smooth=1|singular=0
RECORD|index=10828|total=0|smooth=0|singular=0
RECORD|index=10829|total=0|smooth=0|singular=0
RECORD|index=10830|total=0|smooth=0|singular=0
RECORD|index=10831|total=2|smooth=2|singular=0
RECORD|index=10832|total=2|smooth=2|singular=0
RECORD|index=10833|total=1|smooth=1|singular=0
RECORD|index=10834|total=2|smooth=2|singular=0
RECORD|index=10835|total=2|smooth=2|singular=0
RECORD|index=10836|total=2|smooth=2|singular=0
RECORD|index=10837|total=0|smooth=0|singular=0
RECORD|index=10838|total=1|smooth=1|singular=0
RECORD|index=10839|total=0|smooth=0|singular=0
RECORD|index=10840|total=1|smooth=1|singular=0
RECORD|index=10841|total=2|smooth=2|singular=0
RECORD|index=10842|total=1|smooth=1|singular=0
RECORD|index=10843|total=0|smooth=0|singular=0
RECORD|index=10844|total=5|smooth=5|singular=0
RECORD|index=10845|total=2|smooth=2|singular=0
RECORD|index=10846|total=1|smooth=1|singular=0
RECORD|index=10847|total=3|smooth=3|singular=0
RECORD|index=10848|total=1|smooth=1|singular=0
RECORD|index=10849|total=1|smooth=1|singular=0
RECORD|index=10850|total=1|smooth=1|singular=0
RECORD|index=10851|total=1|smooth=1|singular=0
RECORD|index=10852|total=0|smooth=0|singular=0
RECORD|index=10853|total=2|smooth=2|singular=0
RECORD|index=10854|total=3|smooth=3|singular=0
RECORD|index=10855|total=1|smooth=1|singular=0
RECORD|index=10856|total=1|smooth=1|singular=0
RECORD|index=10857|total=1|smooth=1|singular=0
RECORD|index=10858|total=0|smooth=0|singular=0
RECORD|index=10859|total=0|smooth=0|singular=0
RECORD|index=10860|total=2|smooth=2|singular=0
RECORD|index=10861|total=1|smooth=1|singular=0
RECORD|index=10862|total=0|smooth=0|singular=0
RECORD|index=10863|total=2|smooth=2|singular=0
RECORD|index=10864|total=0|smooth=0|singular=0
RECORD|index=10865|total=1|smooth=1|singular=0
RECORD|index=10866|total=2|smooth=2|singular=0
RECORD|index=10867|total=0|smooth=0|singular=0
RECORD|index=10868|total=1|smooth=1|singular=0
RECORD|index=10869|total=0|smooth=0|singular=0
RECORD|index=10870|total=0|smooth=0|singular=0
RECORD|index=10871|total=0|smooth=0|singular=0
RECORD|index=10872|total=1|smooth=1|singular=0
RECORD|index=10873|total=0|smooth=0|singular=0
RECORD|index=10874|total=0|smooth=0|singular=0
RECORD|index=10875|total=0|smooth=0|singular=0
RECORD|index=10876|total=0|smooth=0|singular=0
RECORD|index=10877|total=0|smooth=0|singular=0
RECORD|index=10878|total=1|smooth=1|singular=0
RECORD|index=10879|total=0|smooth=0|singular=0
RECORD|index=10880|total=1|smooth=1|singular=0
RECORD|index=10881|total=1|smooth=1|singular=0
RECORD|index=10882|total=0|smooth=0|singular=0
RECORD|index=10883|total=0|smooth=0|singular=0
RECORD|index=10884|total=1|smooth=1|singular=0
RECORD|index=10885|total=1|smooth=1|singular=0
RECORD|index=10886|total=0|smooth=0|singular=0
RECORD|index=10887|total=0|smooth=0|singular=0
RECORD|index=10888|total=2|smooth=2|singular=0
RECORD|index=10889|total=0|smooth=0|singular=0
RECORD|index=10890|total=1|smooth=1|singular=0
RECORD|index=10891|total=1|smooth=1|singular=0
RECORD|index=10892|total=0|smooth=0|singular=0
RECORD|index=10893|total=0|smooth=0|singular=0
RECORD|index=10894|total=1|smooth=1|singular=0
RECORD|index=10895|total=2|smooth=2|singular=0
RECORD|index=10896|total=1|smooth=1|singular=0
RECORD|index=10897|total=2|smooth=2|singular=0
RECORD|index=10898|total=1|smooth=1|singular=0
RECORD|index=10899|total=0|smooth=0|singular=0
RECORD|index=10900|total=1|smooth=1|singular=0
RECORD|index=10901|total=0|smooth=0|singular=0
RECORD|index=10902|total=0|smooth=0|singular=0
RECORD|index=10903|total=1|smooth=1|singular=0
RECORD|index=10904|total=0|smooth=0|singular=0
RECORD|index=10905|total=1|smooth=1|singular=0
RECORD|index=10906|total=1|smooth=1|singular=0
RECORD|index=10907|total=1|smooth=1|singular=0
RECORD|index=10908|total=0|smooth=0|singular=0
RECORD|index=10909|total=0|smooth=0|singular=0
RECORD|index=10910|total=0|smooth=0|singular=0
RECORD|index=10911|total=0|smooth=0|singular=0
RECORD|index=10912|total=1|smooth=1|singular=0
RECORD|index=10913|total=0|smooth=0|singular=0
RECORD|index=10914|total=0|smooth=0|singular=0
RECORD|index=10915|total=2|smooth=2|singular=0
RECORD|index=10916|total=2|smooth=2|singular=0
RECORD|index=10917|total=1|smooth=1|singular=0
RECORD|index=10918|total=3|smooth=3|singular=0
RECORD|index=10919|total=0|smooth=0|singular=0
RECORD|index=10920|total=0|smooth=0|singular=0
RECORD|index=10921|total=0|smooth=0|singular=0
RECORD|index=10922|total=0|smooth=0|singular=0
RECORD|index=10923|total=2|smooth=2|singular=0
RECORD|index=10924|total=1|smooth=1|singular=0
RECORD|index=10925|total=0|smooth=0|singular=0
RECORD|index=10926|total=0|smooth=0|singular=0
RECORD|index=10927|total=0|smooth=0|singular=0
RECORD|index=10928|total=1|smooth=1|singular=0
RECORD|index=10929|total=1|smooth=1|singular=0
RECORD|index=10930|total=0|smooth=0|singular=0
RECORD|index=10931|total=2|smooth=2|singular=0
RECORD|index=10932|total=1|smooth=1|singular=0
RECORD|index=10933|total=0|smooth=0|singular=0
RECORD|index=10934|total=1|smooth=1|singular=0
RECORD|index=10935|total=1|smooth=1|singular=0
RECORD|index=10936|total=1|smooth=1|singular=0
RECORD|index=10937|total=2|smooth=2|singular=0
RECORD|index=10938|total=1|smooth=1|singular=0
RECORD|index=10939|total=0|smooth=0|singular=0
RECORD|index=10940|total=0|smooth=0|singular=0
RECORD|index=10941|total=2|smooth=2|singular=0
RECORD|index=10942|total=1|smooth=1|singular=0
RECORD|index=10943|total=2|smooth=2|singular=0
RECORD|index=10944|total=0|smooth=0|singular=0
RECORD|index=10945|total=1|smooth=1|singular=0
RECORD|index=10946|total=4|smooth=4|singular=0
RECORD|index=10947|total=0|smooth=0|singular=0
RECORD|index=10948|total=2|smooth=2|singular=0
RECORD|index=10949|total=0|smooth=0|singular=0
RECORD|index=10950|total=1|smooth=1|singular=0
RECORD|index=10951|total=0|smooth=0|singular=0
RECORD|index=10952|total=3|smooth=3|singular=0
RECORD|index=10953|total=2|smooth=2|singular=0
RECORD|index=10954|total=1|smooth=1|singular=0
RECORD|index=10955|total=1|smooth=1|singular=0
RECORD|index=10956|total=1|smooth=1|singular=0
RECORD|index=10957|total=1|smooth=1|singular=0
RECORD|index=10958|total=1|smooth=1|singular=0
RECORD|index=10959|total=0|smooth=0|singular=0
RECORD|index=10960|total=0|smooth=0|singular=0
RECORD|index=10961|total=0|smooth=0|singular=0
RECORD|index=10962|total=2|smooth=2|singular=0
RECORD|index=10963|total=1|smooth=1|singular=0
RECORD|index=10964|total=0|smooth=0|singular=0
RECORD|index=10965|total=0|smooth=0|singular=0
RECORD|index=10966|total=1|smooth=1|singular=0
RECORD|index=10967|total=1|smooth=1|singular=0
RECORD|index=10968|total=2|smooth=2|singular=0
RECORD|index=10969|total=0|smooth=0|singular=0
RECORD|index=10970|total=3|smooth=3|singular=0
RECORD|index=10971|total=0|smooth=0|singular=0
RECORD|index=10972|total=2|smooth=2|singular=0
RECORD|index=10973|total=2|smooth=2|singular=0
RECORD|index=10974|total=1|smooth=1|singular=0
RECORD|index=10975|total=0|smooth=0|singular=0
RECORD|index=10976|total=3|smooth=3|singular=0
RECORD|index=10977|total=0|smooth=0|singular=0
RECORD|index=10978|total=1|smooth=1|singular=0
RECORD|index=10979|total=2|smooth=2|singular=0
RECORD|index=10980|total=1|smooth=1|singular=0
RECORD|index=10981|total=0|smooth=0|singular=0
RECORD|index=10982|total=0|smooth=0|singular=0
RECORD|index=10983|total=1|smooth=1|singular=0
RECORD|index=10984|total=1|smooth=1|singular=0
RECORD|index=10985|total=1|smooth=1|singular=0
RECORD|index=10986|total=1|smooth=1|singular=0
RECORD|index=10987|total=0|smooth=0|singular=0
RECORD|index=10988|total=1|smooth=1|singular=0
RECORD|index=10989|total=1|smooth=1|singular=0
RECORD|index=10990|total=0|smooth=0|singular=0
RECORD|index=10991|total=0|smooth=0|singular=0
RECORD|index=10992|total=1|smooth=1|singular=0
RECORD|index=10993|total=2|smooth=2|singular=0
RECORD|index=10994|total=2|smooth=2|singular=0
RECORD|index=10995|total=2|smooth=2|singular=0
RECORD|index=10996|total=1|smooth=1|singular=0
RECORD|index=10997|total=0|smooth=0|singular=0
RECORD|index=10998|total=0|smooth=0|singular=0
RECORD|index=10999|total=1|smooth=1|singular=0
RECORD|index=11000|total=0|smooth=0|singular=0
RECORD|index=11001|total=1|smooth=1|singular=0
RECORD|index=11002|total=3|smooth=3|singular=0
RECORD|index=11003|total=0|smooth=0|singular=0
RECORD|index=11004|total=0|smooth=0|singular=0
RECORD|index=11005|total=2|smooth=2|singular=0
RECORD|index=11006|total=0|smooth=0|singular=0
RECORD|index=11007|total=1|smooth=1|singular=0
RECORD|index=11008|total=1|smooth=1|singular=0
RECORD|index=11009|total=2|smooth=2|singular=0
RECORD|index=11010|total=1|smooth=1|singular=0
RECORD|index=11011|total=2|smooth=2|singular=0
RECORD|index=11012|total=1|smooth=1|singular=0
RECORD|index=11013|total=0|smooth=0|singular=0
RECORD|index=11014|total=0|smooth=0|singular=0
RECORD|index=11015|total=2|smooth=2|singular=0
RECORD|index=11016|total=0|smooth=0|singular=0
RECORD|index=11017|total=2|smooth=2|singular=0
RECORD|index=11018|total=0|smooth=0|singular=0
RECORD|index=11019|total=1|smooth=1|singular=0
RECORD|index=11020|total=2|smooth=2|singular=0
RECORD|index=11021|total=2|smooth=2|singular=0
RECORD|index=11022|total=0|smooth=0|singular=0
RECORD|index=11023|total=1|smooth=1|singular=0
RECORD|index=11024|total=0|smooth=0|singular=0
RECORD|index=11025|total=0|smooth=0|singular=0
RECORD|index=11026|total=1|smooth=1|singular=0
RECORD|index=11027|total=2|smooth=2|singular=0
RECORD|index=11028|total=1|smooth=1|singular=0
RECORD|index=11029|total=2|smooth=2|singular=0
RECORD|index=11030|total=0|smooth=0|singular=0
RECORD|index=11031|total=0|smooth=0|singular=0
RECORD|index=11032|total=1|smooth=1|singular=0
RECORD|index=11033|total=1|smooth=1|singular=0
RECORD|index=11034|total=0|smooth=0|singular=0
RECORD|index=11035|total=1|smooth=1|singular=0
RECORD|index=11036|total=0|smooth=0|singular=0
RECORD|index=11037|total=0|smooth=0|singular=0
RECORD|index=11038|total=2|smooth=2|singular=0
RECORD|index=11039|total=0|smooth=0|singular=0
RECORD|index=11040|total=1|smooth=1|singular=0
RECORD|index=11041|total=0|smooth=0|singular=0
RECORD|index=11042|total=0|smooth=0|singular=0
RECORD|index=11043|total=0|smooth=0|singular=0
RECORD|index=11044|total=1|smooth=1|singular=0
RECORD|index=11045|total=2|smooth=2|singular=0
RECORD|index=11046|total=1|smooth=1|singular=0
RECORD|index=11047|total=1|smooth=1|singular=0
RECORD|index=11048|total=1|smooth=1|singular=0
RECORD|index=11049|total=1|smooth=1|singular=0
RECORD|index=11050|total=1|smooth=1|singular=0
RECORD|index=11051|total=1|smooth=1|singular=0
RECORD|index=11052|total=0|smooth=0|singular=0
RECORD|index=11053|total=2|smooth=2|singular=0
RECORD|index=11054|total=3|smooth=3|singular=0
RECORD|index=11055|total=2|smooth=2|singular=0
RECORD|index=11056|total=2|smooth=2|singular=0
RECORD|index=11057|total=1|smooth=1|singular=0
RECORD|index=11058|total=2|smooth=2|singular=0
RECORD|index=11059|total=0|smooth=0|singular=0
RECORD|index=11060|total=1|smooth=1|singular=0
RECORD|index=11061|total=0|smooth=0|singular=0
RECORD|index=11062|total=1|smooth=1|singular=0
RECORD|index=11063|total=2|smooth=2|singular=0
RECORD|index=11064|total=0|smooth=0|singular=0
RECORD|index=11065|total=0|smooth=0|singular=0
RECORD|index=11066|total=1|smooth=1|singular=0
RECORD|index=11067|total=1|smooth=1|singular=0
RECORD|index=11068|total=1|smooth=1|singular=0
RECORD|index=11069|total=1|smooth=1|singular=0
RECORD|index=11070|total=0|smooth=0|singular=0
RECORD|index=11071|total=1|smooth=1|singular=0
RECORD|index=11072|total=2|smooth=2|singular=0
RECORD|index=11073|total=0|smooth=0|singular=0
RECORD|index=11074|total=1|smooth=1|singular=0
RECORD|index=11075|total=1|smooth=1|singular=0
RECORD|index=11076|total=1|smooth=1|singular=0
RECORD|index=11077|total=0|smooth=0|singular=0
RECORD|index=11078|total=2|smooth=2|singular=0
RECORD|index=11079|total=1|smooth=1|singular=0
RECORD|index=11080|total=1|smooth=1|singular=0
RECORD|index=11081|total=1|smooth=1|singular=0
RECORD|index=11082|total=0|smooth=0|singular=0
RECORD|index=11083|total=1|smooth=1|singular=0
RECORD|index=11084|total=0|smooth=0|singular=0
RECORD|index=11085|total=4|smooth=4|singular=0
RECORD|index=11086|total=0|smooth=0|singular=0
RECORD|index=11087|total=0|smooth=0|singular=0
SINGULAR_FQ2_SHARD_PASS
