Command exited with non-zero status 1
	Command being timed: "timeout --signal=TERM --kill-after=30s 5400s Singular --cpus=1 --threads=1 --flint-threads=1 -q --no-rc /home/ubuntu/jc2/box/moh14-charts-20260905/hsupport-gate-20260905/classes/C_n24m16_M12_17_ell1_s3/builders/C_n24m16_M12_17_ell1_s3_V2_1_builder.sing"
	User time (seconds): 238.53
	System time (seconds): 0.36
	Percent of CPU this job got: 56%
	Elapsed (wall clock) time (h:mm:ss or m:ss): 7:06.28
	Average shared text size (kbytes): 0
	Average unshared data size (kbytes): 0
	Average stack size (kbytes): 0
	Average total size (kbytes): 0
	Maximum resident set size (kbytes): 1020576
	Average resident set size (kbytes): 0
	Major (requiring I/O) page faults: 1
	Minor (reclaiming a frame) page faults: 258876
	Voluntary context switches: 8
	Involuntary context switches: 34640
	Swaps: 0
	File system inputs: 256
	File system outputs: 24
	Socket messages sent: 0
	Socket messages received: 0
	Signals delivered: 0
	Page size (bytes): 4096
	Exit status: 1
