/run/jc2-contact-gram-20260910T2110/check.post.json: OK
/var/lib/jc2-contact-gram-20260910T2110/custody/check.post.json: OK
/run/jc2-contact-gram-20260910T2110/check.pre.json: OK
/var/lib/jc2-contact-gram-20260910T2110/custody/check.pre.json: OK
/run/jc2-contact-gram-20260910T2110/check.python-live.json: OK
/var/lib/jc2-contact-gram-20260910T2110/custody/check.python-live.json: OK
/run/jc2-contact-gram-20260910T2110/check.runner-live.json: OK
/var/lib/jc2-contact-gram-20260910T2110/custody/check.runner-live.json: OK
/run/jc2-contact-gram-20260910T2110/check.runner.stderr: OK
/var/lib/jc2-contact-gram-20260910T2110/custody/check.runner.stderr: OK
/run/jc2-contact-gram-20260910T2110/check.runner.stdout: OK
/var/lib/jc2-contact-gram-20260910T2110/custody/check.runner.stdout: OK
/run/jc2-contact-gram-20260910T2110/check.stderr: OK
/var/lib/jc2-contact-gram-20260910T2110/custody/check.stderr: OK
/run/jc2-contact-gram-20260910T2110/check.stdout: OK
/var/lib/jc2-contact-gram-20260910T2110/custody/check.stdout: OK
/run/jc2-contact-gram-20260910T2110/check.telemetry.json: OK
/var/lib/jc2-contact-gram-20260910T2110/custody/check.telemetry.json: OK
/run/jc2-contact-gram-20260910T2110/dispatcher.stderr: OK
/var/lib/jc2-contact-gram-20260910T2110/custody/dispatcher.stderr: OK
/run/jc2-contact-gram-20260910T2110/dispatcher.stdout: OK
/var/lib/jc2-contact-gram-20260910T2110/custody/dispatcher.stdout: OK
/run/jc2-contact-gram-20260910T2110/dummy.post.json: OK
/var/lib/jc2-contact-gram-20260910T2110/custody/dummy.post.json: OK
/run/jc2-contact-gram-20260910T2110/dummy.pre.json: OK
/var/lib/jc2-contact-gram-20260910T2110/custody/dummy.pre.json: OK
/run/jc2-contact-gram-20260910T2110/dummy.python-live.json: OK
/var/lib/jc2-contact-gram-20260910T2110/custody/dummy.python-live.json: OK
/run/jc2-contact-gram-20260910T2110/dummy.runner-live.json: OK
/var/lib/jc2-contact-gram-20260910T2110/custody/dummy.runner-live.json: OK
/run/jc2-contact-gram-20260910T2110/dummy.runner.stderr: OK
/var/lib/jc2-contact-gram-20260910T2110/custody/dummy.runner.stderr: OK
/run/jc2-contact-gram-20260910T2110/dummy.runner.stdout: OK
/var/lib/jc2-contact-gram-20260910T2110/custody/dummy.runner.stdout: OK
/run/jc2-contact-gram-20260910T2110/dummy.stderr: OK
/var/lib/jc2-contact-gram-20260910T2110/custody/dummy.stderr: OK
/run/jc2-contact-gram-20260910T2110/dummy.stdout: OK
/var/lib/jc2-contact-gram-20260910T2110/custody/dummy.stdout: OK
/run/jc2-contact-gram-20260910T2110/dummy.telemetry.json: OK
/var/lib/jc2-contact-gram-20260910T2110/custody/dummy.telemetry.json: OK
/run/jc2-contact-gram-20260910T2110/mutate.post.json: OK
/var/lib/jc2-contact-gram-20260910T2110/custody/mutate.post.json: OK
/run/jc2-contact-gram-20260910T2110/mutate.pre.json: OK
/var/lib/jc2-contact-gram-20260910T2110/custody/mutate.pre.json: OK
/run/jc2-contact-gram-20260910T2110/mutate.python-live.json: OK
/var/lib/jc2-contact-gram-20260910T2110/custody/mutate.python-live.json: OK
/run/jc2-contact-gram-20260910T2110/mutate.runner-live.json: OK
/var/lib/jc2-contact-gram-20260910T2110/custody/mutate.runner-live.json: OK
/run/jc2-contact-gram-20260910T2110/mutate.runner.stderr: OK
/var/lib/jc2-contact-gram-20260910T2110/custody/mutate.runner.stderr: OK
/run/jc2-contact-gram-20260910T2110/mutate.runner.stdout: OK
/var/lib/jc2-contact-gram-20260910T2110/custody/mutate.runner.stdout: OK
/run/jc2-contact-gram-20260910T2110/mutate.stderr: OK
/var/lib/jc2-contact-gram-20260910T2110/custody/mutate.stderr: OK
/run/jc2-contact-gram-20260910T2110/mutate.stdout: OK
/var/lib/jc2-contact-gram-20260910T2110/custody/mutate.stdout: OK
/run/jc2-contact-gram-20260910T2110/mutate.telemetry.json: OK
/var/lib/jc2-contact-gram-20260910T2110/custody/mutate.telemetry.json: OK
/run/jc2-contact-gram-20260910T2110/negative-bernstein.post.json: OK
/var/lib/jc2-contact-gram-20260910T2110/custody/negative-bernstein.post.json: OK
/run/jc2-contact-gram-20260910T2110/negative-bernstein.pre.json: OK
/var/lib/jc2-contact-gram-20260910T2110/custody/negative-bernstein.pre.json: OK
/run/jc2-contact-gram-20260910T2110/negative-bernstein.python-live.json: OK
/var/lib/jc2-contact-gram-20260910T2110/custody/negative-bernstein.python-live.json: OK
/run/jc2-contact-gram-20260910T2110/negative-bernstein.runner-live.json: OK
/var/lib/jc2-contact-gram-20260910T2110/custody/negative-bernstein.runner-live.json: OK
/run/jc2-contact-gram-20260910T2110/negative-bernstein.runner.stderr: OK
/var/lib/jc2-contact-gram-20260910T2110/custody/negative-bernstein.runner.stderr: OK
/run/jc2-contact-gram-20260910T2110/negative-bernstein.runner.stdout: OK
/var/lib/jc2-contact-gram-20260910T2110/custody/negative-bernstein.runner.stdout: OK
/run/jc2-contact-gram-20260910T2110/negative-bernstein.stderr: OK
/var/lib/jc2-contact-gram-20260910T2110/custody/negative-bernstein.stderr: OK
/run/jc2-contact-gram-20260910T2110/negative-bernstein.stdout: OK
/var/lib/jc2-contact-gram-20260910T2110/custody/negative-bernstein.stdout: OK
/run/jc2-contact-gram-20260910T2110/negative-bernstein.telemetry.json: OK
/var/lib/jc2-contact-gram-20260910T2110/custody/negative-bernstein.telemetry.json: OK
/run/jc2-contact-gram-20260910T2110/negative-uphi.post.json: OK
/var/lib/jc2-contact-gram-20260910T2110/custody/negative-uphi.post.json: OK
/run/jc2-contact-gram-20260910T2110/negative-uphi.pre.json: OK
/var/lib/jc2-contact-gram-20260910T2110/custody/negative-uphi.pre.json: OK
/run/jc2-contact-gram-20260910T2110/negative-uphi.python-live.json: OK
/var/lib/jc2-contact-gram-20260910T2110/custody/negative-uphi.python-live.json: OK
/run/jc2-contact-gram-20260910T2110/negative-uphi.runner-live.json: OK
/var/lib/jc2-contact-gram-20260910T2110/custody/negative-uphi.runner-live.json: OK
/run/jc2-contact-gram-20260910T2110/negative-uphi.runner.stderr: OK
/var/lib/jc2-contact-gram-20260910T2110/custody/negative-uphi.runner.stderr: OK
/run/jc2-contact-gram-20260910T2110/negative-uphi.runner.stdout: OK
/var/lib/jc2-contact-gram-20260910T2110/custody/negative-uphi.runner.stdout: OK
/run/jc2-contact-gram-20260910T2110/negative-uphi.stderr: OK
/var/lib/jc2-contact-gram-20260910T2110/custody/negative-uphi.stderr: OK
/run/jc2-contact-gram-20260910T2110/negative-uphi.stdout: OK
/var/lib/jc2-contact-gram-20260910T2110/custody/negative-uphi.stdout: OK
/run/jc2-contact-gram-20260910T2110/negative-uphi.telemetry.json: OK
/var/lib/jc2-contact-gram-20260910T2110/custody/negative-uphi.telemetry.json: OK
/run/jc2-contact-gram-20260910T2110/produce.post.json: OK
/var/lib/jc2-contact-gram-20260910T2110/custody/produce.post.json: OK
/run/jc2-contact-gram-20260910T2110/produce.pre.json: OK
/var/lib/jc2-contact-gram-20260910T2110/custody/produce.pre.json: OK
/run/jc2-contact-gram-20260910T2110/produce.python-live.json: OK
/var/lib/jc2-contact-gram-20260910T2110/custody/produce.python-live.json: OK
/run/jc2-contact-gram-20260910T2110/produce.runner-live.json: OK
/var/lib/jc2-contact-gram-20260910T2110/custody/produce.runner-live.json: OK
/run/jc2-contact-gram-20260910T2110/produce.runner.stderr: OK
/var/lib/jc2-contact-gram-20260910T2110/custody/produce.runner.stderr: OK
/run/jc2-contact-gram-20260910T2110/produce.runner.stdout: OK
/var/lib/jc2-contact-gram-20260910T2110/custody/produce.runner.stdout: OK
/run/jc2-contact-gram-20260910T2110/produce.stderr: OK
/var/lib/jc2-contact-gram-20260910T2110/custody/produce.stderr: OK
/run/jc2-contact-gram-20260910T2110/produce.stdout: OK
/var/lib/jc2-contact-gram-20260910T2110/custody/produce.stdout: OK
/run/jc2-contact-gram-20260910T2110/produce.telemetry.json: OK
/var/lib/jc2-contact-gram-20260910T2110/custody/produce.telemetry.json: OK
/run/jc2-contact-gram-20260910T2110/refuse-argv.post.json: OK
/var/lib/jc2-contact-gram-20260910T2110/custody/refuse-argv.post.json: OK
/run/jc2-contact-gram-20260910T2110/refuse-argv.pre.json: OK
/var/lib/jc2-contact-gram-20260910T2110/custody/refuse-argv.pre.json: OK
/run/jc2-contact-gram-20260910T2110/refuse-argv.runner-live.json: OK
/var/lib/jc2-contact-gram-20260910T2110/custody/refuse-argv.runner-live.json: OK
/run/jc2-contact-gram-20260910T2110/refuse-argv.runner.stderr: OK
/var/lib/jc2-contact-gram-20260910T2110/custody/refuse-argv.runner.stderr: OK
/run/jc2-contact-gram-20260910T2110/refuse-argv.runner.stdout: OK
/var/lib/jc2-contact-gram-20260910T2110/custody/refuse-argv.runner.stdout: OK
/run/jc2-contact-gram-20260910T2110/refuse-argv.stderr: OK
/var/lib/jc2-contact-gram-20260910T2110/custody/refuse-argv.stderr: OK
/run/jc2-contact-gram-20260910T2110/refuse-argv.stdout: OK
/var/lib/jc2-contact-gram-20260910T2110/custody/refuse-argv.stdout: OK
/run/jc2-contact-gram-20260910T2110/refuse-argv.telemetry.json: OK
/var/lib/jc2-contact-gram-20260910T2110/custody/refuse-argv.telemetry.json: OK
/run/jc2-contact-gram-20260910T2110/refuse-caps.post.json: OK
/var/lib/jc2-contact-gram-20260910T2110/custody/refuse-caps.post.json: OK
/run/jc2-contact-gram-20260910T2110/refuse-caps.pre.json: OK
/var/lib/jc2-contact-gram-20260910T2110/custody/refuse-caps.pre.json: OK
/run/jc2-contact-gram-20260910T2110/refuse-caps.runner-live.json: OK
/var/lib/jc2-contact-gram-20260910T2110/custody/refuse-caps.runner-live.json: OK
/run/jc2-contact-gram-20260910T2110/refuse-caps.runner.stderr: OK
/var/lib/jc2-contact-gram-20260910T2110/custody/refuse-caps.runner.stderr: OK
/run/jc2-contact-gram-20260910T2110/refuse-caps.runner.stdout: OK
/var/lib/jc2-contact-gram-20260910T2110/custody/refuse-caps.runner.stdout: OK
/run/jc2-contact-gram-20260910T2110/refuse-caps.stderr: OK
/var/lib/jc2-contact-gram-20260910T2110/custody/refuse-caps.stderr: OK
/run/jc2-contact-gram-20260910T2110/refuse-caps.stdout: OK
/var/lib/jc2-contact-gram-20260910T2110/custody/refuse-caps.stdout: OK
/run/jc2-contact-gram-20260910T2110/refuse-caps.telemetry.json: OK
/var/lib/jc2-contact-gram-20260910T2110/custody/refuse-caps.telemetry.json: OK
/run/jc2-contact-gram-20260910T2110/refuse-disabled.post.json: OK
/var/lib/jc2-contact-gram-20260910T2110/custody/refuse-disabled.post.json: OK
/run/jc2-contact-gram-20260910T2110/refuse-disabled.pre.json: OK
/var/lib/jc2-contact-gram-20260910T2110/custody/refuse-disabled.pre.json: OK
/run/jc2-contact-gram-20260910T2110/refuse-disabled.python-live.json: OK
/var/lib/jc2-contact-gram-20260910T2110/custody/refuse-disabled.python-live.json: OK
/run/jc2-contact-gram-20260910T2110/refuse-disabled.runner-live.json: OK
/var/lib/jc2-contact-gram-20260910T2110/custody/refuse-disabled.runner-live.json: OK
/run/jc2-contact-gram-20260910T2110/refuse-disabled.runner.stderr: OK
/var/lib/jc2-contact-gram-20260910T2110/custody/refuse-disabled.runner.stderr: OK
/run/jc2-contact-gram-20260910T2110/refuse-disabled.runner.stdout: OK
/var/lib/jc2-contact-gram-20260910T2110/custody/refuse-disabled.runner.stdout: OK
/run/jc2-contact-gram-20260910T2110/refuse-disabled.stderr: OK
/var/lib/jc2-contact-gram-20260910T2110/custody/refuse-disabled.stderr: OK
/run/jc2-contact-gram-20260910T2110/refuse-disabled.stdout: OK
/var/lib/jc2-contact-gram-20260910T2110/custody/refuse-disabled.stdout: OK
/run/jc2-contact-gram-20260910T2110/refuse-disabled.telemetry.json: OK
/var/lib/jc2-contact-gram-20260910T2110/custody/refuse-disabled.telemetry.json: OK
/run/jc2-contact-gram-20260910T2110/refuse-missing.post.json: OK
/var/lib/jc2-contact-gram-20260910T2110/custody/refuse-missing.post.json: OK
/run/jc2-contact-gram-20260910T2110/refuse-missing.pre.json: OK
/var/lib/jc2-contact-gram-20260910T2110/custody/refuse-missing.pre.json: OK
/run/jc2-contact-gram-20260910T2110/refuse-missing.python-live.json: OK
/var/lib/jc2-contact-gram-20260910T2110/custody/refuse-missing.python-live.json: OK
/run/jc2-contact-gram-20260910T2110/refuse-missing.runner-live.json: OK
/var/lib/jc2-contact-gram-20260910T2110/custody/refuse-missing.runner-live.json: OK
/run/jc2-contact-gram-20260910T2110/refuse-missing.runner.stderr: OK
/var/lib/jc2-contact-gram-20260910T2110/custody/refuse-missing.runner.stderr: OK
/run/jc2-contact-gram-20260910T2110/refuse-missing.runner.stdout: OK
/var/lib/jc2-contact-gram-20260910T2110/custody/refuse-missing.runner.stdout: OK
/run/jc2-contact-gram-20260910T2110/refuse-missing.stderr: OK
/var/lib/jc2-contact-gram-20260910T2110/custody/refuse-missing.stderr: OK
/run/jc2-contact-gram-20260910T2110/refuse-missing.stdout: OK
/var/lib/jc2-contact-gram-20260910T2110/custody/refuse-missing.stdout: OK
/run/jc2-contact-gram-20260910T2110/refuse-missing.telemetry.json: OK
/var/lib/jc2-contact-gram-20260910T2110/custody/refuse-missing.telemetry.json: OK
/run/jc2-contact-gram-20260910T2110/refuse-wronghost.post.json: OK
/var/lib/jc2-contact-gram-20260910T2110/custody/refuse-wronghost.post.json: OK
/run/jc2-contact-gram-20260910T2110/refuse-wronghost.pre.json: OK
/var/lib/jc2-contact-gram-20260910T2110/custody/refuse-wronghost.pre.json: OK
/run/jc2-contact-gram-20260910T2110/refuse-wronghost.python-live.json: OK
/var/lib/jc2-contact-gram-20260910T2110/custody/refuse-wronghost.python-live.json: OK
/run/jc2-contact-gram-20260910T2110/refuse-wronghost.runner-live.json: OK
/var/lib/jc2-contact-gram-20260910T2110/custody/refuse-wronghost.runner-live.json: OK
/run/jc2-contact-gram-20260910T2110/refuse-wronghost.runner.stderr: OK
/var/lib/jc2-contact-gram-20260910T2110/custody/refuse-wronghost.runner.stderr: OK
/run/jc2-contact-gram-20260910T2110/refuse-wronghost.runner.stdout: OK
/var/lib/jc2-contact-gram-20260910T2110/custody/refuse-wronghost.runner.stdout: OK
/run/jc2-contact-gram-20260910T2110/refuse-wronghost.stderr: OK
/var/lib/jc2-contact-gram-20260910T2110/custody/refuse-wronghost.stderr: OK
/run/jc2-contact-gram-20260910T2110/refuse-wronghost.stdout: OK
/var/lib/jc2-contact-gram-20260910T2110/custody/refuse-wronghost.stdout: OK
/run/jc2-contact-gram-20260910T2110/refuse-wronghost.telemetry.json: OK
/var/lib/jc2-contact-gram-20260910T2110/custody/refuse-wronghost.telemetry.json: OK
/run/jc2-contact-gram-20260910T2110/startup-checker.post.json: OK
/var/lib/jc2-contact-gram-20260910T2110/custody/startup-checker.post.json: OK
/run/jc2-contact-gram-20260910T2110/startup-checker.pre.json: OK
/var/lib/jc2-contact-gram-20260910T2110/custody/startup-checker.pre.json: OK
/run/jc2-contact-gram-20260910T2110/startup-checker.python-live.json: OK
/var/lib/jc2-contact-gram-20260910T2110/custody/startup-checker.python-live.json: OK
/run/jc2-contact-gram-20260910T2110/startup-checker.runner-live.json: OK
/var/lib/jc2-contact-gram-20260910T2110/custody/startup-checker.runner-live.json: OK
/run/jc2-contact-gram-20260910T2110/startup-checker.runner.stderr: OK
/var/lib/jc2-contact-gram-20260910T2110/custody/startup-checker.runner.stderr: OK
/run/jc2-contact-gram-20260910T2110/startup-checker.runner.stdout: OK
/var/lib/jc2-contact-gram-20260910T2110/custody/startup-checker.runner.stdout: OK
/run/jc2-contact-gram-20260910T2110/startup-checker.stderr: OK
/var/lib/jc2-contact-gram-20260910T2110/custody/startup-checker.stderr: OK
/run/jc2-contact-gram-20260910T2110/startup-checker.stdout: OK
/var/lib/jc2-contact-gram-20260910T2110/custody/startup-checker.stdout: OK
/run/jc2-contact-gram-20260910T2110/startup-checker.telemetry.json: OK
/var/lib/jc2-contact-gram-20260910T2110/custody/startup-checker.telemetry.json: OK
/run/jc2-contact-gram-20260910T2110/startup-producer.post.json: OK
/var/lib/jc2-contact-gram-20260910T2110/custody/startup-producer.post.json: OK
/run/jc2-contact-gram-20260910T2110/startup-producer.pre.json: OK
/var/lib/jc2-contact-gram-20260910T2110/custody/startup-producer.pre.json: OK
/run/jc2-contact-gram-20260910T2110/startup-producer.runner-live.json: OK
/var/lib/jc2-contact-gram-20260910T2110/custody/startup-producer.runner-live.json: OK
/run/jc2-contact-gram-20260910T2110/startup-producer.runner.stderr: OK
/var/lib/jc2-contact-gram-20260910T2110/custody/startup-producer.runner.stderr: OK
/run/jc2-contact-gram-20260910T2110/startup-producer.runner.stdout: OK
/var/lib/jc2-contact-gram-20260910T2110/custody/startup-producer.runner.stdout: OK
/run/jc2-contact-gram-20260910T2110/startup-producer.stderr: OK
/var/lib/jc2-contact-gram-20260910T2110/custody/startup-producer.stderr: OK
/run/jc2-contact-gram-20260910T2110/startup-producer.stdout: OK
/var/lib/jc2-contact-gram-20260910T2110/custody/startup-producer.stdout: OK
/run/jc2-contact-gram-20260910T2110/startup-producer.telemetry.json: OK
/var/lib/jc2-contact-gram-20260910T2110/custody/startup-producer.telemetry.json: OK
/run/jc2-contact-gram-20260910T2110/valid.post.json: OK
/var/lib/jc2-contact-gram-20260910T2110/custody/valid.post.json: OK
/run/jc2-contact-gram-20260910T2110/valid.pre.json: OK
/var/lib/jc2-contact-gram-20260910T2110/custody/valid.pre.json: OK
/run/jc2-contact-gram-20260910T2110/valid.python-live.json: OK
/var/lib/jc2-contact-gram-20260910T2110/custody/valid.python-live.json: OK
/run/jc2-contact-gram-20260910T2110/valid.runner-live.json: OK
/var/lib/jc2-contact-gram-20260910T2110/custody/valid.runner-live.json: OK
/run/jc2-contact-gram-20260910T2110/valid.runner.stderr: OK
/var/lib/jc2-contact-gram-20260910T2110/custody/valid.runner.stderr: OK
/run/jc2-contact-gram-20260910T2110/valid.runner.stdout: OK
/var/lib/jc2-contact-gram-20260910T2110/custody/valid.runner.stdout: OK
/run/jc2-contact-gram-20260910T2110/valid.stderr: OK
/var/lib/jc2-contact-gram-20260910T2110/custody/valid.stderr: OK
/run/jc2-contact-gram-20260910T2110/valid.stdout: OK
/var/lib/jc2-contact-gram-20260910T2110/custody/valid.stdout: OK
/run/jc2-contact-gram-20260910T2110/valid.telemetry.json: OK
/var/lib/jc2-contact-gram-20260910T2110/custody/valid.telemetry.json: OK
/run/jc2-contact-gram-20260910T2110/writer/dummy.payload: OK
/var/lib/jc2-contact-gram-20260910T2110/custody/writer/dummy.payload: OK
/run/jc2-contact-gram-20260910T2110/writer/mutate.payload: OK
/var/lib/jc2-contact-gram-20260910T2110/custody/writer/mutate.payload: OK
/run/jc2-contact-gram-20260910T2110/writer/valid.payload: OK
/var/lib/jc2-contact-gram-20260910T2110/custody/writer/valid.payload: OK
/run/jc2-contact-gram-20260910T2110/frozen/bernstein.json: OK
/var/lib/jc2-contact-gram-20260910T2110/custody/frozen/bernstein.json: OK
/run/jc2-contact-gram-20260910T2110/frozen/certificate.json: OK
/var/lib/jc2-contact-gram-20260910T2110/custody/frozen/certificate.json: OK
/run/jc2-contact-gram-20260910T2110/frozen/positive.receipt.json: OK
/var/lib/jc2-contact-gram-20260910T2110/custody/frozen/positive.receipt.json: OK
/run/jc2-contact-gram-20260910T2110/frozen/uphi.json: OK
/var/lib/jc2-contact-gram-20260910T2110/custody/frozen/uphi.json: OK
/run/jc2-contact-gram-20260910T2110/authority/check.authority.json: OK
/var/lib/jc2-contact-gram-20260910T2110/custody/authority/check.authority.json: OK
/run/jc2-contact-gram-20260910T2110/authority/dummy.authority.json: OK
/var/lib/jc2-contact-gram-20260910T2110/custody/authority/dummy.authority.json: OK
/run/jc2-contact-gram-20260910T2110/authority/mutate.authority.json: OK
/var/lib/jc2-contact-gram-20260910T2110/custody/authority/mutate.authority.json: OK
/run/jc2-contact-gram-20260910T2110/authority/negative-bernstein.authority.json: OK
/var/lib/jc2-contact-gram-20260910T2110/custody/authority/negative-bernstein.authority.json: OK
/run/jc2-contact-gram-20260910T2110/authority/negative-uphi.authority.json: OK
/var/lib/jc2-contact-gram-20260910T2110/custody/authority/negative-uphi.authority.json: OK
/run/jc2-contact-gram-20260910T2110/authority/produce.authority.json: OK
/var/lib/jc2-contact-gram-20260910T2110/custody/authority/produce.authority.json: OK
/run/jc2-contact-gram-20260910T2110/authority/refuse-argv.authority.json: OK
/var/lib/jc2-contact-gram-20260910T2110/custody/authority/refuse-argv.authority.json: OK
/run/jc2-contact-gram-20260910T2110/authority/refuse-caps.authority.json: OK
/var/lib/jc2-contact-gram-20260910T2110/custody/authority/refuse-caps.authority.json: OK
/run/jc2-contact-gram-20260910T2110/authority/refuse-disabled.authority.json: OK
/var/lib/jc2-contact-gram-20260910T2110/custody/authority/refuse-disabled.authority.json: OK
/run/jc2-contact-gram-20260910T2110/authority/refuse-missing.authority.json: OK
/var/lib/jc2-contact-gram-20260910T2110/custody/authority/refuse-missing.authority.json: OK
/run/jc2-contact-gram-20260910T2110/authority/refuse-wronghost.authority.json: OK
/var/lib/jc2-contact-gram-20260910T2110/custody/authority/refuse-wronghost.authority.json: OK
/run/jc2-contact-gram-20260910T2110/authority/startup-checker.authority.json: OK
/var/lib/jc2-contact-gram-20260910T2110/custody/authority/startup-checker.authority.json: OK
/run/jc2-contact-gram-20260910T2110/authority/startup-producer.authority.json: OK
/var/lib/jc2-contact-gram-20260910T2110/custody/authority/startup-producer.authority.json: OK
/run/jc2-contact-gram-20260910T2110/authority/valid.authority.json: OK
/var/lib/jc2-contact-gram-20260910T2110/custody/authority/valid.authority.json: OK
/var/lib/jc2-contact-gram-20260910T2110/custody/CUSTODY.json: OK
/opt/jc2-contact-gram-20260910T2110/source/run_capped.py: OK
/opt/jc2-contact-gram-20260910T2110/source/producer.py: OK
/opt/jc2-contact-gram-20260910T2110/source/checker.py: OK
/opt/jc2-contact-gram-20260910T2110/source/authority.py: OK
/opt/jc2-contact-gram-20260910T2110/source/probe.py: OK
/opt/jc2-contact-gram-20260910T2110/source/mutate.py: OK
/opt/jc2-contact-gram-20260910T2110/source/dispatch.py: OK
/opt/jc2-contact-gram-20260910T2110/metadata/f10-contact-real-window-astra-20260910.md: OK
/opt/jc2-contact-gram-20260910T2110/metadata/f10-contact-quartic-gram-gate-fable5-20260910.md: OK
/opt/jc2-contact-gram-20260910T2110/metadata/f10-contact-symmetric-remainder-astra-20260910.md: OK
/opt/jc2-contact-gram-20260910T2110/metadata/native-manifest.json: OK
/opt/jc2-contact-gram-20260910T2110/metadata/native.stdout: OK
/opt/jc2-contact-gram-20260910T2110/metadata/native.sha256: OK
/opt/jc2-contact-gram-20260910T2110/metadata/ROOT-REGISTRATION.json: OK
/opt/jc2-contact-gram-20260910T2110/metadata/ROOT-EXECUTION-CARD.md: OK
/home/ubuntu/jc2-contact-gram-20260910T2110/stage/terminal-manager.jsonl: OK
