Initial seed for pseudo-random number generator is 1788613574

--------------- INPUT DATA ---------------
#variables                     355
#equations                     403
#invalid equations               0
field characteristic    1073741827
homogeneous input?               0
signature-based computation      0
monomial order                 DRL
basis hash table resetting       8
linear algebra option           44
initial hash table size       4096 (2^12)
max pair selection            1000
reduce gb                        1
#threads                         8
info level                       2
generate pbm files               0
------------------------------------------

Legend for f4 information
--------------------------------------------------------
deg       current degree of pairs selected in this round
sel       number of pairs selected in this round
pairs     total number of pairs in pair list
mat       matrix dimensions (# rows x # columns)
density   density of the matrix
new data  # new elements for basis in this round
          # zero reductions during linear algebra
time(rd)  time of the current f4 round in seconds given
          for real and cpu time
--------------------------------------------------------

deg     sel   pairs        mat          density            new data         time(rd) in sec (real|cpu)
------------------------------------------------------------------------------------------------------
  1      10    3929      13 x 16         17.31%       10 new       0 zero         0.01 | 0.08         
  2     230    3919    1721 x 3584        0.09%      230 new       0 zero         0.28 | 2.00         
  2     149    5078     626 x 2150        0.29%      149 new       0 zero         0.27 | 1.85         
  2      85    6182     205 x 1549        0.65%       85 new       0 zero         0.19 | 1.29         
  3    1000    9715    6175 x 35426       0.03%      860 new     140 zero         3.76 | 22.33        
  3    1000   32203    4164 x 12622       0.11%      706 new     294 zero         5.34 | 32.76        
  3    1001   57408    5244 x 13520       0.20%      578 new     424 zero         7.26 | 35.20        
  3    1000   90216    8594 x 22357       0.14%      529 new     471 zero        10.29 | 40.23        
  3    1000  121224   10755 x 26333       0.14%      631 new     369 zero        15.38 | 54.95        
  3    1001  161128   14130 x 40862       0.11%      806 new     195 zeroEnlarging exponent vector for hash table failed
for esz = 16777216, segmentation fault will follow.
Command terminated by signal 11
	Command being timed: "msolve -g 2 -t 8 -v 2 -l 44 -m 1000 -s 12 -u 8 -f /home/ubuntu/jc2/box/moh14-charts-20260905/hsupport-gate-20260905/source-complete/fleet/172.30.0.28/C_n24m18_Mm15_14_ell1_s3_V1_9_circuit/C_n24m18_Mm15_14_ell1_s3_V1_9_circuit_full_p1073741827.ms -o /home/ubuntu/jc2/box/moh14-charts-20260905/hsupport-gate-20260905/source-complete/fleet/172.30.0.28/C_n24m18_Mm15_14_ell1_s3_V1_9_circuit/C_n24m18_Mm15_14_ell1_s3_V1_9_circuit_full_p1073741827.g2.out"
	User time (seconds): 230.15
	System time (seconds): 2.45
	Percent of CPU this job got: 373%
	Elapsed (wall clock) time (h:mm:ss or m:ss): 1:02.23
	Average shared text size (kbytes): 0
	Average unshared data size (kbytes): 0
	Average stack size (kbytes): 0
	Average total size (kbytes): 0
	Maximum resident set size (kbytes): 6530088
	Average resident set size (kbytes): 0
	Major (requiring I/O) page faults: 0
	Minor (reclaiming a frame) page faults: 1635848
	Voluntary context switches: 19192
	Involuntary context switches: 304
	Swaps: 0
	File system inputs: 0
	File system outputs: 16
	Socket messages sent: 0
	Socket messages received: 0
	Signals delivered: 0
	Page size (bytes): 4096
	Exit status: 0
