Traceback (most recent call last):
  File "/home/ubuntu/jc2q8-generic/out/as_b8_max12_w3_gate_box03_v1/source/replay.py", line 221, in <module>
    assert (dydeg(P3), dydeg(Q3)) == (8, 12)
           ^^^^^^^^^^^^^^^^^^^^^^^^^^^^^^^^^
AssertionError
Command exited with non-zero status 1
	Command being timed: "timeout 1800 python3 replay.py"
	User time (seconds): 0.10
	System time (seconds): 0.01
	Percent of CPU this job got: 99%
	Elapsed (wall clock) time (h:mm:ss or m:ss): 0:00.11
	Average shared text size (kbytes): 0
	Average unshared data size (kbytes): 0
	Average stack size (kbytes): 0
	Average total size (kbytes): 0
	Maximum resident set size (kbytes): 31436
	Average resident set size (kbytes): 0
	Major (requiring I/O) page faults: 0
	Minor (reclaiming a frame) page faults: 4619
	Voluntary context switches: 3
	Involuntary context switches: 0
	Swaps: 0
	File system inputs: 0
	File system outputs: 8
	Socket messages sent: 0
	Socket messages received: 0
	Signals delivered: 0
	Page size (bytes): 4096
	Exit status: 1
