cases/max12_812_order2_u2_62_k00_rank_compressed_atlas_v27_20260827/PREREGISTRATION_BASE2_R3.md: OK
cases/max12_812_order2_u2_62_k00_rank_compressed_atlas_v27_20260827/run_v27_base2_r3_exact_prepass.py: OK
cases/max12_812_order2_u2_62_k00_rank_compressed_atlas_v27_20260827/run_v27_base2_r3_aws.sh: OK
cases/max12_812_order2_u2_62_k00_rank_compressed_atlas_v27_20260827/SOURCE_FREEZE_BASE3_R2.sha256: OK
cases/max12_812_order2_u2_62_k00_rank_compressed_atlas_v27_20260827/HARVEST_REPLAY_BASE3_R2.sha256: OK
cases/max12_812_order2_u2_62_k00_rank_compressed_atlas_v27_20260827/RESULT_V27_BASE3_R2_EXACT_PREPASS.md: OK
cases/max12_812_order2_u2_62_k00_rank_compressed_atlas_v27_20260827/REVIEW_PACKET_BASE3_R2.sha256: OK
cases/max12_812_order2_u2_62_k00_rank_compressed_atlas_v27_20260827/aws_r6a_r2_exact_base3/output/RESULT.json: OK
cases/max12_812_order2_u2_62_k00_rank_compressed_atlas_v27_20260827/aws_r6a_r2_exact_base3/EVIDENCE.sha256: OK
cases/max12_812_order2_u2_62_k00_rank_compressed_atlas_v27_20260827/aws_r6a_r2_exact_base3/output/BASE3_R2_STANDARD_BASIS.txt: OK
cases/max12_812_order2_u2_62_k00_rank_compressed_atlas_v27_20260827/RESULT_V27_BASE4_R1_EXACT_PREPASS.md: OK
cases/max12_812_order2_u2_62_k00_rank_compressed_atlas_v27_20260827/REVIEW_PACKET_BASE4_R1.sha256: OK
cases/max12_812_order2_u2_62_k00_rank_compressed_atlas_v27_20260827/aws_r6a_r1_exact_base4/output/RESULT.json: OK
cases/max12_812_order2_u2_62_k00_rank_compressed_atlas_v27_20260827/RESULT_V27_ORIGIN_EXACT_REPLAY.md: OK
cases/max12_812_order2_u2_62_k00_rank_compressed_atlas_v27_20260827/SOURCE_FREEZE_ORIGIN_REPLAY.sha256: OK
cases/max12_812_order2_u2_62_k00_rank_compressed_atlas_v27_20260827/HARVEST_REPLAY_ORIGIN.sha256: OK
cases/max12_812_order2_u2_62_k00_rank_compressed_atlas_v27_20260827/aws_r6a_aux_origin_replay/output/RESULT.json: OK
cases/max12_812_order2_u2_62_k00_rank_compressed_atlas_v27_20260827/aws_r6a_aux_origin_replay/EVIDENCE.sha256: OK
cases/max12_812_order2_u2_62_k00_grade7_fitting_atlas_v26_20260827/aws_box02_r2_held_compile/output/ATLAS_EXACT_POLYNOMIALS.json: OK
cases/max12_812_order2_u2_62_k00_grade7_fitting_atlas_v26_20260827/aws_box02_r2_held_compile/output/COMPILED_SOURCE.sha256: OK
cases/max12_812_order2_u2_62_k00_grade7_fitting_atlas_v26_20260827/aws_box02_r2_held_compile/output/RESULT.json: OK
xmodel/max12-812-order2-k00-v27-rank-compressed-atlas-successor-design-sol-20260827.md: OK
