[
  {
    "d": -1,
    "y": "1/5",
    "pivots": [
      "-125/2",
      "-50",
      "-75/2",
      "-25",
      "75/2"
    ],
    "W": "3*b*c**2/5 + 9*b*c*x/2 + 5*b*x**2/2 - 18*c**5/125 + 3*c**4*x/10 - c**3*x**2/5 - 39*c**2*x**3/4 - 15*c*x**4 - 25*x**5/4",
    "B": "-3*b*c**2/5 + 18*c**5/125",
    "eta": "9*b*c/2 + 3*c**4/10",
    "E": [
      "-9*b**2*c**2/4 - 6*b*c**5/25 + 441*c**8/2500",
      "-93*b*c**4/5 + 102*c**7/25",
      "-33*b*c**3/2 + 177*c**6/50"
    ],
    "Delta": "-3*c**2/5 - 9*c/2",
    "A": "-18*c**5/125 + 3*c**4/10",
    "H": "-207*c**6/250",
    "F": [
      "-243*c**12/62500 + 12933*c**11/12500 + 4617*c**10/1250",
      "144*c**9/625 - 1197*c**8/50",
      "63*c**8/250 - 522*c**7/25"
    ],
    "certificate_coefficients": [
      "6*c/5",
      "-72*c**2/1025",
      "171*c**3/5125"
    ],
    "U_unit": true,
    "X_unit": true,
    "main_unit": true,
    "boundary_unit": true,
    "cone_nonunit": true,
    "rows_deleted_nonunit": true,
    "cone_gb": [
      "-275*b*c**3/59 + c**6",
      "b*c**4",
      "b**2*c**2"
    ],
    "axis_rows": [
      "0",
      "0",
      "0"
    ]
  },
  {
    "d": 1,
    "y": "2/5",
    "pivots": [
      "425/24",
      "50/3",
      "125/8",
      "175/12",
      "-75/8"
    ],
    "W": "-165*b*c**2/32368 - 33*b*c*x/119 - b*x**2/4 + 123975*c**5/74834816 - 186615*c**4*x/149669632 + 105*c**3*x**2/78608 + 5475*c**2*x**3/9248 + 75*c*x**4/68 + 25*x**5/48",
    "B": "165*b*c**2/32368 - 123975*c**5/74834816",
    "eta": "-33*b*c/119 - 186615*c**4/149669632",
    "E": [
      "-26421*b**2*c**2/14161 + 22670595*b*c**5/8905343104 + 183535650225*c**8/22400998743015424",
      "-66*b**2*c/17 - 192285*b*c**4/4677176 + 148979863575*c**7/11765230432256",
      "-2*b**2 - 195*b*c**3/4913 + 1207034325*c**6/98867482624"
    ],
    "Delta": "165*c**2/32368 + 33*c/119",
    "A": "123975*c**5/74834816 - 186615*c**4/149669632",
    "H": "-322341525*c**6/692072378368",
    "F": [
      "-2442158487214374375*c**12/478964176899940154343424 + 1955537782914375*c**11/220112213648869556224 - 10198669449375*c**10/3236944318365728768",
      "-18794399883744375*c**11/1760897709190956449792 + 53755762438125*c**10/1618472159182864384 + 186973474854375*c**9/190408489315631104",
      "-570417502741875*c**10/103582218187703320576 + 4721622283125*c**9/190408489315631104 + 10634568924375*c**8/11200499371507712"
    ],
    "certificate_coefficients": [
      "2115689453845*c/11574070520424",
      "-2366259547242767*c**2/12592588726221312",
      "13910882363130357*c**3/71358002781920768"
    ],
    "U_unit": true,
    "X_unit": true,
    "main_unit": true,
    "boundary_unit": true,
    "cone_nonunit": true,
    "rows_deleted_nonunit": true,
    "cone_gb": [
      "-197734965248*b**2/1207034325 - 261607424*b*c**3/80468955 + c**6",
      "-1008085028032*b**2*c/31011555 + b*c**4",
      "b**2*c**2",
      "b**3"
    ],
    "axis_rows": [
      "0",
      "0",
      "-2*b**2"
    ]
  }
]
AUDIT_T2_ALL_EXACT_ASSERTIONS_PASS
