{
  "label": "t4",
  "chart": "boundary",
  "verdict": "INCONCLUSIVE_TIMEOUT",
  "runs": [
    {
      "seconds": 300.038931,
      "returncode": 1,
      "main": {
        "nf_all_zero": false,
        "unit": false,
        "dimension": null,
        "vdim": null,
        "basis_size": null,
        "lead_dim": null,
        "lead_vdim": null,
        "vdim_matches_predicted": null,
        "accepted": false,
        "missing_markers": [
          "NF_ALL_ZERO",
          "UNIT",
          "DIM",
          "BASIS_SIZE",
          "LEAD_DIM",
          "ACCEPT",
          "NF_ZERO"
        ]
      }
    }
  ]
}
