Initial seed for pseudo-random number generator is 1788613171

--------------- INPUT DATA ---------------
#variables                     112
#equations                     168
#invalid equations               0
field characteristic    1073741827
homogeneous input?               0
signature-based computation      0
monomial order                 DRL
basis hash table resetting     OFF
linear algebra option           44
initial hash table size     131072 (2^17)
max pair selection            1000
reduce gb                        1
#threads                        12
info level                       2
generate pbm files               0
------------------------------------------

Legend for f4 information
--------------------------------------------------------
deg       current degree of pairs selected in this round
sel       number of pairs selected in this round
pairs     total number of pairs in pair list
mat       matrix dimensions (# rows x # columns)
density   density of the matrix
new data  # new elements for basis in this round
          # zero reductions during linear algebra
time(rd)  time of the current f4 round in seconds given
          for real and cpu time
--------------------------------------------------------

deg     sel   pairs        mat          density            new data         time(rd) in sec (real|cpu)
------------------------------------------------------------------------------------------------------
  2       1    1021       2 x 1         100.00%        0 new       1 zero         0.00 | 0.01         
  3       3    1020      10 x 12         19.17%        2 new       1 zero         0.00 | 0.00         
  3       2     637       7 x 9          22.22%        2 new       0 zero         0.00 | 0.01         
  3       1     649       2 x 1         100.00%        0 new       1 zero         0.00 | 0.00         
  4      16     648      63 x 74          2.98%        9 new       7 zero         0.00 | 0.02         
  3       4     546      12 x 24         11.11%        4 new       0 zero         0.00 | 0.00         
  3       5     582      14 x 10         13.57%        1 new       4 zero         0.00 | 0.01         
  4      33     611     140 x 166         1.34%       14 new      19 zero         0.00 | 0.02         
  4      23     763      54 x 42          3.57%        5 new      18 zero         0.00 | 0.00         
  5     208     774    7199 x 39810       0.02%      119 new      89 zero         0.08 | 0.47         
  3      15     913      41 x 138         3.43%       15 new       0 zero         0.00 | 0.05         
  3      44     812     173 x 440         0.87%       24 new      20 zero         0.01 | 0.08         
  3      22    1028      63 x 76          3.47%        3 new      19 zero         0.00 | 0.01         
  3      17    1041      56 x 84          3.66%        0 new      17 zero         0.00 | 0.01         
  4     247    1024    2121 x 4748        0.11%       77 new     170 zero         0.03 | 0.36         
  3      13    1648      71 x 219         2.17%       12 new       1 zero         0.01 | 0.07         
  3      34    1658     130 x 183         1.60%       10 new      24 zero         0.00 | 0.05         
  4     365    1732    2529 x 5943        0.09%      113 new     252 zero         0.06 | 0.63         
  4     189    2828    1879 x 4179        0.14%       64 new     125 zero         0.04 | 0.44         
  3      12    3587      34 x 45          6.34%        1 new      11 zero         0.00 | 0.02         
  4     140    3562    1805 x 3643        0.17%       21 new     119 zero         0.02 | 0.21         
  5    1000    3822    8326 x 16482       0.04%      208 new     793 zero         0.19 | 1.78         
  4      17    6284      52 x 48          4.01%        2 new      15 zero         0.01 | 0.07         
  4      12    6318      28 x 35          7.04%        1 new      11 zero         0.00 | 0.04         
  5    1000    6326   12281 x 26274       0.03%      239 new     761 zero         0.32 | 2.92         
  4      31    9316     127 x 217         1.59%        4 new      27 zero         0.01 | 0.10         
  5    1000    9231   14302 x 27232       0.03%      182 new     818 zero         0.34 | 2.94         
  5    1000   11438   25786 x 57804       0.02%      177 new     823 zero         0.56 | 3.56         
  4      35   13161     216 x 483         1.02%        4 new      31 zero         0.02 | 0.13         
  5    1000   13059   35526 x 88805       0.01%      216 new     784 zero         0.90 | 5.09         
  3      15   15679      50 x 78          3.62%        3 new      12 zero         0.02 | 0.13         
  4     100   15294     653 x 1758        0.39%       37 new      63 zero         0.09 | 0.97         
  3      37   13490     106 x 148         1.93%        8 new      29 zero         0.02 | 0.23         
  4     404   13507    2639 x 5788        0.11%      111 new     293 zero         0.26 | 2.82         
  4     428   12788    2634 x 4775        0.12%      141 new     287 zero         0.33 | 3.77         
  3      40   12453     104 x 138         1.71%       15 new      25 zero         0.04 | 0.48         
  3      26   12096      88 x 167         2.57%        4 new      22 zero         0.02 | 0.16         
  4     747   12032    4156 x 6872        0.09%      165 new     583 zero         0.42 | 4.75         
  4     710   12340    4396 x 7264        0.09%      113 new     599 zero         0.32 | 3.50         
  4     269   13157    2256 x 4342        0.15%       56 new     213 zero         0.17 | 1.83         
  4      92   13888     563 x 912         0.49%       22 new      70 zero         0.07 | 0.76         
  4      21   14248      98 x 185         2.31%        9 new      12 zero         0.03 | 0.33         
  5    1000   14399    7348 x 11600       0.05%      133 new     877 zero         0.46 | 4.38         
  4     124   15410     680 x 980         0.44%       29 new      95 zero         0.09 | 0.96         
  4      72   15716     346 x 481         0.83%       12 new      60 zero         0.04 | 0.42         
  5    1000   15944    8811 x 14090       0.05%      110 new     893 zero         0.40 | 3.94         
  4     102   16835     546 x 748         0.51%       11 new      91 zero         0.05 | 0.47         
  5    1000   16925    8416 x 11862       0.04%       63 new     941 zero         0.27 | 2.43         
  5    1000   17452   17898 x 33492       0.02%      165 new     836 zero         0.79 | 6.68         
  4      69   19705     234 x 264         1.15%        3 new      66 zero         0.02 | 0.17         
  5    1000   19643   17125 x 32720       0.03%      144 new     859 zero         0.75 | 6.01         
  5    1000   21140   18436 x 32309       0.03%      153 new     856 zero         0.82 | 6.86         
  4     208   22812     657 x 650         0.45%        3 new     205 zero         0.03 | 0.21         
  4      25   22530     234 x 267         1.45%        0 new      25 zero         0.01 | 0.04         
  5    1000   22505   23750 x 42808       0.02%      116 new     885 zero         0.81 | 5.58         
  5    1000   24214   26470 x 50215       0.02%       94 new     906 zero         0.86 | 5.01         
  4      26   25075      87 x 75          2.59%        0 new      26 zero         0.01 | 0.04         
  5    1000   25049   39072 x 71973       0.01%      130 new     873 zero         1.37 | 7.17         
  5    1000   26790   43309 x 81853       0.01%      116 new     886 zero         1.38 | 6.66         
  4      17   28221     282 x 641         0.93%       10 new       7 zero         0.06 | 0.55         
  4      36   28167     464 x 880         0.60%       10 new      26 zero         0.06 | 0.54         
  5    1000   28056   38432 x 74979       0.02%      196 new     804 zero         1.73 | 10.91        
  5    1000   31008   51891 x 102495      0.01%      165 new     835 zero         2.09 | 9.93         
  5     901   33123   64754 x 193847      0.01%      365 new     536 zero         4.52 | 21.99        
  4     449   39616    4569 x 9283        0.11%      179 new     270 zero         1.22 | 9.61         
  3      86   34187     306 x 582         1.06%       23 new      63 zero         0.17 | 1.30         
  3      20   33587      48 x 34          4.17%        2 new      18 zero         0.03 | 0.18         
  4    1000   33144    5438 x 9110        0.10%      300 new     702 zero         1.98 | 15.78        
  3      32   30625     168 x 327         2.20%        9 new      23 zero         0.09 | 0.54         
  3      14   29104      39 x 26          5.13%        1 new      13 zero         0.02 | 0.09         
  4    1000   29127    5597 x 8950        0.09%      247 new     753 zero         1.70 | 13.49        
  4    1000   31087    6374 x 10174       0.08%      216 new     784 zero         1.77 | 12.01        
  4    1000   34111    8757 x 14231       0.07%      200 new     800 zero         1.55 | 11.17        
  4     887   36796   12254 x 22432       0.05%      176 new     712 zero         1.57 | 9.78         
  4     436   37396    7887 x 15146       0.09%      130 new     306 zero         1.15 | 7.19         
  4      87   40340     913 x 1559        0.40%       13 new      74 zero         0.13 | 0.77         
  5    1000   40606    6267 x 9349        0.09%      168 new     832 zero         1.34 | 9.44         
  4      73   43303     330 x 533         0.83%       11 new      62 zero         0.11 | 0.71         
  5    1000   43522    8538 x 13663       0.07%      133 new     868 zero         1.21 | 7.71         
  4      26   45818      98 x 144         2.52%        1 new      25 zero         0.04 | 0.13         
  5    1000   45727   15916 x 29310       0.04%      177 new     823 zero         1.89 | 10.46        
  5    1000   49425   11083 x 15970       0.06%       70 new     935 zero         0.86 | 4.39         
  4      88   49770     565 x 854         0.63%       10 new      78 zero         0.14 | 0.69         
  4      69   49668     301 x 335         0.80%        5 new      64 zero         0.09 | 0.39         
  5    1000   49769   15281 x 22865       0.05%      107 new     899 zero         1.31 | 6.71         
  4      64   51141     828 x 1349        0.45%        6 new      58 zero         0.10 | 0.46         
  4      21   51216     232 x 399         1.71%        2 new      19 zero         0.06 | 0.22         
  5    1000   51219   19279 x 30786       0.04%       78 new     932 zero         1.19 | 4.96         
  4      40   51530    1407 x 2620        0.38%        7 new      33 zero         0.14 | 0.54         
  4      20   51579     126 x 155         2.38%        1 new      19 zero         0.04 | 0.13         
  5    1000   51582   26303 x 42947       0.03%      119 new     885 zero         1.81 | 7.87         
  4      29   53078     164 x 292         1.65%        4 new      25 zero         0.09 | 0.33         
  5    1000   52922   16508 x 28053       0.04%      122 new     878 zero         1.65 | 7.71         
  4      19   54771     110 x 159         2.40%        0 new      19 zero         0.04 | 0.04         
  5    1000   54752   22041 x 35186       0.03%       86 new     916 zero         1.45 | 5.63         
  5    1000   55968   25928 x 41641       0.03%      107 new     896 zero         1.82 | 6.93         
  5    1000   57853   33029 x 60094       0.02%      183 new     817 zero         3.07 | 11.93        
  5    1000   60780   34220 x 60055       0.02%      113 new     887 zero         2.43 | 8.05         
  4      17   62283     542 x 964         0.69%        2 new      15 zero         0.09 | 0.25         
  4      21   62282     192 x 359         1.71%        1 new      20 zero         0.06 | 0.16         
  5    1000   62266   25608 x 42831       0.03%      142 new     863 zero         2.86 | 10.00        
  4      53   64653     149 x 149         1.44%        3 new      50 zero         0.08 | 0.29         
  5    1000   64593   35293 x 61718       0.02%      131 new     875 zero         2.70 | 9.23         
  4      65   66468    1413 x 2809        0.33%       16 new      49 zero         0.30 | 1.24         
  4      39   66240    1661 x 2822        0.30%        7 new      32 zero         0.18 | 0.64         
  5    1000   66423   32235 x 56428       0.03%      131 new     870 zero         2.83 | 9.65         
  5    1000   68903   35217 x 59044       0.03%      104 new     899 zero         2.64 | 7.97         
  5    1000   70658   45169 x 81581       0.02%      127 new     876 zero         3.68 | 9.88         
  5    1000   73076   46362 x 88376       0.02%       81 new     922 zero         3.52 | 7.72         
  4      60   74022     672 x 1237        0.49%        4 new      56 zero         0.13 | 0.38         
  5    1000   74028   48924 x 85131       0.02%      112 new     892 zero         3.61 | 9.45         
  4      82   75293     989 x 1621        0.36%       15 new      67 zero         0.29 | 1.13         
  4      53   74590     281 x 318         0.98%        3 new      50 zero         0.11 | 0.34         
  5    1000   74350   42062 x 74005       0.02%      172 new     828 zero         3.96 | 12.42        
  4     102   77546    3042 x 6350        0.22%       11 new      91 zero         0.36 | 1.00         
  5    1000   77005   38312 x 66457       0.02%      117 new     883 zero         3.33 | 9.37         
  4     107   78410    1109 x 2390        0.37%       15 new      92 zero         0.31 | 1.19         
  5    1001   77861   42753 x 71993       0.02%      134 new     868 zero         3.67 | 10.52        
  4      77   80407     880 x 1412        0.52%        6 new      71 zero         0.19 | 0.61         
  5    1000   79721   43492 x 71616       0.02%       72 new     931 zero         2.82 | 6.48         
  4      34   80550     113 x 120         2.32%        3 new      31 zero         0.10 | 0.31         
  5    1000   80584   53664 x 87449       0.02%      107 new     893 zero         3.80 | 9.33         
  4      26   82455     640 x 1913        0.60%        8 new      18 zero         0.23 | 0.70         
  5    1001   81821   63182 x 107711      0.02%      139 new     872 zero         5.06 | 12.20        
  5    1000   84130   64978 x 116106      0.02%      158 new     847 zero         5.87 | 14.41        
  4      88   85953    5215 x 13050       0.18%       37 new      51 zero         1.06 | 3.11         
  4      91   84026    5126 x 12655       0.18%       24 new      67 zero         0.77 | 2.04         
  5    1000   83393   37185 x 69248       0.03%      179 new     821 zero         4.78 | 13.83        
  5    1000   87077   62979 x 114401      0.02%      226 new     774 zero         7.00 | 18.58        
  4      31   90544    4120 x 10910       0.24%        9 new      22 zero         0.58 | 1.12         
  5    1000   90289   67634 x 117167      0.02%      250 new     750 zero         7.68 | 20.90        
  4     383   91034    8141 x 15667       0.12%      161 new     222 zero         3.38 | 11.97        
  4     824   80939   10110 x 19151       0.10%      153 new     671 zero         3.10 | 11.22        
  4     171   78433    6643 x 15312       0.16%       37 new     134 zero         1.15 | 3.21         
  4      59   78450     459 x 972         0.90%        8 new      51 zero         0.23 | 0.75         
  5    1000   78387   10671 x 20155       0.09%      146 new     855 zero         3.04 | 10.55        
  4      17   80787      40 x 24          5.10%        0 new      17 zero         0.07 | 0.07         
  5    1000   80770   22815 x 39364       0.05%      204 new     796 zero         4.70 | 14.93        
  4      77   83967     821 x 1653        0.96%        8 new      69 zero         0.27 | 0.80         
  5    1000   84029   31507 x 58841       0.04%      174 new     827 zeroEnlarging exponent vector for hash table failed
for esz = 67108864, segmentation fault will follow.
Command terminated by signal 11
	Command being timed: "msolve -g 2 -t 12 -v 2 -l 44 -m 1000 -f /home/ubuntu/jc2/box/moh14-charts-20260905/hsupport-gate-20260905/source-complete/fleet/172.30.0.18/C_n18m12_M2_9_ell2_s3_V3_8_direct/C_n18m12_M2_9_ell2_s3_V3_8_full_p1073741827.ms -o /home/ubuntu/jc2/box/moh14-charts-20260905/hsupport-gate-20260905/source-complete/fleet/172.30.0.18/C_n18m12_M2_9_ell2_s3_V3_8_direct/C_n18m12_M2_9_ell2_s3_V3_8_full_p1073741827.g2.out"
	User time (seconds): 584.21
	System time (seconds): 4.11
	Percent of CPU this job got: 391%
	Elapsed (wall clock) time (h:mm:ss or m:ss): 2:30.42
	Average shared text size (kbytes): 0
	Average unshared data size (kbytes): 0
	Average stack size (kbytes): 0
	Average total size (kbytes): 0
	Maximum resident set size (kbytes): 9677164
	Average resident set size (kbytes): 0
	Major (requiring I/O) page faults: 0
	Minor (reclaiming a frame) page faults: 2484169
	Voluntary context switches: 84170
	Involuntary context switches: 867
	Swaps: 0
	File system inputs: 0
	File system outputs: 64
	Socket messages sent: 0
	Socket messages received: 0
	Signals delivered: 0
	Page size (bytes): 4096
	Exit status: 0
