archive.sha256: OK
boolector/OUTPUTS.sha256: OK
boolector/global.rc: OK
boolector/global.stderr: OK
boolector/global.stdout: OK
boolector/solver.package: OK
boolector/solver.version: OK
census_sourcecheck.stdout: OK
controls/generator.rc: OK
controls/generator.stderr: OK
controls/generator.stdout: OK
controls/model.rc: OK
controls/model.stderr: OK
controls/model.stdout: OK
controls/model_replay.json: OK
controls/preterminal.smt2: OK
controls/preterminal_generator.json: OK
controls/replay.rc: OK
controls/replay.stderr: OK
controls/replay.stdout: OK
controls_source.tar.gz: OK
full_custody_v2/tools/TOOLS.sha256: OK
full_custody_v2/tools/debian-solvers.tsv: OK
full_custody_v2/tools/drat-trim: OK
full_custody_v2/tools/drat-trim-source-2e3b2dc0.tar.gz: OK
full_custody_v2/tools/drat-trim.commit: OK
full_custody_v2/tools/z3-python-version.txt: OK
full_custody_v2/tools/z3_solver-4.16.0.0-py3-none-manylinux_2_27_x86_64.whl: OK
proof/bitblast.json: OK
proof/bitblast.pid: OK
proof/bitblast.stderr: OK
proof/bitblast.stdout: OK
proof/bitblast_dimacs.py: OK
proof/cadical.launcher.stderr: OK
proof/cadical.launcher.stdout: OK
proof/cadical.pid: OK
proof/cadical.stderr: OK
proof/cadical.stdout: OK
proof/drat_trim.pid: OK
proof/drat_trim.stderr: OK
proof/drat_trim.stdout: OK
proof/global_rawq7.cnf: OK
proof/global_rawq7.drat: OK
proof/run_cadical_drat.sh: OK
qfbv_sourcecheck.stdout: OK
smoke/global_rawq7.json: OK
smoke/global_rawq7.rc: OK
smoke/global_rawq7.smt2: OK
smoke/global_rawq7.stderr: OK
smoke/global_rawq7.stdout: OK
source.tar.gz: OK
sourcecheck.stdout: OK
v1_sourcecheck.stdout: OK
