=== rebuild t=2 fibre y=1/5 point {'b3': Fraction(1, 1), 'b4': Fraction(0, 1)} B0=0 AXIS b3=1,b4=0
normalizer: g1=7/5 g2=14/25 g=7/125 c=-y*g=-7/625
PIVOT band=8 var=c1 coef=-4 value=0
PIVOT band=7 var=u2 coef=42/25 value=0
PIVOT band=6 var=u3 coef=7/5 value=-1/2
PIVOT band=5 var=u4 coef=7/5 value=0
PIVOT band=4 var=b2 coef=-7/50 value=0
b1=0 b2=0
TERMINAL rows T_{t,k} (k=0..3): [Fraction(7, 625), Fraction(0, 1), Fraction(0, 1), Fraction(0, 1)]
T0 + c = tau_t(point) = 0   (tau=0 <=> T0 = -c)
JSON_CONTROL band=0 json=-7/625 mine=-T_k=-7/625 OK
JSON_CONTROL band=1 json=0 mine=-T_k=0 OK
JSON_CONTROL band=2 json=0 mine=-T_k=0 OK
JSON_CONTROL band=3 json=0 mine=-T_k=0 OK
JSON_ROWS_MATCH=True
LAURENT_IDENTITY D0 == -c - E(h) : OK
LAURENT_IDENTITY D1 == -c*b1 : OK
LAURENT_IDENTITY D2 == -c*b2 : OK
LAURENT_IDENTITY D3 == -c*b3 : OK
LAURENT_IDENTITY D4 == c*L : OK
D0 as poly in s (low->high): []
pair built: deg Q=20 (expect 20) terms=26 ; deg P=28 (expect 28) terms=47
J(Q,P) direct = (-7/625)*gamma^1*pi^0 + (7/625)*gamma^0*pi^1
J - (c*gamma + pi*E(h)) = 0  -> FORMULA_OK
J == c*(gamma - pi) = -c*z ? YES (z-type pair)
J == c*gamma ? NO
J == 0 ? NO
J term count = 2 ; J degree = 1
