	Command being timed: "python3 /home/ubuntu/jobs/as_b9_common_cubic_kuranishi_span_20260825T191720Z_box02/analyze_structural_span.py"
	User time (seconds): 12.44
	System time (seconds): 0.05
	Percent of CPU this job got: 100%
	Elapsed (wall clock) time (h:mm:ss or m:ss): 0:12.49
	Average shared text size (kbytes): 0
	Average unshared data size (kbytes): 0
	Average stack size (kbytes): 0
	Average total size (kbytes): 0
	Maximum resident set size (kbytes): 67048
	Average resident set size (kbytes): 0
	Major (requiring I/O) page faults: 0
	Minor (reclaiming a frame) page faults: 15985
	Voluntary context switches: 1
	Involuntary context switches: 23
	Swaps: 0
	File system inputs: 0
	File system outputs: 4200
	Socket messages sent: 0
	Socket messages received: 0
	Signals delivered: 0
	Page size (bytes): 4096
	Exit status: 0
