	Command being timed: "timeout 600 python3 cases/max12_812_order2_p0_total_rees_j2_rational_function_screen_v24_20260827/compile_j2_rf_screen_v24.py --chart a1_ordered --characteristic 0 --output /home/ubuntu/jobs/max12_812_order2_p0_total_rees_j2_rf_screen_v24_20260827T035836Z_q_a1/source/cases/max12_812_order2_p0_total_rees_j2_rational_function_screen_v24_20260827/aws_q_a1/compiled"
	User time (seconds): 0.08
	System time (seconds): 0.00
	Percent of CPU this job got: 97%
	Elapsed (wall clock) time (h:mm:ss or m:ss): 0:00.09
	Average shared text size (kbytes): 0
	Average unshared data size (kbytes): 0
	Average stack size (kbytes): 0
	Average total size (kbytes): 0
	Maximum resident set size (kbytes): 20468
	Average resident set size (kbytes): 0
	Major (requiring I/O) page faults: 0
	Minor (reclaiming a frame) page faults: 3152
	Voluntary context switches: 3
	Involuntary context switches: 0
	Swaps: 0
	File system inputs: 0
	File system outputs: 112
	Socket messages sent: 0
	Socket messages received: 0
	Signals delivered: 0
	Page size (bytes): 4096
	Exit status: 0
