{
  "corrected_correction_sha256": "ac7d43b5e71444f5cd487328f7aff6b2312d198649a2c0b001d4a13ef006956c",
  "corrected_correction_terms": 29,
  "corrected_q2_lift_sha256": "ddb451c4d591f312a27b34ba517235a684c53f2884040624abe704ac243ab33b",
  "corrected_terms": 37,
  "firewall": "first-order q2 correction only; iterate if minimum <= 80",
  "first_bad_sha256": "4493daefdd98d9158f556735b8adf50978ec5b8e61295c58fd79e65d1e907b28",
  "graded_monomials": [
    {
      "la": 0,
      "q0": 1,
      "q1": 0,
      "q2": 0,
      "r0": 1,
      "r1": 0,
      "r2": 0,
      "rho": 0,
      "tau": 0
    },
    {
      "la": 0,
      "q0": 1,
      "q1": 0,
      "q2": 0,
      "r0": 0,
      "r1": 1,
      "r2": 0,
      "rho": 0,
      "tau": 0
    },
    {
      "la": 0,
      "q0": 1,
      "q1": 0,
      "q2": 0,
      "r0": 0,
      "r1": 0,
      "r2": 1,
      "rho": 0,
      "tau": 0
    },
    {
      "la": 0,
      "q0": 0,
      "q1": 1,
      "q2": 0,
      "r0": 1,
      "r1": 0,
      "r2": 0,
      "rho": 0,
      "tau": 0
    },
    {
      "la": 0,
      "q0": 0,
      "q1": 1,
      "q2": 0,
      "r0": 0,
      "r1": 1,
      "r2": 0,
      "rho": 0,
      "tau": 0
    },
    {
      "la": 0,
      "q0": 0,
      "q1": 1,
      "q2": 0,
      "r0": 0,
      "r1": 0,
      "r2": 1,
      "rho": 0,
      "tau": 0
    }
  ],
  "graded_pivot_columns_zero_based": [
    0,
    1,
    2
  ],
  "graded_rank": 3,
  "independent_decomposition": "C52=(1/9)in52(E2)-(1/12)in52(E1)",
  "outputs": {
    "q2_syzygy_lift_v2_A_dp.sing": "b5349fea80859865bbd0e5cf7b8db76f0f5892cbe0fa4cf4faa0e0af7d4a6136",
    "q2_syzygy_lift_v2_B_lpdp.sing": "12bc04b6f876974a95d539fc75063800c2de13bd4cf99791f9f1d11455354c2a"
  },
  "sample_min_terms": [
    {
      "coefficient": "1",
      "exponents": {
        "la": 20,
        "q0": 0,
        "q1": 0,
        "q2": 0,
        "r0": 0,
        "r1": 0,
        "r2": 0,
        "rho": 0,
        "tau": 0
      },
      "sample_weight": 80,
      "weight_form": {
        "D_coefficient": 0,
        "H_coefficient": 0,
        "T_coefficient": 0,
        "betaL_coefficient": 0,
        "constant_L_twice": 40
      }
    }
  ],
  "sample_min_weight": 80,
  "solution": [
    "1/12",
    "-1/9",
    "0",
    "0",
    "0",
    "0",
    "0",
    "0"
  ],
  "tag": "max12_912_order3_d1_double_root_control2_q2_syzygy_lift_v2_20260826T032200Z_r6d_B",
  "v1_sha256": "0385b0b1e60b3bd37fa5fbee90dd6c17a454722bdbff424ea83c2ab0fa19df45"
}
PASS_Q2_SYZYGY_LIFT_V2_COMPILER
