Initial seed for pseudo-random number generator is 0

--------------- INPUT DATA ---------------
#variables                     449
#equations                     466
#invalid equations               0
field characteristic    1073741827
homogeneous input?               0
signature-based computation      0
monomial order                 DRL
basis hash table resetting     OFF
linear algebra option            2
initial hash table size     131072 (2^17)
max pair selection            5000
reduce gb                        1
#threads                        64
info level                       2
generate pbm files               0
------------------------------------------

Legend for f4 information
--------------------------------------------------------
deg       current degree of pairs selected in this round
sel       number of pairs selected in this round
pairs     total number of pairs in pair list
mat       matrix dimensions (# rows x # columns)
density   density of the matrix
new data  # new elements for basis in this round
          # zero reductions during linear algebra
time(rd)  time of the current f4 round in seconds given
          for real and cpu time
--------------------------------------------------------

deg     sel   pairs        mat          density            new data         time(rd) in sec (real|cpu)
------------------------------------------------------------------------------------------------------
  2       5    2522       6 x 8         100.00%        2 new       3 zero         0.03 | 2.10         
  3     208    2522    1602 x 6023        0.30%      167 new      41 zero         1.10 | 63.72        
  3     606    4702    5864 x 29723       0.12%      368 new     238 zero         2.91 | 139.46       
  3     275   13795    3458 x 19971       0.23%      248 new      27 zero         2.17 | 95.59        
  4    5000   22214  216034 x 913997      0.01%     2489 new    2511 zero        72.71 | 1323.44      
  3      79  102933    3012 x 35555       0.28%       53 new      26 zero         3.01 | 32.51        
  4    5000  108090  235430 x 1469877     0.01%     2943 new    2057 zero       260.26 | 1858.25      
  4    5000  323694  447570 x 2713749     0.01%     3065 new    1935 zero      1164.72 | 3003.71      
  4    5000  627563  495448 x 2776544     0.01%     3102 new    1899 zero      1708.61 | 3695.52      
  4    5000  912083  585873 x 3843843     0.01%     3128 new    1872 zero      3102.64 | 5328.22      
  4    5000 1184777