beta_parameter_name=beta
q_beta=t+beta*t^2+t^25
q_beta_prime=1+2*beta*t+25*t^24
source_center=V=C+U^2=0 over Q(U)
source_p_boundary=t^15_fixed
source_dead_stretch=0_fixed
source_F1_orbit=frozen
source_pole_scale_and_data=frozen
raw_center_stratum=v-cplus1-zero
scope_open=fraction_field_of_printed_raw_stratum
P12_compiler=genuine_2893_term_source_polynomial
later_echelon_X0_t12_used=false
N13_dependency=matching_V34_raw_staged_original_row_replay
certificate_serializer=canonical_E3_coordinate_v1
legacy_object_address_digest_used=false
rational_stratum_source_typing_exact=true
B3_at_V_zero_factorization=4*U^2*(C+U^2)*(C+5*U^2)
U_zero_component_dependency=separate_frozen_global_empty_theorem
trivariate_transport rows=0;pivots=1;events=0
trivariate_transport rows=250;pivots=251;events=0
trivariate_transport rows=1500;pivots=684;events=0
trivariate_transport rows=1750;pivots=934;events=0
trivariate_transport rows=2000;pivots=1184;events=0
trivariate_transport rows=2250;pivots=1434;events=0
trivariate_transport rows=4750;pivots=1716;events=0
trivariate_transport rows=5000;pivots=1966;events=1
trivariate_transport rows=5250;pivots=2215;events=1
trivariate_transport rows=5500;pivots=2465;events=2
trivariate_transport rows=5750;pivots=2715;events=2
trivariate_transport rows=6000;pivots=2965;events=2
trivariate_transport rows=6250;pivots=3215;events=2
trivariate_transport rows=6500;pivots=3465;events=2
transport_rank=3470/3602
transport_event_count=2
transport_matrix_beta_independent=true
transport_rhs_beta_affine_exact=true
transport_three_x_sections_exact=true
direct_qprime_omission_negative_control=true
first_full_beta_P12_rank=37/132
first_full_beta_P12_dependent_count=1
first_full_beta_P12_all_pivots_beta_independent=true
first_full_beta_P12_pivot_digest=4bb14a41eeaee074ba209217d51d8f4c858eb3ef0e6c42879bf0f0e514b7f2a3
first_full_beta_P12_original_row_replay=true
first_full_beta_P12_incompatibility[0]_row_index=12
first_full_beta_P12_incompatibility[0]_key=('X-2', 12)
first_full_beta_P12_incompatibility[0]_degree=0
first_full_beta_P12_incompatibility[0]_residual_sha256=7a8acc8477aa0f05304eef66a635b6fee023f8d60f9d4485c3e35e43777c1a1d
first_full_beta_P12_incompatibility[0]_source_row_count=13
first_full_beta_P12_incompatibility[0]_source_certificate_sha256=0c2aabcfc522752334f47b83660088dceeb8cb611f167e591ea0fc8409e020e2
first_full_beta_P12_incompatibility[0]_bezout_sha256=3f2dbe19007b19f4c012696bd8f4c22e4cd30f39edec8db83d449d5945e74c96
first_full_beta_P12_compatibility_gcd_degree=0
first_full_beta_P12_compatibility_gcd_sha256=b2efc65b862039590ceeda89224709fd517b0678a791396e31e693c3f937562c
first_full_beta_P12_compatibility_bezout_sha256=86290db4b3129e73595ba24ab9d1210e8fd9bfe8f4c84d0c2850137a11ec10cd
first_full_beta_P12_compatibility_certificate_denominator=(U^6)
first_full_beta_P12_compatibility_certificate_denominator_factor=(1, [(U, 6)])
first_full_beta_P12_compatibility_original_row_replay=true
first_full_beta_P12_generic_raw_stratum_empty=true
first_full_beta_P12_beta_root_stratum_required=false
first_full_beta_P12_unit_certificate_denominator=(U^6)
first_full_beta_P12_unit_certificate_denominator_factor=(1, [(U, 6)])
first_full_beta_P12_only_U_exception=true
rational_raw_stratum_first_band_empty=true
U_zero_dependency=separate_frozen_global_empty_theorem
full_A3_beta_family_killed=false
whole_TD6_killed=false
SP2_killed=false
JC2_resolved=false
TD6-A3-Q2-CPLUS1-FIRST-UNIT-INCOMPATIBILITY-CANONICAL PASS
