dual_transport rows=0;pivots=1
dual_transport rows=500;pivots=501
dual_transport rows=2000;pivots=1183
dual_transport rows=2500;pivots=1683
dual_transport rows=3000;pivots=2183
dual_transport rows=3500;pivots=2683
dual_transport rows=4000;pivots=3183
first-ideal dual transport PASS
first-ideal dual first echelon PASS
first-ideal dual reduction/source replay PASS
{
  "family_killed": false,
  "first_pivot_count": 38,
  "negative_control": {
    "first_pivot_dc3_nonzero_count": 11,
    "omitted_coefficient_variation_detected": true,
    "raw_t12_dc3": {
      "parameter_degree": 2,
      "preview": [
        {
          "coefficient": {
            "denominator": {
              "coefficients": [
                "(9/1)*S^0|0|0",
                "(-6/1)*S^0|0|0",
                "(1/1)*S^0|0|0"
              ],
              "degree": 2,
              "sha256": "d03031a7694c6610c4961229031e73b1ae26fad68b27cd9079082e643565e060"
            },
            "numerator": {
              "coefficients": [
                "(-8837132684485880120612163/80)*S^0+(70394144063015703254168709/200)*S^1+(-34509371443953621636076701/100)*S^2+(99844627533524302262929617/400)*S^3+(-1806408308520349884659481/25)*S^4+(1855600865847163944449487/100)*S^5|(15922668840594375/2)*S^0+(-22770104078416875/1)*S^1+(24628609110997500/1)*S^2+(-31597501184225625/2)*S^3+(5108309953233750/1)*S^4+(-1112411388836250/1)*S^5|0",
                "(394930795255289952273043/40)*S^0+(-106514063176282335923412463/600)*S^1+(4856568752262239472354597/50)*S^2+(-22199673706502390740346549/200)*S^3+(5987940344274178256422637/200)*S^4+(-1000107737492801969176663/100)*S^5|(31090117428544375/9)*S^0+(181762503781566250/9)*S^1+(-23243270233228750/3)*S^2+(20471685516258125/3)*S^3+(-6852450509052500/3)*S^4+(1201109629742500/3)*S^5|0",
                "(-87073025419460665504189399/240)*S^0+(568257571407265266144237763/600)*S^1+(-105161842566250294193621419/100)*S^2+(242171665616426218590603423/400)*S^3+(-20267150888609627810643281/100)*S^4+(3364215080298659072666643/100)*S^5|(40405665034019375/2)*S^0+(72702549409165625/3)*S^1+(5386166257375000/3)*S^2+(18159637909478125/6)*S^3+(-799306460350000/1)*S^4+(196107655771250/1)*S^5|0",
                "(9250904738635893055812377/80)*S^0+(-71041620468261515743090099/360)*S^1+(4407477185826075066937988/15)*S^2+(-29297020896357404082022429/240)*S^3+(242683188538841927808174/5)*S^4+(-72957609368767364130343/15)*S^5|(-141395852786270000/9)*S^0+(-24270035453640000/1)*S^1+(18927274746411250/9)*S^2+(-34829942521615000/9)*S^3+(4001553854315000/3)*S^4+(-741352841327500/3)*S^5|0",
                "(40459243796454569176336189/360)*S^0+(-63813524005418185779662167/180)*S^1+(1709531134433268973881316/5)*S^2+(-9301263399968450648467939/40)*S^3+(1036752936018649742220202/15)*S^4+(-207057017818125019843738/15)*S^5|(-1281364200227500/9)*S^0+(18391677102976250/9)*S^1+(3551178212192500/3)*S^2+(5515125768192500/9)*S^3+(-786552681271250/9)*S^4+(12722206125000/1)*S^5|0",
                "(-5037910025086427190428573/80)*S^0+(26871064675816734235972109/150)*S^1+(-9163640282039811393401979/50)*S^2+(46493334686995269561224751/400)*S^3+(-7047554222162815529479919/200)*S^4+(652793436284726621736281/100)*S^5|0|0",
                "(1239994729171631901984119/120)*S^0+(-2872295949635038674399949/100)*S^1+(2233814885297539429590949/75)*S^2+(-11104017753096160361186981/600)*S^3+(841142713436301131957057/150)*S^4+(-25719856736321183756346/25)*S^5|0|0",
                "(-99430740258442551161089/180)*S^0+(342452033093537960829614/225)*S^1+(-240134962390709284358693/150)*S^2+(880269490002420910051319/900)*S^3+(-134996663782842410941411/450)*S^4+(2762069832583496559207/50)*S^5|0|0"
              ],
              "degree": 7,
              "sha256": "04d03f348aa5979179d4208da7edb2df2a8bcaae7d7d61585bd575820378baf9"
            },
            "sha256": "4e757a16f9f531bde26fc30671327cee27121afc8580f1868dedd3ad82963579"
          },
          "monomial": []
        },
        {
          "coefficient": {
            "denominator": {
              "coefficients": [
                "(9/1)*S^0|0|0",
                "(-6/1)*S^0|0|0",
                "(1/1)*S^0|0|0"
              ],
              "degree": 2,
              "sha256": "d03031a7694c6610c4961229031e73b1ae26fad68b27cd9079082e643565e060"
            },
            "numerator": {
              "coefficients": [
                "(6763485354236/1)*S^0+(-12016553086408/1)*S^1+(15657339697584/1)*S^2+(-10700187943302/1)*S^3+(3081289710876/1)*S^4+(-897079020240/1)*S^5|0|0",
                "(143504531588002/15)*S^0+(1098692512110232/15)*S^1+(-218845802784752/5)*S^2+(163264054762536/5)*S^3+(-52175882479448/5)*S^4+(11503126920376/5)*S^5|0|0",
                "(9771426403791/2)*S^0+(-134118256371424/3)*S^1+(100318310329432/3)*S^2+(-139387402188827/6)*S^3+(7638779019781/1)*S^4+(-1545442099474/1)*S^5|0|0",
                "(-47497175445031/5)*S^0+(14038802187592/5)*S^1+(-32070912457896/5)*S^2+(25318913741693/5)*S^3+(-7552991607434/5)*S^4+(1458706842684/5)*S^5|0|0",
                "(4738926765989/6)*S^0+(1218462105172/15)*S^1+(4294921332988/5)*S^2+(-9596704329719/30)*S^3+(1825925364991/15)*S^4+(-110560485126/5)*S^5|0|0"
              ],
              "degree": 4,
              "sha256": "59d21390dfa8724399291df9be2649a0e578678a7b42020233d060e6f5ffcc07"
            },
            "sha256": "68de2f7c02aecd0880281996ac058a8bcfb86ac7208cf077c4f193641c52d2be"
          },
          "monomial": [
            0
          ]
        },
        {
          "coefficient": {
            "denominator": {
              "coefficients": [
                "(9/1)*S^0|0|0",
                "(-6/1)*S^0|0|0",
                "(1/1)*S^0|0|0"
              ],
              "degree": 2,
              "sha256": "d03031a7694c6610c4961229031e73b1ae26fad68b27cd9079082e643565e060"
            },
            "numerator": {
              "coefficients": [
                "(-102/1)*S^0|0|0"
              ],
              "degree": 0,
              "sha256": "ad4ac57a229c639c18be8419b803aa0e98533b7b7e7a1cbfda262c7ebf80be13"
            },
            "sha256": "57f4626bd9da92b7745d3e915a8994d93d0e4dd35ed535baecf22a70d6ff0dc1"
          },
          "monomial": [
            0,
            57
          ]
        },
        {
          "coefficient": {
            "denominator": {
              "coefficients": [
                "(9/1)*S^0|0|0",
                "(-6/1)*S^0|0|0",
                "(1/1)*S^0|0|0"
              ],
              "degree": 2,
              "sha256": "d03031a7694c6610c4961229031e73b1ae26fad68b27cd9079082e643565e060"
            },
            "numerator": {
              "coefficients": [
                "0|0|0",
                "(-1122/1)*S^0|0|0"
              ],
              "degree": 1,
              "sha256": "beefba778304b0093324709863e81c967db620fab2e42136de10d0c88b8e6335"
            },
            "sha256": "55242ca592d97bc42c67fd2f69aaaeaf48d60631975b8ef2d9af4e185672b553"
          },
          "monomial": [
            0,
            60
          ]
        },
        {
          "coefficient": {
            "denominator": {
              "coefficients": [
                "(9/1)*S^0|0|0",
                "(-6/1)*S^0|0|0",
                "(1/1)*S^0|0|0"
              ],
              "degree": 2,
              "sha256": "d03031a7694c6610c4961229031e73b1ae26fad68b27cd9079082e643565e060"
            },
            "numerator": {
              "coefficients": [
                "(-726/1)*S^0|0|0",
                "(-264/1)*S^0|0|0",
                "(44/1)*S^0|0|0"
              ],
              "degree": 2,
              "sha256": "933b6312df0f0de79481d399624a3949e2d37f6ec6fb33df4df1341a6cf0cb08"
            },
            "sha256": "402e3e120215c5197288d17d7a6fe58c600527adbbaf601e4189b5e408b750c7"
          },
          "monomial": [
            0,
            61
          ]
        },
        {
          "coefficient": {
            "denominator": {
              "coefficients": [
                "(9/1)*S^0|0|0",
                "(-6/1)*S^0|0|0",
                "(1/1)*S^0|0|0"
              ],
              "degree": 2,
              "sha256": "d03031a7694c6610c4961229031e73b1ae26fad68b27cd9079082e643565e060"
            },
            "numerator": {
              "coefficients": [
                "(-624/1)*S^0|0|0",
                "(-208/1)*S^0|0|0"
              ],
              "degree": 1,
              "sha256": "167e8c920a45b8339a6b101d05bfa5cda3c6b5c1c7668e5f31a4e444e1d909c2"
            },
            "sha256": "8a2ada3b742bc46f0290218a6797d6f488fb9bf69ed1e870fb5d4a0079804cf9"
          },
          "monomial": [
            0,
            62
          ]
        },
        {
          "coefficient": {
            "denominator": {
              "coefficients": [
                "(9/1)*S^0|0|0",
                "(-6/1)*S^0|0|0",
                "(1/1)*S^0|0|0"
              ],
              "degree": 2,
              "sha256": "d03031a7694c6610c4961229031e73b1ae26fad68b27cd9079082e643565e060"
            },
            "numerator": {
              "coefficients": [
                "0|0|0",
                "0|0|0",
                "(-6732/1)*S^0|0|0"
              ],
              "degree": 2,
              "sha256": "3b9fd9e8a8d0e02b824e72b8a192dc935c85dacb6db64dedfcfbac018b0985a0"
            },
            "sha256": "bae82604a10abd64441ebcaf5beb127357567d03605e2b92c773e20ef72e1598"
          },
          "monomial": [
            0,
            65
          ]
        },
        {
          "coefficient": {
            "denominator": {
              "coefficients": [
                "(9/1)*S^0|0|0",
                "(-6/1)*S^0|0|0",
                "(1/1)*S^0|0|0"
              ],
              "degree": 2,
              "sha256": "d03031a7694c6610c4961229031e73b1ae26fad68b27cd9079082e643565e060"
            },
            "numerator": {
              "coefficients": [
                "0|0|0",
                "(-8712/1)*S^0|0|0",
                "(-3168/1)*S^0|0|0",
                "(528/1)*S^0|0|0"
              ],
              "degree": 3,
              "sha256": "e3a57939fe9421dc2011b55c065f87ddf4f2f55d4587baedbe491ac95b844df4"
            },
            "sha256": "b9668a6fd2411bc3a573a9b150d43b3df9ee3ce7faa3828eb671ae060501f3c0"
          },
          "monomial": [
            0,
            66
          ]
        },
        {
          "coefficient": {
            "denominator": {
              "coefficients": [
                "(9/1)*S^0|0|0",
                "(-6/1)*S^0|0|0",
                "(1/1)*S^0|0|0"
              ],
              "degree": 2,
              "sha256": "d03031a7694c6610c4961229031e73b1ae26fad68b27cd9079082e643565e060"
            },
            "numerator": {
              "coefficients": [
                "(-1980/1)*S^0|0|0",
                "(-10656/1)*S^0|0|0",
                "(-1968/1)*S^0|0|0"
              ],
              "degree": 2,
              "sha256": "a6978297cfc4a546d6d2fcd1f1ad5e7702cdae5d1df44cc2fab5aa46c114ed0b"
            },
            "sha256": "bcf4d205544d9ca00cb37c8a4346f1f659f7c4779f497cbbe7456c0b67c8431d"
          },
          "monomial": [
            0,
            67
          ]
        },
        {
          "coefficient": {
            "denominator": {
              "coefficients": [
                "(9/1)*S^0|0|0",
                "(-6/1)*S^0|0|0",
                "(1/1)*S^0|0|0"
              ],
              "degree": 2,
              "sha256": "d03031a7694c6610c4961229031e73b1ae26fad68b27cd9079082e643565e060"
            },
            "numerator": {
              "coefficients": [
                "(-2736/1)*S^0|0|0",
                "(-5664/1)*S^0|0|0",
                "(528/1)*S^0|0|0"
              ],
              "degree": 2,
              "sha256": "469c687d3260cb478190aae87eb0c092c6c3268573caf89be902d4d3d80c6c7f"
            },
            "sha256": "2565a63daa647c049b2b85d8a5a366c9424290aad36a4a701069e9d56f8f25a4"
          },
          "monomial": [
            0,
            68
          ]
        },
        {
          "coefficient": {
            "denominator": {
              "coefficients": [
                "(9/1)*S^0|0|0",
                "(-6/1)*S^0|0|0",
                "(1/1)*S^0|0|0"
              ],
              "degree": 2,
              "sha256": "d03031a7694c6610c4961229031e73b1ae26fad68b27cd9079082e643565e060"
            },
            "numerator": {
              "coefficients": [
                "0|0|0",
                "(-2748/1)*S^0|0|0"
              ],
              "degree": 1,
              "sha256": "8305dc227407740dc61a2725e7b5fc5ca17fb8546943ce4a9f051d545d5d5a2e"
            },
            "sha256": "0572b795a8cf4148bb10709319bcf91326f6cee00400ec27d737d7624c3900f1"
          },
          "monomial": [
            0,
            69
          ]
        },
        {
          "coefficient": {
            "denominator": {
              "coefficients": [
                "(9/1)*S^0|0|0",
                "(-6/1)*S^0|0|0",
                "(1/1)*S^0|0|0"
              ],
              "degree": 2,
              "sha256": "d03031a7694c6610c4961229031e73b1ae26fad68b27cd9079082e643565e060"
            },
            "numerator": {
              "coefficients": [
                "(-4350/1)*S^0|0|0",
                "(2940/1)*S^0|0|0",
                "(-490/1)*S^0|0|0"
              ],
              "degree": 2,
              "sha256": "ea64a03d083ae25b358211ce2ffe81e67a98422c3d0f11516aa251ad96813697"
            },
            "sha256": "d15380987ab33f1ee42a7753fda38d08a5c6b8ca1f977719a6352b0a4a05e58a"
          },
          "monomial": [
            0,
            70
          ]
        }
      ],
      "sha256": "16825ddf8c8dd5189cdc46e241ac57bf8f38df673eda2ae21abab35ed321f558",
      "term_count": 2781
    }
  },
  "ranks": {
    "first": [
      38,
      132
    ],
    "transport": [
      3470,
      3602
    ]
  },
  "raw_t12": {
    "pair_sha256": "5c832bbf9303278febc583572150d7167dcd3df18d33a69081f38af5ccd648a9",
    "parameter_degree": 2,
    "term_count": 2893
  },
  "remainder": {
    "base": {
      "parameter_degree": 0,
      "preview": [
        {
          "coefficient": {
            "denominator": {
              "coefficients": [
                "(1/1)*S^0|0|0"
              ],
              "degree": 0,
              "sha256": "832a8a790c1b7572ef7f3796644b3a6cb4c68225283f6e671494e23692ba68ef"
            },
            "numerator": {
              "coefficients": [
                "(-126/25)*S^0+(171/25)*S^1+(-72/25)*S^2+(18/25)*S^3|0|0"
              ],
              "degree": 0,
              "sha256": "1b13798c883185983443ba47f1b01231ab6cce1aa6e3050f77d5f3d05c342433"
            },
            "sha256": "8631ba66e11f9c178d138c4fd6663b5a540b38d20a1a687635b559d396877738"
          },
          "monomial": []
        }
      ],
      "sha256": "dcf4ff7678ace1df921943187beb534375d43aa5981e1fedb346f2b032e214ca",
      "term_count": 1
    },
    "dc3": {
      "parameter_degree": -1,
      "preview": [],
      "sha256": "2e38e77b22c314a449e91fafed92a43826ac6aa403ae6a8acb6cf58239fbaf5d",
      "term_count": 0
    },
    "dc3_has_free_parameter_terms": false,
    "pair_sha256": "b7c7eda00c0cd52f0e7b05674b4fb0125d1eff9cdb97231bb70339882c72375b"
  },
  "scope": {
    "JC2_resolved": false,
    "SP2_killed": false,
    "direction": "dc3",
    "full_bivariate_coverage": false,
    "line": "(c1,c2,c3)=(C,1,1)",
    "projective_escape_theorem": false,
    "ring": "E(C)[eps]/eps^2"
  },
  "source_lift": {
    "multiplier_terms": 1489,
    "nonzero_original_first_rows": 28,
    "pair_sha256": "27b13dff3d6947cbfe39934a2594df2096fbdc0070a0ae664095d055a7233780"
  },
  "verdict": "TD6-C1-C3-FIRST-IDEAL-DUAL-DISCRIMINATOR"
}
