Running as unit: run-r49bb3ce3615a4e17947297190d4e097e.scope; invocation ID: 29f8c10d93f54113803fa5e311583c66
	Command being timed: "timeout 180 ./run_v69.sh"
	User time (seconds): 22.13
	System time (seconds): 0.11
	Percent of CPU this job got: 99%
	Elapsed (wall clock) time (h:mm:ss or m:ss): 0:22.24
	Average shared text size (kbytes): 0
	Average unshared data size (kbytes): 0
	Average stack size (kbytes): 0
	Average total size (kbytes): 0
	Maximum resident set size (kbytes): 202268
	Average resident set size (kbytes): 0
	Major (requiring I/O) page faults: 0
	Minor (reclaiming a frame) page faults: 46762
	Voluntary context switches: 7
	Involuntary context switches: 27
	Swaps: 0
	File system inputs: 0
	File system outputs: 8
	Socket messages sent: 0
	Socket messages received: 0
	Signals delivered: 0
	Page size (bytes): 4096
	Exit status: 0
