Initial seed for pseudo-random number generator is 0

--------------- INPUT DATA ---------------
#variables                       8
#equations                       8
#invalid equations               0
field characteristic            89
homogeneous input?               0
signature-based computation      0
monomial order                 DRL
basis hash table resetting     OFF
linear algebra option            2
initial hash table size     131072 (2^17)
max pair selection             ALL
reduce gb                        1
#threads                         1
info level                       2
generate pbm files               0
------------------------------------------

Legend for f4 information
--------------------------------------------------------
deg       current degree of pairs selected in this round
sel       number of pairs selected in this round
pairs     total number of pairs in pair list
mat       matrix dimensions (# rows x # columns)
density   density of the matrix
new data  # new elements for basis in this round
          # zero reductions during linear algebra
time(rd)  time of the current f4 round in seconds given
          for real and cpu time
--------------------------------------------------------

deg     sel   pairs        mat          density            new data         time(rd) in sec (real|cpu)
------------------------------------------------------------------------------------------------------
  3       1      10       3 x 5          60.00%        1 new       0 zero         0.00 | 0.00         
  3       1      10       3 x 4          75.00%        1 new       0 zero         0.00 | 0.00         
  2       1      10       3 x 4          66.67%        1 new       0 zero         0.00 | 0.00         
  2       1      10       3 x 3          66.67%        0 new       1 zero         0.00 | 0.00         
  4       1       9      12 x 29         20.98%        1 new       0 zero         0.00 | 0.00         
  5      11      11     138 x 204         2.58%        9 new       2 zero         0.00 | 0.00         
  4       4      24      26 x 64          8.95%        3 new       1 zero         0.00 | 0.00         
  5      20      24     145 x 245         3.66%       14 new       6 zero         0.00 | 0.00         
  5      16      46     137 x 247         5.04%       12 new       4 zero         0.00 | 0.00         
  5      17      76     159 x 284         6.11%       15 new       2 zero         0.00 | 0.00         
  5      14     124     223 x 362         6.02%       12 new       2 zero         0.00 | 0.00         
  5       4     165     198 x 343         7.40%        4 new       0 zero         0.00 | 0.00         
  6     177     179     763 x 794         4.56%       81 new      96 zero         0.00 | 0.00         
  5     249     280     597 x 458        13.17%       88 new     161 zero         0.01 | 0.01         
  3      48     286     115 x 87         20.80%       20 new      28 zero         0.00 | 0.00         
------------------------------------------------------------------------------------------------------
reduce final basis        1 x 1         100.00%        1 new       0 zero         0.00 | 0.00         
------------------------------------------------------------------------------------------------------

---------------- TIMINGS ----------------
overall(elapsed)        0.01 sec
overall(cpu)            0.01 sec
select                  0.00 sec  10.2%
symbolic prep.          0.00 sec   5.5%
update                  0.01 sec  52.5%
convert                 0.00 sec   3.8%
linear algebra          0.00 sec  25.6%
reduce gb               0.00 sec   0.0%
-----------------------------------------

---------- COMPUTATIONAL DATA -----------
size of basis                     1
#terms in basis                   1
#pairs reduced                  565
#GM criterion                 35524
#redundant elements             269
#rows reduced                  1131
#zero reductions                303
max. matrix data                763 x 794 (4.558%)
max. symbolic hash table size  2^11
max. basis hash table size     2^16
-----------------------------------------

Grobner basis has a single element
No solution


------------------------------------------------------------------------------------
msolve overall time           0.01 sec (elapsed) /  0.01 sec (cpu)
------------------------------------------------------------------------------------
	Command being timed: "msolve -v 2 -t 1 --random-seed 0 -g 2 -f /home/ubuntu/jc2q8-box02/out/broad-p89-drl-root/q8scanroot_p89_w27_drl_v1/input.ms -o /home/ubuntu/jc2q8-box02/out/broad-p89-drl-root/q8scanroot_p89_w27_drl_v1/result.out"
	User time (seconds): 0.01
	System time (seconds): 0.00
	Percent of CPU this job got: 100%
	Elapsed (wall clock) time (h:mm:ss or m:ss): 0:00.01
	Average shared text size (kbytes): 0
	Average unshared data size (kbytes): 0
	Average stack size (kbytes): 0
	Average total size (kbytes): 0
	Maximum resident set size (kbytes): 6220
	Average resident set size (kbytes): 0
	Major (requiring I/O) page faults: 0
	Minor (reclaiming a frame) page faults: 797
	Voluntary context switches: 1
	Involuntary context switches: 1
	Swaps: 0
	File system inputs: 0
	File system outputs: 24
	Socket messages sent: 0
	Socket messages received: 0
	Signals delivered: 0
	Page size (bytes): 4096
	Exit status: 0
