{
  "canonical_payload_sha256": "4ec692abf2ccc5e6c19d443b15054a1cae0c7a05de0faf741867846b8973ea73",
  "control_map": {
    "P": [
      [
        [
          1,
          0
        ],
        1
      ],
      [
        [
          3,
          0
        ],
        2
      ],
      [
        [
          5,
          0
        ],
        441
      ],
      [
        [
          7,
          0
        ],
        108
      ]
    ],
    "Q": [
      [
        [
          0,
          1
        ],
        1
      ],
      [
        [
          2,
          1
        ],
        -6
      ],
      [
        [
          4,
          1
        ],
        18
      ],
      [
        [
          6,
          1
        ],
        -27
      ]
    ],
    "integer_determinant": [
      [
        [
          0,
          0
        ],
        1
      ],
      [
        [
          4,
          0
        ],
        2187
      ],
      [
        [
          6,
          0
        ],
        -12393
      ],
      [
        [
          8,
          0
        ],
        34992
      ],
      [
        [
          10,
          0
        ],
        -45927
      ],
      [
        [
          12,
          0
        ],
        -20412
      ]
    ],
    "special_fibre": [
      "x-x^3",
      "y"
    ]
  },
  "finite_hensel_records": [
    {
      "common_target": [
        0,
        0
      ],
      "depth": 2,
      "first_hensel_trace": [
        {
          "digit": [
            0,
            0
          ],
          "divided_error": [
            0,
            0
          ],
          "from_level": 1,
          "lifted_point": [
            0,
            0
          ],
          "reduced_jacobian": [
            [
              1,
              0
            ],
            [
              0,
              1
            ]
          ],
          "unique_digit_count": 1
        }
      ],
      "first_source_point": [
        0,
        0
      ],
      "full_determinant_modulus": [
        [
          [
            0,
            0
          ],
          1
        ]
      ],
      "modulus": 9,
      "second_hensel_trace": [
        {
          "digit": [
            2,
            0
          ],
          "divided_error": [
            2,
            0
          ],
          "from_level": 1,
          "lifted_point": [
            7,
            0
          ],
          "reduced_jacobian": [
            [
              1,
              0
            ],
            [
              0,
              1
            ]
          ],
          "unique_digit_count": 1
        }
      ],
      "second_source_point": [
        7,
        0
      ],
      "unit_equation": 1,
      "x_difference_unit_inverse": 5
    },
    {
      "common_target": [
        0,
        0
      ],
      "depth": 3,
      "first_hensel_trace": [
        {
          "digit": [
            0,
            0
          ],
          "divided_error": [
            0,
            0
          ],
          "from_level": 1,
          "lifted_point": [
            0,
            0
          ],
          "reduced_jacobian": [
            [
              1,
              0
            ],
            [
              0,
              1
            ]
          ],
          "unique_digit_count": 1
        },
        {
          "digit": [
            0,
            0
          ],
          "divided_error": [
            0,
            0
          ],
          "from_level": 2,
          "lifted_point": [
            0,
            0
          ],
          "reduced_jacobian": [
            [
              1,
              0
            ],
            [
              0,
              1
            ]
          ],
          "unique_digit_count": 1
        }
      ],
      "first_source_point": [
        0,
        0
      ],
      "full_determinant_modulus": [
        [
          [
            0,
            0
          ],
          1
        ]
      ],
      "modulus": 27,
      "second_hensel_trace": [
        {
          "digit": [
            2,
            0
          ],
          "divided_error": [
            2,
            0
          ],
          "from_level": 1,
          "lifted_point": [
            7,
            0
          ],
          "reduced_jacobian": [
            [
              1,
              0
            ],
            [
              0,
              1
            ]
          ],
          "unique_digit_count": 1
        },
        {
          "digit": [
            0,
            0
          ],
          "divided_error": [
            0,
            0
          ],
          "from_level": 2,
          "lifted_point": [
            7,
            0
          ],
          "reduced_jacobian": [
            [
              1,
              0
            ],
            [
              0,
              1
            ]
          ],
          "unique_digit_count": 1
        }
      ],
      "second_source_point": [
        7,
        0
      ],
      "unit_equation": 1,
      "x_difference_unit_inverse": 23
    }
  ],
  "negative_control": {
    "hit_count": 0,
    "map": [
      "x-x^3",
      "3y"
    ],
    "missing_target": [
      0,
      3
    ],
    "modulus": 9,
    "reason": "Jacobian is not a unit modulo 3",
    "source_ball": "(0,0)+3R_2^2"
  },
  "scope": "finite-ring positive controls only; no all-depth existence, fixed-support lift, Qbar point, or JC2 inference",
  "status": "PASS-AS-RESIDUE-BALL-COLLISION-CONTROLS"
}
PASS-AS-RESIDUE-BALL-COLLISION-CONTROLS
