Initial seed for pseudo-random number generator is 1788635275

--------------- INPUT DATA ---------------
#variables                       6
#equations                      28
#invalid equations               0
field characteristic         32027
homogeneous input?               0
signature-based computation      0
monomial order                 DRL
basis hash table resetting     OFF
linear algebra option            2
initial hash table size     131072 (2^17)
max pair selection             ALL
reduce gb                        1
#threads                        32
info level                       2
generate pbm files               0
------------------------------------------

Legend for f4 information
--------------------------------------------------------
deg       current degree of pairs selected in this round
sel       number of pairs selected in this round
pairs     total number of pairs in pair list
mat       matrix dimensions (# rows x # columns)
density   density of the matrix
new data  # new elements for basis in this round
          # zero reductions during linear algebra
time(rd)  time of the current f4 round in seconds given
          for real and cpu time
--------------------------------------------------------

deg     sel   pairs        mat          density            new data         time(rd) in sec (real|cpu)
------------------------------------------------------------------------------------------------------
 15       1      27       2 x 2093       93.38%        1 new       0 zero         0.00 | 0.00         
 16       5      27      10 x 3007       75.82%        5 new       0 zero         0.00 | 0.07         
 16       9      31      24 x 4424       54.93%        9 new       0 zero         0.00 | 0.09         
 16      15      37      73 x 6778       46.51%       10 new       5 zero         0.01 | 0.19         
 16      16      41      97 x 9080       40.61%       13 new       3 zero         0.01 | 0.20         
 16      13      58     126 x 9545       44.91%       12 new       1 zero         0.01 | 0.20         
 16       1      87     120 x 9539       47.02%        1 new       0 zero         0.01 | 0.19         
 17      74      90     437 x 16801      29.75%       56 new      18 zero         0.05 | 0.46         
 16      33     186     133 x 9216       46.24%       33 new       0 zero         0.02 | 0.30         
 16     139     180     424 x 13343      44.78%       64 new      76 zero         0.05 | 0.51         
 16     165     194     573 x 13605      45.99%       90 new      75 zero         0.08 | 0.68         
 16     206     296     789 x 15372      48.55%      124 new      84 zero         0.13 | 1.09         
 16     228     499    1058 x 18132      48.58%      144 new      86 zero         0.22 | 1.68         
 16     183     784    1271 x 21166      48.08%      129 new      58 zero         0.28 | 2.00         
 16      68    1125    1305 x 22748      48.03%       57 new      11 zero         0.27 | 1.36         
 16      29    1276    1305 x 22729      49.27%       28 new       1 zero         0.25 | 0.96         
 16       8    1352    1358 x 24423      46.77%        8 new       0 zero         0.27 | 0.74         
 17    1358    1374    4512 x 35996      35.85%      634 new     726 zero         2.51 | 21.88        
 17    2542    2558    8073 x 43185      40.76%      793 new    1749 zero         7.78 | 101.08       
 17    2466    3287    9369 x 50159      44.42%      860 new    1606 zero        12.75 | 188.67       
 17    1340    4651    8541 x 56163      46.57%      711 new     629 zero        12.32 | 172.02       
 17     466    6569    8357 x 60640      45.02%      355 new     111 zero         8.27 | 82.59        
 17      69    7736    8177 x 60500      45.44%       62 new       7 zero         5.65 | 18.58        
 18    7936    7947   22714 x 80698      41.52%     2643 new    5293 zero       110.40 | 1848.29      
 16      30   12231     667 x 16407      55.57%       30 new       0 zero         0.23 | 2.25         
 16     180   12381    1083 x 19270      50.72%      105 new      79 zero         0.46 | 6.89         
 16     630   12831    2710 x 31278      44.11%      280 new     359 zero         1.53 | 21.02        
 16    1191   13837    3742 x 31462      46.50%      527 new     671 zero         3.10 | 46.85        
 16    1595   15206    5069 x 35293      46.16%      685 new     911 zero         4.98 | 77.28        
 16    1908   16944    6272 x 38934      49.09%      819 new    1089 zero         7.73 | 125.83       
 16    1825   18175    7072 x 44303      48.77%      867 new     958 zero        10.79 | 176.57       
 16     997   16578    6967 x 45800      50.26%      627 new     370 zero         9.38 | 142.79       
 16     284   16124    6689 x 47327      50.08%      251 new      38 zero         5.43 | 56.83        
 16      39   16105    6608 x 47245      50.62%       39 new       0 zero         3.84 | 13.18        
 17   14654   16065   31357 x 69481      42.99%     4227 new   10558 zero       181.20 | 3166.26      
 16      30   18322    9818 x 53981      55.58%        0 new      30 zero         6.43 | 11.77        
 17   17941   18292   41848 x 78612      45.58%     3559 new   14382 zero       341.99 | 7064.89      
 17   16038   16749   43498 x 83545      48.85%     3765 new   12401 zero       480.81 | 9469.40      
 16    5406   18725   20997 x 66425      57.83%     1996 new    3504 zero       139.04 | 2694.05      
 16   11976   25265   28403 x 65142      50.75%        0 new   12193 zero       165.97 | 4640.26      
 17   12023   13289   36561 x 77128      55.37%     1617 new   10608 zero       306.89 | 7875.13      
 17    5117    9148   27851 x 75778      54.61%     1132 new    3985 zero       173.26 | 4021.81      
 17    1566    9477   23979 x 75161      53.17%      590 new     976 zero        71.01 | 1379.62      
 17     288   10804   22702 x 74911      52.53%      199 new      89 zero        29.89 | 283.72       
 18   11500   11511   63303 x 104538     38.04%      350 new   11150 zero       415.57 | 11363.20     
 18    1522    1533   33457 x 84188      50.21%      116 new    1406 zero        74.82 | 1365.73      
 18     413     479   23643 x 75411      52.86%       53 new     372 zero        33.56 | 389.32       
 18      36     307   23028 x 75139      52.62%        9 new      27 zero        22.13 | 52.07        
 19     309     316   34391 x 86220      46.71%        1 new     308 zero        41.28 | 333.41       
 15       6      13     387 x 12353      67.86%        6 new       0 zero         0.26 | 1.29         
 15      12      43     651 x 14665      66.69%       11 new       1 zero         0.36 | 2.11         
 15      12      97     943 x 29518      40.34%       11 new       1 zero         0.61 | 2.46         
 15       6     151    1048 x 29618      41.48%        6 new       0 zero         0.63 | 1.81         
 16     174     181   13051 x 64703      54.07%       86 new      88 zero        11.85 | 35.03        
 16     516     523   13457 x 64674      53.37%      201 new     322 zero        14.44 | 91.24        
 16    1206    1213   14509 x 64838      52.81%      406 new     804 zero        21.47 | 252.71       
 16    2436    2443   16802 x 65499      52.78%      742 new    1694 zero        40.14 | 680.32       
 16    4254    4459   22226 x 68363      50.22%     1227 new    3027 zero        80.57 | 1580.76      
 16    5964    7567   26122 x 69310      51.64%     1768 new    4208 zero       145.08 | 2924.84      
 16    8136   12211   29895 x 69155      54.30%     2629 new    5507 zero       279.25 | 5221.03      
 16   12342   19849   31114 x 63539      62.49%     4125 new    8217 zero       592.97 | 10050.78     
 16   20499   26010   40889 x 60951      63.84%     6146 new   14353 zero      1087.70 | 17502.55     
 15   26454   36988   46329 x 54257      63.77%     8750 new   17704 zero      1425.15 | 20752.84     
 14    9000   57240   22128 x 38760      70.60%     9000 new       0 zero       719.43 | 5130.20      
 13   11592   53929   22092 x 27132      63.55%    10408 new    1184 zero       510.94 | 4432.65      
 11   10704   58708   16856 x 12376      50.30%     3923 new    6781 zero        87.30 | 890.08       
  9    4212   60915    6916 x 5005       45.99%     1583 new    2629 zero        28.64 | 249.75       
  7    1236   61899    2234 x 1716       41.90%      539 new     697 zero         9.15 | 81.30        
  5     186   62569     469 x 462        38.96%      150 new      36 zero         2.41 | 22.46        
  4     330   62759     511 x 210        18.62%       27 new     303 zero         0.40 | 4.13         
  2      20   62511      46 x 28         10.71%        2 new      18 zero         0.03 | 0.43         
------------------------------------------------------------------------------------------------------
reduce final basis        1 x 1         100.00%        1 new       0 zero         0.02 | 0.15         
------------------------------------------------------------------------------------------------------

---------------- TIMINGS ----------------
overall(elapsed)     7751.47 sec
overall(cpu)       127134.89 sec
select                277.43 sec   3.6%
symbolic prep.        435.46 sec   5.6%
update                783.65 sec  10.1%
convert                 2.21 sec   0.0%
linear algebra       6252.55 sec  80.7%
reduce gb               0.00 sec   0.0%
-----------------------------------------

---------- COMPUTATIONAL DATA -----------
size of basis                     1
#terms in basis                   1
#pairs reduced               244165
#GM criterion            3236558918
#redundant elements           80459
#rows reduced                490019
#zero reductions             164577
max. matrix data              63303 x 104538 (38.036%)
max. symbolic hash table size  2^18
max. basis hash table size     2^22
-----------------------------------------

Grobner basis has a single element
No solution


------------------------------------------------------------------------------------
msolve overall time        7751.99 sec (elapsed) / 127135.55 sec (cpu)
------------------------------------------------------------------------------------
