CONTROL_ARBITRARY_SUBSTITUTION=PASS
CONTROL_NONLINEAR_MIXED_AND_C_PIVOTS_REJECTED=PASS
CONTROL_REGENERATION_EQUALS_ROW_MAP=PASS
MODP_STREAM_SHA256=316e5b6200ff5b27f1cb2fe90c4c30ca62e9987f1562f11a3f7fd9e9326abaa0
CONTROL_EXACT_Q_REDUCTION_EQUALS_MODP_REGENERATION=PASS ref_sha=316e5b6200ff5b27f1cb2fe90c4c30ca62e9987f1562f11a3f7fd9e9326abaa0 seconds=22.4
DIRECT_ORIENTATION=PASS
DIRECT_J_TERMS=2902778
ORDINARY_GENERATORS=484
ORDINARY_TERMS=2902778
PIVOT=1 var=A1_1_7 generators=483 terms=2830514 wall_seconds=51.538 peak_rss_kib=1082528 t_blocks=0.0 t_images=0.0 t_regen=11.2
PIVOT=2 var=A1_2_5 generators=482 terms=2758728 wall_seconds=62.580 peak_rss_kib=1082528 t_blocks=0.0 t_images=0.0 t_regen=22.2
PIVOT=3 var=A1_3_3 generators=481 terms=2687738 wall_seconds=73.239 peak_rss_kib=1082528 t_blocks=0.0 t_images=0.0 t_regen=32.9
PIVOT=4 var=A1_4_1 generators=480 terms=2615393 wall_seconds=83.429 peak_rss_kib=1082528 t_blocks=0.0 t_images=0.0 t_regen=43.1
PIVOT=5 var=A1_1_6 generators=479 terms=2608466 wall_seconds=93.800 peak_rss_kib=1082528 t_blocks=0.0 t_images=0.0 t_regen=53.4
PIVOT=6 var=A2_5_8 generators=478 terms=2598694 wall_seconds=104.203 peak_rss_kib=1082528 t_blocks=0.0 t_images=0.0 t_regen=63.8
PIVOT=7 var=A2_6_6 generators=477 terms=2589221 wall_seconds=114.444 peak_rss_kib=1082528 t_blocks=0.0 t_images=0.0 t_regen=74.1
PIVOT=8 var=A2_7_4 generators=476 terms=2579307 wall_seconds=124.774 peak_rss_kib=1082528 t_blocks=0.0 t_images=0.0 t_regen=84.4
PIVOT=9 var=A2_8_2 generators=475 terms=2569348 wall_seconds=135.024 peak_rss_kib=1082528 t_blocks=0.0 t_images=0.0 t_regen=94.6
PIVOT=10 var=A2_9_0 generators=474 terms=2559375 wall_seconds=145.426 peak_rss_kib=1082528 t_blocks=0.0 t_images=0.0 t_regen=105.0
PIVOT=11 var=A3_10_7 generators=473 terms=2559345 wall_seconds=155.771 peak_rss_kib=1082528 t_blocks=0.0 t_images=0.0 t_regen=115.4
PIVOT=12 var=A1_2_4 generators=472 terms=2609957 wall_seconds=166.308 peak_rss_kib=1082528 t_blocks=0.0 t_images=0.0 t_regen=125.9
PIVOT=13 var=A3_11_5 generators=471 terms=2610428 wall_seconds=176.713 peak_rss_kib=1082528 t_blocks=0.0 t_images=0.0 t_regen=136.3
PIVOT=14 var=A1_1_5 generators=470 terms=2715047 wall_seconds=187.959 peak_rss_kib=1082528 t_blocks=0.0 t_images=0.0 t_regen=147.6
PIVOT=15 var=A1_3_2 generators=469 terms=2808021 wall_seconds=199.736 peak_rss_kib=1082528 t_blocks=0.0 t_images=0.0 t_regen=159.3
PIVOT=16 var=A1_4_0 generators=468 terms=3008257 wall_seconds=213.007 peak_rss_kib=1133000 t_blocks=0.0 t_images=0.0 t_regen=172.6
PIVOT=17 var=A3_12_3 generators=467 terms=3010177 wall_seconds=227.075 peak_rss_kib=1172084 t_blocks=0.0 t_images=0.0 t_regen=186.7
PIVOT=18 var=A1_2_3 generators=466 terms=3245263 wall_seconds=241.979 peak_rss_kib=1232368 t_blocks=0.0 t_images=0.0 t_regen=201.6
PIVOT=19 var=A1_1_4 generators=465 terms=3531154 wall_seconds=258.792 peak_rss_kib=1344584 t_blocks=0.0 t_images=0.0 t_regen=218.4
PIVOT=20 var=A2_5_7 generators=464 terms=3525463 wall_seconds=276.028 peak_rss_kib=1399788 t_blocks=0.0 t_images=0.0 t_regen=235.6
PIVOT=21 var=A3_13_1 generators=463 terms=3529326 wall_seconds=293.195 peak_rss_kib=1400700 t_blocks=0.0 t_images=0.0 t_regen=252.8
PIVOT=22 var=A1_3_1 generators=462 terms=3939225 wall_seconds=312.877 peak_rss_kib=1496264 t_blocks=0.0 t_images=0.0 t_regen=272.5
PIVOT=23 var=A2_6_5 generators=461 terms=3943725 wall_seconds=333.084 peak_rss_kib=1574180 t_blocks=0.0 t_images=0.0 t_regen=292.7
PIVOT=24 var=A1_1_3 generators=460 terms=4581832 wall_seconds=357.300 peak_rss_kib=1737296 t_blocks=0.0 t_images=0.0 t_regen=316.9
PIVOT=25 var=A1_2_2 generators=459 terms=5154657 wall_seconds=385.703 peak_rss_kib=2012772 t_blocks=0.0 t_images=0.0 t_regen=345.3
PIVOT=26 var=A2_7_3 generators=458 terms=5184141 wall_seconds=414.679 peak_rss_kib=2142196 t_blocks=0.0 t_images=0.0 t_regen=374.3
PIVOT=27 var=A2_4_8 generators=457 terms=5174857 wall_seconds=444.580 peak_rss_kib=2156640 t_blocks=0.0 t_images=0.0 t_regen=404.2
PIVOT=28 var=A2_8_1 generators=456 terms=5251124 wall_seconds=474.730 peak_rss_kib=2175180 t_blocks=0.0 t_images=0.0 t_regen=434.3
PIVOT=29 var=A1_1_2 generators=455 terms=6440491 wall_seconds=513.412 peak_rss_kib=2484508 t_blocks=0.0 t_images=0.0 t_regen=473.0
PIVOT=30 var=A1_3_0 generators=454 terms=7490481 wall_seconds=559.463 peak_rss_kib=2943768 t_blocks=0.0 t_images=0.0 t_regen=519.1
PIVOT=31 var=A2_5_6 generators=453 terms=7501637 wall_seconds=606.915 peak_rss_kib=3147992 t_blocks=0.0 t_images=0.0 t_regen=566.5
PIVOT=32 var=A3_9_8 generators=452 terms=7501141 wall_seconds=654.318 peak_rss_kib=3153672 t_blocks=0.0 t_images=0.0 t_regen=613.9
PIVOT=33 var=A1_2_1 generators=451 terms=8675792 wall_seconds=711.237 peak_rss_kib=3451288 t_blocks=0.0 t_images=0.0 t_regen=670.8
PIVOT=34 var=A2_6_4 generators=450 terms=8741567 wall_seconds=769.172 peak_rss_kib=3712728 t_blocks=0.0 t_images=0.0 t_regen=728.8
PIVOT=35 var=A3_10_6 generators=449 terms=8743441 wall_seconds=827.568 peak_rss_kib=3730808 t_blocks=0.0 t_images=0.0 t_regen=787.1
PIVOT=36 var=A1_1_1 generators=448 terms=10659629 wall_seconds=900.848 peak_rss_kib=4211084 t_blocks=0.0 t_images=0.0 t_regen=860.4
PIVOT=37 var=A2_4_7 generators=447 terms=10659993 wall_seconds=975.076 peak_rss_kib=4603872 t_blocks=0.0 t_images=0.0 t_regen=934.7
PIVOT=38 var=A2_3_8 generators=446 terms=10650827 wall_seconds=1051.622 peak_rss_kib=4646652 t_blocks=0.0 t_images=0.0 t_regen=1011.2
PIVOT=39 var=A1_2_0 generators=445 terms=13036757 wall_seconds=1145.649 peak_rss_kib=5197360 t_blocks=0.0 t_images=0.0 t_regen=1105.2
PIVOT=40 var=A3_11_4 generators=444 terms=13045907 wall_seconds=1239.183 peak_rss_kib=5652924 t_blocks=0.0 t_images=0.0 t_regen=1198.8
PIVOT=41 var=A2_7_2 generators=443 terms=13215334 wall_seconds=1335.047 peak_rss_kib=5742956 t_blocks=0.0 t_images=0.0 t_regen=1294.6
PIVOT=42 var=A2_5_5 generators=442 terms=13263538 wall_seconds=1450.770 peak_rss_kib=5803356 t_blocks=0.0 t_images=0.0 t_regen=1410.3
PIVOT=43 var=A1_1_0 generators=441 terms=16401734 wall_seconds=1578.251 peak_rss_kib=6569628 t_blocks=0.0 t_images=0.0 t_regen=1537.8
PIVOT=44 var=A3_12_2 generators=440 terms=16426189 wall_seconds=1713.543 peak_rss_kib=7188148 t_blocks=0.0 t_images=0.0 t_regen=1673.1
PIVOT=45 var=A2_8_0 generators=439 terms=16767695 wall_seconds=1843.291 peak_rss_kib=7328412 t_blocks=0.0 t_images=0.0 t_regen=1802.8
PIVOT=46 var=A2_4_6 generators=438 terms=16812798 wall_seconds=1971.089 peak_rss_kib=7435796 t_blocks=0.0 t_images=0.0 t_regen=1930.6
