Initial seed for pseudo-random number generator is 843

--------------- INPUT DATA ---------------
#variables                      89
#equations                      89
#invalid equations               0
field characteristic        105337
homogeneous input?               0
signature-based computation      0
monomial order                 DRL
basis hash table resetting     OFF
linear algebra option            2
initial hash table size     131072 (2^17)
max pair selection             ALL
reduce gb                        1
#threads                         4
info level                       1
generate pbm files               0
------------------------------------------

---------------- TIMINGS ----------------
overall(elapsed)        0.01 sec
overall(cpu)            0.05 sec
select                  0.00 sec  12.2%
symbolic prep.          0.00 sec  18.7%
update                  0.01 sec  59.0%
convert                 0.00 sec   2.8%
linear algebra          0.00 sec   4.6%
reduce gb               0.00 sec   0.0%
-----------------------------------------

---------- COMPUTATIONAL DATA -----------
size of basis                    89
#terms in basis                 177
#pairs reduced                  146
#GM criterion                 24164
#redundant elements             132
#rows reduced                   381
#zero reductions                 14
max. matrix data                721 x 936 (2.413%)
max. symbolic hash table size  2^11
max. basis hash table size     2^16
-----------------------------------------



------------------------------------------------------------------------------------
msolve overall time           0.03 sec (elapsed) /  0.07 sec (cpu)
------------------------------------------------------------------------------------
	Command being timed: "timeout 1800 msolve -v 1 -g 2 -t 4 --random-seed 843 -f d43_raw_slice_p105337.ms -o d43_raw_slice_p105337.out"
	User time (seconds): 0.06
	System time (seconds): 0.00
	Percent of CPU this job got: 236%
	Elapsed (wall clock) time (h:mm:ss or m:ss): 0:00.03
	Average shared text size (kbytes): 0
	Average unshared data size (kbytes): 0
	Average stack size (kbytes): 0
	Average total size (kbytes): 0
	Maximum resident set size (kbytes): 12448
	Average resident set size (kbytes): 0
	Major (requiring I/O) page faults: 0
	Minor (reclaiming a frame) page faults: 2525
	Voluntary context switches: 4
	Involuntary context switches: 0
	Swaps: 0
	File system inputs: 0
	File system outputs: 16
	Socket messages sent: 0
	Socket messages received: 0
	Signals delivered: 0
	Page size (bytes): 4096
	Exit status: 0
