Initial seed for pseudo-random number generator is 843

--------------- INPUT DATA ---------------
#variables                     101
#equations                     165
#invalid equations               0
field characteristic        105337
homogeneous input?               0
signature-based computation      0
monomial order                 DRL
basis hash table resetting     OFF
linear algebra option            2
initial hash table size     131072 (2^17)
max pair selection             ALL
reduce gb                        1
#threads                        16
info level                       1
generate pbm files               0
------------------------------------------

---------------- TIMINGS ----------------
overall(elapsed)      281.43 sec
overall(cpu)          973.69 sec
select                 49.86 sec  17.7%
symbolic prep.        172.28 sec  61.2%
update                  7.05 sec   2.5%
convert                 4.84 sec   1.7%
linear algebra         46.97 sec  16.7%
reduce gb               0.00 sec   0.0%
-----------------------------------------

---------- COMPUTATIONAL DATA -----------
size of basis                   101
#terms in basis                 123
#pairs reduced                30554
#GM criterion               5998574
#redundant elements            3426
#rows reduced                 61213
#zero reductions              27248
max. matrix data            2083341 x 3809971 (0.006%)
max. symbolic hash table size  2^22
max. basis hash table size     2^23
-----------------------------------------



------------------------------------------------------------------------------------
msolve overall time         281.56 sec (elapsed) / 973.87 sec (cpu)
------------------------------------------------------------------------------------
