== LEGACY_BAND40_REGRESSION (mandatory gate; spec sect 8) ==
   D43 extended-window certifier (band <= 42, x-side sidecar, 184x182 fail-closed under independent alpha/beta).  Window numbers are certified LOWER bounds at the named completion (E_PLUS_CANDIDATE tier); e_plus_certified is always None; no section, no germ, no all-depth claim.  Mode-2 (D25_COMPLETION_BAND42) results are an operator smoke test, NEVER a depth measurement.
   points: 72 witnesses + 288 interior (of 360 banked)
p105337 a00mm c00 s0 [witness]: bank=True bytes=True hash=True gates=True heavy=True -> PASS
p105337 a00mp c00 s0 [witness]: bank=True bytes=True hash=True gates=True heavy=True -> PASS
p105337 a00pm c00 s0 [witness]: bank=True bytes=True hash=True gates=True heavy=True -> PASS
p105337 a00pp c00 s0 [witness]: bank=True bytes=True hash=True gates=True heavy=True -> PASS
p105337 a01mm c00 s0 [witness]: bank=True bytes=True hash=True gates=True heavy=True -> PASS
p105337 a01mp c00 s0 [witness]: bank=True bytes=True hash=True gates=True heavy=True -> PASS
p105337 a01pm c00 s0 [witness]: bank=True bytes=True hash=True gates=True heavy=True -> PASS
p105337 a01pp c00 s0 [witness]: bank=True bytes=True hash=True gates=True heavy=True -> PASS
p105337 a02mm c00 s0 [witness]: bank=True bytes=True hash=True gates=True heavy=True -> PASS
p105337 a02mp c00 s0 [witness]: bank=True bytes=True hash=True gates=True heavy=True -> PASS
p105337 a02pm c00 s0 [witness]: bank=True bytes=True hash=True gates=True heavy=True -> PASS
p105337 a02pp c00 s0 [witness]: bank=True bytes=True hash=True gates=True heavy=True -> PASS
p105337 a10mm c00 s0 [witness]: bank=True bytes=True hash=True gates=True heavy=True -> PASS
p105337 a10mp c00 s0 [witness]: bank=True bytes=True hash=True gates=True heavy=True -> PASS
p105337 a10pm c00 s0 [witness]: bank=True bytes=True hash=True gates=True heavy=True -> PASS
p105337 a10pp c00 s0 [witness]: bank=True bytes=True hash=True gates=True heavy=True -> PASS
p105337 a11mm c00 s0 [witness]: bank=True bytes=True hash=True gates=True heavy=True -> PASS
p105337 a11mp c00 s0 [witness]: bank=True bytes=True hash=True gates=True heavy=True -> PASS
p105337 a11pm c00 s0 [witness]: bank=True bytes=True hash=True gates=True heavy=True -> PASS
p105337 a11pp c00 s0 [witness]: bank=True bytes=True hash=True gates=True heavy=True -> PASS
p105337 a12mm c00 s0 [witness]: bank=True bytes=True hash=True gates=True heavy=True -> PASS
p105337 a12mp c00 s0 [witness]: bank=True bytes=True hash=True gates=True heavy=True -> PASS
p105337 a12pm c00 s0 [witness]: bank=True bytes=True hash=True gates=True heavy=True -> PASS
p105337 a12pp c00 s0 [witness]: bank=True bytes=True hash=True gates=True heavy=True -> PASS
p105337 a20mm c00 s0 [witness]: bank=True bytes=True hash=True gates=True heavy=True -> PASS
p105337 a20mp c00 s0 [witness]: bank=True bytes=True hash=True gates=True heavy=True -> PASS
p105337 a20pm c00 s0 [witness]: bank=True bytes=True hash=True gates=True heavy=True -> PASS
p105337 a20pp c00 s0 [witness]: bank=True bytes=True hash=True gates=True heavy=True -> PASS
p105337 a21mm c00 s0 [witness]: bank=True bytes=True hash=True gates=True heavy=True -> PASS
p105337 a21mp c00 s0 [witness]: bank=True bytes=True hash=True gates=True heavy=True -> PASS
p105337 a21pm c00 s0 [witness]: bank=True bytes=True hash=True gates=True heavy=True -> PASS
p105337 a21pp c00 s0 [witness]: bank=True bytes=True hash=True gates=True heavy=True -> PASS
p105337 a22mm c00 s0 [witness]: bank=True bytes=True hash=True gates=True heavy=True -> PASS
p105337 a22mp c00 s0 [witness]: bank=True bytes=True hash=True gates=True heavy=True -> PASS
p105337 a22pm c00 s0 [witness]: bank=True bytes=True hash=True gates=True heavy=True -> PASS
p105337 a22pp c00 s0 [witness]: bank=True bytes=True hash=True gates=True heavy=True -> PASS
p105673 a00mm c00 s0 [witness]: bank=True bytes=True hash=True gates=True heavy=True -> PASS
p105673 a00mp c00 s0 [witness]: bank=True bytes=True hash=True gates=True heavy=True -> PASS
p105673 a00pm c00 s0 [witness]: bank=True bytes=True hash=True gates=True heavy=True -> PASS
p105673 a00pp c00 s0 [witness]: bank=True bytes=True hash=True gates=True heavy=True -> PASS
p105673 a01mm c00 s0 [witness]: bank=True bytes=True hash=True gates=True heavy=True -> PASS
p105673 a01mp c00 s0 [witness]: bank=True bytes=True hash=True gates=True heavy=True -> PASS
p105673 a01pm c00 s0 [witness]: bank=True bytes=True hash=True gates=True heavy=True -> PASS
p105673 a01pp c00 s0 [witness]: bank=True bytes=True hash=True gates=True heavy=True -> PASS
p105673 a02mm c00 s0 [witness]: bank=True bytes=True hash=True gates=True heavy=True -> PASS
p105673 a02mp c00 s0 [witness]: bank=True bytes=True hash=True gates=True heavy=True -> PASS
p105673 a02pm c00 s0 [witness]: bank=True bytes=True hash=True gates=True heavy=True -> PASS
p105673 a02pp c00 s0 [witness]: bank=True bytes=True hash=True gates=True heavy=True -> PASS
p105673 a10mm c00 s0 [witness]: bank=True bytes=True hash=True gates=True heavy=True -> PASS
p105673 a10mp c00 s0 [witness]: bank=True bytes=True hash=True gates=True heavy=True -> PASS
p105673 a10pm c00 s0 [witness]: bank=True bytes=True hash=True gates=True heavy=True -> PASS
p105673 a10pp c00 s0 [witness]: bank=True bytes=True hash=True gates=True heavy=True -> PASS
p105673 a11mm c00 s0 [witness]: bank=True bytes=True hash=True gates=True heavy=True -> PASS
p105673 a11mp c00 s0 [witness]: bank=True bytes=True hash=True gates=True heavy=True -> PASS
p105673 a11pm c00 s0 [witness]: bank=True bytes=True hash=True gates=True heavy=True -> PASS
p105673 a11pp c00 s0 [witness]: bank=True bytes=True hash=True gates=True heavy=True -> PASS
p105673 a12mm c00 s0 [witness]: bank=True bytes=True hash=True gates=True heavy=True -> PASS
p105673 a12mp c00 s0 [witness]: bank=True bytes=True hash=True gates=True heavy=True -> PASS
p105673 a12pm c00 s0 [witness]: bank=True bytes=True hash=True gates=True heavy=True -> PASS
p105673 a12pp c00 s0 [witness]: bank=True bytes=True hash=True gates=True heavy=True -> PASS
p105673 a20mm c00 s0 [witness]: bank=True bytes=True hash=True gates=True heavy=True -> PASS
p105673 a20mp c00 s0 [witness]: bank=True bytes=True hash=True gates=True heavy=True -> PASS
p105673 a20pm c00 s0 [witness]: bank=True bytes=True hash=True gates=True heavy=True -> PASS
p105673 a20pp c00 s0 [witness]: bank=True bytes=True hash=True gates=True heavy=True -> PASS
p105673 a21mm c00 s0 [witness]: bank=True bytes=True hash=True gates=True heavy=True -> PASS
p105673 a21mp c00 s0 [witness]: bank=True bytes=True hash=True gates=True heavy=True -> PASS
p105673 a21pm c00 s0 [witness]: bank=True bytes=True hash=True gates=True heavy=True -> PASS
p105673 a21pp c00 s0 [witness]: bank=True bytes=True hash=True gates=True heavy=True -> PASS
p105673 a22mm c00 s0 [witness]: bank=True bytes=True hash=True gates=True heavy=True -> PASS
p105673 a22mp c00 s0 [witness]: bank=True bytes=True hash=True gates=True heavy=True -> PASS
p105673 a22pm c00 s0 [witness]: bank=True bytes=True hash=True gates=True heavy=True -> PASS
p105673 a22pp c00 s0 [witness]: bank=True bytes=True hash=True gates=True heavy=True -> PASS
p105337 a00pp c00 s1 [interior]: bank=True bytes=True hash=True gates=True -> PASS
p105337 a00pp c00 s2 [interior]: bank=True bytes=True hash=True gates=True -> PASS
p105337 a00pp c00 s3 [interior]: bank=True bytes=True hash=True gates=True -> PASS
p105337 a00pp c01 s1 [interior]: bank=True bytes=True hash=True gates=True -> PASS
p105337 a00pp c01 s2 [interior]: bank=True bytes=True hash=True gates=True -> PASS
p105337 a00pp c01 s3 [interior]: bank=True bytes=True hash=True gates=True -> PASS
p105337 a00pp c02 s1 [interior]: bank=True bytes=True hash=True gates=True -> PASS
p105337 a00pp c02 s2 [interior]: bank=True bytes=True hash=True gates=True -> PASS
p105337 a00pp c02 s3 [interior]: bank=True bytes=True hash=True gates=True -> PASS
p105337 a00pp c03 s1 [interior]: bank=True bytes=True hash=True gates=True -> PASS
p105337 a00pp c03 s2 [interior]: bank=True bytes=True hash=True gates=True -> PASS
p105337 a00pp c03 s3 [interior]: bank=True bytes=True hash=True gates=True -> PASS
p105337 a00pp c04 s1 [interior]: bank=True bytes=True hash=True gates=True -> PASS
p105337 a00pp c04 s2 [interior]: bank=True bytes=True hash=True gates=True -> PASS
p105337 a00pp c04 s3 [interior]: bank=True bytes=True hash=True gates=True -> PASS
p105337 a00pp c05 s1 [interior]: bank=True bytes=True hash=True gates=True -> PASS
p105337 a00pp c05 s2 [interior]: bank=True bytes=True hash=True gates=True -> PASS
p105337 a00pp c05 s3 [interior]: bank=True bytes=True hash=True gates=True -> PASS
p105337 a00pp c06 s1 [interior]: bank=True bytes=True hash=True gates=True -> PASS
p105337 a00pp c06 s2 [interior]: bank=True bytes=True hash=True gates=True -> PASS
p105337 a00pp c06 s3 [interior]: bank=True bytes=True hash=True gates=True -> PASS
p105337 a00pp c07 s1 [interior]: bank=True bytes=True hash=True gates=True -> PASS
p105337 a00pp c07 s2 [interior]: bank=True bytes=True hash=True gates=True -> PASS
p105337 a00pp c07 s3 [interior]: bank=True bytes=True hash=True gates=True -> PASS
p105337 a00pp c08 s1 [interior]: bank=True bytes=True hash=True gates=True -> PASS
p105337 a00pp c08 s2 [interior]: bank=True bytes=True hash=True gates=True -> PASS
p105337 a00pp c08 s3 [interior]: bank=True bytes=True hash=True gates=True -> PASS
p105337 a00pp c09 s1 [interior]: bank=True bytes=True hash=True gates=True -> PASS
p105337 a00pp c09 s2 [interior]: bank=True bytes=True hash=True gates=True -> PASS
p105337 a00pp c09 s3 [interior]: bank=True bytes=True hash=True gates=True -> PASS
p105337 a00pp c10 s1 [interior]: bank=True bytes=True hash=True gates=True -> PASS
p105337 a00pp c10 s2 [interior]: bank=True bytes=True hash=True gates=True -> PASS
p105337 a00pp c10 s3 [interior]: bank=True bytes=True hash=True gates=True -> PASS
p105337 a00pp c11 s1 [interior]: bank=True bytes=True hash=True gates=True -> PASS
p105337 a00pp c11 s2 [interior]: bank=True bytes=True hash=True gates=True -> PASS
p105337 a00pp c11 s3 [interior]: bank=True bytes=True hash=True gates=True -> PASS
p105337 a00pp c12 s1 [interior]: bank=True bytes=True hash=True gates=True -> PASS
p105337 a00pp c12 s2 [interior]: bank=True bytes=True hash=True gates=True -> PASS
p105337 a00pp c12 s3 [interior]: bank=True bytes=True hash=True gates=True -> PASS
p105337 a00pp c13 s1 [interior]: bank=True bytes=True hash=True gates=True -> PASS
p105337 a00pp c13 s2 [interior]: bank=True bytes=True hash=True gates=True -> PASS
p105337 a00pp c13 s3 [interior]: bank=True bytes=True hash=True gates=True -> PASS
p105337 a00pp c14 s1 [interior]: bank=True bytes=True hash=True gates=True -> PASS
p105337 a00pp c14 s2 [interior]: bank=True bytes=True hash=True gates=True -> PASS
p105337 a00pp c14 s3 [interior]: bank=True bytes=True hash=True gates=True -> PASS
p105337 a00pp c15 s1 [interior]: bank=True bytes=True hash=True gates=True -> PASS
p105337 a00pp c15 s2 [interior]: bank=True bytes=True hash=True gates=True -> PASS
p105337 a00pp c15 s3 [interior]: bank=True bytes=True hash=True gates=True -> PASS
p105673 a00pp c00 s1 [interior]: bank=True bytes=True hash=True gates=True -> PASS
p105673 a00pp c00 s2 [interior]: bank=True bytes=True hash=True gates=True -> PASS
p105673 a00pp c00 s3 [interior]: bank=True bytes=True hash=True gates=True -> PASS
p105673 a00pp c01 s1 [interior]: bank=True bytes=True hash=True gates=True -> PASS
p105673 a00pp c01 s2 [interior]: bank=True bytes=True hash=True gates=True -> PASS
p105673 a00pp c01 s3 [interior]: bank=True bytes=True hash=True gates=True -> PASS
p105673 a00pp c02 s1 [interior]: bank=True bytes=True hash=True gates=True -> PASS
p105673 a00pp c02 s2 [interior]: bank=True bytes=True hash=True gates=True -> PASS
p105673 a00pp c02 s3 [interior]: bank=True bytes=True hash=True gates=True -> PASS
p105673 a00pp c03 s1 [interior]: bank=True bytes=True hash=True gates=True -> PASS
p105673 a00pp c03 s2 [interior]: bank=True bytes=True hash=True gates=True -> PASS
p105673 a00pp c03 s3 [interior]: bank=True bytes=True hash=True gates=True -> PASS
p105673 a00pp c04 s1 [interior]: bank=True bytes=True hash=True gates=True -> PASS
p105673 a00pp c04 s2 [interior]: bank=True bytes=True hash=True gates=True -> PASS
p105673 a00pp c04 s3 [interior]: bank=True bytes=True hash=True gates=True -> PASS
p105673 a00pp c05 s1 [interior]: bank=True bytes=True hash=True gates=True -> PASS
p105673 a00pp c05 s2 [interior]: bank=True bytes=True hash=True gates=True -> PASS
p105673 a00pp c05 s3 [interior]: bank=True bytes=True hash=True gates=True -> PASS
p105673 a00pp c06 s1 [interior]: bank=True bytes=True hash=True gates=True -> PASS
p105673 a00pp c06 s2 [interior]: bank=True bytes=True hash=True gates=True -> PASS
p105673 a00pp c06 s3 [interior]: bank=True bytes=True hash=True gates=True -> PASS
p105673 a00pp c07 s1 [interior]: bank=True bytes=True hash=True gates=True -> PASS
p105673 a00pp c07 s2 [interior]: bank=True bytes=True hash=True gates=True -> PASS
p105673 a00pp c07 s3 [interior]: bank=True bytes=True hash=True gates=True -> PASS
p105673 a00pp c08 s1 [interior]: bank=True bytes=True hash=True gates=True -> PASS
p105673 a00pp c08 s2 [interior]: bank=True bytes=True hash=True gates=True -> PASS
p105673 a00pp c08 s3 [interior]: bank=True bytes=True hash=True gates=True -> PASS
p105673 a00pp c09 s1 [interior]: bank=True bytes=True hash=True gates=True -> PASS
p105673 a00pp c09 s2 [interior]: bank=True bytes=True hash=True gates=True -> PASS
p105673 a00pp c09 s3 [interior]: bank=True bytes=True hash=True gates=True -> PASS
p105673 a00pp c10 s1 [interior]: bank=True bytes=True hash=True gates=True -> PASS
p105673 a00pp c10 s2 [interior]: bank=True bytes=True hash=True gates=True -> PASS
p105673 a00pp c10 s3 [interior]: bank=True bytes=True hash=True gates=True -> PASS
p105673 a00pp c11 s1 [interior]: bank=True bytes=True hash=True gates=True -> PASS
p105673 a00pp c11 s2 [interior]: bank=True bytes=True hash=True gates=True -> PASS
p105673 a00pp c11 s3 [interior]: bank=True bytes=True hash=True gates=True -> PASS
p105673 a00pp c12 s1 [interior]: bank=True bytes=True hash=True gates=True -> PASS
p105673 a00pp c12 s2 [interior]: bank=True bytes=True hash=True gates=True -> PASS
p105673 a00pp c12 s3 [interior]: bank=True bytes=True hash=True gates=True -> PASS
p105673 a00pp c13 s1 [interior]: bank=True bytes=True hash=True gates=True -> PASS
p105673 a00pp c13 s2 [interior]: bank=True bytes=True hash=True gates=True -> PASS
p105673 a00pp c13 s3 [interior]: bank=True bytes=True hash=True gates=True -> PASS
p105673 a00pp c14 s1 [interior]: bank=True bytes=True hash=True gates=True -> PASS
p105673 a00pp c14 s2 [interior]: bank=True bytes=True hash=True gates=True -> PASS
p105673 a00pp c14 s3 [interior]: bank=True bytes=True hash=True gates=True -> PASS
p105673 a00pp c15 s1 [interior]: bank=True bytes=True hash=True gates=True -> PASS
p105673 a00pp c15 s2 [interior]: bank=True bytes=True hash=True gates=True -> PASS
p105673 a00pp c15 s3 [interior]: bank=True bytes=True hash=True gates=True -> PASS
p105337 a00mm c00 s1 [interior]: bank=True bytes=True hash=True gates=True -> PASS
p105337 a00mm c00 s2 [interior]: bank=True bytes=True hash=True gates=True -> PASS
p105337 a00mm c00 s3 [interior]: bank=True bytes=True hash=True gates=True -> PASS
p105337 a00mm c01 s1 [interior]: bank=True bytes=True hash=True gates=True -> PASS
p105337 a00mm c01 s2 [interior]: bank=True bytes=True hash=True gates=True -> PASS
p105337 a00mm c01 s3 [interior]: bank=True bytes=True hash=True gates=True -> PASS
p105337 a00mm c02 s1 [interior]: bank=True bytes=True hash=True gates=True -> PASS
p105337 a00mm c02 s2 [interior]: bank=True bytes=True hash=True gates=True -> PASS
p105337 a00mm c02 s3 [interior]: bank=True bytes=True hash=True gates=True -> PASS
p105337 a00mm c03 s1 [interior]: bank=True bytes=True hash=True gates=True -> PASS
p105337 a00mm c03 s2 [interior]: bank=True bytes=True hash=True gates=True -> PASS
p105337 a00mm c03 s3 [interior]: bank=True bytes=True hash=True gates=True -> PASS
p105337 a00mm c04 s1 [interior]: bank=True bytes=True hash=True gates=True -> PASS
p105337 a00mm c04 s2 [interior]: bank=True bytes=True hash=True gates=True -> PASS
p105337 a00mm c04 s3 [interior]: bank=True bytes=True hash=True gates=True -> PASS
p105337 a00mm c05 s1 [interior]: bank=True bytes=True hash=True gates=True -> PASS
p105337 a00mm c05 s2 [interior]: bank=True bytes=True hash=True gates=True -> PASS
p105337 a00mm c05 s3 [interior]: bank=True bytes=True hash=True gates=True -> PASS
p105337 a00mm c06 s1 [interior]: bank=True bytes=True hash=True gates=True -> PASS
p105337 a00mm c06 s2 [interior]: bank=True bytes=True hash=True gates=True -> PASS
p105337 a00mm c06 s3 [interior]: bank=True bytes=True hash=True gates=True -> PASS
p105337 a00mm c07 s1 [interior]: bank=True bytes=True hash=True gates=True -> PASS
p105337 a00mm c07 s2 [interior]: bank=True bytes=True hash=True gates=True -> PASS
p105337 a00mm c07 s3 [interior]: bank=True bytes=True hash=True gates=True -> PASS
p105337 a00mm c08 s1 [interior]: bank=True bytes=True hash=True gates=True -> PASS
p105337 a00mm c08 s2 [interior]: bank=True bytes=True hash=True gates=True -> PASS
p105337 a00mm c08 s3 [interior]: bank=True bytes=True hash=True gates=True -> PASS
p105337 a00mm c09 s1 [interior]: bank=True bytes=True hash=True gates=True -> PASS
p105337 a00mm c09 s2 [interior]: bank=True bytes=True hash=True gates=True -> PASS
p105337 a00mm c09 s3 [interior]: bank=True bytes=True hash=True gates=True -> PASS
p105337 a00mm c10 s1 [interior]: bank=True bytes=True hash=True gates=True -> PASS
p105337 a00mm c10 s2 [interior]: bank=True bytes=True hash=True gates=True -> PASS
p105337 a00mm c10 s3 [interior]: bank=True bytes=True hash=True gates=True -> PASS
p105337 a00mm c11 s1 [interior]: bank=True bytes=True hash=True gates=True -> PASS
p105337 a00mm c11 s2 [interior]: bank=True bytes=True hash=True gates=True -> PASS
p105337 a00mm c11 s3 [interior]: bank=True bytes=True hash=True gates=True -> PASS
p105337 a00mm c12 s1 [interior]: bank=True bytes=True hash=True gates=True -> PASS
p105337 a00mm c12 s2 [interior]: bank=True bytes=True hash=True gates=True -> PASS
p105337 a00mm c12 s3 [interior]: bank=True bytes=True hash=True gates=True -> PASS
p105337 a00mm c13 s1 [interior]: bank=True bytes=True hash=True gates=True -> PASS
p105337 a00mm c13 s2 [interior]: bank=True bytes=True hash=True gates=True -> PASS
p105337 a00mm c13 s3 [interior]: bank=True bytes=True hash=True gates=True -> PASS
p105337 a00mm c14 s1 [interior]: bank=True bytes=True hash=True gates=True -> PASS
p105337 a00mm c14 s2 [interior]: bank=True bytes=True hash=True gates=True -> PASS
p105337 a00mm c14 s3 [interior]: bank=True bytes=True hash=True gates=True -> PASS
p105337 a00mm c15 s1 [interior]: bank=True bytes=True hash=True gates=True -> PASS
p105337 a00mm c15 s2 [interior]: bank=True bytes=True hash=True gates=True -> PASS
p105337 a00mm c15 s3 [interior]: bank=True bytes=True hash=True gates=True -> PASS
p105337 a01pp c00 s1 [interior]: bank=True bytes=True hash=True gates=True -> PASS
p105337 a01pp c00 s2 [interior]: bank=True bytes=True hash=True gates=True -> PASS
p105337 a01pp c00 s3 [interior]: bank=True bytes=True hash=True gates=True -> PASS
p105337 a01pp c01 s1 [interior]: bank=True bytes=True hash=True gates=True -> PASS
p105337 a01pp c01 s2 [interior]: bank=True bytes=True hash=True gates=True -> PASS
p105337 a01pp c01 s3 [interior]: bank=True bytes=True hash=True gates=True -> PASS
p105337 a01pp c02 s1 [interior]: bank=True bytes=True hash=True gates=True -> PASS
p105337 a01pp c02 s2 [interior]: bank=True bytes=True hash=True gates=True -> PASS
p105337 a01pp c02 s3 [interior]: bank=True bytes=True hash=True gates=True -> PASS
p105337 a01pp c03 s1 [interior]: bank=True bytes=True hash=True gates=True -> PASS
p105337 a01pp c03 s2 [interior]: bank=True bytes=True hash=True gates=True -> PASS
p105337 a01pp c03 s3 [interior]: bank=True bytes=True hash=True gates=True -> PASS
p105337 a01pp c04 s1 [interior]: bank=True bytes=True hash=True gates=True -> PASS
p105337 a01pp c04 s2 [interior]: bank=True bytes=True hash=True gates=True -> PASS
p105337 a01pp c04 s3 [interior]: bank=True bytes=True hash=True gates=True -> PASS
p105337 a01pp c05 s1 [interior]: bank=True bytes=True hash=True gates=True -> PASS
p105337 a01pp c05 s2 [interior]: bank=True bytes=True hash=True gates=True -> PASS
p105337 a01pp c05 s3 [interior]: bank=True bytes=True hash=True gates=True -> PASS
p105337 a01pp c06 s1 [interior]: bank=True bytes=True hash=True gates=True -> PASS
p105337 a01pp c06 s2 [interior]: bank=True bytes=True hash=True gates=True -> PASS
p105337 a01pp c06 s3 [interior]: bank=True bytes=True hash=True gates=True -> PASS
p105337 a01pp c07 s1 [interior]: bank=True bytes=True hash=True gates=True -> PASS
p105337 a01pp c07 s2 [interior]: bank=True bytes=True hash=True gates=True -> PASS
p105337 a01pp c07 s3 [interior]: bank=True bytes=True hash=True gates=True -> PASS
p105337 a01pp c08 s1 [interior]: bank=True bytes=True hash=True gates=True -> PASS
p105337 a01pp c08 s2 [interior]: bank=True bytes=True hash=True gates=True -> PASS
p105337 a01pp c08 s3 [interior]: bank=True bytes=True hash=True gates=True -> PASS
p105337 a01pp c09 s1 [interior]: bank=True bytes=True hash=True gates=True -> PASS
p105337 a01pp c09 s2 [interior]: bank=True bytes=True hash=True gates=True -> PASS
p105337 a01pp c09 s3 [interior]: bank=True bytes=True hash=True gates=True -> PASS
p105337 a01pp c10 s1 [interior]: bank=True bytes=True hash=True gates=True -> PASS
p105337 a01pp c10 s2 [interior]: bank=True bytes=True hash=True gates=True -> PASS
p105337 a01pp c10 s3 [interior]: bank=True bytes=True hash=True gates=True -> PASS
p105337 a01pp c11 s1 [interior]: bank=True bytes=True hash=True gates=True -> PASS
p105337 a01pp c11 s2 [interior]: bank=True bytes=True hash=True gates=True -> PASS
p105337 a01pp c11 s3 [interior]: bank=True bytes=True hash=True gates=True -> PASS
p105337 a01pp c12 s1 [interior]: bank=True bytes=True hash=True gates=True -> PASS
p105337 a01pp c12 s2 [interior]: bank=True bytes=True hash=True gates=True -> PASS
p105337 a01pp c12 s3 [interior]: bank=True bytes=True hash=True gates=True -> PASS
p105337 a01pp c13 s1 [interior]: bank=True bytes=True hash=True gates=True -> PASS
p105337 a01pp c13 s2 [interior]: bank=True bytes=True hash=True gates=True -> PASS
p105337 a01pp c13 s3 [interior]: bank=True bytes=True hash=True gates=True -> PASS
p105337 a01pp c14 s1 [interior]: bank=True bytes=True hash=True gates=True -> PASS
p105337 a01pp c14 s2 [interior]: bank=True bytes=True hash=True gates=True -> PASS
p105337 a01pp c14 s3 [interior]: bank=True bytes=True hash=True gates=True -> PASS
p105337 a01pp c15 s1 [interior]: bank=True bytes=True hash=True gates=True -> PASS
p105337 a01pp c15 s2 [interior]: bank=True bytes=True hash=True gates=True -> PASS
p105337 a01pp c15 s3 [interior]: bank=True bytes=True hash=True gates=True -> PASS
p105337 a10pm c00 s1 [interior]: bank=True bytes=True hash=True gates=True -> PASS
p105337 a10pm c00 s2 [interior]: bank=True bytes=True hash=True gates=True -> PASS
p105337 a10pm c00 s3 [interior]: bank=True bytes=True hash=True gates=True -> PASS
p105337 a10pm c01 s1 [interior]: bank=True bytes=True hash=True gates=True -> PASS
p105337 a10pm c01 s2 [interior]: bank=True bytes=True hash=True gates=True -> PASS
p105337 a10pm c01 s3 [interior]: bank=True bytes=True hash=True gates=True -> PASS
p105337 a10pm c02 s1 [interior]: bank=True bytes=True hash=True gates=True -> PASS
p105337 a10pm c02 s2 [interior]: bank=True bytes=True hash=True gates=True -> PASS
p105337 a10pm c02 s3 [interior]: bank=True bytes=True hash=True gates=True -> PASS
p105337 a10pm c03 s1 [interior]: bank=True bytes=True hash=True gates=True -> PASS
p105337 a10pm c03 s2 [interior]: bank=True bytes=True hash=True gates=True -> PASS
p105337 a10pm c03 s3 [interior]: bank=True bytes=True hash=True gates=True -> PASS
p105337 a10pm c04 s1 [interior]: bank=True bytes=True hash=True gates=True -> PASS
p105337 a10pm c04 s2 [interior]: bank=True bytes=True hash=True gates=True -> PASS
p105337 a10pm c04 s3 [interior]: bank=True bytes=True hash=True gates=True -> PASS
p105337 a10pm c05 s1 [interior]: bank=True bytes=True hash=True gates=True -> PASS
p105337 a10pm c05 s2 [interior]: bank=True bytes=True hash=True gates=True -> PASS
p105337 a10pm c05 s3 [interior]: bank=True bytes=True hash=True gates=True -> PASS
p105337 a10pm c06 s1 [interior]: bank=True bytes=True hash=True gates=True -> PASS
p105337 a10pm c06 s2 [interior]: bank=True bytes=True hash=True gates=True -> PASS
p105337 a10pm c06 s3 [interior]: bank=True bytes=True hash=True gates=True -> PASS
p105337 a10pm c07 s1 [interior]: bank=True bytes=True hash=True gates=True -> PASS
p105337 a10pm c07 s2 [interior]: bank=True bytes=True hash=True gates=True -> PASS
p105337 a10pm c07 s3 [interior]: bank=True bytes=True hash=True gates=True -> PASS
p105337 a10pm c08 s1 [interior]: bank=True bytes=True hash=True gates=True -> PASS
p105337 a10pm c08 s2 [interior]: bank=True bytes=True hash=True gates=True -> PASS
p105337 a10pm c08 s3 [interior]: bank=True bytes=True hash=True gates=True -> PASS
p105337 a10pm c09 s1 [interior]: bank=True bytes=True hash=True gates=True -> PASS
p105337 a10pm c09 s2 [interior]: bank=True bytes=True hash=True gates=True -> PASS
p105337 a10pm c09 s3 [interior]: bank=True bytes=True hash=True gates=True -> PASS
p105337 a10pm c10 s1 [interior]: bank=True bytes=True hash=True gates=True -> PASS
p105337 a10pm c10 s2 [interior]: bank=True bytes=True hash=True gates=True -> PASS
p105337 a10pm c10 s3 [interior]: bank=True bytes=True hash=True gates=True -> PASS
p105337 a10pm c11 s1 [interior]: bank=True bytes=True hash=True gates=True -> PASS
p105337 a10pm c11 s2 [interior]: bank=True bytes=True hash=True gates=True -> PASS
p105337 a10pm c11 s3 [interior]: bank=True bytes=True hash=True gates=True -> PASS
p105337 a10pm c12 s1 [interior]: bank=True bytes=True hash=True gates=True -> PASS
p105337 a10pm c12 s2 [interior]: bank=True bytes=True hash=True gates=True -> PASS
p105337 a10pm c12 s3 [interior]: bank=True bytes=True hash=True gates=True -> PASS
p105337 a10pm c13 s1 [interior]: bank=True bytes=True hash=True gates=True -> PASS
p105337 a10pm c13 s2 [interior]: bank=True bytes=True hash=True gates=True -> PASS
p105337 a10pm c13 s3 [interior]: bank=True bytes=True hash=True gates=True -> PASS
p105337 a10pm c14 s1 [interior]: bank=True bytes=True hash=True gates=True -> PASS
p105337 a10pm c14 s2 [interior]: bank=True bytes=True hash=True gates=True -> PASS
p105337 a10pm c14 s3 [interior]: bank=True bytes=True hash=True gates=True -> PASS
p105337 a10pm c15 s1 [interior]: bank=True bytes=True hash=True gates=True -> PASS
p105337 a10pm c15 s2 [interior]: bank=True bytes=True hash=True gates=True -> PASS
p105337 a10pm c15 s3 [interior]: bank=True bytes=True hash=True gates=True -> PASS
p105337 a22mp c00 s1 [interior]: bank=True bytes=True hash=True gates=True -> PASS
p105337 a22mp c00 s2 [interior]: bank=True bytes=True hash=True gates=True -> PASS
p105337 a22mp c00 s3 [interior]: bank=True bytes=True hash=True gates=True -> PASS
p105337 a22mp c01 s1 [interior]: bank=True bytes=True hash=True gates=True -> PASS
p105337 a22mp c01 s2 [interior]: bank=True bytes=True hash=True gates=True -> PASS
p105337 a22mp c01 s3 [interior]: bank=True bytes=True hash=True gates=True -> PASS
p105337 a22mp c02 s1 [interior]: bank=True bytes=True hash=True gates=True -> PASS
p105337 a22mp c02 s2 [interior]: bank=True bytes=True hash=True gates=True -> PASS
p105337 a22mp c02 s3 [interior]: bank=True bytes=True hash=True gates=True -> PASS
p105337 a22mp c03 s1 [interior]: bank=True bytes=True hash=True gates=True -> PASS
p105337 a22mp c03 s2 [interior]: bank=True bytes=True hash=True gates=True -> PASS
p105337 a22mp c03 s3 [interior]: bank=True bytes=True hash=True gates=True -> PASS
p105337 a22mp c04 s1 [interior]: bank=True bytes=True hash=True gates=True -> PASS
p105337 a22mp c04 s2 [interior]: bank=True bytes=True hash=True gates=True -> PASS
p105337 a22mp c04 s3 [interior]: bank=True bytes=True hash=True gates=True -> PASS
p105337 a22mp c05 s1 [interior]: bank=True bytes=True hash=True gates=True -> PASS
p105337 a22mp c05 s2 [interior]: bank=True bytes=True hash=True gates=True -> PASS
p105337 a22mp c05 s3 [interior]: bank=True bytes=True hash=True gates=True -> PASS
p105337 a22mp c06 s1 [interior]: bank=True bytes=True hash=True gates=True -> PASS
p105337 a22mp c06 s2 [interior]: bank=True bytes=True hash=True gates=True -> PASS
p105337 a22mp c06 s3 [interior]: bank=True bytes=True hash=True gates=True -> PASS
p105337 a22mp c07 s1 [interior]: bank=True bytes=True hash=True gates=True -> PASS
p105337 a22mp c07 s2 [interior]: bank=True bytes=True hash=True gates=True -> PASS
p105337 a22mp c07 s3 [interior]: bank=True bytes=True hash=True gates=True -> PASS
p105337 a22mp c08 s1 [interior]: bank=True bytes=True hash=True gates=True -> PASS
p105337 a22mp c08 s2 [interior]: bank=True bytes=True hash=True gates=True -> PASS
p105337 a22mp c08 s3 [interior]: bank=True bytes=True hash=True gates=True -> PASS
p105337 a22mp c09 s1 [interior]: bank=True bytes=True hash=True gates=True -> PASS
p105337 a22mp c09 s2 [interior]: bank=True bytes=True hash=True gates=True -> PASS
p105337 a22mp c09 s3 [interior]: bank=True bytes=True hash=True gates=True -> PASS
p105337 a22mp c10 s1 [interior]: bank=True bytes=True hash=True gates=True -> PASS
p105337 a22mp c10 s2 [interior]: bank=True bytes=True hash=True gates=True -> PASS
p105337 a22mp c10 s3 [interior]: bank=True bytes=True hash=True gates=True -> PASS
p105337 a22mp c11 s1 [interior]: bank=True bytes=True hash=True gates=True -> PASS
p105337 a22mp c11 s2 [interior]: bank=True bytes=True hash=True gates=True -> PASS
p105337 a22mp c11 s3 [interior]: bank=True bytes=True hash=True gates=True -> PASS
p105337 a22mp c12 s1 [interior]: bank=True bytes=True hash=True gates=True -> PASS
p105337 a22mp c12 s2 [interior]: bank=True bytes=True hash=True gates=True -> PASS
p105337 a22mp c12 s3 [interior]: bank=True bytes=True hash=True gates=True -> PASS
p105337 a22mp c13 s1 [interior]: bank=True bytes=True hash=True gates=True -> PASS
p105337 a22mp c13 s2 [interior]: bank=True bytes=True hash=True gates=True -> PASS
p105337 a22mp c13 s3 [interior]: bank=True bytes=True hash=True gates=True -> PASS
p105337 a22mp c14 s1 [interior]: bank=True bytes=True hash=True gates=True -> PASS
p105337 a22mp c14 s2 [interior]: bank=True bytes=True hash=True gates=True -> PASS
p105337 a22mp c14 s3 [interior]: bank=True bytes=True hash=True gates=True -> PASS
p105337 a22mp c15 s1 [interior]: bank=True bytes=True hash=True gates=True -> PASS
p105337 a22mp c15 s2 [interior]: bank=True bytes=True hash=True gates=True -> PASS
p105337 a22mp c15 s3 [interior]: bank=True bytes=True hash=True gates=True -> PASS
d23 p105337 w0k0: PASS
d23 p105673 w0k0: PASS
char0 eta29/tf1_48 crosscheck p105337: PASS
char0 eta29/tf1_48 crosscheck p105673: PASS
-> wrote d43_regress.json
REGRESSION: 360/360 points byte-identical; d23 spot True; char-0 True; ALL PASS
