Initial seed for pseudo-random number generator is 843

--------------- INPUT DATA ---------------
#variables                      98
#equations                      88
#invalid equations               0
field characteristic        105673
homogeneous input?               0
signature-based computation      0
monomial order                 DRL
basis hash table resetting     OFF
linear algebra option            2
initial hash table size     131072 (2^17)
max pair selection             ALL
reduce gb                        1
#threads                         4
info level                       1
generate pbm files               0
------------------------------------------

---------------- TIMINGS ----------------
overall(elapsed)        0.00 sec
overall(cpu)            0.01 sec
select                  0.00 sec   8.4%
symbolic prep.          0.00 sec   0.5%
update                  0.00 sec  85.2%
convert                 0.00 sec   0.9%
linear algebra          0.00 sec   2.8%
reduce gb               0.00 sec   0.0%
-----------------------------------------

---------- COMPUTATIONAL DATA -----------
size of basis                     1
#terms in basis                   1
#pairs reduced                   57
#GM criterion                  7296
#redundant elements             121
#rows reduced                   115
#zero reductions                 23
max. matrix data                 59 x 73 (54.957%)
max. symbolic hash table size  2^11
max. basis hash table size     2^16
-----------------------------------------

Grobner basis has a single element
No solution


------------------------------------------------------------------------------------
msolve overall time           0.01 sec (elapsed) /  0.02 sec (cpu)
------------------------------------------------------------------------------------
	Command being timed: "timeout 1800 msolve -v 1 -g 2 -t 4 --random-seed 843 -f d43_reconstructed_full_p105673.ms -o d43_reconstructed_full_p105673.out"
	User time (seconds): 0.01
	System time (seconds): 0.00
	Percent of CPU this job got: 190%
	Elapsed (wall clock) time (h:mm:ss or m:ss): 0:00.01
	Average shared text size (kbytes): 0
	Average unshared data size (kbytes): 0
	Average stack size (kbytes): 0
	Average total size (kbytes): 0
	Maximum resident set size (kbytes): 7880
	Average resident set size (kbytes): 0
	Major (requiring I/O) page faults: 0
	Minor (reclaiming a frame) page faults: 1268
	Voluntary context switches: 5
	Involuntary context switches: 0
	Swaps: 0
	File system inputs: 0
	File system outputs: 16
	Socket messages sent: 0
	Socket messages received: 0
	Signals delivered: 0
	Page size (bytes): 4096
	Exit status: 0
