Initial seed for pseudo-random number generator is 843

--------------- INPUT DATA ---------------
#variables                     101
#equations                     165
#invalid equations               0
field characteristic        105673
homogeneous input?               0
signature-based computation      0
monomial order                 DRL
basis hash table resetting     OFF
linear algebra option            2
initial hash table size     131072 (2^17)
max pair selection             ALL
reduce gb                        1
#threads                        16
info level                       1
generate pbm files               0
------------------------------------------

---------------- TIMINGS ----------------
overall(elapsed)      297.69 sec
overall(cpu)          994.39 sec
select                 50.79 sec  17.1%
symbolic prep.        187.52 sec  63.0%
update                  7.05 sec   2.4%
convert                 4.69 sec   1.6%
linear algebra         47.19 sec  15.9%
reduce gb               0.00 sec   0.0%
-----------------------------------------

---------- COMPUTATIONAL DATA -----------
size of basis                   101
#terms in basis                 123
#pairs reduced                30554
#GM criterion               5998574
#redundant elements            3426
#rows reduced                 61213
#zero reductions              27248
max. matrix data            2083341 x 3809971 (0.006%)
max. symbolic hash table size  2^22
max. basis hash table size     2^23
-----------------------------------------



------------------------------------------------------------------------------------
msolve overall time         297.81 sec (elapsed) / 994.56 sec (cpu)
------------------------------------------------------------------------------------
