Traceback (most recent call last):
  File "/home/ubuntu/jc2/box/d125-lift-hermite-gate-fable5-20260906/gate_controls.py", line 263, in <module>
    req(not neg, 'C6 D12 fixture: all 21 negative rows vanish identically in K[lambda2,lambda3]')
  File "/home/ubuntu/jc2/box/d125-lift-hermite-gate-fable5-20260906/gate_controls.py", line 18, in req
    raise RuntimeError('FAIL ' + name)
RuntimeError: FAIL C6 D12 fixture: all 21 negative rows vanish identically in K[lambda2,lambda3]
Command exited with non-zero status 1
	Command being timed: "timeout 30 bash -c ulimit -t 25 -v 524288; python3 -O gate_controls.py --mutate-inverse"
	User time (seconds): 0.87
	System time (seconds): 0.02
	Percent of CPU this job got: 99%
	Elapsed (wall clock) time (h:mm:ss or m:ss): 0:00.90
	Average shared text size (kbytes): 0
	Average unshared data size (kbytes): 0
	Average stack size (kbytes): 0
	Average total size (kbytes): 0
	Maximum resident set size (kbytes): 39684
	Average resident set size (kbytes): 0
	Major (requiring I/O) page faults: 0
	Minor (reclaiming a frame) page faults: 7408
	Voluntary context switches: 3
	Involuntary context switches: 8
	Swaps: 0
	File system inputs: 0
	File system outputs: 24
	Socket messages sent: 0
	Socket messages received: 0
	Signals delivered: 0
	Page size (bytes): 4096
	Exit status: 1
