	Command being timed: "timeout --signal=TERM --kill-after=60s 21600 env JC2_ROOT=/home/ubuntu/jobs/as_q3_q2q1_degree1_influence_20260825T1343Z_v2/source MODEL_OUTPUT=/home/ubuntu/jobs/as_q3_q2q1_degree1_influence_20260825T1343Z_v2/inputs/model_0513_0201000.stdout PARENT_OUTPUT_JSON=/home/ubuntu/jobs/as_q3_q2q1_degree1_influence_20260825T1343Z_v2/base_0513_0201000/q3_parent.json OUTPUT_JSON=/home/ubuntu/jobs/as_q3_q2q1_degree1_influence_20260825T1343Z_v2/base_0513_0201000/degree1.json python3 /home/ubuntu/jobs/as_q3_q2q1_degree1_influence_20260825T1343Z_v2/source/cases/as_fonly_d7_q3_q2q1_degree1_influence_20260825/audit_degree1.py"
	User time (seconds): 54.89
	System time (seconds): 0.02
	Percent of CPU this job got: 100%
	Elapsed (wall clock) time (h:mm:ss or m:ss): 0:54.91
	Average shared text size (kbytes): 0
	Average unshared data size (kbytes): 0
	Average stack size (kbytes): 0
	Average total size (kbytes): 0
	Maximum resident set size (kbytes): 21748
	Average resident set size (kbytes): 0
	Major (requiring I/O) page faults: 0
	Minor (reclaiming a frame) page faults: 3805
	Voluntary context switches: 3
	Involuntary context switches: 53
	Swaps: 0
	File system inputs: 0
	File system outputs: 152
	Socket messages sent: 0
	Socket messages received: 0
	Signals delivered: 0
	Page size (bytes): 4096
	Exit status: 0
