utc=2026-09-05T14:11:15Z msolve_pid=none
utc=2026-09-05T14:11:35Z msolve_pid=3508
VmPeak:	 4196040 kB
VmSize:	 4196040 kB
VmHWM:	 1733908 kB
VmRSS:	 1733908 kB
utc=2026-09-05T14:11:55Z msolve_pid=3508
VmPeak:	 4878104 kB
VmSize:	 4878104 kB
VmHWM:	 2166560 kB
VmRSS:	 2166560 kB
utc=2026-09-05T14:12:15Z msolve_pid=3508
VmPeak:	10130220 kB
VmSize:	10066440 kB
VmHWM:	 8102872 kB
VmRSS:	 8102872 kB
utc=2026-09-05T14:12:35Z msolve_pid=3508
VmPeak:	11418560 kB
VmSize:	11289148 kB
VmHWM:	 9166500 kB
VmRSS:	 9166500 kB
utc=2026-09-05T14:12:55Z msolve_pid=3508
VmPeak:	12379048 kB
VmSize:	12249064 kB
VmHWM:	 9990268 kB
VmRSS:	 9990268 kB
utc=2026-09-05T14:13:15Z msolve_pid=3508
VmPeak:	13143932 kB
VmSize:	13013464 kB
VmHWM:	10650680 kB
VmRSS:	10650680 kB
utc=2026-09-05T14:13:35Z msolve_pid=3508
VmPeak:	13706760 kB
VmSize:	13641224 kB
VmHWM:	11374512 kB
VmRSS:	11374512 kB
utc=2026-09-05T14:13:55Z msolve_pid=3508
VmPeak:	14447908 kB
VmSize:	14317136 kB
VmHWM:	11917036 kB
VmRSS:	11917036 kB
utc=2026-09-05T14:14:15Z msolve_pid=3508
VmPeak:	14656132 kB
VmSize:	14525060 kB
VmHWM:	12358424 kB
VmRSS:	12358424 kB
utc=2026-09-05T14:14:35Z msolve_pid=3508
VmPeak:	15144332 kB
VmSize:	15078796 kB
VmHWM:	12804152 kB
VmRSS:	12804152 kB
utc=2026-09-05T14:14:55Z msolve_pid=3508
VmPeak:	15633088 kB
VmSize:	15505072 kB
VmHWM:	13151116 kB
VmRSS:	13151116 kB
utc=2026-09-05T14:15:15Z msolve_pid=3508
VmPeak:	15787156 kB
VmSize:	15723520 kB
VmHWM:	13333788 kB
VmRSS:	13333788 kB
utc=2026-09-05T14:15:35Z msolve_pid=3508
VmPeak:	15796792 kB
VmSize:	15796792 kB
VmHWM:	13433808 kB
VmRSS:	13433808 kB
utc=2026-09-05T14:15:55Z msolve_pid=3508
VmPeak:	15796928 kB
VmSize:	15070980 kB
VmHWM:	13429196 kB
VmRSS:	12717336 kB
utc=2026-09-05T14:16:15Z msolve_pid=3508
VmPeak:	15796928 kB
VmSize:	13760260 kB
VmHWM:	13429196 kB
VmRSS:	11806392 kB
utc=2026-09-05T14:16:35Z msolve_pid=3508
VmPeak:	15796928 kB
VmSize:	13898628 kB
VmHWM:	13429196 kB
VmRSS:	10374144 kB
utc=2026-09-05T14:16:55Z msolve_pid=3508
VmPeak:	18125700 kB
VmSize:	18125700 kB
VmHWM:	13582936 kB
VmRSS:	13582936 kB
utc=2026-09-05T14:17:15Z msolve_pid=3508
VmPeak:	18125700 kB
VmSize:	18115124 kB
VmHWM:	14823260 kB
VmRSS:	14823260 kB
utc=2026-09-05T14:17:35Z msolve_pid=3508
VmPeak:	26569268 kB
VmSize:	26568152 kB
VmHWM:	17382804 kB
VmRSS:	17382804 kB
utc=2026-09-05T14:17:55Z msolve_pid=3508
VmPeak:	26569268 kB
VmSize:	26569240 kB
VmHWM:	18807256 kB
VmRSS:	18807256 kB
utc=2026-09-05T14:18:15Z msolve_pid=3508
VmPeak:	26569268 kB
VmSize:	26568608 kB
VmHWM:	19547632 kB
VmRSS:	19547632 kB
utc=2026-09-05T14:18:35Z msolve_pid=3508
VmPeak:	26569268 kB
VmSize:	26568608 kB
VmHWM:	19547632 kB
VmRSS:	19547632 kB
utc=2026-09-05T14:18:55Z msolve_pid=3508
VmPeak:	26569268 kB
VmSize:	26568608 kB
VmHWM:	19740996 kB
VmRSS:	19740996 kB
utc=2026-09-05T14:19:15Z msolve_pid=3508
VmPeak:	26569268 kB
VmSize:	26568608 kB
VmHWM:	19768168 kB
VmRSS:	19768168 kB
utc=2026-09-05T14:19:35Z msolve_pid=3508
VmPeak:	26569268 kB
VmSize:	26568608 kB
VmHWM:	19817352 kB
VmRSS:	19817352 kB
utc=2026-09-05T14:19:55Z msolve_pid=3508
VmPeak:	27625376 kB
VmSize:	27625376 kB
VmHWM:	20011184 kB
VmRSS:	20011184 kB
utc=2026-09-05T14:20:16Z msolve_pid=3508
VmPeak:	27625376 kB
VmSize:	27625376 kB
VmHWM:	20098456 kB
VmRSS:	20098456 kB
utc=2026-09-05T14:20:36Z msolve_pid=3508
VmPeak:	27625376 kB
VmSize:	27625376 kB
VmHWM:	20181332 kB
VmRSS:	20181332 kB
utc=2026-09-05T14:20:56Z msolve_pid=3508
VmPeak:	27625376 kB
VmSize:	27625376 kB
VmHWM:	20262968 kB
VmRSS:	20262968 kB
utc=2026-09-05T14:21:16Z msolve_pid=3508
VmPeak:	27625376 kB
VmSize:	27625376 kB
VmHWM:	20303640 kB
VmRSS:	20303640 kB
utc=2026-09-05T14:21:36Z msolve_pid=3508
VmPeak:	27625376 kB
VmSize:	27625376 kB
VmHWM:	20356220 kB
VmRSS:	20356220 kB
utc=2026-09-05T14:21:56Z msolve_pid=3508
VmPeak:	38824604 kB
VmSize:	38824604 kB
VmHWM:	25698764 kB
VmRSS:	25698764 kB
utc=2026-09-05T14:22:16Z msolve_pid=3508
VmPeak:	45676676 kB
VmSize:	45612880 kB
VmHWM:	30269532 kB
VmRSS:	30269532 kB
utc=2026-09-05T14:22:36Z msolve_pid=3508
VmPeak:	46758008 kB
VmSize:	46758008 kB
VmHWM:	31045484 kB
VmRSS:	31045484 kB
utc=2026-09-05T14:22:56Z msolve_pid=3508
VmPeak:	47172332 kB
VmSize:	47106796 kB
VmHWM:	31552380 kB
VmRSS:	31552380 kB
utc=2026-09-05T14:23:16Z msolve_pid=3508
VmPeak:	47847728 kB
VmSize:	47847728 kB
VmHWM:	32020880 kB
VmRSS:	32020880 kB
utc=2026-09-05T14:23:36Z msolve_pid=3508
VmPeak:	48340444 kB
VmSize:	48209372 kB
VmHWM:	32490728 kB
VmRSS:	32490728 kB
utc=2026-09-05T14:23:56Z msolve_pid=3508
VmPeak:	48774524 kB
VmSize:	48645396 kB
VmHWM:	32916448 kB
VmRSS:	32916448 kB
utc=2026-09-05T14:24:16Z msolve_pid=3508
VmPeak:	49199024 kB
VmSize:	49069176 kB
VmHWM:	33284972 kB
VmRSS:	33284972 kB
utc=2026-09-05T14:24:36Z msolve_pid=3508
VmPeak:	49546436 kB
VmSize:	49546436 kB
VmHWM:	33620908 kB
VmRSS:	33620908 kB
utc=2026-09-05T14:24:56Z msolve_pid=3508
VmPeak:	49892292 kB
VmSize:	49762684 kB
VmHWM:	33926520 kB
VmRSS:	33926520 kB
utc=2026-09-05T14:25:16Z msolve_pid=3508
VmPeak:	50432332 kB
VmSize:	50366796 kB
VmHWM:	34221844 kB
VmRSS:	34221844 kB
utc=2026-09-05T14:25:36Z msolve_pid=3508
VmPeak:	50638596 kB
VmSize:	50573308 kB
VmHWM:	34501596 kB
VmRSS:	34501596 kB
utc=2026-09-05T14:25:56Z msolve_pid=3508
VmPeak:	50639428 kB
VmSize:	50639428 kB
VmHWM:	34767748 kB
VmRSS:	34767748 kB
utc=2026-09-05T14:26:16Z msolve_pid=3508
VmPeak:	50836036 kB
VmSize:	50770500 kB
VmHWM:	35024172 kB
VmRSS:	35024172 kB
utc=2026-09-05T14:26:36Z msolve_pid=3508
VmPeak:	51043684 kB
VmSize:	50983620 kB
VmHWM:	35268852 kB
VmRSS:	35268852 kB
utc=2026-09-05T14:26:56Z msolve_pid=3508
VmPeak:	51327400 kB
VmSize:	51261864 kB
VmHWM:	35482360 kB
VmRSS:	35482360 kB
utc=2026-09-05T14:27:16Z msolve_pid=3508
VmPeak:	51604840 kB
VmSize:	51604840 kB
VmHWM:	35679044 kB
VmRSS:	35679044 kB
utc=2026-09-05T14:27:37Z msolve_pid=3508
VmPeak:	52007680 kB
VmSize:	51946808 kB
VmHWM:	35881988 kB
VmRSS:	35881988 kB
utc=2026-09-05T14:27:57Z msolve_pid=3508
VmPeak:	52021420 kB
VmSize:	52021420 kB
VmHWM:	36146612 kB
VmRSS:	36146612 kB
utc=2026-09-05T14:28:17Z msolve_pid=3508
VmPeak:	52362436 kB
VmSize:	52296900 kB
VmHWM:	36411336 kB
VmRSS:	36411336 kB
utc=2026-09-05T14:28:37Z msolve_pid=3508
VmPeak:	52505856 kB
VmSize:	52505856 kB
VmHWM:	36654788 kB
VmRSS:	36654788 kB
utc=2026-09-05T14:28:57Z msolve_pid=3508
VmPeak:	52644672 kB
VmSize:	52644672 kB
VmHWM:	36909608 kB
VmRSS:	36909608 kB
utc=2026-09-05T14:29:17Z msolve_pid=3508
VmPeak:	53045540 kB
VmSize:	52983652 kB
VmHWM:	37227876 kB
VmRSS:	37227876 kB
utc=2026-09-05T14:29:37Z msolve_pid=3508
VmPeak:	53336416 kB
VmSize:	53205344 kB
VmHWM:	37591120 kB
VmRSS:	37591120 kB
utc=2026-09-05T14:29:57Z msolve_pid=3508
VmPeak:	54009160 kB
VmSize:	53878088 kB
VmHWM:	37970028 kB
VmRSS:	37970028 kB
utc=2026-09-05T14:30:17Z msolve_pid=3508
VmPeak:	54423772 kB
VmSize:	54297904 kB
VmHWM:	38321492 kB
VmRSS:	38321492 kB
utc=2026-09-05T14:30:37Z msolve_pid=3508
VmPeak:	54583672 kB
VmSize:	54452600 kB
VmHWM:	38677744 kB
VmRSS:	38677744 kB
utc=2026-09-05T14:30:57Z msolve_pid=3508
VmPeak:	55000948 kB
VmSize:	55000948 kB
VmHWM:	39034072 kB
VmRSS:	39034072 kB
utc=2026-09-05T14:31:17Z msolve_pid=3508
VmPeak:	55476364 kB
VmSize:	55345292 kB
VmHWM:	39410644 kB
VmRSS:	39410644 kB
utc=2026-09-05T14:31:37Z msolve_pid=3508
VmPeak:	56017316 kB
VmSize:	55951780 kB
VmHWM:	39782008 kB
VmRSS:	39782008 kB
utc=2026-09-05T14:31:57Z msolve_pid=3508
VmPeak:	56360512 kB
VmSize:	56229440 kB
VmHWM:	40143916 kB
VmRSS:	40143916 kB
utc=2026-09-05T14:32:17Z msolve_pid=3508
VmPeak:	56628712 kB
VmSize:	56563176 kB
VmHWM:	40502808 kB
VmRSS:	40502808 kB
utc=2026-09-05T14:32:37Z msolve_pid=3508
VmPeak:	56767400 kB
VmSize:	56767400 kB
VmHWM:	40825376 kB
VmRSS:	40825376 kB
utc=2026-09-05T14:32:57Z msolve_pid=3508
VmPeak:	57167252 kB
VmSize:	57101716 kB
VmHWM:	41130704 kB
VmRSS:	41130704 kB
utc=2026-09-05T14:33:17Z msolve_pid=3508
VmPeak:	57568752 kB
VmSize:	57507324 kB
VmHWM:	41467268 kB
VmRSS:	41467268 kB
utc=2026-09-05T14:33:37Z msolve_pid=3508
VmPeak:	57779308 kB
VmSize:	57652252 kB
VmHWM:	41777500 kB
VmRSS:	41777500 kB
utc=2026-09-05T14:33:57Z msolve_pid=3508
VmPeak:	58058876 kB
VmSize:	57993340 kB
VmHWM:	42077924 kB
VmRSS:	42077924 kB
utc=2026-09-05T14:34:18Z msolve_pid=3508
VmPeak:	58532648 kB
VmSize:	58470592 kB
VmHWM:	42373452 kB
VmRSS:	42373452 kB
utc=2026-09-05T14:34:38Z msolve_pid=3508
VmPeak:	58751564 kB
VmSize:	58620492 kB
VmHWM:	42694104 kB
VmRSS:	42694104 kB
utc=2026-09-05T14:34:58Z msolve_pid=3508
VmPeak:	59029444 kB
VmSize:	58963908 kB
VmHWM:	43005452 kB
VmRSS:	43005452 kB
utc=2026-09-05T14:35:18Z msolve_pid=3508
VmPeak:	59437512 kB
VmSize:	59437512 kB
VmHWM:	43301836 kB
VmRSS:	43301836 kB
utc=2026-09-05T14:35:38Z msolve_pid=3508
VmPeak:	59779428 kB
VmSize:	59651916 kB
VmHWM:	43523152 kB
VmRSS:	43523152 kB
utc=2026-09-05T14:35:58Z msolve_pid=3508
VmPeak:	60127204 kB
VmSize:	59996132 kB
VmHWM:	43772492 kB
VmRSS:	43772492 kB
utc=2026-09-05T14:36:18Z msolve_pid=3508
VmPeak:	60204748 kB
VmSize:	60139212 kB
VmHWM:	43982776 kB
VmRSS:	43982776 kB
utc=2026-09-05T14:36:38Z msolve_pid=3508
VmPeak:	60407548 kB
VmSize:	60342012 kB
VmHWM:	44210460 kB
VmRSS:	44210460 kB
utc=2026-09-05T14:36:58Z msolve_pid=3508
VmPeak:	60542696 kB
VmSize:	60479012 kB
VmHWM:	44415952 kB
VmRSS:	44415952 kB
utc=2026-09-05T14:37:18Z msolve_pid=3508
VmPeak:	60808384 kB
VmSize:	60744464 kB
VmHWM:	44618056 kB
VmRSS:	44618056 kB
utc=2026-09-05T14:37:38Z msolve_pid=3508
VmPeak:	60944076 kB
VmSize:	60944076 kB
VmHWM:	44818296 kB
VmRSS:	44818296 kB
utc=2026-09-05T14:37:58Z msolve_pid=3508
VmPeak:	61143240 kB
VmSize:	61143240 kB
VmHWM:	45012976 kB
VmRSS:	45012976 kB
utc=2026-09-05T14:38:18Z msolve_pid=3508
VmPeak:	61406552 kB
VmSize:	61343500 kB
VmHWM:	45210872 kB
VmRSS:	45210872 kB
utc=2026-09-05T14:38:38Z msolve_pid=3508
VmPeak:	61811724 kB
VmSize:	61680652 kB
VmHWM:	45447600 kB
VmRSS:	45447600 kB
utc=2026-09-05T14:38:58Z msolve_pid=3508
VmPeak:	61817116 kB
VmSize:	61817116 kB
VmHWM:	45672228 kB
VmRSS:	45672228 kB
utc=2026-09-05T14:39:18Z msolve_pid=3508
VmPeak:	62086016 kB
VmSize:	61956644 kB
VmHWM:	45900000 kB
VmRSS:	45900000 kB
utc=2026-09-05T14:39:38Z msolve_pid=3508
VmPeak:	62286488 kB
VmSize:	62158800 kB
VmHWM:	46140584 kB
VmRSS:	46140584 kB
utc=2026-09-05T14:39:58Z msolve_pid=3508
VmPeak:	62625524 kB
VmSize:	62559988 kB
VmHWM:	46352820 kB
VmRSS:	46352820 kB
utc=2026-09-05T14:40:18Z msolve_pid=3508
VmPeak:	62763500 kB
VmSize:	62697964 kB
VmHWM:	46564048 kB
VmRSS:	46564048 kB
utc=2026-09-05T14:40:38Z msolve_pid=3508
VmPeak:	62963432 kB
VmSize:	62832360 kB
VmHWM:	46796476 kB
VmRSS:	46796476 kB
utc=2026-09-05T14:40:59Z msolve_pid=3508
VmPeak:	63163456 kB
VmSize:	63098176 kB
VmHWM:	47011528 kB
VmRSS:	47011528 kB
utc=2026-09-05T14:41:19Z msolve_pid=3508
VmPeak:	63360556 kB
VmSize:	63295232 kB
VmHWM:	47222720 kB
VmRSS:	47222720 kB
utc=2026-09-05T14:41:39Z msolve_pid=3508
VmPeak:	63492260 kB
VmSize:	63492260 kB
VmHWM:	47464340 kB
VmRSS:	47464340 kB
utc=2026-09-05T14:41:59Z msolve_pid=3508
VmPeak:	64016968 kB
VmSize:	63951432 kB
VmHWM:	47671720 kB
VmRSS:	47671720 kB
utc=2026-09-05T14:42:19Z msolve_pid=3508
VmPeak:	64148380 kB
VmSize:	64083012 kB
VmHWM:	47864240 kB
VmRSS:	47864240 kB
utc=2026-09-05T14:42:39Z msolve_pid=3508
VmPeak:	64279948 kB
VmSize:	64279948 kB
VmHWM:	48088872 kB
VmRSS:	48088872 kB
utc=2026-09-05T14:42:59Z msolve_pid=3508
VmPeak:	64739012 kB
VmSize:	64673476 kB
VmHWM:	48333444 kB
VmRSS:	48333444 kB
utc=2026-09-05T14:43:19Z msolve_pid=3508
VmPeak:	64935912 kB
VmSize:	64870376 kB
VmHWM:	48590836 kB
VmRSS:	48590836 kB
utc=2026-09-05T14:43:39Z msolve_pid=3508
VmPeak:	65067128 kB
VmSize:	65001740 kB
VmHWM:	48830156 kB
VmRSS:	48830156 kB
utc=2026-09-05T14:43:59Z msolve_pid=3508
VmPeak:	65329604 kB
VmSize:	65329604 kB
VmHWM:	49054444 kB
VmRSS:	49054444 kB
utc=2026-09-05T14:44:19Z msolve_pid=3508
VmPeak:	65526212 kB
VmSize:	65460676 kB
VmHWM:	49263352 kB
VmRSS:	49263352 kB
utc=2026-09-05T14:44:39Z msolve_pid=3508
VmPeak:	65657284 kB
VmSize:	65591748 kB
VmHWM:	49485988 kB
VmRSS:	49485988 kB
utc=2026-09-05T14:44:59Z msolve_pid=3508
VmPeak:	66181572 kB
VmSize:	66116180 kB
VmHWM:	49732632 kB
VmRSS:	49732632 kB
utc=2026-09-05T14:45:19Z msolve_pid=3508
VmPeak:	66312788 kB
VmSize:	66247252 kB
VmHWM:	49941536 kB
VmRSS:	49941536 kB
utc=2026-09-05T14:45:39Z msolve_pid=3508
VmPeak:	66378324 kB
VmSize:	66378324 kB
VmHWM:	50131732 kB
VmRSS:	50131732 kB
utc=2026-09-05T14:45:59Z msolve_pid=3508
VmPeak:	66574932 kB
VmSize:	66509396 kB
VmHWM:	50336552 kB
VmRSS:	50336552 kB
utc=2026-09-05T14:46:19Z msolve_pid=3508
VmPeak:	66771540 kB
VmSize:	66706004 kB
VmHWM:	50542112 kB
VmRSS:	50542112 kB
utc=2026-09-05T14:46:39Z msolve_pid=3508
VmPeak:	66976360 kB
VmSize:	66915788 kB
VmHWM:	50724720 kB
VmRSS:	50724720 kB
utc=2026-09-05T14:46:59Z msolve_pid=3508
VmPeak:	67250616 kB
VmSize:	67185080 kB
VmHWM:	50889996 kB
VmRSS:	50889996 kB
utc=2026-09-05T14:47:20Z msolve_pid=3508
VmPeak:	67250616 kB
VmSize:	67192104 kB
VmHWM:	51038620 kB
VmRSS:	51038620 kB
utc=2026-09-05T14:47:40Z msolve_pid=3508
VmPeak:	67388712 kB
VmSize:	67329988 kB
VmHWM:	51193636 kB
VmRSS:	51193636 kB
utc=2026-09-05T14:48:00Z msolve_pid=3508
VmPeak:	67729912 kB
VmSize:	67729912 kB
VmHWM:	51321736 kB
VmRSS:	51321736 kB
utc=2026-09-05T14:48:20Z msolve_pid=3508
VmPeak:	67860984 kB
VmSize:	67802064 kB
VmHWM:	51455956 kB
VmRSS:	51455956 kB
utc=2026-09-05T14:48:40Z msolve_pid=3508
VmPeak:	68005184 kB
VmSize:	67939648 kB
VmHWM:	51586360 kB
VmRSS:	51586360 kB
utc=2026-09-05T14:49:00Z msolve_pid=3508
VmPeak:	68142672 kB
VmSize:	68077136 kB
VmHWM:	51701560 kB
VmRSS:	51701560 kB
utc=2026-09-05T14:49:20Z msolve_pid=3508
VmPeak:	68409704 kB
VmSize:	68409704 kB
VmHWM:	51853620 kB
VmRSS:	51853620 kB
utc=2026-09-05T14:49:40Z msolve_pid=3508
VmPeak:	68414428 kB
VmSize:	68414428 kB
VmHWM:	51991172 kB
VmRSS:	51991172 kB
utc=2026-09-05T14:50:00Z msolve_pid=3508
VmPeak:	68545500 kB
VmSize:	68484588 kB
VmHWM:	52120816 kB
VmRSS:	52120816 kB
utc=2026-09-05T14:50:20Z msolve_pid=3508
VmPeak:	68545500 kB
VmSize:	68493148 kB
VmHWM:	52257040 kB
VmRSS:	52257040 kB
utc=2026-09-05T14:50:40Z msolve_pid=3508
VmPeak:	68562752 kB
VmSize:	68562752 kB
VmHWM:	52383432 kB
VmRSS:	52383432 kB
utc=2026-09-05T14:51:00Z msolve_pid=3508
VmPeak:	68697828 kB
VmSize:	68697828 kB
VmHWM:	52550620 kB
VmRSS:	52550620 kB
utc=2026-09-05T14:51:20Z msolve_pid=3508
VmPeak:	68828900 kB
VmSize:	68767144 kB
VmHWM:	52725260 kB
VmRSS:	52725260 kB
utc=2026-09-05T14:51:40Z msolve_pid=3508
VmPeak:	69099004 kB
VmSize:	69033468 kB
VmHWM:	52900336 kB
VmRSS:	52900336 kB
utc=2026-09-05T14:52:00Z msolve_pid=3508
VmPeak:	69365224 kB
VmSize:	69299688 kB
VmHWM:	53075832 kB
VmRSS:	53075832 kB
utc=2026-09-05T14:52:20Z msolve_pid=3508
VmPeak:	69762224 kB
VmSize:	69696688 kB
VmHWM:	53260336 kB
VmRSS:	53260336 kB
utc=2026-09-05T14:52:40Z msolve_pid=3508
VmPeak:	70028144 kB
VmSize:	70028144 kB
VmHWM:	53449212 kB
VmRSS:	53449212 kB
utc=2026-09-05T14:53:00Z msolve_pid=3508
VmPeak:	70031780 kB
VmSize:	70031780 kB
VmHWM:	53619104 kB
VmRSS:	53619104 kB
utc=2026-09-05T14:53:20Z msolve_pid=3508
VmPeak:	70166456 kB
VmSize:	70100920 kB
VmHWM:	53784600 kB
VmRSS:	53784600 kB
utc=2026-09-05T14:53:40Z msolve_pid=3508
VmPeak:	70166456 kB
VmSize:	70104320 kB
VmHWM:	53941504 kB
VmRSS:	53941504 kB
utc=2026-09-05T14:54:01Z msolve_pid=3508
VmPeak:	70173004 kB
VmSize:	70173004 kB
VmHWM:	54085080 kB
VmRSS:	54085080 kB
utc=2026-09-05T14:54:21Z msolve_pid=3508
VmPeak:	70510864 kB
VmSize:	70383628 kB
VmHWM:	54246400 kB
VmRSS:	54246400 kB
utc=2026-09-05T14:54:41Z msolve_pid=3508
VmPeak:	70517656 kB
VmSize:	70517656 kB
VmHWM:	54393300 kB
VmRSS:	54393300 kB
utc=2026-09-05T14:55:01Z msolve_pid=3508
VmPeak:	70790164 kB
VmSize:	70790164 kB
VmHWM:	54538676 kB
VmRSS:	54538676 kB
utc=2026-09-05T14:55:21Z msolve_pid=3508
VmPeak:	70996820 kB
VmSize:	70996820 kB
VmHWM:	54674916 kB
VmRSS:	54674916 kB
utc=2026-09-05T14:55:41Z msolve_pid=3508
VmPeak:	71271356 kB
VmSize:	71205820 kB
VmHWM:	54806680 kB
VmRSS:	54806680 kB
utc=2026-09-05T14:56:01Z msolve_pid=3508
VmPeak:	71345484 kB
VmSize:	71220364 kB
VmHWM:	54942056 kB
VmRSS:	54942056 kB
utc=2026-09-05T14:56:21Z msolve_pid=3508
VmPeak:	71365444 kB
VmSize:	71299908 kB
VmHWM:	55062932 kB
VmRSS:	55062932 kB
utc=2026-09-05T14:56:41Z msolve_pid=3508
VmPeak:	71514956 kB
VmSize:	71383884 kB
VmHWM:	55211416 kB
VmRSS:	55211416 kB
utc=2026-09-05T14:57:01Z msolve_pid=3508
VmPeak:	71724532 kB
VmSize:	71593460 kB
VmHWM:	55349736 kB
VmRSS:	55349736 kB
utc=2026-09-05T14:57:21Z msolve_pid=3508
VmPeak:	71737184 kB
VmSize:	71606112 kB
VmHWM:	55494972 kB
VmRSS:	55494972 kB
utc=2026-09-05T14:57:41Z msolve_pid=3508
VmPeak:	72011636 kB
VmSize:	71880564 kB
VmHWM:	55608944 kB
VmRSS:	55608944 kB
utc=2026-09-05T14:58:01Z msolve_pid=3508
VmPeak:	72287184 kB
VmSize:	72156112 kB
VmHWM:	55729096 kB
VmRSS:	55729096 kB
utc=2026-09-05T14:58:21Z msolve_pid=3508
VmPeak:	72425388 kB
VmSize:	72294316 kB
VmHWM:	55830272 kB
VmRSS:	55830272 kB
utc=2026-09-05T14:58:41Z msolve_pid=3508
VmPeak:	72503688 kB
VmSize:	72372616 kB
VmHWM:	55964532 kB
VmRSS:	55964532 kB
utc=2026-09-05T14:59:01Z msolve_pid=3508
VmPeak:	72516220 kB
VmSize:	72385148 kB
VmHWM:	56111592 kB
VmRSS:	56111592 kB
utc=2026-09-05T14:59:21Z msolve_pid=3508
VmPeak:	72725184 kB
VmSize:	72595008 kB
VmHWM:	56237708 kB
VmRSS:	56237708 kB
utc=2026-09-05T14:59:41Z msolve_pid=3508
VmPeak:	72933276 kB
VmSize:	72802204 kB
VmHWM:	56361364 kB
VmRSS:	56361364 kB
utc=2026-09-05T15:00:01Z msolve_pid=3508
VmPeak:	73074628 kB
VmSize:	72943556 kB
VmHWM:	56453884 kB
VmRSS:	56453884 kB
utc=2026-09-05T15:00:22Z msolve_pid=3508
VmPeak:	73082860 kB
VmSize:	72951788 kB
VmHWM:	56540352 kB
VmRSS:	56540352 kB
utc=2026-09-05T15:00:42Z msolve_pid=3508
VmPeak:	73090688 kB
VmSize:	72959616 kB
VmHWM:	56641308 kB
VmRSS:	56641308 kB
utc=2026-09-05T15:01:02Z msolve_pid=3508
VmPeak:	73163836 kB
VmSize:	73032764 kB
VmHWM:	56740392 kB
VmRSS:	56740392 kB
utc=2026-09-05T15:01:22Z msolve_pid=3508
VmPeak:	73431972 kB
VmSize:	73302264 kB
VmHWM:	56835932 kB
VmRSS:	56835932 kB
utc=2026-09-05T15:01:42Z msolve_pid=3508
VmPeak:	73437736 kB
VmSize:	73372200 kB
VmHWM:	56896260 kB
VmRSS:	56896260 kB
utc=2026-09-05T15:02:02Z msolve_pid=3508
VmPeak:	73510944 kB
VmSize:	73445408 kB
VmHWM:	56973144 kB
VmRSS:	56973144 kB
utc=2026-09-05T15:02:22Z msolve_pid=3508
VmPeak:	73580252 kB
VmSize:	73514716 kB
VmHWM:	57053964 kB
VmRSS:	57053964 kB
utc=2026-09-05T15:02:42Z msolve_pid=3508
VmPeak:	73649436 kB
VmSize:	73583900 kB
VmHWM:	57127652 kB
VmRSS:	57127652 kB
utc=2026-09-05T15:03:02Z msolve_pid=3508
VmPeak:	73784404 kB
VmSize:	73661704 kB
VmHWM:	57242476 kB
VmRSS:	57242476 kB
utc=2026-09-05T15:03:22Z msolve_pid=3508
VmPeak:	73806096 kB
VmSize:	73740560 kB
VmHWM:	57401180 kB
VmRSS:	57401180 kB
utc=2026-09-05T15:03:42Z msolve_pid=3508
VmPeak:	73875340 kB
VmSize:	73809804 kB
VmHWM:	57531856 kB
VmRSS:	57531856 kB
utc=2026-09-05T15:04:02Z msolve_pid=3508
VmPeak:	74147004 kB
VmSize:	74081468 kB
VmHWM:	57659016 kB
VmRSS:	57659016 kB
utc=2026-09-05T15:04:22Z msolve_pid=3508
VmPeak:	74225644 kB
VmSize:	74225644 kB
VmHWM:	57810668 kB
VmRSS:	57810668 kB
utc=2026-09-05T15:04:42Z msolve_pid=3508
VmPeak:	74360324 kB
VmSize:	74238464 kB
VmHWM:	57951688 kB
VmRSS:	57951688 kB
utc=2026-09-05T15:05:02Z msolve_pid=3508
VmPeak:	74569684 kB
VmSize:	74513348 kB
VmHWM:	58080832 kB
VmRSS:	58080832 kB
utc=2026-09-05T15:05:22Z msolve_pid=3508
VmPeak:	74778840 kB
VmSize:	74647768 kB
VmHWM:	58205664 kB
VmRSS:	58205664 kB
utc=2026-09-05T15:05:42Z msolve_pid=3508
VmPeak:	74856748 kB
VmSize:	74791212 kB
VmHWM:	58344572 kB
VmRSS:	58344572 kB
utc=2026-09-05T15:06:02Z msolve_pid=3508
VmPeak:	74999820 kB
VmSize:	74868748 kB
VmHWM:	58488164 kB
VmRSS:	58488164 kB
utc=2026-09-05T15:06:22Z msolve_pid=3508
VmPeak:	75077184 kB
VmSize:	74946112 kB
VmHWM:	58586540 kB
VmRSS:	58586540 kB
utc=2026-09-05T15:06:43Z msolve_pid=3508
VmPeak:	75273792 kB
VmSize:	75208256 kB
VmHWM:	58725216 kB
VmRSS:	58725216 kB
utc=2026-09-05T15:07:03Z msolve_pid=3508
VmPeak:	75351056 kB
VmSize:	75285520 kB
VmHWM:	58868296 kB
VmRSS:	58868296 kB
utc=2026-09-05T15:07:23Z msolve_pid=3508
VmPeak:	75419496 kB
VmSize:	75297220 kB
VmHWM:	59000068 kB
VmRSS:	59000068 kB
utc=2026-09-05T15:07:43Z msolve_pid=3508
VmPeak:	75496728 kB
VmSize:	75374152 kB
VmHWM:	59127020 kB
VmRSS:	59127020 kB
utc=2026-09-05T15:08:03Z msolve_pid=3508
VmPeak:	75582036 kB
VmSize:	75582036 kB
VmHWM:	59268692 kB
VmRSS:	59268692 kB
utc=2026-09-05T15:08:23Z msolve_pid=3508
VmPeak:	75715720 kB
VmSize:	75650184 kB
VmHWM:	59411060 kB
VmRSS:	59411060 kB
utc=2026-09-05T15:08:43Z msolve_pid=3508
VmPeak:	75988852 kB
VmSize:	75923316 kB
VmHWM:	59541872 kB
VmRSS:	59541872 kB
utc=2026-09-05T15:09:03Z msolve_pid=3508
VmPeak:	76196048 kB
VmSize:	76064976 kB
VmHWM:	59663764 kB
VmRSS:	59663764 kB
utc=2026-09-05T15:09:23Z msolve_pid=3508
VmPeak:	76466288 kB
VmSize:	76400752 kB
VmHWM:	59804320 kB
VmRSS:	59804320 kB
utc=2026-09-05T15:09:43Z msolve_pid=3508
VmPeak:	76665224 kB
VmSize:	76599688 kB
VmHWM:	59947588 kB
VmRSS:	59947588 kB
utc=2026-09-05T15:10:03Z msolve_pid=3508
VmPeak:	76740648 kB
VmSize:	76675112 kB
VmHWM:	60068560 kB
VmRSS:	60068560 kB
utc=2026-09-05T15:10:23Z msolve_pid=3508
VmPeak:	76819760 kB
VmSize:	76688688 kB
VmHWM:	60218028 kB
VmRSS:	60218028 kB
utc=2026-09-05T15:10:43Z msolve_pid=3508
VmPeak:	76905752 kB
VmSize:	76774680 kB
VmHWM:	60373836 kB
VmRSS:	60373836 kB
utc=2026-09-05T15:11:03Z msolve_pid=3508
VmPeak:	77044344 kB
VmSize:	76986556 kB
VmHWM:	60531300 kB
VmRSS:	60531300 kB
utc=2026-09-05T15:11:23Z msolve_pid=3508
VmPeak:	77131408 kB
VmSize:	77131408 kB
VmHWM:	60658884 kB
VmRSS:	60658884 kB
utc=2026-09-05T15:11:43Z msolve_pid=3508
VmPeak:	77414688 kB
VmSize:	77349152 kB
VmHWM:	60812044 kB
VmRSS:	60812044 kB
utc=2026-09-05T15:12:03Z msolve_pid=3508
VmPeak:	77493260 kB
VmSize:	77362188 kB
VmHWM:	60946924 kB
VmRSS:	60946924 kB
utc=2026-09-05T15:12:23Z msolve_pid=3508
VmPeak:	77702604 kB
VmSize:	77571532 kB
VmHWM:	61099728 kB
VmRSS:	61099728 kB
utc=2026-09-05T15:12:43Z msolve_pid=3508
VmPeak:	77836132 kB
VmSize:	77712308 kB
VmHWM:	61233628 kB
VmRSS:	61233628 kB
utc=2026-09-05T15:13:03Z msolve_pid=3508
VmPeak:	77911160 kB
VmSize:	77911160 kB
VmHWM:	61364204 kB
VmRSS:	61364204 kB
utc=2026-09-05T15:13:24Z msolve_pid=3508
VmPeak:	78053888 kB
VmSize:	78053888 kB
VmHWM:	61503680 kB
VmRSS:	61503680 kB
utc=2026-09-05T15:13:44Z msolve_pid=3508
VmPeak:	78261492 kB
VmSize:	78195956 kB
VmHWM:	61628788 kB
VmRSS:	61628788 kB
utc=2026-09-05T15:14:04Z msolve_pid=3508
VmPeak:	78403424 kB
VmSize:	78272352 kB
VmHWM:	61767476 kB
VmRSS:	61767476 kB
utc=2026-09-05T15:14:24Z msolve_pid=3508
VmPeak:	78545816 kB
VmSize:	78414744 kB
VmHWM:	61898244 kB
VmRSS:	61898244 kB
utc=2026-09-05T15:14:44Z msolve_pid=3508
VmPeak:	78678876 kB
VmSize:	78613340 kB
VmHWM:	62028628 kB
VmRSS:	62028628 kB
utc=2026-09-05T15:15:04Z msolve_pid=3508
VmPeak:	78755268 kB
VmSize:	78689732 kB
VmHWM:	62148228 kB
VmRSS:	62148228 kB
utc=2026-09-05T15:15:24Z msolve_pid=3508
VmPeak:	78962084 kB
VmSize:	78831012 kB
VmHWM:	62274056 kB
VmRSS:	62274056 kB
utc=2026-09-05T15:15:44Z msolve_pid=3508
VmPeak:	78972284 kB
VmSize:	78906748 kB
VmHWM:	62414988 kB
VmRSS:	62414988 kB
utc=2026-09-05T15:16:04Z msolve_pid=3508
VmPeak:	79115804 kB
VmSize:	78984732 kB
VmHWM:	62527888 kB
VmRSS:	62527888 kB
utc=2026-09-05T15:16:24Z msolve_pid=3508
VmPeak:	79190892 kB
VmSize:	79060608 kB
VmHWM:	62649960 kB
VmRSS:	62649960 kB
utc=2026-09-05T15:16:44Z msolve_pid=3508
VmPeak:	79347824 kB
VmSize:	79216752 kB
VmHWM:	62758928 kB
VmRSS:	62758928 kB
utc=2026-09-05T15:17:04Z msolve_pid=3508
VmPeak:	79497320 kB
VmSize:	79366932 kB
VmHWM:	62879588 kB
VmRSS:	62879588 kB
utc=2026-09-05T15:17:24Z msolve_pid=3508
VmPeak:	79719124 kB
VmSize:	79588052 kB
VmHWM:	63003076 kB
VmRSS:	63003076 kB
utc=2026-09-05T15:17:44Z msolve_pid=3508
VmPeak:	79870320 kB
VmSize:	79739780 kB
VmHWM:	63116676 kB
VmRSS:	63116676 kB
utc=2026-09-05T15:18:04Z msolve_pid=3508
VmPeak:	79955752 kB
VmSize:	79824680 kB
VmHWM:	63227856 kB
VmRSS:	63227856 kB
utc=2026-09-05T15:18:24Z msolve_pid=3508
VmPeak:	80175004 kB
VmSize:	80046504 kB
VmHWM:	63331508 kB
VmRSS:	63331508 kB
utc=2026-09-05T15:18:44Z msolve_pid=3508
VmPeak:	80191704 kB
VmSize:	80065776 kB
VmHWM:	63435944 kB
VmRSS:	63435944 kB
utc=2026-09-05T15:19:04Z msolve_pid=3508
VmPeak:	80215268 kB
VmSize:	80089180 kB
VmHWM:	63534588 kB
VmRSS:	63534588 kB
utc=2026-09-05T15:19:24Z msolve_pid=3508
VmPeak:	80238420 kB
VmSize:	80107348 kB
VmHWM:	63625768 kB
VmRSS:	63625768 kB
utc=2026-09-05T15:19:44Z msolve_pid=3508
VmPeak:	80322568 kB
VmSize:	80257032 kB
VmHWM:	63724292 kB
VmRSS:	63724292 kB
utc=2026-09-05T15:20:04Z msolve_pid=3508
VmPeak:	80475712 kB
VmSize:	80344640 kB
VmHWM:	63821928 kB
VmRSS:	63821928 kB
utc=2026-09-05T15:20:25Z msolve_pid=3508
VmPeak:	80493084 kB
VmSize:	80427548 kB
VmHWM:	63914304 kB
VmRSS:	63914304 kB
utc=2026-09-05T15:20:45Z msolve_pid=3508
VmPeak:	80711004 kB
VmSize:	80579932 kB
VmHWM:	64009744 kB
VmRSS:	64009744 kB
utc=2026-09-05T15:21:05Z msolve_pid=3508
VmPeak:	80863152 kB
VmSize:	80732080 kB
VmHWM:	64106800 kB
VmRSS:	64106800 kB
utc=2026-09-05T15:21:25Z msolve_pid=3508
VmPeak:	80883908 kB
VmSize:	80818372 kB
VmHWM:	64201232 kB
VmRSS:	64201232 kB
utc=2026-09-05T15:21:45Z msolve_pid=3508
VmPeak:	81035796 kB
VmSize:	80904724 kB
VmHWM:	64298528 kB
VmRSS:	64298528 kB
utc=2026-09-05T15:22:05Z msolve_pid=3508
VmPeak:	81056616 kB
VmSize:	80925544 kB
VmHWM:	64396352 kB
VmRSS:	64396352 kB
utc=2026-09-05T15:22:25Z msolve_pid=3508
VmPeak:	81208356 kB
VmSize:	81077284 kB
VmHWM:	64510104 kB
VmRSS:	64510104 kB
utc=2026-09-05T15:22:45Z msolve_pid=3508
VmPeak:	81232304 kB
VmSize:	81101232 kB
VmHWM:	64610452 kB
VmRSS:	64610452 kB
utc=2026-09-05T15:23:05Z msolve_pid=3508
VmPeak:	81317864 kB
VmSize:	81186792 kB
VmHWM:	64711584 kB
VmRSS:	64711584 kB
utc=2026-09-05T15:23:25Z msolve_pid=3508
VmPeak:	81415348 kB
VmSize:	81284276 kB
VmHWM:	64823444 kB
VmRSS:	64823444 kB
utc=2026-09-05T15:23:45Z msolve_pid=3508
VmPeak:	81635840 kB
VmSize:	81504768 kB
VmHWM:	64934196 kB
VmRSS:	64934196 kB
utc=2026-09-05T15:24:05Z msolve_pid=3508
VmPeak:	81720840 kB
VmSize:	81589768 kB
VmHWM:	65042776 kB
VmRSS:	65042776 kB
utc=2026-09-05T15:24:25Z msolve_pid=3508
VmPeak:	81749080 kB
VmSize:	81749080 kB
VmHWM:	65162484 kB
VmRSS:	65162484 kB
utc=2026-09-05T15:24:45Z msolve_pid=3508
VmPeak:	82109388 kB
VmSize:	81847244 kB
VmHWM:	65260288 kB
VmRSS:	65260288 kB
utc=2026-09-05T15:25:05Z msolve_pid=3508
VmPeak:	82109388 kB
VmSize:	81933152 kB
VmHWM:	65364676 kB
VmRSS:	65364676 kB
utc=2026-09-05T15:25:25Z msolve_pid=3508
VmPeak:	82109388 kB
VmSize:	81961540 kB
VmHWM:	65463048 kB
VmRSS:	65463048 kB
utc=2026-09-05T15:25:45Z msolve_pid=3508
VmPeak:	82247904 kB
VmSize:	82116832 kB
VmHWM:	65566576 kB
VmRSS:	65566576 kB
utc=2026-09-05T15:26:05Z msolve_pid=3508
VmPeak:	82344360 kB
VmSize:	82213484 kB
VmHWM:	65673852 kB
VmRSS:	65673852 kB
utc=2026-09-05T15:26:25Z msolve_pid=3508
VmPeak:	82503268 kB
VmSize:	82372340 kB
VmHWM:	65766976 kB
VmRSS:	65766976 kB
utc=2026-09-05T15:26:45Z msolve_pid=3508
VmPeak:	82592524 kB
VmSize:	82461452 kB
VmHWM:	65846988 kB
VmRSS:	65846988 kB
utc=2026-09-05T15:27:05Z msolve_pid=3508
VmPeak:	82747460 kB
VmSize:	82616388 kB
VmHWM:	65931652 kB
VmRSS:	65931652 kB
utc=2026-09-05T15:27:25Z msolve_pid=3508
VmPeak:	82836740 kB
VmSize:	82705668 kB
VmHWM:	66014724 kB
VmRSS:	66014724 kB
utc=2026-09-05T15:27:45Z msolve_pid=3508
VmPeak:	82862316 kB
VmSize:	82732256 kB
VmHWM:	66105684 kB
VmRSS:	66105684 kB
utc=2026-09-05T15:28:05Z msolve_pid=3508
VmPeak:	82951668 kB
VmSize:	82820596 kB
VmHWM:	66179768 kB
VmRSS:	66179768 kB
utc=2026-09-05T15:28:25Z msolve_pid=3508
VmPeak:	83097280 kB
VmSize:	82966208 kB
VmHWM:	66260724 kB
VmRSS:	66260724 kB
utc=2026-09-05T15:28:45Z msolve_pid=3508
VmPeak:	83114292 kB
VmSize:	82986140 kB
VmHWM:	66339468 kB
VmRSS:	66339468 kB
utc=2026-09-05T15:29:06Z msolve_pid=3508
VmPeak:	83262532 kB
VmSize:	83131460 kB
VmHWM:	66415716 kB
VmRSS:	66415716 kB
utc=2026-09-05T15:29:26Z msolve_pid=3508
VmPeak:	83340824 kB
VmSize:	83209752 kB
VmHWM:	66481492 kB
VmRSS:	66481492 kB
utc=2026-09-05T15:29:46Z msolve_pid=3508
VmPeak:	83418572 kB
VmSize:	83289312 kB
VmHWM:	66552944 kB
VmRSS:	66552944 kB
utc=2026-09-05T15:30:06Z msolve_pid=3508
VmPeak:	83489428 kB
VmSize:	83423892 kB
VmHWM:	66610576 kB
VmRSS:	66610576 kB
utc=2026-09-05T15:30:26Z msolve_pid=3508
VmPeak:	83558572 kB
VmSize:	83430084 kB
VmHWM:	66673328 kB
VmRSS:	66673328 kB
utc=2026-09-05T15:30:46Z msolve_pid=3508
VmPeak:	83561664 kB
VmSize:	83433140 kB
VmHWM:	66726500 kB
VmRSS:	66726500 kB
utc=2026-09-05T15:31:06Z msolve_pid=3508
VmPeak:	83633296 kB
VmSize:	83502732 kB
VmHWM:	66774880 kB
VmRSS:	66774880 kB
utc=2026-09-05T15:31:26Z msolve_pid=3508
VmPeak:	83832884 kB
VmSize:	83704100 kB
VmHWM:	66837680 kB
VmRSS:	66837680 kB
utc=2026-09-05T15:31:46Z msolve_pid=3508
VmPeak:	83837912 kB
VmSize:	83772376 kB
VmHWM:	66885564 kB
VmRSS:	66885564 kB
utc=2026-09-05T15:32:06Z msolve_pid=3508
VmPeak:	83906388 kB
VmSize:	83777268 kB
VmHWM:	66930328 kB
VmRSS:	66930328 kB
utc=2026-09-05T15:32:26Z msolve_pid=3508
VmPeak:	83909664 kB
VmSize:	83778904 kB
VmHWM:	66973840 kB
VmRSS:	66973840 kB
utc=2026-09-05T15:32:46Z msolve_pid=3508
VmPeak:	83977916 kB
VmSize:	83847104 kB
VmHWM:	67013868 kB
VmRSS:	67013868 kB
utc=2026-09-05T15:33:06Z msolve_pid=3508
VmPeak:	83979552 kB
VmSize:	83849168 kB
VmHWM:	67052040 kB
VmRSS:	67052040 kB
utc=2026-09-05T15:33:26Z msolve_pid=3508
VmPeak:	83981960 kB
VmSize:	83851232 kB
VmHWM:	67088572 kB
VmRSS:	67088572 kB
utc=2026-09-05T15:33:46Z msolve_pid=3508
VmPeak:	84048700 kB
VmSize:	83918488 kB
VmHWM:	67114060 kB
VmRSS:	67114060 kB
utc=2026-09-05T15:34:06Z msolve_pid=3508
VmPeak:	84049560 kB
VmSize:	83984708 kB
VmHWM:	67145696 kB
VmRSS:	67145696 kB
utc=2026-09-05T15:34:26Z msolve_pid=3508
VmPeak:	84049560 kB
VmSize:	83985036 kB
VmHWM:	67165372 kB
VmRSS:	67165372 kB
utc=2026-09-05T15:34:46Z msolve_pid=3508
VmPeak:	84049560 kB
VmSize:	83985496 kB
VmHWM:	67188564 kB
VmRSS:	67188564 kB
utc=2026-09-05T15:35:06Z msolve_pid=3508
VmPeak:	84049560 kB
VmSize:	83985496 kB
VmHWM:	67207748 kB
VmRSS:	67207748 kB
utc=2026-09-05T15:35:26Z msolve_pid=3508
VmPeak:	84051032 kB
VmSize:	84051032 kB
VmHWM:	67233348 kB
VmRSS:	67233348 kB
utc=2026-09-05T15:35:46Z msolve_pid=3508
VmPeak:	84182104 kB
VmSize:	84116568 kB
VmHWM:	67259272 kB
VmRSS:	67259272 kB
utc=2026-09-05T15:36:06Z msolve_pid=3508
VmPeak:	84182104 kB
VmSize:	84116568 kB
VmHWM:	67285784 kB
VmRSS:	67285784 kB
utc=2026-09-05T15:36:26Z msolve_pid=3508
VmPeak:	84182104 kB
VmSize:	84116568 kB
VmHWM:	67313260 kB
VmRSS:	67313260 kB
utc=2026-09-05T15:36:46Z msolve_pid=3508
VmPeak:	84182104 kB
VmSize:	84116568 kB
VmHWM:	67337848 kB
VmRSS:	67337848 kB
utc=2026-09-05T15:37:06Z msolve_pid=3508
VmPeak:	84182104 kB
VmSize:	84116568 kB
VmHWM:	67359880 kB
VmRSS:	67359880 kB
utc=2026-09-05T15:37:26Z msolve_pid=3508
VmPeak:	84182104 kB
VmSize:	84116568 kB
VmHWM:	67374508 kB
VmRSS:	67374508 kB
utc=2026-09-05T15:37:46Z msolve_pid=3508
VmPeak:	84182104 kB
VmSize:	84116568 kB
VmHWM:	67389880 kB
VmRSS:	67389880 kB
utc=2026-09-05T15:38:06Z msolve_pid=3508
VmPeak:	84182104 kB
VmSize:	84116568 kB
VmHWM:	67402876 kB
VmRSS:	67402876 kB
utc=2026-09-05T15:38:26Z msolve_pid=3508
VmPeak:	84182104 kB
VmSize:	84116568 kB
VmHWM:	67415208 kB
VmRSS:	67415208 kB
utc=2026-09-05T15:38:46Z msolve_pid=3508
VmPeak:	84313820 kB
VmSize:	84248284 kB
VmHWM:	67424968 kB
VmRSS:	67424968 kB
utc=2026-09-05T15:39:07Z msolve_pid=3508
VmPeak:	84313820 kB
VmSize:	84248284 kB
VmHWM:	67433080 kB
VmRSS:	67433080 kB
utc=2026-09-05T15:39:27Z msolve_pid=3508
VmPeak:	84313820 kB
VmSize:	84248284 kB
VmHWM:	67439016 kB
VmRSS:	67439016 kB
utc=2026-09-05T15:39:47Z msolve_pid=3508
VmPeak:	84313820 kB
VmSize:	84248284 kB
VmHWM:	67442568 kB
VmRSS:	67442568 kB
utc=2026-09-05T15:40:07Z msolve_pid=3508
VmPeak:	84313820 kB
VmSize:	84248284 kB
VmHWM:	67444884 kB
VmRSS:	67444884 kB
utc=2026-09-05T15:40:27Z msolve_pid=3508
VmPeak:	84313820 kB
VmSize:	84248284 kB
VmHWM:	67447176 kB
VmRSS:	67447176 kB
utc=2026-09-05T15:40:47Z msolve_pid=3508
VmPeak:	84313820 kB
VmSize:	84248284 kB
VmHWM:	67449268 kB
VmRSS:	67449268 kB
utc=2026-09-05T15:41:07Z msolve_pid=3508
VmPeak:	84313820 kB
VmSize:	84248284 kB
VmHWM:	67451064 kB
VmRSS:	67451064 kB
utc=2026-09-05T15:41:27Z msolve_pid=3508
VmPeak:	84313820 kB
VmSize:	84248284 kB
VmHWM:	67453020 kB
VmRSS:	67453020 kB
utc=2026-09-05T15:41:47Z msolve_pid=3508
VmPeak:	84313820 kB
VmSize:	84248284 kB
VmHWM:	67454368 kB
VmRSS:	67454368 kB
utc=2026-09-05T15:42:07Z msolve_pid=3508
VmPeak:	84313820 kB
VmSize:	84248284 kB
VmHWM:	67455448 kB
VmRSS:	67455448 kB
utc=2026-09-05T15:42:27Z msolve_pid=3508
VmPeak:	84313820 kB
VmSize:	84248284 kB
VmHWM:	67456140 kB
VmRSS:	67456140 kB
utc=2026-09-05T15:42:47Z msolve_pid=3508
VmPeak:	84313820 kB
VmSize:	84248284 kB
VmHWM:	67456752 kB
VmRSS:	67456752 kB
utc=2026-09-05T15:43:07Z msolve_pid=3508
VmPeak:	84313820 kB
VmSize:	84248284 kB
VmHWM:	67457480 kB
VmRSS:	67457480 kB
utc=2026-09-05T15:43:27Z msolve_pid=3508
VmPeak:	84313820 kB
VmSize:	84248284 kB
VmHWM:	67457828 kB
VmRSS:	67457828 kB
utc=2026-09-05T15:43:47Z msolve_pid=3508
VmPeak:	84313820 kB
VmSize:	84248284 kB
VmHWM:	67458108 kB
VmRSS:	67458108 kB
utc=2026-09-05T15:44:07Z msolve_pid=3508
VmPeak:	84313820 kB
VmSize:	84248284 kB
VmHWM:	67458260 kB
VmRSS:	67458260 kB
utc=2026-09-05T15:44:27Z msolve_pid=3508
VmPeak:	84313820 kB
VmSize:	84248284 kB
VmHWM:	67458300 kB
VmRSS:	67458300 kB
utc=2026-09-05T15:44:47Z msolve_pid=3508
VmPeak:	84313820 kB
VmSize:	82825424 kB
VmHWM:	67431880 kB
VmRSS:	66035444 kB
utc=2026-09-05T15:45:07Z msolve_pid=3508
VmPeak:	84313820 kB
VmSize:	82694352 kB
VmHWM:	67431880 kB
VmRSS:	66032988 kB
utc=2026-09-05T15:45:27Z msolve_pid=3508
VmPeak:	84313820 kB
VmSize:	82694352 kB
VmHWM:	67431880 kB
VmRSS:	66032988 kB
utc=2026-09-05T15:45:47Z msolve_pid=3508
VmPeak:	84313820 kB
VmSize:	82628816 kB
VmHWM:	67431880 kB
VmRSS:	66028360 kB
utc=2026-09-05T15:46:07Z msolve_pid=3508
VmPeak:	84313820 kB
VmSize:	82628816 kB
VmHWM:	67431880 kB
VmRSS:	66028360 kB
utc=2026-09-05T15:46:27Z msolve_pid=3508
VmPeak:	84313820 kB
VmSize:	82628816 kB
VmHWM:	67431880 kB
VmRSS:	66028360 kB
utc=2026-09-05T15:46:47Z msolve_pid=3508
VmPeak:	84313820 kB
VmSize:	82038992 kB
VmHWM:	67431880 kB
VmRSS:	65875576 kB
utc=2026-09-05T15:47:07Z msolve_pid=3508
VmPeak:	84313820 kB
VmSize:	81907920 kB
VmHWM:	67431880 kB
VmRSS:	65790952 kB
utc=2026-09-05T15:47:27Z msolve_pid=3508
VmPeak:	84313820 kB
VmSize:	81711312 kB
VmHWM:	67431880 kB
VmRSS:	65742948 kB
utc=2026-09-05T15:47:47Z msolve_pid=3508
VmPeak:	84313820 kB
VmSize:	80924880 kB
VmHWM:	67431880 kB
VmRSS:	65089252 kB
utc=2026-09-05T15:48:07Z msolve_pid=3508
VmPeak:	84313820 kB
VmSize:	80662736 kB
VmHWM:	67431880 kB
VmRSS:	64784416 kB
utc=2026-09-05T15:48:27Z msolve_pid=3508
VmPeak:	84313820 kB
VmSize:	79941840 kB
VmHWM:	67431880 kB
VmRSS:	64076516 kB
utc=2026-09-05T15:48:47Z msolve_pid=3508
VmPeak:	84313820 kB
VmSize:	79941840 kB
VmHWM:	67431880 kB
VmRSS:	63927836 kB
utc=2026-09-05T15:49:07Z msolve_pid=3508
VmPeak:	84313820 kB
VmSize:	79810768 kB
VmHWM:	67431880 kB
VmRSS:	63747404 kB
utc=2026-09-05T15:49:27Z msolve_pid=3508
VmPeak:	84313820 kB
VmSize:	76271824 kB
VmHWM:	67431880 kB
VmRSS:	60509376 kB
utc=2026-09-05T15:49:47Z msolve_pid=3508
VmPeak:	84313820 kB
VmSize:	69193936 kB
VmHWM:	67431880 kB
VmRSS:	53384556 kB
utc=2026-09-05T15:50:07Z msolve_pid=3508
VmPeak:	84313820 kB
VmSize:	64213200 kB
VmHWM:	67431880 kB
VmRSS:	48565260 kB
utc=2026-09-05T15:50:27Z msolve_pid=3508
VmPeak:	84313820 kB
VmSize:	66967356 kB
VmHWM:	67431880 kB
VmRSS:	52892456 kB
utc=2026-09-05T15:50:47Z msolve_pid=3508
VmPeak:	84313820 kB
VmSize:	66967356 kB
VmHWM:	67431880 kB
VmRSS:	55343280 kB
utc=2026-09-05T15:51:08Z msolve_pid=3508
VmPeak:	84313820 kB
VmSize:	83875644 kB
VmHWM:	67431880 kB
VmRSS:	59676500 kB
utc=2026-09-05T15:51:28Z msolve_pid=3508
VmPeak:	84313820 kB
VmSize:	83875644 kB
VmHWM:	67431880 kB
VmRSS:	61945560 kB
utc=2026-09-05T15:51:48Z msolve_pid=3508
VmPeak:	84313820 kB
VmSize:	83875644 kB
VmHWM:	67431880 kB
VmRSS:	64309136 kB
utc=2026-09-05T15:52:08Z msolve_pid=3508
VmPeak:	84313820 kB
VmSize:	83875644 kB
VmHWM:	67431880 kB
VmRSS:	66282908 kB
utc=2026-09-05T15:52:28Z msolve_pid=3508
VmPeak:	84313820 kB
VmSize:	83875644 kB
VmHWM:	68138212 kB
VmRSS:	68138212 kB
utc=2026-09-05T15:52:48Z msolve_pid=3508
VmPeak:	84313820 kB
VmSize:	83875644 kB
VmHWM:	69808292 kB
VmRSS:	69808292 kB
utc=2026-09-05T15:53:08Z msolve_pid=3508
VmPeak:	84313820 kB
VmSize:	83875644 kB
VmHWM:	72101188 kB
VmRSS:	72101188 kB
utc=2026-09-05T15:53:28Z msolve_pid=3508
VmPeak:	117692220 kB
VmSize:	117692220 kB
VmHWM:	77807732 kB
VmRSS:	77807732 kB
utc=2026-09-05T15:53:48Z msolve_pid=3508
VmPeak:	117692220 kB
VmSize:	117692220 kB
VmHWM:	79635120 kB
VmRSS:	79635120 kB
utc=2026-09-05T15:54:08Z msolve_pid=3508
VmPeak:	117692220 kB
VmSize:	117692220 kB
VmHWM:	81934088 kB
VmRSS:	81934088 kB
utc=2026-09-05T15:54:28Z msolve_pid=3508
VmPeak:	117692220 kB
VmSize:	117692220 kB
VmHWM:	83627180 kB
VmRSS:	83627180 kB
utc=2026-09-05T15:54:48Z msolve_pid=3508
VmPeak:	117692220 kB
VmSize:	117692220 kB
VmHWM:	85540380 kB
VmRSS:	85540380 kB
utc=2026-09-05T15:55:08Z msolve_pid=3508
VmPeak:	117692220 kB
VmSize:	117692220 kB
VmHWM:	87542132 kB
VmRSS:	87542132 kB
utc=2026-09-05T15:55:28Z msolve_pid=3508
VmPeak:	117692220 kB
VmSize:	117692220 kB
VmHWM:	88796396 kB
VmRSS:	88796396 kB
utc=2026-09-05T15:55:48Z msolve_pid=3508
VmPeak:	117692220 kB
VmSize:	117692220 kB
VmHWM:	90079088 kB
VmRSS:	90079088 kB
utc=2026-09-05T15:56:08Z msolve_pid=3508
VmPeak:	117692220 kB
VmSize:	117669284 kB
VmHWM:	90816440 kB
VmRSS:	90816440 kB
utc=2026-09-05T15:56:28Z msolve_pid=3508
VmPeak:	117692220 kB
VmSize:	117669760 kB
VmHWM:	91677524 kB
VmRSS:	91677524 kB
utc=2026-09-05T15:56:48Z msolve_pid=3508
VmPeak:	117692220 kB
VmSize:	117670012 kB
VmHWM:	92250920 kB
VmRSS:	92250920 kB
utc=2026-09-05T15:57:08Z msolve_pid=3508
VmPeak:	117692220 kB
VmSize:	117670012 kB
VmHWM:	92250920 kB
VmRSS:	92250920 kB
utc=2026-09-05T15:57:28Z msolve_pid=3508
VmPeak:	117692220 kB
VmSize:	117670012 kB
VmHWM:	92250920 kB
VmRSS:	92250920 kB
utc=2026-09-05T15:57:48Z msolve_pid=3508
VmPeak:	117692220 kB
VmSize:	117670012 kB
VmHWM:	92250920 kB
VmRSS:	92250920 kB
utc=2026-09-05T15:58:08Z msolve_pid=3508
VmPeak:	117692220 kB
VmSize:	117670012 kB
VmHWM:	92250920 kB
VmRSS:	92250920 kB
utc=2026-09-05T15:58:28Z msolve_pid=3508
VmPeak:	117692220 kB
VmSize:	117670012 kB
VmHWM:	92250920 kB
VmRSS:	92250920 kB
utc=2026-09-05T15:58:48Z msolve_pid=3508
VmPeak:	117692220 kB
VmSize:	117670012 kB
VmHWM:	92250920 kB
VmRSS:	92250920 kB
utc=2026-09-05T15:59:08Z msolve_pid=3508
VmPeak:	117692220 kB
VmSize:	117670012 kB
VmHWM:	92250920 kB
VmRSS:	92250920 kB
utc=2026-09-05T15:59:28Z msolve_pid=3508
VmPeak:	117692220 kB
VmSize:	117670012 kB
VmHWM:	92250920 kB
VmRSS:	92250920 kB
utc=2026-09-05T15:59:48Z msolve_pid=3508
VmPeak:	117692220 kB
VmSize:	117670012 kB
VmHWM:	92250920 kB
VmRSS:	92250920 kB
utc=2026-09-05T16:00:08Z msolve_pid=3508
VmPeak:	117692220 kB
VmSize:	117670012 kB
VmHWM:	92250920 kB
VmRSS:	92250920 kB
utc=2026-09-05T16:00:28Z msolve_pid=3508
VmPeak:	117692220 kB
VmSize:	117670012 kB
VmHWM:	92250920 kB
VmRSS:	92250920 kB
utc=2026-09-05T16:00:48Z msolve_pid=3508
VmPeak:	117692220 kB
VmSize:	117670012 kB
VmHWM:	92250920 kB
VmRSS:	92250920 kB
utc=2026-09-05T16:01:08Z msolve_pid=3508
VmPeak:	117692220 kB
VmSize:	117670012 kB
VmHWM:	92250920 kB
VmRSS:	92250920 kB
utc=2026-09-05T16:01:28Z msolve_pid=3508
VmPeak:	117692220 kB
VmSize:	117670012 kB
VmHWM:	92250920 kB
VmRSS:	92250920 kB
utc=2026-09-05T16:01:48Z msolve_pid=3508
VmPeak:	117692220 kB
VmSize:	117670012 kB
VmHWM:	92250920 kB
VmRSS:	92250920 kB
utc=2026-09-05T16:02:08Z msolve_pid=3508
VmPeak:	117692220 kB
VmSize:	117670012 kB
VmHWM:	92250920 kB
VmRSS:	92250920 kB
utc=2026-09-05T16:02:28Z msolve_pid=3508
VmPeak:	117692220 kB
VmSize:	117670012 kB
VmHWM:	92250920 kB
VmRSS:	92250920 kB
utc=2026-09-05T16:02:49Z msolve_pid=3508
VmPeak:	117692220 kB
VmSize:	117670012 kB
VmHWM:	92250920 kB
VmRSS:	92250920 kB
utc=2026-09-05T16:03:09Z msolve_pid=3508
VmPeak:	117692220 kB
VmSize:	117670012 kB
VmHWM:	92259560 kB
VmRSS:	92259560 kB
utc=2026-09-05T16:03:29Z msolve_pid=3508
VmPeak:	117692220 kB
VmSize:	117670012 kB
VmHWM:	92285440 kB
VmRSS:	92285440 kB
utc=2026-09-05T16:03:49Z msolve_pid=3508
VmPeak:	117692220 kB
VmSize:	117670012 kB
VmHWM:	92310788 kB
VmRSS:	92310788 kB
utc=2026-09-05T16:04:09Z msolve_pid=3508
VmPeak:	117692220 kB
VmSize:	117670012 kB
VmHWM:	92339052 kB
VmRSS:	92339052 kB
utc=2026-09-05T16:04:29Z msolve_pid=3508
VmPeak:	117692220 kB
VmSize:	117670012 kB
VmHWM:	92352336 kB
VmRSS:	92352336 kB
utc=2026-09-05T16:04:49Z msolve_pid=3508
VmPeak:	117692220 kB
VmSize:	117670012 kB
VmHWM:	92377156 kB
VmRSS:	92377156 kB
utc=2026-09-05T16:05:09Z msolve_pid=3508
VmPeak:	117692220 kB
VmSize:	117670012 kB
VmHWM:	92400060 kB
VmRSS:	92400060 kB
utc=2026-09-05T16:05:29Z msolve_pid=3508
VmPeak:	117692220 kB
VmSize:	117670012 kB
VmHWM:	92422480 kB
VmRSS:	92422480 kB
utc=2026-09-05T16:05:49Z msolve_pid=3508
VmPeak:	117692220 kB
VmSize:	117670012 kB
VmHWM:	92447568 kB
VmRSS:	92447568 kB
utc=2026-09-05T16:06:09Z msolve_pid=3508
VmPeak:	117692220 kB
VmSize:	117670012 kB
VmHWM:	92456576 kB
VmRSS:	92456576 kB
utc=2026-09-05T16:06:29Z msolve_pid=3508
VmPeak:	117692220 kB
VmSize:	117670012 kB
VmHWM:	92466352 kB
VmRSS:	92466352 kB
utc=2026-09-05T16:06:49Z msolve_pid=3508
VmPeak:	117692220 kB
VmSize:	117670012 kB
VmHWM:	92478968 kB
VmRSS:	92478968 kB
utc=2026-09-05T16:07:09Z msolve_pid=3508
VmPeak:	117692220 kB
VmSize:	117670012 kB
VmHWM:	92490776 kB
VmRSS:	92490776 kB
utc=2026-09-05T16:07:29Z msolve_pid=3508
VmPeak:	117692220 kB
VmSize:	117670012 kB
VmHWM:	92505212 kB
VmRSS:	92505212 kB
utc=2026-09-05T16:07:49Z msolve_pid=3508
VmPeak:	117692220 kB
VmSize:	117670012 kB
VmHWM:	92521668 kB
VmRSS:	92521668 kB
utc=2026-09-05T16:08:09Z msolve_pid=3508
VmPeak:	117692220 kB
VmSize:	117670012 kB
VmHWM:	92537284 kB
VmRSS:	92537284 kB
utc=2026-09-05T16:08:29Z msolve_pid=3508
VmPeak:	117692220 kB
VmSize:	117670012 kB
VmHWM:	92565576 kB
VmRSS:	92565576 kB
utc=2026-09-05T16:08:49Z msolve_pid=3508
VmPeak:	117692220 kB
VmSize:	117670012 kB
VmHWM:	92595204 kB
VmRSS:	92595204 kB
utc=2026-09-05T16:09:09Z msolve_pid=3508
VmPeak:	117894936 kB
VmSize:	117829400 kB
VmHWM:	101102740 kB
VmRSS:	101102740 kB
utc=2026-09-05T16:09:29Z msolve_pid=3508
VmPeak:	118157080 kB
VmSize:	118091544 kB
VmHWM:	101348704 kB
VmRSS:	101348704 kB
utc=2026-09-05T16:09:49Z msolve_pid=3508
VmPeak:	118288152 kB
VmSize:	118222616 kB
VmHWM:	101515352 kB
VmRSS:	101515352 kB
utc=2026-09-05T16:10:09Z msolve_pid=3508
VmPeak:	118288152 kB
VmSize:	118288152 kB
VmHWM:	101659200 kB
VmRSS:	101659200 kB
utc=2026-09-05T16:10:29Z msolve_pid=3508
VmPeak:	118419224 kB
VmSize:	118419224 kB
VmHWM:	101782752 kB
VmRSS:	101782752 kB
utc=2026-09-05T16:10:49Z msolve_pid=3508
VmPeak:	118681368 kB
VmSize:	118681368 kB
VmHWM:	101904660 kB
VmRSS:	101904660 kB
utc=2026-09-05T16:11:09Z msolve_pid=3508
VmPeak:	118812440 kB
VmSize:	118812440 kB
VmHWM:	102036136 kB
VmRSS:	102036136 kB
utc=2026-09-05T16:11:29Z msolve_pid=3508
VmPeak:	118943512 kB
VmSize:	118877976 kB
VmHWM:	102176148 kB
VmRSS:	102176148 kB
utc=2026-09-05T16:11:49Z msolve_pid=3508
VmPeak:	119140120 kB
VmSize:	119140120 kB
VmHWM:	102357004 kB
VmRSS:	102357004 kB
utc=2026-09-05T16:12:10Z msolve_pid=3508
VmPeak:	119533336 kB
VmSize:	119402264 kB
VmHWM:	102542024 kB
VmRSS:	102542024 kB
utc=2026-09-05T16:12:30Z msolve_pid=3508
VmPeak:	119598872 kB
VmSize:	119467800 kB
VmHWM:	102709108 kB
VmRSS:	102709108 kB
utc=2026-09-05T16:12:50Z msolve_pid=3508
VmPeak:	119795480 kB
VmSize:	119729944 kB
VmHWM:	102863488 kB
VmRSS:	102863488 kB
utc=2026-09-05T16:13:10Z msolve_pid=3508
VmPeak:	119795480 kB
VmSize:	119795480 kB
VmHWM:	103017444 kB
VmRSS:	103017444 kB
utc=2026-09-05T16:13:30Z msolve_pid=3508
VmPeak:	120188696 kB
VmSize:	120123160 kB
VmHWM:	103209812 kB
VmRSS:	103209812 kB
utc=2026-09-05T16:13:50Z msolve_pid=3508
VmPeak:	120319768 kB
VmSize:	120254232 kB
VmHWM:	103445476 kB
VmRSS:	103445476 kB
utc=2026-09-05T16:14:10Z msolve_pid=3508
VmPeak:	120450840 kB
VmSize:	120385304 kB
VmHWM:	103629700 kB
VmRSS:	103629700 kB
utc=2026-09-05T16:14:30Z msolve_pid=3508
VmPeak:	120647448 kB
VmSize:	120647448 kB
VmHWM:	103825736 kB
VmRSS:	103825736 kB
utc=2026-09-05T16:14:50Z msolve_pid=3508
VmPeak:	120909592 kB
VmSize:	120909592 kB
VmHWM:	104008836 kB
VmRSS:	104008836 kB
utc=2026-09-05T16:15:10Z msolve_pid=3508
VmPeak:	121171736 kB
VmSize:	121106200 kB
VmHWM:	104190980 kB
VmRSS:	104190980 kB
utc=2026-09-05T16:15:30Z msolve_pid=3508
VmPeak:	121302808 kB
VmSize:	121237272 kB
VmHWM:	104366344 kB
VmRSS:	104366344 kB
utc=2026-09-05T16:15:50Z msolve_pid=3508
VmPeak:	121433880 kB
VmSize:	121368344 kB
VmHWM:	104543980 kB
VmRSS:	104543980 kB
utc=2026-09-05T16:16:10Z msolve_pid=3508
VmPeak:	121696024 kB
VmSize:	121630488 kB
VmHWM:	104678676 kB
VmRSS:	104678676 kB
utc=2026-09-05T16:16:30Z msolve_pid=3508
VmPeak:	121827096 kB
VmSize:	121761560 kB
VmHWM:	104806248 kB
VmRSS:	104806248 kB
utc=2026-09-05T16:16:50Z msolve_pid=3508
VmPeak:	121892632 kB
VmSize:	121892632 kB
VmHWM:	104975872 kB
VmRSS:	104975872 kB
utc=2026-09-05T16:17:10Z msolve_pid=3508
VmPeak:	122023704 kB
VmSize:	121958168 kB
VmHWM:	105090880 kB
VmRSS:	105090880 kB
utc=2026-09-05T16:17:30Z msolve_pid=3508
VmPeak:	122023704 kB
VmSize:	122023704 kB
VmHWM:	105259772 kB
VmRSS:	105259772 kB
utc=2026-09-05T16:17:50Z msolve_pid=3508
VmPeak:	122351384 kB
VmSize:	122285848 kB
VmHWM:	105418688 kB
VmRSS:	105418688 kB
utc=2026-09-05T16:18:10Z msolve_pid=3508
VmPeak:	122679064 kB
VmSize:	122613528 kB
VmHWM:	105582812 kB
VmRSS:	105582812 kB
utc=2026-09-05T16:18:30Z msolve_pid=3508
VmPeak:	122744600 kB
VmSize:	122613528 kB
VmHWM:	105774332 kB
VmRSS:	105774332 kB
utc=2026-09-05T16:18:51Z msolve_pid=3508
VmPeak:	123006744 kB
VmSize:	122941208 kB
VmHWM:	105951376 kB
VmRSS:	105951376 kB
utc=2026-09-05T16:19:11Z msolve_pid=3508
VmPeak:	123268888 kB
VmSize:	123203352 kB
VmHWM:	106171156 kB
VmRSS:	106171156 kB
utc=2026-09-05T16:19:31Z msolve_pid=3508
VmPeak:	123399960 kB
VmSize:	123268888 kB
VmHWM:	106391508 kB
VmRSS:	106391508 kB
utc=2026-09-05T16:19:51Z msolve_pid=3508
VmPeak:	123596568 kB
VmSize:	123465496 kB
VmHWM:	106619680 kB
VmRSS:	106619680 kB
utc=2026-09-05T16:20:11Z msolve_pid=3508
VmPeak:	123924248 kB
VmSize:	123858712 kB
VmHWM:	106834800 kB
VmRSS:	106834800 kB
utc=2026-09-05T16:20:31Z msolve_pid=3508
VmPeak:	124120856 kB
VmSize:	124055320 kB
VmHWM:	107023260 kB
VmRSS:	107023260 kB
utc=2026-09-05T16:20:51Z msolve_pid=3508
VmPeak:	124317464 kB
VmSize:	124186392 kB
VmHWM:	107245236 kB
VmRSS:	107245236 kB
utc=2026-09-05T16:21:11Z msolve_pid=3508
VmPeak:	124448536 kB
VmSize:	124383000 kB
VmHWM:	107460440 kB
VmRSS:	107460440 kB
utc=2026-09-05T16:21:31Z msolve_pid=3508
VmPeak:	124645144 kB
VmSize:	124645144 kB
VmHWM:	107696544 kB
VmRSS:	107696544 kB
utc=2026-09-05T16:21:51Z msolve_pid=3508
VmPeak:	124972824 kB
VmSize:	124841752 kB
VmHWM:	107878820 kB
VmRSS:	107878820 kB
utc=2026-09-05T16:22:11Z msolve_pid=3508
VmPeak:	125038360 kB
VmSize:	124907288 kB
VmHWM:	108070728 kB
VmRSS:	108070728 kB
utc=2026-09-05T16:22:31Z msolve_pid=3508
VmPeak:	125038360 kB
VmSize:	124907288 kB
VmHWM:	108247536 kB
VmRSS:	108247536 kB
