Running as unit: run-ra2712359bd164a0c8b7e8a553b254f38.scope; invocation ID: 77f35b86256a4358854200ea03e29c25
	Command being timed: "timeout 21600 ./run_v62d.sh v-h-zero"
	User time (seconds): 993.91
	System time (seconds): 0.49
	Percent of CPU this job got: 99%
	Elapsed (wall clock) time (h:mm:ss or m:ss): 16:34.43
	Average shared text size (kbytes): 0
	Average unshared data size (kbytes): 0
	Average stack size (kbytes): 0
	Average total size (kbytes): 0
	Maximum resident set size (kbytes): 555196
	Average resident set size (kbytes): 0
	Major (requiring I/O) page faults: 0
	Minor (reclaiming a frame) page faults: 246996
	Voluntary context switches: 7
	Involuntary context switches: 1631
	Swaps: 0
	File system inputs: 0
	File system outputs: 6536
	Socket messages sent: 0
	Socket messages received: 0
	Signals delivered: 0
	Page size (bytes): 4096
	Exit status: 0
