utc=2026-09-05T14:12:07Z
pid=
utc=2026-09-05T14:12:27Z
pid=3176
VmPeak:	  892876 kB
VmSize:	  892876 kB
VmHWM:	  616724 kB
VmRSS:	  616724 kB
utc=2026-09-05T14:12:47Z
pid=3176
VmPeak:	 1340244 kB
VmSize:	 1340244 kB
VmHWM:	 1063428 kB
VmRSS:	 1063428 kB
utc=2026-09-05T14:13:07Z
pid=3176
VmPeak:	 1669168 kB
VmSize:	 1669168 kB
VmHWM:	 1393684 kB
VmRSS:	 1393684 kB
utc=2026-09-05T14:13:27Z
pid=3176
VmPeak:	 1775092 kB
VmSize:	 1775092 kB
VmHWM:	 1498044 kB
VmRSS:	 1498044 kB
utc=2026-09-05T14:13:47Z
pid=3176
VmPeak:	 1987244 kB
VmSize:	 1987244 kB
VmHWM:	 1710252 kB
VmRSS:	 1710252 kB
utc=2026-09-05T14:14:07Z
pid=3176
VmPeak:	 2244068 kB
VmSize:	 2244068 kB
VmHWM:	 1968500 kB
VmRSS:	 1968500 kB
utc=2026-09-05T14:14:27Z
pid=3176
VmPeak:	 2609228 kB
VmSize:	 2607184 kB
VmHWM:	 2331624 kB
VmRSS:	 2331624 kB
utc=2026-09-05T14:14:47Z
pid=3176
VmPeak:	 2925184 kB
VmSize:	 2925184 kB
VmHWM:	 2649576 kB
VmRSS:	 2649576 kB
utc=2026-09-05T14:15:07Z
pid=3176
VmPeak:	 3134352 kB
VmSize:	 3134352 kB
VmHWM:	 2858812 kB
VmRSS:	 2858812 kB
utc=2026-09-05T14:15:27Z
pid=3176
VmPeak:	 3345548 kB
VmSize:	 3345548 kB
VmHWM:	 3069808 kB
VmRSS:	 3069808 kB
utc=2026-09-05T14:15:47Z
pid=3176
VmPeak:	 3548556 kB
VmSize:	 3548556 kB
VmHWM:	 3272428 kB
VmRSS:	 3272316 kB
utc=2026-09-05T14:16:07Z
pid=3176
VmPeak:	 3786312 kB
VmSize:	 3786312 kB
VmHWM:	 3510176 kB
VmRSS:	 3509564 kB
utc=2026-09-05T14:16:27Z
pid=3176
VmPeak:	 3987236 kB
VmSize:	 3987236 kB
VmHWM:	 3710876 kB
VmRSS:	 3710876 kB
utc=2026-09-05T14:16:47Z
pid=3176
VmPeak:	 4210800 kB
VmSize:	 4208752 kB
VmHWM:	 3934632 kB
VmRSS:	 3933248 kB
utc=2026-09-05T14:17:07Z
pid=3176
VmPeak:	 4450876 kB
VmSize:	 4450876 kB
VmHWM:	 4174816 kB
VmRSS:	 4173460 kB
utc=2026-09-05T14:17:27Z
pid=3176
VmPeak:	 4725688 kB
VmSize:	 4725688 kB
VmHWM:	 4449472 kB
VmRSS:	 4449472 kB
utc=2026-09-05T14:17:47Z
pid=3176
VmPeak:	 4914420 kB
VmSize:	 4914420 kB
VmHWM:	 4637952 kB
VmRSS:	 4637952 kB
utc=2026-09-05T14:18:07Z
pid=3176
VmPeak:	 5132032 kB
VmSize:	 5132032 kB
VmHWM:	 4855728 kB
VmRSS:	 4855728 kB
utc=2026-09-05T14:18:27Z
pid=3176
VmPeak:	 5367652 kB
VmSize:	 5367652 kB
VmHWM:	 5091072 kB
VmRSS:	 5091072 kB
utc=2026-09-05T14:18:47Z
pid=3176
VmPeak:	 5543888 kB
VmSize:	 5543888 kB
VmHWM:	 5268432 kB
VmRSS:	 5268432 kB
utc=2026-09-05T14:19:07Z
pid=3176
VmPeak:	 5707796 kB
VmSize:	 5707796 kB
VmHWM:	 5431356 kB
VmRSS:	 5431356 kB
utc=2026-09-05T14:19:27Z
pid=3176
VmPeak:	 5869716 kB
VmSize:	 5869716 kB
VmHWM:	 5592724 kB
VmRSS:	 5592724 kB
utc=2026-09-05T14:19:47Z
pid=3176
VmPeak:	 6029668 kB
VmSize:	 6027624 kB
VmHWM:	 5753612 kB
VmRSS:	 5752168 kB
utc=2026-09-05T14:20:07Z
pid=3176
VmPeak:	 6203952 kB
VmSize:	 6203952 kB
VmHWM:	 5927436 kB
VmRSS:	 5927436 kB
utc=2026-09-05T14:20:27Z
pid=3176
VmPeak:	 6398652 kB
VmSize:	 6398652 kB
VmHWM:	 6123204 kB
VmRSS:	 6123204 kB
utc=2026-09-05T14:20:47Z
pid=3176
VmPeak:	 6542104 kB
VmSize:	 6542104 kB
VmHWM:	 6265116 kB
VmRSS:	 6265116 kB
utc=2026-09-05T14:21:07Z
pid=3176
VmPeak:	 6644588 kB
VmSize:	 6644588 kB
VmHWM:	 6367628 kB
VmRSS:	 6367628 kB
utc=2026-09-05T14:21:27Z
pid=3176
VmPeak:	 6763468 kB
VmSize:	 6763468 kB
VmHWM:	 6486516 kB
VmRSS:	 6486516 kB
utc=2026-09-05T14:21:47Z
pid=3176
VmPeak:	 6906916 kB
VmSize:	 6906916 kB
VmHWM:	 6630316 kB
VmRSS:	 6630316 kB
utc=2026-09-05T14:22:07Z
pid=3176
VmPeak:	 7072900 kB
VmSize:	 7072900 kB
VmHWM:	 6796844 kB
VmRSS:	 6795628 kB
utc=2026-09-05T14:22:27Z
pid=3176
VmPeak:	 7222512 kB
VmSize:	 7222512 kB
VmHWM:	 6946180 kB
VmRSS:	 6946180 kB
utc=2026-09-05T14:22:47Z
pid=3176
VmPeak:	 7359872 kB
VmSize:	 7359872 kB
VmHWM:	 7084420 kB
VmRSS:	 7084420 kB
utc=2026-09-05T14:23:07Z
pid=3176
VmPeak:	 7511548 kB
VmSize:	 7511548 kB
VmHWM:	 7234980 kB
VmRSS:	 7234980 kB
utc=2026-09-05T14:23:27Z
pid=3176
VmPeak:	 7661340 kB
VmSize:	 7661340 kB
VmHWM:	 7385772 kB
VmRSS:	 7385772 kB
utc=2026-09-05T14:23:47Z
pid=3176
VmPeak:	 7802820 kB
VmSize:	 7802820 kB
VmHWM:	 7526636 kB
VmRSS:	 7526012 kB
utc=2026-09-05T14:24:07Z
pid=3176
VmPeak:	 8020128 kB
VmSize:	 8020128 kB
VmHWM:	 7743544 kB
VmRSS:	 7743544 kB
utc=2026-09-05T14:24:27Z
pid=3176
VmPeak:	 8208688 kB
VmSize:	 8208688 kB
VmHWM:	 7931432 kB
VmRSS:	 7931432 kB
utc=2026-09-05T14:24:47Z
pid=3176
VmPeak:	 8335740 kB
VmSize:	 8335740 kB
VmHWM:	 8060220 kB
VmRSS:	 8060220 kB
utc=2026-09-05T14:25:07Z
pid=3176
VmPeak:	 8516084 kB
VmSize:	 8516084 kB
VmHWM:	 8238960 kB
VmRSS:	 8238960 kB
utc=2026-09-05T14:25:27Z
pid=3176
VmPeak:	 8723100 kB
VmSize:	 8723100 kB
VmHWM:	 8447584 kB
VmRSS:	 8447584 kB
utc=2026-09-05T14:25:48Z
pid=3176
VmPeak:	 8946532 kB
VmSize:	 8946532 kB
VmHWM:	 8670336 kB
VmRSS:	 8670336 kB
utc=2026-09-05T14:26:08Z
pid=3176
VmPeak:	 9053068 kB
VmSize:	 9053068 kB
VmHWM:	 8777592 kB
VmRSS:	 8777592 kB
utc=2026-09-05T14:26:28Z
pid=3176
VmPeak:	 9122720 kB
VmSize:	 9122720 kB
VmHWM:	 8846952 kB
VmRSS:	 8846952 kB
utc=2026-09-05T14:26:48Z
pid=3176
VmPeak:	 9161644 kB
VmSize:	 9161644 kB
VmHWM:	 8884904 kB
VmRSS:	 8884904 kB
utc=2026-09-05T14:27:08Z
pid=3176
VmPeak:	 9260028 kB
VmSize:	 9260028 kB
VmHWM:	 8984552 kB
VmRSS:	 8984552 kB
utc=2026-09-05T14:27:28Z
pid=3176
VmPeak:	 9395256 kB
VmSize:	 9380924 kB
VmHWM:	 9119172 kB
VmRSS:	 9104968 kB
utc=2026-09-05T14:27:48Z
pid=3176
VmPeak:	 9532540 kB
VmSize:	 9532540 kB
VmHWM:	 9257064 kB
VmRSS:	 9257064 kB
utc=2026-09-05T14:28:08Z
pid=3176
VmPeak:	 9653440 kB
VmSize:	 9653440 kB
VmHWM:	 9377968 kB
VmRSS:	 9377968 kB
utc=2026-09-05T14:28:28Z
pid=3176
VmPeak:	 9778448 kB
VmSize:	 9778448 kB
VmHWM:	 9501296 kB
VmRSS:	 9501296 kB
utc=2026-09-05T14:28:48Z
pid=3176
VmPeak:	 9923920 kB
VmSize:	 9921876 kB
VmHWM:	 9647852 kB
VmRSS:	 9646400 kB
utc=2026-09-05T14:29:08Z
pid=3176
VmPeak:	10114452 kB
VmSize:	10114452 kB
VmHWM:	 9837788 kB
VmRSS:	 9837788 kB
utc=2026-09-05T14:29:28Z
pid=3176
VmPeak:	10227124 kB
VmSize:	10227124 kB
VmHWM:	 9950232 kB
VmRSS:	 9950232 kB
utc=2026-09-05T14:29:48Z
pid=3176
VmPeak:	10380788 kB
VmSize:	10380788 kB
VmHWM:	10104804 kB
VmRSS:	10104804 kB
utc=2026-09-05T14:30:08Z
pid=3176
VmPeak:	10481204 kB
VmSize:	10481204 kB
VmHWM:	10205728 kB
VmRSS:	10205728 kB
utc=2026-09-05T14:30:28Z
pid=3176
VmPeak:	10669684 kB
VmSize:	10669684 kB
VmHWM:	10394208 kB
VmRSS:	10394208 kB
utc=2026-09-05T14:30:48Z
pid=3176
VmPeak:	10765976 kB
VmSize:	10765976 kB
VmHWM:	10490504 kB
VmRSS:	10490504 kB
utc=2026-09-05T14:31:08Z
pid=3176
VmPeak:	10995472 kB
VmSize:	10995472 kB
VmHWM:	10718784 kB
VmRSS:	10718784 kB
utc=2026-09-05T14:31:28Z
pid=3176
VmPeak:	11098056 kB
VmSize:	11098056 kB
VmHWM:	10822488 kB
VmRSS:	10822488 kB
utc=2026-09-05T14:31:48Z
pid=3176
VmPeak:	11231188 kB
VmSize:	11231188 kB
VmHWM:	10955620 kB
VmRSS:	10955620 kB
utc=2026-09-05T14:32:08Z
pid=3176
VmPeak:	11370476 kB
VmSize:	11368432 kB
VmHWM:	11094312 kB
VmRSS:	11092860 kB
utc=2026-09-05T14:32:28Z
pid=3176
VmPeak:	11556944 kB
VmSize:	11556944 kB
VmHWM:	11281376 kB
VmRSS:	11281376 kB
utc=2026-09-05T14:32:48Z
pid=3176
VmPeak:	11692248 kB
VmSize:	11692248 kB
VmHWM:	11416100 kB
VmRSS:	11416100 kB
utc=2026-09-05T14:33:08Z
pid=3176
VmPeak:	11821352 kB
VmSize:	11821352 kB
VmHWM:	11545780 kB
VmRSS:	11545780 kB
utc=2026-09-05T14:33:28Z
pid=3176
VmPeak:	12059096 kB
VmSize:	12059096 kB
VmHWM:	11783524 kB
VmRSS:	11783524 kB
utc=2026-09-05T14:33:48Z
pid=3176
VmPeak:	12253784 kB
VmSize:	12253784 kB
VmHWM:	11978212 kB
VmRSS:	11978212 kB
utc=2026-09-05T14:34:08Z
pid=3176
VmPeak:	12268120 kB
VmSize:	12268120 kB
VmHWM:	11992028 kB
VmRSS:	11992028 kB
utc=2026-09-05T14:34:28Z
pid=3176
VmPeak:	12268120 kB
VmSize:	12268120 kB
VmHWM:	11992028 kB
VmRSS:	11992028 kB
utc=2026-09-05T14:34:48Z
pid=3176
VmPeak:	12370532 kB
VmSize:	12370532 kB
VmHWM:	12093248 kB
VmRSS:	12093248 kB
utc=2026-09-05T14:35:08Z
pid=3176
VmPeak:	12370532 kB
VmSize:	12370532 kB
VmHWM:	12094960 kB
VmRSS:	12094960 kB
utc=2026-09-05T14:35:28Z
pid=3176
VmPeak:	12370532 kB
VmSize:	12370532 kB
VmHWM:	12094960 kB
VmRSS:	12094960 kB
utc=2026-09-05T14:35:48Z
pid=3176
VmPeak:	12374628 kB
VmSize:	12374628 kB
VmHWM:	12098544 kB
VmRSS:	12098544 kB
utc=2026-09-05T14:36:08Z
pid=3176
VmPeak:	12374628 kB
VmSize:	12374628 kB
VmHWM:	12098544 kB
VmRSS:	12098544 kB
utc=2026-09-05T14:36:28Z
pid=3176
VmPeak:	12421736 kB
VmSize:	12421736 kB
VmHWM:	12146164 kB
VmRSS:	12146164 kB
utc=2026-09-05T14:36:48Z
pid=3176
VmPeak:	12444268 kB
VmSize:	12444268 kB
VmHWM:	12168588 kB
VmRSS:	12168588 kB
utc=2026-09-05T14:37:08Z
pid=3176
VmPeak:	12444268 kB
VmSize:	12444268 kB
VmHWM:	12168588 kB
VmRSS:	12168588 kB
utc=2026-09-05T14:37:28Z
pid=3176
VmPeak:	12503672 kB
VmSize:	12503672 kB
VmHWM:	12227144 kB
VmRSS:	12227144 kB
utc=2026-09-05T14:37:48Z
pid=3176
VmPeak:	12505720 kB
VmSize:	12505720 kB
VmHWM:	12228980 kB
VmRSS:	12228980 kB
utc=2026-09-05T14:38:08Z
pid=3176
VmPeak:	12587660 kB
VmSize:	12587660 kB
VmHWM:	12310932 kB
VmRSS:	12310932 kB
utc=2026-09-05T14:38:28Z
pid=3176
VmPeak:	12694168 kB
VmSize:	12694168 kB
VmHWM:	12417924 kB
VmRSS:	12417924 kB
utc=2026-09-05T14:38:48Z
pid=3176
VmPeak:	12712600 kB
VmSize:	12712600 kB
VmHWM:	12437032 kB
VmRSS:	12437032 kB
utc=2026-09-05T14:39:08Z
pid=3176
VmPeak:	12712600 kB
VmSize:	12712600 kB
VmHWM:	12437032 kB
VmRSS:	12437032 kB
utc=2026-09-05T14:39:28Z
pid=3176
VmPeak:	12712600 kB
VmSize:	12712600 kB
VmHWM:	12437032 kB
VmRSS:	12437032 kB
utc=2026-09-05T14:39:48Z
pid=3176
VmPeak:	12757660 kB
VmSize:	12757660 kB
VmHWM:	12481788 kB
VmRSS:	12481788 kB
utc=2026-09-05T14:40:08Z
pid=3176
VmPeak:	12778144 kB
VmSize:	12778144 kB
VmHWM:	12502572 kB
VmRSS:	12502572 kB
utc=2026-09-05T14:40:28Z
pid=3176
VmPeak:	12798624 kB
VmSize:	12798624 kB
VmHWM:	12521516 kB
VmRSS:	12521516 kB
utc=2026-09-05T14:40:49Z
pid=3176
VmPeak:	12831400 kB
VmSize:	12831400 kB
VmHWM:	12553808 kB
VmRSS:	12553808 kB
utc=2026-09-05T14:41:09Z
pid=3176
VmPeak:	12929720 kB
VmSize:	12929720 kB
VmHWM:	12654152 kB
VmRSS:	12654152 kB
utc=2026-09-05T14:41:29Z
pid=3176
VmPeak:	12995272 kB
VmSize:	12995272 kB
VmHWM:	12718364 kB
VmRSS:	12718364 kB
utc=2026-09-05T14:41:49Z
pid=3176
VmPeak:	13042376 kB
VmSize:	13042376 kB
VmHWM:	12766808 kB
VmRSS:	12766808 kB
utc=2026-09-05T14:42:09Z
pid=3176
VmPeak:	13105872 kB
VmSize:	13105872 kB
VmHWM:	12829276 kB
VmRSS:	12829276 kB
utc=2026-09-05T14:42:29Z
pid=3176
VmPeak:	13122256 kB
VmSize:	13122256 kB
VmHWM:	12846584 kB
VmRSS:	12846584 kB
utc=2026-09-05T14:42:49Z
pid=3176
VmPeak:	13122256 kB
VmSize:	13122256 kB
VmHWM:	12846584 kB
VmRSS:	12846584 kB
utc=2026-09-05T14:43:09Z
pid=3176
VmPeak:	13195988 kB
VmSize:	13195988 kB
VmHWM:	12920232 kB
VmRSS:	12920232 kB
utc=2026-09-05T14:43:29Z
pid=3176
VmPeak:	13195988 kB
VmSize:	13195988 kB
VmHWM:	12920420 kB
VmRSS:	12920420 kB
utc=2026-09-05T14:43:49Z
pid=3176
VmPeak:	13280028 kB
VmSize:	13280028 kB
VmHWM:	13002772 kB
VmRSS:	13002772 kB
utc=2026-09-05T14:44:09Z
pid=3176
VmPeak:	13413156 kB
VmSize:	13413156 kB
VmHWM:	13136684 kB
VmRSS:	13136684 kB
utc=2026-09-05T14:44:29Z
pid=3176
VmPeak:	13443876 kB
VmSize:	13443876 kB
VmHWM:	13168308 kB
VmRSS:	13168308 kB
utc=2026-09-05T14:44:49Z
pid=3176
VmPeak:	13527852 kB
VmSize:	13527852 kB
VmHWM:	13251116 kB
VmRSS:	13251116 kB
utc=2026-09-05T14:45:09Z
pid=3176
VmPeak:	13533996 kB
VmSize:	13533996 kB
VmHWM:	13257796 kB
VmRSS:	13257796 kB
utc=2026-09-05T14:45:29Z
pid=3176
VmPeak:	13533996 kB
VmSize:	13533996 kB
VmHWM:	13257796 kB
VmRSS:	13257796 kB
utc=2026-09-05T14:45:49Z
pid=3176
VmPeak:	13533996 kB
VmSize:	13533996 kB
VmHWM:	13257796 kB
VmRSS:	13257796 kB
utc=2026-09-05T14:46:09Z
pid=3176
VmPeak:	13656896 kB
VmSize:	13656896 kB
VmHWM:	13381324 kB
VmRSS:	13381324 kB
utc=2026-09-05T14:46:29Z
pid=3176
VmPeak:	13767540 kB
VmSize:	13767540 kB
VmHWM:	13491964 kB
VmRSS:	13491964 kB
utc=2026-09-05T14:46:49Z
pid=3176
VmPeak:	13906840 kB
VmSize:	13906840 kB
VmHWM:	13631268 kB
VmRSS:	13631268 kB
utc=2026-09-05T14:47:09Z
pid=3176
VmPeak:	13980576 kB
VmSize:	13980576 kB
VmHWM:	13704740 kB
VmRSS:	13704740 kB
utc=2026-09-05T14:47:29Z
pid=3176
VmPeak:	14037948 kB
VmSize:	14035900 kB
VmHWM:	13759728 kB
VmRSS:	13758640 kB
utc=2026-09-05T14:47:49Z
pid=3176
VmPeak:	14134228 kB
VmSize:	14134228 kB
VmHWM:	13858084 kB
VmRSS:	13858084 kB
utc=2026-09-05T14:48:09Z
pid=3176
VmPeak:	14179288 kB
VmSize:	14179288 kB
VmHWM:	13903720 kB
VmRSS:	13903720 kB
utc=2026-09-05T14:48:29Z
pid=3176
VmPeak:	14238704 kB
VmSize:	14238704 kB
VmHWM:	13963132 kB
VmRSS:	13963132 kB
utc=2026-09-05T14:48:49Z
pid=3176
VmPeak:	14404648 kB
VmSize:	14404648 kB
VmHWM:	14127404 kB
VmRSS:	14127404 kB
utc=2026-09-05T14:49:09Z
pid=3176
VmPeak:	14474288 kB
VmSize:	14474288 kB
VmHWM:	14196748 kB
VmRSS:	14196748 kB
utc=2026-09-05T14:49:29Z
pid=3176
VmPeak:	14474288 kB
VmSize:	14474288 kB
VmHWM:	14196748 kB
VmRSS:	14196748 kB
utc=2026-09-05T14:49:49Z
pid=3176
VmPeak:	14560328 kB
VmSize:	14560328 kB
VmHWM:	14283900 kB
VmRSS:	14283900 kB
utc=2026-09-05T14:50:09Z
pid=3176
VmPeak:	14695520 kB
VmSize:	14695520 kB
VmHWM:	14419356 kB
VmRSS:	14419356 kB
utc=2026-09-05T14:50:29Z
pid=3176
VmPeak:	14783596 kB
VmSize:	14783596 kB
VmHWM:	14508028 kB
VmRSS:	14508028 kB
utc=2026-09-05T14:50:49Z
pid=3176
VmPeak:	14859376 kB
VmSize:	14859376 kB
VmHWM:	14583152 kB
VmRSS:	14583152 kB
utc=2026-09-05T14:51:09Z
pid=3176
VmPeak:	14888060 kB
VmSize:	14888060 kB
VmHWM:	14611216 kB
VmRSS:	14611216 kB
utc=2026-09-05T14:51:29Z
pid=3176
VmPeak:	15150244 kB
VmSize:	15150244 kB
VmHWM:	14873064 kB
VmRSS:	14873064 kB
utc=2026-09-05T14:51:49Z
pid=3176
VmPeak:	15150244 kB
VmSize:	15150244 kB
VmHWM:	14874676 kB
VmRSS:	14874676 kB
utc=2026-09-05T14:52:09Z
pid=3176
VmPeak:	15195300 kB
VmSize:	15195300 kB
VmHWM:	14917984 kB
VmRSS:	14917984 kB
utc=2026-09-05T14:52:29Z
pid=3176
VmPeak:	15205544 kB
VmSize:	15205544 kB
VmHWM:	14928996 kB
VmRSS:	14928996 kB
utc=2026-09-05T14:52:49Z
pid=3176
VmPeak:	15279280 kB
VmSize:	15279280 kB
VmHWM:	15003116 kB
VmRSS:	15003116 kB
utc=2026-09-05T14:53:09Z
pid=3176
VmPeak:	15373504 kB
VmSize:	15373504 kB
VmHWM:	15097936 kB
VmRSS:	15097936 kB
utc=2026-09-05T14:53:29Z
pid=3176
VmPeak:	15555820 kB
VmSize:	15553772 kB
VmHWM:	15279664 kB
VmRSS:	15278204 kB
utc=2026-09-05T14:53:49Z
pid=3176
VmPeak:	15721732 kB
VmSize:	15721732 kB
VmHWM:	15446160 kB
VmRSS:	15446160 kB
utc=2026-09-05T14:54:09Z
pid=3176
VmPeak:	15721732 kB
VmSize:	15721732 kB
VmHWM:	15446160 kB
VmRSS:	15446160 kB
utc=2026-09-05T14:54:29Z
pid=3176
VmPeak:	15770888 kB
VmSize:	15770888 kB
VmHWM:	15494060 kB
VmRSS:	15494060 kB
utc=2026-09-05T14:54:49Z
pid=3176
VmPeak:	15842580 kB
VmSize:	15842580 kB
VmHWM:	15567012 kB
VmRSS:	15567012 kB
utc=2026-09-05T14:55:09Z
pid=3176
VmPeak:	15914272 kB
VmSize:	15914272 kB
VmHWM:	15638700 kB
VmRSS:	15638700 kB
utc=2026-09-05T14:55:29Z
pid=3176
VmPeak:	16049472 kB
VmSize:	16049472 kB
VmHWM:	15772848 kB
VmRSS:	15772848 kB
utc=2026-09-05T14:55:50Z
pid=3176
VmPeak:	16192848 kB
VmSize:	16192848 kB
VmHWM:	15915560 kB
VmRSS:	15915560 kB
utc=2026-09-05T14:56:10Z
pid=3176
VmPeak:	16303500 kB
VmSize:	16303500 kB
VmHWM:	16026500 kB
VmRSS:	16026500 kB
utc=2026-09-05T14:56:30Z
pid=3176
VmPeak:	16440732 kB
VmSize:	16440732 kB
VmHWM:	16163300 kB
VmRSS:	16163300 kB
utc=2026-09-05T14:56:50Z
pid=3176
VmPeak:	16483752 kB
VmSize:	16483752 kB
VmHWM:	16208244 kB
VmRSS:	16208244 kB
utc=2026-09-05T14:57:10Z
pid=3176
VmPeak:	16604604 kB
VmSize:	16604604 kB
VmHWM:	16329096 kB
VmRSS:	16329096 kB
utc=2026-09-05T14:57:30Z
pid=3176
VmPeak:	16778728 kB
VmSize:	16778728 kB
VmHWM:	16503220 kB
VmRSS:	16503220 kB
utc=2026-09-05T14:57:50Z
pid=3176
VmPeak:	16942644 kB
VmSize:	16936508 kB
VmHWM:	16666540 kB
VmRSS:	16660060 kB
utc=2026-09-05T14:58:10Z
pid=3176
VmPeak:	17102436 kB
VmSize:	17102436 kB
VmHWM:	16825376 kB
VmRSS:	16825376 kB
utc=2026-09-05T14:58:30Z
pid=3176
VmPeak:	17321748 kB
VmSize:	17321748 kB
VmHWM:	17046284 kB
VmRSS:	17046284 kB
utc=2026-09-05T14:58:50Z
pid=3176
VmPeak:	17418016 kB
VmSize:	17415968 kB
VmHWM:	17140504 kB
VmRSS:	17140504 kB
utc=2026-09-05T14:59:10Z
pid=3176
VmPeak:	17504048 kB
VmSize:	17504048 kB
VmHWM:	17227076 kB
VmRSS:	17227076 kB
utc=2026-09-05T14:59:30Z
pid=3176
VmPeak:	17622864 kB
VmSize:	17622864 kB
VmHWM:	17345952 kB
VmRSS:	17345952 kB
utc=2026-09-05T14:59:50Z
pid=3176
VmPeak:	17741664 kB
VmSize:	17741664 kB
VmHWM:	17465316 kB
VmRSS:	17465316 kB
utc=2026-09-05T15:00:10Z
pid=3176
VmPeak:	17862580 kB
VmSize:	17862580 kB
VmHWM:	17586672 kB
VmRSS:	17586672 kB
utc=2026-09-05T15:00:30Z
pid=3176
VmPeak:	18073792 kB
VmSize:	18073792 kB
VmHWM:	17798220 kB
VmRSS:	17798220 kB
utc=2026-09-05T15:00:50Z
pid=3176
VmPeak:	18256136 kB
VmSize:	18256136 kB
VmHWM:	17979068 kB
VmRSS:	17979068 kB
utc=2026-09-05T15:01:10Z
pid=3176
VmPeak:	18415948 kB
VmSize:	18415948 kB
VmHWM:	18140480 kB
VmRSS:	18140480 kB
utc=2026-09-05T15:01:30Z
pid=3176
VmPeak:	18555256 kB
VmSize:	18555256 kB
VmHWM:	18279792 kB
VmRSS:	18279792 kB
utc=2026-09-05T15:01:50Z
pid=3176
VmPeak:	18698696 kB
VmSize:	18698696 kB
VmHWM:	18423232 kB
VmRSS:	18423232 kB
utc=2026-09-05T15:02:10Z
pid=3176
VmPeak:	18909752 kB
VmSize:	18909752 kB
VmHWM:	18634288 kB
VmRSS:	18634288 kB
utc=2026-09-05T15:02:30Z
pid=3176
VmPeak:	19098296 kB
VmSize:	19079872 kB
VmHWM:	18822236 kB
VmRSS:	18804400 kB
