CONTROL_RING_PASS
CONTROL_WRAPPER_NEGATIVE_PASS
CONTROL_WRAPPER_POSITIVE_PASS
MAIN_LOCAL_JET_DIM=20
MAIN_EXTRACT_RING_PASS
MAIN_MINASS_COUNT=15
COMPONENT=1 DIM=19
u1*v2-48*f0,
b,
y0,
v1,
v0,
u0
COMPONENT=2 DIM=20
b,
y0,
v2,
v1,
v0
COMPONENT=3 DIM=19
2560*u1^2*v2^2*b+9*v2^4-108*v2^3*v3+324*v2^2*v3^2+122880*u1*v2*f0*b+1474560*f0^2*b,
u0*v2+6*u1*v2-6*u0*v3+144*f0,
-2560*u1^2*v2*b+2560*u0*u1*v3*b-9*v2^3+54*v2^2*v3+10240*u0*f0*b-61440*u1*f0*b,
640*u0^2*b+81*v2^2,
y0,
x0,
v1,
v0
COMPONENT=4 DIM=19
y0,
x0,
v2,
v1,
v0,
u0
COMPONENT=5 DIM=19
u1*v2-48*f0,
y0,
x0,
v1,
v0,
u0
COMPONENT=6 DIM=18
u3*v1^2-16*v1*f0+48*v2*f0-48*v1*f1,
u3*v1+u2*v2-16*f0-48*f1,
u2*v1-48*f0,
b,
y0,
v0,
u1,
u0
COMPONENT=7 DIM=18
u3*v1^2-16*v1*f0+48*v2*f0-48*v1*f1,
u3*v1+u2*v2-16*f0-48*f1,
u2*v1-48*f0,
y0,
x0,
v0,
u1,
u0
COMPONENT=8 DIM=17
u5*v0^3+16*v0*v1*f0-48*v1^2*f0+48*v0*v2*f0-16*v0^2*f1+48*v0*v1*f1-48*v0^2*f2,
u5*v0*v1^2+u4*v1^3+u5*v0^2*v2+16*v1*v2*f0+48*v2^2*f0-16*v1^2*f1-16*v0*v2*f1+48*v1*v2*f1-48*v1^2*f2-48*v0*v2*f2,
-u5*v0*v1-u4*v1^2+u4*v0*v2-16*v2*f0+16*v1*f1-48*v2*f1+48*v1*f2,
u5*v0^2+u4*v0*v1+48*v2*f0-16*v0*f1-48*v0*f2,
u4*v0^2-16*v0*f0+48*v1*f0-48*v0*f1,
u5*v0+u4*v1+u3*v2-16*f1-48*f2,
u4*v0+u3*v1-16*f0-48*f1,
u3*v0-48*f0,
b,
y0,
u2,
u1,
u0
COMPONENT=9 DIM=17
u5*v0^3+16*v0*v1*f0-48*v1^2*f0+48*v0*v2*f0-16*v0^2*f1+48*v0*v1*f1-48*v0^2*f2,
u5*v0*v1^2+u4*v1^3+u5*v0^2*v2+16*v1*v2*f0+48*v2^2*f0-16*v1^2*f1-16*v0*v2*f1+48*v1*v2*f1-48*v1^2*f2-48*v0*v2*f2,
-u5*v0*v1-u4*v1^2+u4*v0*v2-16*v2*f0+16*v1*f1-48*v2*f1+48*v1*f2,
u5*v0^2+u4*v0*v1+48*v2*f0-16*v0*f1-48*v0*f2,
u4*v0^2-16*v0*f0+48*v1*f0-48*v0*f1,
u5*v0+u4*v1+u3*v2-16*f1-48*f2,
u4*v0+u3*v1-16*f0-48*f1,
u3*v0-48*f0,
y0,
x0,
u2,
u1,
u0
COMPONENT=10 DIM=19
x1*y0+432*g0,
2560*u1^2*v2^2*b+9*v2^4-108*v2^3*v3+324*v2^2*v3^2+122880*u1*v2*f0*b+1474560*f0^2*b,
u0*v2+6*u1*v2-6*u0*v3+144*f0,
-2560*u1^2*v2*b+2560*u0*u1*v3*b-9*v2^3+54*v2^2*v3+10240*u0*f0*b-61440*u1*f0*b,
640*u0^2*b+81*v2^2,
x0,
v1,
v0
COMPONENT=11 DIM=19
x1*y0+432*g0,
b,
x0,
v2,
v1,
v0
COMPONENT=12 DIM=19
x1*y0+432*g0,
x0,
v2,
v1,
v0,
u0
COMPONENT=13 DIM=19
x1*y0+432*g0,
u1*v2-48*f0,
x0,
v1,
v0,
u0
COMPONENT=14 DIM=18
x1*y0+432*g0,
u3*v1^2-16*v1*f0+48*v2*f0-48*v1*f1,
u3*v1+u2*v2-16*f0-48*f1,
u2*v1-48*f0,
x0,
v0,
u1,
u0
COMPONENT=15 DIM=17
x1*y0+432*g0,
u5*v0^3+16*v0*v1*f0-48*v1^2*f0+48*v0*v2*f0-16*v0^2*f1+48*v0*v1*f1-48*v0^2*f2,
u5*v0*v1^2+u4*v1^3+u5*v0^2*v2+16*v1*v2*f0+48*v2^2*f0-16*v1^2*f1-16*v0*v2*f1+48*v1*v2*f1-48*v1^2*f2-48*v0*v2*f2,
-u5*v0*v1-u4*v1^2+u4*v0*v2-16*v2*f0+16*v1*f1-48*v2*f1+48*v1*f2,
u5*v0^2+u4*v0*v1+48*v2*f0-16*v0*f1-48*v0*f2,
u4*v0^2-16*v0*f0+48*v1*f0-48*v0*f1,
u5*v0+u4*v1+u3*v2-16*f1-48*f2,
u4*v0+u3*v1-16*f0-48*f1,
u3*v0-48*f0,
x0,
u2,
u1,
u0
MAIN_IDEAL_CONTAINMENT_PASS
MAIN_HISTOGRAM_17=3
MAIN_HISTOGRAM_18=3
MAIN_HISTOGRAM_19=8
MAIN_HISTOGRAM_20=1
MAIN_TOP_COMPONENT_UNIQUE_PASS
