producer=TD6-A3-Q2-SOURCE-ROW-SHARDS-V55-V56
shard_mode=previous
shard_index=6
shard_count=9
V48_failure_class=linear_packer_rejected_genuine_quadratic_source_rows
arbitrary_degree_original_rows_preserved=true
dependency_closed_fast_discriminator=true
full_unused_row_audit_deferred_to_V50=true
beta_parameter_name=beta
q_beta=t+beta*t^2+t^25
q_beta_prime=1+2*beta*t+25*t^24
source_center=(C,V,U)
scope=post_transport_132_variable_source_rows
transport_chart=D(U*H*B3)
multivariate_gcd_used_as_bezout=false
two_chart_glue_required_form=a*d1+b*d2=(U*H*B3)^N
parent_sha256=3cc0fc3bc4a55810c4d4320b53ff77a48341045c06f556cd6243119b8fe4c332
trivariate_transport rows=0;pivots=1;events=0
trivariate_transport rows=250;pivots=251;events=0
trivariate_transport rows=1500;pivots=684;events=0
trivariate_transport rows=1750;pivots=934;events=0
trivariate_transport rows=2000;pivots=1184;events=0
trivariate_transport rows=2250;pivots=1434;events=0
trivariate_transport rows=4750;pivots=1716;events=0
trivariate_transport rows=5000;pivots=1966;events=1
trivariate_transport rows=5250;pivots=2215;events=1
trivariate_transport rows=5500;pivots=2465;events=2
trivariate_transport rows=5750;pivots=2715;events=2
trivariate_transport rows=6000;pivots=2965;events=2
trivariate_transport rows=6250;pivots=3215;events=2
trivariate_transport rows=6500;pivots=3465;events=2
transport_rank=3470/3602
transport_event_count=2
transport_matrix_beta_independent=true
transport_rhs_beta_affine_exact=true
transport_x_and_pole_sections_exact=true
first_v50_rank=38/132
first_v50_dependent_count=0
first_v50_all_pivots_beta_independent=true
first_v50_pivot_digest=f6eeaf7a7e3692594dda059e33bcc8cc297636277f17bf1a4800f6d0f30f3920
first_v50_original_row_replay=true
first_v50_affine_parameterization_replay=true
previous_pole_v50_rank=38/94
previous_pole_v50_dependent_count=1
previous_pole_v50_all_pivots_beta_independent=true
previous_pole_v50_pivot_digest=f483ee2c29b51fafab9cca8617d30154b0ee40d78837d9c4432f6ef86c0d6dbc
previous_pole_v50_original_row_replay=true
previous_pole_v50_affine_parameterization_replay=true
current_v50_rank=25/56
current_v50_dependent_count=11
current_v50_all_pivots_beta_independent=true
current_v50_pivot_digest=95980bf0b86ff3193cf5d0f3e8226e0b1da3d0b44e496456054138b7f8b8f702
current_v50_original_row_replay=true
N13_equals_k_beta_over_25=true
N13_left_null_support=1
N13_left_null_sha256=7f1bc7b18f1830b0c02a400107daa986b973f1966738431b13f35b29b2b679d8
k_inverse_sha256=06d1910b9715c2333a4b14b8691bef49ce3e96e29ec5ae396098a66b2b3ff004
previous_raw_row_count_available=54
previous_raw_quadratic_row_count=36
quadratic_source_positive_control_key=('X-1', 0)
quadratic_source_positive_control_exact=true
dependency_selected_previous_rows_reduced_exactly=true
previous_shard_row[0]_index=6
previous_shard_row[0]_key=('X-1', 6)
previous_shard_row[0]_raw_sha256=3bcd8a430182a1f52e92962456b70cb91dfcba8b327c92dafd04e86a86763e71
previous_shard_row[0]_relation_sha256=fedb842f664bf0a3f15e672a950c1071af1715ea31b6a64e3a87624f66130e18
previous_shard_row[1]_index=15
previous_shard_row[1]_key=('X-1', 15)
previous_shard_row[1]_raw_sha256=0978c96d863c965b2c26e8e7d85a3d78b6bbc4d88df065c7d4038e7c354f072d
previous_shard_row[1]_relation_sha256=8a552f3351059fba31ff770c8cbb6b4eaa061f9cb4b953644b4a59a6b9b52078
previous_shard_row[2]_index=24
previous_shard_row[2]_key=('X-1', 24)
previous_shard_row[2]_raw_sha256=a6a98613d02dda94307e1098ef1b35df9838080f7a293a62355f10a9fa8f5670
previous_shard_row[2]_relation_sha256=bb656217bd93d29fe47849157254083bd77ee4f8401e5ca358cae34dc3667008
previous_shard_row[3]_index=33
previous_shard_row[3]_key=('X-1', 33)
previous_shard_row[3]_raw_sha256=2dc010f0592e4a6cd63b709f4cb81899e9eec5dca2a4164433ab9d1f111556e4
previous_shard_row[3]_relation_sha256=f301d3d33e0e5734c22a88b56ba89759eb454286c598e0b4cfdcea54ec6d9581
previous_shard_row[4]_index=42
previous_shard_row[4]_key=('P1', 2)
previous_shard_row[4]_raw_sha256=84315a814615731cc801bec5a1747c2ad15d6a4262aae78bbeb0847f694495b1
previous_shard_row[4]_relation_sha256=c24b61f14a27b729057088589ba717fbb5bcb1e678a7664f74c17ca8baff5892
previous_shard_row[5]_index=51
previous_shard_row[5]_key=('P1', 11)
previous_shard_row[5]_raw_sha256=84315a814615731cc801bec5a1747c2ad15d6a4262aae78bbeb0847f694495b1
previous_shard_row[5]_relation_sha256=c24b61f14a27b729057088589ba717fbb5bcb1e678a7664f74c17ca8baff5892
previous_total_original_row_count=54
previous_shard_selected_count=6
previous_shard_indices=[6, 15, 24, 33, 42, 51]
previous_shard_keys=[('X-1', 6), ('X-1', 15), ('X-1', 24), ('X-1', 33), ('P1', 2), ('P1', 11)]
previous_shard_indices_sha256=4633c702651b9e16f1f8bde1cdd06c8987b120ea039feeadb6b0fa00655711c8
previous_shard_rows_sha256=a12e2adf0c81ed99bddbbc1a5c7b13110e55b7096845689543b331a251f54934
previous_shard_relations_sha256=368c3d1d75153e75445539f10989cf40aeb689dd732d23b218f6343c4b7e480d
previous_shard_original_row_replay=true
shard_union_required_before_completeness=true
full_source_identity_replayed=false
full_A3_beta_family_killed=false
whole_TD6_killed=false
SP2_killed=false
JC2_resolved=false
TD6-A3-Q2-SOURCE-ROW-SHARD-V55 PASS
