
--------------- INPUT DATA ---------------
#variables                       6
#equations                      28
#invalid equations               0
field characteristic         32003
homogeneous input?               0
signature-based computation      0
monomial order                 DRL
basis hash table resetting     OFF
linear algebra option            2
initial hash table size     131072 (2^17)
max pair selection             ALL
reduce gb                        1
#threads                        30
info level                       2
generate pbm files               0
------------------------------------------

Legend for f4 information
--------------------------------------------------------
deg       current degree of pairs selected in this round
sel       number of pairs selected in this round
pairs     total number of pairs in pair list
mat       matrix dimensions (# rows x # columns)
density   density of the matrix
new data  # new elements for basis in this round
          # zero reductions during linear algebra
time(rd)  time of the current f4 round in seconds given
          for real and cpu time
--------------------------------------------------------

deg     sel   pairs        mat          density            new data         time(rd) in sec (real|cpu)
------------------------------------------------------------------------------------------------------
 15       1      27       2 x 2093       93.38%        1 new       0 zero         0.00 | 0.00         
 16       5      27      10 x 3007       75.82%        5 new       0 zero         0.00 | 0.06         
 16       9      31      24 x 4423       54.94%        9 new       0 zero         0.00 | 0.09         
 16      15      37      73 x 6778       46.51%       10 new       5 zero         0.01 | 0.18         
 16      16      41      97 x 9080       40.60%       13 new       3 zero         0.01 | 0.24         
 16      13      58     126 x 9545       44.90%       12 new       1 zero         0.01 | 0.24         
 16       1      87     120 x 9539       47.02%        1 new       0 zero         0.01 | 0.17         
 17      74      90     437 x 16801      29.75%       56 new      18 zero         0.05 | 0.49         
 16      33     186     133 x 9216       46.24%       33 new       0 zero         0.02 | 0.34         
 16     139     180     424 x 13343      44.78%       64 new      76 zero         0.05 | 0.54         
 16     165     194     573 x 13605      45.99%       90 new      75 zero         0.08 | 0.76         
 16     206     296     789 x 15372      48.55%      124 new      84 zero         0.14 | 1.26         
 16     228     499    1058 x 18132      48.58%      144 new      86 zero         0.23 | 2.01         
 16     183     784    1271 x 21166      48.08%      129 new      58 zero         0.30 | 2.43         
 16      68    1125    1305 x 22748      48.03%       57 new      11 zero         0.28 | 1.59         
 16      29    1276    1305 x 22729      49.27%       28 new       1 zero         0.26 | 1.11         
 16       8    1352    1358 x 24423      46.77%        8 new       0 zero         0.27 | 0.82         
 17    1358    1374    4512 x 35996      35.85%      634 new     726 zero         2.62 | 28.91        
 17    2542    2558    8073 x 43185      40.76%      793 new    1749 zero         8.95 | 134.66       
 17    2466    3287    9369 x 50159      44.42%      860 new    1606 zero        14.57 | 239.54       
 17    1340    4651    8541 x 56163      46.57%      711 new     629 zero        13.84 | 214.67       
 17     466    6569    8357 x 60640      45.02%      355 new     111 zero         8.91 | 102.49       
 17      69    7736    8177 x 60500      45.44%       62 new       7 zero         5.81 | 21.36        
 18    7936    7947   22714 x 80698      41.52%     2643 new    5293 zero       129.98 | 2300.37      
 16      30   12231     667 x 16407      55.57%       30 new       0 zero         0.22 | 2.60         
 16     180   12381    1083 x 19270      50.72%      105 new      79 zero         0.49 | 7.99         
 16     630   12831    2710 x 31278      44.11%      280 new     359 zero         1.67 | 25.23        
 16    1191   13837    3742 x 31462      46.50%      527 new     671 zero         3.41 | 56.96        
 16    1595   15206    5069 x 35293      46.16%      685 new     911 zero         5.58 | 96.97        
 16    1908   16944    6272 x 38934      49.09%      819 new    1089 zero         8.68 | 157.80       
 16    1825   18175    7072 x 44303      48.77%      867 new     958 zero        12.06 | 217.69       
 16     997   16578    6967 x 45800      50.26%      627 new     370 zero        10.08 | 165.58       
 16     284   16124    6689 x 47327      50.08%      251 new      38 zero         5.54 | 64.20        
 16      39   16105    6608 x 47245      50.62%       39 new       0 zero         3.71 | 13.02        
 17   14654   16065   31357 x 69481      42.99%     4227 new   10558 zero       213.16 | 3868.69      
 16      30   18322    9818 x 53981      55.58%        0 new      30 zero         6.42 | 13.37        
 17   17941   18292   41848 x 78612      45.58%     3559 new   14382 zero       407.95 | 8562.95      
 17   16038   16749   43498 x 83545      48.85%     3765 new   12401 zero       569.77 | 11490.15     
 16    5406   18725   20997 x 66425      57.83%     1996 new    3504 zero       164.38 | 3260.82      
 16   11976   25265   28403 x 65142      50.75%        0 new   12193 zero       195.42 | 5266.21      
 17   12023   13289   36561 x 77128      55.37%     1617 new   10608 zero       382.18 | 9663.68      
 17    5117    9148   27851 x 75778      54.61%     1132 new    3985 zero       199.36 | 4676.42      
 17    1566    9477   23979 x 75161      53.17%      590 new     976 zero        78.54 | 1538.62      
 17     288   10804   22702 x 74911      52.53%      199 new      89 zero        31.35 | 312.83       
 18   11500   11511   63303 x 104538     38.04%      350 new   11150 zero       495.12 | 13024.36     
 18    1522    1533   33457 x 84188      50.21%      116 new    1406 zero        83.97 | 1547.90      
 18     413     479   23643 x 75411      52.86%       53 new     372 zero        36.14 | 439.34       
 18      36     307   23028 x 75139      52.62%        9 new      27 zero        22.48 | 55.26        
 19     309     316   34391 x 86220      46.71%        1 new     308 zero        45.02 | 412.65       
 15       6      13     387 x 12353      67.86%        6 new       0 zero         0.26 | 1.42         
 15      12      43     651 x 14665      66.69%       11 new       1 zero         0.37 | 2.33         
 15      12      97     943 x 29518      40.34%       11 new       1 zero         0.57 | 2.63         
 15       6     151    1048 x 29618      41.48%        6 new       0 zero         0.55 | 1.89         
 16     174     181   13051 x 64703      54.07%       86 new      88 zero        11.94 | 38.57        
 16     516     523   13457 x 64674      53.37%      201 new     322 zero        14.97 | 106.62       
 16    1206    1213   14509 x 64838      52.81%      406 new     804 zero        22.46 | 295.06       
 16    2436    2443   16802 x 65499      52.78%      742 new    1694 zero        43.46 | 780.72       
 16    4254    4459   22226 x 68363      50.22%     1227 new    3027 zero        88.11 | 1813.06      
 16    5964    7567   26122 x 69310      51.64%     1768 new    4208 zero       154.15 | 3216.37      
 16    8136   12211   29895 x 69155      54.30%     2629 new    5507 zero       295.89 | 5723.58      
 16   12342   19849   31114 x 63539      62.49%     4125 new    8217 zero       594.98 | 10084.29     
 16   20499   26010   40889 x 60951      63.84%     6146 new   14353 zero      1126.08 | 18967.12     
 15   26454   36988   46329 x 54257      63.77%     8750 new   17704 zero      1511.99 | 22720.47     
 14    9000   57240   22128 x 38760      70.60%     9000 new       0 zero       727.44 | 5408.90      
 13   11592   53929   22092 x 27132      63.55%    10408 new    1184 zero       577.75 | 4300.46      
 11   10704   58708   16856 x 12376      50.30%     3923 new    6781 zero       117.79 | 994.08       
  9    4212   60915    6916 x 5005       45.99%     1583 new    2629 zero        43.70 | 289.37       
  7    1236   61899    2234 x 1716       41.90%      539 new     697 zero        14.23 | 92.38        
  5     186   62569     469 x 462        38.96%      150 new      36 zero         3.88 | 25.84        
  4     330   62759     511 x 210        18.62%       27 new     303 zero         0.69 | 4.78         
  2      20   62511      46 x 28         10.71%        2 new      18 zero         0.05 | 0.48         
------------------------------------------------------------------------------------------------------
reduce final basis        1 x 1         100.00%        1 new       0 zero------------------------------------------------------------------------------------
msolve overall time        8521.01 sec (elapsed) / 142866.94 sec (cpu)
------------------------------------------------------------------------------------
         0.02 | 0.17         
------------------------------------------------------------------------------------------------------

---------------- TIMINGS ---------------
overall(elapsed)     8520.47 sec
overall(cpu)       142866.24 sec
select                258.51 sec   3.0%
symbolic prep.        432.57 sec   5.1%
update                929.85 sec  10.9%
convert                 2.44 sec   0.0%
linear algebra       6896.92 sec  80.9%
reduce gb               0.00 sec   0.0%
-----------------------------------------

---------- COMPUTATIONAL DATA -----------
size of basis                     1
#terms in basis                   1
#pairs reduced               244165
#GM criterion            3236558918
#redundant elements           80459
#rows reduced                490019
#zero reductions             164577
max. matrix data              63303 x 104538 (38.036%)
max. symbolic hash table size  2^18
max. basis hash table size     2^22
-----------------------------------------

Grobner basis has a single element
No solution
