producer=TD6-A3-Q2-SOURCE-ROW-SHARDS-V55-V56
shard_mode=previous
shard_index=0
shard_count=9
V48_failure_class=linear_packer_rejected_genuine_quadratic_source_rows
arbitrary_degree_original_rows_preserved=true
dependency_closed_fast_discriminator=true
full_unused_row_audit_deferred_to_V50=true
beta_parameter_name=beta
q_beta=t+beta*t^2+t^25
q_beta_prime=1+2*beta*t+25*t^24
source_center=(C,V,U)
scope=post_transport_132_variable_source_rows
transport_chart=D(U*H*B3)
multivariate_gcd_used_as_bezout=false
two_chart_glue_required_form=a*d1+b*d2=(U*H*B3)^N
parent_sha256=3cc0fc3bc4a55810c4d4320b53ff77a48341045c06f556cd6243119b8fe4c332
trivariate_transport rows=0;pivots=1;events=0
trivariate_transport rows=250;pivots=251;events=0
trivariate_transport rows=1500;pivots=684;events=0
trivariate_transport rows=1750;pivots=934;events=0
trivariate_transport rows=2000;pivots=1184;events=0
trivariate_transport rows=2250;pivots=1434;events=0
trivariate_transport rows=4750;pivots=1716;events=0
trivariate_transport rows=5000;pivots=1966;events=1
trivariate_transport rows=5250;pivots=2215;events=1
trivariate_transport rows=5500;pivots=2465;events=2
trivariate_transport rows=5750;pivots=2715;events=2
trivariate_transport rows=6000;pivots=2965;events=2
trivariate_transport rows=6250;pivots=3215;events=2
trivariate_transport rows=6500;pivots=3465;events=2
transport_rank=3470/3602
transport_event_count=2
transport_matrix_beta_independent=true
transport_rhs_beta_affine_exact=true
transport_x_and_pole_sections_exact=true
first_v50_rank=38/132
first_v50_dependent_count=0
first_v50_all_pivots_beta_independent=true
first_v50_pivot_digest=f6eeaf7a7e3692594dda059e33bcc8cc297636277f17bf1a4800f6d0f30f3920
first_v50_original_row_replay=true
first_v50_affine_parameterization_replay=true
previous_pole_v50_rank=38/94
previous_pole_v50_dependent_count=1
previous_pole_v50_all_pivots_beta_independent=true
previous_pole_v50_pivot_digest=f483ee2c29b51fafab9cca8617d30154b0ee40d78837d9c4432f6ef86c0d6dbc
previous_pole_v50_original_row_replay=true
previous_pole_v50_affine_parameterization_replay=true
current_v50_rank=25/56
current_v50_dependent_count=11
current_v50_all_pivots_beta_independent=true
current_v50_pivot_digest=95980bf0b86ff3193cf5d0f3e8226e0b1da3d0b44e496456054138b7f8b8f702
current_v50_original_row_replay=true
N13_equals_k_beta_over_25=true
N13_left_null_support=1
N13_left_null_sha256=7f1bc7b18f1830b0c02a400107daa986b973f1966738431b13f35b29b2b679d8
k_inverse_sha256=06d1910b9715c2333a4b14b8691bef49ce3e96e29ec5ae396098a66b2b3ff004
previous_raw_row_count_available=54
previous_raw_quadratic_row_count=36
quadratic_source_positive_control_key=('X-1', 0)
quadratic_source_positive_control_exact=true
dependency_selected_previous_rows_reduced_exactly=true
previous_shard_row[0]_index=0
previous_shard_row[0]_key=('X-1', 0)
previous_shard_row[0]_raw_sha256=c9d36751dc18f3ea38d205b1a23a642a72168010b7aaf054fe1ffc916d699d22
previous_shard_row[0]_relation_sha256=59db5d9eef039edbc2101b3c72175e1aea3a283a65128137aea6ef3f40bb3199
previous_shard_row[1]_index=9
previous_shard_row[1]_key=('X-1', 9)
previous_shard_row[1]_raw_sha256=99e8dcf7df1b285ebae7352b2572d9d6ca8457c04a5292c378d41ec13b616e5a
previous_shard_row[1]_relation_sha256=25de8e0033c3ecb087a189ad85cb32baa8229af30c8609e366c5d64a39dbd9db
previous_shard_row[2]_index=18
previous_shard_row[2]_key=('X-1', 18)
previous_shard_row[2]_raw_sha256=ed01ec6ece80ac95ea0c1058b0268c3b0b6deff5e572b5af60a098601721350b
previous_shard_row[2]_relation_sha256=7519d39a2f3b55dc9e385251ea3241016c2d5c75fdeef5894e2b1187796107e7
previous_shard_row[3]_index=27
previous_shard_row[3]_key=('X-1', 27)
previous_shard_row[3]_raw_sha256=80c6debc76e689b852ba397df07d3689b4f472f07b40935522c27d2f2ed436ef
previous_shard_row[3]_relation_sha256=c60694324d6f60750a1850b95951368392138e04b6b3867a931e090147cb5b71
previous_shard_row[4]_index=36
previous_shard_row[4]_key=('X-1', 36)
previous_shard_row[4]_raw_sha256=1b8ebcdabb690b785b2c516789900b83764b0ef7c04333dfcdd9b85cf7b46e3f
previous_shard_row[4]_relation_sha256=4470379cc3215081424e99377a863aae3903a2674aa0070847165a684abe1f64
previous_shard_row[5]_index=45
previous_shard_row[5]_key=('P1', 5)
previous_shard_row[5]_raw_sha256=84315a814615731cc801bec5a1747c2ad15d6a4262aae78bbeb0847f694495b1
previous_shard_row[5]_relation_sha256=c24b61f14a27b729057088589ba717fbb5bcb1e678a7664f74c17ca8baff5892
previous_total_original_row_count=54
previous_shard_selected_count=6
previous_shard_indices=[0, 9, 18, 27, 36, 45]
previous_shard_keys=[('X-1', 0), ('X-1', 9), ('X-1', 18), ('X-1', 27), ('X-1', 36), ('P1', 5)]
previous_shard_indices_sha256=975210e8473f98392c2ad9f49d3f971a7e1f84a03b91f7ae9a648be0e8d76d3d
previous_shard_rows_sha256=0c95e0f5aef94c86da08d6fb766d518003a131a432cb0d101a0691e4449eada1
previous_shard_relations_sha256=13778a3e1926a96cfb8b4acb16af0739444065e75f260f336d4c94ebb1c3a742
previous_shard_original_row_replay=true
shard_union_required_before_completeness=true
full_source_identity_replayed=false
full_A3_beta_family_killed=false
whole_TD6_killed=false
SP2_killed=false
JC2_resolved=false
TD6-A3-Q2-SOURCE-ROW-SHARD-V55 PASS
