/opt/jc2-r2-controls-20260910T1400/metadata/CONTRACT.md: OK
/opt/jc2-r2-controls-20260910T1400/metadata/ROOT-EXECUTION-CARD.md: OK
/opt/jc2-r2-controls-20260910T1400/metadata/ROOT-REGISTRATION.json: OK
/opt/jc2-r2-controls-20260910T1400/metadata/artifact.json: OK
/opt/jc2-r2-controls-20260910T1400/metadata/f10-r2-actual-result-gate-fable5-20260910.md: OK
/opt/jc2-r2-controls-20260910T1400/metadata/f10-r2-reconstruction-code-gate-fable5-20260910.md: OK
/opt/jc2-r2-controls-20260910T1400/metadata/f10-r2-semantic-code-gate-fable5-20260910.md: OK
/opt/jc2-r2-controls-20260910T1400/metadata/native-manifest.json: OK
/opt/jc2-r2-controls-20260910T1400/metadata/run_capped.py: OK
/opt/jc2-r2-controls-20260910T1400/science/arithmetic.py: OK
/opt/jc2-r2-controls-20260910T1400/science/authority.py: OK
/opt/jc2-r2-controls-20260910T1400/science/check.py: OK
/opt/jc2-r2-controls-20260910T1400/science/check_arithmetic.py: OK
/opt/jc2-r2-controls-20260910T1400/science/produce.py: OK
/opt/jc2-r2-controls-20260910T1400/wrapper/dispatch.py: OK
/opt/jc2-r2-controls-20260910T1400/wrapper/mutate_controls.py: OK
/opt/jc2-r2-controls-20260910T1400/wrapper/probe.py: OK
/run/jc2-r2-controls-20260910T1400/authority/refuse-caps.json: OK
/run/jc2-r2-controls-20260910T1400/authority/refuse-status.json: OK
/run/jc2-r2-controls-20260910T1400/outer.stderr: OK
/run/jc2-r2-controls-20260910T1400/outer.stdout: OK
/run/jc2-r2-controls-20260910T1400/refuse-caps.pre.json: OK
/run/jc2-r2-controls-20260910T1400/refuse-caps.runner.stderr: OK
/run/jc2-r2-controls-20260910T1400/refuse-caps.runner.stdout: OK
/run/jc2-r2-controls-20260910T1400/refuse-status.post.json: OK
/run/jc2-r2-controls-20260910T1400/refuse-status.pre.json: OK
/run/jc2-r2-controls-20260910T1400/refuse-status.python-live.json: OK
/run/jc2-r2-controls-20260910T1400/refuse-status.runner-live.json: OK
/run/jc2-r2-controls-20260910T1400/refuse-status.runner.stderr: OK
/run/jc2-r2-controls-20260910T1400/refuse-status.runner.stdout: OK
/run/jc2-r2-controls-20260910T1400/refuse-status.stderr: OK
/run/jc2-r2-controls-20260910T1400/refuse-status.stdout: OK
/run/jc2-r2-controls-20260910T1400/refuse-status.telemetry.json: OK
/var/lib/jc2-r2-controls-20260910T1400/CUSTODY.json: OK
/var/lib/jc2-r2-controls-20260910T1400/authority/refuse-caps.json: OK
/var/lib/jc2-r2-controls-20260910T1400/authority/refuse-status.json: OK
/var/lib/jc2-r2-controls-20260910T1400/outer.stderr: OK
/var/lib/jc2-r2-controls-20260910T1400/outer.stdout: OK
/var/lib/jc2-r2-controls-20260910T1400/refuse-caps.pre.json: OK
/var/lib/jc2-r2-controls-20260910T1400/refuse-caps.runner.stderr: OK
/var/lib/jc2-r2-controls-20260910T1400/refuse-caps.runner.stdout: OK
/var/lib/jc2-r2-controls-20260910T1400/refuse-status.post.json: OK
/var/lib/jc2-r2-controls-20260910T1400/refuse-status.pre.json: OK
/var/lib/jc2-r2-controls-20260910T1400/refuse-status.python-live.json: OK
/var/lib/jc2-r2-controls-20260910T1400/refuse-status.runner-live.json: OK
/var/lib/jc2-r2-controls-20260910T1400/refuse-status.runner.stderr: OK
/var/lib/jc2-r2-controls-20260910T1400/refuse-status.runner.stdout: OK
/var/lib/jc2-r2-controls-20260910T1400/refuse-status.stderr: OK
/var/lib/jc2-r2-controls-20260910T1400/refuse-status.stdout: OK
/var/lib/jc2-r2-controls-20260910T1400/refuse-status.telemetry.json: OK
ROOT_TERMINAL_HASHES_SYNC 2026-09-10 14:13:24.666814193 UTC
11efe7f7407d8a4ba3cde6d455533635ec4737f939c185fcda50662ba1260ff1  /home/ubuntu/jc2-r2-controls-20260910T1400/stage/terminal-artifacts.tar.gz
NextElapseUSecRealtime=
ActiveState=inactive

NextElapseUSecRealtime=
ActiveState=inactive
ROOT_TERMINAL_SYSTEM_TIMERS_CLOSED 2026-09-10 14:13:24.832906171 UTC
