
Legend for f4 information
--------------------------------------------------------
deg       current degree of pairs selected in this round
sel       number of pairs selected in this round
pairs     total number of pairs in pair list
mat       matrix dimensions (# rows x # columns)
density   density of the matrix
new data  # new elements for basis in this round
          # zero reductions during linear algebra
time(rd)  time of the current f4 round in seconds given
          for real and cpu time
--------------------------------------------------------

deg     sel   pairs        mat          density            new data         time(rd) in sec (real|cpu)
------------------------------------------------------------------------------------------------------
  2       2     100       4 x 8          34.38%        2 new       0 zero         0.00 | 0.00         
  3       6     109      16 x 27         10.42%        6 new       0 zero         0.00 | 0.00         
  3      14     133      40 x 43          5.47%        7 new       7 zero         0.00 | 0.01         
  3      25     154      74 x 76          2.95%        7 new      18 zero         0.00 | 0.00         
  3       4     178      10 x 6          20.00%        0 new       4 zero         0.00 | 0.00         
  4      42     174     192 x 203         1.44%        7 new      35 zero         0.00 | 0.01         
  3      12     202      73 x 103         3.10%        9 new       3 zero         0.00 | 0.01         
  3      23     245      74 x 77          3.23%        7 new      16 zero         0.00 | 0.00         
  3       8     264      19 x 16          9.21%        2 new       6 zero         0.00 | 0.00         
  4     106     268     505 x 535         0.75%       17 new      89 zero         0.00 | 0.02         
  3      10     263      62 x 90          3.37%        3 new       7 zero         0.00 | 0.01         
  4      77     291     569 x 738         0.63%       12 new      65 zero         0.00 | 0.02         
  4      34     320     311 x 413         1.27%       11 new      23 zero         0.00 | 0.01         
  5     212     366    2070 x 2734        0.27%       20 new     192 zero         0.01 | 0.06         
  3       5     347      30 x 40          5.92%        3 new       2 zero         0.00 | 0.00         
  3      11     363      37 x 40          5.14%        3 new       8 zero         0.00 | 0.01         
  4      81     387     652 x 931         0.55%       40 new      41 zero         0.01 | 0.05         
  3      41     527     178 x 239         1.70%       12 new      29 zero         0.00 | 0.02         
  4     259     616    1820 x 2404        0.29%       52 new     207 zero         0.01 | 0.10         
  4      65     799     848 x 1360        0.66%       22 new      43 zero         0.01 | 0.06         
  5     777     962    8768 x 11411       0.11%       83 new     694 zero         0.05 | 0.26         
  5     269     963    6551 x 8919        0.14%       38 new     231 zero         0.03 | 0.17         
  5      11    1133    3256 x 4471        0.32%        4 new       7 zero         0.01 | 0.06         
  6     971    1166   29175 x 38833       0.05%       82 new     889 zero         0.17 | 0.52         
  3       6    1036      37 x 57          6.07%        4 new       2 zero         0.00 | 0.02         
  3      24    1077     127 x 225         1.84%       12 new      12 zero         0.01 | 0.05         
  4     202    1145    1973 x 2919        0.29%       70 new     132 zero         0.04 | 0.30         
  3      36    1327     205 x 347         1.32%       12 new      24 zero         0.01 | 0.06         
  4     269    1319    3130 x 4663        0.19%       67 new     202 zero         0.05 | 0.34         
  4      97    1780    1503 x 2553        0.38%       27 new      70 zero         0.02 | 0.17         
  4      15    1975    1225 x 2386        0.47%        9 new       6 zero         0.01 | 0.08         
  5    1000    2078   11601 x 15167       0.09%      165 new     838 zero         0.17 | 1.08         
  5    1000    3016   17378 x 22496       0.07%      132 new     868 zero         0.20 | 1.13         
  5     288    3749   18203 x 25452       0.07%       29 new     260 zero         0.12 | 0.42         
  6    1000    3859   24275 x 31871       0.08%      167 new     833 zero         0.36 | 1.89         
  6    1000    5222   43832 x 60250       0.05%      172 new     828 zero         0.61 | 2.64         
  6    1000    6591   53082 x 72490       0.05%       67 new     936 zero         0.54 | 1.51         
  6    1000    6539   65295 x 89569       0.04%       95 new     905 zero         0.76 | 2.22         
  6    1001    6933   86774 x 115272      0.03%       39 new     963 zero         0.80 | 1.52         
  6     242    6509   73471 x 93507       0.04%       20 new     222 zero         0.62 | 1.07         
  7    1000    6557  107519 x 145775      0.03%       88 new     912 zero         1.26 | 2.93         
  7    1000    6823  130148 x 170351      0.02%       19 new     981 zero         1.29 | 1.84         
  7    1000    6084  134359 x 180406      0.03%       93 new     907 zero         1.84 | 4.05         
  7    1000    6424  201917 x 266007      0.02%       14 new     986 zero         2.26 | 2.85         
  7    1000    5634  231597 x 304678      0.02%       42 new     958 zero         2.94 | 4.34         
  7    1000    5278  264902 x 343829      0.01%       42 new     958 zero         3.30 | 4.68         
  7     841    4898  393833 x 511541      0.01%       34 new     807 zero         5.23 | 6.88         
  3      40    5731     203 x 373         0.97%       36 new       4 zero         0.13 | 1.01         
  3      14    7627      69 x 79          3.94%        4 new      10 zero         0.02 | 0.13         
  3      11    7674      91 x 105         2.90%        4 new       7 zero         0.02 | 0.12         
  4     562    7730    4684 x 7051        0.12%      202 new     361 zero         0.65 | 5.01         
  3      59   10324     398 x 651         0.88%       21 new      38 zero         0.08 | 0.61         
  3      13    9605      96 x 111         2.69%        2 new      11 zero         0.01 | 0.07         
  4     731    9586    7316 x 10082       0.10%      165 new     567 zero         0.56 | 4.19         
  4     368    9969    5597 x 7660        0.13%       89 new     279 zero         0.33 | 2.39         
  4      65   10614    2943 x 3860        0.23%       14 new      51 zero         0.07 | 0.46         
  4      34   10775     280 x 260         1.00%        2 new      32 zero         0.01 | 0.08         
  5    1000   10784    9119 x 9894        0.08%      174 new     826 zero         0.69 | 4.83         
  5    1000   14318   16321 x 17242       0.05%      138 new     862 zero         0.62 | 4.28         
  4      82   15264    1702 x 1772        0.39%       14 new      68 zero         0.07 | 0.50         
  5    1000   15363   20281 x 22059       0.05%      132 new     873 zero         0.68 | 4.49         
  4      39   16032     217 x 189         1.38%        4 new      35 zero         0.03 | 0.17         
  4      30   16022     234 x 208         1.20%        1 new      29 zero         0.01 | 0.06         
  5    1000   16009   28354 x 30770       0.04%      129 new     880 zero         0.75 | 4.63         
  4      52   16290    1558 x 1697        0.33%        5 new      47 zero         0.04 | 0.21         
  5    1000   16336   33861 x 39061       0.03%      114 new     890 zero         0.78 | 4.30         
  5    1001   17339   43393 x 50541       0.03%      173 new     837 zero         1.24 | 6.66         
  5    1000   19171   50147 x 58974       0.03%      111 new     890 zero         1.03 | 4.59         
  4      19   19889     135 x 119         1.72%        1 new      18 zero         0.02 | 0.08         
  5    1000   19852   40812 x 43870       0.03%      102 new     898 zero         0.90 | 4.16         
  4      38   20536     166 x 128         1.79%        0 new      38 zero         0.01 | 0.02         
  5    1000   20498   53937 x 59764       0.03%      141 new     861 zero         1.28 | 5.78         
  5    1000   22010   69036 x 81062       0.02%      150 new     856 zero         1.74 | 6.60         
  5     332   24013   63797 x 85715       0.02%       63 new     269 zero         1.22 | 3.31         
  5      58   25247   23310 x 25875       0.05%        8 new      50 zero         0.26 | 0.58         
  6    1000   25352   24574 x 25209       0.05%      173 new     827 zero         1.35 | 6.73         
  5     110   28229    5532 x 5590        0.15%        5 new     105 zero         0.09 | 0.28         
  6    1000   28241   32902 x 35160       0.05%      120 new     880 zero         1.14 | 4.94         
  6    1000   29854   32118 x 34791       0.05%      136 new     864 zero         1.29 | 5.58         
  6    1000   31704   37683 x 40586       0.04%      131 new     869 zero         1.40 | 5.63         
  6    1000   33613   33443 x 35751       0.05%      125 new     875 zero         1.32 | 5.34         
  6    1000   35070   68000 x 73890       0.02%      111 new     889 zero         1.54 | 5.15         
  5      46   35617   21858 x 24743       0.06%       14 new      32 zero         0.36 | 0.87         
  6    1000   35679   96842 x 110985      0.02%      140 new     860 zero         2.35 | 7.02         
  6    1000   37507   98546 x 107591      0.02%      139 new     861 zero         2.35 | 7.06         
  5      25   39313   16723 x 19272       0.07%        9 new      16 zero         0.28 | 0.62         
  6    1001   39331  101806 x 112176      0.02%      136 new     865 zero         2.41 | 6.92         
  5      22   40822    4700 x 4846        0.19%        2 new      20 zero         0.07 | 0.17         
  6    1000   40805   84363 x 90767       0.02%       97 new     904 zero         2.02 | 5.29         
  5      45   41323   15714 x 17129       0.08%        7 new      38 zero         0.24 | 0.52         
  6    1000   41349  103358 x 111293      0.02%      104 new     896 zero         2.16 | 5.76         
  5      79   42146   17008 x 18383       0.07%        9 new      70 zero         0.27 | 0.61         
  6    1000   42191  147141 x 160193      0.01%      206 new     794 zero         3.85 | 11.13        
  6    1000   45133  151747 x 161036      0.01%      117 new     883 zero         2.84 | 6.97         
  5      45   46507   15378 x 16753       0.08%        6 new      39 zero         0.23 | 0.48         
  6    1000   46474  118156 x 128159      0.02%       93 new     907 zero         2.38 | 5.67         
  5      23   46606   13769 x 15134       0.10%        4 new      19 zero         0.19 | 0.38         
  6    1000   46560  107095 x 115050      0.02%      162 new     838 zero         3.16 | 8.89         
  5      20   47576    3213 x 3307        0.30%        1 new      19 zero         0.07 | 0.13         
  6    1000   47580  113800 x 121705      0.02%      193 new     807 zero         3.72 | 10.34        
  6    1001   48402  125171 x 131925      0.02%      225 new     776 zero         4.35 | 11.88        
  5      94   51491    4708 x 5193        0.23%       17 new      77 zero         0.38 | 0.94         
  6    1001   51614  166240 x 182152      0.01%      161 new     840 zero         4.22 | 9.90         
  6    1000   53536  159694 x 168413      0.01%      122 new     878 zero         3.42 | 7.84         
  5      16   54119     475 x 459         0.74%        0 new      16 zero         0.04 | 0.04         
  6    1000   54103  174047 x 184219      0.01%      181 new     819 zero         4.64 | 11.41        
  5      25   56233    4675 x 5185        0.23%        8 new      17 zero         0.24 | 0.53         
  6    1000   56366  208407 x 225901      0.01%      172 new     828 zero         5.44 | 11.91        
  6    1001   58291  229342 x 246620      0.01%      182 new     819 zero         6.14 | 13.50        
  6    1000   60765  199825 x 210193      0.01%       85 new     915 zero         3.68 | 6.90         
  6    1000   61027  211661 x 229367      0.01%       77 new     923 zero         4.09 | 7.22         
  6    1000   60956  229627 x 245629      0.01%      137 new     864 zero         5.67 | 11.17        
  5      22   62109   17871 x 20004       0.10%        7 new      15 zero         0.38 | 0.67         
  6    1000   62195  229706 x 250415      0.01%      155 new     845 zero         6.12 | 12.08        
  6    1000   63909  228303 x 250699      0.01%      188 new     814 zero         7.67 | 14.73        
  6    1000   66558  253438 x 281294      0.01%      209 new     791 zero         7.74 | 15.34        
  6    1000   68995  230877 x 244014      0.01%      105 new     895 zero         4.99 | 8.85         
  6    1000   70134  270083 x 297688      0.01%       35 new     966 zero         4.61 | 6.17         
  6    1000   69852  285286 x 313340      0.01%      105 new     895 zero         6.40 | 10.94        
  6    1000   70922  290958 x 330015      0.01%      160 new     840 zero         8.51 | 15.29        
  6    1000   73000  287143 x 328637      0.01%      111 new     889 zero         7.61 | 12.17        
  6    1000   74275  324727 x 358850      0.01%       64 new     940 zero         6.50 | 9.51         
  6    1000   74566  342069 x 378504      0.01%      139 new     862 zero         8.88 | 15.43        
  6    1000   76488  354034 x 405169      0.01%      147 new     853 zero        10.02 | 16.76        
  6    1000   78474  371757 x 428540      0.01%       92 new     908 zero         9.48 | 13.65        
  6    1000   79390  298873 x 324689      0.01%       10 new     990 zero         3.74 | 4.38         
  5      18   78578     356 x 340         0.87%        1 new      17 zero         0.10 | 0.16         
  5      18   78578     266 x 248         0.99%        0 new      18 zero         0.05 | 0.06         
  6    1001   78560  313151 x 337972      0.01%       92 new     909 zero         7.25 | 10.98        
  6    1000   79450  351725 x 377492      0.01%       99 new     901 zero         8.08 | 12.53        
  6    1000   80514  381771 x 414382      0.01%      147 new     853 zero        10.17 | 17.40        
  6    1000   82508  379190 x 414838      0.01%      117 new     883 zero         9.92 | 15.57        
  6    1000   84071  391269 x 415504      0.01%       78 new     922 zero         7.88 | 11.92        
  6    1000   84721  440196 x 494694      0.01%      185 new     815 zero        14.00 | 23.27        
  6    1000   87716  499142 x 563713      0.01%       96 new     906 zero        12.79 | 18.34        
  6     484   88896  493365 x 579997      0.01%       55 new     429 zero        12.53 | 15.78        
  7    1000   89660   58638 x 62658       0.04%      119 new     881 zero         4.74 | 8.97         
  7    1000   91640   76057 x 84287       0.03%      108 new     892 zero         4.57 | 8.31         
  7    1000   93166   91549 x 103414      0.03%      114 new     886 zero         5.05 | 9.03         
  7    1000   94777   83476 x 91989       0.04%      119 new     881 zero         5.29 | 9.48         
  7    1000   96265  111961 x 120618      0.03%      126 new     874 zero         5.60 | 10.04        
  7    1000   97502  190028 x 203560      0.02%      206 new     794 zero         9.63 | 17.73        
  7    1000  100968  159280 x 169956      0.02%      107 new     894 zero         6.02 | 10.43        
  7    1000  102146  169178 x 183013      0.02%      147 new     853 zero         7.93 | 13.94        
  7    1000  103760  171873 x 181827      0.02%      141 new     860 zero         7.26 | 12.59        
  7    1000  105493  219591 x 233869      0.02%      145 new     858 zero         8.98 | 14.99        
  7    1000  107853  219157 x 228774      0.02%       53 new     947 zero         5.66 | 8.23         
  7    1001  107988  222692 x 236850      0.02%       85 new     919 zero         8.61 | 12.77        
  7    1000  108880  415128 x 454612      0.01%      141 new     861 zero        13.71 | 19.78        
  7    1000  110682  245744 x 262937      0.02%       93 new     907 zero         8.18 | 12.04        
  7    1000  111719  250614 x 272212      0.02%      107 new     893 zero         9.24 | 14.60        
  7    1000  113077  247158 x 261152      0.02%       51 new     949 zero         6.50 | 9.08         
  7    1000  113140  280187 x 300564      0.02%       88 new     920 zero         9.24 | 13.87        
  7    1000  114100  551427 x 593220      0.01%       67 new     938 zero        14.42 | 18.25        
  7    1000  114541  590754 x 657470      0.01%      312 new     690 zero        27.91 | 45.26        
  7    1000  120109  389413 x 425004      0.01%      194 new     806 zero        18.58 | 28.83        
  7    1000  123143  248132 x 261921      0.02%      144 new     856 zero        10.56 | 16.88        
  7    1000  124440  237315 x 254571      0.02%      122 new     878 zero        10.70 | 16.19        
  7    1000  125482  308899 x 329198      0.02%      105 new     895 zero        10.96 | 15.90        
  7    1000  126582  405156 x 434396      0.01%      147 new     853 zero        16.29 | 24.34        
  7    1000  128728  436255 x 476937      0.01%      148 new     852 zero        18.37 | 26.92        
  7    1000  130741  422241 x 461993      0.01%      135 new     865 zero        17.91 | 24.34        
  7    1001  131944  227202 x 244052      0.02%       97 new     904 zero         9.63 | 13.91        
  7    1000  132446  272754 x 290601      0.02%      103 new     897 zero        10.59 | 15.12        
  7    1000  132509  293256 x 311855      0.02%      121 new     880 zero        13.06 | 18.51        
  7    1000  132918