POLL_UTC=2026-09-05T23:02:51Z
    PID    PPID     SID     ELAPSED     TIME %CPU %MEM   RSS    VSZ STAT COMMAND
 968180  968179  968139       02:48 00:02:48 99.9  5.9 7704196 7723916 R /usr/bin/Singular --no-rc -q /home/ubuntu/jc2/box/k8-b11-q1-20260905/certificate-audit/full-lift/K8_B11_Q1_p0_lift.sing
stderr.txt 0 bytes
stdout.txt 15 bytes
time.txt 0 bytes
POLL_UTC=2026-09-05T23:06:03Z
    PID    PPID     SID     ELAPSED     TIME %CPU %MEM   RSS    VSZ STAT COMMAND
 968180  968179  968139       06:00 00:06:00 99.9  7.6 9901820 9921540 R /usr/bin/Singular --no-rc -q /home/ubuntu/jc2/box/k8-b11-q1-20260905/certificate-audit/full-lift/K8_B11_Q1_p0_lift.sing
stderr.txt 0 bytes
stdout.txt 15 bytes
time.txt 0 bytes
POLL_UTC=2026-09-05T23:10:17Z
    PID    PPID     SID     ELAPSED     TIME %CPU %MEM   RSS    VSZ STAT COMMAND
 968180  968179  968139       10:14 00:10:14 99.9  8.6 11282624 11302404 R /usr/bin/Singular --no-rc -q /home/ubuntu/jc2/box/k8-b11-q1-20260905/certificate-audit/full-lift/K8_B11_Q1_p0_lift.sing
stderr.txt 0 bytes
stdout.txt 15 bytes
time.txt 0 bytes
POLL_UTC=2026-09-05T23:15:36Z
    PID    PPID     SID     ELAPSED     TIME %CPU %MEM   RSS    VSZ STAT COMMAND
 968180  968179  968139       15:33 00:15:33 99.9  9.4 12271772 12291492 R /usr/bin/Singular --no-rc -q /home/ubuntu/jc2/box/k8-b11-q1-20260905/certificate-audit/full-lift/K8_B11_Q1_p0_lift.sing
stderr.txt 0 bytes
stdout.txt 15 bytes
time.txt 0 bytes
POLL_UTC=2026-09-05T23:21:00Z
    PID    PPID     SID     ELAPSED     TIME %CPU %MEM   RSS    VSZ STAT COMMAND
 968180  968179  968139       20:56 00:20:56 99.9 11.3 14745928 14765648 R /usr/bin/Singular --no-rc -q /home/ubuntu/jc2/box/k8-b11-q1-20260905/certificate-audit/full-lift/K8_B11_Q1_p0_lift.sing
stderr.txt 0 bytes
stdout.txt 15 bytes
time.txt 0 bytes
POLL_UTC=2026-09-05T23:37:30Z
    PID    PPID     SID     ELAPSED     TIME %CPU %MEM   RSS    VSZ STAT COMMAND
 968180  968179  968139       37:27 00:37:27 99.9 15.8 20538140 20557872 R /usr/bin/Singular --no-rc -q /home/ubuntu/jc2/box/k8-b11-q1-20260905/certificate-audit/full-lift/K8_B11_Q1_p0_lift.sing
stderr.txt 0 bytes
stdout.txt 15 bytes
time.txt 0 bytes
