// ** redefining seed_lc (  number seed_lc=leadcoef(GQ[seed_i]);) /home/ubuntu/jobs/max12_812_order4_seeded_a6_v2_20260826T025800Z_r6d/compiled/seeded_projection_v2.sing:114
// ** redefining seed_lc (  number seed_lc=leadcoef(GQ[seed_i]);) /home/ubuntu/jobs/max12_812_order4_seeded_a6_v2_20260826T025800Z_r6d/compiled/seeded_projection_v2.sing:114
// ** redefining seed_lc (  number seed_lc=leadcoef(GQ[seed_i]);) /home/ubuntu/jobs/max12_812_order4_seeded_a6_v2_20260826T025800Z_r6d/compiled/seeded_projection_v2.sing:114
// ** redefining seed_lc (  number seed_lc=leadcoef(GQ[seed_i]);) /home/ubuntu/jobs/max12_812_order4_seeded_a6_v2_20260826T025800Z_r6d/compiled/seeded_projection_v2.sing:114
// ** redefining seed_lc (  number seed_lc=leadcoef(GQ[seed_i]);) /home/ubuntu/jobs/max12_812_order4_seeded_a6_v2_20260826T025800Z_r6d/compiled/seeded_projection_v2.sing:114
// ** redefining seed_lc (  number seed_lc=leadcoef(GQ[seed_i]);) /home/ubuntu/jobs/max12_812_order4_seeded_a6_v2_20260826T025800Z_r6d/compiled/seeded_projection_v2.sing:114
// ** redefining seed_lc (  number seed_lc=leadcoef(GQ[seed_i]);) /home/ubuntu/jobs/max12_812_order4_seeded_a6_v2_20260826T025800Z_r6d/compiled/seeded_projection_v2.sing:114
// ** redefining seed_lc (  number seed_lc=leadcoef(GQ[seed_i]);) /home/ubuntu/jobs/max12_812_order4_seeded_a6_v2_20260826T025800Z_r6d/compiled/seeded_projection_v2.sing:114
// ** redefining seed_lc (  number seed_lc=leadcoef(GQ[seed_i]);) /home/ubuntu/jobs/max12_812_order4_seeded_a6_v2_20260826T025800Z_r6d/compiled/seeded_projection_v2.sing:114
// ** redefining seed_lc (  number seed_lc=leadcoef(GQ[seed_i]);) /home/ubuntu/jobs/max12_812_order4_seeded_a6_v2_20260826T025800Z_r6d/compiled/seeded_projection_v2.sing:114
// ** redefining seed_lc (  number seed_lc=leadcoef(GQ[seed_i]);) /home/ubuntu/jobs/max12_812_order4_seeded_a6_v2_20260826T025800Z_r6d/compiled/seeded_projection_v2.sing:114
// ** redefining seed_lc (  number seed_lc=leadcoef(GQ[seed_i]);) /home/ubuntu/jobs/max12_812_order4_seeded_a6_v2_20260826T025800Z_r6d/compiled/seeded_projection_v2.sing:114
// ** redefining seed_lc (  number seed_lc=leadcoef(GQ[seed_i]);) /home/ubuntu/jobs/max12_812_order4_seeded_a6_v2_20260826T025800Z_r6d/compiled/seeded_projection_v2.sing:114
// ** redefining seed_lc (  number seed_lc=leadcoef(GQ[seed_i]);) /home/ubuntu/jobs/max12_812_order4_seeded_a6_v2_20260826T025800Z_r6d/compiled/seeded_projection_v2.sing:114
// ** redefining seed_lc (  number seed_lc=leadcoef(GQ[seed_i]);) /home/ubuntu/jobs/max12_812_order4_seeded_a6_v2_20260826T025800Z_r6d/compiled/seeded_projection_v2.sing:114
// ** redefining seed_lc (  number seed_lc=leadcoef(GQ[seed_i]);) /home/ubuntu/jobs/max12_812_order4_seeded_a6_v2_20260826T025800Z_r6d/compiled/seeded_projection_v2.sing:114
// ** redefining seed_lc (  number seed_lc=leadcoef(GQ[seed_i]);) /home/ubuntu/jobs/max12_812_order4_seeded_a6_v2_20260826T025800Z_r6d/compiled/seeded_projection_v2.sing:114
// ** redefining seed_lc (  number seed_lc=leadcoef(GQ[seed_i]);) /home/ubuntu/jobs/max12_812_order4_seeded_a6_v2_20260826T025800Z_r6d/compiled/seeded_projection_v2.sing:114
// ** redefining seed_lc (  number seed_lc=leadcoef(GQ[seed_i]);) /home/ubuntu/jobs/max12_812_order4_seeded_a6_v2_20260826T025800Z_r6d/compiled/seeded_projection_v2.sing:114
// ** redefining seed_lc (  number seed_lc=leadcoef(GQ[seed_i]);) /home/ubuntu/jobs/max12_812_order4_seeded_a6_v2_20260826T025800Z_r6d/compiled/seeded_projection_v2.sing:114
// ** redefining seed_lc (  number seed_lc=leadcoef(GQ[seed_i]);) /home/ubuntu/jobs/max12_812_order4_seeded_a6_v2_20260826T025800Z_r6d/compiled/seeded_projection_v2.sing:114
// ** redefining seed_lc (  number seed_lc=leadcoef(GQ[seed_i]);) /home/ubuntu/jobs/max12_812_order4_seeded_a6_v2_20260826T025800Z_r6d/compiled/seeded_projection_v2.sing:114
// ** redefining seed_lc (  number seed_lc=leadcoef(GQ[seed_i]);) /home/ubuntu/jobs/max12_812_order4_seeded_a6_v2_20260826T025800Z_r6d/compiled/seeded_projection_v2.sing:114
// ** redefining seed_lc (  number seed_lc=leadcoef(GQ[seed_i]);) /home/ubuntu/jobs/max12_812_order4_seeded_a6_v2_20260826T025800Z_r6d/compiled/seeded_projection_v2.sing:114
// ** redefining seed_lc (  number seed_lc=leadcoef(GQ[seed_i]);) /home/ubuntu/jobs/max12_812_order4_seeded_a6_v2_20260826T025800Z_r6d/compiled/seeded_projection_v2.sing:114
// ** redefining seed_lc (  number seed_lc=leadcoef(GQ[seed_i]);) /home/ubuntu/jobs/max12_812_order4_seeded_a6_v2_20260826T025800Z_r6d/compiled/seeded_projection_v2.sing:114
// ** redefining seed_lc (  number seed_lc=leadcoef(GQ[seed_i]);) /home/ubuntu/jobs/max12_812_order4_seeded_a6_v2_20260826T025800Z_r6d/compiled/seeded_projection_v2.sing:114
// ** redefining seed_lc (  number seed_lc=leadcoef(GQ[seed_i]);) /home/ubuntu/jobs/max12_812_order4_seeded_a6_v2_20260826T025800Z_r6d/compiled/seeded_projection_v2.sing:114
// ** redefining seed_lc (  number seed_lc=leadcoef(GQ[seed_i]);) /home/ubuntu/jobs/max12_812_order4_seeded_a6_v2_20260826T025800Z_r6d/compiled/seeded_projection_v2.sing:114
// ** redefining seed_lc (  number seed_lc=leadcoef(GQ[seed_i]);) /home/ubuntu/jobs/max12_812_order4_seeded_a6_v2_20260826T025800Z_r6d/compiled/seeded_projection_v2.sing:114
// ** redefining seed_lc (  number seed_lc=leadcoef(GQ[seed_i]);) /home/ubuntu/jobs/max12_812_order4_seeded_a6_v2_20260826T025800Z_r6d/compiled/seeded_projection_v2.sing:114
// ** redefining seed_lc (  number seed_lc=leadcoef(GQ[seed_i]);) /home/ubuntu/jobs/max12_812_order4_seeded_a6_v2_20260826T025800Z_r6d/compiled/seeded_projection_v2.sing:114
// ** redefining seed_lc (  number seed_lc=leadcoef(GQ[seed_i]);) /home/ubuntu/jobs/max12_812_order4_seeded_a6_v2_20260826T025800Z_r6d/compiled/seeded_projection_v2.sing:114
// ** redefining seed_lc (  number seed_lc=leadcoef(GQ[seed_i]);) /home/ubuntu/jobs/max12_812_order4_seeded_a6_v2_20260826T025800Z_r6d/compiled/seeded_projection_v2.sing:114
// ** redefining seed_lc (  number seed_lc=leadcoef(GQ[seed_i]);) /home/ubuntu/jobs/max12_812_order4_seeded_a6_v2_20260826T025800Z_r6d/compiled/seeded_projection_v2.sing:114
// ** redefining seed_lc (  number seed_lc=leadcoef(GQ[seed_i]);) /home/ubuntu/jobs/max12_812_order4_seeded_a6_v2_20260826T025800Z_r6d/compiled/seeded_projection_v2.sing:114
// ** redefining seed_lc (  number seed_lc=leadcoef(GQ[seed_i]);) /home/ubuntu/jobs/max12_812_order4_seeded_a6_v2_20260826T025800Z_r6d/compiled/seeded_projection_v2.sing:114
// ** redefining seed_lc (  number seed_lc=leadcoef(GQ[seed_i]);) /home/ubuntu/jobs/max12_812_order4_seeded_a6_v2_20260826T025800Z_r6d/compiled/seeded_projection_v2.sing:114
// ** redefining seed_lc (  number seed_lc=leadcoef(GQ[seed_i]);) /home/ubuntu/jobs/max12_812_order4_seeded_a6_v2_20260826T025800Z_r6d/compiled/seeded_projection_v2.sing:114
// ** redefining seed_lc (  number seed_lc=leadcoef(GQ[seed_i]);) /home/ubuntu/jobs/max12_812_order4_seeded_a6_v2_20260826T025800Z_r6d/compiled/seeded_projection_v2.sing:114
// ** redefining seed_lc (  number seed_lc=leadcoef(GQ[seed_i]);) /home/ubuntu/jobs/max12_812_order4_seeded_a6_v2_20260826T025800Z_r6d/compiled/seeded_projection_v2.sing:114
// ** redefining seed_lc (  number seed_lc=leadcoef(GQ[seed_i]);) /home/ubuntu/jobs/max12_812_order4_seeded_a6_v2_20260826T025800Z_r6d/compiled/seeded_projection_v2.sing:114
// ** redefining seed_lc (  number seed_lc=leadcoef(GQ[seed_i]);) /home/ubuntu/jobs/max12_812_order4_seeded_a6_v2_20260826T025800Z_r6d/compiled/seeded_projection_v2.sing:114
// ** redefining seed_lc (  number seed_lc=leadcoef(GQ[seed_i]);) /home/ubuntu/jobs/max12_812_order4_seeded_a6_v2_20260826T025800Z_r6d/compiled/seeded_projection_v2.sing:114
// ** redefining seed_lc (  number seed_lc=leadcoef(GQ[seed_i]);) /home/ubuntu/jobs/max12_812_order4_seeded_a6_v2_20260826T025800Z_r6d/compiled/seeded_projection_v2.sing:114
// ** redefining seed_lc (  number seed_lc=leadcoef(GQ[seed_i]);) /home/ubuntu/jobs/max12_812_order4_seeded_a6_v2_20260826T025800Z_r6d/compiled/seeded_projection_v2.sing:114
// ** redefining seed_lc (  number seed_lc=leadcoef(GQ[seed_i]);) /home/ubuntu/jobs/max12_812_order4_seeded_a6_v2_20260826T025800Z_r6d/compiled/seeded_projection_v2.sing:114
// ** redefining seed_lc (  number seed_lc=leadcoef(GQ[seed_i]);) /home/ubuntu/jobs/max12_812_order4_seeded_a6_v2_20260826T025800Z_r6d/compiled/seeded_projection_v2.sing:114
// ** redefining seed_lc (  number seed_lc=leadcoef(GQ[seed_i]);) /home/ubuntu/jobs/max12_812_order4_seeded_a6_v2_20260826T025800Z_r6d/compiled/seeded_projection_v2.sing:114
// ** redefining seed_lc (  number seed_lc=leadcoef(GQ[seed_i]);) /home/ubuntu/jobs/max12_812_order4_seeded_a6_v2_20260826T025800Z_r6d/compiled/seeded_projection_v2.sing:114
// ** redefining seed_lc (  number seed_lc=leadcoef(GQ[seed_i]);) /home/ubuntu/jobs/max12_812_order4_seeded_a6_v2_20260826T025800Z_r6d/compiled/seeded_projection_v2.sing:114
// ** redefining seed_lc (  number seed_lc=leadcoef(GQ[seed_i]);) /home/ubuntu/jobs/max12_812_order4_seeded_a6_v2_20260826T025800Z_r6d/compiled/seeded_projection_v2.sing:114
// ** redefining seed_lc (  number seed_lc=leadcoef(GQ[seed_i]);) /home/ubuntu/jobs/max12_812_order4_seeded_a6_v2_20260826T025800Z_r6d/compiled/seeded_projection_v2.sing:114
// ** redefining seed_lc (  number seed_lc=leadcoef(GQ[seed_i]);) /home/ubuntu/jobs/max12_812_order4_seeded_a6_v2_20260826T025800Z_r6d/compiled/seeded_projection_v2.sing:114
// ** redefining seed_lc (  number seed_lc=leadcoef(GQ[seed_i]);) /home/ubuntu/jobs/max12_812_order4_seeded_a6_v2_20260826T025800Z_r6d/compiled/seeded_projection_v2.sing:114
// ** redefining seed_lc (  number seed_lc=leadcoef(GQ[seed_i]);) /home/ubuntu/jobs/max12_812_order4_seeded_a6_v2_20260826T025800Z_r6d/compiled/seeded_projection_v2.sing:114
// ** redefining seed_lc (  number seed_lc=leadcoef(GQ[seed_i]);) /home/ubuntu/jobs/max12_812_order4_seeded_a6_v2_20260826T025800Z_r6d/compiled/seeded_projection_v2.sing:114
// ** redefining seed_lc (  number seed_lc=leadcoef(GQ[seed_i]);) /home/ubuntu/jobs/max12_812_order4_seeded_a6_v2_20260826T025800Z_r6d/compiled/seeded_projection_v2.sing:114
// ** redefining seed_lc (  number seed_lc=leadcoef(GQ[seed_i]);) /home/ubuntu/jobs/max12_812_order4_seeded_a6_v2_20260826T025800Z_r6d/compiled/seeded_projection_v2.sing:114
// ** redefining seed_lc (  number seed_lc=leadcoef(GQ[seed_i]);) /home/ubuntu/jobs/max12_812_order4_seeded_a6_v2_20260826T025800Z_r6d/compiled/seeded_projection_v2.sing:114
// ** redefining seed_lc (  number seed_lc=leadcoef(GQ[seed_i]);) /home/ubuntu/jobs/max12_812_order4_seeded_a6_v2_20260826T025800Z_r6d/compiled/seeded_projection_v2.sing:114
// ** redefining seed_lc (  number seed_lc=leadcoef(GQ[seed_i]);) /home/ubuntu/jobs/max12_812_order4_seeded_a6_v2_20260826T025800Z_r6d/compiled/seeded_projection_v2.sing:114
// ** redefining seed_lc (  number seed_lc=leadcoef(GQ[seed_i]);) /home/ubuntu/jobs/max12_812_order4_seeded_a6_v2_20260826T025800Z_r6d/compiled/seeded_projection_v2.sing:114
// ** redefining seed_lc (  number seed_lc=leadcoef(GQ[seed_i]);) /home/ubuntu/jobs/max12_812_order4_seeded_a6_v2_20260826T025800Z_r6d/compiled/seeded_projection_v2.sing:114
// ** redefining seed_lc (  number seed_lc=leadcoef(GQ[seed_i]);) /home/ubuntu/jobs/max12_812_order4_seeded_a6_v2_20260826T025800Z_r6d/compiled/seeded_projection_v2.sing:114
// ** redefining seed_lc (  number seed_lc=leadcoef(GQ[seed_i]);) /home/ubuntu/jobs/max12_812_order4_seeded_a6_v2_20260826T025800Z_r6d/compiled/seeded_projection_v2.sing:114
// ** redefining seed_lc (  number seed_lc=leadcoef(GQ[seed_i]);) /home/ubuntu/jobs/max12_812_order4_seeded_a6_v2_20260826T025800Z_r6d/compiled/seeded_projection_v2.sing:114
// ** redefining seed_lc (  number seed_lc=leadcoef(GQ[seed_i]);) /home/ubuntu/jobs/max12_812_order4_seeded_a6_v2_20260826T025800Z_r6d/compiled/seeded_projection_v2.sing:114
// ** redefining seed_lc (  number seed_lc=leadcoef(GQ[seed_i]);) /home/ubuntu/jobs/max12_812_order4_seeded_a6_v2_20260826T025800Z_r6d/compiled/seeded_projection_v2.sing:114
// ** redefining seed_lc (  number seed_lc=leadcoef(GQ[seed_i]);) /home/ubuntu/jobs/max12_812_order4_seeded_a6_v2_20260826T025800Z_r6d/compiled/seeded_projection_v2.sing:114
// ** GQ is no standard basis
// ** GQ is no standard basis
// ** GQ is no standard basis
// ** GQ is no standard basis
// ** GQ is no standard basis
SEEDED_Q_NONZERO_LEADS=1
SEEDED_Q_MONIC=1
SEEDED_Q_RAW_TO_NORM=1
SEEDED_Q_NORM_TO_RAW=1
SEEDED_Q_SELF_GB=1
SOURCE_TO_SEEDED_Q=1
SEEDED_Q_DIM=1
SEEDED_Q_SIZE=71
SEEDED_Q_A6_NONZERO=1
SEEDED_Q_PREFLIGHT=PASS
// ** GQ is no standard basis
A6_SAT_J_TO_J6=1
A6_SAT_J6_TO_J=1
SEEDED_A6_CERTIFICATE=PASS
